c CMS SHA1: 7ae1b4a74259cdce223a584281fb8f090bbd3eed
c CryptoMiniSat version 5.14.7
c CMS compilation env CMAKE_CXX_COMPILER = /usr/bin/c++ | CMAKE_CXX_FLAGS =  -fno-stack-protector -msse4.2 -Wno-bitfield-constant-conversion -Wnull-dereference -Wdouble-promotion -Wshadow -Wformat=2 -Wextra-semi -pedantic | COMPILE_DEFINES =  -DNDEBUG -D_FORTIFY_SOURCE=0 | BUILD_SHARED_LIBS = OFF | ONLY_SIMPLE =  | STATS = OFF | SQLITE3_FOUND =  | ZLIB_FOUND = FALSE | VALGRIND_FOUND =  | ENABLE_TESTING = OFF | SLOW_DEBUG = OFF | ENABLE_ASSERTIONS = OFF | PYTHON_EXECUTABLE =  | PYTHON_LIBRARY =  | PYTHON_INCLUDE_DIRS =  | MY_TARGETS =  | LARGEMEM = OFF | LIMITMEM = OFF | BREAKID_LIBRARIES =  | BREAKID-VER = . | 
c Using VMTF, picosat, CaDiCaL, and CadiBack code by Armin Biere
c CMS is MIT licensed
c Using code from 'When Boolean Satisfiability Meets Gauss-E. in a Simplex Way'
c       by C.-S. Han and J.-H. Roland Jiang in CAV 2012. Fixes by M. Soos
c Using CCAnr from 'CCAnr: A Conf. Checking Based Local Search Solver [...]'
c       by Shaowei Cai, Chuan Luo, and Kaile Su, SAT 2015
c Using Oracle code from 'Integrating Tree Decompositions [...]'
c       by Tuukka Korhonen and Matti Jarvisalo, CP 2021
c Executed with command line: /Volumes/SSD990/cryptominisat-koblitz-20260909/build/cryptominisat5 --verb 1 --threads 1 /Volumes/SSD990/koblitz-stage13-panel-20260909/tasks/seed-2026091305/n31-l5-m3-ggmp-a0-f0/matrix/n31-l5-m3-ggmp-a0-f0/instance.xor.cnf
c Reading file '/Volumes/SSD990/koblitz-stage13-panel-20260909/tasks/seed-2026091305/n31-l5-m3-ggmp-a0-f0/matrix/n31-l5-m3-ggmp-a0-f0/instance.xor.cnf'
c o -- header says num vars:           1311
c o -- header says num clauses:        4632
c -- added: 4570 clauses, 62 xor clauses, 1311 vars
c Parsing time: 0.00 s
c [sls] 4632 cls, minimum 2 (new global minimum) T: 0.00
c [sls] 4632 cls, minimum 2 T: 0.01
c --> Executing strategy token: sub-impl
c [impl-sub] bin: 0 T: 0.00 T-out: N w-visit: 2622
c Executing OCC strategy token(s): 'occ-backw-sub'
c [occ] Linked in IRRED BIN by default: 3305
c [occ] Linked in RED   BIN by default: 0
c Executing OCC strategy token: occ-backw-sub
c [occ-backw-sub-long-w-long] rem cl: 0 tried: 1265/1265 (100.0%) T: 0.00 T-out: N T-r: 99.99%
c --> Executing strategy token: scc-vrepl
c [scc] new: 0 BP 0M T: 0.00
c --> Executing strategy token: breakid
c Executing OCC strategy token(s): 'occ-bve,occ-xor'
c [occ] Linked in IRRED BIN by default: 3305
c [occ] Linked in RED   BIN by default: 0
c Executing OCC strategy token: occ-bve
c [occ-empty-res] Empty resolvent elimed: 0 T: 0.00 T-out: N
c [occ-bve] tried:    70 v-elim:     0 free-vars: 1311 T: 0.00 T-out: N T-r: 100.00%
c [occur] link-in T: 0.00 cleanup T: 0.00 overhead T: 0.00
c [occ-xor-bve] elimed: 0 T: 0.00 T-out: N
c Executing OCC strategy token: occ-xor
c [occ-xor] sort occur list T: 0.00
c [occ-xor] found      0 T: 0.00 T-out: N T-r: 100.00%
c [mem] consolidate mini T: 0.00
c [timeout] global_timeout_multiplier: 3.3000
c [branch] rebuilding order heap for all branchings. Current branching: vsids
c [lucky] no luck T: 0.00
c [gauss] clauses deleted that are represented by XORs: 0 xorclauses: 62 GJ matrices: 0 T: 0.00
c [matrix] performing matrix init
c [matrix] Good   matrix  0     31 x  191  density:0.4732  xorlen avg: 90.39
c [matrix] Good   matrix  1     31 x 1110  density:0.0482  xorlen avg: 53.55
c [matrix] Using 2 matrices recovered from 62 xors T: 0.00 T-out: N
c [branch] adjusting to: vmtf (from: vsids) var_decay:0.95
c  res  pol bran  nres  conf freevar  IrrL  IrrB l/longC  l/allC RedL0 RedL1 RedL2  RedB l/longC  l/allC
c rst   foc    -  vmt     1   164    1270  1265  3305    3.61    2.45   153     0     0     0  127.67  127.67
c [g  <1] Disabling GJ-elim in this round.  Usefulness was: 13.9752%  over 5567 calls
c rst   stb    -  vmt    36  1024    1270  1265  3305    3.61    2.45   834     0     0     0   33.35   33.35
c [branch] adjusting to: vsids (from: vmtf) var_decay:0.95
c rst   stb    O   vs    37  2024    1270  1265  3305    3.61    2.45  1326     0     0     0   34.50   34.50
c rst   foc    O   vs    38  6311    1270  1265  3305    3.61    2.45  2308     0     0     0   25.95   25.95
c [branch] adjusting to: vmtf (from: vsids) var_decay:0.95
c [distill-long-red0] cls tried: 2/605 T: 0.00 T-out: Y T-r: -302.98%
c rst   foc    F  vmt    39  6315    1270  1265  3305    3.61    2.45  2084     0     0     0   27.13   27.13
c rst   stb    F  vmt    40  7049    1270  1265  3305    3.61    2.45  2818     0     0     0   24.01   24.01
c [branch] adjusting to: vsids (from: vmtf) var_decay:0.95
c rst   stb    F   vs    41  9096    1270  1265  3305    3.61    2.45  3336     0     0     0   24.06   24.06
c rst   stb    I   vs    43 11145    1270  1265  3305    3.61    2.45  3429     0     0     0   25.04   25.04
c [distill-bin] useful/checked/potential: 0/3305/3305 lits-rem: 0 cl-rem: 0 0-depth-assigns: 0 T: 0.01 T-out: N
c rst   foc    I   vs    45 15018    1270  1265  3200    3.61    2.46  5012     0     0     0   26.48   26.48
c [branch] adjusting to: vmtf (from: vsids) var_decay:0.95
c rst   foc    #  vmt    46   20K    1270  1265  3200    3.61    2.46  5410     0     0     0   20.71   20.71
c [full-probe] bin_only: 1 set: 0 repl: 0 T: 0.00 T-out: N T-r: 99.84%
c rst   foc    B  vmt    47   20K    1270  1265  3200    3.61    2.46  5416     0     0     0   20.73   20.73
c [distill-long-red0] cls tried: 2/1920 T: 0.00 T-out: Y T-r: -270.11%
c [distill] watch-based irred-- cl tried     2450 cl-sh     0 cl-rem    0 lit-rem      0 T: 0.00 T-out: N
c [distill] watch-based   red-- cl tried     2286 cl-sh   873 cl-rem    0 lit-rem   2854 T: 0.01 T-out: N
c [sls] 4487 cls, minimum 2 T: 0.00
c rst   foc    W  vmt   779   27K    1270  1225  3200    3.61    2.45  7600     0     0     0   22.94   22.94
c rst   stb    W  vmt   952   33K    1270  1225  3200    3.61    2.45  7325     0     0     0   20.88   20.88
c [branch] adjusting to: vsids (from: vmtf) var_decay:0.95
c [distill-bin] useful/checked/potential: 0/3200/3200 lits-rem: 0 cl-rem: 0 0-depth-assigns: 0 T: 0.01 T-out: N
c rst   stb    W   vs   953   34K    1270  1225  3200    3.61    2.45  8349     0     0     0   21.32   21.32
c rst   stb    B   vs   954   35K    1270  1225  3200    3.61    2.45  9370     0     0     0   21.67   21.67
c [distill-long-red0] cls tried: 2/1251 T: 0.00 T-out: Y T-r: -788.62%
c [full-probe] bin_only: 0 set: 0 repl: 0 T: 0.00 T-out: N T-r: 99.10%
c [impl-str] lit bin: 0 set-var: 0 T: 0.00 T-out: N T-r: 99.97% w-visit: 2622
c [impl-sub] bin: 0 T: 0.00 T-out: N w-visit: 2622
c rst   stb    B   vs   959   45K    1270  1225  3200    3.61    2.45 10949     0     0     0   24.01   24.01
c [sls] 4487 cls, minimum 2 T: 0.00
c rst   stb    W   vs   960   53K    1270  1225  3200    3.61    2.45  9586     0     0     0   20.88   20.88
c [distill-long-red0] cls tried: 2/4189 T: 0.00 T-out: Y T-r: -318.04%
c [distill-bin] useful/checked/potential: 0/3200/3200 lits-rem: 0 cl-rem: 0 0-depth-assigns: 0 T: 0.01 T-out: N
c [distill] watch-based irred-- cl tried     2450 cl-sh     0 cl-rem    0 lit-rem      0 T: 0.00 T-out: N
c [distill] watch-based   red-- cl tried     8384 cl-sh  2722 cl-rem    0 lit-rem   6474 T: 0.03 T-out: N
c rst   stb    O   vs   962   55K    1270  1225  3200    3.61    2.45  9626     0     0     0   20.97   20.97
c recursive minimization cost OK: 107K cost/(% lits removed)
c [g 0] 30x185 dens: 0.2337 find: 697K (prop 68.5% confl 4.1%) elim: 221K (prop 12.5% confl 0.5%)
c [g 1] 31x1075 dens: 0.0526 find: 3760 (prop 17.6% confl 2.3%) elim: 360 (prop 9.2% confl 0.0%)
c --> Executing strategy token: scc-vrepl
c [scc] new: 0 BP 0M T: 0.00
c --> Executing strategy token: sub-impl
c [impl-sub] bin: 0 T: 0.00 T-out: N w-visit: 2622
c --> Executing strategy token: breakid
c Executing OCC strategy token(s): 'occ-backw-sub-str,occ-clean-implicit,occ-bve,occ-bva,occ-ternary-res,occ-xor'
c [occ] Linked in IRRED BIN by default: 3200
c [occ] Linked in RED   BIN by default: 0
c Executing OCC strategy token: occ-backw-sub-str
c [occ-backw-sub-str-long-w-bins] subs: 0 str: 377 tried: 3200 0-depth-assigns: 0 T: 0.00 T-out: N T-r: 98.32%
c [occ-backw-sub-long-w-long] rem cl: 1383 tried: 11035/11035 (100.0%) T: 0.00 T-out: N T-r: 96.89%
c [occ-backw-sub-str-long-w-long] sub: 380 str: 1083 tried: 33105/11035 (300.0%) T: 0.01 T-out: N T-r: 95.18%
c Executing OCC strategy token: occ-clean-implicit
c Executing OCC strategy token: occ-bve
c [occ-empty-res] Empty resolvent elimed: 0 T: 0.00 T-out: N
c [occ-bve] tried:    70 v-elim:     0 free-vars: 1270 T: 0.00 T-out: N T-r: 100.00%
c [occur] link-in T: 0.00 cleanup T: 0.00 overhead T: 0.00
c [occ-xor-bve] elimed: 0 T: 0.00 T-out: N
c Executing OCC strategy token: occ-bva
c Executing OCC strategy token: occ-ternary-res
c [occ-ternary-res] Ternary res-tri: 0 res-bin: 0 sub: 0 str: 0 T: 0.00 T-out: N T-r: 98.28%
c Executing OCC strategy token: occ-xor
c [occ-xor] sort occur list T: 0.00
c [occ-xor] found      0 T: 0.00 T-out: N T-r: 100.00%
c --> Executing strategy token: card-find
c --> Executing strategy token: cl-consolidate
c [mem] consolidate old-sz: 1645K new-sz:  972K new bits offs: 17 T: 0.00
c --> Executing strategy token: scc-vrepl
c [scc] new: 0 BP 0M T: 0.00
c --> Executing strategy token: renumber
c --> Executing strategy token: louvain-comms
c [mem] consolidate mini T: 0.00
c [timeout] global_timeout_multiplier: 3.6300
c [branch] rebuilding order heap for all branchings. Current branching: vsids
c [gauss] clauses deleted that are represented by XORs: 0 xorclauses: 62 GJ matrices: 0 T: 0.00
c [matrix] performing matrix init
c [matrix] Good   matrix  0     31 x  185  density:0.4699  xorlen avg: 86.94
c [matrix] Good   matrix  1     31 x 1075  density:0.0487  xorlen avg: 52.32
c [matrix] Using 2 matrices recovered from 62 xors T: 0.00 T-out: N
c [g  <1] Disabling GJ-elim in this round.  Usefulness was: 0.0000%  over 799 calls
c [full-probe] bin_only: 1 set: 0 repl: 0 T: 0.00 T-out: N T-r: 99.79%
c rst   foc    O   vs   969   63K    1270  1225  3200    3.61    2.45  7354     0     0     0   21.72   21.72
c [branch] adjusting to: vmtf (from: vsids) var_decay:0.95
c rst   foc    O  vmt   970   63K    1270  1225  3200    3.61    2.45  7359     0     0     0   21.72   21.72
c  res  pol bran  nres  conf freevar  IrrL  IrrB l/longC  l/allC RedL0 RedL1 RedL2  RedB l/longC  l/allC
c rst   foc    F  vmt  1311   64K    1270  1225  3200    3.61    2.45  9134     0     0     0   21.95   21.95
c [distill-long-red0] cls tried: 2/2214 T: 0.00 T-out: Y T-r: -394.40%
c rst   foc    F  vmt  1399   74K    1270  1225  3200    3.61    2.45 10566     0     0     0   21.01   21.01
c [distill-bin] useful/checked/potential: 0/3200/3200 lits-rem: 0 cl-rem: 0 0-depth-assigns: 0 T: 0.01 T-out: N
c [distill] watch-based irred-- cl tried     2450 cl-sh     0 cl-rem    0 lit-rem      0 T: 0.00 T-out: N
c [distill] watch-based   red-- cl tried     8947 cl-sh  1645 cl-rem    0 lit-rem   3277 T: 0.02 T-out: Y
c rst   foc    B  vmt  1421   81K    1270  1225  3200    3.61    2.45 13462     0     0     0   19.23   19.23
c [full-probe] bin_only: 0 set: 0 repl: 0 T: 0.00 T-out: N T-r: 98.66%
c [distill-long-red0] cls tried: 2/2372 T: 0.00 T-out: Y T-r: -570.22%
c rst   foc    B  vmt  2289   89K    1270  1225  3200    3.61    2.45 14013     0     0     0   20.62   20.62
c [sls] 4487 cls, minimum 2 T: 0.00
c rst   foc    W  vmt  2309   93K    1270  1225  3200    3.61    2.45 12324     0     0     0   20.33   20.33
c [distill-bin] useful/checked/potential: 0/3200/3200 lits-rem: 0 cl-rem: 0 0-depth-assigns: 0 T: 0.01 T-out: N
c [distill-long-red0] cls tried: 2/2743 T: 0.00 T-out: Y T-r: -1027.44%
c [impl-str] lit bin: 0 set-var: 0 T: 0.00 T-out: N T-r: 99.97% w-visit: 2622
c [impl-sub] bin: 0 T: 0.00 T-out: N w-visit: 2622
c rst   foc    W  vmt  3035  101K    1270  1225  3200    3.61    2.45 12563     0     0     0   21.36   21.36
c rst   foc    W  vmt  3044  111K    1270  1225  3200    3.61    2.45 16054     0     0     0   20.10   20.10
c [full-probe] bin_only: 1 set: 0 repl: 0 T: 0.00 T-out: N T-r: 99.73%
c [distill] watch-based irred-- cl tried     2450 cl-sh     0 cl-rem    0 lit-rem      0 T: 0.00 T-out: N
c [distill] watch-based   red-- cl tried     7533 cl-sh  1012 cl-rem    0 lit-rem   2270 T: 0.03 T-out: Y
c rst   foc    #  vmt  3045  111K    1270  1225  3200    3.61    2.45 16059     0     0     0   19.96   19.96
c [distill-bin] useful/checked/potential: 0/3200/3200 lits-rem: 0 cl-rem: 0 0-depth-assigns: 0 T: 0.01 T-out: N
c [distill-long-red0] cls tried: 2/2674 T: 0.00 T-out: Y T-r: -805.71%
c rst   foc    #  vmt  3840  119K    1270  1225  3200    3.61    2.45 15608     0     0     0   20.30   20.30
c rst   foc    B  vmt  4243  125K    1270  1225  3200    3.61    2.45 14692     0     0     0   20.59   20.59
c rst   stb    B  vmt  4340  127K    1270  1225  3200    3.61    2.45 15955     0     0     0   20.51   20.51
c [branch] adjusting to: vsids (from: vmtf) var_decay:0.95
c rst   stb    B   vs  4341  130K    1270  1225  3200    3.61    2.45 19012     0     0     0   20.73   20.73
c [distill-long-red0] cls tried: 2/2492 T: 0.00 T-out: Y T-r: -785.80%
c [full-probe] bin_only: 0 set: 0 repl: 0 T: 0.00 T-out: N T-r: 98.69%
c recursive minimization cost OK: 147K cost/(% lits removed)
c [g 0] 30x185 dens: 0.2566 find: 929K (prop 77.6% confl 4.2%) elim: 151K (prop 13.2% confl 0.5%)
c [g 1] 31x1075 dens: 0.0826 find: 532 (prop 0.0% confl 0.0%) elim: 33 (prop 0.0% confl 0.0%)
c --> Executing strategy token: scc-vrepl
c [scc] new: 0 BP 0M T: 0.00
c --> Executing strategy token: sub-impl
c [impl-sub] bin: 0 T: 0.00 T-out: N w-visit: 2622
c --> Executing strategy token: breakid
c Executing OCC strategy token(s): 'occ-backw-sub-str,occ-clean-implicit,occ-bve,occ-bva,occ-ternary-res,occ-xor'
c [occ] Linked in IRRED BIN by default: 3200
c [occ] Linked in RED   BIN by default: 0
c Executing OCC strategy token: occ-backw-sub-str
c [occ-backw-sub-str-long-w-bins] subs: 0 str: 652 tried: 6400 0-depth-assigns: 0 T: 0.00 T-out: N T-r: 98.97%
c [occ-backw-sub-long-w-long] rem cl: 223 tried: 16242/16242 (100.0%) T: 0.00 T-out: N T-r: 98.64%
c [occ-backw-sub-str-long-w-long] sub: 3 str: 93 tried: 48726/16242 (300.0%) T: 0.01 T-out: N T-r: 96.65%
c Executing OCC strategy token: occ-clean-implicit
c Executing OCC strategy token: occ-bve
c [occ-empty-res] Empty resolvent elimed: 0 T: 0.00 T-out: N
c [occ-bve] tried:    70 v-elim:     0 free-vars: 1270 T: 0.00 T-out: N T-r: 100.00%
c [occur] link-in T: 0.00 cleanup T: 0.00 overhead T: 0.00
c [occ-xor-bve] elimed: 0 T: 0.00 T-out: N
c Executing OCC strategy token: occ-bva
c Executing OCC strategy token: occ-ternary-res
c [occ-ternary-res] Ternary res-tri: 0 res-bin: 0 sub: 0 str: 0 T: 0.00 T-out: N T-r: 99.96%
c Executing OCC strategy token: occ-xor
c [occ-xor] sort occur list T: 0.00
c [occ-xor] found      0 T: 0.00 T-out: N T-r: 100.00%
c --> Executing strategy token: card-find
c --> Executing strategy token: cl-consolidate
c [mem] not consolidating
c --> Executing strategy token: scc-vrepl
c [scc] new: 0 BP 0M T: 0.00
c --> Executing strategy token: renumber
c --> Executing strategy token: louvain-comms
c [mem] consolidate mini T: 0.00
c [timeout] global_timeout_multiplier: 3.9930
c [branch] rebuilding order heap for all branchings. Current branching: vsids
c [gauss] clauses deleted that are represented by XORs: 0 xorclauses: 62 GJ matrices: 0 T: 0.00
c [matrix] performing matrix init
c [matrix] Good   matrix  0     31 x  185  density:0.4699  xorlen avg: 86.94
c [matrix] Good   matrix  1     31 x 1075  density:0.0487  xorlen avg: 52.32
c [matrix] Using 2 matrices recovered from 62 xors T: 0.00 T-out: N
c [distill-bin] useful/checked/potential: 0/3200/3200 lits-rem: 0 cl-rem: 0 0-depth-assigns: 0 T: 0.01 T-out: N
c [g  <1] Disabling GJ-elim in this round.  Usefulness was: 0.0000%  over 799 calls
c [distill] watch-based irred-- cl tried     2450 cl-sh     0 cl-rem    0 lit-rem      0 T: 0.00 T-out: N
c [distill] watch-based   red-- cl tried     4634 cl-sh    17 cl-rem    0 lit-rem     60 T: 0.01 T-out: N
c rst   stb    B   vs  4350  142K    1270  1225  3200    3.61    2.45 14595     0     0     0   23.62   23.62
c rst   stb    B   vs  4351  150K    1270  1225  3200    3.61    2.45 14024     0     0     0   22.53   22.53
c [distill-long-red0] cls tried: 2/3399 T: 0.00 T-out: Y T-r: -1441.40%
c rst   stb    B   vs  4352  166K    1270  1225  3200    3.61    2.45   20K     0     0     0   23.84   23.84
c [distill-long-red0] cls tried: 2/6857 T: 0.01 T-out: Y T-r: -1436.96%
c [full-probe] bin_only: 1 set: 0 repl: 0 T: 0.00 T-out: N T-r: 99.80%
c [distill-bin] useful/checked/potential: 0/3200/3200 lits-rem: 0 cl-rem: 0 0-depth-assigns: 0 T: 0.01 T-out: N
c [distill] watch-based irred-- cl tried     2450 cl-sh     0 cl-rem    0 lit-rem      0 T: 0.00 T-out: N
c [distill] watch-based   red-- cl tried     7634 cl-sh  1293 cl-rem    0 lit-rem   3861 T: 0.03 T-out: Y
c [impl-str] lit bin: 0 set-var: 0 T: 0.00 T-out: N T-r: 99.97% w-visit: 2622
c [impl-sub] bin: 0 T: 0.00 T-out: N w-visit: 2622
c [sls] 4487 cls, minimum 2 T: 0.00
c rst   stb    W   vs  4353  167K    1270  1225  3200    3.61    2.45   21K     0     0     0   23.82   23.82
c rst   stb    W   vs  4359  179K    1270  1225  3200    3.61    2.45 14147     0     0     0   24.16   24.16
c [distill-long-red0] cls tried: 2/3335 T: 0.00 T-out: Y T-r: -2008.04%
c rst   stb    I   vs  4364  185K    1270  1225  3200    3.61    2.45   20K     0     0     0   23.51   23.51
c [full-probe] bin_only: 0 set: 0 repl: 0 T: 0.00 T-out: N T-r: 98.59%
c [distill-bin] useful/checked/potential: 0/3200/3200 lits-rem: 0 cl-rem: 0 0-depth-assigns: 0 T: 0.01 T-out: N
c rst   stb    I   vs  4367  199K    1270  1225  3200    3.61    2.45   24K     0     0     0   22.35   22.35
c [distill-long-red0] cls tried: 2/4707 T: 0.01 T-out: Y T-r: -2257.33%
c [distill] watch-based irred-- cl tried     2450 cl-sh     0 cl-rem    0 lit-rem      0 T: 0.00 T-out: N
c [distill] watch-based   red-- cl tried     7254 cl-sh   924 cl-rem    0 lit-rem   2030 T: 0.04 T-out: Y
c rst   stb    B   vs  4371  204K    1270  1225  3200    3.61    2.45 18658     0     0     0   22.19   22.19
c [full-probe] bin_only: 1 set: 0 repl: 0 T: 0.00 T-out: N T-r: 99.80%
c [distill-bin] useful/checked/potential: 0/3200/3200 lits-rem: 0 cl-rem: 0 0-depth-assigns: 0 T: 0.01 T-out: N
c  res  pol bran  nres  conf freevar  IrrL  IrrB l/longC  l/allC RedL0 RedL1 RedL2  RedB l/longC  l/allC
c rst   stb    B   vs  4375  213K    1270  1225  3200    3.61    2.45 16709     0     0     0   21.72   21.72
c [distill-long-red0] cls tried: 2/3704 T: 0.00 T-out: Y T-r: -1564.73%
c rst   stb    B   vs  4381  224K    1270  1225  3200    3.61    2.45 17051     0     0     0   21.37   21.37
c [sls] 4487 cls, minimum 2 T: 0.00
c rst   stb    W   vs  4382  232K    1270  1225  3200    3.61    2.45   25K     0     0     0   21.55   21.55
c [distill-long-red0] cls tried: 2/5226 T: 0.00 T-out: Y T-r: -1954.42%
c [full-probe] bin_only: 0 set: 0 repl: 0 T: 0.00 T-out: N T-r: 98.54%
c [distill-bin] useful/checked/potential: 0/3200/3200 lits-rem: 0 cl-rem: 0 0-depth-assigns: 0 T: 0.01 T-out: N
c [distill] watch-based irred-- cl tried     2450 cl-sh     0 cl-rem    0 lit-rem      0 T: 0.00 T-out: N
c [distill] watch-based   red-- cl tried     7946 cl-sh   983 cl-rem    0 lit-rem   2281 T: 0.03 T-out: Y
c [impl-str] lit bin: 0 set-var: 0 T: 0.00 T-out: N T-r: 99.97% w-visit: 2622
c [impl-sub] bin: 0 T: 0.00 T-out: N w-visit: 2622
c rst   stb    W   vs  4383  244K    1270  1225  3200    3.61    2.45   25K     0     0     0   21.24   21.24
c recursive minimization cost OK: 206K cost/(% lits removed)
c [g 0] 30x185 dens: 0.2292 find: 1409K (prop 61.6% confl 4.0%) elim: 509K (prop 13.6% confl 0.5%)
c [g 1] 31x1075 dens: 0.0598 find: 534 (prop 0.0% confl 0.0%) elim: 17 (prop 0.0% confl 0.0%)
c --> Executing strategy token: scc-vrepl
c [scc] new: 0 BP 0M T: 0.00
c --> Executing strategy token: sub-impl
c [impl-sub] bin: 0 T: 0.00 T-out: N w-visit: 2622
c --> Executing strategy token: breakid
c Executing OCC strategy token(s): 'occ-backw-sub-str,occ-clean-implicit,occ-bve,occ-bva,occ-ternary-res,occ-xor'
c [occ] Linked in IRRED BIN by default: 3200
c [occ] Linked in RED   BIN by default: 0
c Executing OCC strategy token: occ-backw-sub-str
c [occ-backw-sub-str-long-w-bins] subs: 0 str: 2923 tried: 9600 0-depth-assigns: 0 T: 0.00 T-out: N T-r: 98.38%
c [occ-backw-sub-long-w-long] rem cl: 926 tried: 26791/26791 (100.0%) T: 0.01 T-out: N T-r: 93.42%
c [occ-backw-sub-str-long-w-long] sub: 97 str: 340 tried: 80373/26791 (300.0%) T: 0.04 T-out: N T-r: 89.01%
c Executing OCC strategy token: occ-clean-implicit
c Executing OCC strategy token: occ-bve
c [occ-empty-res] Empty resolvent elimed: 0 T: 0.00 T-out: N
c [occ-bve] tried:    70 v-elim:     0 free-vars: 1270 T: 0.00 T-out: N T-r: 100.00%
c [occur] link-in T: 0.01 cleanup T: 0.00 overhead T: 0.01
c [occ-xor-bve] elimed: 0 T: 0.00 T-out: N
c Executing OCC strategy token: occ-bva
c Executing OCC strategy token: occ-ternary-res
c [occ-ternary-res] Ternary res-tri: 0 res-bin: 0 sub: 0 str: 0 T: 0.00 T-out: N T-r: 99.93%
c Executing OCC strategy token: occ-xor
c [occ-xor] sort occur list T: 0.00
c [occ-xor] found      0 T: 0.00 T-out: N T-r: 99.99%
c --> Executing strategy token: card-find
c --> Executing strategy token: cl-consolidate
c [mem] not consolidating
c --> Executing strategy token: scc-vrepl
c [scc] new: 0 BP 0M T: 0.00
c --> Executing strategy token: renumber
c --> Executing strategy token: louvain-comms
c [mem] consolidate mini T: 0.00
c [timeout] global_timeout_multiplier: 4.3923
c [branch] rebuilding order heap for all branchings. Current branching: vsids
c [gauss] clauses deleted that are represented by XORs: 0 xorclauses: 62 GJ matrices: 0 T: 0.00
c [matrix] performing matrix init
c [matrix] Good   matrix  0     31 x  185  density:0.4699  xorlen avg: 86.94
c [matrix] Good   matrix  1     31 x 1075  density:0.0487  xorlen avg: 52.32
c [matrix] Using 2 matrices recovered from 62 xors T: 0.00 T-out: N
c [g  <1] Disabling GJ-elim in this round.  Usefulness was: 0.0000%  over 683 calls
c rst   stb    O   vs  4385  248K    1270  1225  3200    3.61    2.45 18181     0     0     0   21.83   21.83
c [distill-long-red0] cls tried: 2/5065 T: 0.00 T-out: Y T-r: -1311.89%
c rst   foc    O   vs  4386  255K    1270  1225  3200    3.61    2.45   24K     0     0     0   21.75   21.75
c [branch] adjusting to: vmtf (from: vsids) var_decay:0.95
c [full-probe] bin_only: 1 set: 0 repl: 0 T: 0.00 T-out: N T-r: 99.74%
c [distill-bin] useful/checked/potential: 0/3200/3200 lits-rem: 0 cl-rem: 0 0-depth-assigns: 0 T: 0.01 T-out: N
c rst   foc    O  vmt  4387  255K    1270  1225  3200    3.61    2.45   24K     0     0     0   21.75   21.75
c [distill] watch-based irred-- cl tried     2450 cl-sh     0 cl-rem    0 lit-rem      0 T: 0.00 T-out: N
c [distill] watch-based   red-- cl tried     8116 cl-sh   136 cl-rem    0 lit-rem    390 T: 0.02 T-out: N
c rst   foc    O  vmt  4815  263K    1270  1225  3200    3.61    2.45   21K     0     0     0   20.26   20.26
c [distill-long-red0] cls tried: 2/4049 T: 0.00 T-out: Y T-r: -629.47%
c [sls] 4487 cls, minimum 2 T: 0.00
c rst   foc    W  vmt  5077  266K    1270  1225  3200    3.61    2.45   23K     0     0     0   20.11   20.11
c rst   foc    W  vmt  6321  274K    1270  1225  3200    3.61    2.45   20K     0     0     0   20.74   20.74
c [full-probe] bin_only: 0 set: 0 repl: 0 T: 0.00 T-out: N T-r: 98.24%
c [distill-bin] useful/checked/potential: 0/3200/3200 lits-rem: 0 cl-rem: 0 0-depth-assigns: 0 T: 0.01 T-out: N
c rst   foc    W  vmt  7179  283K    1270  1225  3200    3.61    2.45   28K     0     0     0   20.84   20.84
c [distill-long-red0] cls tried: 2/5136 T: 0.01 T-out: Y T-r: -1080.24%
c [distill] watch-based irred-- cl tried     2450 cl-sh     0 cl-rem    0 lit-rem      0 T: 0.00 T-out: N
c [distill] watch-based   red-- cl tried     8887 cl-sh   536 cl-rem    0 lit-rem   1450 T: 0.03 T-out: Y
c rst   foc    F  vmt  7239  290K    1270  1225  3200    3.61    2.45   23K     0     0     0   20.57   20.57
c rst   foc    F  vmt  7242  318K    1270  1225  3200    3.61    2.45   25K     0     0     0   19.86   19.86
c [distill-long-red0] cls tried: 2/4016 T: 0.01 T-out: Y T-r: -476.18%
c [full-probe] bin_only: 1 set: 0 repl: 0 T: 0.00 T-out: N T-r: 99.85%
c [distill-bin] useful/checked/potential: 0/3200/3200 lits-rem: 0 cl-rem: 0 0-depth-assigns: 0 T: 0.01 T-out: N
c [distill] watch-based irred-- cl tried     2450 cl-sh     0 cl-rem    0 lit-rem      0 T: 0.00 T-out: N
c [distill] watch-based   red-- cl tried     7693 cl-sh  1926 cl-rem    0 lit-rem   5738 T: 0.02 T-out: Y
c [impl-str] lit bin: 0 set-var: 0 T: 0.00 T-out: N T-r: 99.97% w-visit: 2622
c [impl-sub] bin: 0 T: 0.00 T-out: N w-visit: 2622
c rst   foc    B  vmt  7243  318K    1270  1225  3200    3.61    2.45 17202     0     0     0   23.15   23.15
c rst   foc    B  vmt  7303  335K    1270  1225  3200    3.61    2.45   26K     0     0     0   19.19   19.19
c [distill-long-red0] cls tried: 2/4285 T: 0.01 T-out: Y T-r: -1209.93%
c [full-probe] bin_only: 0 set: 0 repl: 0 T: 0.01 T-out: N T-r: 98.15%
c [distill-bin] useful/checked/potential: 0/3200/3200 lits-rem: 0 cl-rem: 0 0-depth-assigns: 0 T: 0.01 T-out: N
c [sls] 4487 cls, minimum 2 T: 0.00
c rst   foc    W  vmt  8442  342K    1270  1225  3200    3.61    2.45 17633     0     0     0   20.65   20.65
c [distill] watch-based irred-- cl tried     2450 cl-sh     0 cl-rem    0 lit-rem      0 T: 0.00 T-out: N
c [distill] watch-based   red-- cl tried     7815 cl-sh   643 cl-rem    0 lit-rem   1603 T: 0.02 T-out: Y
c rst   foc    W  vmt  8601  350K    1270  1225  3200    3.61    2.45   25K     0     0     0   19.54   19.54
c [distill-long-red0] cls tried: 2/4399 T: 0.00 T-out: Y T-r: -855.16%
c ------- FINAL TOTAL SEARCH STATS ---------
c UIP search time          : 7.31        (94.14     % time)
c All times are for this thread only except if explicitly specified
c restarts                 : 8640        (41.44     confls per restart)
c time                     : 7.31        
c decisions                : 520103      (0.00      % random)
c propagations             : 43M         (6001K     props/s)
c decisions/conflicts      : 1.45        
c conflicts                : 358027      
c LEARNT stats
c units learnt             : 0           (0.00      % of conflicts)
c bins learnt              : 0           (0.00      % of conflicts)
c long learnt              : 357955      (99.98     % of conflicts)
c SEAMLESS HYPERBIN&TRANS-RED stats
c advProp called           : 0           
c hyper-bin add bin        : 0           (0.00      bin/call)
c trans-red rem irred bin  : 0           (0.00      bin/call)
c trans-red rem red bin    : 0           (0.00      bin/call)
c CONFL LITS stats
c orig                     : 25731431    (71.87     lit/confl)
c recurs-min effective     : 357493      (99.85     % attempt successful)
c recurs-min lits          : 17630723    (68.52     % less overall)
c shrink effective         : 89396       (24.97     % attempt successful)
c shrink lits              : 663555      (2.58      % less overall)
c otfs str/driving         : 125         (73        strengthened/driving)
c permDiff call%           : 0.00        (0.00      % attempt successful)
c permDiff lits-rem        : 0           (0.00      less lits/cl on attempts)
c further-min call%        : 0.04        (50.36     % attempt successful)
c bintri-min lits          : 1241        (0.00      % less overall)
c final avg                : 20.77       
c all-threads sum CPU time : 7.31         s
c PROP stats
c Mbogo-props              : 105.01      (14.37     / sec)
c MHyper-props             : 0.00        (0.00      / sec)
c Mprops                   : 43.85       (6.00      / sec)
c -------- OccSimplifier STATS ----------
c time                     : 0.16        (0.00      % var-elim)
c called                   : 5           (0.03      s per call)
c 0-depth assigns          : 0           (0.00      % vars)
c -------- OccSimplifier STATS END ----------
c -------- SubsumeStrengthen STATS ----------
c cl-subs                  : 6764         Clauses
c cl-str rem lit           : 9133         Lits
c cl-sub T                 : 0.03         s
c cl-str T                 : 0.11         s
c -------- SubsumeStrengthen STATS END ----------
c ----- SCC STATS --------
c time                     : 0.00        (0.00      per call)
c called                   : 7           (0.00      new found per call)
c found                    : 0           (0.00      % of all found)
c bogoprops                : 75561       % of all found
c ----- SCC STATS END --------
c --------- VAR REPLACE STATS ----------
c time                     : 0.00        (0.00      per call)
c trees' crown             : 0           (0.00      % of vars)
c 0-depth assigns          : 0           (0.00      % vars)
c lits replaced            : 0           
c bin cls removed          : 0           
c long cls removed         : 0           
c long lits removed        : 0           
c bogoprops                : 0           
c --------- VAR REPLACE STATS END ----------
c vrep replace time        : 0.00        (0.00      % time)
c vrep tree roots          : 0           
c vrep trees' crown        : 0           (0.00      leafs/tree)
c -------- DISTILL-BIN STATS --------
c time                     : 0.15        (0.01      per call)
c timed out                : 0           (0.00      % of calls)
c distill/checked/potential: 0          /48105/48105
c lits-rem                 : 0           
c 0-depth-assigns          : 0           (0.00      % of vars)
c -------- DISTILL STATS END --------
c -------- STRENGTHEN STATS --------
c --> watch-based on irred cls
c time                     : 0.01        (0.00      s/call)
c shrinked/tried/total     : 0          /29400/29400
c subsumed/tried/total     : 0          /29400/29400
c lits-rem                 : 0           (0.00      % of lits tried)
c called                   : 24          (0.00      % ran out of time)
c --> watch-based on red cls
c time                     : 0.28        (0.01      s/call)
c shrinked/tried/total     : 12710      /87129/413938
c subsumed/tried/total     : 0          /87129/413938
c lits-rem                 : 32288       (1.58      % of lits tried)
c called                   : 24          (222733.33 % ran out of time)
c -------- STRENGTHEN STATS END --------
c -------- IMPLICIT SUB  STATS --------
c time                     : 0.00        (0.00      per call)
c timed out                : 0           (0.00      % of calls)
c rem bins                 : 0           
c -------- IMPLICIT SUB STATS END --------
c Mem used                 : 0           MB
c Mem for longclauses      : 2           MB (0.00      %)
c [mem] watch alloc        : 5           MB (0.00      %)
c [mem] watch array        : 0           MB (0.00      %)
c Mem for assings&vardata  : 0           MB (0.00      %)
c Mem for search&solve     : 0           MB (0.00      %)
c Mem for renumberer       : 0           MB (0.00      %)
c Mem for occsimplifier    : 0           MB (0.00      %)
c Mem for varReplacer&SCC  : 0           MB (0.00      %)
c Mem for impl subsume     : 0           MB (0.00      %)
c Mem for 3 distills       : 0           MB (0.00      %)
c Accounted for mem (rss)  : 0.00        %
c Accounted for mem (vm)   : 0.00        %
c restarts                 : 8640        (41.44     confls per restart)
c time                     : 7.31        
c decisions                : 520103      (0.00      % random)
c propagations             : 43M         (6001K     props/s)
c decisions/conflicts      : 1.45        
c conflicts                : 358027      
c conf lits non-minim      : 25731431    (71.87     lit/confl)
c conf lits final          : 20.77       
c props/decision           : 0.00        
c props/conflict           : 0.00        
c 0-depth assigns          : 41          (3.13      % vars)
c 0-depth assigns by CNF   : 0           (0.00      % vars)
c reduceDB time            : 0.04        (0.51      % time)
c OccSimplifier time       : 0.16        (2.08      % time)
c [occur] link-in T: 0.01 cleanup T: 0.01 overhead T: 0.02
c [occ-substr] long subBySub: 5521 subByStr: 1243 lits-rem-str: 9133 T: 0.14
c SCC time                 : 0.00        (0.01      % time)
c [scc] new: 0 BP 0M T: 0.00
c vrep replace time        : 0.00        (0.00      % time)
c vrep tree roots          : 0           
c vrep trees' crown        : 0           (0.00      leafs/tree)
c distill long time        : 0.08        (1.06      % time)
c distill bin time         : 0.15        (1.99      % time)
c strength cache-irred time: 0.01        (0.09      % time)
c strength cache-red time  : 0.28        (3.64      % time)
c avg cls in red 0         : 16434.32    
c avg cls in red 1         : 0.00        
c avg cls in red 2         : 0.00        
c Conflicts in UIP         : 358027      (46126.03  confl/time_this_thread)
c Mem used                 : 0.00        MB
c Total time (this thread) : 7.76        
s SATISFIABLE
v -1 2 -3 4 -5 -6 7 8 9 10 11 -12 -13 14 15 -16 -17 18 -19 20 -21 -22 23 -24 -25 
v 26 -27 -28 -29 -30 31 -32 33 -34 35 36 37 38 39 -40 41 42 43 44 45 46 -47 -48 
v -49 -50 -51 -52 -53 -54 -55 -56 -57 -58 -59 -60 -61 -62 -63 -64 -65 -66 -67 
v -68 -69 -70 -71 -72 -73 -74 -75 -76 -77 -78 -79 -80 -81 -82 -83 -84 -85 -86 
v -87 -88 -89 -90 -91 -92 -93 -94 -95 -96 -97 -98 -99 -100 -101 -102 -103 -104 
v -105 -106 -107 -108 -109 -110 -111 -112 -113 -114 -115 -116 -117 -118 -119 
v -120 -121 -122 -123 -124 -125 -126 -127 -128 -129 -130 -131 -132 -133 -134 
v -135 -136 -137 -138 -139 -140 -141 -142 -143 -144 -145 -146 -147 -148 -149 
v -150 -151 -152 -153 -154 -155 -156 -157 -158 -159 -160 -161 -162 -163 -164 
v -165 -166 -167 -168 -169 -170 -171 -172 -173 -174 -175 -176 -177 -178 -179 
v -180 -181 -182 -183 -184 -185 -186 -187 -188 -189 -190 -191 -192 -193 -194 
v -195 -196 -197 -198 -199 -200 -201 -202 -203 -204 -205 -206 -207 -208 -209 
v -210 -211 -212 -213 -214 -215 -216 -217 -218 -219 -220 -221 -222 -223 -224 
v -225 -226 -227 -228 -229 -230 -231 -232 -233 -234 -235 -236 -237 -238 -239 
v -240 -241 -242 -243 -244 -245 -246 -247 -248 -249 -250 -251 -252 -253 -254 
v -255 -256 -257 -258 -259 -260 -261 -262 -263 -264 -265 -266 -267 -268 -269 
v 270 -271 -272 273 -274 275 -276 -277 278 -279 -280 281 -282 -283 -284 -285 
v 286 -287 288 -289 290 291 292 293 294 -295 296 297 298 299 300 301 302 -303 
v -304 305 -306 307 -308 -309 310 -311 -312 313 -314 -315 -316 -317 318 -319 
v 320 -321 322 323 324 325 326 -327 328 329 330 331 332 333 334 -335 -336 337 
v -338 339 -340 -341 342 -343 -344 345 -346 -347 -348 -349 350 -351 352 -353 
v 354 355 356 357 358 -359 360 361 362 363 364 365 366 -367 -368 369 -370 371 
v -372 -373 374 -375 -376 377 -378 -379 -380 -381 382 -383 384 -385 386 387 388 
v 389 390 -391 392 393 394 395 396 397 -398 -399 400 -401 402 -403 -404 405 
v -406 -407 408 -409 -410 -411 -412 413 -414 415 -416 417 418 419 420 421 -422 
v 423 424 425 426 427 428 -429 -430 -431 -432 -433 -434 -435 -436 -437 -438 
v -439 -440 -441 -442 -443 -444 -445 -446 -447 -448 -449 -450 -451 -452 -453 
v -454 -455 -456 -457 -458 -459 -460 -461 -462 -463 -464 -465 -466 -467 -468 
v -469 -470 -471 -472 -473 -474 -475 -476 -477 -478 -479 -480 -481 -482 -483 
v -484 -485 -486 -487 -488 -489 -490 -491 -492 -493 -494 -495 -496 -497 -498 
v -499 -500 -501 -502 -503 -504 -505 -506 -507 -508 -509 -510 -511 -512 -513 
v -514 -515 -516 -517 -518 -519 -520 -521 -522 -523 -524 -525 -526 -527 -528 
v -529 -530 -531 -532 -533 -534 -535 -536 -537 -538 -539 -540 -541 -542 -543 
v -544 -545 -546 -547 -548 -549 -550 -551 -552 -553 -554 -555 -556 -557 -558 
v -559 -560 -561 -562 -563 -564 -565 -566 -567 -568 -569 -570 -571 -572 -573 
v -574 -575 -576 -577 -578 -579 -580 -581 -582 -583 -584 -585 -586 -587 -588 
v -589 -590 -591 -592 -593 -594 -595 -596 -597 -598 -599 -600 -601 -602 -603 
v -604 -605 -606 -607 -608 -609 -610 -611 -612 -613 -614 -615 -616 -617 -618 
v -619 -620 -621 -622 -623 -624 -625 -626 -627 -628 -629 -630 -631 -632 -633 
v -634 -635 -636 -637 -638 -639 -640 -641 -642 -643 -644 -645 -646 -647 -648 
v -649 -650 -651 652 -653 -654 655 -656 657 -658 -659 660 -661 -662 663 -664 
v -665 -666 -667 668 -669 670 -671 672 673 674 675 676 -677 678 679 680 681 682 
v 683 684 -685 -686 687 -688 689 -690 -691 692 -693 -694 695 -696 -697 -698 
v -699 700 -701 702 -703 704 705 706 707 708 -709 710 711 712 713 714 715 716 
v -717 -718 719 -720 721 -722 -723 724 -725 -726 727 -728 -729 -730 -731 732 
v -733 734 -735 736 737 738 739 740 -741 742 743 744 745 746 747 748 -749 -750 
v 751 -752 753 -754 -755 756 -757 -758 759 -760 -761 -762 -763 764 -765 766 
v -767 768 769 770 771 772 -773 774 775 776 777 778 779 -780 -781 782 -783 784 
v -785 -786 787 -788 -789 790 -791 -792 -793 -794 795 -796 797 -798 799 800 801 
v 802 803 -804 805 806 807 808 809 810 -811 -812 -813 -814 -815 -816 -817 -818 
v -819 -820 -821 -822 -823 -824 -825 -826 -827 -828 -829 -830 -831 -832 -833 
v -834 -835 -836 -837 -838 -839 -840 -841 -842 -843 -844 -845 -846 -847 -848 
v -849 -850 -851 -852 -853 -854 -855 -856 -857 -858 -859 -860 -861 -862 -863 
v -864 -865 -866 -867 -868 -869 -870 -871 -872 -873 -874 -875 -876 -877 -878 
v -879 -880 -881 -882 -883 -884 -885 -886 -887 -888 -889 -890 -891 -892 -893 
v -894 -895 -896 -897 -898 -899 -900 -901 -902 -903 -904 -905 -906 -907 -908 
v -909 -910 -911 -912 -913 -914 -915 -916 -917 -918 -919 -920 -921 -922 -923 
v -924 -925 -926 -927 -928 -929 -930 -931 -932 -933 -934 -935 -936 -937 -938 
v -939 -940 -941 -942 -943 -944 -945 -946 -947 -948 -949 -950 -951 -952 -953 
v -954 -955 -956 -957 -958 -959 -960 -961 -962 -963 -964 -965 -966 -967 -968 
v -969 -970 -971 -972 -973 -974 -975 -976 -977 -978 -979 -980 -981 -982 -983 
v -984 -985 -986 -987 -988 -989 -990 -991 -992 -993 -994 -995 -996 -997 -998 
v -999 -1000 -1001 -1002 -1003 -1004 -1005 -1006 -1007 -1008 -1009 -1010 -1011 
v -1012 -1013 -1014 -1015 -1016 -1017 -1018 -1019 -1020 -1021 -1022 -1023 -1024 
v -1025 -1026 -1027 -1028 -1029 -1030 -1031 -1032 -1033 -1034 1035 -1036 1037 
v -1038 -1039 1040 -1041 -1042 1043 -1044 -1045 -1046 -1047 1048 -1049 1050 
v -1051 1052 1053 1054 1055 1056 -1057 1058 1059 1060 1061 1062 1063 -1064 
v -1065 1066 -1067 1068 -1069 -1070 1071 -1072 -1073 1074 -1075 -1076 -1077 
v -1078 1079 -1080 1081 -1082 1083 1084 1085 1086 1087 -1088 1089 1090 1091 
v 1092 1093 1094 -1095 -1096 1097 -1098 1099 -1100 -1101 1102 -1103 -1104 1105 
v -1106 -1107 -1108 -1109 1110 -1111 1112 -1113 1114 1115 1116 1117 1118 -1119 
v 1120 1121 1122 1123 1124 1125 -1126 -1127 1128 -1129 1130 -1131 -1132 1133 
v -1134 -1135 1136 -1137 -1138 -1139 -1140 1141 -1142 1143 -1144 1145 1146 1147 
v 1148 1149 -1150 1151 1152 1153 1154 1155 1156 -1157 -1158 1159 -1160 1161 
v -1162 -1163 1164 -1165 -1166 1167 -1168 -1169 -1170 -1171 1172 -1173 1174 
v -1175 1176 1177 1178 1179 1180 -1181 1182 1183 1184 1185 1186 1187 -1188 
v -1189 -1190 -1191 -1192 -1193 -1194 -1195 -1196 -1197 -1198 -1199 -1200 -1201 
v -1202 -1203 -1204 -1205 -1206 -1207 -1208 -1209 -1210 -1211 -1212 -1213 -1214 
v -1215 -1216 -1217 -1218 -1219 -1220 -1221 -1222 -1223 -1224 -1225 -1226 -1227 
v -1228 -1229 -1230 -1231 -1232 -1233 -1234 -1235 -1236 -1237 -1238 -1239 -1240 
v -1241 -1242 -1243 -1244 -1245 -1246 -1247 -1248 -1249 -1250 -1251 1252 -1253 
v 1254 -1255 -1256 1257 -1258 -1259 1260 -1261 -1262 -1263 -1264 1265 -1266 
v 1267 -1268 1269 1270 1271 1272 1273 -1274 1275 1276 1277 1278 1279 1280 -1281 
v -1282 1283 -1284 1285 -1286 -1287 1288 -1289 -1290 1291 -1292 -1293 -1294 
v -1295 1296 -1297 1298 -1299 1300 1301 1302 1303 1304 -1305 1306 1307 1308 
v 1309 1310 1311 0
c [g 0] 30x185 dens: 0.2676 find: 1280K (prop 82.9% confl 5.2%) elim: 77K (prop 12.4% confl 0.6%)
c [g 1] 31x1075 dens: 0.0868 find: 484 (prop 0.0% confl 0.0%) elim: 29 (prop 0.0% confl 0.0%)
