packed kernel: 126 registers/thread, 0 local bytes/thread, 1792 shared bytes/block, single-product multiplier
packed launch bounds: 512 threads, 1 min blocks
packed sigma table: 0 (0 dynamic shared bytes)
packed driver reserved shared bytes/block: 1024, device 0
packed denominator cache: 1
packed multiply by value: 1
packed Frobenius network: 3
packed polynomial chain: 1
packed polynomial state: 1
packed unrolled inversion: 1
packed paired products: 1
packed pair ilp: 0
packed pair clmul: 0
packed clmul flat: 0
packed top hoist: 0
packed onb inv: 0
packed from reduced: 0
packed inline polynomial: 3
packed slot unroll: 1
packed chains: 1
packed slot prefetch: 0
packed slot pipeline: 0
packed sigma fused: 1
packed sigma fused late y: 0
packed witness: 0
packed L2 persist: 0
packed direct reduction: 1
packed generated product: 1
packed native carryless multiply: 1
packed native carryless square: 0
packed three-limb Karatsuba: 0
packed weighted prefix: 2
packed compact state: 1
packed shared sigma: 1
packed top clmad: 0
packed state tile: 256
packed add combine: 0
packed alu square: 0
packed alu onb square: 0
packed square table: 0
packed polynomial inversion: 0
packed profile ranges: 0
packed table GPU-wide hints: 0
packed hint scheduling: table fused 0, pipe select 0, chain first 0, inline polynomial 3, phase profile 0, cycle profile 0
packed table walk: 0 (0 branches, 0 shared bytes)
backend cuda-packed131: 96256 threads x 16 slots x 1 lanes = 1540096 walks, dp weight 48, 95 steps per launch
WARNING: --verify 300 replays reports on the CPU; campaign collection uses --verify 0 so a cutoff-32 trail cannot stall the GPU
      37.3 s       3.921 M it/s   146309120 iterations    244760 dp    244760 stored         0 dropped
      66.0 s       4.432 M it/s   292618240 iterations    488519 dp    488519 stored         0 dropped
      95.0 s       4.620 M it/s   438927360 iterations    732644 dp    732644 stored         0 dropped
     123.9 s       4.724 M it/s   585236480 iterations    977003 dp    977003 stored         0 dropped
     153.0 s       4.780 M it/s   731545600 iterations   1221121 dp   1221121 stored         0 dropped
     182.2 s       4.817 M it/s   877854720 iterations   1464937 dp   1464937 stored         0 dropped
     211.1 s       4.851 M it/s  1024163840 iterations   1709477 dp   1709477 stored         0 dropped
  finished: 4.851 M it/s, 1709477 distinguished points (300 verified against the reference, 0 dropped)
