{
  "curve": "y^2 + xy = x^3 + x^2 + 1",
  "curve_a": 1,
  "direct_meet_in_the_middle": {
    "reason": "run koblitz_pdp_backend direct-mitm under a separate process meter",
    "status": "not_run_in_export_process"
  },
  "ell": 5,
  "exports": {
    "cryptominisat_xor_dimacs": {
      "blake3": "e3368f9b9b98cc350729f272ed3cafe84192591104476af146f42261b1498a53",
      "bytes": 26264,
      "cnf_clauses": 1505,
      "path": "instance.xor.cnf",
      "variables": 502,
      "xor_rows": 58
    },
    "magma_boolean_f4": {
      "blake3": "85eb600fd5d3e14a87447abd00c135dda4e879fba1ef382f2ee509b9a2127913",
      "bytes": 33822,
      "path": "instance.magma"
    },
    "wdsat_anf": {
      "blake3": "132f0d95988f4b161ef6d25b81d8e47dcd7b5ffe3f233e4ca186257faa69b9f6",
      "bytes": 20746,
      "path": "instance.anf"
    }
  },
  "factor_base_basis_bitmasks": [
    "1",
    "2",
    "4",
    "8",
    "16"
  ],
  "factor_base_geometry": {
    "curve_points": 31,
    "distinct_curve_points": 31,
    "minimum_required": 3
  },
  "factor_base_predicate": {
    "definition": "x = sum(c_i z^i), c_i in F_2, 0 <= i < ell",
    "enumerates_target_subgroup": false,
    "kind": "polynomial_subspace",
    "uses_discrete_log_labels": false
  },
  "interpretation": "SAT is a witness only after source-system validation; Unknown is inconclusive and is never counted as UNSAT",
  "irreducible_low_terms": [
    0,
    3
  ],
  "kind": "binary_koblitz_pdp_cross_solver_instance",
  "m": 3,
  "n": 31,
  "native_sat": {
    "conflict_budget": 100000,
    "reason": "run koblitz_pdp_backend native-sat under a separate process meter",
    "status": "not_run_in_export_process"
  },
  "planted_points": [
    {
      "x": "29",
      "y": "271554209"
    },
    {
      "x": "29",
      "y": "271554236"
    },
    {
      "x": "23",
      "y": "1117564265"
    }
  ],
  "representation": "symmetrised_s4",
  "scope": "standalone planted point-decomposition problem; not a completed index-calculus attack",
  "seed": 2026091301,
  "source_equations": 58,
  "source_instance": {
    "id_blake3": "7ac0bfbe3b7a4fa3d76a43ae37f0a4103ff62a5e6bf7e13edbd44b303c2f351a",
    "identity": {
      "curve_a": 1,
      "ell": 5,
      "exports": {
        "cryptominisat_xor_dimacs": {
          "blake3": "e3368f9b9b98cc350729f272ed3cafe84192591104476af146f42261b1498a53",
          "bytes": 26264,
          "cnf_clauses": 1505,
          "path": "instance.xor.cnf",
          "variables": 502,
          "xor_rows": 58
        },
        "magma_boolean_f4": {
          "blake3": "85eb600fd5d3e14a87447abd00c135dda4e879fba1ef382f2ee509b9a2127913",
          "bytes": 33822,
          "path": "instance.magma"
        },
        "wdsat_anf": {
          "blake3": "132f0d95988f4b161ef6d25b81d8e47dcd7b5ffe3f233e4ca186257faa69b9f6",
          "bytes": 20746,
          "path": "instance.anf"
        }
      },
      "factor_base_basis_bitmasks": [
        "1",
        "2",
        "4",
        "8",
        "16"
      ],
      "factor_base_predicate": {
        "definition": "x = sum(c_i z^i), c_i in F_2, 0 <= i < ell",
        "enumerates_target_subgroup": false,
        "kind": "polynomial_subspace",
        "uses_discrete_log_labels": false
      },
      "irreducible_low_terms": [
        0,
        3
      ],
      "m": 3,
      "n": 31,
      "representation": "symmetrised_s4",
      "schema": "koblitz_pdp_source_identity.v1",
      "seed": 2026091301,
      "source_equations": 58,
      "source_variables": 42,
      "target": {
        "x": "23",
        "y": "1117564265"
      }
    },
    "schema": "koblitz_pdp_source_instance.v1"
  },
  "source_max_degree": 3,
  "source_max_monomials_per_equation": 107,
  "source_variables": 42,
  "target": {
    "x": "23",
    "y": "1117564265"
  },
  "timing_ns": {
    "factor_base_predicate_construction": 112125,
    "native_encoding_and_solve": null,
    "planted_target_construction": 92542,
    "source_system_construction": 1660917,
    "whole_process_internal": 6755542
  }
}
