Initial seed for pseudo-random number generator is 0

--------------- INPUT DATA ---------------
#variables                       6
#equations                      15
#invalid equations               0
field characteristic            17
homogeneous input?               0
signature-based computation      0
monomial order                 DRL
basis hash table resetting     OFF
linear algebra option            2
initial hash table size     131072 (2^17)
max pair selection             ALL
reduce gb                        1
#threads                         1
info level                       2
generate pbm files               0
------------------------------------------

Legend for f4 information
--------------------------------------------------------
deg       current degree of pairs selected in this round
sel       number of pairs selected in this round
pairs     total number of pairs in pair list
mat       matrix dimensions (# rows x # columns)
density   density of the matrix
new data  # new elements for basis in this round
          # zero reductions during linear algebra
time(rd)  time of the current f4 round in seconds given
          for real and cpu time
--------------------------------------------------------

deg     sel   pairs        mat          density            new data         time(rd) in sec (real|cpu)
------------------------------------------------------------------------------------------------------
  6      12      20      40 x 104         7.98%        2 new      10 zero         0.00 | 0.00         
  6       2      20      17 x 93         14.74%        2 new       0 zero         0.00 | 0.00         
  6       4      26      23 x 133        14.22%        2 new       2 zero         0.00 | 0.00         
  6       3      26      34 x 164        12.52%        1 new       2 zero         0.00 | 0.00         
  7      21      27     164 x 500         3.37%       19 new       2 zero         0.00 | 0.00         
  6      14     101      64 x 192        10.18%       12 new       2 zero         0.00 | 0.00         
  6      21     129      80 x 189        12.91%       13 new       8 zero         0.00 | 0.00         
  5      18     118      56 x 101        21.07%       10 new       8 zero         0.00 | 0.00         
  5      18     133      62 x 103        23.08%        6 new      12 zero         0.00 | 0.00         
  5      13     134      56 x 132        18.17%        5 new       8 zero         0.00 | 0.00         
  5       7     139      50 x 130        18.48%        3 new       4 zero         0.00 | 0.00         
  6      46     141     207 x 288         9.13%       15 new      33 zero         0.00 | 0.00         
  6      50     165     193 x 262        13.03%       20 new      31 zero         0.00 | 0.00         
  5      32     190     137 x 205        17.41%        8 new      24 zero         0.00 | 0.00         
  5      16     174     118 x 272        13.61%        8 new       8 zero         0.00 | 0.00         
  5      20     173     133 x 311        12.89%        8 new      12 zero         0.00 | 0.00         
  5      21     164     136 x 304        15.62%       13 new       8 zero         0.00 | 0.00         
  5      20     196     121 x 265        16.56%       16 new       4 zero         0.00 | 0.00         
  5      64     175     194 x 278        14.71%       40 new      24 zero         0.00 | 0.00         
  4     112     210     231 x 191        14.00%       48 new      64 zero         0.00 | 0.00         
------------------------------------------------------------------------------------------------------
reduce final basis        1 x 1         100.00%        1 new       0 zero         0.00 | 0.00         
------------------------------------------------------------------------------------------------------

---------------- TIMINGS ----------------
overall(elapsed)        0.01 sec
overall(cpu)            0.01 sec
select                  0.00 sec   8.6%
symbolic prep.          0.00 sec   5.5%
update                  0.01 sec  66.9%
convert                 0.00 sec   5.8%
linear algebra          0.00 sec   9.6%
reduce gb               0.00 sec   0.0%
-----------------------------------------

---------- COMPUTATIONAL DATA -----------
size of basis                     1
#terms in basis                   1
#pairs reduced                  514
#GM criterion                 34605
#redundant elements             265
#rows reduced                  1035
#zero reductions                266
max. matrix data                164 x 500 (3.374%)
max. symbolic hash table size  2^11
max. basis hash table size     2^16
-----------------------------------------

#Leading ideal data
#---
#field characteristic: 17
#variable order:       t1, t2, s1, s2, u, v
#monomial order:       graded reverse lexicographical
#length of basis:      1 element
#---
[1]:
Grobner basis has a single element
No solution


------------------------------------------------------------------------------------
msolve overall time           0.01 sec (elapsed) /  0.01 sec (cpu)
------------------------------------------------------------------------------------
