Initial seed for pseudo-random number generator is 0

--------------- INPUT DATA ---------------
#variables                       6
#equations                       7
#invalid equations               0
field characteristic            17
homogeneous input?               0
signature-based computation      0
monomial order                 DRL
basis hash table resetting     OFF
linear algebra option            2
initial hash table size     131072 (2^17)
max pair selection             ALL
reduce gb                        1
#threads                         1
info level                       2
generate pbm files               0
------------------------------------------

Legend for f4 information
--------------------------------------------------------
deg       current degree of pairs selected in this round
sel       number of pairs selected in this round
pairs     total number of pairs in pair list
mat       matrix dimensions (# rows x # columns)
density   density of the matrix
new data  # new elements for basis in this round
          # zero reductions during linear algebra
time(rd)  time of the current f4 round in seconds given
          for real and cpu time
--------------------------------------------------------

deg     sel   pairs        mat          density            new data         time(rd) in sec (real|cpu)
------------------------------------------------------------------------------------------------------
  6       2       4       6 x 34         18.63%        2 new       0 zero         0.00 | 0.00         
  6       2      10      11 x 57         14.51%        2 new       0 zero         0.00 | 0.00         
  6       4      14      19 x 99         10.37%        2 new       2 zero         0.00 | 0.00         
  6       2      14      27 x 111        10.51%        0 new       2 zero         0.00 | 0.00         
  7       6      12      36 x 228         5.85%        5 new       1 zero         0.00 | 0.00         
  7       8      34      45 x 306         9.66%        1 new       7 zero         0.00 | 0.00         
  7       4      30      30 x 274        10.78%        2 new       2 zero         0.00 | 0.00         
  8      15      33     123 x 660         6.23%        6 new       9 zero         0.00 | 0.00         
  8      17      39     283 x 1075        5.24%        1 new      16 zero         0.00 | 0.00         
  9       4      28     269 x 1260        4.67%        2 new       2 zero         0.00 | 0.00         
 10       7      35     585 x 2007        3.35%        2 new       5 zero         0.00 | 0.00         
 11      11      39    1008 x 3139        2.24%        6 new       5 zero         0.00 | 0.00         
 11       4      61      58 x 253         6.95%        4 new       0 zero         0.00 | 0.00         
 11       8      85      84 x 311         8.24%        4 new       4 zero         0.00 | 0.00         
 11       8      94     100 x 363         8.20%        4 new       4 zero         0.00 | 0.00         
 11       6     114     114 x 395         7.72%        2 new       4 zero         0.00 | 0.00         
 11       2     118      70 x 371        12.24%        0 new       2 zero         0.00 | 0.00         
 12      27     116    1845 x 5530        1.34%        8 new      19 zero         0.00 | 0.00         
 12       6     134     479 x 1239        2.56%        4 new       2 zero         0.00 | 0.00         
 12       6     146     575 x 1359        2.84%        2 new       4 zero         0.00 | 0.00         
 13     104     152    4165 x 9642        0.84%       63 new      41 zero         0.01 | 0.01         
 12      14     313     685 x 1517        2.91%        8 new       6 zero         0.00 | 0.00         
 13     113     333    4545 x 9953        0.99%       35 new      78 zero         0.01 | 0.01         
 12       8     382     759 x 1645        2.92%        6 new       2 zero         0.00 | 0.00         
 13      50     407    2140 x 5867        1.39%       20 new      32 zero         0.00 | 0.00         
 12       8     445     783 x 1659        3.44%        6 new       2 zero         0.00 | 0.00         
 12      16     447     949 x 1849        3.05%       14 new       2 zero         0.00 | 0.00         
 12      40     490     967 x 1841        3.77%       32 new       8 zero         0.00 | 0.00         
 12     104     544    1020 x 1797        5.48%       56 new      49 zero         0.00 | 0.00         
 11      72     603     831 x 1585        6.09%       72 new       0 zero         0.01 | 0.01         
 11     282     723    1107 x 1595        9.70%       88 new     194 zero         0.01 | 0.01         
 10     222     725     903 x 1359       11.11%       58 new     164 zero         0.01 | 0.01         
 10     226     684     887 x 1307       11.61%       42 new     184 zero         0.01 | 0.01         
  9      28     576     541 x 1111        9.91%       28 new       0 zero         0.00 | 0.00         
  9      92     585     639 x 1125       11.81%       20 new      74 zero         0.00 | 0.00         
  9      68     549     712 x 2176        6.66%       20 new      50 zero         0.00 | 0.00         
  9      52     567     653 x 2111        7.30%       22 new      30 zero         0.00 | 0.00         
  9      24     604     568 x 2032        8.54%       11 new      13 zero         0.00 | 0.00         
  9      18     615     562 x 2021        8.71%       13 new       5 zero         0.00 | 0.00         
  9       6     663     550 x 2008        9.21%        4 new       2 zero         0.00 | 0.00         
 10     315     675    2588 x 4613        5.06%      120 new     195 zero         0.04 | 0.04         
 10     192     853    2109 x 4137        8.01%       96 new      96 zero         0.04 | 0.04         
 10     107    1117    2983 x 5599        5.75%      105 new       2 zero         0.05 | 0.05         
 10     344    1284    3286 x 5522        9.48%      166 new     188 zero         0.14 | 0.14         
 10     150    1630    3373 x 5921        8.52%       18 new     134 zero         0.06 | 0.06         
 10      48    1528    3117 x 5747        8.27%       48 new       4 zero         0.05 | 0.05         
 10      96    1627    3184 x 5715        9.21%       82 new      21 zero         0.07 | 0.07         
 10     108    1852    3205 x 5648        9.95%       35 new      74 zero         0.07 | 0.07         
 10       6    1913    2915 x 5426        9.76%        0 new       6 zero         0.02 | 0.02         
 11    1753    1907    7820 x 8628       10.08%       58 new    1697 zero         0.91 | 0.90         
 10      36     374    3312 x 5780       10.13%        0 new      37 zero         0.04 | 0.04         
 11     223     338    6227 x 8509        7.07%        0 new     223 zero         0.17 | 0.17         
 12      58     115   10167 x 12614       3.64%        0 new      58 zero         0.10 | 0.10         
 13      57      57   13448 x 15896       2.34%        0 new      57 zero         0.15 | 0.14         
------------------------------------------------------------------------------------------------------
reduce final basis     1185 x 3690       29.03%      745 new       0 zero         0.03 | 0.03         
------------------------------------------------------------------------------------------------------

---------------- TIMINGS ----------------
overall(elapsed)        2.06 sec
overall(cpu)            2.02 sec
select                  0.13 sec   6.2%
symbolic prep.          0.37 sec  17.8%
update                  0.16 sec   7.8%
convert                 0.03 sec   1.5%
linear algebra          1.36 sec  65.9%
reduce gb               0.00 sec   0.0%
-----------------------------------------

---------- COMPUTATIONAL DATA -----------
size of basis                   745
#terms in basis             1303239
#pairs reduced                 5189
#GM criterion                990977
#redundant elements             667
#rows reduced                 11191
#zero reductions               3818
max. matrix data              13448 x 15896 (2.338%)
max. symbolic hash table size  2^15
max. basis hash table size     2^17
-----------------------------------------

#Leading ideal data
#---
#field characteristic: 17
#variable order:       u, v, t1, t2, s1, s2
#monomial order:       graded reverse lexicographical
#length of basis:      745 elements sorted by increasing leading monomials
#---
[v^2*s2^2,
u^2*s1^2,
u^2*v^2,
u^2*v^1*t2^1*s2^1,
u^1*v^2*t1^1*s1^1,
u^2*t2^3,
u^2*v^1*t2^2,
v^2*t1^3,
u^1*v^2*t1^2,
u^1*v^1*t1^1*t2^1*s1^1*s2^1,
u^1*v^1*t1^2*t2^1*s2^1,
u^1*v^1*t1^1*t2^2*s1^1,
u^1*v^1*t1^2*t2^2,
u^1*v^1*s1^2*s2^3,
u^1*v^1*s1^3*s2^2,
u^1*v^1*t2^1*s1^2*s2^2,
u^1*v^1*t1^1*s1^2*s2^2,
u^1*t1^1*t2^3*s1^2,
u^1*t1^2*t2^3*s1^1,
u^1*t1^2*t2^4,
v^1*t1^3*t2^3,
u^1*t1^3*t2^3,
v^1*t1^4*t2^2,
v^1*t1^3*t2^2*s1^1*s2^1,
u^1*v^4*t2^2*s2^1,
u^5*t2^2*s2^1,
v^6*t2^1*s2^1,
u^1*v^5*t2^1*s2^1,
u^6*t2^1*s2^1,
v^7*s2^1,
u^1*v^6*s2^1,
u^6*v^1*s2^1,
u^7*s2^1,
u^1*t1^6*s1^1,
u^1*v^1*t1^5*s1^1,
u^2*t1^5*s1^1,
u^2*v^1*t1^4*s1^1,
u^3*t1^4*s1^1,
u^3*v^1*t1^3*s1^1,
u^4*t1^3*s1^1,
v^5*t1^2*s1^1,
u^4*v^1*t1^2*s1^1,
u^5*t1^2*s1^1,
v^6*t1^1*s1^1,
u^5*v^1*t1^1*s1^1,
u^6*t1^1*s1^1,
v^7*s1^1,
u^1*v^6*s1^1,
u^6*v^1*s1^1,
u^7*s1^1,
t2^8,
v^1*t2^7,
u^1*t2^7,
v^2*t2^6,
u^1*v^1*t2^6,
v^3*t2^5,
u^1*v^2*t2^5,
v^4*t2^4,
u^1*v^3*t2^4,
v^5*t2^3,
u^1*v^4*t2^3,
v^6*t2^2,
u^1*v^5*t2^2,
u^6*t2^2,
v^7*t2^1,
u^1*v^6*t2^1,
u^6*v^1*t2^1,
u^7*t2^1,
t1^8,
v^1*t1^7,
u^1*t1^7,
u^1*v^1*t1^6,
u^2*t1^6,
u^2*v^1*t1^5,
u^3*t1^5,
u^3*v^1*t1^4,
u^4*t1^4,
u^4*v^1*t1^3,
u^5*t1^3,
v^6*t1^2,
u^5*v^1*t1^2,
u^6*t1^2,
v^7*t1^1,
u^1*v^6*t1^1,
u^6*v^1*t1^1,
u^7*t1^1,
v^8,
u^1*v^7,
u^7*v^1,
u^8,
s2^9,
t2^1*s2^8,
v^1*s2^8,
u^1*s2^8,
t2^2*s2^7,
v^1*t2^1*s2^7,
u^1*t2^1*s2^7,
u^1*v^1*s2^7,
u^2*s2^7,
t2^3*s2^6,
v^1*t2^2*s2^6,
u^1*t2^2*s2^6,
u^1*v^1*t2^1*s2^6,
u^2*t2^1*s2^6,
u^2*v^1*s2^6,
u^3*s2^6,
t2^4*s2^5,
v^1*t2^3*s2^5,
u^1*t2^3*s2^5,
u^1*v^1*t2^2*s2^5,
u^2*t2^2*s2^5,
u^3*t2^1*s2^5,
u^3*v^1*s2^5,
u^4*s2^5,
t2^5*s2^4,
v^1*t2^4*s2^4,
u^1*t2^4*s2^4,
u^1*v^1*t2^3*s2^4,
u^3*t2^2*s2^4,
u^4*t2^1*s2^4,
u^4*v^1*s2^4,
u^5*s2^4,
t2^6*s2^3,
v^1*t2^5*s2^3,
u^1*t2^5*s2^3,
u^1*v^1*t2^4*s2^3,
u^4*t2^2*s2^3,
u^5*t2^1*s2^3,
u^5*v^1*s2^3,
u^6*s2^3,
u^1*t1^2*t2^2*s1^2*s2^2,
t2^7*s2^2,
v^1*t2^6*s2^2,
u^1*t2^6*s2^2,
u^1*v^1*t2^5*s2^2,
v^4*s1^4*s2^1,
u^1*v^3*s1^4*s2^1,
t1^5*s1^3*s2^1,
v^1*t1^4*s1^3*s2^1,
u^1*t1^4*s1^3*s2^1,
u^1*v^1*t1^3*s1^3*s2^1,
v^3*t1^2*s1^3*s2^1,
v^4*t1^1*s1^3*s2^1,
v^5*s1^3*s2^1,
u^1*v^4*s1^3*s2^1,
u^1*t1^3*t2^2*s1^2*s2^1,
t1^6*s1^2*s2^1,
v^1*t1^5*s1^2*s2^1,
u^1*t1^5*s1^2*s2^1,
u^1*v^1*t1^4*s1^2*s2^1,
v^4*t1^2*s1^2*s2^1,
v^5*t1^1*s1^2*s2^1,
v^6*s1^2*s2^1,
u^1*v^5*s1^2*s2^1,
t2^7*s1^1*s2^1,
v^1*t2^6*s1^1*s2^1,
u^1*t2^6*s1^1*s2^1,
u^1*t1^1*t2^5*s1^1*s2^1,
v^2*t2^5*s1^1*s2^1,
u^1*v^1*t2^5*s1^1*s2^1,
v^2*t1^1*t2^4*s1^1*s2^1,
v^3*t2^4*s1^1*s2^1,
u^1*v^2*t2^4*s1^1*s2^1,
v^2*t1^2*t2^3*s1^1*s2^1,
v^3*t1^1*t2^3*s1^1*s2^1,
v^4*t2^3*s1^1*s2^1,
u^1*v^3*t2^3*s1^1*s2^1,
t1^5*t2^2*s1^1*s2^1,
u^1*t1^4*t2^2*s1^1*s2^1,
u^2*t1^3*t2^2*s1^1*s2^1,
v^3*t1^2*t2^2*s1^1*s2^1,
u^3*t1^2*t2^2*s1^1*s2^1,
v^4*t1^1*t2^2*s1^1*s2^1,
u^4*t1^1*t2^2*s1^1*s2^1,
v^5*t2^2*s1^1*s2^1,
t1^6*t2^1*s1^1*s2^1,
v^1*t1^5*t2^1*s1^1*s2^1,
u^1*t1^5*t2^1*s1^1*s2^1,
u^2*t1^4*t2^1*s1^1*s2^1,
u^3*t1^3*t2^1*s1^1*s2^1,
v^4*t1^2*t2^1*s1^1*s2^1,
u^4*t1^2*t2^1*s1^1*s2^1,
v^5*t1^1*t2^1*s1^1*s2^1,
u^5*t1^1*t2^1*s1^1*s2^1,
t1^7*s1^1*s2^1,
v^1*t1^6*s1^1*s2^1,
t1^1*t2^7*s2^1,
t1^2*t2^6*s2^1,
v^1*t1^1*t2^6*s2^1,
u^1*t1^1*t2^6*s2^1,
t1^3*t2^5*s2^1,
v^1*t1^2*t2^5*s2^1,
v^2*t1^1*t2^5*s2^1,
u^1*v^1*t1^1*t2^5*s2^1,
v^2*t1^2*t2^4*s2^1,
v^3*t1^1*t2^4*s2^1,
u^1*v^2*t1^1*t2^4*s2^1,
v^3*t1^2*t2^3*s2^1,
v^4*t1^1*t2^3*s2^1,
u^1*v^3*t1^1*t2^3*s2^1,
t1^6*t2^2*s2^1,
u^1*t1^5*t2^2*s2^1,
u^2*t1^4*t2^2*s2^1,
u^3*t1^3*t2^2*s2^1,
v^4*t1^2*t2^2*s2^1,
u^4*t1^2*t2^2*s2^1,
v^5*t1^1*t2^2*s2^1,
t1^7*t2^1*s2^1,
v^1*t1^6*t2^1*s2^1,
u^1*t1^6*t2^1*s2^1,
u^2*t1^5*t2^1*s2^1,
u^3*t1^4*t2^1*s2^1,
u^4*t1^3*t2^1*s2^1,
v^5*t1^2*t2^1*s2^1,
u^5*t1^2*t2^1*s2^1,
s1^9,
t2^1*s1^8,
t1^1*s1^8,
v^1*s1^8,
u^1*s1^8,
t2^2*s1^7,
t1^1*t2^1*s1^7,
v^1*t2^1*s1^7,
u^1*t2^1*s1^7,
t1^2*s1^7,
v^1*t1^1*s1^7,
u^1*t1^1*s1^7,
v^2*s1^7,
u^1*v^1*s1^7,
t2^3*s1^6,
t1^1*t2^2*s1^6,
v^1*t2^2*s1^6,
u^1*t2^2*s1^6,
t1^2*t2^1*s1^6,
v^1*t1^1*t2^1*s1^6,
u^1*t1^1*t2^1*s1^6,
v^2*t2^1*s1^6,
u^1*v^1*t2^1*s1^6,
t1^3*s1^6,
v^1*t1^2*s1^6,
u^1*t1^2*s1^6,
v^2*t1^1*s1^6,
u^1*v^1*t1^1*s1^6,
v^3*s1^6,
u^1*v^2*s1^6,
t1^1*t2^3*s1^5,
v^1*t2^3*s1^5,
u^1*t2^3*s1^5,
t1^2*t2^2*s1^5,
v^1*t1^1*t2^2*s1^5,
u^1*t1^1*t2^2*s1^5,
v^2*t2^2*s1^5,
u^1*v^1*t2^2*s1^5,
t1^3*t2^1*s1^5,
v^1*t1^2*t2^1*s1^5,
u^1*t1^2*t2^1*s1^5,
v^2*t1^1*t2^1*s1^5,
u^1*v^1*t1^1*t2^1*s1^5,
v^3*t2^1*s1^5,
u^1*v^2*t2^1*s1^5,
t1^4*s1^5,
v^1*t1^3*s1^5,
u^1*t1^3*s1^5,
v^2*t1^2*s1^5,
u^1*v^1*t1^2*s1^5,
v^3*t1^1*s1^5,
v^4*s1^5,
u^1*v^3*s1^5,
t1^2*t2^3*s1^4,
v^1*t1^1*t2^3*s1^4,
v^2*t2^3*s1^4,
u^1*v^1*t2^3*s1^4,
t1^3*t2^2*s1^4,
v^1*t1^2*t2^2*s1^4,
u^1*t1^2*t2^2*s1^4,
v^2*t1^1*t2^2*s1^4,
v^3*t2^2*s1^4,
u^1*v^2*t2^2*s1^4,
t1^4*t2^1*s1^4,
v^1*t1^3*t2^1*s1^4,
u^1*t1^3*t2^1*s1^4,
v^2*t1^2*t2^1*s1^4,
u^1*v^1*t1^2*t2^1*s1^4,
v^3*t1^1*t2^1*s1^4,
v^4*t2^1*s1^4,
u^1*v^3*t2^1*s1^4,
t1^5*s1^4,
v^1*t1^4*s1^4,
u^1*t1^4*s1^4,
u^1*v^1*t1^3*s1^4,
v^3*t1^2*s1^4,
v^4*t1^1*s1^4,
v^5*s1^4,
u^1*v^4*s1^4,
t2^6*s1^3,
v^1*t2^5*s1^3,
u^1*t2^5*s1^3,
v^2*t2^4*s1^3,
u^1*v^1*t2^4*s1^3,
t1^3*t2^3*s1^3,
v^1*t1^2*t2^3*s1^3,
v^2*t1^1*t2^3*s1^3,
v^3*t2^3*s1^3,
u^1*v^2*t2^3*s1^3,
t1^4*t2^2*s1^3,
v^1*t1^3*t2^2*s1^3,
u^1*t1^3*t2^2*s1^3,
v^2*t1^2*t2^2*s1^3,
v^3*t1^1*t2^2*s1^3,
v^4*t2^2*s1^3,
u^1*v^3*t2^2*s1^3,
t1^5*t2^1*s1^3,
v^1*t1^4*t2^1*s1^3,
u^1*t1^4*t2^1*s1^3,
u^1*v^1*t1^3*t2^1*s1^3,
v^3*t1^2*t2^1*s1^3,
v^4*t1^1*t2^1*s1^3,
v^5*t2^1*s1^3,
u^1*v^4*t2^1*s1^3,
t1^6*s1^3,
v^1*t1^5*s1^3,
u^1*t1^5*s1^3,
u^1*v^1*t1^4*s1^3,
v^4*t1^2*s1^3,
v^5*t1^1*s1^3,
v^6*s1^3,
u^1*v^5*s1^3,
t2^7*s1^2,
t1^1*t2^6*s1^2,
v^1*t2^6*s1^2,
u^1*t2^6*s1^2,
v^1*t1^1*t2^5*s1^2,
v^2*t2^5*s1^2,
u^1*v^1*t2^5*s1^2,
t1^3*t2^4*s1^2,
v^1*t1^2*t2^4*s1^2,
v^2*t1^1*t2^4*s1^2,
v^3*t2^4*s1^2,
u^1*v^2*t2^4*s1^2,
t1^4*t2^3*s1^2,
v^2*t1^2*t2^3*s1^2,
v^3*t1^1*t2^3*s1^2,
v^4*t2^3*s1^2,
u^1*v^3*t2^3*s1^2,
t1^5*t2^2*s1^2,
u^1*t1^4*t2^2*s1^2,
v^3*t1^2*t2^2*s1^2,
v^4*t1^1*t2^2*s1^2,
v^5*t2^2*s1^2,
u^1*v^4*t2^2*s1^2,
t1^6*t2^1*s1^2,
v^1*t1^5*t2^1*s1^2,
u^1*t1^5*t2^1*s1^2,
u^1*v^1*t1^4*t2^1*s1^2,
v^4*t1^2*t2^1*s1^2,
v^5*t1^1*t2^1*s1^2,
v^6*t2^1*s1^2,
u^1*v^5*t2^1*s1^2,
t1^7*s1^2,
v^1*t1^6*s1^2,
t1^1*t2^7*s1^1,
t1^2*t2^6*s1^1,
v^1*t1^1*t2^6*s1^1,
u^1*t1^1*t2^6*s1^1,
t1^3*t2^5*s1^1,
v^1*t1^2*t2^5*s1^1,
v^2*t1^1*t2^5*s1^1,
t1^4*t2^4*s1^1,
v^2*t1^2*t2^4*s1^1,
v^3*t1^1*t2^4*s1^1,
t1^5*t2^3*s1^1,
v^3*t1^2*t2^3*s1^1,
v^4*t1^1*t2^3*s1^1,
t1^6*t2^2*s1^1,
u^1*t1^5*t2^2*s1^1,
u^2*t1^4*t2^2*s1^1,
u^3*t1^3*t2^2*s1^1,
v^4*t1^2*t2^2*s1^1,
u^4*t1^2*t2^2*s1^1,
v^5*t1^1*t2^2*s1^1,
u^5*t1^1*t2^2*s1^1,
t1^7*t2^1*s1^1,
v^1*t1^6*t2^1*s1^1,
t1^2*t2^7,
t1^3*t2^6,
v^1*t1^2*t2^6,
t1^4*t2^5,
v^2*t1^2*t2^5,
t1^5*t2^4,
v^3*t1^2*t2^4,
t1^6*t2^3,
v^4*t1^2*t2^3,
t1^7*t2^2,
u^1*t1^6*t2^2,
u^2*t1^5*t2^2,
u^3*t1^4*t2^2,
u^4*t1^3*t2^2,
v^5*t1^2*t2^2,
u^5*t1^2*t2^2,
s1^2*s2^8,
t1^1*s1^1*s2^8,
t1^2*s2^8,
s1^3*s2^7,
t2^1*s1^2*s2^7,
t1^1*s1^2*s2^7,
v^1*s1^2*s2^7,
u^1*s1^2*s2^7,
t1^1*t2^1*s1^1*s2^7,
t1^2*s1^1*s2^7,
v^1*t1^1*s1^1*s2^7,
u^1*t1^1*s1^1*s2^7,
t1^2*t2^1*s2^7,
t1^3*s2^7,
v^1*t1^2*s2^7,
u^1*t1^2*s2^7,
s1^4*s2^6,
t2^1*s1^3*s2^6,
t1^1*s1^3*s2^6,
v^1*s1^3*s2^6,
u^1*s1^3*s2^6,
t2^2*s1^2*s2^6,
t1^1*t2^1*s1^2*s2^6,
v^1*t2^1*s1^2*s2^6,
u^1*t2^1*s1^2*s2^6,
t1^2*s1^2*s2^6,
v^1*t1^1*s1^2*s2^6,
u^1*t1^1*s1^2*s2^6,
t1^1*t2^2*s1^1*s2^6,
t1^2*t2^1*s1^1*s2^6,
v^1*t1^1*t2^1*s1^1*s2^6,
u^1*t1^1*t2^1*s1^1*s2^6,
t1^3*s1^1*s2^6,
v^1*t1^2*s1^1*s2^6,
u^1*t1^2*s1^1*s2^6,
u^1*v^1*t1^1*s1^1*s2^6,
u^2*t1^1*s1^1*s2^6,
t1^2*t2^2*s2^6,
t1^3*t2^1*s2^6,
v^1*t1^2*t2^1*s2^6,
u^1*t1^2*t2^1*s2^6,
t1^4*s2^6,
v^1*t1^3*s2^6,
u^1*t1^3*s2^6,
u^1*v^1*t1^2*s2^6,
u^2*t1^2*s2^6,
t2^1*s1^4*s2^5,
v^1*s1^4*s2^5,
u^1*s1^4*s2^5,
t2^2*s1^3*s2^5,
t1^1*t2^1*s1^3*s2^5,
v^1*t2^1*s1^3*s2^5,
u^1*t2^1*s1^3*s2^5,
v^1*t1^1*s1^3*s2^5,
u^1*t1^1*s1^3*s2^5,
t2^3*s1^2*s2^5,
t1^1*t2^2*s1^2*s2^5,
v^1*t2^2*s1^2*s2^5,
u^1*t2^2*s1^2*s2^5,
t1^2*t2^1*s1^2*s2^5,
v^1*t1^1*t2^1*s1^2*s2^5,
u^1*t1^1*t2^1*s1^2*s2^5,
v^1*t1^2*s1^2*s2^5,
u^1*t1^2*s1^2*s2^5,
t1^1*t2^3*s1^1*s2^5,
t1^2*t2^2*s1^1*s2^5,
v^1*t1^1*t2^2*s1^1*s2^5,
u^1*t1^1*t2^2*s1^1*s2^5,
t1^3*t2^1*s1^1*s2^5,
v^1*t1^2*t2^1*s1^1*s2^5,
u^1*t1^2*t2^1*s1^1*s2^5,
u^2*t1^1*t2^1*s1^1*s2^5,
t1^4*s1^1*s2^5,
v^1*t1^3*s1^1*s2^5,
u^1*t1^3*s1^1*s2^5,
u^1*v^1*t1^2*s1^1*s2^5,
u^2*t1^2*s1^1*s2^5,
u^2*v^1*t1^1*s1^1*s2^5,
u^3*t1^1*s1^1*s2^5,
t1^2*t2^3*s2^5,
t1^3*t2^2*s2^5,
v^1*t1^2*t2^2*s2^5,
u^1*t1^2*t2^2*s2^5,
t1^4*t2^1*s2^5,
v^1*t1^3*t2^1*s2^5,
u^1*t1^3*t2^1*s2^5,
u^2*t1^2*t2^1*s2^5,
t1^5*s2^5,
v^1*t1^4*s2^5,
u^1*t1^4*s2^5,
u^1*v^1*t1^3*s2^5,
u^2*t1^3*s2^5,
u^2*v^1*t1^2*s2^5,
u^3*t1^2*s2^5,
s1^6*s2^4,
t1^1*s1^5*s2^4,
v^1*s1^5*s2^4,
u^1*s1^5*s2^4,
t2^2*s1^4*s2^4,
v^1*t2^1*s1^4*s2^4,
u^1*t2^1*s1^4*s2^4,
t1^2*s1^4*s2^4,
v^1*t1^1*s1^4*s2^4,
u^1*t1^1*s1^4*s2^4,
t2^3*s1^3*s2^4,
t1^1*t2^2*s1^3*s2^4,
v^1*t2^2*s1^3*s2^4,
u^1*t2^2*s1^3*s2^4,
v^1*t1^1*t2^1*s1^3*s2^4,
u^1*t1^1*t2^1*s1^3*s2^4,
t1^3*s1^3*s2^4,
v^1*t1^2*s1^3*s2^4,
u^1*t1^2*s1^3*s2^4,
t2^4*s1^2*s2^4,
t1^1*t2^3*s1^2*s2^4,
v^1*t2^3*s1^2*s2^4,
u^1*t2^3*s1^2*s2^4,
t1^2*t2^2*s1^2*s2^4,
v^1*t1^1*t2^2*s1^2*s2^4,
u^1*t1^1*t2^2*s1^2*s2^4,
t1^3*t2^1*s1^2*s2^4,
v^1*t1^2*t2^1*s1^2*s2^4,
u^1*t1^2*t2^1*s1^2*s2^4,
t1^4*s1^2*s2^4,
v^1*t1^3*s1^2*s2^4,
u^1*t1^3*s1^2*s2^4,
t1^1*t2^4*s1^1*s2^4,
t1^2*t2^3*s1^1*s2^4,
v^1*t1^1*t2^3*s1^1*s2^4,
u^1*t1^1*t2^3*s1^1*s2^4,
t1^3*t2^2*s1^1*s2^4,
v^1*t1^2*t2^2*s1^1*s2^4,
u^1*t1^2*t2^2*s1^1*s2^4,
u^2*t1^1*t2^2*s1^1*s2^4,
t1^4*t2^1*s1^1*s2^4,
v^1*t1^3*t2^1*s1^1*s2^4,
u^1*t1^3*t2^1*s1^1*s2^4,
u^2*t1^2*t2^1*s1^1*s2^4,
u^3*t1^1*t2^1*s1^1*s2^4,
t1^5*s1^1*s2^4,
v^1*t1^4*s1^1*s2^4,
u^1*t1^4*s1^1*s2^4,
u^1*v^1*t1^3*s1^1*s2^4,
u^2*t1^3*s1^1*s2^4,
u^2*v^1*t1^2*s1^1*s2^4,
u^3*t1^2*s1^1*s2^4,
u^3*v^1*t1^1*s1^1*s2^4,
u^4*t1^1*s1^1*s2^4,
t1^2*t2^4*s2^4,
t1^3*t2^3*s2^4,
v^1*t1^2*t2^3*s2^4,
u^1*t1^2*t2^3*s2^4,
t1^4*t2^2*s2^4,
v^1*t1^3*t2^2*s2^4,
u^1*t1^3*t2^2*s2^4,
u^2*t1^2*t2^2*s2^4,
t1^5*t2^1*s2^4,
v^1*t1^4*t2^1*s2^4,
u^1*t1^4*t2^1*s2^4,
u^2*t1^3*t2^1*s2^4,
u^3*t1^2*t2^1*s2^4,
t1^6*s2^4,
v^1*t1^5*s2^4,
u^1*t1^5*s2^4,
u^1*v^1*t1^4*s2^4,
u^2*t1^4*s2^4,
u^2*v^1*t1^3*s2^4,
u^3*t1^3*s2^4,
u^3*v^1*t1^2*s2^4,
u^4*t1^2*s2^4,
s1^7*s2^3,
t2^1*s1^6*s2^3,
t1^1*s1^6*s2^3,
v^1*s1^6*s2^3,
u^1*s1^6*s2^3,
t1^1*t2^1*s1^5*s2^3,
v^1*t2^1*s1^5*s2^3,
u^1*t2^1*s1^5*s2^3,
t1^2*s1^5*s2^3,
v^1*t1^1*s1^5*s2^3,
u^1*t1^1*s1^5*s2^3,
t2^3*s1^4*s2^3,
v^1*t2^2*s1^4*s2^3,
u^1*t2^2*s1^4*s2^3,
t1^2*t2^1*s1^4*s2^3,
v^1*t1^1*t2^1*s1^4*s2^3,
u^1*t1^1*t2^1*s1^4*s2^3,
t1^3*s1^4*s2^3,
v^1*t1^2*s1^4*s2^3,
u^1*t1^2*s1^4*s2^3,
t2^4*s1^3*s2^3,
t1^1*t2^3*s1^3*s2^3,
v^1*t2^3*s1^3*s2^3,
u^1*t2^3*s1^3*s2^3,
v^1*t1^1*t2^2*s1^3*s2^3,
u^1*t1^1*t2^2*s1^3*s2^3,
t1^3*t2^1*s1^3*s2^3,
v^1*t1^2*t2^1*s1^3*s2^3,
u^1*t1^2*t2^1*s1^3*s2^3,
t1^4*s1^3*s2^3,
v^1*t1^3*s1^3*s2^3,
u^1*t1^3*s1^3*s2^3,
t2^5*s1^2*s2^3,
t1^1*t2^4*s1^2*s2^3,
v^1*t2^4*s1^2*s2^3,
u^1*t2^4*s1^2*s2^3,
t1^2*t2^3*s1^2*s2^3,
v^1*t1^1*t2^3*s1^2*s2^3,
t1^3*t2^2*s1^2*s2^3,
v^1*t1^2*t2^2*s1^2*s2^3,
t1^4*t2^1*s1^2*s2^3,
v^1*t1^3*t2^1*s1^2*s2^3,
u^1*t1^3*t2^1*s1^2*s2^3,
t1^5*s1^2*s2^3,
v^1*t1^4*s1^2*s2^3,
u^1*t1^4*s1^2*s2^3,
t1^1*t2^5*s1^1*s2^3,
t1^2*t2^4*s1^1*s2^3,
v^1*t1^1*t2^4*s1^1*s2^3,
u^1*t1^1*t2^4*s1^1*s2^3,
t1^3*t2^3*s1^1*s2^3,
v^1*t1^2*t2^3*s1^1*s2^3,
t1^4*t2^2*s1^1*s2^3,
u^1*t1^3*t2^2*s1^1*s2^3,
u^2*t1^2*t2^2*s1^1*s2^3,
u^3*t1^1*t2^2*s1^1*s2^3,
t1^5*t2^1*s1^1*s2^3,
v^1*t1^4*t2^1*s1^1*s2^3,
u^1*t1^4*t2^1*s1^1*s2^3,
u^2*t1^3*t2^1*s1^1*s2^3,
u^3*t1^2*t2^1*s1^1*s2^3,
u^4*t1^1*t2^1*s1^1*s2^3,
t1^6*s1^1*s2^3,
v^1*t1^5*s1^1*s2^3,
u^1*t1^5*s1^1*s2^3,
u^1*v^1*t1^4*s1^1*s2^3,
u^2*t1^4*s1^1*s2^3,
u^2*v^1*t1^3*s1^1*s2^3,
u^3*t1^3*s1^1*s2^3,
u^3*v^1*t1^2*s1^1*s2^3,
u^4*t1^2*s1^1*s2^3,
u^4*v^1*t1^1*s1^1*s2^3,
u^5*t1^1*s1^1*s2^3,
t1^2*t2^5*s2^3,
t1^3*t2^4*s2^3,
v^1*t1^2*t2^4*s2^3,
t1^4*t2^3*s2^3,
t1^5*t2^2*s2^3,
u^1*t1^4*t2^2*s2^3,
u^2*t1^3*t2^2*s2^3,
u^3*t1^2*t2^2*s2^3,
t1^6*t2^1*s2^3,
v^1*t1^5*t2^1*s2^3,
u^1*t1^5*t2^1*s2^3,
u^2*t1^4*t2^1*s2^3,
u^3*t1^3*t2^1*s2^3,
u^4*t1^2*t2^1*s2^3,
t1^7*s2^3,
v^1*t1^6*s2^3,
u^1*t1^6*s2^3,
u^1*v^1*t1^5*s2^3,
u^2*t1^5*s2^3,
u^2*v^1*t1^4*s2^3,
u^3*t1^4*s2^3,
u^3*v^1*t1^3*s2^3,
u^4*t1^3*s2^3,
u^4*v^1*t1^2*s2^3,
u^5*t1^2*s2^3,
s1^8*s2^2,
t2^1*s1^7*s2^2,
t1^1*s1^7*s2^2,
v^1*s1^7*s2^2,
u^1*s1^7*s2^2,
t2^2*s1^6*s2^2,
t1^1*t2^1*s1^6*s2^2,
v^1*t2^1*s1^6*s2^2,
u^1*t2^1*s1^6*s2^2,
t1^2*s1^6*s2^2,
v^1*t1^1*s1^6*s2^2,
u^1*t1^1*s1^6*s2^2,
t2^3*s1^5*s2^2,
t1^1*t2^2*s1^5*s2^2,
v^1*t2^2*s1^5*s2^2,
u^1*t2^2*s1^5*s2^2,
t1^2*t2^1*s1^5*s2^2,
v^1*t1^1*t2^1*s1^5*s2^2,
u^1*t1^1*t2^1*s1^5*s2^2,
t1^3*s1^5*s2^2,
v^1*t1^2*s1^5*s2^2,
u^1*t1^2*s1^5*s2^2,
t2^4*s1^4*s2^2,
t1^1*t2^3*s1^4*s2^2,
v^1*t2^3*s1^4*s2^2,
u^1*t2^3*s1^4*s2^2,
t1^2*t2^2*s1^4*s2^2,
v^1*t1^1*t2^2*s1^4*s2^2,
u^1*t1^1*t2^2*s1^4*s2^2,
t1^3*t2^1*s1^4*s2^2,
v^1*t1^2*t2^1*s1^4*s2^2,
u^1*t1^2*t2^1*s1^4*s2^2,
t1^4*s1^4*s2^2,
v^1*t1^3*s1^4*s2^2,
u^1*t1^3*s1^4*s2^2,
t2^5*s1^3*s2^2,
t1^1*t2^4*s1^3*s2^2,
v^1*t2^4*s1^3*s2^2,
u^1*t2^4*s1^3*s2^2,
t1^2*t2^3*s1^3*s2^2,
v^1*t1^1*t2^3*s1^3*s2^2,
t1^3*t2^2*s1^3*s2^2,
v^1*t1^2*t2^2*s1^3*s2^2,
t1^4*t2^1*s1^3*s2^2,
v^1*t1^3*t2^1*s1^3*s2^2,
u^1*t1^3*t2^1*s1^3*s2^2,
t2^6*s1^2*s2^2,
t1^1*t2^5*s1^2*s2^2,
v^1*t2^5*s1^2*s2^2,
u^1*t2^5*s1^2*s2^2,
t1^2*t2^4*s1^2*s2^2,
v^1*t1^1*t2^4*s1^2*s2^2,
t1^3*t2^3*s1^2*s2^2,
v^1*t1^2*t2^3*s1^2*s2^2,
t1^4*t2^2*s1^2*s2^2,
t1^5*t2^1*s1^2*s2^2,
v^1*t1^4*t2^1*s1^2*s2^2,
u^1*t1^4*t2^1*s1^2*s2^2,
t1^1*t2^6*s1^1*s2^2,
t1^2*t2^5*s1^1*s2^2,
v^1*t1^1*t2^5*s1^1*s2^2,
t1^3*t2^4*s1^1*s2^2,
v^1*t1^2*t2^4*s1^1*s2^2,
t1^4*t2^3*s1^1*s2^2,
t1^4*t2^4*s2^2,
t1^5*t2^3*s2^2,
t2^4*s1^5*s2^1,
t2^5*s1^4*s2^1,
t1^1*t2^4*s1^4*s2^1,
v^1*t2^4*s1^4*s2^1,
u^1*t2^4*s1^4*s2^1,
t1^1*t2^5*s1^3*s2^1,
t1^2*t2^4*s1^3*s2^1,
v^1*t1^1*t2^4*s1^3*s2^1,
t1^2*t2^5*s1^2*s2^1,
t2^5*s1^5,
t1^1*t2^5*s1^4,
t1^2*t2^5*s1^3]:


------------------------------------------------------------------------------------
msolve overall time           2.07 sec (elapsed) /  2.02 sec (cpu)
------------------------------------------------------------------------------------
