Initial seed for pseudo-random number generator is 0

--------------- INPUT DATA ---------------
#variables                       6
#equations                       7
#invalid equations               0
field characteristic            17
homogeneous input?               0
signature-based computation      0
monomial order                 DRL
basis hash table resetting     OFF
linear algebra option            2
initial hash table size     131072 (2^17)
max pair selection             ALL
reduce gb                        1
#threads                         1
info level                       2
generate pbm files               0
------------------------------------------

Legend for f4 information
--------------------------------------------------------
deg       current degree of pairs selected in this round
sel       number of pairs selected in this round
pairs     total number of pairs in pair list
mat       matrix dimensions (# rows x # columns)
density   density of the matrix
new data  # new elements for basis in this round
          # zero reductions during linear algebra
time(rd)  time of the current f4 round in seconds given
          for real and cpu time
--------------------------------------------------------

deg     sel   pairs        mat          density            new data         time(rd) in sec (real|cpu)
------------------------------------------------------------------------------------------------------
  6       2       4      10 x 68         13.24%        2 new       0 zero         0.00 | 0.00         
  6       2      10      17 x 93         14.74%        2 new       0 zero         0.00 | 0.00         
  6       4      14      25 x 135        13.42%        2 new       2 zero         0.00 | 0.00         
  6       2      14      33 x 151        13.02%        0 new       2 zero         0.00 | 0.00         
  7       6      12      44 x 300         5.36%        5 new       1 zero         0.00 | 0.00         
  7       8      34      59 x 418         9.31%        1 new       7 zero         0.00 | 0.00         
  7       4      30      41 x 387        10.13%        2 new       2 zero         0.00 | 0.00         
  8      15      33     135 x 776         6.95%        6 new       9 zero         0.00 | 0.00         
  8      17      39     300 x 1184        5.71%        1 new      16 zero         0.00 | 0.00         
  9       4      28     283 x 1355        5.30%        2 new       2 zero         0.00 | 0.00         
 10       7      35     600 x 2091        3.88%        2 new       5 zero         0.00 | 0.00         
 11      11      39    1027 x 3215        2.62%        6 new       5 zero         0.00 | 0.00         
 11       4      61      58 x 253         6.95%        4 new       0 zero         0.00 | 0.00         
 11       8      85      84 x 311         8.24%        4 new       4 zero         0.00 | 0.00         
 11       8      94     100 x 363         8.20%        4 new       4 zero         0.00 | 0.00         
 11       6     114     114 x 395         7.72%        2 new       4 zero         0.00 | 0.00         
 11       2     118      70 x 371        12.24%        0 new       2 zero         0.00 | 0.00         
 12      27     116    1915 x 5736        1.52%        8 new      19 zero         0.00 | 0.00         
 12       6     134     501 x 1265        2.91%        4 new       2 zero         0.00 | 0.00         
 12       6     146     577 x 1361        3.13%        2 new       4 zero         0.00 | 0.00         
 13     104     152    4286 x 9926        0.94%       63 new      41 zero         0.01 | 0.01         
 12      14     313     694 x 1526        3.17%        8 new       6 zero         0.00 | 0.00         
 13     113     333    4643 x 10078       1.10%       35 new      78 zero         0.01 | 0.01         
 12       8     382     773 x 1663        3.16%        6 new       2 zero         0.00 | 0.00         
 13      50     408    2281 x 6041        1.43%       20 new      30 zero         0.01 | 0.01         
 12       8     445     809 x 1685        3.63%        6 new       2 zero         0.00 | 0.00         
 12      16     447     965 x 1861        3.22%       12 new       4 zero         0.00 | 0.00         
 12      32     479     970 x 1853        3.78%       30 new       3 zero         0.00 | 0.00         
 12     102     542    1033 x 1813        5.60%       56 new      48 zero         0.01 | 0.01         
 11      64     596     853 x 1651        5.88%       64 new       0 zero         0.01 | 0.01         
 11     236     736    1061 x 1635        9.45%       94 new     142 zero         0.01 | 0.01         
 10     172     771     845 x 1385       10.82%       58 new     114 zero         0.01 | 0.01         
 10     214     762     905 x 1353       11.48%       36 new     178 zero         0.01 | 0.01         
 10     136     641     840 x 1342       10.90%       28 new     108 zero         0.01 | 0.01         
  9       8     584     533 x 1139        9.80%        8 new       0 zero         0.00 | 0.00         
  9      16     600     551 x 1141       10.10%       12 new       4 zero         0.00 | 0.00         
  9      42     592     623 x 2211        6.01%       20 new      22 zero         0.00 | 0.00         
  9      42     569     624 x 2186        6.99%       14 new      28 zero         0.00 | 0.00         
  9      22     548     601 x 2167        7.55%       10 new      12 zero         0.00 | 0.00         
  9      20     546     601 x 2155        7.85%       16 new       4 zero         0.00 | 0.00         
  9      24     572     609 x 2143        8.56%       20 new       4 zero         0.00 | 0.00         
  9      70     583     668 x 2133        9.65%       46 new      25 zero         0.01 | 0.01         
  9     152     698     798 x 2095        9.88%       74 new      79 zero         0.02 | 0.01         
  8      24     805     171 x 619        37.84%       20 new       4 zero         0.00 | 0.00         
  7       8     782      23 x 33         47.83%        4 new       4 zero         0.00 | 0.00         
  6       8     734      21 x 27         48.85%        4 new       4 zero         0.00 | 0.00         
  5       8     682      19 x 21         51.88%        4 new       4 zero         0.00 | 0.00         
  3       2     633       5 x 9          51.11%        2 new       0 zero         0.00 | 0.00         
  3       2     571       7 x 9          55.56%        2 new       0 zero         0.00 | 0.00         
  2       2     496       6 x 6          50.00%        1 new       1 zero         0.00 | 0.00         
  2       1     430       3 x 3          77.78%        0 new       1 zero         0.00 | 0.00         
  3       1     429       5 x 5          56.00%        0 new       1 zero         0.00 | 0.00         
  4       7     428      39 x 43          8.94%        3 new       4 zero         0.00 | 0.00         
------------------------------------------------------------------------------------------------------
reduce final basis        1 x 1         100.00%        1 new       0 zero         0.00 | 0.00         
------------------------------------------------------------------------------------------------------

---------------- TIMINGS ----------------
overall(elapsed)        0.15 sec
overall(cpu)            0.14 sec
select                  0.01 sec   9.5%
symbolic prep.          0.03 sec  20.3%
update                  0.06 sec  41.1%
convert                 0.01 sec   6.3%
linear algebra          0.03 sec  21.4%
reduce gb               0.00 sec   0.0%
-----------------------------------------

---------- COMPUTATIONAL DATA -----------
size of basis                     1
#terms in basis                   1
#pairs reduced                 1877
#GM criterion                351801
#redundant elements             841
#rows reduced                  3765
#zero reductions               1047
max. matrix data               4643 x 10078 (1.097%)
max. symbolic hash table size  2^14
max. basis hash table size     2^17
-----------------------------------------

#Leading ideal data
#---
#field characteristic: 17
#variable order:       u, v, t1, t2, s1, s2
#monomial order:       graded reverse lexicographical
#length of basis:      1 element
#---
[1]:
Grobner basis has a single element
No solution


------------------------------------------------------------------------------------
msolve overall time           0.15 sec (elapsed) /  0.14 sec (cpu)
------------------------------------------------------------------------------------
