Initial seed for pseudo-random number generator is 0

--------------- INPUT DATA ---------------
#variables                      16
#equations                      32
#invalid equations               0
field characteristic             2
homogeneous input?               0
signature-based computation      0
monomial order                 DRL
basis hash table resetting     OFF
linear algebra option            2
initial hash table size     131072 (2^17)
max pair selection             ALL
reduce gb                        1
#threads                         1
info level                       2
generate pbm files               0
------------------------------------------

Legend for f4 information
--------------------------------------------------------
deg       current degree of pairs selected in this round
sel       number of pairs selected in this round
pairs     total number of pairs in pair list
mat       matrix dimensions (# rows x # columns)
density   density of the matrix
new data  # new elements for basis in this round
          # zero reductions during linear algebra
time(rd)  time of the current f4 round in seconds given
          for real and cpu time
--------------------------------------------------------

deg     sel   pairs        mat          density            new data         time(rd) in sec (real|cpu)
------------------------------------------------------------------------------------------------------
  2       2      56       3 x 18         62.96%        2 new       0 zero         0.00 | 0.00         
  2       2      61       7 x 13         21.98%        1 new       1 zero         0.00 | 0.00         
  3      20      62     135 x 228         2.42%        9 new      11 zero         0.00 | 0.00         
  3       5     108      48 x 78          6.62%        5 new       0 zero         0.00 | 0.00         
  3      11     131      46 x 63          8.35%        5 new       6 zero         0.00 | 0.00         
  3      19     133     128 x 132         4.56%        4 new      15 zero         0.00 | 0.00         
  3      21     124     112 x 110         5.26%        3 new      18 zero         0.00 | 0.00         
  3      20     115      94 x 89          5.40%        1 new      19 zero         0.00 | 0.00         
  4     100     104     814 x 936         0.67%       71 new      29 zero         0.00 | 0.00         
  2      29     272      81 x 80          3.80%        4 new      25 zero         0.00 | 0.00         
  2       8     230      28 x 40          8.57%        0 new       8 zero         0.00 | 0.00         
  3     142     222     412 x 311         1.34%        9 new     133 zero         0.00 | 0.00         
  2      11     107      39 x 43          8.65%        0 new      11 zero         0.00 | 0.00         
  4      78      96     723 x 704         0.59%        2 new      76 zero         0.00 | 0.00         
  4      16      34     153 x 187         1.98%        4 new      12 zero         0.00 | 0.00         
  4      36      54     494 x 532         0.84%        0 new      36 zero         0.00 | 0.00         
  5      18      18    1062 x 1126        0.33%        1 new      17 zero         0.00 | 0.00         
  5       9       9     398 x 470         0.86%        0 new       9 zero         0.00 | 0.00         
------------------------------------------------------------------------------------------------------
reduce final basis      111 x 157         2.48%       36 new       0 zero         0.00 | 0.00         
------------------------------------------------------------------------------------------------------

---------------- TIMINGS ----------------
overall(elapsed)        0.01 sec
overall(cpu)            0.01 sec
select                  0.00 sec   7.7%
symbolic prep.          0.00 sec   9.9%
update                  0.00 sec  56.3%
convert                 0.00 sec  10.8%
linear algebra          0.00 sec   9.3%
reduce gb               0.00 sec   0.0%
-----------------------------------------

---------- COMPUTATIONAL DATA -----------
size of basis                    36
#terms in basis                 189
#pairs reduced                  547
#GM criterion                 11081
#redundant elements             117
#rows reduced                  1130
#zero reductions                426
max. matrix data               1062 x 1126 (0.335%)
max. symbolic hash table size  2^11
max. basis hash table size     2^16
-----------------------------------------

#Leading ideal data
#---
#field characteristic: 2
#variable order:       x1_0, x1_1, x2_0, x2_1, x3_0, x3_1, x4_0, x4_1, u0, u1, u2, u3, v0, v1, v2, v3
#monomial order:       graded reverse lexicographical
#length of basis:      36 elements sorted by increasing leading monomials
#---
[v3^1,
v1^1,
u3^1,
u2^1,
u1^1,
x3_1^1,
x1_1^1,
v2^2,
v0^2,
u0^1*v0^1,
u0^2,
x4_1^2,
x4_0^1*x4_1^1,
x3_0^1*x4_1^1,
x4_0^2,
x3_0^2,
x2_1^2,
x2_0^1*x2_1^1,
x1_0^1*x2_1^1,
x2_0^2,
x1_0^2,
x4_1^1*v0^1*v2^1,
x3_0^1*v0^1*v2^1,
x2_1^1*v0^1*v2^1,
x4_1^1*u0^1*v2^1,
x2_1^1*u0^1*v2^1,
x1_0^1*u0^1*v2^1,
x3_0^1*x4_0^1*v2^1,
x1_0^1*x2_0^1*v2^1,
x2_1^1*x4_1^1*v0^1,
x3_0^1*x4_0^1*v0^1,
x2_1^1*x3_0^1*v0^1,
x2_1^1*x4_1^1*u0^1,
x1_0^1*x4_1^1*u0^1,
x1_0^1*x2_0^1*u0^1,
x1_0^1*x2_0^1*x3_0^1*x4_0^1]:


------------------------------------------------------------------------------------
msolve overall time           0.01 sec (elapsed) /  0.01 sec (cpu)
------------------------------------------------------------------------------------
