Initial seed for pseudo-random number generator is 0

--------------- INPUT DATA ---------------
#variables                      24
#equations                      70
#invalid equations               0
field characteristic             2
homogeneous input?               0
signature-based computation      0
monomial order                 DRL
basis hash table resetting     OFF
linear algebra option            2
initial hash table size     131072 (2^17)
max pair selection             ALL
reduce gb                        1
#threads                         1
info level                       2
generate pbm files               0
------------------------------------------

Legend for f4 information
--------------------------------------------------------
deg       current degree of pairs selected in this round
sel       number of pairs selected in this round
pairs     total number of pairs in pair list
mat       matrix dimensions (# rows x # columns)
density   density of the matrix
new data  # new elements for basis in this round
          # zero reductions during linear algebra
time(rd)  time of the current f4 round in seconds given
          for real and cpu time
--------------------------------------------------------

deg     sel   pairs        mat          density            new data         time(rd) in sec (real|cpu)
------------------------------------------------------------------------------------------------------
  2       6     146      16 x 119        16.91%        6 new       0 zero         0.00 | 0.00         
  2       2     174      10 x 35         16.86%        1 new       1 zero         0.00 | 0.00         
  3     104     178     794 x 1568        0.65%       96 new       8 zero         0.01 | 0.01         
  3      11    1198     261 x 646         1.51%       11 new       0 zero         0.00 | 0.00         
  4    1221    1324    7964 x 10454       0.19%      633 new     588 zero         0.26 | 0.22         
  2       7    4400      15 x 8          13.33%        0 new       7 zero         0.00 | 0.00         
  3     184    4393    1115 x 1457        1.80%       93 new      91 zero         0.05 | 0.05         
  3     426    3885    1838 x 2035        1.07%      128 new     298 zero         0.08 | 0.07         
  3     674    3597    2511 x 2269        0.76%       81 new     598 zero         0.08 | 0.06         
  3     303    3639    1782 x 1818        0.78%       16 new     288 zero         0.01 | 0.01         
  4    3602    3667   15648 x 12654       0.24%      131 new    3488 zero         0.25 | 0.20         
  3      38    2351    1451 x 1711        0.97%        0 new      38 zero         0.00 | 0.00         
  4    1429    2313   12477 x 11486       0.19%       39 new    1390 zero         0.11 | 0.10         
  4     119    1730    9473 x 9772        0.18%        0 new     119 zero         0.03 | 0.02         
  5    1611    1611   40745 x 39570       0.05%       48 new    1563 zero         0.26 | 0.24         
  5    1056    1056   39489 x 38821       0.05%        0 new    1056 zero         0.28 | 0.26         
------------------------------------------------------------------------------------------------------
reduce final basis     2393 x 2779        0.69%      428 new       0 zero         0.01 | 0.01         
------------------------------------------------------------------------------------------------------

---------------- TIMINGS ----------------
overall(elapsed)        1.44 sec
overall(cpu)            1.27 sec
select                  0.04 sec   3.0%
symbolic prep.          0.16 sec  11.3%
update                  0.60 sec  42.0%
convert                 0.03 sec   2.2%
linear algebra          0.59 sec  40.8%
reduce gb               0.00 sec   0.0%
-----------------------------------------

---------- COMPUTATIONAL DATA -----------
size of basis                   428
#terms in basis               21946
#pairs reduced                10793
#GM criterion                903835
#redundant elements             925
#rows reduced                 22060
#zero reductions               9533
max. matrix data              40745 x 39570 (0.048%)
max. symbolic hash table size  2^16
max. basis hash table size     2^19
-----------------------------------------

#Leading ideal data
#---
#field characteristic: 2
#variable order:       t1_0, t1_1, t1_2, t2_0, t2_1, t2_2, s1_0, s1_1, s1_2, s2_0, s2_1, s2_2, u0, u1, u2, u3, u4, u5, v0, v1, v2, v3, v4, v5
#monomial order:       graded reverse lexicographical
#length of basis:      428 elements sorted by increasing leading monomials
#---
[v3^1,
u3^1,
v5^2,
u0^1*v5^1,
v4^2,
v1^1*v4^1,
u5^1*v4^1,
u4^1*v4^1,
u2^1*v4^1,
u1^1*v4^1,
u0^1*v4^1,
v2^2,
v1^1*v2^1,
v0^1*v2^1,
u5^1*v2^1,
u4^1*v2^1,
u2^1*v2^1,
u1^1*v2^1,
u0^1*v2^1,
s2_0^1*v2^1,
s1_0^1*v2^1,
t2_2^1*v2^1,
t2_1^1*v2^1,
t2_0^1*v2^1,
t1_2^1*v2^1,
t1_1^1*v2^1,
t1_0^1*v2^1,
v1^2,
v0^1*v1^1,
u5^1*v1^1,
u4^1*v1^1,
u2^1*v1^1,
u1^1*v1^1,
u0^1*v1^1,
s2_1^1*v1^1,
s2_0^1*v1^1,
t2_2^1*v1^1,
t2_1^1*v1^1,
t2_0^1*v1^1,
t1_2^1*v1^1,
t1_1^1*v1^1,
t1_0^1*v1^1,
v0^2,
u4^1*v0^1,
u2^1*v0^1,
u1^1*v0^1,
u0^1*v0^1,
s2_0^1*v0^1,
s1_0^1*v0^1,
t2_2^1*v0^1,
t2_1^1*v0^1,
t2_0^1*v0^1,
u5^2,
u4^1*u5^1,
u2^1*u5^1,
u1^1*u5^1,
u0^1*u5^1,
u4^2,
u2^1*u4^1,
u1^1*u4^1,
u0^1*u4^1,
t1_2^1*u4^1,
t1_1^1*u4^1,
t1_0^1*u4^1,
u2^2,
u1^1*u2^1,
u0^1*u2^1,
s2_1^1*u2^1,
s2_0^1*u2^1,
s1_2^1*u2^1,
s1_1^1*u2^1,
s1_0^1*u2^1,
t2_2^1*u2^1,
t2_1^1*u2^1,
t2_0^1*u2^1,
t1_2^1*u2^1,
t1_1^1*u2^1,
t1_0^1*u2^1,
u1^2,
u0^1*u1^1,
s2_1^1*u1^1,
s2_0^1*u1^1,
s1_2^1*u1^1,
s1_1^1*u1^1,
s1_0^1*u1^1,
t2_2^1*u1^1,
t2_1^1*u1^1,
t2_0^1*u1^1,
t1_2^1*u1^1,
t1_1^1*u1^1,
t1_0^1*u1^1,
u0^2,
s2_2^1*u0^1,
s2_1^1*u0^1,
s2_0^1*u0^1,
s1_2^1*u0^1,
s1_1^1*u0^1,
s1_0^1*u0^1,
t2_2^1*u0^1,
t2_1^1*u0^1,
t2_0^1*u0^1,
t1_2^1*u0^1,
t1_1^1*u0^1,
t1_0^1*u0^1,
s2_2^2,
s2_0^1*s2_2^1,
s2_1^2,
s2_0^1*s2_1^1,
t2_2^1*s2_1^1,
s2_0^2,
t2_2^1*s2_0^1,
t2_1^1*s2_0^1,
t2_0^1*s2_0^1,
t1_1^1*s2_0^1,
s1_2^2,
s1_0^1*s1_2^1,
s1_1^2,
s1_0^1*s1_1^1,
t1_2^1*s1_1^1,
s1_0^2,
t2_1^1*s1_0^1,
t1_2^1*s1_0^1,
t1_1^1*s1_0^1,
t1_0^1*s1_0^1,
t2_2^2,
t2_1^2,
t2_0^2,
t1_2^2,
t1_1^2,
t1_0^2,
v2^1*v4^1*v5^1,
v0^1*v4^1*v5^1,
s2_0^1*v4^1*v5^1,
s1_0^1*v4^1*v5^1,
t2_1^1*v4^1*v5^1,
t2_0^1*v4^1*v5^1,
t1_1^1*v4^1*v5^1,
s2_2^1*v2^1*v5^1,
s2_1^1*v2^1*v5^1,
s1_2^1*v2^1*v5^1,
s1_1^1*v2^1*v5^1,
s2_2^1*v1^1*v5^1,
s1_2^1*v1^1*v5^1,
s1_1^1*v1^1*v5^1,
s1_0^1*v1^1*v5^1,
u5^1*v0^1*v5^1,
s2_2^1*v0^1*v5^1,
t1_1^1*v0^1*v5^1,
s2_0^1*u5^1*v5^1,
s1_2^1*u5^1*v5^1,
s1_1^1*u5^1*v5^1,
s1_0^1*u5^1*v5^1,
t2_1^1*u5^1*v5^1,
t2_0^1*u5^1*v5^1,
t1_2^1*u5^1*v5^1,
t1_1^1*u5^1*v5^1,
t1_0^1*u5^1*v5^1,
s2_1^1*u4^1*v5^1,
s2_0^1*u4^1*v5^1,
s1_2^1*u4^1*v5^1,
s1_1^1*u4^1*v5^1,
s1_0^1*u4^1*v5^1,
t2_2^1*u4^1*v5^1,
t2_1^1*u4^1*v5^1,
t2_0^1*u4^1*v5^1,
s2_2^1*u2^1*v5^1,
s2_2^1*u1^1*v5^1,
s2_1^1*s2_2^1*v5^1,
t2_2^1*s2_2^1*v5^1,
t2_1^1*s2_2^1*v5^1,
t2_0^1*s2_2^1*v5^1,
t2_1^1*s2_1^1*v5^1,
t2_0^1*s2_1^1*v5^1,
s1_0^1*s2_0^1*v5^1,
t1_2^1*s2_0^1*v5^1,
t1_0^1*s2_0^1*v5^1,
t1_0^1*s1_2^1*v5^1,
t2_2^1*s1_0^1*v5^1,
t2_0^1*s1_0^1*v5^1,
t2_1^1*t2_2^1*v5^1,
t2_0^1*t2_2^1*v5^1,
t2_0^1*t2_1^1*v5^1,
t1_1^1*t1_2^1*v5^1,
s2_2^1*v2^1*v4^1,
s2_1^1*v2^1*v4^1,
s1_2^1*v2^1*v4^1,
s1_1^1*v2^1*v4^1,
s2_2^1*v0^1*v4^1,
s2_1^1*v0^1*v4^1,
s1_1^1*v0^1*v4^1,
t1_2^1*v0^1*v4^1,
t1_1^1*v0^1*v4^1,
t1_0^1*v0^1*v4^1,
s2_1^1*s2_2^1*v4^1,
s1_0^1*s2_2^1*v4^1,
t2_2^1*s2_2^1*v4^1,
t2_1^1*s2_2^1*v4^1,
t2_0^1*s2_2^1*v4^1,
t2_1^1*s2_1^1*v4^1,
t2_0^1*s2_1^1*v4^1,
s1_2^1*s2_0^1*v4^1,
s1_1^1*s2_0^1*v4^1,
s1_0^1*s2_0^1*v4^1,
t1_2^1*s2_0^1*v4^1,
t1_0^1*s2_0^1*v4^1,
s1_1^1*s1_2^1*v4^1,
t1_1^1*s1_2^1*v4^1,
t1_0^1*s1_2^1*v4^1,
t1_1^1*s1_1^1*v4^1,
t1_0^1*s1_1^1*v4^1,
t2_2^1*s1_0^1*v4^1,
t2_0^1*s1_0^1*v4^1,
t2_1^1*t2_2^1*v4^1,
t2_0^1*t2_2^1*v4^1,
t2_0^1*t2_1^1*v4^1,
t1_1^1*t1_2^1*v4^1,
t1_0^1*t1_2^1*v4^1,
t1_0^1*t1_1^1*v4^1,
s2_1^1*s2_2^1*v2^1,
s1_1^1*s2_2^1*v2^1,
s1_2^1*s2_1^1*v2^1,
s1_1^1*s2_1^1*v2^1,
s1_1^1*s1_2^1*v2^1,
s1_1^1*s2_2^1*v1^1,
s1_0^1*s2_2^1*v1^1,
s1_1^1*s1_2^1*v1^1,
s2_1^1*u5^1*v0^1,
s1_2^1*u5^1*v0^1,
s1_1^1*u5^1*v0^1,
t1_2^1*u5^1*v0^1,
t1_1^1*u5^1*v0^1,
t1_0^1*u5^1*v0^1,
s2_1^1*s2_2^1*v0^1,
s1_1^1*s1_2^1*v0^1,
t1_2^1*s1_2^1*v0^1,
t1_1^1*s1_2^1*v0^1,
t1_0^1*s1_2^1*v0^1,
t1_1^1*s1_1^1*v0^1,
t1_0^1*s1_1^1*v0^1,
t1_1^1*t1_2^1*v0^1,
t1_0^1*t1_2^1*v0^1,
t1_0^1*t1_1^1*v0^1,
s1_0^1*s2_2^1*u5^1,
t2_0^1*s2_2^1*u5^1,
s1_0^1*s2_1^1*u5^1,
s1_2^1*s2_0^1*u5^1,
s1_1^1*s2_0^1*u5^1,
s1_0^1*s2_0^1*u5^1,
t1_2^1*s2_0^1*u5^1,
t1_0^1*s2_0^1*u5^1,
s1_1^1*s1_2^1*u5^1,
t1_2^1*s1_2^1*u5^1,
t1_1^1*s1_2^1*u5^1,
t1_0^1*s1_2^1*u5^1,
t2_2^1*s1_1^1*u5^1,
t2_0^1*s1_1^1*u5^1,
t1_1^1*s1_1^1*u5^1,
t1_0^1*s1_1^1*u5^1,
t2_2^1*s1_0^1*u5^1,
t2_0^1*s1_0^1*u5^1,
t2_1^1*t2_2^1*u5^1,
t1_2^1*t2_2^1*u5^1,
t1_1^1*t2_2^1*u5^1,
t1_0^1*t2_2^1*u5^1,
t1_2^1*t2_1^1*u5^1,
t1_1^1*t2_1^1*u5^1,
t1_0^1*t2_1^1*u5^1,
t1_2^1*t2_0^1*u5^1,
t1_1^1*t2_0^1*u5^1,
t1_0^1*t2_0^1*u5^1,
t1_1^1*t1_2^1*u5^1,
t1_0^1*t1_2^1*u5^1,
t1_0^1*t1_1^1*u5^1,
s2_1^1*s2_2^1*u4^1,
s1_1^1*s2_2^1*u4^1,
s1_0^1*s2_2^1*u4^1,
t2_1^1*s2_2^1*u4^1,
t2_0^1*s2_2^1*u4^1,
s1_1^1*s2_1^1*u4^1,
s1_0^1*s2_1^1*u4^1,
t2_1^1*s2_1^1*u4^1,
t2_0^1*s2_1^1*u4^1,
s1_2^1*s2_0^1*u4^1,
s1_1^1*s2_0^1*u4^1,
s1_0^1*s2_0^1*u4^1,
s1_1^1*s1_2^1*u4^1,
t2_1^1*s1_2^1*u4^1,
t2_0^1*s1_2^1*u4^1,
t2_2^1*s1_1^1*u4^1,
t2_1^1*s1_1^1*u4^1,
t2_0^1*s1_1^1*u4^1,
t2_2^1*s1_0^1*u4^1,
t2_0^1*s1_0^1*u4^1,
t2_1^1*t2_2^1*u4^1,
t2_0^1*t2_2^1*u4^1,
t2_0^1*t2_1^1*u4^1,
t2_1^1*s2_1^1*s2_2^1,
t2_0^1*s2_1^1*s2_2^1,
t2_0^1*s1_0^1*s2_2^1,
t2_1^1*t2_2^1*s2_2^1,
t2_0^1*t2_2^1*s2_2^1,
t2_0^1*t2_1^1*s2_2^1,
t2_0^1*s1_0^1*s2_1^1,
t2_0^1*t2_1^1*s2_1^1,
t1_0^1*s1_2^1*s2_0^1,
t1_0^1*s1_1^1*s2_0^1,
t1_0^1*t1_2^1*s2_0^1,
t1_1^1*s1_1^1*s1_2^1,
t1_0^1*s1_1^1*s1_2^1,
t1_1^1*t1_2^1*s1_2^1,
t1_0^1*t1_2^1*s1_2^1,
t1_0^1*t1_1^1*s1_2^1,
t1_0^1*t1_1^1*s1_1^1,
t2_0^1*t2_2^1*s1_0^1,
t2_0^1*t2_1^1*t2_2^1,
t1_1^1*t2_1^1*t2_2^1,
t1_0^1*t2_1^1*t2_2^1,
t1_1^1*t1_2^1*t2_1^1,
t1_1^1*t1_2^1*t2_0^1,
t1_0^1*t1_1^1*t1_2^1,
s1_2^1*s2_2^1*v4^1*v5^1,
s1_1^1*s2_2^1*v4^1*v5^1,
t1_2^1*s2_2^1*v4^1*v5^1,
t1_0^1*s2_2^1*v4^1*v5^1,
s1_2^1*s2_1^1*v4^1*v5^1,
s1_1^1*s2_1^1*v4^1*v5^1,
t1_2^1*s2_1^1*v4^1*v5^1,
t1_0^1*s2_1^1*v4^1*v5^1,
t2_2^1*s1_2^1*v4^1*v5^1,
t1_2^1*s1_2^1*v4^1*v5^1,
t2_2^1*s1_1^1*v4^1*v5^1,
t1_2^1*t2_2^1*v4^1*v5^1,
t1_0^1*t2_2^1*v4^1*v5^1,
s1_2^1*s2_1^1*v0^1*v5^1,
s1_1^1*s2_1^1*v0^1*v5^1,
t1_2^1*s2_1^1*v0^1*v5^1,
t1_0^1*s2_1^1*v0^1*v5^1,
t1_0^1*t1_2^1*s2_2^1*v5^1,
t1_0^1*t1_1^1*s2_2^1*v5^1,
s1_1^1*s1_2^1*s2_1^1*v5^1,
t1_2^1*s1_2^1*s2_1^1*v5^1,
t1_1^1*s1_2^1*s2_1^1*v5^1,
t1_1^1*s1_1^1*s2_1^1*v5^1,
t1_0^1*s1_1^1*s2_1^1*v5^1,
t1_0^1*t1_2^1*s2_1^1*v5^1,
t1_0^1*t1_1^1*s2_1^1*v5^1,
s1_1^1*s1_2^1*s2_0^1*v5^1,
t2_2^1*s1_1^1*s1_2^1*v5^1,
t2_1^1*s1_1^1*s1_2^1*v5^1,
t2_0^1*s1_1^1*s1_2^1*v5^1,
t1_2^1*t2_2^1*s1_2^1*v5^1,
t1_1^1*t2_2^1*s1_2^1*v5^1,
t1_2^1*t2_1^1*s1_2^1*v5^1,
t1_1^1*t2_1^1*s1_2^1*v5^1,
t1_2^1*t2_0^1*s1_2^1*v5^1,
t1_1^1*t2_0^1*s1_2^1*v5^1,
t1_1^1*t2_2^1*s1_1^1*v5^1,
t1_0^1*t2_2^1*s1_1^1*v5^1,
t1_1^1*t2_1^1*s1_1^1*v5^1,
t1_0^1*t2_1^1*s1_1^1*v5^1,
t1_1^1*t2_0^1*s1_1^1*v5^1,
t1_0^1*t2_0^1*s1_1^1*v5^1,
t1_0^1*t1_2^1*t2_2^1*v5^1,
t1_0^1*t1_1^1*t2_2^1*v5^1,
t1_0^1*t1_2^1*t2_1^1*v5^1,
t1_0^1*t1_1^1*t2_1^1*v5^1,
t1_0^1*t1_2^1*t2_0^1*v5^1,
t1_0^1*t1_1^1*t2_0^1*v5^1,
t1_2^1*s1_2^1*s2_1^1*v4^1,
t1_2^1*t2_2^1*s1_2^1*v4^1,
t1_2^1*t2_1^1*s1_2^1*v4^1,
t1_2^1*t2_0^1*s1_2^1*v4^1,
t1_2^1*s2_1^1*s2_2^1*u5^1,
t1_1^1*s2_1^1*s2_2^1*u5^1,
t1_0^1*s2_1^1*s2_2^1*u5^1,
t2_1^1*s1_2^1*s2_2^1*u5^1,
t2_1^1*s1_1^1*s2_2^1*u5^1,
t2_1^1*s1_1^1*s2_1^1*u5^1,
t2_0^1*t2_2^1*s1_2^1*u5^1,
t2_0^1*t2_1^1*s1_2^1*u5^1,
s1_1^1*s1_2^1*s2_1^1*s2_2^1,
t1_0^1*s1_2^1*s2_1^1*s2_2^1,
t1_0^1*s1_1^1*s2_1^1*s2_2^1,
t1_1^1*t1_2^1*s2_1^1*s2_2^1,
t1_0^1*t1_2^1*s2_1^1*s2_2^1,
t1_0^1*t1_1^1*s2_1^1*s2_2^1,
t2_0^1*s1_1^1*s1_2^1*s2_2^1,
t1_2^1*t2_0^1*s1_2^1*s2_2^1,
t1_1^1*t2_0^1*s1_2^1*s2_2^1,
t1_0^1*t2_0^1*s1_2^1*s2_2^1,
t1_0^1*t2_1^1*s1_1^1*s2_2^1,
t1_1^1*t2_0^1*s1_1^1*s2_2^1,
t1_0^1*t2_0^1*s1_1^1*s2_2^1,
t1_1^1*t1_2^1*t2_2^1*s2_2^1,
t1_0^1*t1_2^1*t2_2^1*s2_2^1,
t1_0^1*t1_1^1*t2_2^1*s2_2^1,
t1_0^1*t1_2^1*t2_1^1*s2_2^1,
t1_0^1*t1_1^1*t2_1^1*s2_2^1,
t1_0^1*t1_2^1*t2_0^1*s2_2^1,
t1_0^1*t1_1^1*t2_0^1*s2_2^1,
t2_0^1*s1_1^1*s1_2^1*s2_1^1,
t1_2^1*t2_0^1*s1_2^1*s2_1^1,
t1_1^1*t2_0^1*s1_2^1*s2_1^1,
t1_0^1*t2_0^1*s1_2^1*s2_1^1,
t1_1^1*t2_0^1*s1_1^1*s2_1^1,
t1_0^1*t2_0^1*s1_1^1*s2_1^1,
t1_0^1*t1_2^1*t2_1^1*s2_1^1,
t1_0^1*t1_1^1*t2_1^1*s2_1^1,
t1_0^1*t1_2^1*t2_0^1*s2_1^1,
t1_0^1*t1_1^1*t2_0^1*s2_1^1,
t2_1^1*t2_2^1*s1_1^1*s1_2^1,
t2_0^1*t2_2^1*s1_1^1*s1_2^1,
t2_0^1*t2_1^1*s1_1^1*s1_2^1,
t1_2^1*t2_1^1*t2_2^1*s1_2^1,
t1_2^1*t2_0^1*t2_2^1*s1_2^1,
t1_1^1*t2_0^1*t2_2^1*s1_2^1,
t1_0^1*t2_0^1*t2_2^1*s1_2^1,
t1_2^1*t2_0^1*t2_1^1*s1_2^1,
t1_1^1*t2_0^1*t2_1^1*s1_2^1,
t1_0^1*t2_0^1*t2_1^1*s1_2^1,
t1_1^1*t2_0^1*t2_2^1*s1_1^1,
t1_0^1*t2_0^1*t2_2^1*s1_1^1,
t1_1^1*t2_0^1*t2_1^1*s1_1^1,
t1_0^1*t2_0^1*t2_1^1*s1_1^1,
t1_0^1*t1_2^1*t2_0^1*t2_2^1,
t1_0^1*t1_1^1*t2_0^1*t2_2^1,
t1_0^1*t1_2^1*t2_0^1*t2_1^1,
t1_0^1*t1_1^1*t2_0^1*t2_1^1]:


------------------------------------------------------------------------------------
msolve overall time           1.44 sec (elapsed) /  1.27 sec (cpu)
------------------------------------------------------------------------------------
