Initial seed for pseudo-random number generator is 0

--------------- INPUT DATA ---------------
#variables                      24
#equations                      46
#invalid equations               0
field characteristic             2
homogeneous input?               0
signature-based computation      0
monomial order                 DRL
basis hash table resetting     OFF
linear algebra option            2
initial hash table size     131072 (2^17)
max pair selection             ALL
reduce gb                        1
#threads                         1
info level                       2
generate pbm files               0
------------------------------------------

Legend for f4 information
--------------------------------------------------------
deg       current degree of pairs selected in this round
sel       number of pairs selected in this round
pairs     total number of pairs in pair list
mat       matrix dimensions (# rows x # columns)
density   density of the matrix
new data  # new elements for basis in this round
          # zero reductions during linear algebra
time(rd)  time of the current f4 round in seconds given
          for real and cpu time
--------------------------------------------------------

deg     sel   pairs        mat          density            new data         time(rd) in sec (real|cpu)
------------------------------------------------------------------------------------------------------
  2       2      92       6 x 47         53.90%        2 new       0 zero         0.00 | 0.00         
  2       2     100      10 x 35         16.86%        1 new       1 zero         0.00 | 0.00         
  3      26     102     233 x 552         1.81%       21 new       5 zero         0.00 | 0.00         
  3       5     284     150 x 301         3.58%        5 new       0 zero         0.00 | 0.00         
  4     239     323    2394 x 4210        0.32%      151 new      88 zero         0.02 | 0.01         
  4     926    1722    7496 x 9657        0.30%      397 new     529 zero         0.13 | 0.12         
  2       1    4251       3 x 2          66.67%        0 new       1 zero         0.00 | 0.00         
  3      97    4250     595 x 948         1.93%       39 new      58 zero         0.02 | 0.02         
  3     229    2460     829 x 918         1.51%       15 new     216 zero         0.01 | 0.01         
  3      29    2195     673 x 1062        1.54%       23 new       6 zero         0.01 | 0.01         
  3      54    2148     957 x 1534        1.00%       10 new      44 zero         0.01 | 0.01         
  4    1548    2266   11330 x 12188       0.27%      384 new    1187 zero         0.25 | 0.25         
  3     448    3544    1968 x 2160        0.84%       39 new     409 zero         0.03 | 0.03         
  3     263    2846    1603 x 1882        0.76%       28 new     237 zero         0.02 | 0.02         
  4    1981    2849   12544 x 11690       0.16%       49 new    1946 zero         0.08 | 0.08         
  4     426    1828    9537 x 10218       0.18%       30 new     397 zero         0.04 | 0.04         
  4     132    1947    9292 x 10300       0.17%        8 new     124 zero         0.03 | 0.03         
  4      43    1937    8997 x 10002       0.16%        1 new      42 zero         0.02 | 0.02         
  5    1632    1916   47882 x 47598       0.04%       23 new    1614 zero         0.18 | 0.17         
  5      64     714   31288 x 32586       0.06%       14 new      50 zero         0.07 | 0.07         
  6     958     958  147549 x 147935      0.01%       51 new     914 zero         0.93 | 0.92         
  6    1056    1122  147724 x 147968      0.01%        0 new    1056 zero         1.05 | 1.04         
  7      66      66  193628 x 194862      0.01%        0 new      66 zero         0.56 | 0.47         
------------------------------------------------------------------------------------------------------
reduce final basis     7119 x 8407        0.20%      385 new       0 zero         0.03 | 0.02         
------------------------------------------------------------------------------------------------------

---------------- TIMINGS ----------------
overall(elapsed)        3.47 sec
overall(cpu)            3.33 sec
select                  0.07 sec   1.9%
symbolic prep.          0.89 sec  25.8%
update                  0.47 sec  13.5%
convert                 0.19 sec   5.6%
linear algebra          1.77 sec  51.1%
reduce gb               0.00 sec   0.0%
-----------------------------------------

---------- COMPUTATIONAL DATA -----------
size of basis                   385
#terms in basis               46867
#pairs reduced                10227
#GM criterion                882889
#redundant elements             952
#rows reduced                 20947
#zero reductions               8990
max. matrix data             193628 x 194862 (0.009%)
max. symbolic hash table size  2^18
max. basis hash table size     2^19
-----------------------------------------

#Leading ideal data
#---
#field characteristic: 2
#variable order:       x1_0, x1_1, x1_2, x2_0, x2_1, x2_2, x3_0, x3_1, x3_2, x4_0, x4_1, x4_2, u0, u1, u2, u3, u4, u5, v0, v1, v2, v3, v4, v5
#monomial order:       graded reverse lexicographical
#length of basis:      385 elements sorted by increasing leading monomials
#---
[v3^1,
u3^1,
v5^2,
u0^1*v5^1,
v4^2,
v1^1*v4^1,
u5^1*v4^1,
u4^1*v4^1,
u2^1*v4^1,
u1^1*v4^1,
u0^1*v4^1,
v2^2,
v1^1*v2^1,
v0^1*v2^1,
u5^1*v2^1,
u4^1*v2^1,
u2^1*v2^1,
u1^1*v2^1,
u0^1*v2^1,
x3_0^1*v2^1,
x1_0^1*v2^1,
v1^2,
v0^1*v1^1,
u5^1*v1^1,
u4^1*v1^1,
u2^1*v1^1,
u1^1*v1^1,
u0^1*v1^1,
x3_1^1*v1^1,
x3_0^1*v1^1,
v0^2,
u4^1*v0^1,
u2^1*v0^1,
u1^1*v0^1,
u0^1*v0^1,
x3_0^1*v0^1,
x1_0^1*v0^1,
u5^2,
u4^1*u5^1,
u2^1*u5^1,
u1^1*u5^1,
u0^1*u5^1,
u4^2,
u2^1*u4^1,
u1^1*u4^1,
u0^1*u4^1,
u2^2,
u1^1*u2^1,
u0^1*u2^1,
x4_0^1*u2^1,
x3_1^1*u2^1,
x3_0^1*u2^1,
x2_0^1*u2^1,
x1_2^1*u2^1,
x1_1^1*u2^1,
x1_0^1*u2^1,
u1^2,
u0^1*u1^1,
x4_0^1*u1^1,
x3_1^1*u1^1,
x3_0^1*u1^1,
x2_0^1*u1^1,
x1_2^1*u1^1,
x1_1^1*u1^1,
x1_0^1*u1^1,
u0^2,
x4_2^1*u0^1,
x4_1^1*u0^1,
x4_0^1*u0^1,
x3_2^1*u0^1,
x3_1^1*u0^1,
x3_0^1*u0^1,
x2_2^1*u0^1,
x2_1^1*u0^1,
x2_0^1*u0^1,
x1_2^1*u0^1,
x1_1^1*u0^1,
x1_0^1*u0^1,
x4_2^2,
x4_1^1*x4_2^1,
x3_0^1*x4_2^1,
x4_1^2,
x3_0^1*x4_1^1,
x4_0^2,
x3_0^1*x4_0^1,
x3_2^2,
x3_1^1*x3_2^1,
x3_0^1*x3_2^1,
x3_1^2,
x3_0^1*x3_1^1,
x3_0^2,
x2_2^2,
x2_1^1*x2_2^1,
x1_0^1*x2_2^1,
x2_1^2,
x1_0^1*x2_1^1,
x2_0^2,
x1_0^1*x2_0^1,
x1_2^2,
x1_1^1*x1_2^1,
x1_0^1*x1_2^1,
x1_1^2,
x1_0^1*x1_1^1,
x1_0^2,
v2^1*v4^1*v5^1,
v0^1*v4^1*v5^1,
x3_0^1*v4^1*v5^1,
x1_0^1*v4^1*v5^1,
x4_0^1*v2^1*v5^1,
x3_1^1*v2^1*v5^1,
x1_1^1*v2^1*v5^1,
x4_0^1*v1^1*v5^1,
x3_2^1*v1^1*v5^1,
x1_2^1*v1^1*v5^1,
x1_1^1*v1^1*v5^1,
x1_0^1*v1^1*v5^1,
u5^1*v0^1*v5^1,
x3_0^1*u5^1*v5^1,
x1_0^1*u5^1*v5^1,
x3_0^1*u4^1*v5^1,
x1_0^1*u4^1*v5^1,
x3_2^1*u2^1*v5^1,
x2_1^1*u2^1*v5^1,
x3_2^1*u1^1*v5^1,
x2_1^1*u1^1*v5^1,
x3_1^1*x4_0^1*v5^1,
x1_0^1*x3_0^1*v5^1,
x4_0^1*v2^1*v4^1,
x3_2^1*v2^1*v4^1,
x3_1^1*v2^1*v4^1,
x2_0^1*v2^1*v4^1,
x1_2^1*v2^1*v4^1,
x1_1^1*v2^1*v4^1,
x3_2^1*x4_0^1*v4^1,
x3_1^1*x4_0^1*v4^1,
x1_2^1*x3_0^1*v4^1,
x1_0^1*x3_0^1*v4^1,
x4_0^1*x4_2^1*v2^1,
x3_2^1*x4_2^1*v2^1,
x3_1^1*x4_2^1*v2^1,
x4_0^1*x4_1^1*v2^1,
x3_2^1*x4_1^1*v2^1,
x3_1^1*x4_1^1*v2^1,
x3_2^1*x4_0^1*v2^1,
x3_1^1*x4_0^1*v2^1,
x2_0^1*x4_0^1*v2^1,
x1_1^1*x4_0^1*v2^1,
x1_1^1*x3_2^1*v2^1,
x2_0^1*x3_1^1*v2^1,
x1_2^1*x3_1^1*v2^1,
x1_1^1*x3_1^1*v2^1,
x2_0^1*x2_2^1*v2^1,
x1_2^1*x2_2^1*v2^1,
x1_1^1*x2_2^1*v2^1,
x2_0^1*x2_1^1*v2^1,
x1_2^1*x2_1^1*v2^1,
x1_1^1*x2_1^1*v2^1,
x1_2^1*x2_0^1*v2^1,
x1_1^1*x2_0^1*v2^1,
x4_0^1*x4_2^1*v1^1,
x3_2^1*x4_2^1*v1^1,
x4_0^1*x4_1^1*v1^1,
x3_2^1*x4_1^1*v1^1,
x1_0^1*x4_1^1*v1^1,
x3_2^1*x4_0^1*v1^1,
x2_0^1*x4_0^1*v1^1,
x1_2^1*x4_0^1*v1^1,
x1_1^1*x4_0^1*v1^1,
x1_0^1*x4_0^1*v1^1,
x1_1^1*x3_2^1*v1^1,
x1_0^1*x3_2^1*v1^1,
x2_0^1*x2_2^1*v1^1,
x1_2^1*x2_2^1*v1^1,
x1_1^1*x2_2^1*v1^1,
x2_0^1*x2_1^1*v1^1,
x1_2^1*x2_1^1*v1^1,
x1_1^1*x2_1^1*v1^1,
x1_2^1*x2_0^1*v1^1,
x1_1^1*x2_0^1*v1^1,
x3_2^1*x4_2^1*v0^1,
x3_1^1*x4_2^1*v0^1,
x3_2^1*x4_1^1*v0^1,
x3_1^1*x4_1^1*v0^1,
x3_2^1*x4_0^1*v0^1,
x3_1^1*x4_0^1*v0^1,
x1_2^1*x2_1^1*v0^1,
x1_1^1*x2_1^1*v0^1,
x1_1^1*x2_0^1*v0^1,
x1_0^1*x4_0^1*u5^1,
x1_0^1*x3_2^1*u5^1,
x1_0^1*x3_1^1*u5^1,
x2_0^1*x3_0^1*u5^1,
x1_2^1*x3_0^1*u5^1,
x1_1^1*x3_0^1*u5^1,
x1_0^1*x3_0^1*u5^1,
x1_2^1*x2_1^1*u5^1,
x1_1^1*x2_0^1*u5^1,
x3_2^1*x4_1^1*u4^1,
x1_0^1*x4_0^1*u4^1,
x1_0^1*x3_2^1*u4^1,
x1_0^1*x3_1^1*u4^1,
x1_2^1*x3_0^1*u4^1,
x1_1^1*x3_0^1*u4^1,
x1_0^1*x3_0^1*u4^1,
x1_2^1*x2_2^1*u4^1,
x1_2^1*x2_1^1*u4^1,
x1_1^1*x2_1^1*u4^1,
x1_2^1*x2_0^1*u4^1,
x1_1^1*x2_0^1*u4^1,
x3_2^1*x4_2^1*u2^1,
x2_1^1*x4_2^1*u2^1,
x3_2^1*x4_1^1*u2^1,
x2_1^1*x4_1^1*u2^1,
x2_1^1*x3_2^1*u2^1,
x3_2^1*x4_2^1*u1^1,
x2_1^1*x4_2^1*u1^1,
x3_2^1*x4_1^1*u1^1,
x2_1^1*x4_1^1*u1^1,
x2_2^1*x3_2^1*u1^1,
x2_1^1*x3_2^1*u1^1,
x3_2^1*x4_0^1*x4_2^1,
x3_1^1*x4_0^1*x4_2^1,
x3_2^1*x4_0^1*x4_1^1,
x3_1^1*x4_0^1*x4_1^1,
x1_0^1*x4_0^1*x4_1^1,
x1_0^1*x3_1^1*x4_1^1,
x1_0^1*x3_2^1*x4_0^1,
x1_0^1*x3_1^1*x4_0^1,
x2_0^1*x2_1^1*x3_0^1,
x1_1^1*x2_1^1*x3_0^1,
x1_2^1*x2_0^1*x3_0^1,
x1_1^1*x2_0^1*x3_0^1,
x1_2^1*x2_0^1*x2_2^1,
x1_1^1*x2_0^1*x2_2^1,
x1_2^1*x2_0^1*x2_1^1,
x1_1^1*x2_0^1*x2_1^1,
x4_0^1*x4_2^1*v4^1*v5^1,
x3_2^1*x4_2^1*v4^1*v5^1,
x3_1^1*x4_2^1*v4^1*v5^1,
x4_0^1*x4_1^1*v4^1*v5^1,
x3_2^1*x4_1^1*v4^1*v5^1,
x3_1^1*x4_1^1*v4^1*v5^1,
x1_2^1*x2_2^1*v4^1*v5^1,
x2_0^1*x2_1^1*v4^1*v5^1,
x1_2^1*x2_1^1*v4^1*v5^1,
x1_1^1*x2_1^1*v4^1*v5^1,
x1_2^1*x2_0^1*v4^1*v5^1,
x1_1^1*x2_0^1*v4^1*v5^1,
x1_2^1*x4_2^1*v2^1*v5^1,
x1_2^1*x4_1^1*v2^1*v5^1,
x2_2^1*x3_2^1*v2^1*v5^1,
x2_1^1*x3_2^1*v2^1*v5^1,
x2_0^1*x3_2^1*v2^1*v5^1,
x1_2^1*x3_2^1*v2^1*v5^1,
x4_0^1*x4_1^1*v0^1*v5^1,
x1_1^1*x2_2^1*v0^1*v5^1,
x1_2^1*x2_0^1*v0^1*v5^1,
x3_2^1*x4_2^1*u5^1*v5^1,
x4_0^1*x4_1^1*u5^1*v5^1,
x3_2^1*x4_1^1*u5^1*v5^1,
x3_1^1*x4_1^1*u5^1*v5^1,
x3_2^1*x4_0^1*u5^1*v5^1,
x2_0^1*x2_2^1*u5^1*v5^1,
x1_2^1*x2_2^1*u5^1*v5^1,
x1_1^1*x2_2^1*u5^1*v5^1,
x2_0^1*x2_1^1*u5^1*v5^1,
x1_1^1*x2_1^1*u5^1*v5^1,
x1_2^1*x2_0^1*u5^1*v5^1,
x3_2^1*x4_2^1*u4^1*v5^1,
x4_0^1*x4_1^1*u4^1*v5^1,
x3_1^1*x4_1^1*u4^1*v5^1,
x3_2^1*x4_0^1*u4^1*v5^1,
x2_0^1*x2_2^1*u4^1*v5^1,
x1_1^1*x2_2^1*u4^1*v5^1,
x2_0^1*x2_1^1*u4^1*v5^1,
x1_0^1*x4_0^1*x4_2^1*v5^1,
x1_0^1*x3_2^1*x4_2^1*v5^1,
x1_0^1*x3_1^1*x4_2^1*v5^1,
x1_0^1*x3_2^1*x4_1^1*v5^1,
x2_0^1*x2_2^1*x3_0^1*v5^1,
x1_2^1*x2_2^1*x3_0^1*v5^1,
x1_1^1*x2_2^1*x3_0^1*v5^1,
x1_2^1*x2_1^1*x3_0^1*v5^1,
x4_0^1*x4_2^1*v0^1*v4^1,
x4_0^1*x4_1^1*v0^1*v4^1,
x1_2^1*x2_2^1*v0^1*v4^1,
x1_1^1*x2_2^1*v0^1*v4^1,
x2_0^1*x2_1^1*v0^1*v4^1,
x1_2^1*x2_0^1*v0^1*v4^1,
x1_0^1*x4_0^1*x4_2^1*v4^1,
x1_0^1*x3_2^1*x4_2^1*v4^1,
x1_0^1*x3_1^1*x4_2^1*v4^1,
x1_0^1*x3_2^1*x4_1^1*v4^1,
x2_0^1*x2_2^1*x3_0^1*v4^1,
x1_1^1*x2_2^1*x3_0^1*v4^1,
x4_0^1*x4_2^1*u5^1*v0^1,
x2_0^1*x2_2^1*u5^1*v0^1,
x1_2^1*x2_2^1*u5^1*v0^1,
x1_1^1*x2_2^1*u5^1*v0^1,
x2_0^1*x2_1^1*u5^1*v0^1,
x1_2^1*x2_0^1*u5^1*v0^1,
x2_0^1*x2_2^1*x3_0^1*u4^1,
x1_2^1*x2_1^1*x3_2^1*x4_1^1,
x1_1^1*x2_1^1*x3_2^1*x4_1^1,
x1_2^1*x2_1^1*x3_1^1*x4_1^1,
x2_0^1*x3_1^1*x4_2^1*u5^1*v5^1,
x1_1^1*x2_2^1*x3_2^1*x4_2^1*v5^1,
x1_2^1*x2_1^1*x3_2^1*x4_2^1*v5^1,
x1_1^1*x2_1^1*x3_2^1*x4_2^1*v5^1,
x1_2^1*x2_0^1*x3_2^1*x4_2^1*v5^1,
x1_1^1*x2_0^1*x4_0^1*x4_1^1*v5^1,
x1_1^1*x2_2^1*x3_2^1*x4_1^1*v5^1,
x1_2^1*x2_0^1*x3_2^1*x4_1^1*v5^1,
x1_1^1*x2_2^1*x3_1^1*x4_1^1*v5^1,
x1_1^1*x2_1^1*x3_1^1*x4_1^1*v5^1,
x1_2^1*x2_0^1*x3_1^1*x4_1^1*v5^1,
x1_1^1*x2_0^1*x3_1^1*x4_1^1*v5^1,
x1_2^1*x2_1^1*x3_2^1*x4_0^1*v5^1,
x1_1^1*x2_0^1*x3_2^1*x4_0^1*v5^1,
x1_2^1*x2_2^1*x3_2^1*x4_2^1*v4^1,
x2_0^1*x2_1^1*x3_2^1*x4_2^1*v4^1,
x1_2^1*x2_1^1*x3_2^1*x4_2^1*v4^1,
x1_1^1*x2_1^1*x3_2^1*x4_2^1*v4^1,
x1_2^1*x2_0^1*x3_2^1*x4_2^1*v4^1,
x1_1^1*x2_0^1*x3_2^1*x4_2^1*v4^1,
x1_2^1*x2_1^1*x3_1^1*x4_2^1*v4^1,
x1_1^1*x2_1^1*x3_1^1*x4_2^1*v4^1,
x1_1^1*x2_0^1*x3_1^1*x4_2^1*v4^1,
x1_2^1*x2_2^1*x4_0^1*x4_1^1*v4^1,
x1_2^1*x2_1^1*x4_0^1*x4_1^1*v4^1,
x1_2^1*x2_0^1*x4_0^1*x4_1^1*v4^1,
x1_1^1*x2_0^1*x4_0^1*x4_1^1*v4^1,
x1_2^1*x2_2^1*x3_2^1*x4_1^1*v4^1,
x2_0^1*x2_1^1*x3_2^1*x4_1^1*v4^1,
x1_2^1*x2_0^1*x3_2^1*x4_1^1*v4^1,
x1_1^1*x2_0^1*x3_2^1*x4_1^1*v4^1,
x1_1^1*x2_1^1*x3_1^1*x4_1^1*v4^1,
x1_1^1*x2_0^1*x3_1^1*x4_1^1*v4^1,
x1_2^1*x2_0^1*x4_0^1*x4_2^1*v0^1,
x1_2^1*x2_2^1*x4_0^1*x4_2^1*u5^1,
x1_1^1*x2_1^1*x4_0^1*x4_2^1*u5^1,
x1_2^1*x2_0^1*x4_0^1*x4_2^1*u5^1,
x1_2^1*x2_2^1*x3_2^1*x4_2^1*u5^1,
x1_1^1*x2_1^1*x3_2^1*x4_2^1*u5^1,
x1_2^1*x2_0^1*x3_2^1*x4_2^1*u5^1,
x1_2^1*x2_2^1*x3_1^1*x4_2^1*u5^1,
x1_1^1*x2_2^1*x3_1^1*x4_2^1*u5^1,
x1_1^1*x2_1^1*x3_1^1*x4_2^1*u5^1,
x1_2^1*x2_0^1*x3_1^1*x4_2^1*u5^1,
x1_2^1*x2_2^1*x4_0^1*x4_1^1*u5^1,
x1_1^1*x2_1^1*x4_0^1*x4_1^1*u5^1,
x1_2^1*x2_0^1*x4_0^1*x4_1^1*u5^1,
x1_2^1*x2_2^1*x3_2^1*x4_1^1*u5^1,
x1_1^1*x2_2^1*x3_2^1*x4_1^1*u5^1,
x1_2^1*x2_0^1*x3_2^1*x4_1^1*u5^1,
x1_2^1*x2_2^1*x3_1^1*x4_1^1*u5^1,
x1_1^1*x2_2^1*x3_1^1*x4_1^1*u5^1,
x1_1^1*x2_1^1*x3_1^1*x4_1^1*u5^1,
x1_2^1*x2_0^1*x3_1^1*x4_1^1*u5^1,
x1_2^1*x2_2^1*x3_2^1*x4_0^1*u5^1,
x1_1^1*x2_2^1*x3_2^1*x4_0^1*u5^1,
x1_1^1*x2_1^1*x3_2^1*x4_0^1*u5^1,
x1_2^1*x2_0^1*x3_2^1*x4_0^1*u5^1,
x1_2^1*x2_2^1*x3_1^1*x4_0^1*u5^1,
x1_1^1*x2_2^1*x3_1^1*x4_0^1*u5^1,
x2_0^1*x2_1^1*x3_1^1*x4_0^1*u5^1,
x1_1^1*x2_1^1*x3_1^1*x4_0^1*u5^1,
x1_2^1*x2_0^1*x3_1^1*x4_0^1*u5^1,
x2_0^1*x2_2^1*x3_2^1*x4_2^1*u4^1,
x1_1^1*x2_2^1*x3_2^1*x4_2^1*u4^1,
x2_0^1*x2_1^1*x3_2^1*x4_2^1*u4^1,
x2_0^1*x2_1^1*x3_1^1*x4_2^1*u4^1,
x1_1^1*x2_2^1*x4_0^1*x4_1^1*u4^1,
x2_0^1*x2_1^1*x4_0^1*x4_1^1*u4^1,
x2_0^1*x2_2^1*x3_1^1*x4_1^1*u4^1,
x1_1^1*x2_2^1*x3_1^1*x4_1^1*u4^1,
x2_0^1*x2_1^1*x3_1^1*x4_1^1*u4^1,
x1_1^1*x2_2^1*x3_2^1*x4_0^1*u4^1,
x2_0^1*x2_1^1*x3_2^1*x4_0^1*u4^1,
x2_0^1*x2_2^1*x3_1^1*x4_0^1*u4^1,
x1_1^1*x2_2^1*x3_1^1*x4_0^1*u4^1,
x2_0^1*x2_1^1*x3_1^1*x4_0^1*u4^1,
x2_0^1*x2_2^1*x4_0^1*x4_2^1*v0^1*v5^1,
x1_2^1*x2_2^1*x4_0^1*x4_2^1*v0^1*v5^1,
x2_0^1*x2_1^1*x4_0^1*x4_2^1*v0^1*v5^1]:


------------------------------------------------------------------------------------
msolve overall time           3.47 sec (elapsed) /  3.33 sec (cpu)
------------------------------------------------------------------------------------
