Initial seed for pseudo-random number generator is 0

--------------- INPUT DATA ---------------
#variables                      24
#equations                      70
#invalid equations               0
field characteristic             2
homogeneous input?               0
signature-based computation      0
monomial order                 DRL
basis hash table resetting     OFF
linear algebra option            2
initial hash table size     131072 (2^17)
max pair selection             ALL
reduce gb                        1
#threads                         1
info level                       2
generate pbm files               0
------------------------------------------

Legend for f4 information
--------------------------------------------------------
deg       current degree of pairs selected in this round
sel       number of pairs selected in this round
pairs     total number of pairs in pair list
mat       matrix dimensions (# rows x # columns)
density   density of the matrix
new data  # new elements for basis in this round
          # zero reductions during linear algebra
time(rd)  time of the current f4 round in seconds given
          for real and cpu time
--------------------------------------------------------

deg     sel   pairs        mat          density            new data         time(rd) in sec (real|cpu)
------------------------------------------------------------------------------------------------------
  2       7     139      16 x 121        16.53%        7 new       0 zero         0.00 | 0.00         
  2       2     174       7 x 20         19.29%        1 new       1 zero         0.00 | 0.00         
  3     104     178     798 x 1572        0.65%       96 new       8 zero         0.00 | 0.00         
  3      11    1191     262 x 633         1.53%       11 new       0 zero         0.00 | 0.00         
  4    1222    1314    8070 x 10560       0.18%      634 new     588 zero         0.20 | 0.19         
  2       7    4401      15 x 8          13.33%        0 new       7 zero         0.00 | 0.00         
  3     184    4394    1122 x 1478        1.79%       93 new      91 zero         0.05 | 0.05         
  3     432    3808    1853 x 2048        1.06%      134 new     298 zero         0.07 | 0.07         
  3     679    3720    2510 x 2270        0.79%       86 new     596 zero         0.05 | 0.05         
  3     303    3856    1783 x 1827        0.82%       16 new     287 zero         0.01 | 0.01         
  4    3795    3854   15871 x 12677       0.24%      129 new    3686 zero         0.19 | 0.18         
  3      40    2295    1365 x 1605        1.07%        2 new      38 zero         0.00 | 0.00         
  4    1446    2297   12390 x 11377       0.20%       34 new    1412 zero         0.09 | 0.09         
  4     119    1591   10038 x 10348       0.18%        0 new     119 zero         0.02 | 0.02         
  5    1472    1472   43675 x 42639       0.04%       48 new    1424 zero         0.22 | 0.22         
  5    1056    1056   41678 x 41010       0.04%        0 new    1056 zero         0.28 | 0.27         
------------------------------------------------------------------------------------------------------
reduce final basis     2700 x 3083        0.56%      437 new       0 zero         0.01 | 0.01         
------------------------------------------------------------------------------------------------------

---------------- TIMINGS ----------------
overall(elapsed)        1.21 sec
overall(cpu)            1.18 sec
select                  0.03 sec   2.8%
symbolic prep.          0.15 sec  12.2%
update                  0.47 sec  38.9%
convert                 0.03 sec   2.3%
linear algebra          0.52 sec  42.8%
reduce gb               0.00 sec   0.0%
-----------------------------------------

---------- COMPUTATIONAL DATA -----------
size of basis                   437
#terms in basis               21671
#pairs reduced                10879
#GM criterion                914601
#redundant elements             924
#rows reduced                 22241
#zero reductions               9611
max. matrix data              43675 x 42639 (0.044%)
max. symbolic hash table size  2^16
max. basis hash table size     2^19
-----------------------------------------

#Leading ideal data
#---
#field characteristic: 2
#variable order:       t1_0, t1_1, t1_2, t2_0, t2_1, t2_2, s1_0, s1_1, s1_2, s2_0, s2_1, s2_2, u0, u1, u2, u3, u4, u5, v0, v1, v2, v3, v4, v5
#monomial order:       graded reverse lexicographical
#length of basis:      437 elements sorted by increasing leading monomials
#---
[v3^1,
u3^1,
v5^2,
u1^1*v5^1,
u0^1*v5^1,
v4^2,
v1^1*v4^1,
u5^1*v4^1,
u2^1*v4^1,
u1^1*v4^1,
u0^1*v4^1,
v2^2,
v1^1*v2^1,
v0^1*v2^1,
u5^1*v2^1,
u4^1*v2^1,
u2^1*v2^1,
u1^1*v2^1,
u0^1*v2^1,
s2_0^1*v2^1,
t2_2^1*v2^1,
t2_1^1*v2^1,
t2_0^1*v2^1,
t1_2^1*v2^1,
t1_1^1*v2^1,
t1_0^1*v2^1,
v1^2,
v0^1*v1^1,
u5^1*v1^1,
u4^1*v1^1,
u2^1*v1^1,
u1^1*v1^1,
u0^1*v1^1,
s2_1^1*v1^1,
s2_0^1*v1^1,
s1_0^1*v1^1,
t2_2^1*v1^1,
t2_1^1*v1^1,
t2_0^1*v1^1,
t1_2^1*v1^1,
t1_1^1*v1^1,
t1_0^1*v1^1,
v0^2,
u5^1*v0^1,
u2^1*v0^1,
u1^1*v0^1,
u0^1*v0^1,
s2_0^1*v0^1,
s1_0^1*v0^1,
t2_2^1*v0^1,
t2_1^1*v0^1,
t2_0^1*v0^1,
u5^2,
u4^1*u5^1,
u2^1*u5^1,
u1^1*u5^1,
u0^1*u5^1,
u4^2,
u2^1*u4^1,
u1^1*u4^1,
u0^1*u4^1,
t1_2^1*u4^1,
t1_1^1*u4^1,
t1_0^1*u4^1,
u2^2,
u1^1*u2^1,
u0^1*u2^1,
s2_0^1*u2^1,
s1_2^1*u2^1,
s1_1^1*u2^1,
s1_0^1*u2^1,
t2_2^1*u2^1,
t2_1^1*u2^1,
t2_0^1*u2^1,
t1_2^1*u2^1,
t1_1^1*u2^1,
t1_0^1*u2^1,
u1^2,
u0^1*u1^1,
s2_2^1*u1^1,
s2_1^1*u1^1,
s2_0^1*u1^1,
s1_2^1*u1^1,
s1_1^1*u1^1,
s1_0^1*u1^1,
t2_2^1*u1^1,
t2_1^1*u1^1,
t2_0^1*u1^1,
t1_2^1*u1^1,
t1_1^1*u1^1,
t1_0^1*u1^1,
u0^2,
s2_2^1*u0^1,
s2_1^1*u0^1,
s2_0^1*u0^1,
s1_2^1*u0^1,
s1_1^1*u0^1,
s1_0^1*u0^1,
t2_2^1*u0^1,
t2_1^1*u0^1,
t2_0^1*u0^1,
t1_2^1*u0^1,
t1_1^1*u0^1,
t1_0^1*u0^1,
s2_2^2,
s2_0^1*s2_2^1,
s2_1^2,
s2_0^1*s2_1^1,
t2_2^1*s2_1^1,
s2_0^2,
t2_2^1*s2_0^1,
t2_1^1*s2_0^1,
t2_0^1*s2_0^1,
t1_2^1*s2_0^1,
s1_2^2,
s1_0^1*s1_2^1,
s1_1^2,
s1_0^1*s1_1^1,
t1_2^1*s1_1^1,
s1_0^2,
t2_2^1*s1_0^1,
t1_2^1*s1_0^1,
t1_1^1*s1_0^1,
t1_0^1*s1_0^1,
t2_2^2,
t2_1^2,
t2_0^2,
t1_2^2,
t1_1^2,
t1_0^2,
v2^1*v4^1*v5^1,
v0^1*v4^1*v5^1,
u4^1*v4^1*v5^1,
s2_0^1*v4^1*v5^1,
s1_0^1*v4^1*v5^1,
t2_1^1*v4^1*v5^1,
t2_0^1*v4^1*v5^1,
t1_2^1*v4^1*v5^1,
t1_0^1*v4^1*v5^1,
s2_2^1*v2^1*v5^1,
s2_1^1*v2^1*v5^1,
s1_2^1*v2^1*v5^1,
s1_0^1*v2^1*v5^1,
s2_2^1*v1^1*v5^1,
s1_2^1*v1^1*v5^1,
s1_1^1*v1^1*v5^1,
u4^1*v0^1*v5^1,
s2_2^1*v0^1*v5^1,
t1_1^1*v0^1*v5^1,
t1_0^1*v0^1*v5^1,
s2_0^1*u5^1*v5^1,
s1_1^1*u5^1*v5^1,
s1_0^1*u5^1*v5^1,
t2_1^1*u5^1*v5^1,
t2_0^1*u5^1*v5^1,
t1_2^1*u5^1*v5^1,
t1_1^1*u5^1*v5^1,
t1_0^1*u5^1*v5^1,
s2_2^1*u4^1*v5^1,
s2_1^1*u4^1*v5^1,
s2_0^1*u4^1*v5^1,
s1_2^1*u4^1*v5^1,
s1_1^1*u4^1*v5^1,
s1_0^1*u4^1*v5^1,
t2_2^1*u4^1*v5^1,
t2_1^1*u4^1*v5^1,
t2_0^1*u4^1*v5^1,
s2_2^1*u2^1*v5^1,
s2_1^1*u2^1*v5^1,
s2_1^1*s2_2^1*v5^1,
t2_2^1*s2_2^1*v5^1,
t2_1^1*s2_2^1*v5^1,
t2_0^1*s2_2^1*v5^1,
t2_1^1*s2_1^1*v5^1,
t2_0^1*s2_1^1*v5^1,
s1_1^1*s2_0^1*v5^1,
s1_0^1*s2_0^1*v5^1,
t1_1^1*s2_0^1*v5^1,
t1_0^1*s2_0^1*v5^1,
t1_0^1*s1_2^1*v5^1,
t2_1^1*s1_0^1*v5^1,
t2_0^1*s1_0^1*v5^1,
t2_1^1*t2_2^1*v5^1,
t2_0^1*t2_2^1*v5^1,
t2_0^1*t2_1^1*v5^1,
t1_1^1*t1_2^1*v5^1,
t1_0^1*t1_2^1*v5^1,
t1_0^1*t1_1^1*v5^1,
s2_2^1*v2^1*v4^1,
s2_1^1*v2^1*v4^1,
s1_2^1*v2^1*v4^1,
s1_1^1*v2^1*v4^1,
s1_0^1*v2^1*v4^1,
u4^1*v0^1*v4^1,
s2_2^1*v0^1*v4^1,
s2_1^1*v0^1*v4^1,
s1_1^1*v0^1*v4^1,
t1_2^1*v0^1*v4^1,
t1_1^1*v0^1*v4^1,
t1_0^1*v0^1*v4^1,
s2_1^1*u4^1*v4^1,
s2_0^1*u4^1*v4^1,
s1_2^1*u4^1*v4^1,
s1_1^1*u4^1*v4^1,
s1_0^1*u4^1*v4^1,
t2_2^1*u4^1*v4^1,
t2_1^1*u4^1*v4^1,
t2_0^1*u4^1*v4^1,
s2_1^1*s2_2^1*v4^1,
s1_0^1*s2_2^1*v4^1,
t2_2^1*s2_2^1*v4^1,
t2_1^1*s2_2^1*v4^1,
t2_0^1*s2_2^1*v4^1,
t2_1^1*s2_1^1*v4^1,
t2_0^1*s2_1^1*v4^1,
s1_0^1*s2_0^1*v4^1,
t1_1^1*s2_0^1*v4^1,
t1_0^1*s2_0^1*v4^1,
t1_1^1*s1_2^1*v4^1,
t1_1^1*s1_1^1*v4^1,
t1_0^1*s1_1^1*v4^1,
t2_1^1*s1_0^1*v4^1,
t2_0^1*s1_0^1*v4^1,
t2_1^1*t2_2^1*v4^1,
t2_0^1*t2_2^1*v4^1,
t2_0^1*t2_1^1*v4^1,
t1_1^1*t1_2^1*v4^1,
t1_0^1*t1_2^1*v4^1,
t1_0^1*t1_1^1*v4^1,
s2_1^1*s2_2^1*v2^1,
s1_2^1*s2_2^1*v2^1,
s1_1^1*s2_2^1*v2^1,
s1_0^1*s2_2^1*v2^1,
s1_2^1*s2_1^1*v2^1,
s1_0^1*s2_1^1*v2^1,
s1_1^1*s1_2^1*v2^1,
s1_2^1*s2_2^1*v1^1,
s1_1^1*s2_2^1*v1^1,
s1_1^1*s1_2^1*v1^1,
s2_1^1*u4^1*v0^1,
s1_2^1*u4^1*v0^1,
s1_1^1*u4^1*v0^1,
s2_1^1*s2_2^1*v0^1,
s1_1^1*s1_2^1*v0^1,
t1_2^1*s1_2^1*v0^1,
t1_1^1*s1_2^1*v0^1,
t1_0^1*s1_2^1*v0^1,
t1_1^1*s1_1^1*v0^1,
t1_0^1*s1_1^1*v0^1,
t1_1^1*t1_2^1*v0^1,
t1_0^1*t1_2^1*v0^1,
t1_0^1*t1_1^1*v0^1,
s1_0^1*s2_2^1*u5^1,
t2_0^1*s2_2^1*u5^1,
s1_0^1*s2_1^1*u5^1,
t1_0^1*s2_1^1*u5^1,
s1_2^1*s2_0^1*u5^1,
s1_1^1*s2_0^1*u5^1,
s1_0^1*s2_0^1*u5^1,
t1_1^1*s2_0^1*u5^1,
t1_0^1*s2_0^1*u5^1,
s1_1^1*s1_2^1*u5^1,
t2_1^1*s1_2^1*u5^1,
t2_0^1*s1_2^1*u5^1,
t1_2^1*s1_2^1*u5^1,
t1_1^1*s1_2^1*u5^1,
t1_0^1*s1_2^1*u5^1,
t2_2^1*s1_1^1*u5^1,
t2_0^1*s1_1^1*u5^1,
t1_1^1*s1_1^1*u5^1,
t1_0^1*s1_1^1*u5^1,
t2_1^1*s1_0^1*u5^1,
t2_0^1*s1_0^1*u5^1,
t2_1^1*t2_2^1*u5^1,
t2_0^1*t2_2^1*u5^1,
t1_2^1*t2_2^1*u5^1,
t1_1^1*t2_2^1*u5^1,
t1_0^1*t2_2^1*u5^1,
t2_0^1*t2_1^1*u5^1,
t1_2^1*t2_1^1*u5^1,
t1_1^1*t2_1^1*u5^1,
t1_0^1*t2_1^1*u5^1,
t1_2^1*t2_0^1*u5^1,
t1_1^1*t2_0^1*u5^1,
t1_0^1*t2_0^1*u5^1,
t1_1^1*t1_2^1*u5^1,
t1_0^1*t1_2^1*u5^1,
t1_0^1*t1_1^1*u5^1,
s1_0^1*s2_2^1*u4^1,
t2_1^1*s2_2^1*u4^1,
s1_0^1*s2_1^1*u4^1,
t2_1^1*s2_1^1*u4^1,
t2_0^1*s2_1^1*u4^1,
s1_2^1*s2_0^1*u4^1,
s1_1^1*s2_0^1*u4^1,
s1_0^1*s2_0^1*u4^1,
s1_1^1*s1_2^1*u4^1,
t2_1^1*s1_2^1*u4^1,
t2_0^1*s1_2^1*u4^1,
t2_1^1*s1_1^1*u4^1,
t2_0^1*s1_1^1*u4^1,
t2_1^1*s1_0^1*u4^1,
t2_0^1*s1_0^1*u4^1,
t2_1^1*t2_2^1*u4^1,
t2_0^1*t2_2^1*u4^1,
t2_0^1*t2_1^1*u4^1,
s2_1^1*s2_2^1*u2^1,
t2_1^1*s2_1^1*s2_2^1,
t2_0^1*s2_1^1*s2_2^1,
t2_1^1*s1_0^1*s2_2^1,
t2_0^1*s1_0^1*s2_2^1,
t2_1^1*t2_2^1*s2_2^1,
t2_0^1*t2_2^1*s2_2^1,
t2_0^1*t2_1^1*s2_2^1,
t2_0^1*s1_0^1*s2_1^1,
t2_0^1*t2_1^1*s2_1^1,
t1_1^1*s1_2^1*s2_0^1,
t1_0^1*s1_2^1*s2_0^1,
t1_0^1*s1_1^1*s2_0^1,
t1_0^1*t1_1^1*s2_0^1,
t1_1^1*s1_1^1*s1_2^1,
t1_0^1*s1_1^1*s1_2^1,
t1_1^1*t1_2^1*s1_2^1,
t1_0^1*t1_2^1*s1_2^1,
t1_0^1*t1_1^1*s1_2^1,
t1_0^1*t1_1^1*s1_1^1,
t2_0^1*t2_1^1*s1_0^1,
t2_0^1*t2_1^1*t2_2^1,
t1_1^1*t2_1^1*t2_2^1,
t1_0^1*t2_1^1*t2_2^1,
t1_1^1*t1_2^1*t2_1^1,
t1_1^1*t1_2^1*t2_0^1,
t1_0^1*t1_1^1*t1_2^1,
s1_2^1*s2_2^1*v4^1*v5^1,
s1_1^1*s2_2^1*v4^1*v5^1,
t1_1^1*s2_2^1*v4^1*v5^1,
s1_2^1*s2_1^1*v4^1*v5^1,
s1_1^1*s2_1^1*v4^1*v5^1,
t1_1^1*s2_1^1*v4^1*v5^1,
s1_1^1*s1_2^1*v4^1*v5^1,
t2_2^1*s1_2^1*v4^1*v5^1,
t2_2^1*s1_1^1*v4^1*v5^1,
t1_1^1*t2_2^1*v4^1*v5^1,
s1_2^1*s2_1^1*v0^1*v5^1,
s1_1^1*s2_1^1*v0^1*v5^1,
t1_2^1*s2_1^1*v0^1*v5^1,
s1_2^1*s2_2^1*u5^1*v5^1,
s1_2^1*s2_1^1*u5^1*v5^1,
t2_2^1*s1_2^1*u5^1*v5^1,
t1_1^1*s1_2^1*s2_2^1*v5^1,
t1_1^1*s1_1^1*s2_2^1*v5^1,
t1_0^1*s1_1^1*s2_2^1*v5^1,
s1_1^1*s1_2^1*s2_1^1*v5^1,
t1_2^1*s1_2^1*s2_1^1*v5^1,
t1_1^1*s1_2^1*s2_1^1*v5^1,
t1_0^1*s1_1^1*s2_1^1*v5^1,
t2_2^1*s1_1^1*s1_2^1*v5^1,
t2_1^1*s1_1^1*s1_2^1*v5^1,
t2_0^1*s1_1^1*s1_2^1*v5^1,
t1_2^1*t2_2^1*s1_2^1*v5^1,
t1_1^1*t2_2^1*s1_2^1*v5^1,
t1_2^1*t2_1^1*s1_2^1*v5^1,
t1_1^1*t2_1^1*s1_2^1*v5^1,
t1_2^1*t2_0^1*s1_2^1*v5^1,
t1_1^1*t2_0^1*s1_2^1*v5^1,
t1_1^1*t2_2^1*s1_1^1*v5^1,
t1_0^1*t2_2^1*s1_1^1*v5^1,
t1_1^1*t2_1^1*s1_1^1*v5^1,
t1_0^1*t2_1^1*s1_1^1*v5^1,
t1_1^1*t2_0^1*s1_1^1*v5^1,
t1_0^1*t2_0^1*s1_1^1*v5^1,
s1_1^1*s1_2^1*s2_2^1*v4^1,
t1_0^1*s1_2^1*s2_2^1*v4^1,
t1_0^1*s1_2^1*s2_1^1*v4^1,
s1_1^1*s1_2^1*s2_0^1*v4^1,
t2_2^1*s1_1^1*s1_2^1*v4^1,
t2_1^1*s1_1^1*s1_2^1*v4^1,
t2_0^1*s1_1^1*s1_2^1*v4^1,
t1_2^1*t2_2^1*s1_2^1*v4^1,
t1_0^1*t2_2^1*s1_2^1*v4^1,
t1_2^1*t2_1^1*s1_2^1*v4^1,
t1_0^1*t2_1^1*s1_2^1*v4^1,
t1_2^1*t2_0^1*s1_2^1*v4^1,
t1_0^1*t2_0^1*s1_2^1*v4^1,
s1_1^1*s2_1^1*s2_2^1*u5^1,
t1_2^1*s2_1^1*s2_2^1*u5^1,
t1_1^1*s2_1^1*s2_2^1*u5^1,
t2_1^1*s1_1^1*s2_2^1*u5^1,
s1_2^1*s2_1^1*s2_2^1*u4^1,
s1_1^1*s1_2^1*s2_1^1*s2_2^1,
t1_0^1*s1_2^1*s2_1^1*s2_2^1,
t1_0^1*s1_1^1*s2_1^1*s2_2^1,
t1_1^1*t1_2^1*s2_1^1*s2_2^1,
t1_0^1*t1_2^1*s2_1^1*s2_2^1,
t1_0^1*t1_1^1*s2_1^1*s2_2^1,
t2_0^1*s1_1^1*s1_2^1*s2_2^1,
t1_2^1*t2_0^1*s1_2^1*s2_2^1,
t1_1^1*t2_0^1*s1_2^1*s2_2^1,
t1_0^1*t2_0^1*s1_2^1*s2_2^1,
t1_0^1*t2_1^1*s1_1^1*s2_2^1,
t1_1^1*t2_0^1*s1_1^1*s2_2^1,
t1_0^1*t2_0^1*s1_1^1*s2_2^1,
t1_1^1*t1_2^1*t2_2^1*s2_2^1,
t1_0^1*t1_2^1*t2_2^1*s2_2^1,
t1_0^1*t1_1^1*t2_2^1*s2_2^1,
t1_0^1*t1_2^1*t2_1^1*s2_2^1,
t1_0^1*t1_1^1*t2_1^1*s2_2^1,
t1_0^1*t1_2^1*t2_0^1*s2_2^1,
t1_0^1*t1_1^1*t2_0^1*s2_2^1,
t2_0^1*s1_1^1*s1_2^1*s2_1^1,
t1_2^1*t2_0^1*s1_2^1*s2_1^1,
t1_1^1*t2_0^1*s1_2^1*s2_1^1,
t1_0^1*t2_0^1*s1_2^1*s2_1^1,
t1_1^1*t2_0^1*s1_1^1*s2_1^1,
t1_0^1*t2_0^1*s1_1^1*s2_1^1,
t1_0^1*t1_2^1*t2_1^1*s2_1^1,
t1_0^1*t1_1^1*t2_1^1*s2_1^1,
t1_0^1*t1_2^1*t2_0^1*s2_1^1,
t1_0^1*t1_1^1*t2_0^1*s2_1^1,
t2_1^1*t2_2^1*s1_1^1*s1_2^1,
t2_0^1*t2_2^1*s1_1^1*s1_2^1,
t2_0^1*t2_1^1*s1_1^1*s1_2^1,
t1_2^1*t2_1^1*t2_2^1*s1_2^1,
t1_2^1*t2_0^1*t2_2^1*s1_2^1,
t1_1^1*t2_0^1*t2_2^1*s1_2^1,
t1_0^1*t2_0^1*t2_2^1*s1_2^1,
t1_2^1*t2_0^1*t2_1^1*s1_2^1,
t1_1^1*t2_0^1*t2_1^1*s1_2^1,
t1_0^1*t2_0^1*t2_1^1*s1_2^1,
t1_1^1*t2_0^1*t2_2^1*s1_1^1,
t1_0^1*t2_0^1*t2_2^1*s1_1^1,
t1_1^1*t2_0^1*t2_1^1*s1_1^1,
t1_0^1*t2_0^1*t2_1^1*s1_1^1,
t1_0^1*t1_2^1*t2_0^1*t2_2^1,
t1_0^1*t1_1^1*t2_0^1*t2_2^1,
t1_0^1*t1_2^1*t2_0^1*t2_1^1,
t1_0^1*t1_1^1*t2_0^1*t2_1^1]:


------------------------------------------------------------------------------------
msolve overall time           1.21 sec (elapsed) /  1.18 sec (cpu)
------------------------------------------------------------------------------------
