Initial seed for pseudo-random number generator is 0

--------------- INPUT DATA ---------------
#variables                      24
#equations                      70
#invalid equations               0
field characteristic             2
homogeneous input?               0
signature-based computation      0
monomial order                 DRL
basis hash table resetting     OFF
linear algebra option            2
initial hash table size     131072 (2^17)
max pair selection             ALL
reduce gb                        1
#threads                         1
info level                       2
generate pbm files               0
------------------------------------------

Legend for f4 information
--------------------------------------------------------
deg       current degree of pairs selected in this round
sel       number of pairs selected in this round
pairs     total number of pairs in pair list
mat       matrix dimensions (# rows x # columns)
density   density of the matrix
new data  # new elements for basis in this round
          # zero reductions during linear algebra
time(rd)  time of the current f4 round in seconds given
          for real and cpu time
--------------------------------------------------------

deg     sel   pairs        mat          density            new data         time(rd) in sec (real|cpu)
------------------------------------------------------------------------------------------------------
  2       7     139      16 x 121        17.87%        7 new       0 zero         0.00 | 0.00         
  2       2     174       7 x 20         20.71%        1 new       1 zero         0.00 | 0.00         
  3     104     178     798 x 1572        0.64%       96 new       8 zero         0.01 | 0.01         
  3      11    1198     249 x 614         1.58%       11 new       0 zero         0.00 | 0.00         
  4    1222    1321    7996 x 10486       0.19%      634 new     588 zero         0.42 | 0.22         
  2       7    4410      15 x 8          13.33%        0 new       7 zero         0.00 | 0.00         
  3     184    4403    1115 x 1467        1.78%       92 new      92 zero         0.14 | 0.06         
  3     437    3827    1850 x 2032        1.06%      140 new     297 zero         0.13 | 0.08         
  3     677    3754    2508 x 2260        0.81%       84 new     595 zero         0.12 | 0.06         
  2      22    3987     161 x 229         4.69%        0 new      22 zero         0.00 | 0.00         
  3     272    3965    1584 x 1657        0.81%       18 new     254 zero         0.02 | 0.01         
  4    3946    4014   15559 x 12206       0.25%      135 new    3833 zero         0.35 | 0.21         
  3      42    2237    1412 x 1674        1.02%        4 new      38 zero         0.01 | 0.01         
  4    1527    2279   10776 x 9672        0.25%       32 new    1495 zero         0.15 | 0.09         
  4     144    1398    9488 x 9751        0.19%        0 new     144 zero         0.06 | 0.03         
  5    1254    1254   39340 x 38503       0.05%       32 new    1222 zero         0.28 | 0.20         
  5     672     672   35692 x 35405       0.05%        0 new     672 zero         0.28 | 0.18         
------------------------------------------------------------------------------------------------------
reduce final basis     2850 x 3231        0.55%      408 new       0 zero         0.03 | 0.01         
------------------------------------------------------------------------------------------------------

---------------- TIMINGS ----------------
overall(elapsed)        2.01 sec
overall(cpu)            1.17 sec
select                  0.06 sec   3.1%
symbolic prep.          0.32 sec  16.0%
update                  0.92 sec  45.8%
convert                 0.06 sec   2.9%
linear algebra          0.63 sec  31.1%
reduce gb               0.00 sec   0.0%
-----------------------------------------

---------- COMPUTATIONAL DATA -----------
size of basis                   408
#terms in basis               19106
#pairs reduced                10530
#GM criterion                908160
#redundant elements             948
#rows reduced                 21516
#zero reductions               9268
max. matrix data              39340 x 38503 (0.048%)
max. symbolic hash table size  2^16
max. basis hash table size     2^19
-----------------------------------------

#Leading ideal data
#---
#field characteristic: 2
#variable order:       t1_0, t1_1, t1_2, t2_0, t2_1, t2_2, s1_0, s1_1, s1_2, s2_0, s2_1, s2_2, u0, u1, u2, u3, u4, u5, v0, v1, v2, v3, v4, v5
#monomial order:       graded reverse lexicographical
#length of basis:      408 elements sorted by increasing leading monomials
#---
[v3^1,
u3^1,
u0^1,
v5^2,
u1^1*v5^1,
v4^2,
u2^1*v4^1,
u1^1*v4^1,
v2^2,
v1^1*v2^1,
v0^1*v2^1,
u5^1*v2^1,
u4^1*v2^1,
u2^1*v2^1,
u1^1*v2^1,
s2_0^1*v2^1,
t2_2^1*v2^1,
t2_1^1*v2^1,
t2_0^1*v2^1,
t1_2^1*v2^1,
t1_1^1*v2^1,
t1_0^1*v2^1,
v1^2,
v0^1*v1^1,
u5^1*v1^1,
u4^1*v1^1,
u2^1*v1^1,
u1^1*v1^1,
s2_1^1*v1^1,
s2_0^1*v1^1,
s1_0^1*v1^1,
t2_2^1*v1^1,
t2_1^1*v1^1,
t2_0^1*v1^1,
t1_2^1*v1^1,
t1_1^1*v1^1,
t1_0^1*v1^1,
v0^2,
u5^1*v0^1,
u4^1*v0^1,
u2^1*v0^1,
u1^1*v0^1,
s2_0^1*v0^1,
s1_0^1*v0^1,
t2_2^1*v0^1,
t2_1^1*v0^1,
t2_0^1*v0^1,
u5^2,
u4^1*u5^1,
u2^1*u5^1,
u1^1*u5^1,
u4^2,
u2^1*u4^1,
u1^1*u4^1,
t1_2^1*u4^1,
t1_1^1*u4^1,
t1_0^1*u4^1,
u2^2,
u1^1*u2^1,
s2_0^1*u2^1,
s1_2^1*u2^1,
s1_1^1*u2^1,
s1_0^1*u2^1,
t2_2^1*u2^1,
t2_1^1*u2^1,
t2_0^1*u2^1,
t1_2^1*u2^1,
t1_1^1*u2^1,
t1_0^1*u2^1,
u1^2,
s2_2^1*u1^1,
s2_1^1*u1^1,
s2_0^1*u1^1,
s1_2^1*u1^1,
s1_1^1*u1^1,
s1_0^1*u1^1,
t2_2^1*u1^1,
t2_1^1*u1^1,
t2_0^1*u1^1,
t1_2^1*u1^1,
t1_1^1*u1^1,
t1_0^1*u1^1,
s2_2^2,
s2_0^1*s2_2^1,
s2_1^2,
s2_0^1*s2_1^1,
t2_2^1*s2_1^1,
s2_0^2,
t2_2^1*s2_0^1,
t2_1^1*s2_0^1,
t2_0^1*s2_0^1,
t1_0^1*s2_0^1,
s1_2^2,
s1_0^1*s1_2^1,
s1_1^2,
s1_0^1*s1_1^1,
t1_2^1*s1_1^1,
s1_0^2,
t2_0^1*s1_0^1,
t1_2^1*s1_0^1,
t1_1^1*s1_0^1,
t1_0^1*s1_0^1,
t2_2^2,
t2_1^2,
t2_0^2,
t1_2^2,
t1_1^2,
t1_0^2,
v2^1*v4^1*v5^1,
v1^1*v4^1*v5^1,
v0^1*v4^1*v5^1,
u5^1*v4^1*v5^1,
u4^1*v4^1*v5^1,
s2_0^1*v4^1*v5^1,
s1_0^1*v4^1*v5^1,
t2_1^1*v4^1*v5^1,
t2_0^1*v4^1*v5^1,
t1_1^1*v4^1*v5^1,
t1_0^1*v4^1*v5^1,
s2_2^1*v2^1*v5^1,
s2_1^1*v2^1*v5^1,
s1_2^1*v2^1*v5^1,
s1_0^1*v2^1*v5^1,
s2_2^1*v1^1*v5^1,
s1_2^1*v1^1*v5^1,
s1_1^1*v1^1*v5^1,
s2_2^1*v0^1*v5^1,
t1_1^1*v0^1*v5^1,
s2_0^1*u5^1*v5^1,
s1_2^1*u5^1*v5^1,
s1_1^1*u5^1*v5^1,
s1_0^1*u5^1*v5^1,
t2_1^1*u5^1*v5^1,
t2_0^1*u5^1*v5^1,
t1_2^1*u5^1*v5^1,
t1_1^1*u5^1*v5^1,
t1_0^1*u5^1*v5^1,
s2_0^1*u4^1*v5^1,
s1_2^1*u4^1*v5^1,
s1_1^1*u4^1*v5^1,
s1_0^1*u4^1*v5^1,
t2_2^1*u4^1*v5^1,
t2_1^1*u4^1*v5^1,
t2_0^1*u4^1*v5^1,
s2_2^1*u2^1*v5^1,
s2_1^1*u2^1*v5^1,
s2_1^1*s2_2^1*v5^1,
t2_2^1*s2_2^1*v5^1,
t2_1^1*s2_2^1*v5^1,
t2_0^1*s2_2^1*v5^1,
t2_1^1*s2_1^1*v5^1,
t2_0^1*s2_1^1*v5^1,
s1_1^1*s2_0^1*v5^1,
s1_0^1*s2_0^1*v5^1,
t1_2^1*s2_0^1*v5^1,
t1_1^1*s2_0^1*v5^1,
t1_1^1*s1_1^1*v5^1,
t1_0^1*s1_1^1*v5^1,
t2_2^1*s1_0^1*v5^1,
t2_1^1*s1_0^1*v5^1,
t2_1^1*t2_2^1*v5^1,
t2_0^1*t2_2^1*v5^1,
t2_0^1*t2_1^1*v5^1,
t1_1^1*t1_2^1*v5^1,
t1_0^1*t1_2^1*v5^1,
t1_0^1*t1_1^1*v5^1,
s2_2^1*v2^1*v4^1,
s2_1^1*v2^1*v4^1,
s1_2^1*v2^1*v4^1,
s1_1^1*v2^1*v4^1,
s1_0^1*v2^1*v4^1,
s2_2^1*v1^1*v4^1,
s1_2^1*v1^1*v4^1,
s1_1^1*v1^1*v4^1,
s2_2^1*v0^1*v4^1,
s2_1^1*v0^1*v4^1,
s1_1^1*v0^1*v4^1,
t1_2^1*v0^1*v4^1,
t1_1^1*v0^1*v4^1,
t1_0^1*v0^1*v4^1,
s2_2^1*u5^1*v4^1,
s2_1^1*u5^1*v4^1,
s2_0^1*u5^1*v4^1,
s1_2^1*u5^1*v4^1,
s1_1^1*u5^1*v4^1,
s1_0^1*u5^1*v4^1,
t2_2^1*u5^1*v4^1,
t2_1^1*u5^1*v4^1,
t2_0^1*u5^1*v4^1,
t1_2^1*u5^1*v4^1,
t1_1^1*u5^1*v4^1,
t1_0^1*u5^1*v4^1,
s2_2^1*u4^1*v4^1,
s2_1^1*u4^1*v4^1,
s2_0^1*u4^1*v4^1,
s1_2^1*u4^1*v4^1,
s1_1^1*u4^1*v4^1,
s1_0^1*u4^1*v4^1,
t2_2^1*u4^1*v4^1,
t2_1^1*u4^1*v4^1,
t2_0^1*u4^1*v4^1,
s2_1^1*s2_2^1*v4^1,
t2_2^1*s2_2^1*v4^1,
t2_1^1*s2_2^1*v4^1,
t2_0^1*s2_2^1*v4^1,
t2_1^1*s2_1^1*v4^1,
t2_0^1*s2_1^1*v4^1,
s1_2^1*s2_0^1*v4^1,
s1_0^1*s2_0^1*v4^1,
t1_2^1*s2_0^1*v4^1,
t1_1^1*s2_0^1*v4^1,
t1_1^1*s1_2^1*v4^1,
t1_0^1*s1_2^1*v4^1,
t1_0^1*s1_1^1*v4^1,
t2_2^1*s1_0^1*v4^1,
t2_1^1*s1_0^1*v4^1,
t2_1^1*t2_2^1*v4^1,
t2_0^1*t2_2^1*v4^1,
t2_0^1*t2_1^1*v4^1,
t1_1^1*t1_2^1*v4^1,
t1_0^1*t1_2^1*v4^1,
t1_0^1*t1_1^1*v4^1,
s2_1^1*s2_2^1*v2^1,
s1_2^1*s2_2^1*v2^1,
s1_1^1*s2_2^1*v2^1,
s1_0^1*s2_2^1*v2^1,
s1_2^1*s2_1^1*v2^1,
s1_0^1*s2_1^1*v2^1,
s1_1^1*s1_2^1*v2^1,
s1_2^1*s2_2^1*v1^1,
s1_1^1*s2_2^1*v1^1,
s1_1^1*s1_2^1*v1^1,
s2_1^1*s2_2^1*v0^1,
s1_1^1*s1_2^1*v0^1,
t1_2^1*s1_2^1*v0^1,
t1_1^1*s1_2^1*v0^1,
t1_0^1*s1_2^1*v0^1,
t1_1^1*s1_1^1*v0^1,
t1_0^1*s1_1^1*v0^1,
t1_1^1*t1_2^1*v0^1,
t1_0^1*t1_2^1*v0^1,
t1_0^1*t1_1^1*v0^1,
s1_0^1*s2_2^1*u5^1,
s1_0^1*s2_1^1*u5^1,
t2_1^1*s2_1^1*u5^1,
t2_0^1*s2_1^1*u5^1,
t1_2^1*s2_1^1*u5^1,
s1_2^1*s2_0^1*u5^1,
s1_1^1*s2_0^1*u5^1,
s1_0^1*s2_0^1*u5^1,
t1_2^1*s2_0^1*u5^1,
t1_1^1*s2_0^1*u5^1,
s1_1^1*s1_2^1*u5^1,
t2_1^1*s1_2^1*u5^1,
t2_0^1*s1_2^1*u5^1,
t1_2^1*s1_2^1*u5^1,
t1_1^1*s1_2^1*u5^1,
t1_0^1*s1_2^1*u5^1,
t2_1^1*s1_1^1*u5^1,
t2_0^1*s1_1^1*u5^1,
t1_1^1*s1_1^1*u5^1,
t1_0^1*s1_1^1*u5^1,
t2_2^1*s1_0^1*u5^1,
t2_1^1*s1_0^1*u5^1,
t2_1^1*t2_2^1*u5^1,
t2_0^1*t2_2^1*u5^1,
t1_2^1*t2_2^1*u5^1,
t1_1^1*t2_2^1*u5^1,
t1_0^1*t2_2^1*u5^1,
t2_0^1*t2_1^1*u5^1,
t1_2^1*t2_1^1*u5^1,
t1_1^1*t2_1^1*u5^1,
t1_0^1*t2_1^1*u5^1,
t1_2^1*t2_0^1*u5^1,
t1_1^1*t2_0^1*u5^1,
t1_0^1*t2_0^1*u5^1,
t1_1^1*t1_2^1*u5^1,
t1_0^1*t1_2^1*u5^1,
t1_0^1*t1_1^1*u5^1,
s1_0^1*s2_2^1*u4^1,
t2_1^1*s2_2^1*u4^1,
t2_0^1*s2_2^1*u4^1,
s1_0^1*s2_1^1*u4^1,
t2_0^1*s2_1^1*u4^1,
s1_2^1*s2_0^1*u4^1,
s1_1^1*s2_0^1*u4^1,
s1_0^1*s2_0^1*u4^1,
s1_1^1*s1_2^1*u4^1,
t2_1^1*s1_2^1*u4^1,
t2_0^1*s1_2^1*u4^1,
t2_2^1*s1_1^1*u4^1,
t2_0^1*s1_1^1*u4^1,
t2_2^1*s1_0^1*u4^1,
t2_1^1*s1_0^1*u4^1,
t2_1^1*t2_2^1*u4^1,
t2_0^1*t2_2^1*u4^1,
t2_0^1*t2_1^1*u4^1,
s2_1^1*s2_2^1*u2^1,
s1_0^1*s2_1^1*s2_2^1,
t2_1^1*s2_1^1*s2_2^1,
t2_0^1*s2_1^1*s2_2^1,
t2_1^1*s1_0^1*s2_2^1,
t2_1^1*t2_2^1*s2_2^1,
t2_0^1*t2_2^1*s2_2^1,
t2_0^1*t2_1^1*s2_2^1,
t2_1^1*s1_0^1*s2_1^1,
t2_0^1*t2_1^1*s2_1^1,
s1_1^1*s1_2^1*s2_0^1,
t1_1^1*s1_2^1*s2_0^1,
t1_1^1*s1_1^1*s2_0^1,
t1_1^1*t1_2^1*s2_0^1,
t1_1^1*s1_1^1*s1_2^1,
t1_0^1*s1_1^1*s1_2^1,
t1_1^1*t1_2^1*s1_2^1,
t1_0^1*t1_2^1*s1_2^1,
t1_0^1*t1_1^1*s1_2^1,
t1_0^1*t1_1^1*s1_1^1,
t2_1^1*t2_2^1*s1_0^1,
t2_0^1*t2_1^1*t2_2^1,
t1_1^1*t2_0^1*t2_2^1,
t1_0^1*t2_0^1*t2_2^1,
t1_1^1*t2_0^1*t2_1^1,
t1_0^1*t2_0^1*t2_1^1,
t1_0^1*t1_2^1*t2_1^1,
t1_0^1*t1_1^1*t2_1^1,
t1_0^1*t1_2^1*t2_0^1,
t1_0^1*t1_1^1*t2_0^1,
t1_0^1*t1_1^1*t1_2^1,
s1_2^1*s2_2^1*v4^1*v5^1,
s1_1^1*s2_2^1*v4^1*v5^1,
t1_2^1*s2_2^1*v4^1*v5^1,
s1_2^1*s2_1^1*v4^1*v5^1,
s1_1^1*s2_1^1*v4^1*v5^1,
t1_2^1*s2_1^1*v4^1*v5^1,
s1_1^1*s1_2^1*v4^1*v5^1,
t2_2^1*s1_2^1*v4^1*v5^1,
t1_2^1*s1_2^1*v4^1*v5^1,
t2_2^1*s1_1^1*v4^1*v5^1,
t1_2^1*t2_2^1*v4^1*v5^1,
s1_2^1*s2_1^1*v0^1*v5^1,
s1_1^1*s2_1^1*v0^1*v5^1,
t1_2^1*s2_1^1*v0^1*v5^1,
t1_0^1*s2_1^1*v0^1*v5^1,
s1_1^1*s1_2^1*s2_2^1*v5^1,
t1_1^1*s1_2^1*s2_2^1*v5^1,
t1_0^1*s1_2^1*s2_2^1*v5^1,
t1_1^1*s1_2^1*s2_1^1*v5^1,
t1_0^1*s1_2^1*s2_1^1*v5^1,
t2_2^1*s1_1^1*s1_2^1*v5^1,
t2_1^1*s1_1^1*s1_2^1*v5^1,
t2_0^1*s1_1^1*s1_2^1*v5^1,
t1_2^1*t2_2^1*s1_2^1*v5^1,
t1_1^1*t2_2^1*s1_2^1*v5^1,
t1_0^1*t2_2^1*s1_2^1*v5^1,
t1_2^1*t2_1^1*s1_2^1*v5^1,
t1_1^1*t2_1^1*s1_2^1*v5^1,
t1_0^1*t2_1^1*s1_2^1*v5^1,
t1_2^1*t2_0^1*s1_2^1*v5^1,
t1_1^1*t2_0^1*s1_2^1*v5^1,
t1_0^1*t2_0^1*s1_2^1*v5^1,
t1_1^1*s1_1^1*s2_2^1*v4^1,
s1_1^1*s1_2^1*s2_1^1*v4^1,
t1_2^1*s1_2^1*s2_1^1*v4^1,
t2_2^1*s1_1^1*s1_2^1*v4^1,
t2_1^1*s1_1^1*s1_2^1*v4^1,
t2_0^1*s1_1^1*s1_2^1*v4^1,
t1_2^1*t2_2^1*s1_2^1*v4^1,
t1_2^1*t2_1^1*s1_2^1*v4^1,
t1_2^1*t2_0^1*s1_2^1*v4^1,
t1_1^1*t2_2^1*s1_1^1*v4^1,
t1_1^1*t2_1^1*s1_1^1*v4^1,
t1_1^1*t2_0^1*s1_1^1*v4^1,
s1_2^1*s2_1^1*s2_2^1*u5^1,
t1_1^1*s2_1^1*s2_2^1*u5^1,
t1_0^1*s2_1^1*s2_2^1*u5^1,
s1_1^1*s2_1^1*s2_2^1*u4^1,
t1_0^1*s1_2^1*s2_1^1*s2_2^1,
t1_0^1*s1_1^1*s2_1^1*s2_2^1,
t1_1^1*t1_2^1*s2_1^1*s2_2^1,
t2_0^1*s1_1^1*s1_2^1*s2_2^1,
t1_2^1*t2_0^1*s1_2^1*s2_2^1,
t1_1^1*t2_0^1*s1_2^1*s2_2^1,
t1_0^1*t2_0^1*s1_2^1*s2_2^1,
t1_0^1*t2_1^1*s1_1^1*s2_2^1,
t1_1^1*t2_0^1*s1_1^1*s2_2^1,
t1_0^1*t2_0^1*s1_1^1*s2_2^1,
t1_1^1*t1_2^1*t2_2^1*s2_2^1,
t1_1^1*t1_2^1*t2_1^1*s2_2^1,
t1_1^1*t1_2^1*t2_0^1*s2_2^1,
t2_0^1*s1_1^1*s1_2^1*s2_1^1,
t1_2^1*t2_0^1*s1_2^1*s2_1^1,
t1_1^1*t2_0^1*s1_2^1*s2_1^1,
t1_0^1*t2_0^1*s1_2^1*s2_1^1,
t1_1^1*t2_0^1*s1_1^1*s2_1^1,
t1_0^1*t2_0^1*s1_1^1*s2_1^1,
t1_1^1*t1_2^1*t2_1^1*s2_1^1,
t1_1^1*t1_2^1*t2_0^1*s2_1^1,
t2_1^1*t2_2^1*s1_1^1*s1_2^1,
t2_0^1*t2_2^1*s1_1^1*s1_2^1,
t2_0^1*t2_1^1*s1_1^1*s1_2^1,
t1_2^1*t2_1^1*t2_2^1*s1_2^1,
t1_1^1*t2_1^1*t2_2^1*s1_2^1,
t1_0^1*t2_1^1*t2_2^1*s1_2^1,
t1_2^1*t2_0^1*t2_2^1*s1_2^1,
t1_2^1*t2_0^1*t2_1^1*s1_2^1,
t1_1^1*t2_1^1*t2_2^1*s1_1^1,
t1_0^1*t2_1^1*t2_2^1*s1_1^1,
t1_1^1*t1_2^1*t2_1^1*t2_2^1]:


------------------------------------------------------------------------------------
msolve overall time           2.01 sec (elapsed) /  1.17 sec (cpu)
------------------------------------------------------------------------------------
