A/k1n19-M1-T01/r1.price.json 0.0
A2/k1n19-M1-T01/r1.price.json 0.0
A/k1n19-M1-T02/r1.price.json 12.0
A2/k1n19-M1-T02/r1.price.json 14.0
A/k1n23-M1-T01/r1.price.json 11.0
A2/k1n23-M1-T01/r1.price.json 12.0
A/k1n23-M1-T02/r1.price.json 12.1
A2/k1n23-M1-T02/r1.price.json 12.0
A/k1n45-M1-T01/r1.price.json 12.0
A2/k1n45-M1-T01/r1.price.json 13.0
A/k1n45-M1-T02/r1.price.json 12.0
A2/k1n45-M1-T02/r1.price.json 13.0
A/k0n37-M1-T01/r1.price.json 12.0
A2/k0n37-M1-T01/r1.price.json 13.0
A/k0n37-M1-T02/r1.price.json 12.0
A2/k0n37-M1-T02/r1.price.json 12.0
A/k1n43-M1-T01/r1.price.json 12.0
A2/k1n43-M1-T01/r1.price.json 13.0
A/k1n43-M1-T02/r1.price.json 11.0
A2/k1n43-M1-T02/r1.price.json 12.0
A/k1n47-M1-T01/r1.price.json 13.0
A2/k1n47-M1-T01/r1.price.json 13.0
A/k1n47-M1-T02/r1.price.json 12.0
A2/k1n47-M1-T02/r1.price.json 0.0
A/k0n57-M1-T01/r1.price.json 0.0
A2/k0n57-M1-T01/r1.price.json 0.0
A/k0n57-M1-T02/r1.price.json 5.0
A2/k0n57-M1-T02/r1.price.json 3.0
A/k0n41-M1-T01/r1.price.json 4.0
A2/k0n41-M1-T01/r1.price.json 0.0
A/k0n41-M1-T02/r1.price.json 0.0
A2/k0n41-M1-T02/r1.price.json 4.0
A/k0n53-M1-T01/r1.price.json 0.0
A2/k0n53-M1-T01/r1.price.json 0.0
A/k0n53-M1-T02/r1.price.json 4.0
A2/k0n53-M1-T02/r1.price.json 1.0
A/k1n59-M1-T01/r1.price.json 4.0
A2/k1n59-M1-T01/r1.price.json 2.0
A/k1n59-M1-T02/r1.price.json 2.0
A2/k1n59-M1-T02/r1.price.json 3.0
A/k0n61-M1-T01/r1.price.json 0.0
A2/k0n61-M1-T01/r1.price.json 0.0
A/k0n61-M1-T02/r1.price.json 0.0
A2/k0n61-M1-T02/r1.price.json 0.0
A2/k1n19-M1-T01/r2.price.json 0.0
A/k1n19-M1-T01/r2.price.json 12.0
A2/k1n19-M1-T02/r2.price.json 12.0
A/k1n19-M1-T02/r2.price.json 14.0
A2/k1n23-M1-T01/r2.price.json 14.0
A/k1n23-M1-T01/r2.price.json 14.0
A2/k1n23-M1-T02/r2.price.json 13.0
A/k1n23-M1-T02/r2.price.json 12.0
A2/k1n45-M1-T01/r2.price.json 12.0
A/k1n45-M1-T01/r2.price.json 12.0
A2/k1n45-M1-T02/r2.price.json 13.0
A/k1n45-M1-T02/r2.price.json 12.0
A2/k0n37-M1-T01/r2.price.json 11.0
A/k0n37-M1-T01/r2.price.json 14.0
A2/k0n37-M1-T02/r2.price.json 13.0
A/k0n37-M1-T02/r2.price.json 12.0
A2/k1n43-M1-T01/r2.price.json 12.0
A/k1n43-M1-T01/r2.price.json 13.0
A2/k1n43-M1-T02/r2.price.json 12.0
A/k1n43-M1-T02/r2.price.json 13.0
A2/k1n47-M1-T01/r2.price.json 13.0
A/k1n47-M1-T01/r2.price.json 13.0
A2/k1n47-M1-T02/r2.price.json 13.0
A/k1n47-M1-T02/r2.price.json 4.0
A2/k0n57-M1-T01/r2.price.json 13.0
A/k0n57-M1-T01/r2.price.json 4.0
A2/k0n57-M1-T02/r2.price.json 4.0
A/k0n57-M1-T02/r2.price.json 4.0
A2/k0n41-M1-T01/r2.price.json 4.0
A/k0n41-M1-T01/r2.price.json 4.0
A2/k0n41-M1-T02/r2.price.json 4.0
A/k0n41-M1-T02/r2.price.json 0.0
A2/k0n53-M1-T01/r2.price.json 5.0
A/k0n53-M1-T01/r2.price.json 3.0
A2/k0n53-M1-T02/r2.price.json 3.0
A/k0n53-M1-T02/r2.price.json 4.0
A2/k1n59-M1-T01/r2.price.json 4.0
A/k1n59-M1-T01/r2.price.json 2.0
A2/k1n59-M1-T02/r2.price.json 2.0
A/k1n59-M1-T02/r2.price.json 4.0
A2/k0n61-M1-T01/r2.price.json 2.0
A/k0n61-M1-T01/r2.price.json 0.0
A2/k0n61-M1-T02/r2.price.json 0.0
A/k0n61-M1-T02/r2.price.json 0.0
A/k1n19-M1-T01/r3.price.json 0.0
A2/k1n19-M1-T01/r3.price.json 12.0
A/k1n19-M1-T02/r3.price.json 12.0
A2/k1n19-M1-T02/r3.price.json 14.0
A/k1n23-M1-T01/r3.price.json 12.0
A2/k1n23-M1-T01/r3.price.json 12.0
A/k1n23-M1-T02/r3.price.json 12.0
A2/k1n23-M1-T02/r3.price.json 14.0
A/k1n45-M1-T01/r3.price.json 12.0
A2/k1n45-M1-T01/r3.price.json 13.0
A/k1n45-M1-T02/r3.price.json 12.0
A2/k1n45-M1-T02/r3.price.json 13.0
A/k0n37-M1-T01/r3.price.json 12.0
A2/k0n37-M1-T01/r3.price.json 14.0
A/k0n37-M1-T02/r3.price.json 13.0
A2/k0n37-M1-T02/r3.price.json 12.0
A/k1n43-M1-T01/r3.price.json 12.0
A2/k1n43-M1-T01/r3.price.json 13.0
A/k1n43-M1-T02/r3.price.json 11.0
A2/k1n43-M1-T02/r3.price.json 13.0
A/k1n47-M1-T01/r3.price.json 12.0
A2/k1n47-M1-T01/r3.price.json 13.0
A/k1n47-M1-T02/r3.price.json 12.0
A2/k1n47-M1-T02/r3.price.json 0.0
A/k0n57-M1-T01/r3.price.json 0.0
A2/k0n57-M1-T01/r3.price.json 4.0
A/k0n57-M1-T02/r3.price.json 4.0
A2/k0n57-M1-T02/r3.price.json 4.0
A/k0n41-M1-T01/r3.price.json 4.0
A2/k0n41-M1-T01/r3.price.json 4.0
A/k0n41-M1-T02/r3.price.json 0.0
A2/k0n41-M1-T02/r3.price.json 0.0
A/k0n53-M1-T01/r3.price.json 0.0
A2/k0n53-M1-T01/r3.price.json 4.0
A/k0n53-M1-T02/r3.price.json 4.0
A2/k0n53-M1-T02/r3.price.json 3.0
A/k1n59-M1-T01/r3.price.json 3.0
A2/k1n59-M1-T01/r3.price.json 2.0
A/k1n59-M1-T02/r3.price.json 2.0
A2/k1n59-M1-T02/r3.price.json 3.0
A/k0n61-M1-T01/r3.price.json 2.0
A2/k0n61-M1-T01/r3.price.json 0.0
A/k0n61-M1-T02/r3.price.json 0.0
A2/k0n61-M1-T02/r3.price.json 0.0
A2/k1n19-M1-T01/r4.price.json 0.0
A/k1n19-M1-T01/r4.price.json 13.0
A2/k1n19-M1-T02/r4.price.json 12.0
A/k1n19-M1-T02/r4.price.json 12.0
A2/k1n23-M1-T01/r4.price.json 12.0
A/k1n23-M1-T01/r4.price.json 12.0
A2/k1n23-M1-T02/r4.price.json 12.0
A/k1n23-M1-T02/r4.price.json 12.0
A2/k1n45-M1-T01/r4.price.json 12.0
A/k1n45-M1-T01/r4.price.json 13.0
A2/k1n45-M1-T02/r4.price.json 12.0
A/k1n45-M1-T02/r4.price.json 13.0
A2/k0n37-M1-T01/r4.price.json 12.0
A/k0n37-M1-T01/r4.price.json 13.0
A2/k0n37-M1-T02/r4.price.json 12.0
A/k0n37-M1-T02/r4.price.json 12.0
A2/k1n43-M1-T01/r4.price.json 13.0
A/k1n43-M1-T01/r4.price.json 12.0
A2/k1n43-M1-T02/r4.price.json 14.0
A/k1n43-M1-T02/r4.price.json 13.0
A2/k1n47-M1-T01/r4.price.json 11.0
A/k1n47-M1-T01/r4.price.json 13.0
A2/k1n47-M1-T02/r4.price.json 13.0
A/k1n47-M1-T02/r4.price.json 0.0
A2/k0n57-M1-T01/r4.price.json 0.0
A/k0n57-M1-T01/r4.price.json 4.0
A2/k0n57-M1-T02/r4.price.json 4.0
A/k0n57-M1-T02/r4.price.json 4.0
A2/k0n41-M1-T01/r4.price.json 4.0
A/k0n41-M1-T01/r4.price.json 4.0
A2/k0n41-M1-T02/r4.price.json 0.0
A/k0n41-M1-T02/r4.price.json 0.0
A2/k0n53-M1-T01/r4.price.json 0.0
A/k0n53-M1-T01/r4.price.json 4.0
A2/k0n53-M1-T02/r4.price.json 3.0
A/k0n53-M1-T02/r4.price.json 4.0
A2/k1n59-M1-T01/r4.price.json 3.0
A/k1n59-M1-T01/r4.price.json 2.0
A2/k1n59-M1-T02/r4.price.json 2.0
A/k1n59-M1-T02/r4.price.json 2.0
A2/k0n61-M1-T01/r4.price.json 2.0
A/k0n61-M1-T01/r4.price.json 0.0
A2/k0n61-M1-T02/r4.price.json 0.0
A/k0n61-M1-T02/r4.price.json 0.0
A/k1n19-M1-T01/r5.price.json 0.0
A2/k1n19-M1-T01/r5.price.json 12.0
A/k1n19-M1-T02/r5.price.json 14.0
A2/k1n19-M1-T02/r5.price.json 12.0
A/k1n23-M1-T01/r5.price.json 14.0
A2/k1n23-M1-T01/r5.price.json 12.0
A/k1n23-M1-T02/r5.price.json 12.0
A2/k1n23-M1-T02/r5.price.json 12.0
A/k1n45-M1-T01/r5.price.json 14.0
A2/k1n45-M1-T01/r5.price.json 12.0
A/k1n45-M1-T02/r5.price.json 13.0
A2/k1n45-M1-T02/r5.price.json 13.0
A/k0n37-M1-T01/r5.price.json 12.0
A2/k0n37-M1-T01/r5.price.json 13.0
A/k0n37-M1-T02/r5.price.json 12.0
A2/k0n37-M1-T02/r5.price.json 13.0
A/k1n43-M1-T01/r5.price.json 12.0
A2/k1n43-M1-T01/r5.price.json 13.0
A/k1n43-M1-T02/r5.price.json 13.0
A2/k1n43-M1-T02/r5.price.json 12.0
A/k1n47-M1-T01/r5.price.json 13.0
A2/k1n47-M1-T01/r5.price.json 13.0
A/k1n47-M1-T02/r5.price.json 0.0
A2/k1n47-M1-T02/r5.price.json 6.0
A/k0n57-M1-T01/r5.price.json 4.0
A2/k0n57-M1-T01/r5.price.json 4.0
A/k0n57-M1-T02/r5.price.json 4.0
A2/k0n57-M1-T02/r5.price.json 4.0
A/k0n41-M1-T01/r5.price.json 4.0
A2/k0n41-M1-T01/r5.price.json 4.0
A/k0n41-M1-T02/r5.price.json 0.0
A2/k0n41-M1-T02/r5.price.json 5.0
A/k0n53-M1-T01/r5.price.json 0.0
A2/k0n53-M1-T01/r5.price.json 0.0
A/k0n53-M1-T02/r5.price.json 2.0
A2/k0n53-M1-T02/r5.price.json 3.0
A/k1n59-M1-T01/r5.price.json 3.0
A2/k1n59-M1-T01/r5.price.json 2.0
A/k1n59-M1-T02/r5.price.json 2.0
A2/k1n59-M1-T02/r5.price.json 2.0
A/k0n61-M1-T01/r5.price.json 2.0
A2/k0n61-M1-T01/r5.price.json 0.0
A/k0n61-M1-T02/r5.price.json 0.0
A2/k0n61-M1-T02/r5.price.json 0.0
