paired-swap-grid (41)	Set up job	﻿2026-10-05T02:20:43.9278272Z Current runner version: '2.337.0'
paired-swap-grid (41)	Set up job	2026-10-05T02:20:43.9304241Z ##[group]Runner Image Provisioner
paired-swap-grid (41)	Set up job	2026-10-05T02:20:43.9305503Z Hosted Compute Agent
paired-swap-grid (41)	Set up job	2026-10-05T02:20:43.9306139Z Version: 20260901.588
paired-swap-grid (41)	Set up job	2026-10-05T02:20:43.9306895Z Commit: f88ec8081b781fac6c440065ac7ff9e710ce3d0b
paired-swap-grid (41)	Set up job	2026-10-05T02:20:43.9307718Z Build Date: 2026-09-01T19:56:44Z
paired-swap-grid (41)	Set up job	2026-10-05T02:20:43.9308510Z Worker ID: {e29ada77-aed1-4c12-921e-38ddd71db1f1}
paired-swap-grid (41)	Set up job	2026-10-05T02:20:43.9309232Z Azure Region: eastus
paired-swap-grid (41)	Set up job	2026-10-05T02:20:43.9309807Z ##[endgroup]
paired-swap-grid (41)	Set up job	2026-10-05T02:20:43.9311404Z ##[group]Operating System
paired-swap-grid (41)	Set up job	2026-10-05T02:20:43.9312086Z Ubuntu
paired-swap-grid (41)	Set up job	2026-10-05T02:20:43.9312666Z 24.04.5
paired-swap-grid (41)	Set up job	2026-10-05T02:20:43.9313211Z LTS
paired-swap-grid (41)	Set up job	2026-10-05T02:20:43.9313728Z ##[endgroup]
paired-swap-grid (41)	Set up job	2026-10-05T02:20:43.9314333Z ##[group]Runner Image
paired-swap-grid (41)	Set up job	2026-10-05T02:20:43.9315362Z Image: ubuntu-24.04
paired-swap-grid (41)	Set up job	2026-10-05T02:20:43.9316083Z Version: 20260927.320.1
paired-swap-grid (41)	Set up job	2026-10-05T02:20:43.9317189Z Included Software: https://github.com/actions/runner-images/blob/ubuntu24/20260927.320/images/ubuntu/Ubuntu2404-Readme.md
paired-swap-grid (41)	Set up job	2026-10-05T02:20:43.9318937Z Image Release: https://github.com/actions/runner-images/releases/tag/ubuntu24%2F20260927.320
paired-swap-grid (41)	Set up job	2026-10-05T02:20:43.9319971Z ##[endgroup]
paired-swap-grid (41)	Set up job	2026-10-05T02:20:43.9323131Z ##[group]GITHUB_TOKEN Permissions
paired-swap-grid (41)	Set up job	2026-10-05T02:20:43.9325760Z Actions: write
paired-swap-grid (41)	Set up job	2026-10-05T02:20:43.9327161Z ArtifactMetadata: write
paired-swap-grid (41)	Set up job	2026-10-05T02:20:43.9327881Z Attestations: write
paired-swap-grid (41)	Set up job	2026-10-05T02:20:43.9328509Z Checks: write
paired-swap-grid (41)	Set up job	2026-10-05T02:20:43.9329121Z CodeQuality: write
paired-swap-grid (41)	Set up job	2026-10-05T02:20:43.9329696Z Contents: write
paired-swap-grid (41)	Set up job	2026-10-05T02:20:43.9330325Z CopilotRequests: write
paired-swap-grid (41)	Set up job	2026-10-05T02:20:43.9330946Z Deployments: write
paired-swap-grid (41)	Set up job	2026-10-05T02:20:43.9331545Z Discussions: write
paired-swap-grid (41)	Set up job	2026-10-05T02:20:43.9332120Z Drives: write
paired-swap-grid (41)	Set up job	2026-10-05T02:20:43.9332666Z Issues: write
paired-swap-grid (41)	Set up job	2026-10-05T02:20:43.9333245Z Metadata: read
paired-swap-grid (41)	Set up job	2026-10-05T02:20:43.9333961Z Models: read
paired-swap-grid (41)	Set up job	2026-10-05T02:20:43.9334568Z Packages: write
paired-swap-grid (41)	Set up job	2026-10-05T02:20:43.9335387Z Pages: write
paired-swap-grid (41)	Set up job	2026-10-05T02:20:43.9335951Z PullRequests: write
paired-swap-grid (41)	Set up job	2026-10-05T02:20:43.9336597Z RepositoryProjects: write
paired-swap-grid (41)	Set up job	2026-10-05T02:20:43.9337288Z SecurityEvents: write
paired-swap-grid (41)	Set up job	2026-10-05T02:20:43.9337852Z Statuses: write
paired-swap-grid (41)	Set up job	2026-10-05T02:20:43.9338623Z VulnerabilityAlerts: read
paired-swap-grid (41)	Set up job	2026-10-05T02:20:43.9339236Z ##[endgroup]
paired-swap-grid (41)	Set up job	2026-10-05T02:20:43.9341309Z Secret source: Actions
paired-swap-grid (41)	Set up job	2026-10-05T02:20:43.9342374Z Cache mode: write
paired-swap-grid (41)	Set up job	2026-10-05T02:20:43.9343164Z Prepare workflow directory
paired-swap-grid (41)	Set up job	2026-10-05T02:20:43.9670346Z Prepare all required actions
paired-swap-grid (41)	Set up job	2026-10-05T02:20:43.9718501Z Getting action download info
paired-swap-grid (41)	Set up job	2026-10-05T02:20:44.2178830Z Download action repository 'actions/checkout@v4' (SHA:11d5960a326750d5838078e36cf38b85af677262)
paired-swap-grid (41)	Set up job	2026-10-05T02:20:44.3108532Z Download action repository 'actions/upload-artifact@v4' (SHA:ea165f8d65b6e75b540449e92b4886f43607fa02)
paired-swap-grid (41)	Set up job	2026-10-05T02:20:44.5175044Z Complete job name: paired-swap-grid (41)
paired-swap-grid (41)	Run actions/checkout@v4	﻿2026-10-05T02:20:44.5963713Z ##[group]Run actions/checkout@v4
paired-swap-grid (41)	Run actions/checkout@v4	2026-10-05T02:20:44.5964604Z with:
paired-swap-grid (41)	Run actions/checkout@v4	2026-10-05T02:20:44.5965276Z   sparse-checkout-cone-mode: false
paired-swap-grid (41)	Run actions/checkout@v4	2026-10-05T02:20:44.5971009Z   sparse-checkout: Cargo.toml
paired-swap-grid (41)	Run actions/checkout@v4	docs/ic/calibration.json
paired-swap-grid (41)	Run actions/checkout@v4	src
paired-swap-grid (41)	Run actions/checkout@v4	examples/koblitz_orbit_dlp_fast.rs
paired-swap-grid (41)	Run actions/checkout@v4	examples/koblitz_orbit_dlp_swap.rs
paired-swap-grid (41)	Run actions/checkout@v4	examples/koblitz_rho_batch_ks_v2_n61.rs
paired-swap-grid (41)	Run actions/checkout@v4	examples/koblitz_rho_batch_ks_v3.rs
paired-swap-grid (41)	Run actions/checkout@v4	research/notes/ecc2k130/compact_shared_log_20260925/Cargo.lock
paired-swap-grid (41)	Run actions/checkout@v4	research/notes/ecc2k130/compact_orbit_rank_evidence_20260929/verify_rank.py
paired-swap-grid (41)	Run actions/checkout@v4	research/sat_factor_base_review_20260908/autolab_orbit_extract_20260924/independent_replay.py
paired-swap-grid (41)	Run actions/checkout@v4	research/notes/ecc2k130/compact_orbit_point_panel_20260929/run_panel.py
paired-swap-grid (41)	Run actions/checkout@v4	research/notes/ecc2k130/compact_orbit_point_panel_20260929/verify_panel.py
paired-swap-grid (41)	Run actions/checkout@v4	research/notes/ecc2k130/compact_orbit_point_panel_20260929/fixtures
paired-swap-grid (41)	Run actions/checkout@v4	research/notes/ecc2k130/compact_orbit_strong_rho_20260929/fixtures
paired-swap-grid (41)	Run actions/checkout@v4	research/notes/ecc2k130/compact_k_boundary_20260929/fixtures
paired-swap-grid (41)	Run actions/checkout@v4	research/notes/ecc2k130/compact_swap_quotient_20260929
paired-swap-grid (41)	Run actions/checkout@v4	research/notes/ecc2k130/compact_frozen_source_replay_20260929
paired-swap-grid (41)	Run actions/checkout@v4	.github/workflows/compact-swap-quotient.yml
paired-swap-grid (41)	Run actions/checkout@v4	
paired-swap-grid (41)	Run actions/checkout@v4	2026-10-05T02:20:44.5977262Z   repository: aburan28/crypto
paired-swap-grid (41)	Run actions/checkout@v4	2026-10-05T02:20:44.5981143Z   token: ***
paired-swap-grid (41)	Run actions/checkout@v4	2026-10-05T02:20:44.5981579Z   ssh-strict: true
paired-swap-grid (41)	Run actions/checkout@v4	2026-10-05T02:20:44.5982267Z   ssh-user: git
paired-swap-grid (41)	Run actions/checkout@v4	2026-10-05T02:20:44.5982710Z   persist-credentials: true
paired-swap-grid (41)	Run actions/checkout@v4	2026-10-05T02:20:44.5983200Z   clean: true
paired-swap-grid (41)	Run actions/checkout@v4	2026-10-05T02:20:44.5983608Z   fetch-depth: 1
paired-swap-grid (41)	Run actions/checkout@v4	2026-10-05T02:20:44.5984025Z   fetch-tags: false
paired-swap-grid (41)	Run actions/checkout@v4	2026-10-05T02:20:44.5984458Z   show-progress: true
paired-swap-grid (41)	Run actions/checkout@v4	2026-10-05T02:20:44.5985046Z   lfs: false
paired-swap-grid (41)	Run actions/checkout@v4	2026-10-05T02:20:44.5985460Z   submodules: false
paired-swap-grid (41)	Run actions/checkout@v4	2026-10-05T02:20:44.5985897Z   set-safe-directory: true
paired-swap-grid (41)	Run actions/checkout@v4	2026-10-05T02:20:44.5986404Z   allow-unsafe-pr-checkout: false
paired-swap-grid (41)	Run actions/checkout@v4	2026-10-05T02:20:44.5987262Z ##[endgroup]
paired-swap-grid (41)	Run actions/checkout@v4	2026-10-05T02:20:44.7023509Z Syncing repository: aburan28/crypto
paired-swap-grid (41)	Run actions/checkout@v4	2026-10-05T02:20:44.7026223Z ##[group]Getting Git version info
paired-swap-grid (41)	Run actions/checkout@v4	2026-10-05T02:20:44.7026977Z Working directory is '/home/runner/work/crypto/crypto'
paired-swap-grid (41)	Run actions/checkout@v4	2026-10-05T02:20:44.7028000Z [command]/usr/bin/git version
paired-swap-grid (41)	Run actions/checkout@v4	2026-10-05T02:20:44.7110866Z git version 2.55.0
paired-swap-grid (41)	Run actions/checkout@v4	2026-10-05T02:20:44.7132065Z ##[endgroup]
paired-swap-grid (41)	Run actions/checkout@v4	2026-10-05T02:20:44.7146483Z Temporarily overriding HOME='/home/runner/work/_temp/714a2ec4-0a4f-4df4-b066-fcf5929d2d90' before making global git config changes
paired-swap-grid (41)	Run actions/checkout@v4	2026-10-05T02:20:44.7148520Z Adding repository directory to the temporary git global config as a safe directory
paired-swap-grid (41)	Run actions/checkout@v4	2026-10-05T02:20:44.7150832Z [command]/usr/bin/git config --global --add safe.directory /home/runner/work/crypto/crypto
paired-swap-grid (41)	Run actions/checkout@v4	2026-10-05T02:20:44.7204042Z Deleting the contents of '/home/runner/work/crypto/crypto'
paired-swap-grid (41)	Run actions/checkout@v4	2026-10-05T02:20:44.7208246Z ##[group]Initializing the repository
paired-swap-grid (41)	Run actions/checkout@v4	2026-10-05T02:20:44.7212293Z [command]/usr/bin/git init /home/runner/work/crypto/crypto
paired-swap-grid (41)	Run actions/checkout@v4	2026-10-05T02:20:44.7345512Z hint: Using 'master' as the name for the initial branch. This default branch name
paired-swap-grid (41)	Run actions/checkout@v4	2026-10-05T02:20:44.7346917Z hint: will change to "main" in Git 3.0. To configure the initial branch name
paired-swap-grid (41)	Run actions/checkout@v4	2026-10-05T02:20:44.7348554Z hint: to use in all of your new repositories, which will suppress this warning,
paired-swap-grid (41)	Run actions/checkout@v4	2026-10-05T02:20:44.7349952Z hint: call:
paired-swap-grid (41)	Run actions/checkout@v4	2026-10-05T02:20:44.7350875Z hint:
paired-swap-grid (41)	Run actions/checkout@v4	2026-10-05T02:20:44.7352023Z hint: 	git config --global init.defaultBranch <name>
paired-swap-grid (41)	Run actions/checkout@v4	2026-10-05T02:20:44.7353298Z hint:
paired-swap-grid (41)	Run actions/checkout@v4	2026-10-05T02:20:44.7354421Z hint: Names commonly chosen instead of 'master' are 'main', 'trunk' and
paired-swap-grid (41)	Run actions/checkout@v4	2026-10-05T02:20:44.7356593Z hint: 'development'. The just-created branch can be renamed via this command:
paired-swap-grid (41)	Run actions/checkout@v4	2026-10-05T02:20:44.7358208Z hint:
paired-swap-grid (41)	Run actions/checkout@v4	2026-10-05T02:20:44.7359009Z hint: 	git branch -m <name>
paired-swap-grid (41)	Run actions/checkout@v4	2026-10-05T02:20:44.7359919Z hint:
paired-swap-grid (41)	Run actions/checkout@v4	2026-10-05T02:20:44.7361132Z hint: Disable this message with "git config set advice.defaultBranchName false"
paired-swap-grid (41)	Run actions/checkout@v4	2026-10-05T02:20:44.7363162Z Initialized empty Git repository in /home/runner/work/crypto/crypto/.git/
paired-swap-grid (41)	Run actions/checkout@v4	2026-10-05T02:20:44.7366000Z [command]/usr/bin/git remote add origin https://github.com/aburan28/crypto
paired-swap-grid (41)	Run actions/checkout@v4	2026-10-05T02:20:44.7411641Z ##[endgroup]
paired-swap-grid (41)	Run actions/checkout@v4	2026-10-05T02:20:44.7413000Z ##[group]Disabling automatic garbage collection
paired-swap-grid (41)	Run actions/checkout@v4	2026-10-05T02:20:44.7416419Z [command]/usr/bin/git config --local gc.auto 0
paired-swap-grid (41)	Run actions/checkout@v4	2026-10-05T02:20:44.7445581Z ##[endgroup]
paired-swap-grid (41)	Run actions/checkout@v4	2026-10-05T02:20:44.7446945Z ##[group]Setting up auth
paired-swap-grid (41)	Run actions/checkout@v4	2026-10-05T02:20:44.7452716Z [command]/usr/bin/git config --local --name-only --get-regexp core\.sshCommand
paired-swap-grid (41)	Run actions/checkout@v4	2026-10-05T02:20:44.7483314Z [command]/usr/bin/git submodule foreach --recursive sh -c "git config --local --name-only --get-regexp 'core\.sshCommand' && git config --local --unset-all 'core.sshCommand' || :"
paired-swap-grid (41)	Run actions/checkout@v4	2026-10-05T02:20:44.7852178Z [command]/usr/bin/git config --local --name-only --get-regexp http\.https\:\/\/github\.com\/\.extraheader
paired-swap-grid (41)	Run actions/checkout@v4	2026-10-05T02:20:44.7882050Z [command]/usr/bin/git submodule foreach --recursive sh -c "git config --local --name-only --get-regexp 'http\.https\:\/\/github\.com\/\.extraheader' && git config --local --unset-all 'http.https://github.com/.extraheader' || :"
paired-swap-grid (41)	Run actions/checkout@v4	2026-10-05T02:20:44.8098266Z [command]/usr/bin/git config --local --name-only --get-regexp ^includeIf\.gitdir:
paired-swap-grid (41)	Run actions/checkout@v4	2026-10-05T02:20:44.8129176Z [command]/usr/bin/git submodule foreach --recursive git config --local --show-origin --name-only --get-regexp remote.origin.url
paired-swap-grid (41)	Run actions/checkout@v4	2026-10-05T02:20:44.8344271Z [command]/usr/bin/git config --local http.https://github.com/.extraheader AUTHORIZATION: basic ***
paired-swap-grid (41)	Run actions/checkout@v4	2026-10-05T02:20:44.8390332Z ##[endgroup]
paired-swap-grid (41)	Run actions/checkout@v4	2026-10-05T02:20:44.8391234Z ##[group]Fetching the repository
paired-swap-grid (41)	Run actions/checkout@v4	2026-10-05T02:20:44.8399395Z [command]/usr/bin/git -c protocol.version=2 fetch --no-tags --prune --no-recurse-submodules --filter=blob:none --depth=1 origin +509268435509486297773e885598d7c2e90d4137:refs/remotes/pull/1362/merge
paired-swap-grid (41)	Run actions/checkout@v4	2026-10-05T02:20:45.1129146Z From https://github.com/aburan28/crypto
paired-swap-grid (41)	Run actions/checkout@v4	2026-10-05T02:20:45.1130321Z  * [new ref]         509268435509486297773e885598d7c2e90d4137 -> pull/1362/merge
paired-swap-grid (41)	Run actions/checkout@v4	2026-10-05T02:20:45.1133960Z ##[endgroup]
paired-swap-grid (41)	Run actions/checkout@v4	2026-10-05T02:20:45.1135452Z ##[group]Determining the checkout info
paired-swap-grid (41)	Run actions/checkout@v4	2026-10-05T02:20:45.1137103Z ##[endgroup]
paired-swap-grid (41)	Run actions/checkout@v4	2026-10-05T02:20:45.1143376Z ##[group]Setting up sparse checkout
paired-swap-grid (41)	Run actions/checkout@v4	2026-10-05T02:20:45.1144183Z [command]/usr/bin/git config core.sparseCheckout true
paired-swap-grid (41)	Run actions/checkout@v4	2026-10-05T02:20:45.1175857Z [command]/usr/bin/git rev-parse --git-path info/sparse-checkout
paired-swap-grid (41)	Run actions/checkout@v4	2026-10-05T02:20:45.1199396Z .git/info/sparse-checkout
paired-swap-grid (41)	Run actions/checkout@v4	2026-10-05T02:20:45.1206826Z ##[endgroup]
paired-swap-grid (41)	Run actions/checkout@v4	2026-10-05T02:20:45.1207746Z ##[group]Checking out the ref
paired-swap-grid (41)	Run actions/checkout@v4	2026-10-05T02:20:45.1210933Z [command]/usr/bin/git checkout --progress --force refs/remotes/pull/1362/merge
paired-swap-grid (41)	Run actions/checkout@v4	2026-10-05T02:20:47.3650668Z Updating files:   0% (1/808)
paired-swap-grid (41)	Run actions/checkout@v4	2026-10-05T02:20:47.3659221Z Updating files:   1% (9/808)
paired-swap-grid (41)	Run actions/checkout@v4	2026-10-05T02:20:47.3664980Z Updating files:   2% (17/808)
paired-swap-grid (41)	Run actions/checkout@v4	2026-10-05T02:20:47.3670835Z Updating files:   3% (25/808)
paired-swap-grid (41)	Run actions/checkout@v4	2026-10-05T02:20:47.3682256Z Updating files:   4% (33/808)
paired-swap-grid (41)	Run actions/checkout@v4	2026-10-05T02:20:47.7674521Z Updating files:   5% (41/808)
paired-swap-grid (41)	Run actions/checkout@v4	2026-10-05T02:20:48.0326242Z Updating files:   6% (49/808)
paired-swap-grid (41)	Run actions/checkout@v4	2026-10-05T02:20:48.1859965Z Updating files:   7% (57/808)
paired-swap-grid (41)	Run actions/checkout@v4	2026-10-05T02:20:48.1862454Z Updating files:   7% (61/808)
paired-swap-grid (41)	Run actions/checkout@v4	2026-10-05T02:20:48.1871951Z Updating files:   8% (65/808)
paired-swap-grid (41)	Run actions/checkout@v4	2026-10-05T02:20:48.1879572Z Updating files:   9% (73/808)
paired-swap-grid (41)	Run actions/checkout@v4	2026-10-05T02:20:48.1884435Z Updating files:  10% (81/808)
paired-swap-grid (41)	Run actions/checkout@v4	2026-10-05T02:20:48.1891055Z Updating files:  11% (89/808)
paired-swap-grid (41)	Run actions/checkout@v4	2026-10-05T02:20:48.1900940Z Updating files:  12% (97/808)
paired-swap-grid (41)	Run actions/checkout@v4	2026-10-05T02:20:48.1908538Z Updating files:  13% (106/808)
paired-swap-grid (41)	Run actions/checkout@v4	2026-10-05T02:20:48.1914076Z Updating files:  14% (114/808)
paired-swap-grid (41)	Run actions/checkout@v4	2026-10-05T02:20:48.1918547Z Updating files:  15% (122/808)
paired-swap-grid (41)	Run actions/checkout@v4	2026-10-05T02:20:48.1965318Z Updating files:  16% (130/808)
paired-swap-grid (41)	Run actions/checkout@v4	2026-10-05T02:20:48.1988287Z Updating files:  17% (138/808)
paired-swap-grid (41)	Run actions/checkout@v4	2026-10-05T02:20:48.1997354Z Updating files:  18% (146/808)
paired-swap-grid (41)	Run actions/checkout@v4	2026-10-05T02:20:48.2012128Z Updating files:  19% (154/808)
paired-swap-grid (41)	Run actions/checkout@v4	2026-10-05T02:20:48.2027617Z Updating files:  20% (162/808)
paired-swap-grid (41)	Run actions/checkout@v4	2026-10-05T02:20:48.2035029Z Updating files:  21% (170/808)
paired-swap-grid (41)	Run actions/checkout@v4	2026-10-05T02:20:48.3165846Z Updating files:  22% (178/808)
paired-swap-grid (41)	Run actions/checkout@v4	2026-10-05T02:20:48.3193716Z Updating files:  23% (186/808)
paired-swap-grid (41)	Run actions/checkout@v4	2026-10-05T02:20:48.3207441Z Updating files:  24% (194/808)
paired-swap-grid (41)	Run actions/checkout@v4	2026-10-05T02:20:48.3222697Z Updating files:  25% (202/808)
paired-swap-grid (41)	Run actions/checkout@v4	2026-10-05T02:20:48.3236766Z Updating files:  26% (211/808)
paired-swap-grid (41)	Run actions/checkout@v4	2026-10-05T02:20:48.3258112Z Updating files:  27% (219/808)
paired-swap-grid (41)	Run actions/checkout@v4	2026-10-05T02:20:48.3271755Z Updating files:  28% (227/808)
paired-swap-grid (41)	Run actions/checkout@v4	2026-10-05T02:20:48.3282261Z Updating files:  29% (235/808)
paired-swap-grid (41)	Run actions/checkout@v4	2026-10-05T02:20:48.3290223Z Updating files:  30% (243/808)
paired-swap-grid (41)	Run actions/checkout@v4	2026-10-05T02:20:48.3297273Z Updating files:  31% (251/808)
paired-swap-grid (41)	Run actions/checkout@v4	2026-10-05T02:20:48.3307769Z Updating files:  32% (259/808)
paired-swap-grid (41)	Run actions/checkout@v4	2026-10-05T02:20:48.3314097Z Updating files:  33% (267/808)
paired-swap-grid (41)	Run actions/checkout@v4	2026-10-05T02:20:48.3322656Z Updating files:  34% (275/808)
paired-swap-grid (41)	Run actions/checkout@v4	2026-10-05T02:20:48.3330492Z Updating files:  35% (283/808)
paired-swap-grid (41)	Run actions/checkout@v4	2026-10-05T02:20:48.3337658Z Updating files:  36% (291/808)
paired-swap-grid (41)	Run actions/checkout@v4	2026-10-05T02:20:48.3345797Z Updating files:  37% (299/808)
paired-swap-grid (41)	Run actions/checkout@v4	2026-10-05T02:20:48.3355628Z Updating files:  38% (308/808)
paired-swap-grid (41)	Run actions/checkout@v4	2026-10-05T02:20:48.3370464Z Updating files:  39% (316/808)
paired-swap-grid (41)	Run actions/checkout@v4	2026-10-05T02:20:48.3385698Z Updating files:  40% (324/808)
paired-swap-grid (41)	Run actions/checkout@v4	2026-10-05T02:20:48.3400130Z Updating files:  41% (332/808)
paired-swap-grid (41)	Run actions/checkout@v4	2026-10-05T02:20:48.3411782Z Updating files:  42% (340/808)
paired-swap-grid (41)	Run actions/checkout@v4	2026-10-05T02:20:48.3422150Z Updating files:  43% (348/808)
paired-swap-grid (41)	Run actions/checkout@v4	2026-10-05T02:20:48.3431591Z Updating files:  44% (356/808)
paired-swap-grid (41)	Run actions/checkout@v4	2026-10-05T02:20:48.3443101Z Updating files:  45% (364/808)
paired-swap-grid (41)	Run actions/checkout@v4	2026-10-05T02:20:48.3461335Z Updating files:  46% (372/808)
paired-swap-grid (41)	Run actions/checkout@v4	2026-10-05T02:20:48.3481069Z Updating files:  47% (380/808)
paired-swap-grid (41)	Run actions/checkout@v4	2026-10-05T02:20:48.3494988Z Updating files:  48% (388/808)
paired-swap-grid (41)	Run actions/checkout@v4	2026-10-05T02:20:48.3519389Z Updating files:  49% (396/808)
paired-swap-grid (41)	Run actions/checkout@v4	2026-10-05T02:20:48.3601015Z Updating files:  50% (404/808)
paired-swap-grid (41)	Run actions/checkout@v4	2026-10-05T02:20:48.3601846Z Updating files:  51% (413/808)
paired-swap-grid (41)	Run actions/checkout@v4	2026-10-05T02:20:48.3602655Z Updating files:  52% (421/808)
paired-swap-grid (41)	Run actions/checkout@v4	2026-10-05T02:20:48.3612425Z Updating files:  53% (429/808)
paired-swap-grid (41)	Run actions/checkout@v4	2026-10-05T02:20:48.3630498Z Updating files:  54% (437/808)
paired-swap-grid (41)	Run actions/checkout@v4	2026-10-05T02:20:48.3642859Z Updating files:  55% (445/808)
paired-swap-grid (41)	Run actions/checkout@v4	2026-10-05T02:20:48.3653319Z Updating files:  56% (453/808)
paired-swap-grid (41)	Run actions/checkout@v4	2026-10-05T02:20:48.3663659Z Updating files:  57% (461/808)
paired-swap-grid (41)	Run actions/checkout@v4	2026-10-05T02:20:48.3676750Z Updating files:  58% (469/808)
paired-swap-grid (41)	Run actions/checkout@v4	2026-10-05T02:20:48.3692015Z Updating files:  59% (477/808)
paired-swap-grid (41)	Run actions/checkout@v4	2026-10-05T02:20:48.3702263Z Updating files:  60% (485/808)
paired-swap-grid (41)	Run actions/checkout@v4	2026-10-05T02:20:48.3718804Z Updating files:  61% (493/808)
paired-swap-grid (41)	Run actions/checkout@v4	2026-10-05T02:20:48.3730681Z Updating files:  62% (501/808)
paired-swap-grid (41)	Run actions/checkout@v4	2026-10-05T02:20:48.3754115Z Updating files:  63% (510/808)
paired-swap-grid (41)	Run actions/checkout@v4	2026-10-05T02:20:48.3768352Z Updating files:  64% (518/808)
paired-swap-grid (41)	Run actions/checkout@v4	2026-10-05T02:20:48.3778069Z Updating files:  65% (526/808)
paired-swap-grid (41)	Run actions/checkout@v4	2026-10-05T02:20:48.3786455Z Updating files:  66% (534/808)
paired-swap-grid (41)	Run actions/checkout@v4	2026-10-05T02:20:48.3791084Z Updating files:  67% (542/808)
paired-swap-grid (41)	Run actions/checkout@v4	2026-10-05T02:20:48.3794821Z Updating files:  68% (550/808)
paired-swap-grid (41)	Run actions/checkout@v4	2026-10-05T02:20:48.3798876Z Updating files:  69% (558/808)
paired-swap-grid (41)	Run actions/checkout@v4	2026-10-05T02:20:48.3802755Z Updating files:  70% (566/808)
paired-swap-grid (41)	Run actions/checkout@v4	2026-10-05T02:20:48.3807707Z Updating files:  71% (574/808)
paired-swap-grid (41)	Run actions/checkout@v4	2026-10-05T02:20:48.3814582Z Updating files:  72% (582/808)
paired-swap-grid (41)	Run actions/checkout@v4	2026-10-05T02:20:48.3821885Z Updating files:  73% (590/808)
paired-swap-grid (41)	Run actions/checkout@v4	2026-10-05T02:20:48.3828239Z Updating files:  74% (598/808)
paired-swap-grid (41)	Run actions/checkout@v4	2026-10-05T02:20:48.3833467Z Updating files:  75% (606/808)
paired-swap-grid (41)	Run actions/checkout@v4	2026-10-05T02:20:48.3842609Z Updating files:  76% (615/808)
paired-swap-grid (41)	Run actions/checkout@v4	2026-10-05T02:20:48.3851548Z Updating files:  77% (623/808)
paired-swap-grid (41)	Run actions/checkout@v4	2026-10-05T02:20:48.3858350Z Updating files:  78% (631/808)
paired-swap-grid (41)	Run actions/checkout@v4	2026-10-05T02:20:48.3866923Z Updating files:  79% (639/808)
paired-swap-grid (41)	Run actions/checkout@v4	2026-10-05T02:20:48.3874410Z Updating files:  80% (647/808)
paired-swap-grid (41)	Run actions/checkout@v4	2026-10-05T02:20:48.3880176Z Updating files:  81% (655/808)
paired-swap-grid (41)	Run actions/checkout@v4	2026-10-05T02:20:48.3888536Z Updating files:  82% (663/808)
paired-swap-grid (41)	Run actions/checkout@v4	2026-10-05T02:20:48.3898579Z Updating files:  83% (671/808)
paired-swap-grid (41)	Run actions/checkout@v4	2026-10-05T02:20:48.3907303Z Updating files:  84% (679/808)
paired-swap-grid (41)	Run actions/checkout@v4	2026-10-05T02:20:48.3915757Z Updating files:  85% (687/808)
paired-swap-grid (41)	Run actions/checkout@v4	2026-10-05T02:20:48.3932291Z Updating files:  86% (695/808)
paired-swap-grid (41)	Run actions/checkout@v4	2026-10-05T02:20:48.3949728Z Updating files:  87% (703/808)
paired-swap-grid (41)	Run actions/checkout@v4	2026-10-05T02:20:48.3957746Z Updating files:  88% (712/808)
paired-swap-grid (41)	Run actions/checkout@v4	2026-10-05T02:20:48.3967240Z Updating files:  89% (720/808)
paired-swap-grid (41)	Run actions/checkout@v4	2026-10-05T02:20:48.3978754Z Updating files:  90% (728/808)
paired-swap-grid (41)	Run actions/checkout@v4	2026-10-05T02:20:48.3986026Z Updating files:  91% (736/808)
paired-swap-grid (41)	Run actions/checkout@v4	2026-10-05T02:20:48.3995306Z Updating files:  92% (744/808)
paired-swap-grid (41)	Run actions/checkout@v4	2026-10-05T02:20:48.4005914Z Updating files:  93% (752/808)
paired-swap-grid (41)	Run actions/checkout@v4	2026-10-05T02:20:48.4010256Z Updating files:  94% (760/808)
paired-swap-grid (41)	Run actions/checkout@v4	2026-10-05T02:20:48.4017782Z Updating files:  95% (768/808)
paired-swap-grid (41)	Run actions/checkout@v4	2026-10-05T02:20:48.4032766Z Updating files:  96% (776/808)
paired-swap-grid (41)	Run actions/checkout@v4	2026-10-05T02:20:48.4036630Z Updating files:  97% (784/808)
paired-swap-grid (41)	Run actions/checkout@v4	2026-10-05T02:20:48.4046421Z Updating files:  98% (792/808)
paired-swap-grid (41)	Run actions/checkout@v4	2026-10-05T02:20:48.4053923Z Updating files:  99% (800/808)
paired-swap-grid (41)	Run actions/checkout@v4	2026-10-05T02:20:48.4054495Z Updating files: 100% (808/808)
paired-swap-grid (41)	Run actions/checkout@v4	2026-10-05T02:20:48.4055152Z Updating files: 100% (808/808), done.
paired-swap-grid (41)	Run actions/checkout@v4	2026-10-05T02:20:48.4522800Z Note: switching to 'refs/remotes/pull/1362/merge'.
paired-swap-grid (41)	Run actions/checkout@v4	2026-10-05T02:20:48.4523218Z 
paired-swap-grid (41)	Run actions/checkout@v4	2026-10-05T02:20:48.4523768Z You are in 'detached HEAD' state. You can look around, make experimental
paired-swap-grid (41)	Run actions/checkout@v4	2026-10-05T02:20:48.4524880Z changes and commit them, and you can discard any commits you make in this
paired-swap-grid (41)	Run actions/checkout@v4	2026-10-05T02:20:48.4525757Z state without impacting any branches by switching back to a branch.
paired-swap-grid (41)	Run actions/checkout@v4	2026-10-05T02:20:48.4526265Z 
paired-swap-grid (41)	Run actions/checkout@v4	2026-10-05T02:20:48.4526598Z If you want to create a new branch to retain commits you create, you may
paired-swap-grid (41)	Run actions/checkout@v4	2026-10-05T02:20:48.4527353Z do so (now or later) by using -c with the switch command. Example:
paired-swap-grid (41)	Run actions/checkout@v4	2026-10-05T02:20:48.4527862Z 
paired-swap-grid (41)	Run actions/checkout@v4	2026-10-05T02:20:48.4528034Z   git switch -c <new-branch-name>
paired-swap-grid (41)	Run actions/checkout@v4	2026-10-05T02:20:48.4528328Z 
paired-swap-grid (41)	Run actions/checkout@v4	2026-10-05T02:20:48.4528502Z Or undo this operation with:
paired-swap-grid (41)	Run actions/checkout@v4	2026-10-05T02:20:48.4529026Z 
paired-swap-grid (41)	Run actions/checkout@v4	2026-10-05T02:20:48.4529174Z   git switch -
paired-swap-grid (41)	Run actions/checkout@v4	2026-10-05T02:20:48.4529370Z 
paired-swap-grid (41)	Run actions/checkout@v4	2026-10-05T02:20:48.4529719Z Turn off this advice by setting config variable advice.detachedHead to false
paired-swap-grid (41)	Run actions/checkout@v4	2026-10-05T02:20:48.4530225Z 
paired-swap-grid (41)	Run actions/checkout@v4	2026-10-05T02:20:48.4530790Z HEAD is now at 5092684 Merge 30c84566f782e6503901d187348709dfaad05cc2 into e3508a67797401525ba7bc0ebd3b99349a8cac13
paired-swap-grid (41)	Run actions/checkout@v4	2026-10-05T02:20:48.4558041Z ##[endgroup]
paired-swap-grid (41)	Run actions/checkout@v4	2026-10-05T02:20:48.4601705Z [command]/usr/bin/git log -1 --format=%H
paired-swap-grid (41)	Run actions/checkout@v4	2026-10-05T02:20:48.4625181Z 509268435509486297773e885598d7c2e90d4137
paired-swap-grid (41)	Check fail-closed frozen-source materialization	﻿2026-10-05T02:20:48.4833344Z ##[group]Run python3 -m unittest discover -s research/notes/ecc2k130/compact_frozen_source_replay_20260929 -p 'test_materialize.py' -v
paired-swap-grid (41)	Check fail-closed frozen-source materialization	2026-10-05T02:20:48.4834407Z ^[[36;1mpython3 -m unittest discover -s research/notes/ecc2k130/compact_frozen_source_replay_20260929 -p 'test_materialize.py' -v^[[0m
paired-swap-grid (41)	Check fail-closed frozen-source materialization	2026-10-05T02:20:48.5141107Z shell: /usr/bin/bash -e {0}
paired-swap-grid (41)	Check fail-closed frozen-source materialization	2026-10-05T02:20:48.5141454Z ##[endgroup]
paired-swap-grid (41)	Check fail-closed frozen-source materialization	2026-10-05T02:20:48.5805053Z test_drifted_file_replayed_from_snapshot (test_materialize.MaterializeTest.test_drifted_file_replayed_from_snapshot) ... ok
paired-swap-grid (41)	Check fail-closed frozen-source materialization	2026-10-05T02:20:48.5829109Z test_missing_snapshot_fails_closed (test_materialize.MaterializeTest.test_missing_snapshot_fails_closed) ... ok
paired-swap-grid (41)	Check fail-closed frozen-source materialization	2026-10-05T02:20:48.5850593Z test_snapshot_for_other_path_rejected (test_materialize.MaterializeTest.test_snapshot_for_other_path_rejected) ... ok
paired-swap-grid (41)	Check fail-closed frozen-source materialization	2026-10-05T02:20:48.5873900Z test_tampered_snapshot_fails_closed (test_materialize.MaterializeTest.test_tampered_snapshot_fails_closed) ... ok
paired-swap-grid (41)	Check fail-closed frozen-source materialization	2026-10-05T02:20:48.5874930Z 
paired-swap-grid (41)	Check fail-closed frozen-source materialization	2026-10-05T02:20:48.5875188Z ----------------------------------------------------------------------
paired-swap-grid (41)	Check fail-closed frozen-source materialization	2026-10-05T02:20:48.5875642Z Ran 4 tests in 0.010s
paired-swap-grid (41)	Check fail-closed frozen-source materialization	2026-10-05T02:20:48.5875817Z 
paired-swap-grid (41)	Check fail-closed frozen-source materialization	2026-10-05T02:20:48.5875910Z OK
paired-swap-grid (41)	Materialize frozen source tree from committed snapshots	﻿2026-10-05T02:20:48.6011997Z ##[group]Run python3 research/notes/ecc2k130/compact_frozen_source_replay_20260929/materialize.py \
paired-swap-grid (41)	Materialize frozen source tree from committed snapshots	2026-10-05T02:20:48.6012742Z ^[[36;1mpython3 research/notes/ecc2k130/compact_frozen_source_replay_20260929/materialize.py \^[[0m
paired-swap-grid (41)	Materialize frozen source tree from committed snapshots	2026-10-05T02:20:48.6013401Z ^[[36;1m  --freeze research/notes/ecc2k130/compact_swap_quotient_20260929/FROZEN.json \^[[0m
paired-swap-grid (41)	Materialize frozen source tree from committed snapshots	2026-10-05T02:20:48.6013892Z ^[[36;1m  --dest "/home/runner/work/_temp/frozen-src"^[[0m
paired-swap-grid (41)	Materialize frozen source tree from committed snapshots	2026-10-05T02:20:48.6076872Z shell: /usr/bin/bash -e {0}
paired-swap-grid (41)	Materialize frozen source tree from committed snapshots	2026-10-05T02:20:48.6077146Z ##[endgroup]
paired-swap-grid (41)	Materialize frozen source tree from committed snapshots	2026-10-05T02:20:48.7759050Z {
paired-swap-grid (41)	Materialize frozen source tree from committed snapshots	2026-10-05T02:20:48.7759559Z   "freezes": [
paired-swap-grid (41)	Materialize frozen source tree from committed snapshots	2026-10-05T02:20:48.7760089Z     "research/notes/ecc2k130/compact_swap_quotient_20260929/FROZEN.json"
paired-swap-grid (41)	Materialize frozen source tree from committed snapshots	2026-10-05T02:20:48.7760517Z   ],
paired-swap-grid (41)	Materialize frozen source tree from committed snapshots	2026-10-05T02:20:48.7760716Z   "live": [
paired-swap-grid (41)	Materialize frozen source tree from committed snapshots	2026-10-05T02:20:48.7760945Z     "Cargo.toml",
paired-swap-grid (41)	Materialize frozen source tree from committed snapshots	2026-10-05T02:20:48.7761188Z     "docs/ic/calibration.json",
paired-swap-grid (41)	Materialize frozen source tree from committed snapshots	2026-10-05T02:20:48.7761481Z     "examples/koblitz_orbit_dlp_fast.rs",
paired-swap-grid (41)	Materialize frozen source tree from committed snapshots	2026-10-05T02:20:48.7761806Z     "examples/koblitz_orbit_dlp_swap.rs",
paired-swap-grid (41)	Materialize frozen source tree from committed snapshots	2026-10-05T02:20:48.7762259Z     "examples/koblitz_rho_batch_ks_v2_n61.rs",
paired-swap-grid (41)	Materialize frozen source tree from committed snapshots	2026-10-05T02:20:48.7762589Z     "examples/koblitz_rho_batch_ks_v3.rs",
paired-swap-grid (41)	Materialize frozen source tree from committed snapshots	2026-10-05T02:20:48.7763019Z     "research/notes/ecc2k130/compact_orbit_point_panel_20260929/run_panel.py",
paired-swap-grid (41)	Materialize frozen source tree from committed snapshots	2026-10-05T02:20:48.7763623Z     "research/notes/ecc2k130/compact_orbit_point_panel_20260929/verify_panel.py",
paired-swap-grid (41)	Materialize frozen source tree from committed snapshots	2026-10-05T02:20:48.7764214Z     "research/notes/ecc2k130/compact_orbit_rank_evidence_20260929/verify_rank.py",
paired-swap-grid (41)	Materialize frozen source tree from committed snapshots	2026-10-05T02:20:48.7765078Z     "research/notes/ecc2k130/compact_shared_log_20260925/Cargo.lock",
paired-swap-grid (41)	Materialize frozen source tree from committed snapshots	2026-10-05T02:20:48.7765615Z     "research/notes/ecc2k130/compact_swap_quotient_20260929/PROTOCOL.md",
paired-swap-grid (41)	Materialize frozen source tree from committed snapshots	2026-10-05T02:20:48.7766137Z     "research/notes/ecc2k130/compact_swap_quotient_20260929/archive.py",
paired-swap-grid (41)	Materialize frozen source tree from committed snapshots	2026-10-05T02:20:48.7766648Z     "research/notes/ecc2k130/compact_swap_quotient_20260929/prepare.py",
paired-swap-grid (41)	Materialize frozen source tree from committed snapshots	2026-10-05T02:20:48.7767166Z     "research/notes/ecc2k130/compact_swap_quotient_20260929/run_panel.py",
paired-swap-grid (41)	Materialize frozen source tree from committed snapshots	2026-10-05T02:20:48.7767712Z     "research/notes/ecc2k130/compact_swap_quotient_20260929/verify_panel.py",
paired-swap-grid (41)	Materialize frozen source tree from committed snapshots	2026-10-05T02:20:48.7768341Z     "research/sat_factor_base_review_20260908/autolab_orbit_extract_20260924/independent_replay.py",
paired-swap-grid (41)	Materialize frozen source tree from committed snapshots	2026-10-05T02:20:48.7769077Z     "src/lib.rs"
paired-swap-grid (41)	Materialize frozen source tree from committed snapshots	2026-10-05T02:20:48.7769275Z   ],
paired-swap-grid (41)	Materialize frozen source tree from committed snapshots	2026-10-05T02:20:48.7769465Z   "pinned_files": 21,
paired-swap-grid (41)	Materialize frozen source tree from committed snapshots	2026-10-05T02:20:48.7769704Z   "replayed_from_snapshot": {
paired-swap-grid (41)	Materialize frozen source tree from committed snapshots	2026-10-05T02:20:48.7769994Z     ".github/workflows/compact-swap-quotient.yml": {
paired-swap-grid (41)	Materialize frozen source tree from committed snapshots	2026-10-05T02:20:48.7770463Z       "frozen_sha256": "4e3094a6037e696b2d57230ca5eedd6d7e0178b502801501c71fe7e77c6de216",
paired-swap-grid (41)	Materialize frozen source tree from committed snapshots	2026-10-05T02:20:48.7771025Z       "live_sha256": "74094723396fb089ebd421ddf05b6ceb6c48cf00a10d46014d13dd8a023aff3e"
paired-swap-grid (41)	Materialize frozen source tree from committed snapshots	2026-10-05T02:20:48.7771426Z     },
paired-swap-grid (41)	Materialize frozen source tree from committed snapshots	2026-10-05T02:20:48.7771634Z     "src/cryptanalysis/koblitz_fast.rs": {
paired-swap-grid (41)	Materialize frozen source tree from committed snapshots	2026-10-05T02:20:48.7772064Z       "frozen_sha256": "1d5ceb6374e455ba40e079328efbf7a62b5cfe0e7fd42ab4e562b3c8b2f183fa",
paired-swap-grid (41)	Materialize frozen source tree from committed snapshots	2026-10-05T02:20:48.7772617Z       "live_sha256": "0b86548e12930040177e1b84a0955e2bb983d3945b538d2cdc6cc2ad4f154de5"
paired-swap-grid (41)	Materialize frozen source tree from committed snapshots	2026-10-05T02:20:48.7773019Z     },
paired-swap-grid (41)	Materialize frozen source tree from committed snapshots	2026-10-05T02:20:48.7773256Z     "src/cryptanalysis/koblitz_index_calculus.rs": {
paired-swap-grid (41)	Materialize frozen source tree from committed snapshots	2026-10-05T02:20:48.7773697Z       "frozen_sha256": "747596aa01a360ca4b010457a739ea12c829a81e845100b4cc7d8f6cb226cd20",
paired-swap-grid (41)	Materialize frozen source tree from committed snapshots	2026-10-05T02:20:48.7774234Z       "live_sha256": "4308533e6ae62437766e6e64a66ad45546050ec876e3076207928e2def5b824c"
paired-swap-grid (41)	Materialize frozen source tree from committed snapshots	2026-10-05T02:20:48.7774614Z     },
paired-swap-grid (41)	Materialize frozen source tree from committed snapshots	2026-10-05T02:20:48.7774966Z     "src/cryptanalysis/semaev_decomp.rs": {
paired-swap-grid (41)	Materialize frozen source tree from committed snapshots	2026-10-05T02:20:48.7775387Z       "frozen_sha256": "c6e9263b66f4a0892d9b46bfa23e7dd36e93c787a79a1e37181f2449ab33e8b2",
paired-swap-grid (41)	Materialize frozen source tree from committed snapshots	2026-10-05T02:20:48.7775936Z       "live_sha256": "88e4351922a8c0b3e3bc1dc692e4beaae332ff515d38b080be8911d5669e3bb5"
paired-swap-grid (41)	Materialize frozen source tree from committed snapshots	2026-10-05T02:20:48.7776328Z     }
paired-swap-grid (41)	Materialize frozen source tree from committed snapshots	2026-10-05T02:20:48.7776503Z   },
paired-swap-grid (41)	Materialize frozen source tree from committed snapshots	2026-10-05T02:20:48.7776744Z   "schema": "compact-frozen-source-materialization-v1"
paired-swap-grid (41)	Materialize frozen source tree from committed snapshots	2026-10-05T02:20:48.7777054Z }
paired-swap-grid (41)	Run cp research/notes/ecc2k130/compact_shared_log_20260925/Cargo.lock Cargo.lock	﻿2026-10-05T02:20:48.7860418Z ##[group]Run cp research/notes/ecc2k130/compact_shared_log_20260925/Cargo.lock Cargo.lock
paired-swap-grid (41)	Run cp research/notes/ecc2k130/compact_shared_log_20260925/Cargo.lock Cargo.lock	2026-10-05T02:20:48.7861069Z ^[[36;1mcp research/notes/ecc2k130/compact_shared_log_20260925/Cargo.lock Cargo.lock^[[0m
paired-swap-grid (41)	Run cp research/notes/ecc2k130/compact_shared_log_20260925/Cargo.lock Cargo.lock	2026-10-05T02:20:48.7927580Z shell: /usr/bin/bash -e {0}
paired-swap-grid (41)	Run cp research/notes/ecc2k130/compact_shared_log_20260925/Cargo.lock Cargo.lock	2026-10-05T02:20:48.7927864Z ##[endgroup]
paired-swap-grid (41)	Run cargo build --release --locked --example koblitz_rho_batch_ks_v3 --example koblitz_orbit_dlp_fast --example koblitz_orbit_dlp_swap	﻿2026-10-05T02:20:48.8059541Z ##[group]Run cargo build --release --locked --example koblitz_rho_batch_ks_v3 --example koblitz_orbit_dlp_fast --example koblitz_orbit_dlp_swap
paired-swap-grid (41)	Run cargo build --release --locked --example koblitz_rho_batch_ks_v3 --example koblitz_orbit_dlp_fast --example koblitz_orbit_dlp_swap	2026-10-05T02:20:48.8060566Z ^[[36;1mcargo build --release --locked --example koblitz_rho_batch_ks_v3 --example koblitz_orbit_dlp_fast --example koblitz_orbit_dlp_swap^[[0m
paired-swap-grid (41)	Run cargo build --release --locked --example koblitz_rho_batch_ks_v3 --example koblitz_orbit_dlp_fast --example koblitz_orbit_dlp_swap	2026-10-05T02:20:48.8119826Z shell: /usr/bin/bash -e {0}
paired-swap-grid (41)	Run cargo build --release --locked --example koblitz_rho_batch_ks_v3 --example koblitz_orbit_dlp_fast --example koblitz_orbit_dlp_swap	2026-10-05T02:20:48.8120107Z ##[endgroup]
paired-swap-grid (41)	Run cargo build --release --locked --example koblitz_rho_batch_ks_v3 --example koblitz_orbit_dlp_fast --example koblitz_orbit_dlp_swap	2026-10-05T02:20:49.5022277Z     Updating crates.io index
paired-swap-grid (41)	Run cargo build --release --locked --example koblitz_rho_batch_ks_v3 --example koblitz_orbit_dlp_fast --example koblitz_orbit_dlp_swap	2026-10-05T02:20:49.8448717Z  Downloading crates ...
paired-swap-grid (41)	Run cargo build --release --locked --example koblitz_rho_batch_ks_v3 --example koblitz_orbit_dlp_fast --example koblitz_orbit_dlp_swap	2026-10-05T02:20:49.9015316Z   Downloaded anstyle-parse v1.0.0
paired-swap-grid (41)	Run cargo build --release --locked --example koblitz_rho_batch_ks_v3 --example koblitz_orbit_dlp_fast --example koblitz_orbit_dlp_swap	2026-10-05T02:20:49.9305437Z   Downloaded anstyle-query v1.1.5
paired-swap-grid (41)	Run cargo build --release --locked --example koblitz_rho_batch_ks_v3 --example koblitz_orbit_dlp_fast --example koblitz_orbit_dlp_swap	2026-10-05T02:20:49.9320231Z   Downloaded anstyle v1.0.14
paired-swap-grid (41)	Run cargo build --release --locked --example koblitz_rho_batch_ks_v3 --example koblitz_orbit_dlp_fast --example koblitz_orbit_dlp_swap	2026-10-05T02:20:49.9335881Z   Downloaded anstream v1.0.0
paired-swap-grid (41)	Run cargo build --release --locked --example koblitz_rho_batch_ks_v3 --example koblitz_orbit_dlp_fast --example koblitz_orbit_dlp_swap	2026-10-05T02:20:49.9362536Z   Downloaded rayon-core v1.13.0
paired-swap-grid (41)	Run cargo build --release --locked --example koblitz_rho_batch_ks_v3 --example koblitz_orbit_dlp_fast --example koblitz_orbit_dlp_swap	2026-10-05T02:20:49.9414906Z   Downloaded rand_chacha v0.3.1
paired-swap-grid (41)	Run cargo build --release --locked --example koblitz_rho_batch_ks_v3 --example koblitz_orbit_dlp_fast --example koblitz_orbit_dlp_swap	2026-10-05T02:20:49.9430951Z   Downloaded adler2 v2.0.1
paired-swap-grid (41)	Run cargo build --release --locked --example koblitz_rho_batch_ks_v3 --example koblitz_orbit_dlp_fast --example koblitz_orbit_dlp_swap	2026-10-05T02:20:49.9448767Z   Downloaded syn v3.0.6
paired-swap-grid (41)	Run cargo build --release --locked --example koblitz_rho_batch_ks_v3 --example koblitz_orbit_dlp_fast --example koblitz_orbit_dlp_swap	2026-10-05T02:20:49.9562751Z   Downloaded crossbeam-epoch v0.9.21
paired-swap-grid (41)	Run cargo build --release --locked --example koblitz_rho_batch_ks_v3 --example koblitz_orbit_dlp_fast --example koblitz_orbit_dlp_swap	2026-10-05T02:20:49.9593527Z   Downloaded base64 v0.21.7
paired-swap-grid (41)	Run cargo build --release --locked --example koblitz_rho_batch_ks_v3 --example koblitz_orbit_dlp_fast --example koblitz_orbit_dlp_swap	2026-10-05T02:20:49.9731079Z   Downloaded clap_derive v4.6.7
paired-swap-grid (41)	Run cargo build --release --locked --example koblitz_rho_batch_ks_v3 --example koblitz_orbit_dlp_fast --example koblitz_orbit_dlp_swap	2026-10-05T02:20:49.9755268Z   Downloaded zerocopy v0.8.57
paired-swap-grid (41)	Run cargo build --release --locked --example koblitz_rho_batch_ks_v3 --example koblitz_orbit_dlp_fast --example koblitz_orbit_dlp_swap	2026-10-05T02:20:49.9968234Z   Downloaded shlex v2.0.1
paired-swap-grid (41)	Run cargo build --release --locked --example koblitz_rho_batch_ks_v3 --example koblitz_orbit_dlp_fast --example koblitz_orbit_dlp_swap	2026-10-05T02:20:49.9981183Z   Downloaded simd-adler32 v0.3.10
paired-swap-grid (41)	Run cargo build --release --locked --example koblitz_rho_batch_ks_v3 --example koblitz_orbit_dlp_fast --example koblitz_orbit_dlp_swap	2026-10-05T02:20:50.0000013Z   Downloaded strsim v0.11.1
paired-swap-grid (41)	Run cargo build --release --locked --example koblitz_rho_batch_ks_v3 --example koblitz_orbit_dlp_fast --example koblitz_orbit_dlp_swap	2026-10-05T02:20:50.0012769Z   Downloaded cpufeatures v0.3.1
paired-swap-grid (41)	Run cargo build --release --locked --example koblitz_rho_batch_ks_v3 --example koblitz_orbit_dlp_fast --example koblitz_orbit_dlp_swap	2026-10-05T02:20:50.0027241Z   Downloaded zeroize_derive v1.5.0
paired-swap-grid (41)	Run cargo build --release --locked --example koblitz_rho_batch_ks_v3 --example koblitz_orbit_dlp_fast --example koblitz_orbit_dlp_swap	2026-10-05T02:20:50.0037113Z   Downloaded crossbeam-utils v0.8.23
paired-swap-grid (41)	Run cargo build --release --locked --example koblitz_rho_batch_ks_v3 --example koblitz_orbit_dlp_fast --example koblitz_orbit_dlp_swap	2026-10-05T02:20:50.0064480Z   Downloaded getrandom v0.2.17
paired-swap-grid (41)	Run cargo build --release --locked --example koblitz_rho_batch_ks_v3 --example koblitz_orbit_dlp_fast --example koblitz_orbit_dlp_swap	2026-10-05T02:20:50.0094305Z   Downloaded subtle v2.6.1
paired-swap-grid (41)	Run cargo build --release --locked --example koblitz_rho_batch_ks_v3 --example koblitz_orbit_dlp_fast --example koblitz_orbit_dlp_swap	2026-10-05T02:20:50.0106570Z   Downloaded hex v0.4.3
paired-swap-grid (41)	Run cargo build --release --locked --example koblitz_rho_batch_ks_v3 --example koblitz_orbit_dlp_fast --example koblitz_orbit_dlp_swap	2026-10-05T02:20:50.0122463Z   Downloaded proc-macro2 v1.0.107
paired-swap-grid (41)	Run cargo build --release --locked --example koblitz_rho_batch_ks_v3 --example koblitz_orbit_dlp_fast --example koblitz_orbit_dlp_swap	2026-10-05T02:20:50.0151873Z   Downloaded cfg-if v1.0.5
paired-swap-grid (41)	Run cargo build --release --locked --example koblitz_rho_batch_ks_v3 --example koblitz_orbit_dlp_fast --example koblitz_orbit_dlp_swap	2026-10-05T02:20:50.0165282Z   Downloaded ppv-lite86 v0.2.21
paired-swap-grid (41)	Run cargo build --release --locked --example koblitz_rho_batch_ks_v3 --example koblitz_orbit_dlp_fast --example koblitz_orbit_dlp_swap	2026-10-05T02:20:50.0180267Z   Downloaded arrayvec v0.7.8
paired-swap-grid (41)	Run cargo build --release --locked --example koblitz_rho_batch_ks_v3 --example koblitz_orbit_dlp_fast --example koblitz_orbit_dlp_swap	2026-10-05T02:20:50.0201299Z   Downloaded either v1.18.0
paired-swap-grid (41)	Run cargo build --release --locked --example koblitz_rho_batch_ks_v3 --example koblitz_orbit_dlp_fast --example koblitz_orbit_dlp_swap	2026-10-05T02:20:50.0216532Z   Downloaded heck v0.5.0
paired-swap-grid (41)	Run cargo build --release --locked --example koblitz_rho_batch_ks_v3 --example koblitz_orbit_dlp_fast --example koblitz_orbit_dlp_swap	2026-10-05T02:20:50.0229551Z   Downloaded utf8parse v0.2.2
paired-swap-grid (41)	Run cargo build --release --locked --example koblitz_rho_batch_ks_v3 --example koblitz_orbit_dlp_fast --example koblitz_orbit_dlp_swap	2026-10-05T02:20:50.0239495Z   Downloaded constant_time_eq v0.4.2
paired-swap-grid (41)	Run cargo build --release --locked --example koblitz_rho_batch_ks_v3 --example koblitz_orbit_dlp_fast --example koblitz_orbit_dlp_swap	2026-10-05T02:20:50.0260166Z   Downloaded colorchoice v1.0.5
paired-swap-grid (41)	Run cargo build --release --locked --example koblitz_rho_batch_ks_v3 --example koblitz_orbit_dlp_fast --example koblitz_orbit_dlp_swap	2026-10-05T02:20:50.0270264Z   Downloaded is_terminal_polyfill v1.70.2
paired-swap-grid (41)	Run cargo build --release --locked --example koblitz_rho_batch_ks_v3 --example koblitz_orbit_dlp_fast --example koblitz_orbit_dlp_swap	2026-10-05T02:20:50.0279964Z   Downloaded num-bigint v0.4.8
paired-swap-grid (41)	Run cargo build --release --locked --example koblitz_rho_batch_ks_v3 --example koblitz_orbit_dlp_fast --example koblitz_orbit_dlp_swap	2026-10-05T02:20:50.0327791Z   Downloaded crc32fast v1.5.2
paired-swap-grid (41)	Run cargo build --release --locked --example koblitz_rho_batch_ks_v3 --example koblitz_orbit_dlp_fast --example koblitz_orbit_dlp_swap	2026-10-05T02:20:50.0348740Z   Downloaded itoa v1.0.18
paired-swap-grid (41)	Run cargo build --release --locked --example koblitz_rho_batch_ks_v3 --example koblitz_orbit_dlp_fast --example koblitz_orbit_dlp_swap	2026-10-05T02:20:50.0363338Z   Downloaded clap v4.6.7
paired-swap-grid (41)	Run cargo build --release --locked --example koblitz_rho_batch_ks_v3 --example koblitz_orbit_dlp_fast --example koblitz_orbit_dlp_swap	2026-10-05T02:20:50.0467276Z   Downloaded find-msvc-tools v0.1.13
paired-swap-grid (41)	Run cargo build --release --locked --example koblitz_rho_batch_ks_v3 --example koblitz_orbit_dlp_fast --example koblitz_orbit_dlp_swap	2026-10-05T02:20:50.0483395Z   Downloaded miniz_oxide v0.9.1
paired-swap-grid (41)	Run cargo build --release --locked --example koblitz_rho_batch_ks_v3 --example koblitz_orbit_dlp_fast --example koblitz_orbit_dlp_swap	2026-10-05T02:20:50.0508925Z   Downloaded quote v1.0.47
paired-swap-grid (41)	Run cargo build --release --locked --example koblitz_rho_batch_ks_v3 --example koblitz_orbit_dlp_fast --example koblitz_orbit_dlp_swap	2026-10-05T02:20:50.0535689Z   Downloaded rand v0.8.8
paired-swap-grid (41)	Run cargo build --release --locked --example koblitz_rho_batch_ks_v3 --example koblitz_orbit_dlp_fast --example koblitz_orbit_dlp_swap	2026-10-05T02:20:50.0568987Z   Downloaded unicode-ident v1.0.26
paired-swap-grid (41)	Run cargo build --release --locked --example koblitz_rho_batch_ks_v3 --example koblitz_orbit_dlp_fast --example koblitz_orbit_dlp_swap	2026-10-05T02:20:50.0596518Z   Downloaded zmij v1.0.23
paired-swap-grid (41)	Run cargo build --release --locked --example koblitz_rho_batch_ks_v3 --example koblitz_orbit_dlp_fast --example koblitz_orbit_dlp_swap	2026-10-05T02:20:50.0614532Z   Downloaded rand_core v0.6.4
paired-swap-grid (41)	Run cargo build --release --locked --example koblitz_rho_batch_ks_v3 --example koblitz_orbit_dlp_fast --example koblitz_orbit_dlp_swap	2026-10-05T02:20:50.0629005Z   Downloaded serde v1.0.229
paired-swap-grid (41)	Run cargo build --release --locked --example koblitz_rho_batch_ks_v3 --example koblitz_orbit_dlp_fast --example koblitz_orbit_dlp_swap	2026-10-05T02:20:50.0663072Z   Downloaded cc v1.4.7
paired-swap-grid (41)	Run cargo build --release --locked --example koblitz_rho_batch_ks_v3 --example koblitz_orbit_dlp_fast --example koblitz_orbit_dlp_swap	2026-10-05T02:20:50.0693309Z   Downloaded flate2 v1.1.10
paired-swap-grid (41)	Run cargo build --release --locked --example koblitz_rho_batch_ks_v3 --example koblitz_orbit_dlp_fast --example koblitz_orbit_dlp_swap	2026-10-05T02:20:50.0742383Z   Downloaded num-traits v0.2.19
paired-swap-grid (41)	Run cargo build --release --locked --example koblitz_rho_batch_ks_v3 --example koblitz_orbit_dlp_fast --example koblitz_orbit_dlp_swap	2026-10-05T02:20:50.0768734Z   Downloaded serde_derive v1.0.229
paired-swap-grid (41)	Run cargo build --release --locked --example koblitz_rho_batch_ks_v3 --example koblitz_orbit_dlp_fast --example koblitz_orbit_dlp_swap	2026-10-05T02:20:50.0799273Z   Downloaded zlib-rs v0.6.8
paired-swap-grid (41)	Run cargo build --release --locked --example koblitz_rho_batch_ks_v3 --example koblitz_orbit_dlp_fast --example koblitz_orbit_dlp_swap	2026-10-05T02:20:50.0853107Z   Downloaded blake3 v1.8.7
paired-swap-grid (41)	Run cargo build --release --locked --example koblitz_rho_batch_ks_v3 --example koblitz_orbit_dlp_fast --example koblitz_orbit_dlp_swap	2026-10-05T02:20:50.0931632Z   Downloaded clap_builder v4.6.7
paired-swap-grid (41)	Run cargo build --release --locked --example koblitz_rho_batch_ks_v3 --example koblitz_orbit_dlp_fast --example koblitz_orbit_dlp_swap	2026-10-05T02:20:50.0995138Z   Downloaded rayon v1.12.0
paired-swap-grid (41)	Run cargo build --release --locked --example koblitz_rho_batch_ks_v3 --example koblitz_orbit_dlp_fast --example koblitz_orbit_dlp_swap	2026-10-05T02:20:50.1089770Z   Downloaded syn v2.0.119
paired-swap-grid (41)	Run cargo build --release --locked --example koblitz_rho_batch_ks_v3 --example koblitz_orbit_dlp_fast --example koblitz_orbit_dlp_swap	2026-10-05T02:20:50.1195443Z   Downloaded zeroize v1.9.0
paired-swap-grid (41)	Run cargo build --release --locked --example koblitz_rho_batch_ks_v3 --example koblitz_orbit_dlp_fast --example koblitz_orbit_dlp_swap	2026-10-05T02:20:50.1211112Z   Downloaded crossbeam-deque v0.8.8
paired-swap-grid (41)	Run cargo build --release --locked --example koblitz_rho_batch_ks_v3 --example koblitz_orbit_dlp_fast --example koblitz_orbit_dlp_swap	2026-10-05T02:20:50.1226404Z   Downloaded clap_lex v1.1.1
paired-swap-grid (41)	Run cargo build --release --locked --example koblitz_rho_batch_ks_v3 --example koblitz_orbit_dlp_fast --example koblitz_orbit_dlp_swap	2026-10-05T02:20:50.1237870Z   Downloaded num-integer v0.1.47
paired-swap-grid (41)	Run cargo build --release --locked --example koblitz_rho_batch_ks_v3 --example koblitz_orbit_dlp_fast --example koblitz_orbit_dlp_swap	2026-10-05T02:20:50.1254034Z   Downloaded autocfg v1.5.1
paired-swap-grid (41)	Run cargo build --release --locked --example koblitz_rho_batch_ks_v3 --example koblitz_orbit_dlp_fast --example koblitz_orbit_dlp_swap	2026-10-05T02:20:50.1273131Z   Downloaded serde_core v1.0.229
paired-swap-grid (41)	Run cargo build --release --locked --example koblitz_rho_batch_ks_v3 --example koblitz_orbit_dlp_fast --example koblitz_orbit_dlp_swap	2026-10-05T02:20:50.1300643Z   Downloaded memchr v2.8.3
paired-swap-grid (41)	Run cargo build --release --locked --example koblitz_rho_batch_ks_v3 --example koblitz_orbit_dlp_fast --example koblitz_orbit_dlp_swap	2026-10-05T02:20:50.1355283Z   Downloaded serde_json v1.0.151
paired-swap-grid (41)	Run cargo build --release --locked --example koblitz_rho_batch_ks_v3 --example koblitz_orbit_dlp_fast --example koblitz_orbit_dlp_swap	2026-10-05T02:20:50.1428270Z   Downloaded libc v0.2.189
paired-swap-grid (41)	Run cargo build --release --locked --example koblitz_rho_batch_ks_v3 --example koblitz_orbit_dlp_fast --example koblitz_orbit_dlp_swap	2026-10-05T02:20:50.2605169Z    Compiling proc-macro2 v1.0.107
paired-swap-grid (41)	Run cargo build --release --locked --example koblitz_rho_batch_ks_v3 --example koblitz_orbit_dlp_fast --example koblitz_orbit_dlp_swap	2026-10-05T02:20:50.2605895Z    Compiling quote v1.0.47
paired-swap-grid (41)	Run cargo build --release --locked --example koblitz_rho_batch_ks_v3 --example koblitz_orbit_dlp_fast --example koblitz_orbit_dlp_swap	2026-10-05T02:20:50.2606472Z    Compiling unicode-ident v1.0.26
paired-swap-grid (41)	Run cargo build --release --locked --example koblitz_rho_batch_ks_v3 --example koblitz_orbit_dlp_fast --example koblitz_orbit_dlp_swap	2026-10-05T02:20:50.2607058Z    Compiling cfg-if v1.0.5
paired-swap-grid (41)	Run cargo build --release --locked --example koblitz_rho_batch_ks_v3 --example koblitz_orbit_dlp_fast --example koblitz_orbit_dlp_swap	2026-10-05T02:20:51.7620840Z    Compiling libc v0.2.189
paired-swap-grid (41)	Run cargo build --release --locked --example koblitz_rho_batch_ks_v3 --example koblitz_orbit_dlp_fast --example koblitz_orbit_dlp_swap	2026-10-05T02:20:52.6127204Z    Compiling crossbeam-utils v0.8.23
paired-swap-grid (41)	Run cargo build --release --locked --example koblitz_rho_batch_ks_v3 --example koblitz_orbit_dlp_fast --example koblitz_orbit_dlp_swap	2026-10-05T02:20:54.1855847Z    Compiling zerocopy v0.8.57
paired-swap-grid (41)	Run cargo build --release --locked --example koblitz_rho_batch_ks_v3 --example koblitz_orbit_dlp_fast --example koblitz_orbit_dlp_swap	2026-10-05T02:20:54.2083991Z    Compiling autocfg v1.5.1
paired-swap-grid (41)	Run cargo build --release --locked --example koblitz_rho_batch_ks_v3 --example koblitz_orbit_dlp_fast --example koblitz_orbit_dlp_swap	2026-10-05T02:20:54.3894028Z    Compiling crossbeam-epoch v0.9.21
paired-swap-grid (41)	Run cargo build --release --locked --example koblitz_rho_batch_ks_v3 --example koblitz_orbit_dlp_fast --example koblitz_orbit_dlp_swap	2026-10-05T02:20:54.7096721Z    Compiling num-traits v0.2.19
paired-swap-grid (41)	Run cargo build --release --locked --example koblitz_rho_batch_ks_v3 --example koblitz_orbit_dlp_fast --example koblitz_orbit_dlp_swap	2026-10-05T02:20:55.3448416Z    Compiling getrandom v0.2.17
paired-swap-grid (41)	Run cargo build --release --locked --example koblitz_rho_batch_ks_v3 --example koblitz_orbit_dlp_fast --example koblitz_orbit_dlp_swap	2026-10-05T02:20:55.3964573Z    Compiling syn v3.0.6
paired-swap-grid (41)	Run cargo build --release --locked --example koblitz_rho_batch_ks_v3 --example koblitz_orbit_dlp_fast --example koblitz_orbit_dlp_swap	2026-10-05T02:20:55.5735822Z    Compiling serde_core v1.0.229
paired-swap-grid (41)	Run cargo build --release --locked --example koblitz_rho_batch_ks_v3 --example koblitz_orbit_dlp_fast --example koblitz_orbit_dlp_swap	2026-10-05T02:20:55.5896136Z    Compiling utf8parse v0.2.2
paired-swap-grid (41)	Run cargo build --release --locked --example koblitz_rho_batch_ks_v3 --example koblitz_orbit_dlp_fast --example koblitz_orbit_dlp_swap	2026-10-05T02:20:55.6495807Z    Compiling crossbeam-deque v0.8.8
paired-swap-grid (41)	Run cargo build --release --locked --example koblitz_rho_batch_ks_v3 --example koblitz_orbit_dlp_fast --example koblitz_orbit_dlp_swap	2026-10-05T02:20:55.7364073Z    Compiling shlex v2.0.1
paired-swap-grid (41)	Run cargo build --release --locked --example koblitz_rho_batch_ks_v3 --example koblitz_orbit_dlp_fast --example koblitz_orbit_dlp_swap	2026-10-05T02:20:55.7609043Z    Compiling find-msvc-tools v0.1.13
paired-swap-grid (41)	Run cargo build --release --locked --example koblitz_rho_batch_ks_v3 --example koblitz_orbit_dlp_fast --example koblitz_orbit_dlp_swap	2026-10-05T02:20:55.8810049Z    Compiling cc v1.4.7
paired-swap-grid (41)	Run cargo build --release --locked --example koblitz_rho_batch_ks_v3 --example koblitz_orbit_dlp_fast --example koblitz_orbit_dlp_swap	2026-10-05T02:20:55.9381718Z    Compiling anstyle-parse v1.0.0
paired-swap-grid (41)	Run cargo build --release --locked --example koblitz_rho_batch_ks_v3 --example koblitz_orbit_dlp_fast --example koblitz_orbit_dlp_swap	2026-10-05T02:20:56.1238272Z    Compiling rand_core v0.6.4
paired-swap-grid (41)	Run cargo build --release --locked --example koblitz_rho_batch_ks_v3 --example koblitz_orbit_dlp_fast --example koblitz_orbit_dlp_swap	2026-10-05T02:20:56.7946594Z    Compiling anstyle v1.0.14
paired-swap-grid (41)	Run cargo build --release --locked --example koblitz_rho_batch_ks_v3 --example koblitz_orbit_dlp_fast --example koblitz_orbit_dlp_swap	2026-10-05T02:20:57.0205870Z    Compiling colorchoice v1.0.5
paired-swap-grid (41)	Run cargo build --release --locked --example koblitz_rho_batch_ks_v3 --example koblitz_orbit_dlp_fast --example koblitz_orbit_dlp_swap	2026-10-05T02:20:57.0724499Z    Compiling crc32fast v1.5.2
paired-swap-grid (41)	Run cargo build --release --locked --example koblitz_rho_batch_ks_v3 --example koblitz_orbit_dlp_fast --example koblitz_orbit_dlp_swap	2026-10-05T02:20:57.2135730Z    Compiling is_terminal_polyfill v1.70.2
paired-swap-grid (41)	Run cargo build --release --locked --example koblitz_rho_batch_ks_v3 --example koblitz_orbit_dlp_fast --example koblitz_orbit_dlp_swap	2026-10-05T02:20:57.2506057Z    Compiling anstyle-query v1.1.5
paired-swap-grid (41)	Run cargo build --release --locked --example koblitz_rho_batch_ks_v3 --example koblitz_orbit_dlp_fast --example koblitz_orbit_dlp_swap	2026-10-05T02:20:57.2585656Z    Compiling rayon-core v1.13.0
paired-swap-grid (41)	Run cargo build --release --locked --example koblitz_rho_batch_ks_v3 --example koblitz_orbit_dlp_fast --example koblitz_orbit_dlp_swap	2026-10-05T02:20:57.2973933Z    Compiling zmij v1.0.23
paired-swap-grid (41)	Run cargo build --release --locked --example koblitz_rho_batch_ks_v3 --example koblitz_orbit_dlp_fast --example koblitz_orbit_dlp_swap	2026-10-05T02:20:57.3426237Z    Compiling anstream v1.0.0
paired-swap-grid (41)	Run cargo build --release --locked --example koblitz_rho_batch_ks_v3 --example koblitz_orbit_dlp_fast --example koblitz_orbit_dlp_swap	2026-10-05T02:20:57.4553178Z    Compiling blake3 v1.8.7
paired-swap-grid (41)	Run cargo build --release --locked --example koblitz_rho_batch_ks_v3 --example koblitz_orbit_dlp_fast --example koblitz_orbit_dlp_swap	2026-10-05T02:20:58.6315922Z    Compiling ppv-lite86 v0.2.21
paired-swap-grid (41)	Run cargo build --release --locked --example koblitz_rho_batch_ks_v3 --example koblitz_orbit_dlp_fast --example koblitz_orbit_dlp_swap	2026-10-05T02:20:58.6665866Z    Compiling syn v2.0.119
paired-swap-grid (41)	Run cargo build --release --locked --example koblitz_rho_batch_ks_v3 --example koblitz_orbit_dlp_fast --example koblitz_orbit_dlp_swap	2026-10-05T02:20:59.1362222Z    Compiling rand_chacha v0.3.1
paired-swap-grid (41)	Run cargo build --release --locked --example koblitz_rho_batch_ks_v3 --example koblitz_orbit_dlp_fast --example koblitz_orbit_dlp_swap	2026-10-05T02:20:59.1415716Z    Compiling serde_json v1.0.151
paired-swap-grid (41)	Run cargo build --release --locked --example koblitz_rho_batch_ks_v3 --example koblitz_orbit_dlp_fast --example koblitz_orbit_dlp_swap	2026-10-05T02:20:59.2285815Z    Compiling clap_lex v1.1.1
paired-swap-grid (41)	Run cargo build --release --locked --example koblitz_rho_batch_ks_v3 --example koblitz_orbit_dlp_fast --example koblitz_orbit_dlp_swap	2026-10-05T02:20:59.5346184Z    Compiling adler2 v2.0.1
paired-swap-grid (41)	Run cargo build --release --locked --example koblitz_rho_batch_ks_v3 --example koblitz_orbit_dlp_fast --example koblitz_orbit_dlp_swap	2026-10-05T02:20:59.6405805Z    Compiling heck v0.5.0
paired-swap-grid (41)	Run cargo build --release --locked --example koblitz_rho_batch_ks_v3 --example koblitz_orbit_dlp_fast --example koblitz_orbit_dlp_swap	2026-10-05T02:20:59.7805799Z    Compiling strsim v0.11.1
paired-swap-grid (41)	Run cargo build --release --locked --example koblitz_rho_batch_ks_v3 --example koblitz_orbit_dlp_fast --example koblitz_orbit_dlp_swap	2026-10-05T02:20:59.9455802Z    Compiling simd-adler32 v0.3.10
paired-swap-grid (41)	Run cargo build --release --locked --example koblitz_rho_batch_ks_v3 --example koblitz_orbit_dlp_fast --example koblitz_orbit_dlp_swap	2026-10-05T02:21:00.5926459Z    Compiling serde v1.0.229
paired-swap-grid (41)	Run cargo build --release --locked --example koblitz_rho_batch_ks_v3 --example koblitz_orbit_dlp_fast --example koblitz_orbit_dlp_swap	2026-10-05T02:21:00.6416233Z    Compiling miniz_oxide v0.9.1
paired-swap-grid (41)	Run cargo build --release --locked --example koblitz_rho_batch_ks_v3 --example koblitz_orbit_dlp_fast --example koblitz_orbit_dlp_swap	2026-10-05T02:21:00.7527151Z    Compiling clap_builder v4.6.7
paired-swap-grid (41)	Run cargo build --release --locked --example koblitz_rho_batch_ks_v3 --example koblitz_orbit_dlp_fast --example koblitz_orbit_dlp_swap	2026-10-05T02:21:01.0426208Z    Compiling clap_derive v4.6.7
paired-swap-grid (41)	Run cargo build --release --locked --example koblitz_rho_batch_ks_v3 --example koblitz_orbit_dlp_fast --example koblitz_orbit_dlp_swap	2026-10-05T02:21:02.4075862Z    Compiling rand v0.8.8
paired-swap-grid (41)	Run cargo build --release --locked --example koblitz_rho_batch_ks_v3 --example koblitz_orbit_dlp_fast --example koblitz_orbit_dlp_swap	2026-10-05T02:21:02.8058117Z    Compiling serde_derive v1.0.229
paired-swap-grid (41)	Run cargo build --release --locked --example koblitz_rho_batch_ks_v3 --example koblitz_orbit_dlp_fast --example koblitz_orbit_dlp_swap	2026-10-05T02:21:03.2695631Z    Compiling num-integer v0.1.47
paired-swap-grid (41)	Run cargo build --release --locked --example koblitz_rho_batch_ks_v3 --example koblitz_orbit_dlp_fast --example koblitz_orbit_dlp_swap	2026-10-05T02:21:03.2755589Z    Compiling zeroize_derive v1.5.0
paired-swap-grid (41)	Run cargo build --release --locked --example koblitz_rho_batch_ks_v3 --example koblitz_orbit_dlp_fast --example koblitz_orbit_dlp_swap	2026-10-05T02:21:05.5516742Z    Compiling itoa v1.0.18
paired-swap-grid (41)	Run cargo build --release --locked --example koblitz_rho_batch_ks_v3 --example koblitz_orbit_dlp_fast --example koblitz_orbit_dlp_swap	2026-10-05T02:21:05.6800834Z    Compiling memchr v2.8.3
paired-swap-grid (41)	Run cargo build --release --locked --example koblitz_rho_batch_ks_v3 --example koblitz_orbit_dlp_fast --example koblitz_orbit_dlp_swap	2026-10-05T02:21:05.7390565Z    Compiling constant_time_eq v0.4.2
paired-swap-grid (41)	Run cargo build --release --locked --example koblitz_rho_batch_ks_v3 --example koblitz_orbit_dlp_fast --example koblitz_orbit_dlp_swap	2026-10-05T02:21:05.8585890Z    Compiling arrayvec v0.7.8
paired-swap-grid (41)	Run cargo build --release --locked --example koblitz_rho_batch_ks_v3 --example koblitz_orbit_dlp_fast --example koblitz_orbit_dlp_swap	2026-10-05T02:21:06.0325765Z    Compiling cpufeatures v0.3.1
paired-swap-grid (41)	Run cargo build --release --locked --example koblitz_rho_batch_ks_v3 --example koblitz_orbit_dlp_fast --example koblitz_orbit_dlp_swap	2026-10-05T02:21:06.0355521Z    Compiling either v1.18.0
paired-swap-grid (41)	Run cargo build --release --locked --example koblitz_rho_batch_ks_v3 --example koblitz_orbit_dlp_fast --example koblitz_orbit_dlp_swap	2026-10-05T02:21:06.2095760Z    Compiling rayon v1.12.0
paired-swap-grid (41)	Run cargo build --release --locked --example koblitz_rho_batch_ks_v3 --example koblitz_orbit_dlp_fast --example koblitz_orbit_dlp_swap	2026-10-05T02:21:07.6483259Z    Compiling flate2 v1.1.10
paired-swap-grid (41)	Run cargo build --release --locked --example koblitz_rho_batch_ks_v3 --example koblitz_orbit_dlp_fast --example koblitz_orbit_dlp_swap	2026-10-05T02:21:08.2229834Z    Compiling zeroize v1.9.0
paired-swap-grid (41)	Run cargo build --release --locked --example koblitz_rho_batch_ks_v3 --example koblitz_orbit_dlp_fast --example koblitz_orbit_dlp_swap	2026-10-05T02:21:08.3596982Z    Compiling num-bigint v0.4.8
paired-swap-grid (41)	Run cargo build --release --locked --example koblitz_rho_batch_ks_v3 --example koblitz_orbit_dlp_fast --example koblitz_orbit_dlp_swap	2026-10-05T02:21:09.1368148Z    Compiling clap v4.6.7
paired-swap-grid (41)	Run cargo build --release --locked --example koblitz_rho_batch_ks_v3 --example koblitz_orbit_dlp_fast --example koblitz_orbit_dlp_swap	2026-10-05T02:21:09.1785687Z    Compiling base64 v0.21.7
paired-swap-grid (41)	Run cargo build --release --locked --example koblitz_rho_batch_ks_v3 --example koblitz_orbit_dlp_fast --example koblitz_orbit_dlp_swap	2026-10-05T02:21:09.6355872Z    Compiling hex v0.4.3
paired-swap-grid (41)	Run cargo build --release --locked --example koblitz_rho_batch_ks_v3 --example koblitz_orbit_dlp_fast --example koblitz_orbit_dlp_swap	2026-10-05T02:21:09.6565730Z    Compiling subtle v2.6.1
paired-swap-grid (41)	Run cargo build --release --locked --example koblitz_rho_batch_ks_v3 --example koblitz_orbit_dlp_fast --example koblitz_orbit_dlp_swap	2026-10-05T02:21:10.8796120Z    Compiling crypto v0.1.0 (/home/runner/work/_temp/frozen-src)
paired-swap-grid (41)	Run cargo build --release --locked --example koblitz_rho_batch_ks_v3 --example koblitz_orbit_dlp_fast --example koblitz_orbit_dlp_swap	2026-10-05T02:21:11.8057712Z error: couldn't read `src/cryptanalysis/ecbench/../../../docs/ic/boundary_targets.json`: No such file or directory (os error 2)
paired-swap-grid (41)	Run cargo build --release --locked --example koblitz_rho_batch_ks_v3 --example koblitz_orbit_dlp_fast --example koblitz_orbit_dlp_swap	2026-10-05T02:21:11.8058866Z   --> src/cryptanalysis/ecbench/claim.rs:37:32
paired-swap-grid (41)	Run cargo build --release --locked --example koblitz_rho_batch_ks_v3 --example koblitz_orbit_dlp_fast --example koblitz_orbit_dlp_swap	2026-10-05T02:21:11.8059353Z    |
paired-swap-grid (41)	Run cargo build --release --locked --example koblitz_rho_batch_ks_v3 --example koblitz_orbit_dlp_fast --example koblitz_orbit_dlp_swap	2026-10-05T02:21:11.8059930Z 37 | pub const CLAIM_LEDGER: &str = include_str!("../../../docs/ic/boundary_targets.json");
paired-swap-grid (41)	Run cargo build --release --locked --example koblitz_rho_batch_ks_v3 --example koblitz_orbit_dlp_fast --example koblitz_orbit_dlp_swap	2026-10-05T02:21:11.8061105Z    |                                ^^^^^^^^^^^^^^^^^^^^^^^^^^^^^^^^^^^^^^^^^^^^^^^^^^^^^^
paired-swap-grid (41)	Run cargo build --release --locked --example koblitz_rho_batch_ks_v3 --example koblitz_orbit_dlp_fast --example koblitz_orbit_dlp_swap	2026-10-05T02:21:11.8061531Z 
paired-swap-grid (41)	Run cargo build --release --locked --example koblitz_rho_batch_ks_v3 --example koblitz_orbit_dlp_fast --example koblitz_orbit_dlp_swap	2026-10-05T02:21:11.8771969Z error: couldn't read `src/cryptanalysis/ecbench/../../../docs/ecbench/schema.sql`: No such file or directory (os error 2)
paired-swap-grid (41)	Run cargo build --release --locked --example koblitz_rho_batch_ks_v3 --example koblitz_orbit_dlp_fast --example koblitz_orbit_dlp_swap	2026-10-05T02:21:11.8772801Z   --> src/cryptanalysis/ecbench/db.rs:31:30
paired-swap-grid (41)	Run cargo build --release --locked --example koblitz_rho_batch_ks_v3 --example koblitz_orbit_dlp_fast --example koblitz_orbit_dlp_swap	2026-10-05T02:21:11.8773134Z    |
paired-swap-grid (41)	Run cargo build --release --locked --example koblitz_rho_batch_ks_v3 --example koblitz_orbit_dlp_fast --example koblitz_orbit_dlp_swap	2026-10-05T02:21:11.8773504Z 31 | pub const SCHEMA_SQL: &str = include_str!("../../../docs/ecbench/schema.sql");
paired-swap-grid (41)	Run cargo build --release --locked --example koblitz_rho_batch_ks_v3 --example koblitz_orbit_dlp_fast --example koblitz_orbit_dlp_swap	2026-10-05T02:21:11.8774013Z    |                              ^^^^^^^^^^^^^^^^^^^^^^^^^^^^^^^^^^^^^^^^^^^^^^^^
paired-swap-grid (41)	Run cargo build --release --locked --example koblitz_rho_batch_ks_v3 --example koblitz_orbit_dlp_fast --example koblitz_orbit_dlp_swap	2026-10-05T02:21:11.8774292Z 
paired-swap-grid (41)	Run cargo build --release --locked --example koblitz_rho_batch_ks_v3 --example koblitz_orbit_dlp_fast --example koblitz_orbit_dlp_swap	2026-10-05T02:21:11.9973129Z error: couldn't read `src/cryptanalysis/ecbench/../../../docs/curves/registry.json`: No such file or directory (os error 2)
paired-swap-grid (41)	Run cargo build --release --locked --example koblitz_rho_batch_ks_v3 --example koblitz_orbit_dlp_fast --example koblitz_orbit_dlp_swap	2026-10-05T02:21:11.9974432Z    --> src/cryptanalysis/ecbench/workload.rs:201:24
paired-swap-grid (41)	Run cargo build --release --locked --example koblitz_rho_batch_ks_v3 --example koblitz_orbit_dlp_fast --example koblitz_orbit_dlp_swap	2026-10-05T02:21:11.9975219Z     |
paired-swap-grid (41)	Run cargo build --release --locked --example koblitz_rho_batch_ks_v3 --example koblitz_orbit_dlp_fast --example koblitz_orbit_dlp_swap	2026-10-05T02:21:11.9975751Z 201 | const REGISTRY: &str = include_str!("../../../docs/curves/registry.json");
paired-swap-grid (41)	Run cargo build --release --locked --example koblitz_rho_batch_ks_v3 --example koblitz_orbit_dlp_fast --example koblitz_orbit_dlp_swap	2026-10-05T02:21:11.9976531Z     |                        ^^^^^^^^^^^^^^^^^^^^^^^^^^^^^^^^^^^^^^^^^^^^^^^^^^
paired-swap-grid (41)	Run cargo build --release --locked --example koblitz_rho_batch_ks_v3 --example koblitz_orbit_dlp_fast --example koblitz_orbit_dlp_swap	2026-10-05T02:21:11.9976949Z 
paired-swap-grid (41)	Run cargo build --release --locked --example koblitz_rho_batch_ks_v3 --example koblitz_orbit_dlp_fast --example koblitz_orbit_dlp_swap	2026-10-05T02:21:12.6367864Z error[E0432]: unresolved imports `super::koblitz_index_calculus::IndividualLogInterruption`, `super::koblitz_index_calculus::IndividualLogObserver`
paired-swap-grid (41)	Run cargo build --release --locked --example koblitz_rho_batch_ks_v3 --example koblitz_orbit_dlp_fast --example koblitz_orbit_dlp_swap	2026-10-05T02:21:12.6369159Z   --> src/cryptanalysis/prepared_n17_target.rs:12:9
paired-swap-grid (41)	Run cargo build --release --locked --example koblitz_rho_batch_ks_v3 --example koblitz_orbit_dlp_fast --example koblitz_orbit_dlp_swap	2026-10-05T02:21:12.6369655Z    |
paired-swap-grid (41)	Run cargo build --release --locked --example koblitz_rho_batch_ks_v3 --example koblitz_orbit_dlp_fast --example koblitz_orbit_dlp_swap	2026-10-05T02:21:12.6370464Z 12 |         IndividualLogInterruption, IndividualLogObserver, IndividualLogReport, IndividualLogSolver,
paired-swap-grid (41)	Run cargo build --release --locked --example koblitz_rho_batch_ks_v3 --example koblitz_orbit_dlp_fast --example koblitz_orbit_dlp_swap	2026-10-05T02:21:12.6371672Z    |         ^^^^^^^^^^^^^^^^^^^^^^^^^  ^^^^^^^^^^^^^^^^^^^^^ no `IndividualLogObserver` in `cryptanalysis::koblitz_index_calculus`
paired-swap-grid (41)	Run cargo build --release --locked --example koblitz_rho_batch_ks_v3 --example koblitz_orbit_dlp_fast --example koblitz_orbit_dlp_swap	2026-10-05T02:21:12.6372431Z    |         |
paired-swap-grid (41)	Run cargo build --release --locked --example koblitz_rho_batch_ks_v3 --example koblitz_orbit_dlp_fast --example koblitz_orbit_dlp_swap	2026-10-05T02:21:12.6373010Z    |         no `IndividualLogInterruption` in `cryptanalysis::koblitz_index_calculus`
paired-swap-grid (41)	Run cargo build --release --locked --example koblitz_rho_batch_ks_v3 --example koblitz_orbit_dlp_fast --example koblitz_orbit_dlp_swap	2026-10-05T02:21:12.6373654Z    |
paired-swap-grid (41)	Run cargo build --release --locked --example koblitz_rho_batch_ks_v3 --example koblitz_orbit_dlp_fast --example koblitz_orbit_dlp_swap	2026-10-05T02:21:12.6373989Z help: a similar name exists in the module
paired-swap-grid (41)	Run cargo build --release --locked --example koblitz_rho_batch_ks_v3 --example koblitz_orbit_dlp_fast --example koblitz_orbit_dlp_swap	2026-10-05T02:21:12.6374983Z    |
paired-swap-grid (41)	Run cargo build --release --locked --example koblitz_rho_batch_ks_v3 --example koblitz_orbit_dlp_fast --example koblitz_orbit_dlp_swap	2026-10-05T02:21:12.6375718Z 12 -         IndividualLogInterruption, IndividualLogObserver, IndividualLogReport, IndividualLogSolver,
paired-swap-grid (41)	Run cargo build --release --locked --example koblitz_rho_batch_ks_v3 --example koblitz_orbit_dlp_fast --example koblitz_orbit_dlp_swap	2026-10-05T02:21:12.6376928Z 12 +         IndividualLogInterruption, IndividualLogSolver, IndividualLogReport, IndividualLogSolver,
paired-swap-grid (41)	Run cargo build --release --locked --example koblitz_rho_batch_ks_v3 --example koblitz_orbit_dlp_fast --example koblitz_orbit_dlp_swap	2026-10-05T02:21:12.6377622Z    |
paired-swap-grid (41)	Run cargo build --release --locked --example koblitz_rho_batch_ks_v3 --example koblitz_orbit_dlp_fast --example koblitz_orbit_dlp_swap	2026-10-05T02:21:12.6377770Z 
paired-swap-grid (41)	Run cargo build --release --locked --example koblitz_rho_batch_ks_v3 --example koblitz_orbit_dlp_fast --example koblitz_orbit_dlp_swap	2026-10-05T02:21:15.0506691Z For more information about this error, try `rustc --explain E0432`.
paired-swap-grid (41)	Run cargo build --release --locked --example koblitz_rho_batch_ks_v3 --example koblitz_orbit_dlp_fast --example koblitz_orbit_dlp_swap	2026-10-05T02:21:15.0663604Z error: could not compile `crypto` (lib) due to 4 previous errors
paired-swap-grid (41)	Run cargo build --release --locked --example koblitz_rho_batch_ks_v3 --example koblitz_orbit_dlp_fast --example koblitz_orbit_dlp_swap	2026-10-05T02:21:15.0903100Z ##[error]Process completed with exit code 101.
paired-swap-grid (41)	Run actions/upload-artifact@v4	﻿2026-10-05T02:21:15.1051111Z ##[group]Run actions/upload-artifact@v4
paired-swap-grid (41)	Run actions/upload-artifact@v4	2026-10-05T02:21:15.1051437Z with:
paired-swap-grid (41)	Run actions/upload-artifact@v4	2026-10-05T02:21:15.1051667Z   name: compact-swap-quotient-n41-L1024
paired-swap-grid (41)	Run actions/upload-artifact@v4	2026-10-05T02:21:15.1052005Z   path: /home/runner/work/_temp/compact-swap/n41_L1024
paired-swap-grid (41)	Run actions/upload-artifact@v4	2026-10-05T02:21:15.1052325Z   if-no-files-found: warn
paired-swap-grid (41)	Run actions/upload-artifact@v4	2026-10-05T02:21:15.1052551Z   retention-days: 90
paired-swap-grid (41)	Run actions/upload-artifact@v4	2026-10-05T02:21:15.1052775Z   compression-level: 6
paired-swap-grid (41)	Run actions/upload-artifact@v4	2026-10-05T02:21:15.1052981Z   overwrite: false
paired-swap-grid (41)	Run actions/upload-artifact@v4	2026-10-05T02:21:15.1053185Z   include-hidden-files: false
paired-swap-grid (41)	Run actions/upload-artifact@v4	2026-10-05T02:21:15.1053414Z ##[endgroup]
paired-swap-grid (41)	Run actions/upload-artifact@v4	2026-10-05T02:21:15.2682128Z (node:3464) [DEP0040] DeprecationWarning: The `punycode` module is deprecated. Please use a userland alternative instead.
paired-swap-grid (41)	Run actions/upload-artifact@v4	2026-10-05T02:21:15.2682881Z (Use `node --trace-deprecation ...` to show where the warning was created)
paired-swap-grid (41)	Run actions/upload-artifact@v4	2026-10-05T02:21:15.2716420Z ##[warning]No files were found with the provided path: /home/runner/work/_temp/compact-swap/n41_L1024. No artifacts will be uploaded.
paired-swap-grid (41)	Post Run actions/checkout@v4	﻿2026-10-05T02:21:15.2922632Z Post job cleanup.
paired-swap-grid (41)	Post Run actions/checkout@v4	2026-10-05T02:21:15.3754820Z [command]/usr/bin/git version
paired-swap-grid (41)	Post Run actions/checkout@v4	2026-10-05T02:21:15.3792769Z git version 2.55.0
paired-swap-grid (41)	Post Run actions/checkout@v4	2026-10-05T02:21:15.3829550Z Temporarily overriding HOME='/home/runner/work/_temp/1e5a22dd-95d6-40b8-ba4a-5df08cc9ddb3' before making global git config changes
paired-swap-grid (41)	Post Run actions/checkout@v4	2026-10-05T02:21:15.3830929Z Adding repository directory to the temporary git global config as a safe directory
paired-swap-grid (41)	Post Run actions/checkout@v4	2026-10-05T02:21:15.3835105Z [command]/usr/bin/git config --global --add safe.directory /home/runner/work/crypto/crypto
paired-swap-grid (41)	Post Run actions/checkout@v4	2026-10-05T02:21:15.3869890Z [command]/usr/bin/git config --local --name-only --get-regexp core\.sshCommand
paired-swap-grid (41)	Post Run actions/checkout@v4	2026-10-05T02:21:15.3902648Z [command]/usr/bin/git submodule foreach --recursive sh -c "git config --local --name-only --get-regexp 'core\.sshCommand' && git config --local --unset-all 'core.sshCommand' || :"
paired-swap-grid (41)	Post Run actions/checkout@v4	2026-10-05T02:21:15.4198157Z [command]/usr/bin/git config --local --name-only --get-regexp http\.https\:\/\/github\.com\/\.extraheader
paired-swap-grid (41)	Post Run actions/checkout@v4	2026-10-05T02:21:15.4227503Z http.https://github.com/.extraheader
paired-swap-grid (41)	Post Run actions/checkout@v4	2026-10-05T02:21:15.4239768Z [command]/usr/bin/git config --local --unset-all http.https://github.com/.extraheader
paired-swap-grid (41)	Post Run actions/checkout@v4	2026-10-05T02:21:15.4274239Z [command]/usr/bin/git submodule foreach --recursive sh -c "git config --local --name-only --get-regexp 'http\.https\:\/\/github\.com\/\.extraheader' && git config --local --unset-all 'http.https://github.com/.extraheader' || :"
paired-swap-grid (41)	Post Run actions/checkout@v4	2026-10-05T02:21:15.4561617Z [command]/usr/bin/git config --local --name-only --get-regexp ^includeIf\.gitdir:
paired-swap-grid (41)	Post Run actions/checkout@v4	2026-10-05T02:21:15.4595194Z [command]/usr/bin/git submodule foreach --recursive git config --local --show-origin --name-only --get-regexp remote.origin.url
paired-swap-grid (41)	Complete job	﻿2026-10-05T02:21:15.5029683Z Cleaning up orphan processes
paired-swap-grid (41)	Complete job	2026-10-05T02:21:15.5308067Z ##[warning]Node.js 20 is deprecated. The following actions target Node.js 20 but are being forced to run on Node.js 24: actions/checkout@v4, actions/upload-artifact@v4. For more information see: https://github.blog/changelog/2025-09-19-deprecation-of-node-20-on-github-actions-runners/
