{
  "binding": {
    "algorithm_seed": 2026100310,
    "family": "matrix_f5",
    "max_queries": 3,
    "question": "disclosed-n17-target-attempt-files-v1",
    "registration_sha256": "1111111111111111111111111111111111111111111111111111111111111111",
    "schema_version": 1,
    "target": [
      52411,
      72106
    ],
    "worker_sha256": "2222222222222222222222222222222222222222222222222222222222222222"
  },
  "completed_attempts": [],
  "fresh_paired_qualification": false,
  "full_goal_complete": false,
  "headline_eligible": false,
  "online_speedup": null,
  "pending_start": {
    "a": 57707,
    "b": 37266,
    "target": [
      52411,
      72106
    ],
    "trial": 0
  },
  "promotion_eligible": false,
  "schema_version": 1,
  "searches_executed_by_inspection": 0,
  "source_bound_execution_admitted": false,
  "status": "RETAINED_TARGET_PREFIX_STRUCTURE"
}
