validation passed
11 uniform first timeout 0 5.052
11 uniform enumerate timeout 0 5.101
11 uniform first timeout 0 5.019
11 uniform enumerate timeout 0 5.022
11 uniform first timeout 0 5.003
11 uniform enumerate timeout 0 5.079
11 uniform first timeout 0 5.015
11 uniform enumerate timeout 0 5.014
11 known_decomposable first timeout 0 5.012
11 known_decomposable enumerate timeout 0 5.015
11 known_decomposable first timeout 0 5.153
11 known_decomposable enumerate timeout 0 5.048
11 known_decomposable first first 1 0.171
11 known_decomposable enumerate timeout 1 5.007
11 known_decomposable first timeout 0 5.027
11 known_decomposable enumerate timeout 0 5.01
23 uniform first timeout 0 5.012
23 uniform enumerate timeout 0 5.007
23 uniform first timeout 0 5.017
23 uniform enumerate timeout 0 5.024
23 uniform first timeout 0 5.009
23 uniform enumerate timeout 0 5.023
23 uniform first timeout 0 5.018
23 uniform enumerate timeout 0 5.02
23 known_decomposable first timeout 0 5.018
23 known_decomposable enumerate timeout 0 5.019
23 known_decomposable first timeout 0 5.01
23 known_decomposable enumerate timeout 0 5.007
23 known_decomposable first timeout 0 5.02
23 known_decomposable enumerate timeout 0 5.031
23 known_decomposable first timeout 0 5.025
23 known_decomposable enumerate timeout 0 5.006
29 uniform first timeout 0 5.012
29 uniform enumerate timeout 0 5.017
29 uniform first timeout 0 5.032
29 uniform enumerate timeout 0 5.026
29 uniform first timeout 0 5.03
29 uniform enumerate timeout 0 5.01
29 uniform first timeout 0 5.035
29 uniform enumerate timeout 0 5.021
29 known_decomposable first timeout 0 5.005
29 known_decomposable enumerate timeout 0 5.017
29 known_decomposable first timeout 0 5.013
29 known_decomposable enumerate timeout 0 5.004
29 known_decomposable first timeout 0 5.034
29 known_decomposable enumerate timeout 0 5.038
29 known_decomposable first timeout 0 5.044
29 known_decomposable enumerate timeout 0 5.018
