kummer   m=2 tower  t= 1 N= 2 g= 1 planted Dmax=  3 reached=  3 cols_to_sol=      4 cols=      4      2.8 ms
kummer   m=2 tower  t= 1 N= 2 g= 1 planted Dmax=  3 reached=  3 cols_to_sol=      4 cols=      4      0.3 ms
kummer   m=2 tower  t= 1 N= 2 g= 1 random  Dmax=  3 reached=  3 cols_to_sol=      4 cols=      4      0.5 ms
kummer   m=2 tower  t= 1 N= 2 g= 1 random  Dmax=  3 reached=  3 cols_to_sol=      4 cols=      4      0.4 ms
kummer   m=2 tower  t= 2 N= 4 g= 1 planted Dmax=  4 reached=  4 cols_to_sol=     16 cols=     16      1.2 ms
kummer   m=2 tower  t= 2 N= 4 g= 1 planted Dmax=  4 reached=  4 cols_to_sol=     16 cols=     16      0.9 ms
kummer   m=2 tower  t= 2 N= 4 g= 1 random  Dmax=  4 reached=  4 cols_to_sol=     16 cols=     16      1.1 ms
kummer   m=2 tower  t= 2 N= 4 g= 1 random  Dmax=  4 reached=  4 cols_to_sol=     16 cols=     16      1.0 ms
kummer   m=2 tower  t= 3 N= 6 g= 1 planted Dmax=  4 reached=  4 cols_to_sol=     56 cols=     56      3.0 ms
kummer   m=2 tower  t= 3 N= 6 g= 1 planted Dmax=  4 reached=  4 cols_to_sol=     56 cols=     56      2.7 ms
kummer   m=2 tower  t= 3 N= 6 g= 1 random  Dmax=  4 reached=  4 cols_to_sol=     56 cols=     56      2.3 ms
kummer   m=2 tower  t= 3 N= 6 g= 1 random  Dmax=  4 reached=  4 cols_to_sol=     56 cols=     56      2.1 ms
kummer   m=2 tower  t= 4 N= 8 g= 1 planted Dmax=  4 reached=  5 cols_to_sol=    152 cols=    152      7.0 ms
kummer   m=2 tower  t= 4 N= 8 g= 1 planted Dmax=  4 reached=  5 cols_to_sol=    152 cols=    152      6.3 ms
kummer   m=2 tower  t= 4 N= 8 g= 1 random  Dmax=  4 reached=  4 cols_to_sol=    152 cols=    152      4.9 ms
kummer   m=2 tower  t= 4 N= 8 g= 1 random  Dmax=  4 reached=  4 cols_to_sol=    152 cols=    152      5.1 ms
kummer   m=2 tower  t= 5 N=10 g= 1 planted Dmax=  4 reached=  5 cols_to_sol=    337 cols=    473     19.1 ms
kummer   m=2 tower  t= 5 N=10 g= 1 planted Dmax=  4 reached=  5 cols_to_sol=    337 cols=    473     18.8 ms
kummer   m=2 tower  t= 5 N=10 g= 1 random  Dmax=  4 reached=  4 cols_to_sol=    337 cols=    337     13.9 ms
kummer   m=2 tower  t= 5 N=10 g= 1 random  Dmax=  4 reached=  4 cols_to_sol=    337 cols=    337     16.8 ms
kummer   m=2 tower  t= 6 N=12 g= 1 planted Dmax=  5 reached=  5 cols_to_sol=   1231 cols=   1231     58.5 ms
kummer   m=2 tower  t= 6 N=12 g= 1 planted Dmax=  5 reached=  5 cols_to_sol=   1231 cols=   1231     69.1 ms
kummer   m=2 tower  t= 6 N=12 g= 1 random  Dmax=  5 reached=  5 cols_to_sol=   1231 cols=   1231     52.4 ms
kummer   m=2 tower  t= 6 N=12 g= 1 random  Dmax=  5 reached=  5 cols_to_sol=   1231 cols=   1231     52.0 ms
kummer   m=2 tower  t= 7 N=14 g= 1 planted Dmax=  5 reached=  6 cols_to_sol=   2304 cols=   2304    263.4 ms
kummer   m=2 tower  t= 7 N=14 g= 1 planted Dmax=  5 reached=  6 cols_to_sol=   2304 cols=   2304    267.7 ms
kummer   m=2 tower  t= 7 N=14 g= 1 random  Dmax=  5 reached=  5 cols_to_sol=   2304 cols=   2304    214.0 ms
kummer   m=2 tower  t= 7 N=14 g= 1 random  Dmax=  5 reached=  5 cols_to_sol=   2304 cols=   2304    202.7 ms
kummer   m=2 tower  t= 8 N=16 g= 1 random  Dmax=  5 reached=  5 cols_to_sol=   4789 cols=   4789   1169.9 ms
kummer   m=2 tower  t= 8 N=16 g= 1 random  Dmax=  5 reached=  5 cols_to_sol=   4789 cols=   4789   1130.2 ms
kummer   m=2 tower  t= 9 N=18 g= 1 random  Dmax=  5 reached=  5 cols_to_sol=   8644 cols=   8644   5868.6 ms
kummer   m=2 tower  t= 9 N=18 g= 1 random  Dmax=  5 reached=  5 cols_to_sol=   8644 cols=   8644   5811.6 ms
kummer   m=2 null   t= 1 N= 2 g= 1 planted Dmax=  3 reached=  3 cols_to_sol=      4 cols=      4      0.3 ms
kummer   m=2 null   t= 1 N= 2 g= 1 planted Dmax=  3 reached=  3 cols_to_sol=      4 cols=      4      0.2 ms
kummer   m=2 null   t= 1 N= 2 g= 1 random  Dmax=  3 reached=  3 cols_to_sol=      4 cols=      4      0.4 ms
kummer   m=2 null   t= 1 N= 2 g= 1 random  Dmax=  3 reached=  3 cols_to_sol=      4 cols=      4      0.3 ms
kummer   m=2 null   t= 2 N= 4 g= 1 planted Dmax=  4 reached=  4 cols_to_sol=     16 cols=     16      1.6 ms
kummer   m=2 null   t= 2 N= 4 g= 1 planted Dmax=  4 reached=  4 cols_to_sol=     16 cols=     16      1.4 ms
kummer   m=2 null   t= 2 N= 4 g= 1 random  Dmax=  4 reached=  4 cols_to_sol=     16 cols=     16      1.4 ms
kummer   m=2 null   t= 2 N= 4 g= 1 random  Dmax=  4 reached=  4 cols_to_sol=     16 cols=     16      1.4 ms
kummer   m=2 null   t= 3 N= 6 g= 1 planted Dmax=  4 reached=  4 cols_to_sol=     56 cols=     56      2.5 ms
kummer   m=2 null   t= 3 N= 6 g= 1 planted Dmax=  4 reached=  4 cols_to_sol=     56 cols=     56      2.3 ms
kummer   m=2 null   t= 3 N= 6 g= 1 random  Dmax=  4 reached=  4 cols_to_sol=     56 cols=     56      2.0 ms
kummer   m=2 null   t= 3 N= 6 g= 1 random  Dmax=  4 reached=  4 cols_to_sol=     56 cols=     56      1.9 ms
kummer   m=2 null   t= 4 N= 8 g= 1 planted Dmax=  4 reached=  5 cols_to_sol=    152 cols=    152      6.3 ms
kummer   m=2 null   t= 4 N= 8 g= 1 planted Dmax=  4 reached=  5 cols_to_sol=    152 cols=    152      6.2 ms
kummer   m=2 null   t= 4 N= 8 g= 1 random  Dmax=  4 reached=  4 cols_to_sol=    152 cols=    152      7.3 ms
kummer   m=2 null   t= 4 N= 8 g= 1 random  Dmax=  4 reached=  4 cols_to_sol=    152 cols=    152      5.1 ms
kummer   m=2 null   t= 5 N=10 g= 1 planted Dmax=  4 reached=  5 cols_to_sol=    337 cols=    463     19.2 ms
kummer   m=2 null   t= 5 N=10 g= 1 planted Dmax=  4 reached=  5 cols_to_sol=    337 cols=    463     18.6 ms
kummer   m=2 null   t= 5 N=10 g= 1 random  Dmax=  4 reached=  4 cols_to_sol=    337 cols=    337     14.8 ms
kummer   m=2 null   t= 5 N=10 g= 1 random  Dmax=  4 reached=  4 cols_to_sol=    337 cols=    337     14.5 ms
kummer   m=2 null   t= 6 N=12 g= 1 planted Dmax=  5 reached=  5 cols_to_sol=   1231 cols=   1231     66.8 ms
kummer   m=2 null   t= 6 N=12 g= 1 planted Dmax=  5 reached=  5 cols_to_sol=   1231 cols=   1231     60.1 ms
kummer   m=2 null   t= 6 N=12 g= 1 random  Dmax=  5 reached=  5 cols_to_sol=   1231 cols=   1231     46.7 ms
kummer   m=2 null   t= 6 N=12 g= 1 random  Dmax=  5 reached=  5 cols_to_sol=   1231 cols=   1231     45.8 ms
kummer   m=2 null   t= 7 N=14 g= 1 planted Dmax=  5 reached=  6 cols_to_sol=   2304 cols=   2304    231.3 ms
kummer   m=2 null   t= 7 N=14 g= 1 planted Dmax=  5 reached=  6 cols_to_sol=   2304 cols=   2304    283.7 ms
kummer   m=2 null   t= 7 N=14 g= 1 random  Dmax=  5 reached=  5 cols_to_sol=   2304 cols=   2304    232.2 ms
kummer   m=2 null   t= 7 N=14 g= 1 random  Dmax=  5 reached=  5 cols_to_sol=   2304 cols=   2304    204.1 ms
kummer   m=2 null   t= 8 N=16 g= 1 random  Dmax=  5 reached=  6 cols_to_sol=   4789 cols=   5106   1245.2 ms
kummer   m=2 null   t= 8 N=16 g= 1 random  Dmax=  5 reached=  5 cols_to_sol=   4789 cols=   4789   1139.2 ms
kummer   m=2 null   t= 9 N=18 g= 1 random  Dmax=  5 reached=  6 cols_to_sol=   8644 cols=  13738   6526.4 ms
kummer   m=2 null   t= 9 N=18 g= 1 random  Dmax=  5 reached=  5 cols_to_sol=   8644 cols=   8644   6188.7 ms
dickson  m=2 tower  t= 1 N= 2 g= 1 planted Dmax=  3 reached=  3 cols_to_sol=      4 cols=      4      0.3 ms
dickson  m=2 tower  t= 1 N= 2 g= 1 planted Dmax=  3 reached=  3 cols_to_sol=      4 cols=      4      0.3 ms
dickson  m=2 tower  t= 1 N= 2 g= 1 random  Dmax=  3 reached=  3 cols_to_sol=      4 cols=      4      0.2 ms
dickson  m=2 tower  t= 1 N= 2 g= 1 random  Dmax=  3 reached=  3 cols_to_sol=      4 cols=      4      0.4 ms
dickson  m=2 tower  t= 2 N= 4 g= 1 planted Dmax=  4 reached=  4 cols_to_sol=     16 cols=     16      3.6 ms
dickson  m=2 tower  t= 2 N= 4 g= 1 planted Dmax=  4 reached=  4 cols_to_sol=     16 cols=     16      1.1 ms
dickson  m=2 tower  t= 2 N= 4 g= 1 random  Dmax=  4 reached=  4 cols_to_sol=     16 cols=     16      2.3 ms
dickson  m=2 tower  t= 2 N= 4 g= 1 random  Dmax=  4 reached=  4 cols_to_sol=     16 cols=     16      1.3 ms
dickson  m=2 tower  t= 3 N= 6 g= 1 planted Dmax=  4 reached=  4 cols_to_sol=     56 cols=     56      3.2 ms
dickson  m=2 tower  t= 3 N= 6 g= 1 planted Dmax=  4 reached=  4 cols_to_sol=     56 cols=     56      2.8 ms
dickson  m=2 tower  t= 3 N= 6 g= 1 random  Dmax=  4 reached=  4 cols_to_sol=     56 cols=     56      2.8 ms
dickson  m=2 tower  t= 3 N= 6 g= 1 random  Dmax=  4 reached=  4 cols_to_sol=     56 cols=     56      3.9 ms
dickson  m=2 tower  t= 4 N= 8 g= 1 planted Dmax=  4 reached=  5 cols_to_sol=    152 cols=    152      7.3 ms
dickson  m=2 tower  t= 4 N= 8 g= 1 planted Dmax=  4 reached=  5 cols_to_sol=    152 cols=    152      7.0 ms
dickson  m=2 tower  t= 4 N= 8 g= 1 random  Dmax=  4 reached=  4 cols_to_sol=    152 cols=    152      6.1 ms
dickson  m=2 tower  t= 4 N= 8 g= 1 random  Dmax=  4 reached=  4 cols_to_sol=    152 cols=    152      6.1 ms
dickson  m=2 tower  t= 5 N=10 g= 1 planted Dmax=  4 reached=  5 cols_to_sol=    336 cols=    466     20.3 ms
dickson  m=2 tower  t= 5 N=10 g= 1 planted Dmax=  4 reached=  5 cols_to_sol=    336 cols=    466     20.1 ms
dickson  m=2 tower  t= 5 N=10 g= 1 random  Dmax=  4 reached=  4 cols_to_sol=    336 cols=    336     15.6 ms
dickson  m=2 tower  t= 5 N=10 g= 1 random  Dmax=  4 reached=  4 cols_to_sol=    336 cols=    336     15.8 ms
dickson  m=2 tower  t= 6 N=12 g= 1 planted Dmax=  5 reached=  5 cols_to_sol=   1223 cols=   1223     71.2 ms
dickson  m=2 tower  t= 6 N=12 g= 1 planted Dmax=  5 reached=  5 cols_to_sol=   1223 cols=   1223     71.3 ms
dickson  m=2 tower  t= 6 N=12 g= 1 random  Dmax=  5 reached=  5 cols_to_sol=   1223 cols=   1223     67.1 ms
dickson  m=2 tower  t= 6 N=12 g= 1 random  Dmax=  5 reached=  5 cols_to_sol=   1223 cols=   1223     69.2 ms
dickson  m=2 tower  t= 7 N=14 g= 1 planted Dmax=  5 reached=  6 cols_to_sol=   2303 cols=   2303    276.2 ms
dickson  m=2 tower  t= 7 N=14 g= 1 planted Dmax=  5 reached=  6 cols_to_sol=   2303 cols=   2303    274.2 ms
dickson  m=2 tower  t= 7 N=14 g= 1 random  Dmax=  5 reached=  5 cols_to_sol=   2303 cols=   2303    215.7 ms
dickson  m=2 tower  t= 7 N=14 g= 1 random  Dmax=  5 reached=  5 cols_to_sol=   2303 cols=   2303    245.7 ms
dickson  m=2 tower  t= 8 N=16 g= 1 random  Dmax=  5 reached=  5 cols_to_sol=   4786 cols=   4786   1271.6 ms
dickson  m=2 tower  t= 8 N=16 g= 1 random  Dmax=  5 reached=  5 cols_to_sol=   4786 cols=   4786   1219.0 ms
dickson  m=2 tower  t= 9 N=18 g= 1 random  Dmax=  5 reached=  5 cols_to_sol=   8639 cols=   8639   6349.9 ms
dickson  m=2 tower  t= 9 N=18 g= 1 random  Dmax=  5 reached=  5 cols_to_sol=   8639 cols=   8639   6262.4 ms
dickson  m=2 null   t= 1 N= 2 g= 1 planted Dmax=  3 reached=  3 cols_to_sol=      4 cols=      4      0.6 ms
dickson  m=2 null   t= 1 N= 2 g= 1 planted Dmax=  3 reached=  3 cols_to_sol=      4 cols=      4      0.3 ms
dickson  m=2 null   t= 1 N= 2 g= 1 random  Dmax=  3 reached=  3 cols_to_sol=      4 cols=      4      0.2 ms
dickson  m=2 null   t= 1 N= 2 g= 1 random  Dmax=  3 reached=  3 cols_to_sol=      4 cols=      4      0.1 ms
dickson  m=2 null   t= 2 N= 4 g= 1 planted Dmax=  4 reached=  4 cols_to_sol=     16 cols=     16      1.3 ms
dickson  m=2 null   t= 2 N= 4 g= 1 planted Dmax=  4 reached=  4 cols_to_sol=     16 cols=     16      1.2 ms
dickson  m=2 null   t= 2 N= 4 g= 1 random  Dmax=  4 reached=  4 cols_to_sol=     16 cols=     16      1.3 ms
dickson  m=2 null   t= 2 N= 4 g= 1 random  Dmax=  4 reached=  4 cols_to_sol=     16 cols=     16      1.3 ms
dickson  m=2 null   t= 3 N= 6 g= 1 planted Dmax=  4 reached=  4 cols_to_sol=     56 cols=     56      3.2 ms
dickson  m=2 null   t= 3 N= 6 g= 1 planted Dmax=  4 reached=  4 cols_to_sol=     56 cols=     56      2.9 ms
dickson  m=2 null   t= 3 N= 6 g= 1 random  Dmax=  4 reached=  4 cols_to_sol=     56 cols=     56      2.3 ms
dickson  m=2 null   t= 3 N= 6 g= 1 random  Dmax=  4 reached=  4 cols_to_sol=     56 cols=     56      2.2 ms
dickson  m=2 null   t= 4 N= 8 g= 1 planted Dmax=  4 reached=  5 cols_to_sol=    152 cols=    152      6.5 ms
dickson  m=2 null   t= 4 N= 8 g= 1 planted Dmax=  4 reached=  5 cols_to_sol=    152 cols=    152      7.2 ms
dickson  m=2 null   t= 4 N= 8 g= 1 random  Dmax=  4 reached=  4 cols_to_sol=    152 cols=    152      5.5 ms
dickson  m=2 null   t= 4 N= 8 g= 1 random  Dmax=  4 reached=  4 cols_to_sol=    152 cols=    152      4.9 ms
dickson  m=2 null   t= 5 N=10 g= 1 planted Dmax=  4 reached=  5 cols_to_sol=    336 cols=    465     19.4 ms
dickson  m=2 null   t= 5 N=10 g= 1 planted Dmax=  4 reached=  5 cols_to_sol=    336 cols=    465     21.2 ms
dickson  m=2 null   t= 5 N=10 g= 1 random  Dmax=  4 reached=  4 cols_to_sol=    336 cols=    336     17.1 ms
dickson  m=2 null   t= 5 N=10 g= 1 random  Dmax=  4 reached=  4 cols_to_sol=    336 cols=    336     21.1 ms
dickson  m=2 null   t= 6 N=12 g= 1 planted Dmax=  5 reached=  5 cols_to_sol=   1223 cols=   1223     78.3 ms
dickson  m=2 null   t= 6 N=12 g= 1 planted Dmax=  5 reached=  5 cols_to_sol=   1223 cols=   1223     75.8 ms
dickson  m=2 null   t= 6 N=12 g= 1 random  Dmax=  5 reached=  5 cols_to_sol=   1223 cols=   1223     65.9 ms
dickson  m=2 null   t= 6 N=12 g= 1 random  Dmax=  5 reached=  5 cols_to_sol=   1223 cols=   1223     67.9 ms
dickson  m=2 null   t= 7 N=14 g= 1 planted Dmax=  5 reached=  6 cols_to_sol=   2303 cols=   2303    298.1 ms
dickson  m=2 null   t= 7 N=14 g= 1 planted Dmax=  5 reached=  6 cols_to_sol=   2303 cols=   2303    273.6 ms
dickson  m=2 null   t= 7 N=14 g= 1 random  Dmax=  5 reached=  5 cols_to_sol=   2303 cols=   2303    225.1 ms
dickson  m=2 null   t= 7 N=14 g= 1 random  Dmax=  5 reached=  5 cols_to_sol=   2303 cols=   2303    215.6 ms
dickson  m=2 null   t= 8 N=16 g= 1 random  Dmax=  5 reached=  5 cols_to_sol=   4786 cols=   4786   1207.4 ms
dickson  m=2 null   t= 8 N=16 g= 1 random  Dmax=  5 reached=  5 cols_to_sol=   4786 cols=   4786   1166.4 ms
dickson  m=2 null   t= 9 N=18 g= 1 random  Dmax=  5 reached=  6 cols_to_sol=   8639 cols=  13738   6874.0 ms
dickson  m=2 null   t= 9 N=18 g= 1 random  Dmax=  5 reached=  5 cols_to_sol=   8639 cols=   8639   6450.7 ms
isogeny  m=2 tower  t= 1 N= 2 g= 1 planted Dmax=  3 reached=  3 cols_to_sol=      4 cols=      4      0.9 ms
isogeny  m=2 tower  t= 1 N= 2 g= 1 planted Dmax=  3 reached=  3 cols_to_sol=      4 cols=      4      3.1 ms
isogeny  m=2 tower  t= 1 N= 2 g= 1 random  Dmax=  3 reached=  3 cols_to_sol=      4 cols=      4      0.7 ms
isogeny  m=2 tower  t= 1 N= 2 g= 1 random  Dmax=  3 reached=  3 cols_to_sol=      4 cols=      4      0.3 ms
isogeny  m=2 tower  t= 2 N= 4 g= 1 planted Dmax=  5 reached=  5 cols_to_sol=     16 cols=     16      1.1 ms
isogeny  m=2 tower  t= 2 N= 4 g= 1 planted Dmax=  5 reached=  5 cols_to_sol=     16 cols=     16      1.5 ms
isogeny  m=2 tower  t= 2 N= 4 g= 1 random  Dmax=  5 reached=  5 cols_to_sol=     16 cols=     16      0.7 ms
isogeny  m=2 tower  t= 2 N= 4 g= 1 random  Dmax=  5 reached=  5 cols_to_sol=     16 cols=     16      0.7 ms
isogeny  m=2 tower  t= 3 N= 6 g= 1 planted Dmax=  5 reached=  5 cols_to_sol=     57 cols=     63      4.7 ms
isogeny  m=2 tower  t= 3 N= 6 g= 1 planted Dmax=  5 reached=  5 cols_to_sol=     57 cols=     63      5.1 ms
isogeny  m=2 tower  t= 3 N= 6 g= 1 random  Dmax=  5 reached=  5 cols_to_sol=     57 cols=     57      2.8 ms
isogeny  m=2 tower  t= 3 N= 6 g= 1 random  Dmax=  5 reached=  5 cols_to_sol=     57 cols=     57      3.0 ms
isogeny  m=2 tower  t= 4 N= 8 g= 1 planted Dmax=  5 reached=  5 cols_to_sol=    150 cols=    201     12.0 ms
isogeny  m=2 tower  t= 4 N= 8 g= 1 planted Dmax=  5 reached=  5 cols_to_sol=    150 cols=    207     10.1 ms
isogeny  m=2 tower  t= 4 N= 8 g= 1 random  Dmax=  5 reached=  5 cols_to_sol=    150 cols=    150      6.8 ms
isogeny  m=2 tower  t= 4 N= 8 g= 1 random  Dmax=  5 reached=  5 cols_to_sol=    150 cols=    150      7.7 ms
isogeny  m=2 tower  t= 5 N=10 g= 1 planted Dmax=  5 reached=  5 cols_to_sol=    346 cols=    567     37.1 ms
isogeny  m=2 tower  t= 5 N=10 g= 1 planted Dmax=  5 reached=  5 cols_to_sol=    346 cols=    581     26.6 ms
isogeny  m=2 tower  t= 5 N=10 g= 1 random  Dmax=  5 reached=  5 cols_to_sol=    346 cols=    346     21.6 ms
isogeny  m=2 tower  t= 5 N=10 g= 1 random  Dmax=  5 reached=  5 cols_to_sol=    346 cols=    346     21.3 ms
isogeny  m=2 tower  t= 6 N=12 g= 1 planted Dmax=  5 reached=  6 cols_to_sol=   1181 cols=   1181     90.2 ms
isogeny  m=2 tower  t= 6 N=12 g= 1 planted Dmax=  5 reached=  6 cols_to_sol=   1181 cols=   1181     80.7 ms
isogeny  m=2 tower  t= 6 N=12 g= 1 random  Dmax=  5 reached=  5 cols_to_sol=   1181 cols=   1181     66.2 ms
isogeny  m=2 tower  t= 6 N=12 g= 1 random  Dmax=  5 reached=  5 cols_to_sol=   1181 cols=   1181     68.2 ms
isogeny  m=2 tower  t= 7 N=14 g= 1 planted Dmax=  5 reached=  6 cols_to_sol=   2629 cols=   3103    316.4 ms
isogeny  m=2 tower  t= 7 N=14 g= 1 planted Dmax=  5 reached=  6 cols_to_sol=   2629 cols=   2984    334.2 ms
isogeny  m=2 tower  t= 7 N=14 g= 1 random  Dmax=  5 reached=  5 cols_to_sol=   2629 cols=   2629    300.7 ms
isogeny  m=2 tower  t= 7 N=14 g= 1 random  Dmax=  5 reached=  5 cols_to_sol=   2629 cols=   2629    304.9 ms
isogeny  m=2 tower  t= 8 N=16 g= 1 random  Dmax=  5 reached=  5 cols_to_sol=   5034 cols=   5034   1412.3 ms
isogeny  m=2 tower  t= 8 N=16 g= 1 random  Dmax=  5 reached=  5 cols_to_sol=   5034 cols=   5034   1387.2 ms
isogeny  m=2 tower  t= 9 N=18 g= 1 random  Dmax=  5 reached=  5 cols_to_sol=   9221 cols=   9221   6883.7 ms
isogeny  m=2 tower  t= 9 N=18 g= 1 random  Dmax=  5 reached=  6 cols_to_sol=   9221 cols=  19568   7803.8 ms
isogeny  m=2 null   t= 1 N= 2 g= 1 planted Dmax=  3 reached=  3 cols_to_sol=      4 cols=      4      0.7 ms
isogeny  m=2 null   t= 1 N= 2 g= 1 planted Dmax=  3 reached=  3 cols_to_sol=      4 cols=      4      0.4 ms
isogeny  m=2 null   t= 1 N= 2 g= 1 random  Dmax=  3 reached=  3 cols_to_sol=      4 cols=      4      0.6 ms
isogeny  m=2 null   t= 1 N= 2 g= 1 random  Dmax=  3 reached=  3 cols_to_sol=      4 cols=      4      0.4 ms
isogeny  m=2 null   t= 2 N= 4 g= 1 planted Dmax=  5 reached=  5 cols_to_sol=     16 cols=     16      1.5 ms
isogeny  m=2 null   t= 2 N= 4 g= 1 planted Dmax=  5 reached=  5 cols_to_sol=     16 cols=     16      0.9 ms
isogeny  m=2 null   t= 2 N= 4 g= 1 random  Dmax=  5 reached=  5 cols_to_sol=     16 cols=     16      1.1 ms
isogeny  m=2 null   t= 2 N= 4 g= 1 random  Dmax=  5 reached=  5 cols_to_sol=     16 cols=     16      1.0 ms
isogeny  m=2 null   t= 3 N= 6 g= 1 planted Dmax=  5 reached=  5 cols_to_sol=     57 cols=     63      5.4 ms
isogeny  m=2 null   t= 3 N= 6 g= 1 planted Dmax=  5 reached=  5 cols_to_sol=     57 cols=     63      4.3 ms
isogeny  m=2 null   t= 3 N= 6 g= 1 random  Dmax=  5 reached=  5 cols_to_sol=     57 cols=     57      4.3 ms
isogeny  m=2 null   t= 3 N= 6 g= 1 random  Dmax=  5 reached=  5 cols_to_sol=     57 cols=     57      3.3 ms
isogeny  m=2 null   t= 4 N= 8 g= 1 planted Dmax=  5 reached=  5 cols_to_sol=    150 cols=    207     13.9 ms
isogeny  m=2 null   t= 4 N= 8 g= 1 planted Dmax=  5 reached=  5 cols_to_sol=    150 cols=    207     11.4 ms
isogeny  m=2 null   t= 4 N= 8 g= 1 random  Dmax=  5 reached=  5 cols_to_sol=    150 cols=    150      8.9 ms
isogeny  m=2 null   t= 4 N= 8 g= 1 random  Dmax=  5 reached=  5 cols_to_sol=    150 cols=    150      7.1 ms
isogeny  m=2 null   t= 5 N=10 g= 1 planted Dmax=  5 reached=  5 cols_to_sol=    346 cols=    581     25.3 ms
isogeny  m=2 null   t= 5 N=10 g= 1 planted Dmax=  5 reached=  5 cols_to_sol=    346 cols=    581     24.6 ms
isogeny  m=2 null   t= 5 N=10 g= 1 random  Dmax=  5 reached=  5 cols_to_sol=    346 cols=    346     17.0 ms
isogeny  m=2 null   t= 5 N=10 g= 1 random  Dmax=  5 reached=  5 cols_to_sol=    346 cols=    346     15.2 ms
isogeny  m=2 null   t= 6 N=12 g= 1 planted Dmax=  5 reached=  6 cols_to_sol=   1181 cols=   1181     85.4 ms
isogeny  m=2 null   t= 6 N=12 g= 1 planted Dmax=  5 reached=  6 cols_to_sol=   1181 cols=   1181     86.3 ms
isogeny  m=2 null   t= 6 N=12 g= 1 random  Dmax=  5 reached=  5 cols_to_sol=   1181 cols=   1181     65.0 ms
isogeny  m=2 null   t= 6 N=12 g= 1 random  Dmax=  5 reached=  5 cols_to_sol=   1181 cols=   1181     63.5 ms
isogeny  m=2 null   t= 7 N=14 g= 1 planted Dmax=  5 reached=  6 cols_to_sol=   2630 cols=   2993    318.3 ms
isogeny  m=2 null   t= 7 N=14 g= 1 planted Dmax=  5 reached=  6 cols_to_sol=   2630 cols=   2993    329.8 ms
isogeny  m=2 null   t= 7 N=14 g= 1 random  Dmax=  5 reached=  5 cols_to_sol=   2630 cols=   2630    278.1 ms
isogeny  m=2 null   t= 7 N=14 g= 1 random  Dmax=  5 reached=  5 cols_to_sol=   2630 cols=   2630    275.5 ms
isogeny  m=2 null   t= 8 N=16 g= 1 random  Dmax=  5 reached=  5 cols_to_sol=   5034 cols=   5034   1697.9 ms
isogeny  m=2 null   t= 8 N=16 g= 1 random  Dmax=  5 reached=  5 cols_to_sol=   5034 cols=   5034   1482.3 ms
isogeny  m=2 null   t= 9 N=18 g= 1 random  Dmax=  5 reached=  5 cols_to_sol=   9185 cols=   9185   6321.0 ms
isogeny  m=2 null   t= 9 N=18 g= 1 random  Dmax=  5 reached=  5 cols_to_sol=   9185 cols=   9185   6147.9 ms
{"budget_seconds":900,"p":786433,"planted_per_cell":2,"planted_violations":0,"random_per_cell":2,"rows":192,"seed":1347112276,"wall_seconds":372.939177099}
