kummer   m=3 tower  t= 2 N= 6 g= 1 planted Dmax=  5 reached=  6 cols_to_sol=    164 cols=    204     10.0 ms
kummer   m=3 tower  t= 2 N= 6 g= 1 planted Dmax=  5 reached=  6 cols_to_sol=    164 cols=    204      9.4 ms
kummer   m=3 tower  t= 2 N= 6 g= 1 random  Dmax=  5 reached=  5 cols_to_sol=    164 cols=    164      4.6 ms
kummer   m=3 tower  t= 2 N= 6 g= 1 random  Dmax=  5 reached=  5 cols_to_sol=    164 cols=    164      5.1 ms
kummer   m=3 tower  t= 3 N= 9 g= 1 planted Dmax=  6 reached=  7 cols_to_sol=   1186 cols=   1300    118.3 ms
kummer   m=3 tower  t= 3 N= 9 g= 1 planted Dmax=  6 reached=  7 cols_to_sol=   1186 cols=   1300    119.7 ms
kummer   m=3 tower  t= 3 N= 9 g= 1 random  Dmax=  6 reached=  6 cols_to_sol=   1186 cols=   1186     76.1 ms
kummer   m=3 tower  t= 3 N= 9 g= 1 random  Dmax=  6 reached=  6 cols_to_sol=   1186 cols=   1186     85.1 ms
kummer   m=3 tower  t= 4 N=12 g= 1 random  Dmax=  6 reached=  6 cols_to_sol=   5019 cols=   5019   1760.3 ms
kummer   m=3 tower  t= 4 N=12 g= 1 random  Dmax=  6 reached=  6 cols_to_sol=   5019 cols=   5019   1893.0 ms
dickson  m=3 tower  t= 2 N= 6 g= 1 planted Dmax=  5 reached=  6 cols_to_sol=    164 cols=    204     11.5 ms
dickson  m=3 tower  t= 2 N= 6 g= 1 planted Dmax=  5 reached=  6 cols_to_sol=    164 cols=    204     11.8 ms
dickson  m=3 tower  t= 2 N= 6 g= 1 random  Dmax=  5 reached=  5 cols_to_sol=    164 cols=    164      6.5 ms
dickson  m=3 tower  t= 2 N= 6 g= 1 random  Dmax=  5 reached=  5 cols_to_sol=    164 cols=    164      6.0 ms
dickson  m=3 tower  t= 3 N= 9 g= 1 planted Dmax=  6 reached=  7 cols_to_sol=   1184 cols=   1307    121.8 ms
dickson  m=3 tower  t= 3 N= 9 g= 1 planted Dmax=  6 reached=  7 cols_to_sol=   1184 cols=   1307    133.0 ms
dickson  m=3 tower  t= 3 N= 9 g= 1 random  Dmax=  6 reached=  6 cols_to_sol=   1184 cols=   1184     85.8 ms
dickson  m=3 tower  t= 3 N= 9 g= 1 random  Dmax=  6 reached=  6 cols_to_sol=   1184 cols=   1184     79.8 ms
dickson  m=3 tower  t= 4 N=12 g= 1 random  Dmax=  6 reached=  6 cols_to_sol=   5018 cols=   5018   1806.7 ms
dickson  m=3 tower  t= 4 N=12 g= 1 random  Dmax=  6 reached=  6 cols_to_sol=   5018 cols=   5018   1853.7 ms
isogeny  m=3 tower  t= 2 N= 6 g= 1 planted Dmax=  6 reached=  6 cols_to_sol=    200 cols=    219     13.2 ms
isogeny  m=3 tower  t= 2 N= 6 g= 1 planted Dmax=  6 reached=  6 cols_to_sol=    200 cols=    219     15.0 ms
isogeny  m=3 tower  t= 2 N= 6 g= 1 random  Dmax=  6 reached=  6 cols_to_sol=    200 cols=    200      7.1 ms
isogeny  m=3 tower  t= 2 N= 6 g= 1 random  Dmax=  6 reached=  6 cols_to_sol=    200 cols=    200      8.2 ms
isogeny  m=3 tower  t= 3 N= 9 g= 1 planted Dmax=  6 reached=  7 cols_to_sol=   1196 cols=   1535    187.3 ms
isogeny  m=3 tower  t= 3 N= 9 g= 1 planted Dmax=  6 reached=  7 cols_to_sol=   1196 cols=   1535    177.6 ms
isogeny  m=3 tower  t= 3 N= 9 g= 1 random  Dmax=  6 reached=  6 cols_to_sol=   1196 cols=   1196    120.3 ms
isogeny  m=3 tower  t= 3 N= 9 g= 1 random  Dmax=  6 reached=  6 cols_to_sol=   1196 cols=   1196    119.4 ms
isogeny  m=3 tower  t= 4 N=12 g= 1 random  Dmax=  6 reached=  6 cols_to_sol=   5086 cols=   5086   2877.0 ms
isogeny  m=3 tower  t= 4 N=12 g= 1 random  Dmax=  6 reached=  6 cols_to_sol=   5086 cols=   5086   2907.0 ms
{"budget_seconds":900,"p":786433,"planted_per_cell":2,"planted_violations":0,"random_per_cell":2,"rows":30,"seed":1347112276,"wall_seconds":19.699392771}
