kummer   m=2 ladder t= 4 N= 8 g= 1 planted Dmax=  4 reached=  5 cols_to_sol=    152 cols=    152      7.7 ms
kummer   m=2 ladder t= 4 N= 8 g= 1 planted Dmax=  4 reached=  5 cols_to_sol=    152 cols=    152      6.9 ms
kummer   m=2 ladder t= 4 N= 8 g= 2 planted Dmax=  4 reached=  5 cols_to_sol=    163 cols=    201      8.1 ms
kummer   m=2 ladder t= 4 N= 8 g= 2 planted Dmax=  4 reached=  5 cols_to_sol=    163 cols=    201      7.6 ms
kummer   m=2 ladder t= 4 N= 8 g= 4 planted Dmax=  4 reached=  5 cols_to_sol=    157 cols=    157      5.1 ms
kummer   m=2 ladder t= 4 N= 8 g= 4 planted Dmax=  4 reached=  5 cols_to_sol=    157 cols=    157      6.5 ms
kummer   m=2 ladder t= 4 N= 8 g= 8 planted Dmax=  3 reached=  4 cols_to_sol=     93 cols=    130      3.1 ms
kummer   m=2 ladder t= 4 N= 8 g= 8 planted Dmax=  3 reached=  4 cols_to_sol=     93 cols=    130      3.0 ms
kummer   m=2 ladder t= 4 N= 8 g=12 planted Dmax=  3 reached=  4 cols_to_sol=     93 cols=    103      2.3 ms
kummer   m=2 ladder t= 4 N= 8 g=12 planted Dmax=  3 reached=  4 cols_to_sol=     93 cols=    103      2.6 ms
kummer   m=2 ladder t= 6 N=12 g= 1 planted Dmax=  5 reached=  5 cols_to_sol=   1231 cols=   1231     61.1 ms
kummer   m=2 ladder t= 6 N=12 g= 1 planted Dmax=  5 reached=  5 cols_to_sol=   1231 cols=   1231     64.4 ms
kummer   m=2 ladder t= 6 N=12 g= 2 planted Dmax=  4 reached=  5 cols_to_sol=    794 cols=   1563     74.2 ms
kummer   m=2 ladder t= 6 N=12 g= 2 planted Dmax=  4 reached=  5 cols_to_sol=    794 cols=   1563     91.0 ms
kummer   m=2 ladder t= 6 N=12 g= 4 planted Dmax=  4 reached=  5 cols_to_sol=    784 cols=   1432     75.2 ms
kummer   m=2 ladder t= 6 N=12 g= 4 planted Dmax=  4 reached=  5 cols_to_sol=    784 cols=   1432    109.2 ms
kummer   m=2 ladder t= 6 N=12 g= 8 planted Dmax=  4 reached=  5 cols_to_sol=    757 cols=   1067     79.7 ms
kummer   m=2 ladder t= 6 N=12 g= 8 planted Dmax=  4 reached=  5 cols_to_sol=    757 cols=   1067     48.3 ms
kummer   m=2 ladder t= 6 N=12 g=12 planted Dmax=  4 reached=  5 cols_to_sol=    709 cols=    709     23.7 ms
kummer   m=2 ladder t= 6 N=12 g=12 planted Dmax=  4 reached=  5 cols_to_sol=    709 cols=    709     20.8 ms
isogeny  m=2 ladder t= 4 N= 8 g= 1 planted Dmax=  5 reached=  5 cols_to_sol=    150 cols=    201     10.5 ms
isogeny  m=2 ladder t= 4 N= 8 g= 1 planted Dmax=  5 reached=  5 cols_to_sol=    150 cols=    207     10.4 ms
isogeny  m=2 ladder t= 4 N= 8 g= 2 planted Dmax=  5 reached=  6 cols_to_sol=    214 cols=    223     20.9 ms
isogeny  m=2 ladder t= 4 N= 8 g= 2 planted Dmax=  5 reached=  6 cols_to_sol=    214 cols=    223     24.5 ms
isogeny  m=2 ladder t= 4 N= 8 g= 4 planted Dmax=  4 reached=  5 cols_to_sol=    157 cols=    182      9.5 ms
isogeny  m=2 ladder t= 4 N= 8 g= 4 planted Dmax=  4 reached=  5 cols_to_sol=    157 cols=    182      8.9 ms
isogeny  m=2 ladder t= 4 N= 8 g= 8 planted Dmax=  4 reached=  5 cols_to_sol=    142 cols=    142      4.6 ms
isogeny  m=2 ladder t= 4 N= 8 g= 8 planted Dmax=  4 reached=  5 cols_to_sol=    142 cols=    142      5.1 ms
isogeny  m=2 ladder t= 4 N= 8 g=12 planted Dmax=  3 reached=  5 cols_to_sol=     93 cols=    134      3.8 ms
isogeny  m=2 ladder t= 4 N= 8 g=12 planted Dmax=  3 reached=  5 cols_to_sol=     93 cols=    134      3.3 ms
isogeny  m=2 ladder t= 6 N=12 g= 1 planted Dmax=  5 reached=  6 cols_to_sol=   1181 cols=   1181     98.9 ms
isogeny  m=2 ladder t= 6 N=12 g= 1 planted Dmax=  5 reached=  6 cols_to_sol=   1181 cols=   1181     78.2 ms
isogeny  m=2 ladder t= 6 N=12 g= 2 planted Dmax=  5 reached=  6 cols_to_sol=   1577 cols=   2444    181.9 ms
isogeny  m=2 ladder t= 6 N=12 g= 2 planted Dmax=  5 reached=  6 cols_to_sol=   1577 cols=   2444    166.1 ms
isogeny  m=2 ladder t= 6 N=12 g= 4 planted Dmax=  5 reached=  6 cols_to_sol=   1492 cols=   1981    192.4 ms
isogeny  m=2 ladder t= 6 N=12 g= 4 planted Dmax=  5 reached=  6 cols_to_sol=   1492 cols=   1981    188.5 ms
isogeny  m=2 ladder t= 6 N=12 g= 8 planted Dmax=  5 reached=  5 cols_to_sol=   1429 cols=   1429     98.7 ms
isogeny  m=2 ladder t= 6 N=12 g= 8 planted Dmax=  5 reached=  5 cols_to_sol=   1429 cols=   1429     98.0 ms
isogeny  m=2 ladder t= 6 N=12 g=12 planted Dmax=  4 reached=  5 cols_to_sol=    709 cols=    802     32.4 ms
isogeny  m=2 ladder t= 6 N=12 g=12 planted Dmax=  4 reached=  5 cols_to_sol=    709 cols=    802     28.9 ms
{"budget_seconds":300,"p":786433,"planted_per_cell":2,"planted_violations":0,"random_per_cell":0,"rows":40,"seed":1347112276,"wall_seconds":51.475529315}
