kummer   m=2 tower  t= 1 N= 2 g= 1 planted Dmax=  3 reached=  3 cols_to_sol=      4 cols=      4      0.7 ms
kummer   m=2 tower  t= 1 N= 2 g= 1 planted Dmax=  3 reached=  3 cols_to_sol=      4 cols=      4      0.4 ms
kummer   m=2 tower  t= 1 N= 2 g= 1 random  Dmax=  3 reached=  3 cols_to_sol=      4 cols=      4      0.2 ms
kummer   m=2 tower  t= 1 N= 2 g= 1 random  Dmax=  3 reached=  3 cols_to_sol=      4 cols=      4      0.3 ms
kummer   m=2 tower  t= 2 N= 4 g= 1 planted Dmax=  4 reached=  4 cols_to_sol=     16 cols=     16      1.2 ms
kummer   m=2 tower  t= 2 N= 4 g= 1 planted Dmax=  4 reached=  4 cols_to_sol=     16 cols=     16      1.2 ms
kummer   m=2 tower  t= 2 N= 4 g= 1 random  Dmax=  4 reached=  4 cols_to_sol=     16 cols=     16      0.9 ms
kummer   m=2 tower  t= 2 N= 4 g= 1 random  Dmax=  4 reached=  4 cols_to_sol=     16 cols=     16      1.4 ms
kummer   m=2 tower  t= 3 N= 6 g= 1 planted Dmax=  4 reached=  4 cols_to_sol=     56 cols=     56      3.3 ms
kummer   m=2 tower  t= 3 N= 6 g= 1 planted Dmax=  4 reached=  4 cols_to_sol=     56 cols=     56      3.0 ms
kummer   m=2 tower  t= 3 N= 6 g= 1 random  Dmax=  4 reached=  4 cols_to_sol=     56 cols=     56      2.2 ms
kummer   m=2 tower  t= 3 N= 6 g= 1 random  Dmax=  4 reached=  4 cols_to_sol=     56 cols=     56      2.6 ms
kummer   m=2 tower  t= 4 N= 8 g= 1 planted Dmax=  4 reached=  5 cols_to_sol=    152 cols=    152      6.8 ms
kummer   m=2 tower  t= 4 N= 8 g= 1 planted Dmax=  4 reached=  5 cols_to_sol=    152 cols=    152      6.8 ms
kummer   m=2 tower  t= 4 N= 8 g= 1 random  Dmax=  4 reached=  4 cols_to_sol=    152 cols=    152      6.3 ms
kummer   m=2 tower  t= 4 N= 8 g= 1 random  Dmax=  4 reached=  4 cols_to_sol=    152 cols=    152      5.5 ms
kummer   m=2 tower  t= 5 N=10 g= 1 planted Dmax=  4 reached=  5 cols_to_sol=    337 cols=    468     22.2 ms
kummer   m=2 tower  t= 5 N=10 g= 1 planted Dmax=  4 reached=  5 cols_to_sol=    337 cols=    468     20.7 ms
kummer   m=2 tower  t= 5 N=10 g= 1 random  Dmax=  4 reached=  4 cols_to_sol=    337 cols=    337     17.4 ms
kummer   m=2 tower  t= 5 N=10 g= 1 random  Dmax=  4 reached=  4 cols_to_sol=    337 cols=    337     16.4 ms
kummer   m=2 tower  t= 6 N=12 g= 1 planted Dmax=  5 reached=  5 cols_to_sol=   1231 cols=   1231     87.6 ms
kummer   m=2 tower  t= 6 N=12 g= 1 planted Dmax=  5 reached=  5 cols_to_sol=   1231 cols=   1231     86.2 ms
kummer   m=2 tower  t= 6 N=12 g= 1 random  Dmax=  5 reached=  5 cols_to_sol=   1231 cols=   1231     98.1 ms
kummer   m=2 tower  t= 6 N=12 g= 1 random  Dmax=  5 reached=  5 cols_to_sol=   1231 cols=   1231     90.9 ms
kummer   m=2 tower  t= 7 N=14 g= 1 planted Dmax=  5 reached=  6 cols_to_sol=   2304 cols=   2304    462.2 ms
kummer   m=2 tower  t= 7 N=14 g= 1 planted Dmax=  5 reached=  6 cols_to_sol=   2304 cols=   2304    463.1 ms
kummer   m=2 tower  t= 7 N=14 g= 1 random  Dmax=  5 reached=  5 cols_to_sol=   2304 cols=   2304    481.9 ms
kummer   m=2 tower  t= 7 N=14 g= 1 random  Dmax=  5 reached=  5 cols_to_sol=   2304 cols=   2304    513.2 ms
kummer   m=2 tower  t= 8 N=16 g= 1 random  Dmax=  5 reached=  5 cols_to_sol=   4789 cols=   4789   2857.4 ms
kummer   m=2 tower  t= 8 N=16 g= 1 random  Dmax=  5 reached=  5 cols_to_sol=   4789 cols=   4789   2854.1 ms
{"budget_seconds":900,"p":3221225473,"planted_per_cell":2,"planted_violations":0,"random_per_cell":2,"rows":30,"seed":1347112276,"wall_seconds":8.126263459}
