2026-09-29T14:15:21.6165775Z [36;1msudo apt-get install -y valgrind musl-tools zstd[0m
2026-09-29T14:15:27.5280929Z zstd is already the newest version (1.5.5+dfsg2-2build1.1).
2026-09-29T14:15:27.5281547Z zstd set to manually installed.
2026-09-29T14:15:34.0360423Z {"command_number": 0, "argv": ["/opt/hostedtoolcache/Python/3.12.14/x64/bin/python", "/home/runner/work/crypto/crypto/research/ic_candidate_tournament_20260915/target_history.py", "--history", "/home/runner/work/crypto/crypto/research/ic_candidate_tournament_20260915/goal_20260924/improvement/target-history.json", "--repository", "/home/runner/work/crypto/crypto"]}
2026-09-29T14:17:41.3424326Z {"status": "VERIFIED", "curves": 14, "points": 5133}
2026-09-29T14:17:41.3532601Z {"command_number": 1, "argv": ["/opt/hostedtoolcache/Python/3.12.14/x64/bin/python", "/home/runner/work/crypto/crypto/research/ic_candidate_tournament_20260915/evidence/restore.py", "--archive", "ic-generic-reference-qualification-20260926", "--out", "/home/runner/work/_temp/ic-generic-backend-qualification-v2-reference-evidence"]}
2026-09-29T14:18:32.1402736Z {"command_number": 2, "argv": ["/opt/hostedtoolcache/Python/3.12.14/x64/bin/python", "/home/runner/work/crypto/crypto/research/ic_candidate_tournament_20260915/reference_registry_v2.py", "--bundle", "/home/runner/work/_temp/ic-generic-backend-qualification-v2-reference-evidence/ic-generic-reference-qualification", "--out", "/home/runner/work/_temp/ic-generic-backend-qualification-v2/reference-registry.json"]}
2026-09-29T14:18:32.3277328Z {"status": "DECLARED", "reference_registry": "/home/runner/work/_temp/ic-generic-backend-qualification-v2/reference-registry.json", "incumbent_source": "/home/runner/work/_temp/ic-generic-backend-qualification-v2-reference-evidence/ic-generic-reference-qualification/controls/ic-producer-pairinv-36290704597-1/ic-producer/source", "qualified_report": "/home/runner/work/_temp/ic-generic-backend-qualification-v2-reference-evidence/ic-generic-reference-qualification/tournament/qualification.json", "qualified_observer": "/home/runner/work/_temp/ic-generic-backend-qualification-v2-reference-evidence/ic-generic-reference-qualification/observer/summary.json", "workers_executed": 0, "targets_generated": 0}
2026-09-29T14:18:32.4448572Z {"command_number": 3, "argv": ["/opt/hostedtoolcache/Python/3.12.14/x64/bin/python", "/home/runner/work/crypto/crypto/research/ic_candidate_tournament_20260915/evidence/restore.py", "--archive", "ic-improvement-round1-20260925", "--out", "/home/runner/work/_temp/ic-generic-backend-qualification-v2-ic-improvement-round1-20260925"]}
2026-09-29T14:20:50.1741914Z {"command_number": 4, "argv": ["/opt/hostedtoolcache/Python/3.12.14/x64/bin/python", "/home/runner/work/crypto/crypto/research/ic_candidate_tournament_20260915/evidence/restore.py", "--archive", "ic-improvement-round2-20260928", "--out", "/home/runner/work/_temp/ic-generic-backend-qualification-v2-ic-improvement-round2-20260928"]}
2026-09-29T14:23:14.5757188Z {"command_number": 5, "argv": ["/opt/hostedtoolcache/Python/3.12.14/x64/bin/python", "/home/runner/work/crypto/crypto/research/ic_candidate_tournament_20260915/evidence/restore.py", "--archive", "ic-improvement-round3-20260928", "--out", "/home/runner/work/_temp/ic-generic-backend-qualification-v2-ic-improvement-round3-20260928"]}
2026-09-29T14:25:49.1000719Z {"command_number": 6, "argv": ["/opt/hostedtoolcache/Python/3.12.14/x64/bin/python", "/home/runner/work/crypto/crypto/research/ic_candidate_tournament_20260915/generic_build.py", "--root", "/home/runner/work/crypto/crypto/frozen-generic", "--out", "/home/runner/work/_temp/ic-generic-backend-qualification-v2/new-generic-build"]}
2026-09-29T14:27:54.8470242Z {"command_number": 7, "argv": ["cargo", "fetch", "--locked", "--manifest-path", "/home/runner/work/_temp/ic-generic-backend-qualification-v2-reference-evidence/ic-generic-reference-qualification/controls/ic-producer-pairinv-36290704597-1/ic-producer/source/Cargo.toml"]}
2026-09-29T14:27:55.0980760Z {"command_number": 8, "argv": ["cargo", "fetch", "--locked", "--manifest-path", "/home/runner/work/_temp/ic-generic-backend-qualification-v2-reference-evidence/ic-generic-reference-qualification/controls/ic-producer-both-36290704597-1/ic-producer/source/Cargo.toml"]}
2026-09-29T14:27:55.1879110Z {"command_number": 9, "argv": ["/opt/hostedtoolcache/Python/3.12.14/x64/bin/python", "/home/runner/work/crypto/crypto/research/ic_candidate_tournament_20260915/tournament.py", "prepare", "--qualification", "--qualification-protocol", "/home/runner/work/crypto/crypto/research/ic_candidate_tournament_20260915/goal_20260924/generic-backend-qualification-v2/PROTOCOL.md", "--source-root", "/home/runner/work/_temp/ic-generic-backend-qualification-v2-reference-evidence/ic-generic-reference-qualification/controls/ic-producer-pairinv-36290704597-1/ic-producer/source", "--reference-registry", "/home/runner/work/_temp/ic-generic-backend-qualification-v2/reference-registry.json", "--qualified-report", "/home/runner/work/_temp/ic-generic-backend-qualification-v2-reference-evidence/ic-generic-reference-qualification/tournament/qualification.json", "--qualified-observer", "/home/runner/work/_temp/ic-generic-backend-qualification-v2-reference-evidence/ic-generic-reference-qualification/observer/summary.json", "--target-history", "/home/runner/work/crypto/crypto/research/ic_candidate_tournament_20260915/goal_20260924/improvement/target-history.json", "--prior-round", "/home/runner/work/_temp/ic-generic-backend-qualification-v2-ic-improvement-round1-20260925/ic-improvement-round1/round/tournament", "--prior-round", "/home/runner/work/_temp/ic-generic-backend-qualification-v2-ic-improvement-round2-20260928/ic-improvement-round2/round/tournament", "--prior-round", "/home/runner/work/_temp/ic-generic-backend-qualification-v2-ic-improvement-round3-20260928/ic-improvement-round3/round/tournament", "--exposed-fixtures", "/home/runner/work/crypto/crypto/research/ic_candidate_tournament_20260915/goal_20260924/generic-reference-readiness/fixtures.json", "--exposed-fixtures", "/home/runner/work/crypto/crypto/research/ic_candidate_tournament_20260915/goal_20260924/generic-reference-qualification/fixtures.json", "--exposed-fixtures", "/home/runner/work/crypto/crypto/research/ic_candidate_tournament_20260915/goal_20260924/generic-adapter-control/fixtures.json", "--exposed-fixtures", "/home/runner/work/crypto/crypto/research/ic_autolab_harness_20260915/runs/autolab-20260915T193057Z/jobs/autolab-20260915T193057Z/task__7skVSKF/verifier/round-autolab-20260915/fixtures.json", "--exposed-fixtures", "/home/runner/work/crypto/crypto/research/ic_autolab_harness_20260915/runs/autolab-20260915T205319Z/jobs/autolab-20260915T205319Z/task__s4YLvUd/verifier/round-20260915t205319z/fixtures.json", "--exposed-fixtures", "/home/runner/work/crypto/crypto/research/ic_autolab_next30_20260915/runs/autolab-20260915T224645Z/jobs/autolab-20260915T224645Z/task__4brp5nH/verifier/round-20260915t224645z/fixtures.json", "--exposed-fixtures", "/home/runner/work/crypto/crypto/research/ic_candidate_tournament_20260915/runs/round-0024/fixtures.json", "--exposed-fixtures", "/home/runner/work/crypto/crypto/research/ic_candidate_tournament_20260915/goal_20260924/generic-backend-qualification-v2/lost-campaign-exposures.json", "--out", "/home/runner/work/_temp/ic-generic-backend-qualification-v2/tournament", "--candidates", "/home/runner/work/_temp/ic-generic-backend-qualification-v2/candidates.json", "--cells", "17a1,19a0,23a0,23a1,31a0", "--holdout-cells", "29a1", "--profile", "pilot", "--seed", "2026092902", "--repetitions", "1", "--timeout", "300", "--max-processes", "300", "--selection-width", "6", "--exploration-slots", "1", "--comparison-kind", "factor-base-policy"]}
2026-09-29T14:35:18.6282871Z {"status": "VERIFIED", "trial_receipts": 3243, "source_files": 1362}
2026-09-29T14:44:35.6464507Z {"status": "VERIFIED", "trial_receipts": 3480, "source_files": 1878}
2026-09-29T14:53:54.4189262Z {"status": "VERIFIED", "trial_receipts": 3480, "source_files": 1878}
2026-09-29T14:58:35.7680975Z {"command_number": 10, "argv": ["/opt/hostedtoolcache/Python/3.12.14/x64/bin/python", "/home/runner/work/_temp/ic-generic-backend-qualification-v2/tournament/evaluator/tournament.py", "run", "--round", "/home/runner/work/_temp/ic-generic-backend-qualification-v2/tournament"]}
2026-09-29T14:58:42.5870512Z {"stage": "aa", "arm": "aa_control", "case": "n23a1-000", "rep": 0, "status": "VERIFIED", "operations": 2125920}
2026-09-29T14:58:43.0338136Z {"stage": "aa", "arm": "incumbent", "case": "n23a1-000", "rep": 0, "status": "VERIFIED", "operations": 2125924}
2026-09-29T14:58:43.5874761Z {"stage": "aa", "arm": "aa_control", "case": "n31a0-000", "rep": 0, "status": "VERIFIED", "operations": 1994059}
2026-09-29T14:58:44.1389038Z {"stage": "aa", "arm": "incumbent", "case": "n31a0-000", "rep": 0, "status": "VERIFIED", "operations": 1994059}
2026-09-29T14:58:44.6015201Z {"stage": "aa", "arm": "aa_control", "case": "n23a0-000", "rep": 0, "status": "VERIFIED", "operations": 1849639}
2026-09-29T14:58:45.0515463Z {"stage": "aa", "arm": "incumbent", "case": "n23a0-000", "rep": 0, "status": "VERIFIED", "operations": 1849643}
2026-09-29T14:58:45.4387932Z {"stage": "aa", "arm": "aa_control", "case": "n19a0-000", "rep": 0, "status": "VERIFIED", "operations": 1251719}
2026-09-29T14:58:45.8268923Z {"stage": "aa", "arm": "incumbent", "case": "n19a0-000", "rep": 0, "status": "VERIFIED", "operations": 1251719}
2026-09-29T14:58:46.1848364Z {"stage": "aa", "arm": "aa_control", "case": "n17a1-000", "rep": 0, "status": "VERIFIED", "operations": 925712}
2026-09-29T14:58:46.5431462Z {"stage": "aa", "arm": "incumbent", "case": "n17a1-000", "rep": 0, "status": "VERIFIED", "operations": 925708}
2026-09-29T14:58:47.4732794Z {"stage": "smoke", "arm": "rho_online", "case": "n17a1-000", "rep": 0, "status": "VERIFIED", "operations": 2359006}
2026-09-29T15:06:41.5436253Z {"stage": "smoke", "arm": "generic_pair_sparse", "case": "n17a1-000", "rep": 0, "status": "VERIFIED", "operations": 39550465}
2026-09-29T15:14:36.3213273Z {"stage": "smoke", "arm": "generic_pair_dense", "case": "n17a1-000", "rep": 0, "status": "VERIFIED", "operations": 39292810}
2026-09-29T15:19:36.6514591Z {"stage": "smoke", "arm": "rho", "case": "n17a1-000", "rep": 0, "status": "VERIFIED", "operations": 1370130}
2026-09-29T15:40:24.0790327Z {"stage": "smoke", "arm": "incumbent", "case": "n17a1-000", "rep": 0, "status": "VERIFIED", "operations": 938210}
2026-09-29T15:40:24.4430972Z {"stage": "smoke", "arm": "ic_online", "case": "n17a1-000", "rep": 0, "status": "VERIFIED", "operations": 942036}
2026-09-29T15:40:25.0722216Z {"stage": "smoke", "arm": "rho_online", "case": "n31a0-000", "rep": 0, "status": "VERIFIED", "operations": 5548299}
2026-09-29T15:40:31.5320697Z {"stage": "smoke", "arm": "generic_pair_sparse", "case": "n31a0-000", "rep": 0, "status": "VERIFIED", "operations": 124371711}
2026-09-29T15:40:32.0843226Z {"stage": "smoke", "arm": "incumbent", "case": "n31a0-000", "rep": 0, "status": "VERIFIED", "operations": 2007952}
2026-09-29T16:01:27.3415348Z {"stage": "smoke", "arm": "generic_pair_dense", "case": "n31a0-000", "rep": 0, "status": "VERIFIED", "operations": 124192005}
2026-09-29T16:17:10.9901765Z {"stage": "smoke", "arm": "ic_online", "case": "n31a0-000", "rep": 0, "status": "VERIFIED", "operations": 2035452}
2026-09-29T16:17:11.1940829Z {"stage": "smoke", "arm": "rho", "case": "n31a0-000", "rep": 0, "status": "VERIFIED", "operations": 2724212}
2026-09-29T16:22:13.0417844Z {"stage": "smoke", "arm": "rho_online", "case": "n19a0-000", "rep": 0, "status": "VERIFIED", "operations": 4167912}
2026-09-29T16:22:13.4307532Z {"stage": "smoke", "arm": "incumbent", "case": "n19a0-000", "rep": 0, "status": "VERIFIED", "operations": 1242382}
2026-09-29T16:35:04.3477882Z {"stage": "smoke", "arm": "rho", "case": "n19a0-000", "rep": 0, "status": "VERIFIED", "operations": 1975702}
2026-09-29T16:50:51.1334968Z {"stage": "smoke", "arm": "generic_pair_sparse", "case": "n19a0-000", "rep": 0, "status": "VERIFIED", "operations": 55986516}
2026-09-29T16:50:53.1034252Z {"stage": "smoke", "arm": "generic_pair_dense", "case": "n19a0-000", "rep": 0, "status": "VERIFIED", "operations": 56231403}
2026-09-29T16:58:44.7244681Z {"stage": "smoke", "arm": "ic_online", "case": "n19a0-000", "rep": 0, "status": "VERIFIED", "operations": 1249804}
2026-09-29T17:11:38.5894074Z {"stage": "smoke", "arm": "rho_online", "case": "n23a1-000", "rep": 0, "status": "VERIFIED", "operations": 4784121}
2026-09-29T17:27:25.1453660Z {"stage": "smoke", "arm": "generic_pair_dense", "case": "n23a1-000", "rep": 0, "status": "VERIFIED", "operations": 72278793}
2026-09-29T17:27:27.3242117Z {"stage": "smoke", "arm": "generic_pair_sparse", "case": "n23a1-000", "rep": 0, "status": "VERIFIED", "operations": 72447697}
2026-09-29T17:27:27.8287119Z {"stage": "smoke", "arm": "ic_online", "case": "n23a1-000", "rep": 0, "status": "VERIFIED", "operations": 3443659}
2026-09-29T17:45:20.1312945Z {"stage": "smoke", "arm": "rho", "case": "n23a1-000", "rep": 0, "status": "VERIFIED", "operations": 3481967}
2026-09-29T17:45:20.6335295Z {"stage": "smoke", "arm": "incumbent", "case": "n23a1-000", "rep": 0, "status": "VERIFIED", "operations": 3327324}
2026-09-29T17:45:20.8312895Z {"stage": "smoke", "arm": "rho", "case": "n23a0-000", "rep": 0, "status": "VERIFIED", "operations": 3207966}
2026-09-29T17:45:21.3640217Z {"stage": "smoke", "arm": "incumbent", "case": "n23a0-000", "rep": 0, "status": "VERIFIED", "operations": 3496134}
2026-09-29T18:01:08.7041345Z {"stage": "smoke", "arm": "generic_pair_dense", "case": "n23a0-000", "rep": 0, "status": "VERIFIED", "operations": 72224036}
2026-09-29T18:01:09.3398849Z {"stage": "smoke", "arm": "rho_online", "case": "n23a0-000", "rep": 0, "status": "VERIFIED", "operations": 5289521}
2026-09-29T18:01:09.8794662Z {"stage": "smoke", "arm": "ic_online", "case": "n23a0-000", "rep": 0, "status": "VERIFIED", "operations": 3633183}
2026-09-29T18:14:06.0436995Z {"stage": "smoke", "arm": "generic_pair_sparse", "case": "n23a0-000", "rep": 0, "status": "VERIFIED", "operations": 72418156}
2026-09-29T18:35:02.1185285Z {"stage": "development", "arm": "incumbent", "case": "n17a1-000", "rep": 0, "status": "VERIFIED", "operations": 940584}
2026-09-29T18:35:03.8174444Z {"stage": "development", "arm": "generic_pair_dense", "case": "n17a1-000", "rep": 0, "status": "VERIFIED", "operations": 42841977}
2026-09-29T18:35:03.9964052Z {"stage": "development", "arm": "rho", "case": "n17a1-000", "rep": 0, "status": "VERIFIED", "operations": 1344114}
2026-09-29T18:47:55.3236462Z {"stage": "development", "arm": "ic_online", "case": "n17a1-000", "rep": 0, "status": "VERIFIED", "operations": 943697}
2026-09-29T18:47:55.9413901Z {"stage": "development", "arm": "rho_online", "case": "n17a1-000", "rep": 0, "status": "VERIFIED", "operations": 2330340}
2026-09-29T19:03:38.2625321Z {"stage": "development", "arm": "generic_pair_sparse", "case": "n17a1-000", "rep": 0, "status": "VERIFIED", "operations": 42387417}
2026-09-29T19:15:46.3414047Z ##[error]The action 'Run fresh source-bound complete-solve comparison' has timed out after 300 minutes.
2026-09-29T19:15:46.3492590Z ##[group]Run python -u research/ic_candidate_tournament_20260915/pack_partial_campaign.py \
2026-09-29T19:15:46.3493859Z [36;1mpython -u research/ic_candidate_tournament_20260915/pack_partial_campaign.py \[0m
2026-09-29T19:40:00.8056781Z /*stdin*\            : 17.21%   (  35.4 GiB =>   6.10 GiB, /home/runner/work/_temp/ic-generic-backend-qualification-v2-36580669479-1.tar.zst) 
2026-09-29T19:40:00.9368955Z   File "/home/runner/work/crypto/crypto/research/ic_candidate_tournament_20260915/pack_partial_campaign.py", line 67, in <module>
2026-09-29T19:40:00.9371169Z   File "/home/runner/work/crypto/crypto/research/ic_candidate_tournament_20260915/pack_partial_campaign.py", line 62, in main
2026-09-29T19:40:00.9374350Z   File "/home/runner/work/crypto/crypto/research/ic_candidate_tournament_20260915/pack_partial_campaign.py", line 46, in pack
2026-09-29T19:40:00.9397395Z ##[error]    raise RuntimeError('partial campaign archive failed')
2026-09-29T19:40:00.9399314Z RuntimeError: partial campaign archive failed
2026-09-29T19:40:01.2322249Z ##[error]No files were found with the provided path: /home/runner/work/_temp/ic-generic-backend-qualification-v2-36580669479-1.tar.zst
2026-09-29T19:40:01.7911035Z Terminate orphan process: pid (3174) (python)
2026-09-29T19:40:01.7932976Z Terminate orphan process: pid (7691) (python)
