6 uniform pairs=1404 rel=0 19.478s cross=True
6 uniform pairs=1404 rel=0 17.875s cross=True
6 uniform pairs=1404 rel=0 19.980s cross=True
6 uniform pairs=1404 rel=0 19.686s cross=True
6 known_decomposable pairs=1404 rel=1 20.071s cross=True
6 known_decomposable pairs=1404 rel=1 19.041s cross=True
6 known_decomposable pairs=1404 rel=1 17.105s cross=True
6 known_decomposable pairs=1404 rel=1 16.238s cross=True
7 uniform pairs=8580 rel=0 113.879s cross=None
7 uniform pairs=8580 rel=0 110.228s cross=None
7 uniform pairs=8580 rel=0 113.818s cross=None
7 uniform pairs=8580 rel=0 113.306s cross=None
7 known_decomposable pairs=8580 rel=1 118.702s cross=None
7 known_decomposable pairs=8580 rel=1 113.947s cross=None
7 known_decomposable pairs=8580 rel=1 108.068s cross=None
7 known_decomposable pairs=8580 rel=1 111.616s cross=None
d=6 uniform pair/image ops ratio 0.49429670930305725
d=6 known_decomposable pair/image ops ratio 0.4959662929839253
d=7 uniform pair/image ops ratio 0.7693565658275736
d=7 known_decomposable pair/image ops ratio 0.7743204368039474
