research/f6_n83_karatsuba_sat_20261005/PROTOCOL.md: OK
research/f6_n83_karatsuba_sat_20261005/SAT_MODEL_HASHES.tsv: OK
research/f6_n83_karatsuba_sat_20261005/XCNF_HASHES.tsv: OK
research/f6_n83_karatsuba_sat_20261005/build.log: OK
research/f6_n83_karatsuba_sat_20261005/control.emit.jsonl: OK
research/f6_n83_karatsuba_sat_20261005/control.xcnf.gz: OK
research/f6_n83_karatsuba_sat_20261005/karatsuba_ordinary_none_0.emit.jsonl: OK
research/f6_n83_karatsuba_sat_20261005/karatsuba_ordinary_none_0.emit.stderr.txt: OK
research/f6_n83_karatsuba_sat_20261005/karatsuba_ordinary_none_0.solver.stderr.txt: OK
research/f6_n83_karatsuba_sat_20261005/karatsuba_ordinary_none_0.solver.stdout: OK
research/f6_n83_karatsuba_sat_20261005/karatsuba_ordinary_none_0.verify.jsonl: OK
research/f6_n83_karatsuba_sat_20261005/karatsuba_ordinary_none_0.verify.stderr.txt: OK
research/f6_n83_karatsuba_sat_20261005/karatsuba_ordinary_none_0.xcnf.gz: OK
research/f6_n83_karatsuba_sat_20261005/karatsuba_ordinary_none_1.emit.jsonl: OK
research/f6_n83_karatsuba_sat_20261005/karatsuba_ordinary_none_1.emit.stderr.txt: OK
research/f6_n83_karatsuba_sat_20261005/karatsuba_ordinary_none_1.solver.stderr.txt: OK
research/f6_n83_karatsuba_sat_20261005/karatsuba_ordinary_none_1.solver.stdout: OK
research/f6_n83_karatsuba_sat_20261005/karatsuba_ordinary_none_1.verify.jsonl: OK
research/f6_n83_karatsuba_sat_20261005/karatsuba_ordinary_none_1.verify.stderr.txt: OK
research/f6_n83_karatsuba_sat_20261005/karatsuba_ordinary_none_1.xcnf.gz: OK
research/f6_n83_karatsuba_sat_20261005/karatsuba_ordinary_none_2.emit.jsonl: OK
research/f6_n83_karatsuba_sat_20261005/karatsuba_ordinary_none_2.emit.stderr.txt: OK
research/f6_n83_karatsuba_sat_20261005/karatsuba_ordinary_none_2.solver.stderr.txt: OK
research/f6_n83_karatsuba_sat_20261005/karatsuba_ordinary_none_2.solver.stdout: OK
research/f6_n83_karatsuba_sat_20261005/karatsuba_ordinary_none_2.verify.jsonl: OK
research/f6_n83_karatsuba_sat_20261005/karatsuba_ordinary_none_2.verify.stderr.txt: OK
research/f6_n83_karatsuba_sat_20261005/karatsuba_ordinary_none_2.xcnf.gz: OK
research/f6_n83_karatsuba_sat_20261005/karatsuba_ordinary_none_3.emit.jsonl: OK
research/f6_n83_karatsuba_sat_20261005/karatsuba_ordinary_none_3.emit.stderr.txt: OK
research/f6_n83_karatsuba_sat_20261005/karatsuba_ordinary_none_3.solver.stderr.txt: OK
research/f6_n83_karatsuba_sat_20261005/karatsuba_ordinary_none_3.solver.stdout: OK
research/f6_n83_karatsuba_sat_20261005/karatsuba_ordinary_none_3.verify.jsonl: OK
research/f6_n83_karatsuba_sat_20261005/karatsuba_ordinary_none_3.verify.stderr.txt: OK
research/f6_n83_karatsuba_sat_20261005/karatsuba_ordinary_none_3.xcnf.gz: OK
research/f6_n83_karatsuba_sat_20261005/karatsuba_planted_all_0.emit.jsonl: OK
research/f6_n83_karatsuba_sat_20261005/karatsuba_planted_all_0.emit.stderr.txt: OK
research/f6_n83_karatsuba_sat_20261005/karatsuba_planted_all_0.solver.stderr.txt: OK
research/f6_n83_karatsuba_sat_20261005/karatsuba_planted_all_0.solver.stdout.gz: OK
research/f6_n83_karatsuba_sat_20261005/karatsuba_planted_all_0.verify.jsonl: OK
research/f6_n83_karatsuba_sat_20261005/karatsuba_planted_all_0.verify.stderr.txt: OK
research/f6_n83_karatsuba_sat_20261005/karatsuba_planted_all_0.xcnf.gz: OK
research/f6_n83_karatsuba_sat_20261005/karatsuba_planted_source_0.emit.jsonl: OK
research/f6_n83_karatsuba_sat_20261005/karatsuba_planted_source_0.emit.stderr.txt: OK
research/f6_n83_karatsuba_sat_20261005/karatsuba_planted_source_0.solver.stderr.txt: OK
research/f6_n83_karatsuba_sat_20261005/karatsuba_planted_source_0.solver.stdout: OK
research/f6_n83_karatsuba_sat_20261005/karatsuba_planted_source_0.verify.jsonl: OK
research/f6_n83_karatsuba_sat_20261005/karatsuba_planted_source_0.verify.stderr.txt: OK
research/f6_n83_karatsuba_sat_20261005/karatsuba_planted_source_0.xcnf.gz: OK
research/f6_n83_karatsuba_sat_20261005/rss.tsv: OK
research/f6_n83_karatsuba_sat_20261005/run.sh: OK
research/f6_n83_karatsuba_sat_20261005/runner.stderr: OK
research/f6_n83_karatsuba_sat_20261005/runner.stdout: OK
research/f6_n83_karatsuba_sat_20261005/seal.sh: OK
research/f6_n83_karatsuba_sat_20261005/status.tsv: OK
