/home/user/crypto/research/hamming_ideal_pdp_20260930/hamming_pdp/target/release/hamming_pdp --n 13 --w 2 --targets 24 --encodings C --budget-log2 28 --matrix-cap-log2 26 --out /home/user/crypto/research/hamming_ideal_pdp_20260930/results/main/n13_C.jsonl.part
n=13 irr=0x201b alpha=0x3 #E=8012 odd=2003 |F_wt|=79 (x:40) |F_sub|=125 (x:63) l=7 setup=5ms
n=13 C WT2 seed=0 planted label=true pairs=2 found=true ok calls=8 tame=1 wild=7 budget=7 cap=3 depth_mean=7.00 max_depth=7 xor=1475333231 rows=22242 cols=22647 deg=4 prep=3123ms elim=4904ms add=61340ms rref=3ms subst=32712ms post=16787ms branch=1ms 129863ms
n=13 C WT2 seed=1 uniform label=false pairs=0 found=false ok calls=25 tame=13 wild=12 budget=12 cap=4 depth_mean=7.15 max_depth=13 xor=2906036928 rows=75363 cols=53835 deg=4 prep=4946ms elim=6644ms add=107393ms rref=12ms subst=85402ms post=27011ms branch=5ms 254951ms
n=13 C WT2 seed=2 planted label=true pairs=2 found=true ok calls=17 tame=5 wild=12 budget=12 cap=5 depth_mean=9.20 max_depth=10 xor=2228942687 rows=75754 cols=53379 deg=4 prep=4510ms elim=4505ms add=67026ms rref=7ms subst=46604ms post=16828ms branch=3ms 158062ms
n=13 C WT2 seed=3 uniform label=false pairs=0 found=false ok calls=19 tame=10 wild=9 budget=9 cap=5 depth_mean=6.30 max_depth=13 xor=1963849436 rows=22884 cols=24205 deg=4 prep=4124ms elim=6399ms add=96587ms rref=8ms subst=72650ms post=24710ms branch=3ms 223026ms
n=13 C WT2 seed=4 planted label=true pairs=4 found=true ok calls=8 tame=1 wild=7 budget=7 cap=4 depth_mean=7.00 max_depth=7 xor=1257291703 rows=28968 cols=23107 deg=4 prep=2754ms elim=3907ms add=55218ms rref=3ms subst=35187ms post=13929ms branch=1ms 123120ms
n=13 C WT2 seed=5 uniform label=false pairs=0 found=false ok calls=19 tame=10 wild=9 budget=9 cap=4 depth_mean=6.30 max_depth=13 xor=2287056283 rows=65097 cols=43803 deg=3 prep=4438ms elim=6356ms add=100762ms rref=8ms subst=78292ms post=24505ms branch=4ms 232737ms
n=13 C WT2 seed=6 planted label=true pairs=4 found=true ok calls=11 tame=1 wild=10 budget=10 cap=5 depth_mean=10.00 max_depth=10 xor=1629807986 rows=75497 cols=53222 deg=4 prep=3619ms elim=3343ms add=55250ms rref=4ms subst=34631ms post=14694ms branch=2ms 127950ms
n=13 C WT2 seed=7 uniform label=false pairs=0 found=false ok calls=19 tame=10 wild=9 budget=9 cap=5 depth_mean=6.30 max_depth=13 xor=2150147340 rows=65101 cols=43805 deg=4 prep=4617ms elim=6940ms add=100439ms rref=9ms subst=83942ms post=24524ms branch=3ms 240596ms
n=13 C WT2 seed=8 planted label=true pairs=4 found=true ok calls=10 tame=1 wild=9 budget=8 cap=5 depth_mean=9.00 max_depth=9 xor=1329779042 rows=75470 cols=49756 deg=3 prep=2992ms elim=3565ms add=58201ms rref=3ms subst=35009ms post=16169ms branch=1ms 131308ms
n=13 C WT2 seed=9 uniform label=false pairs=0 found=false ok calls=17 tame=9 wild=8 budget=8 cap=5 depth_mean=5.44 max_depth=13 xor=1903077027 rows=22989 cols=24030 deg=4 prep=4624ms elim=6841ms add=102280ms rref=9ms subst=75943ms post=24914ms branch=3ms 233718ms
/home/user/crypto/research/hamming_ideal_pdp_20260930/hamming_pdp/target/release/hamming_pdp --n 13 --w 2 --targets 24 --encodings C --budget-log2 28 --matrix-cap-log2 26 --out /home/user/crypto/research/hamming_ideal_pdp_20260930/results/main/n13_C.jsonl.part --seeds 10,11,12,13,14,15,16,17,18,19,20,21,22,23 --append
n=13 irr=0x201b alpha=0x3 #E=8012 odd=2003 |F_wt|=79 (x:40) |F_sub|=125 (x:63) l=7 setup=6ms
n=13 C WT2 seed=10 planted label=true pairs=4 found=true ok calls=8 tame=1 wild=7 budget=7 cap=2 depth_mean=7.00 max_depth=7 xor=1697272446 rows=29007 cols=23194 deg=4 prep=3551ms elim=4718ms add=63696ms rref=3ms subst=43705ms post=15612ms branch=1ms 145800ms
n=13 C WT2 seed=11 uniform label=false pairs=0 found=false ok calls=25 tame=13 wild=12 budget=12 cap=6 depth_mean=7.15 max_depth=13 xor=2554995635 rows=75341 cols=53031 deg=3 prep=5688ms elim=6603ms add=102400ms rref=12ms subst=77818ms post=26565ms branch=5ms 242894ms
n=13 C WT2 seed=12 planted label=true pairs=5 found=true ok calls=12 tame=2 wild=10 budget=10 cap=4 depth_mean=10.00 max_depth=10 xor=1882212950 rows=75501 cols=53804 deg=3 prep=3393ms elim=3583ms add=64207ms rref=5ms subst=36771ms post=16158ms branch=2ms 139707ms
n=13 C WT2 seed=13 uniform label=true pairs=2 found=true ok calls=8 tame=1 wild=7 budget=7 cap=4 depth_mean=7.00 max_depth=7 xor=1188241287 rows=22777 cols=23596 deg=4 prep=2792ms elim=3547ms add=55465ms rref=3ms subst=33386ms post=14903ms branch=1ms 122258ms
n=13 C WT2 seed=14 planted label=true pairs=2 found=true ok calls=12 tame=5 wild=7 budget=7 cap=4 depth_mean=5.80 max_depth=7 xor=1408605884 rows=28969 cols=22599 deg=4 prep=3133ms elim=4635ms add=69341ms rref=6ms subst=46940ms post=17202ms branch=2ms 155330ms
n=13 C WT2 seed=15 uniform label=false pairs=0 found=false ok calls=27 tame=14 wild=13 budget=13 cap=5 depth_mean=7.64 max_depth=13 xor=2903509074 rows=75484 cols=53755 deg=4 prep=5361ms elim=7063ms add=108275ms rref=11ms subst=73433ms post=27774ms branch=5ms 246049ms
n=13 C WT2 seed=16 planted label=true pairs=26 found=true ok calls=12 tame=1 wild=11 budget=10 cap=5 depth_mean=11.00 max_depth=11 xor=1651049602 rows=75646 cols=52605 deg=4 prep=4145ms elim=3590ms add=55531ms rref=4ms subst=35990ms post=15448ms branch=2ms 131601ms
n=13 C WT2 seed=17 uniform label=false pairs=0 found=false ok calls=21 tame=11 wild=10 budget=10 cap=4 depth_mean=7.00 max_depth=13 xor=2454606131 rows=65114 cols=43809 deg=4 prep=4914ms elim=7144ms add=108797ms rref=14ms subst=80814ms post=26208ms branch=4ms 249150ms
n=13 C WT2 seed=18 planted label=true pairs=4 found=true ok calls=8 tame=1 wild=7 budget=7 cap=5 depth_mean=7.00 max_depth=7 xor=1021131067 rows=21174 cols=23570 deg=3 prep=3262ms elim=3643ms add=66315ms rref=2ms subst=37003ms post=18787ms branch=2ms 147608ms
