/home/user/crypto/research/hamming_ideal_pdp_20260930/hamming_pdp/target/release/hamming_pdp --n 13 --w 2 --targets 24 --encodings SUB --budget-log2 28 --matrix-cap-log2 26 --out /home/user/crypto/research/hamming_ideal_pdp_20260930/results/main/n13_SUB.jsonl.part
n=13 irr=0x201b alpha=0x3 #E=8012 odd=2003 |F_wt|=79 (x:40) |F_sub|=125 (x:63) l=7 setup=6ms
n=13 SUB SUB7 seed=0 planted label=false pairs=0 found=false ok calls=1 tame=1 wild=0 budget=0 cap=0 depth_mean=0.00 max_depth=0 xor=204743 rows=782 cols=378 deg=3 prep=7ms elim=3ms add=0ms rref=0ms subst=0ms post=8ms branch=0ms 19ms
n=13 SUB SUB7 seed=1 uniform label=true pairs=2 found=true ok calls=1 tame=1 wild=0 budget=0 cap=0 depth_mean=0.00 max_depth=0 xor=208665 rows=790 cols=378 deg=3 prep=7ms elim=3ms add=0ms rref=0ms subst=5ms post=8ms branch=0ms 25ms
n=13 SUB SUB7 seed=2 planted label=true pairs=2 found=true ok calls=1 tame=1 wild=0 budget=0 cap=0 depth_mean=0.00 max_depth=0 xor=208016 rows=784 cols=378 deg=3 prep=6ms elim=3ms add=0ms rref=0ms subst=4ms post=6ms branch=0ms 21ms
n=13 SUB SUB7 seed=3 uniform label=false pairs=0 found=false ok calls=1 tame=1 wild=0 budget=0 cap=0 depth_mean=0.00 max_depth=0 xor=206566 rows=785 cols=378 deg=3 prep=6ms elim=3ms add=0ms rref=0ms subst=0ms post=6ms branch=0ms 17ms
n=13 SUB SUB7 seed=4 planted label=false pairs=0 found=false ok calls=1 tame=1 wild=0 budget=0 cap=0 depth_mean=0.00 max_depth=0 xor=208711 rows=784 cols=378 deg=3 prep=6ms elim=3ms add=0ms rref=0ms subst=0ms post=6ms branch=0ms 16ms
n=13 SUB SUB7 seed=5 uniform label=false pairs=0 found=false ok calls=1 tame=1 wild=0 budget=0 cap=0 depth_mean=0.00 max_depth=0 xor=207168 rows=782 cols=378 deg=3 prep=6ms elim=3ms add=0ms rref=0ms subst=0ms post=6ms branch=0ms 16ms
n=13 SUB SUB7 seed=6 planted label=true pairs=4 found=true ok calls=2 tame=1 wild=1 budget=0 cap=0 depth_mean=1.00 max_depth=1 xor=258447 rows=782 cols=378 deg=3 prep=8ms elim=4ms add=0ms rref=0ms subst=7ms post=8ms branch=0ms 30ms
n=13 SUB SUB7 seed=7 uniform label=true pairs=2 found=true ok calls=1 tame=1 wild=0 budget=0 cap=0 depth_mean=0.00 max_depth=0 xor=206307 rows=784 cols=378 deg=3 prep=6ms elim=3ms add=0ms rref=0ms subst=4ms post=7ms branch=0ms 22ms
n=13 SUB SUB7 seed=8 planted label=true pairs=2 found=true ok calls=1 tame=1 wild=0 budget=0 cap=0 depth_mean=0.00 max_depth=0 xor=208443 rows=792 cols=378 deg=3 prep=6ms elim=3ms add=0ms rref=0ms subst=4ms post=6ms branch=0ms 21ms
n=13 SUB SUB7 seed=9 uniform label=false pairs=0 found=false ok calls=1 tame=1 wild=0 budget=0 cap=0 depth_mean=0.00 max_depth=0 xor=206834 rows=782 cols=378 deg=3 prep=5ms elim=3ms add=0ms rref=0ms subst=0ms post=6ms branch=0ms 16ms
n=13 SUB SUB7 seed=10 planted label=false pairs=0 found=false ok calls=1 tame=1 wild=0 budget=0 cap=0 depth_mean=0.00 max_depth=0 xor=206387 rows=782 cols=378 deg=3 prep=5ms elim=3ms add=0ms rref=0ms subst=0ms post=6ms branch=0ms 16ms
n=13 SUB SUB7 seed=11 uniform label=false pairs=0 found=false ok calls=1 tame=1 wild=0 budget=0 cap=0 depth_mean=0.00 max_depth=0 xor=205231 rows=778 cols=378 deg=3 prep=6ms elim=4ms add=0ms rref=0ms subst=0ms post=6ms branch=0ms 18ms
n=13 SUB SUB7 seed=12 planted label=true pairs=2 found=true ok calls=1 tame=1 wild=0 budget=0 cap=0 depth_mean=0.00 max_depth=0 xor=206547 rows=784 cols=378 deg=3 prep=7ms elim=3ms add=0ms rref=0ms subst=4ms post=7ms branch=0ms 24ms
n=13 SUB SUB7 seed=13 uniform label=true pairs=6 found=true ok calls=2 tame=1 wild=1 budget=0 cap=0 depth_mean=1.00 max_depth=1 xor=265731 rows=799 cols=378 deg=4 prep=9ms elim=4ms add=0ms rref=0ms subst=11ms post=8ms branch=0ms 36ms
n=13 SUB SUB7 seed=14 planted label=true pairs=2 found=true ok calls=1 tame=1 wild=0 budget=0 cap=0 depth_mean=0.00 max_depth=0 xor=205569 rows=780 cols=378 deg=3 prep=5ms elim=3ms add=0ms rref=0ms subst=4ms post=6ms branch=0ms 21ms
n=13 SUB SUB7 seed=15 uniform label=true pairs=4 found=true ok calls=2 tame=1 wild=1 budget=0 cap=0 depth_mean=1.00 max_depth=1 xor=258418 rows=782 cols=378 deg=3 prep=9ms elim=4ms add=0ms rref=0ms subst=10ms post=9ms branch=0ms 36ms
n=13 SUB SUB7 seed=16 planted label=true pairs=4 found=true ok calls=2 tame=1 wild=1 budget=0 cap=0 depth_mean=1.00 max_depth=1 xor=256112 rows=777 cols=378 deg=3 prep=8ms elim=4ms add=0ms rref=0ms subst=9ms post=8ms branch=0ms 32ms
n=13 SUB SUB7 seed=17 uniform label=true pairs=2 found=true ok calls=1 tame=1 wild=0 budget=0 cap=0 depth_mean=0.00 max_depth=0 xor=207567 rows=782 cols=378 deg=3 prep=6ms elim=3ms add=0ms rref=0ms subst=5ms post=6ms branch=0ms 22ms
n=13 SUB SUB7 seed=18 planted label=false pairs=0 found=false ok calls=1 tame=1 wild=0 budget=0 cap=0 depth_mean=0.00 max_depth=0 xor=202073 rows=775 cols=378 deg=3 prep=5ms elim=3ms add=0ms rref=0ms subst=0ms post=6ms branch=0ms 16ms
n=13 SUB SUB7 seed=19 uniform label=false pairs=0 found=false ok calls=1 tame=1 wild=0 budget=0 cap=0 depth_mean=0.00 max_depth=0 xor=205382 rows=781 cols=378 deg=3 prep=6ms elim=3ms add=0ms rref=0ms subst=0ms post=6ms branch=0ms 16ms
n=13 SUB SUB7 seed=20 planted label=false pairs=0 found=false ok calls=1 tame=1 wild=0 budget=0 cap=0 depth_mean=0.00 max_depth=0 xor=206774 rows=783 cols=378 deg=3 prep=5ms elim=3ms add=0ms rref=0ms subst=0ms post=6ms branch=0ms 16ms
n=13 SUB SUB7 seed=21 uniform label=false pairs=0 found=false ok calls=1 tame=1 wild=0 budget=0 cap=0 depth_mean=0.00 max_depth=0 xor=204760 rows=778 cols=378 deg=3 prep=6ms elim=3ms add=0ms rref=0ms subst=0ms post=5ms branch=0ms 16ms
n=13 SUB SUB7 seed=22 planted label=true pairs=2 found=true ok calls=1 tame=1 wild=0 budget=0 cap=0 depth_mean=0.00 max_depth=0 xor=207988 rows=789 cols=378 deg=3 prep=5ms elim=3ms add=0ms rref=0ms subst=4ms post=7ms branch=0ms 21ms
n=13 SUB SUB7 seed=23 uniform label=false pairs=0 found=false ok calls=1 tame=1 wild=0 budget=0 cap=0 depth_mean=0.00 max_depth=0 xor=206759 rows=783 cols=378 deg=3 prep=5ms elim=3ms add=0ms rref=0ms subst=0ms post=7ms branch=0ms 17ms
