/home/user/crypto/research/hamming_ideal_pdp_20260930/hamming_pdp/target/release/hamming_pdp --n 13 --w 2 --targets 24 --encodings QFC --budget-log2 28 --matrix-cap-log2 26 --out /home/user/crypto/research/hamming_ideal_pdp_20260930/results/main/n13_QFC.jsonl.part
n=13 irr=0x201b alpha=0x3 #E=8012 odd=2003 |F_wt|=79 (x:40) |F_sub|=125 (x:63) l=7 setup=6ms
n=13 QFC WT2 seed=0 planted label=true pairs=2 found=true ok calls=8 tame=1 wild=7 budget=7 cap=1 depth_mean=7.00 max_depth=7 xor=1875312084 rows=77785 cols=48922 deg=3 prep=2852ms elim=4097ms add=14411ms rref=2ms subst=14007ms post=9216ms branch=1ms 54620ms
n=13 QFC WT2 seed=1 uniform label=false pairs=0 found=false ok calls=17 tame=9 wild=8 budget=8 cap=3 depth_mean=5.44 max_depth=13 xor=1912730900 rows=76243 cols=46604 deg=3 prep=4205ms elim=5134ms add=30668ms rref=7ms subst=54489ms post=11692ms branch=3ms 119458ms
n=13 QFC WT2 seed=2 planted label=true pairs=2 found=true ok calls=9 tame=2 wild=7 budget=7 cap=1 depth_mean=7.00 max_depth=7 xor=1895231114 rows=30447 cols=19765 deg=4 prep=2705ms elim=4617ms add=19230ms rref=2ms subst=21820ms post=9038ms branch=1ms 62682ms
n=13 QFC WT2 seed=3 uniform label=false pairs=0 found=false ok calls=15 tame=8 wild=7 budget=7 cap=1 depth_mean=4.38 max_depth=7 xor=2144056953 rows=73225 cols=46248 deg=3 prep=3013ms elim=5198ms add=27770ms rref=5ms subst=39606ms post=11173ms branch=2ms 97630ms
n=13 QFC WT2 seed=4 planted label=true pairs=4 found=true ok calls=8 tame=1 wild=7 budget=7 cap=4 depth_mean=7.00 max_depth=7 xor=1317233356 rows=27969 cols=19716 deg=4 prep=3316ms elim=4242ms add=15684ms rref=2ms subst=20507ms post=8815ms branch=1ms 61629ms
n=13 QFC WT2 seed=5 uniform label=false pairs=0 found=false ok calls=17 tame=9 wild=8 budget=8 cap=2 depth_mean=5.44 max_depth=13 xor=2154756005 rows=77590 cols=48082 deg=3 prep=3973ms elim=5169ms add=30638ms rref=6ms subst=46575ms post=11487ms branch=3ms 111191ms
n=13 QFC WT2 seed=6 planted label=true pairs=4 found=true ok calls=8 tame=1 wild=7 budget=7 cap=3 depth_mean=7.00 max_depth=7 xor=1412929298 rows=73259 cols=46371 deg=3 prep=2996ms elim=3404ms add=18404ms rref=2ms subst=23499ms post=8274ms branch=1ms 65934ms
n=13 QFC WT2 seed=7 uniform label=false pairs=0 found=false ok calls=17 tame=9 wild=8 budget=8 cap=2 depth_mean=5.44 max_depth=13 xor=2094229337 rows=75935 cols=46655 deg=4 prep=4233ms elim=5474ms add=33689ms rref=7ms subst=55524ms post=11801ms branch=3ms 123441ms
n=13 QFC WT2 seed=8 planted label=true pairs=4 found=true ok calls=10 tame=1 wild=9 budget=7 cap=2 depth_mean=9.00 max_depth=9 xor=1682038251 rows=76735 cols=47837 deg=3 prep=2661ms elim=3787ms add=18379ms rref=3ms subst=18287ms post=8852ms branch=1ms 60780ms
n=13 QFC WT2 seed=9 uniform label=false pairs=0 found=false ok calls=15 tame=8 wild=7 budget=7 cap=3 depth_mean=4.38 max_depth=7 xor=1680338275 rows=24405 cols=19420 deg=4 prep=4029ms elim=5295ms add=31086ms rref=5ms subst=46509ms post=11151ms branch=2ms 107556ms
n=13 QFC WT2 seed=10 planted label=true pairs=4 found=true ok calls=8 tame=1 wild=7 budget=7 cap=2 depth_mean=7.00 max_depth=7 xor=1680364355 rows=27954 cols=19774 deg=4 prep=3039ms elim=4790ms add=17036ms rref=2ms subst=19864ms post=9169ms branch=1ms 60529ms
n=13 QFC WT2 seed=11 uniform label=false pairs=0 found=false ok calls=17 tame=9 wild=8 budget=8 cap=2 depth_mean=5.44 max_depth=13 xor=2116979321 rows=76924 cols=47516 deg=3 prep=3619ms elim=5147ms add=30555ms rref=7ms subst=42317ms post=11781ms branch=3ms 106322ms
n=13 QFC WT2 seed=12 planted label=true pairs=5 found=true ok calls=12 tame=2 wild=10 budget=8 cap=2 depth_mean=10.00 max_depth=10 xor=1943156523 rows=77331 cols=50188 deg=3 prep=2801ms elim=3799ms add=19068ms rref=4ms subst=18458ms post=8893ms branch=1ms 64118ms
n=13 QFC WT2 seed=13 uniform label=true pairs=2 found=true ok calls=8 tame=1 wild=7 budget=7 cap=2 depth_mean=7.00 max_depth=7 xor=1596172904 rows=73707 cols=46861 deg=3 prep=2844ms elim=3478ms add=17952ms rref=2ms subst=17316ms post=8683ms branch=1ms 58618ms
n=13 QFC WT2 seed=14 planted label=true pairs=2 found=true ok calls=13 tame=5 wild=8 budget=8 cap=4 depth_mean=6.00 max_depth=7 xor=1795417181 rows=72771 cols=39423 deg=6 prep=3876ms elim=5468ms add=21011ms rref=4ms subst=26045ms post=10155ms branch=2ms 77303ms
/home/user/crypto/research/hamming_ideal_pdp_20260930/hamming_pdp/target/release/hamming_pdp --n 13 --w 2 --targets 24 --encodings QFC --budget-log2 28 --matrix-cap-log2 26 --out /home/user/crypto/research/hamming_ideal_pdp_20260930/results/main/n13_QFC.jsonl.part --seeds 15,16,17,18,19,20,21,22,23 --append
n=13 irr=0x201b alpha=0x3 #E=8012 odd=2003 |F_wt|=79 (x:40) |F_sub|=125 (x:63) l=7 setup=6ms
n=13 QFC WT2 seed=15 uniform label=false pairs=0 found=false ok calls=17 tame=9 wild=8 budget=8 cap=2 depth_mean=5.44 max_depth=13 xor=2134425743 rows=78937 cols=47672 deg=3 prep=4727ms elim=5460ms add=28838ms rref=5ms subst=38697ms post=11751ms branch=16ms 107067ms
n=13 QFC WT2 seed=16 planted label=true pairs=26 found=true ok calls=12 tame=1 wild=11 budget=8 cap=2 depth_mean=11.00 max_depth=11 xor=1993725072 rows=77807 cols=53950 deg=5 prep=3640ms elim=4689ms add=17937ms rref=3ms subst=23937ms post=9305ms branch=1ms 69220ms
n=13 QFC WT2 seed=17 uniform label=false pairs=0 found=false ok calls=15 tame=8 wild=7 budget=7 cap=3 depth_mean=4.38 max_depth=7 xor=1753788364 rows=72685 cols=45840 deg=3 prep=3917ms elim=5306ms add=28717ms rref=5ms subst=35680ms post=11089ms branch=2ms 95559ms
n=13 QFC WT2 seed=18 planted label=true pairs=4 found=true ok calls=8 tame=1 wild=7 budget=7 cap=1 depth_mean=7.00 max_depth=7 xor=1816124597 rows=77472 cols=48084 deg=3 prep=2385ms elim=3460ms add=19044ms rref=2ms subst=19273ms post=8360ms branch=1ms 60262ms
n=13 QFC WT2 seed=19 uniform label=false pairs=0 found=false ok calls=17 tame=9 wild=8 budget=8 cap=2 depth_mean=5.44 max_depth=13 xor=2129524227 rows=76765 cols=47098 deg=3 prep=3551ms elim=5336ms add=29964ms rref=6ms subst=35206ms post=11825ms branch=3ms 100586ms
n=13 QFC WT2 seed=20 planted label=true pairs=2 found=true ok calls=8 tame=1 wild=7 budget=7 cap=2 depth_mean=7.00 max_depth=7 xor=1674601413 rows=53389 cols=39480 deg=4 prep=3258ms elim=4730ms add=16647ms rref=2ms subst=21745ms post=8966ms branch=1ms 64551ms
n=13 QFC WT2 seed=21 uniform label=false pairs=0 found=false ok calls=17 tame=9 wild=8 budget=8 cap=2 depth_mean=5.44 max_depth=13 xor=2139177676 rows=75955 cols=46328 deg=4 prep=3691ms elim=5379ms add=30598ms rref=6ms subst=42665ms post=11807ms branch=3ms 104469ms
n=13 QFC WT2 seed=22 planted label=true pairs=2 found=true ok calls=8 tame=1 wild=7 budget=7 cap=4 depth_mean=7.00 max_depth=7 xor=1323969591 rows=74948 cols=48786 deg=3 prep=3267ms elim=4116ms add=14618ms rref=2ms subst=19544ms post=9097ms branch=1ms 62220ms
n=13 QFC WT2 seed=23 uniform label=true pairs=2 found=true ok calls=9 tame=2 wild=7 budget=7 cap=3 depth_mean=7.00 max_depth=7 xor=1439197681 rows=24253 cols=19649 deg=4 prep=2847ms elim=4003ms add=20030ms rref=2ms subst=24479ms post=8347ms branch=1ms 67512ms
