c CMS SHA1: 7ae1b4a74259cdce223a584281fb8f090bbd3eed
c CryptoMiniSat version 5.14.7
c CMS compilation env CMAKE_CXX_COMPILER = /usr/bin/c++ | CMAKE_CXX_FLAGS =  -fno-stack-protector -msse4.2 -Wno-bitfield-constant-conversion -Wnull-dereference -Wdouble-promotion -Wshadow -Wformat=2 -Wextra-semi -pedantic | COMPILE_DEFINES =  -DNDEBUG -D_FORTIFY_SOURCE=0 | BUILD_SHARED_LIBS = OFF | ONLY_SIMPLE =  | STATS = OFF | SQLITE3_FOUND =  | ZLIB_FOUND = FALSE | VALGRIND_FOUND =  | ENABLE_TESTING = OFF | SLOW_DEBUG = OFF | ENABLE_ASSERTIONS = OFF | PYTHON_EXECUTABLE =  | PYTHON_LIBRARY =  | PYTHON_INCLUDE_DIRS =  | MY_TARGETS =  | LARGEMEM = OFF | LIMITMEM = OFF | BREAKID_LIBRARIES =  | BREAKID-VER = . | 
c Using VMTF, picosat, CaDiCaL, and CadiBack code by Armin Biere
c CMS is MIT licensed
c Using code from 'When Boolean Satisfiability Meets Gauss-E. in a Simplex Way'
c       by C.-S. Han and J.-H. Roland Jiang in CAV 2012. Fixes by M. Soos
c Using CCAnr from 'CCAnr: A Conf. Checking Based Local Search Solver [...]'
c       by Shaowei Cai, Chuan Luo, and Kaile Su, SAT 2015
c Using Oracle code from 'Integrating Tree Decompositions [...]'
c       by Tuukka Korhonen and Matti Jarvisalo, CP 2021
c Executed with command line: /Volumes/SSD990/cryptominisat-koblitz-20260909/build/cryptominisat5 --verb 1 --threads 1 /Volumes/SSD990/koblitz-stage13-panel-20260909/tasks/seed-2026091302/n31-l5-m3-ggmp-a0-f0/matrix/n31-l5-m3-ggmp-a0-f0/instance.xor.cnf
c Reading file '/Volumes/SSD990/koblitz-stage13-panel-20260909/tasks/seed-2026091302/n31-l5-m3-ggmp-a0-f0/matrix/n31-l5-m3-ggmp-a0-f0/instance.xor.cnf'
c o -- header says num vars:           1311
c o -- header says num clauses:        4632
c -- added: 4570 clauses, 62 xor clauses, 1311 vars
c Parsing time: 0.00 s
c [sls] 4632 cls, minimum 2 (new global minimum) T: 0.00
c [sls] 4632 cls, minimum 2 T: 0.01
c --> Executing strategy token: sub-impl
c [impl-sub] bin: 0 T: 0.00 T-out: N w-visit: 2622
c Executing OCC strategy token(s): 'occ-backw-sub'
c [occ] Linked in IRRED BIN by default: 3305
c [occ] Linked in RED   BIN by default: 0
c Executing OCC strategy token: occ-backw-sub
c [occ-backw-sub-long-w-long] rem cl: 0 tried: 1265/1265 (100.0%) T: 0.00 T-out: N T-r: 99.99%
c --> Executing strategy token: scc-vrepl
c [scc] new: 0 BP 0M T: 0.00
c --> Executing strategy token: breakid
c Executing OCC strategy token(s): 'occ-bve,occ-xor'
c [occ] Linked in IRRED BIN by default: 3305
c [occ] Linked in RED   BIN by default: 0
c Executing OCC strategy token: occ-bve
c [occ-empty-res] Empty resolvent elimed: 0 T: 0.00 T-out: N
c [occ-bve] tried:    70 v-elim:     0 free-vars: 1311 T: 0.00 T-out: N T-r: 100.00%
c [occur] link-in T: 0.00 cleanup T: 0.00 overhead T: 0.00
c [occ-xor-bve] elimed: 0 T: 0.00 T-out: N
c Executing OCC strategy token: occ-xor
c [occ-xor] sort occur list T: 0.00
c [occ-xor] found      0 T: 0.00 T-out: N T-r: 100.00%
c [mem] consolidate mini T: 0.00
c [timeout] global_timeout_multiplier: 3.3000
c [branch] rebuilding order heap for all branchings. Current branching: vsids
c [lucky] no luck T: 0.00
c [gauss] clauses deleted that are represented by XORs: 0 xorclauses: 62 GJ matrices: 0 T: 0.00
c [matrix] performing matrix init
c [matrix] Good   matrix  0     31 x  191  density:0.5219  xorlen avg: 99.68
c [matrix] Good   matrix  1     31 x 1110  density:0.0482  xorlen avg: 53.55
c [matrix] Using 2 matrices recovered from 62 xors T: 0.00 T-out: N
c [branch] adjusting to: vmtf (from: vsids) var_decay:0.95
c [g  <1] Disabling GJ-elim in this round.  Usefulness was: 0.0000%  over 1252 calls
c  res  pol bran  nres  conf freevar  IrrL  IrrB l/longC  l/allC RedL0 RedL1 RedL2  RedB l/longC  l/allC
c rst   stb    -  vmt     1  1024    1270  1265  3305    3.61    2.45   802     0     0     0   37.42   37.42
c [branch] adjusting to: vsids (from: vmtf) var_decay:0.95
c rst   stb    O   vs     2  2025    1270  1265  3305    3.61    2.45  1298     0     0     0   30.29   30.29
c [distill-long-red0] cls tried: 2/1550 T: 0.00 T-out: Y T-r: -177.87%
c rst   stb    I   vs     4  9096    1270  1265  3305    3.61    2.45  3300     0     0     0   22.00   22.00
c rst   stb    B   vs     6 11145    1270  1265  3305    3.61    2.45  3398     0     0     0   20.66   20.66
c [distill-bin] useful/checked/potential: 0/3305/3305 lits-rem: 0 cl-rem: 0 0-depth-assigns: 0 T: 0.01 T-out: N
c rst   foc    B   vs     8   23K    1270  1265  3200    3.61    2.46  5177     0     0     0   24.54   24.54
c [branch] adjusting to: vmtf (from: vsids) var_decay:0.95
c [distill-long-red0] cls tried: 2/1238 T: 0.00 T-out: Y T-r: -240.67%
c [full-probe] bin_only: 1 set: 0 repl: 0 T: 0.00 T-out: N T-r: 99.82%
c rst   foc    F  vmt     9   23K    1270  1265  3200    3.61    2.46  4849     0     0     0   25.24   25.24
c rst   stb    F  vmt    15   33K    1270  1265  3200    3.61    2.46  7228     0     0     0   20.42   20.42
c [branch] adjusting to: vsids (from: vmtf) var_decay:0.95
c [distill-bin] useful/checked/potential: 0/3200/3200 lits-rem: 0 cl-rem: 0 0-depth-assigns: 0 T: 0.01 T-out: N
c [distill] watch-based irred-- cl tried     2450 cl-sh     0 cl-rem    0 lit-rem      0 T: 0.00 T-out: N
c [distill] watch-based   red-- cl tried     9764 cl-sh  1138 cl-rem    0 lit-rem   1940 T: 0.02 T-out: N
c [sls] 4487 cls, minimum 2 T: 0.00
c rst   stb    W   vs    16   34K    1270  1225  3200    3.61    2.45  8252     0     0     0   21.00   21.00
c [distill-long-red0] cls tried: 2/928 T: 0.00 T-out: Y T-r: -559.78%
c rst   stb    O   vs    21   41K    1270  1225  3200    3.61    2.45  6649     0     0     0   22.49   22.49
c [impl-str] lit bin: 0 set-var: 0 T: 0.00 T-out: N T-r: 99.97% w-visit: 2622
c [impl-sub] bin: 0 T: 0.00 T-out: N w-visit: 2622
c [full-probe] bin_only: 0 set: 0 repl: 0 T: 0.00 T-out: N T-r: 99.06%
c rst   stb    O   vs    23   53K    1270  1225  3200    3.61    2.45  9529     0     0     0   24.84   24.84
c [distill-bin] useful/checked/potential: 0/3200/3200 lits-rem: 0 cl-rem: 0 0-depth-assigns: 0 T: 0.01 T-out: N
c rst   stb    B   vs    24   54K    1270  1225  3200    3.61    2.45 10552     0     0     0   24.72   24.72
c [distill-long-red0] cls tried: 2/3352 T: 0.00 T-out: Y T-r: -185.04%
c recursive minimization cost OK: 120K cost/(% lits removed)
c [g 0] 30x185 dens: 0.2495 find: 593K (prop 74.6% confl 4.9%) elim: 102K (prop 11.1% confl 0.6%)
c [g 1] 31x1075 dens: 0.0679 find: 832 (prop 0.0% confl 0.0%) elim: 32 (prop 0.0% confl 0.0%)
c --> Executing strategy token: scc-vrepl
c [scc] new: 0 BP 0M T: 0.00
c --> Executing strategy token: sub-impl
c [impl-sub] bin: 0 T: 0.00 T-out: N w-visit: 2622
c --> Executing strategy token: breakid
c Executing OCC strategy token(s): 'occ-backw-sub-str,occ-clean-implicit,occ-bve,occ-bva,occ-ternary-res,occ-xor'
c [occ] Linked in IRRED BIN by default: 3200
c [occ] Linked in RED   BIN by default: 0
c Executing OCC strategy token: occ-backw-sub-str
c [occ-backw-sub-str-long-w-bins] subs: 0 str: 5098 tried: 3200 0-depth-assigns: 0 T: 0.00 T-out: N T-r: 97.69%
c [occ-backw-sub-long-w-long] rem cl: 978 tried: 12730/12730 (100.0%) T: 0.01 T-out: N T-r: 96.93%
c [occ-backw-sub-str-long-w-long] sub: 492 str: 1452 tried: 38190/12730 (300.0%) T: 0.02 T-out: N T-r: 93.42%
c Executing OCC strategy token: occ-clean-implicit
c Executing OCC strategy token: occ-bve
c [occ-empty-res] Empty resolvent elimed: 0 T: 0.00 T-out: N
c [occ-bve] tried:    70 v-elim:     0 free-vars: 1270 T: 0.00 T-out: N T-r: 100.00%
c [occur] link-in T: 0.00 cleanup T: 0.00 overhead T: 0.00
c [occ-xor-bve] elimed: 0 T: 0.00 T-out: N
c Executing OCC strategy token: occ-bva
c Executing OCC strategy token: occ-ternary-res
c [occ-ternary-res] Ternary res-tri: 0 res-bin: 0 sub: 0 str: 0 T: 0.00 T-out: N T-r: 99.04%
c Executing OCC strategy token: occ-xor
c [occ-xor] sort occur list T: 0.00
c [occ-xor] found      0 T: 0.00 T-out: N T-r: 100.00%
c --> Executing strategy token: card-find
c --> Executing strategy token: cl-consolidate
c [mem] not consolidating
c --> Executing strategy token: scc-vrepl
c [scc] new: 0 BP 0M T: 0.00
c --> Executing strategy token: renumber
c --> Executing strategy token: louvain-comms
c [mem] consolidate mini T: 0.00
c [timeout] global_timeout_multiplier: 3.6300
c [branch] rebuilding order heap for all branchings. Current branching: vsids
c [gauss] clauses deleted that are represented by XORs: 0 xorclauses: 62 GJ matrices: 0 T: 0.00
c [matrix] performing matrix init
c [matrix] Good   matrix  0     31 x  185  density:0.5214  xorlen avg: 96.45
c [matrix] Good   matrix  1     31 x 1075  density:0.0487  xorlen avg: 52.32
c [matrix] Using 2 matrices recovered from 62 xors T: 0.00 T-out: N
c [g  <1] Disabling GJ-elim in this round.  Usefulness was: 0.0000%  over 300 calls
c [distill] watch-based irred-- cl tried     2450 cl-sh     0 cl-rem    0 lit-rem      0 T: 0.00 T-out: N
c [distill] watch-based   red-- cl tried     7214 cl-sh  1497 cl-rem    0 lit-rem   4720 T: 0.02 T-out: N
c [sls] 4487 cls, minimum 2 T: 0.00
c rst   foc    W   vs    32   63K    1270  1225  3200    3.61    2.45  7748     0     0     0   21.74   21.74
c [branch] adjusting to: vmtf (from: vsids) var_decay:0.95
c rst   foc    W  vmt    33   63K    1270  1225  3200    3.61    2.45  7752     0     0     0   21.74   21.74
c [full-probe] bin_only: 1 set: 0 repl: 0 T: 0.00 T-out: N T-r: 99.80%
c rst   foc    W  vmt   137   73K    1270  1225  3200    3.61    2.45 12632     0     0     0   22.56   22.56
c [distill-long-red0] cls tried: 2/4288 T: 0.00 T-out: Y T-r: -1047.84%
c rst   foc    #  vmt   138   73K    1270  1225  3200    3.61    2.45 10499     0     0     0   23.97   23.97
c [distill-bin] useful/checked/potential: 0/3200/3200 lits-rem: 0 cl-rem: 0 0-depth-assigns: 0 T: 0.01 T-out: N
c rst   foc    #  vmt   433   92K    1270  1225  3200    3.61    2.45 12355     0     0     0   19.38   19.38
c [distill-long-red0] cls tried: 2/2386 T: 0.00 T-out: Y T-r: -346.49%
c [full-probe] bin_only: 0 set: 0 repl: 0 T: 0.00 T-out: N T-r: 99.08%
c [distill] watch-based irred-- cl tried     2450 cl-sh     0 cl-rem    0 lit-rem      0 T: 0.00 T-out: N
c [distill] watch-based   red-- cl tried     4790 cl-sh  1396 cl-rem    0 lit-rem   4634 T: 0.01 T-out: N
c rst   foc    B  vmt   434   92K    1270  1225  3200    3.61    2.45  8556     0     0     0   20.97   20.97
c [distill-bin] useful/checked/potential: 0/3200/3200 lits-rem: 0 cl-rem: 0 0-depth-assigns: 0 T: 0.01 T-out: N
c rst   foc    B  vmt  1802  101K    1270  1225  3200    3.61    2.45 12406     0     0     0   21.96   21.96
c [impl-str] lit bin: 0 set-var: 0 T: 0.00 T-out: N T-r: 99.97% w-visit: 2622
c [impl-sub] bin: 0 T: 0.00 T-out: N w-visit: 2622
c [sls] 4487 cls, minimum 2 T: 0.00
c rst   foc    W  vmt  1861  105K    1270  1225  3200    3.61    2.45 15827     0     0     0   21.34   21.34
c [distill-long-red0] cls tried: 2/2563 T: 0.00 T-out: Y T-r: -971.00%
c rst   foc    W  vmt  1922  117K    1270  1225  3200    3.61    2.45 14295     0     0     0   19.76   19.76
c [full-probe] bin_only: 1 set: 0 repl: 0 T: 0.00 T-out: N T-r: 99.77%
c [distill-bin] useful/checked/potential: 0/3200/3200 lits-rem: 0 cl-rem: 0 0-depth-assigns: 0 T: 0.01 T-out: N
c [distill] watch-based irred-- cl tried     2450 cl-sh     0 cl-rem    0 lit-rem      0 T: 0.00 T-out: N
c [distill] watch-based   red-- cl tried     9387 cl-sh  1746 cl-rem    0 lit-rem   3811 T: 0.03 T-out: Y
c  res  pol bran  nres  conf freevar  IrrL  IrrB l/longC  l/allC RedL0 RedL1 RedL2  RedB l/longC  l/allC
c rst   foc    F  vmt  1923  117K    1270  1225  3200    3.61    2.45 14299     0     0     0   19.50   19.50
c rst   stb    F  vmt  2316  130K    1270  1225  3200    3.61    2.45 19097     0     0     0   19.77   19.77
c [branch] adjusting to: vsids (from: vmtf) var_decay:0.95
c [distill-long-red0] cls tried: 2/4506 T: 0.01 T-out: Y T-r: -1302.27%
c rst   stb    F   vs  2317  131K    1270  1225  3200    3.61    2.45 10316     0     0     0   21.80   21.80
c rst   stb    I   vs  2318  132K    1270  1225  3200    3.61    2.45 11341     0     0     0   21.68   21.68
c recursive minimization cost OK: 166K cost/(% lits removed)
c [g 0] 30x185 dens: 0.2281 find: 914K (prop 73.7% confl 4.3%) elim: 202K (prop 12.7% confl 0.5%)
c [g 1] 31x1075 dens: 0.0875 find: 240 (prop 0.0% confl 0.0%) elim: 6 (prop 0.0% confl 0.0%)
c --> Executing strategy token: scc-vrepl
c [scc] new: 0 BP 0M T: 0.00
c --> Executing strategy token: sub-impl
c [impl-sub] bin: 0 T: 0.00 T-out: N w-visit: 2622
c --> Executing strategy token: breakid
c Executing OCC strategy token(s): 'occ-backw-sub-str,occ-clean-implicit,occ-bve,occ-bva,occ-ternary-res,occ-xor'
c [occ] Linked in IRRED BIN by default: 3200
c [occ] Linked in RED   BIN by default: 0
c Executing OCC strategy token: occ-backw-sub-str
c [occ-backw-sub-str-long-w-bins] subs: 0 str: 1286 tried: 6400 0-depth-assigns: 0 T: 0.00 T-out: N T-r: 98.36%
c [occ-backw-sub-long-w-long] rem cl: 453 tried: 14864/14864 (100.0%) T: 0.00 T-out: N T-r: 97.72%
c [occ-backw-sub-str-long-w-long] sub: 66 str: 473 tried: 44592/14864 (300.0%) T: 0.02 T-out: N T-r: 93.62%
c Executing OCC strategy token: occ-clean-implicit
c Executing OCC strategy token: occ-bve
c [occ-empty-res] Empty resolvent elimed: 0 T: 0.00 T-out: N
c [occ-bve] tried:    70 v-elim:     0 free-vars: 1270 T: 0.00 T-out: N T-r: 100.00%
c [occur] link-in T: 0.00 cleanup T: 0.00 overhead T: 0.00
c [occ-xor-bve] elimed: 0 T: 0.00 T-out: N
c Executing OCC strategy token: occ-bva
c Executing OCC strategy token: occ-ternary-res
c [occ-ternary-res] Ternary res-tri: 0 res-bin: 0 sub: 0 str: 0 T: 0.00 T-out: N T-r: 99.96%
c Executing OCC strategy token: occ-xor
c [occ-xor] sort occur list T: 0.00
c [occ-xor] found      0 T: 0.00 T-out: N T-r: 100.00%
c --> Executing strategy token: card-find
c --> Executing strategy token: cl-consolidate
c [mem] not consolidating
c --> Executing strategy token: scc-vrepl
c [scc] new: 0 BP 0M T: 0.00
c --> Executing strategy token: renumber
c --> Executing strategy token: louvain-comms
c [mem] consolidate mini T: 0.00
c [timeout] global_timeout_multiplier: 3.9930
c [branch] rebuilding order heap for all branchings. Current branching: vsids
c [gauss] clauses deleted that are represented by XORs: 0 xorclauses: 62 GJ matrices: 0 T: 0.00
c [matrix] performing matrix init
c [matrix] Good   matrix  0     31 x  185  density:0.5214  xorlen avg: 96.45
c [matrix] Good   matrix  1     31 x 1075  density:0.0487  xorlen avg: 52.32
c [matrix] Using 2 matrices recovered from 62 xors T: 0.00 T-out: N
c [g  <1] Disabling GJ-elim in this round.  Usefulness was: 0.0000%  over 1214 calls
c [full-probe] bin_only: 0 set: 0 repl: 0 T: 0.00 T-out: N T-r: 98.46%
c [distill-bin] useful/checked/potential: 0/3200/3200 lits-rem: 0 cl-rem: 0 0-depth-assigns: 0 T: 0.01 T-out: N
c rst   stb    I   vs  2325  142K    1270  1225  3200    3.61    2.45 14159     0     0     0   22.52   22.52
c [distill-long-red0] cls tried: 2/4622 T: 0.00 T-out: Y T-r: -776.98%
c [distill] watch-based irred-- cl tried     2450 cl-sh     0 cl-rem    0 lit-rem      0 T: 0.00 T-out: N
c [distill] watch-based   red-- cl tried     8978 cl-sh  1870 cl-rem    0 lit-rem   5058 T: 0.03 T-out: Y
c rst   stb    B   vs  2327  166K    1270  1225  3200    3.61    2.45   20K     0     0     0   22.09   22.09
c [distill-long-red0] cls tried: 2/6240 T: 0.01 T-out: Y T-r: -519.31%
c [full-probe] bin_only: 1 set: 0 repl: 0 T: 0.00 T-out: N T-r: 99.77%
c [distill-bin] useful/checked/potential: 0/3200/3200 lits-rem: 0 cl-rem: 0 0-depth-assigns: 0 T: 0.01 T-out: N
c [impl-str] lit bin: 0 set-var: 0 T: 0.00 T-out: N T-r: 99.97% w-visit: 2622
c [impl-sub] bin: 0 T: 0.00 T-out: N w-visit: 2622
c [sls] 4487 cls, minimum 2 T: 0.00
c rst   stb    W   vs  2328  167K    1270  1225  3200    3.61    2.45   20K     0     0     0   23.02   23.02
c rst   stb    W   vs  2334  179K    1270  1225  3200    3.61    2.45 13978     0     0     0   22.35   22.35
c [distill] watch-based irred-- cl tried     2450 cl-sh     0 cl-rem    0 lit-rem      0 T: 0.00 T-out: N
c [distill] watch-based   red-- cl tried     6926 cl-sh  1262 cl-rem    0 lit-rem   2506 T: 0.02 T-out: N
c [distill-long-red0] cls tried: 3/3458 T: 0.00 T-out: Y T-r: -1504.53%
c rst   stb    O   vs  2338  184K    1270  1225  3200    3.61    2.45 19066     0     0     0   22.92   22.92
c [full-probe] bin_only: 0 set: 0 repl: 0 T: 0.00 T-out: N T-r: 98.54%
c [distill-bin] useful/checked/potential: 0/3200/3200 lits-rem: 0 cl-rem: 0 0-depth-assigns: 0 T: 0.01 T-out: N
c rst   stb    O   vs  2342  199K    1270  1225  3200    3.61    2.45   24K     0     0     0   23.45   23.45
c [distill-long-red0] cls tried: 2/3504 T: 0.00 T-out: Y T-r: -633.27%
c rst   stb    B   vs  2344  201K    1270  1225  3200    3.61    2.45 16189     0     0     0   23.95   23.95
c [distill] watch-based irred-- cl tried     2450 cl-sh     0 cl-rem    0 lit-rem      0 T: 0.00 T-out: N
c [distill] watch-based   red-- cl tried     7078 cl-sh   135 cl-rem    0 lit-rem    454 T: 0.02 T-out: N
c [full-probe] bin_only: 1 set: 0 repl: 0 T: 0.00 T-out: N T-r: 99.75%
c [distill-bin] useful/checked/potential: 0/3200/3200 lits-rem: 0 cl-rem: 0 0-depth-assigns: 0 T: 0.02 T-out: N
c rst   stb    B   vs  2349  211K    1270  1225  3200    3.61    2.45 15765     0     0     0   22.02   22.02
c [distill-long-red0] cls tried: 2/4250 T: 0.01 T-out: Y T-r: -1777.87%
c rst   stb    B   vs  2355  220K    1270  1225  3200    3.61    2.45   23K     0     0     0   22.16   22.16
c [sls] 4487 cls, minimum 2 T: 0.00
c rst   stb    W   vs  2356  224K    1270  1225  3200    3.61    2.45 16834     0     0     0   21.22   21.22
c [distill-long-red0] cls tried: 2/5506 T: 0.00 T-out: Y T-r: -858.40%
c [full-probe] bin_only: 0 set: 0 repl: 0 T: 0.00 T-out: N T-r: 98.35%
c [distill-bin] useful/checked/potential: 0/3200/3200 lits-rem: 0 cl-rem: 0 0-depth-assigns: 0 T: 0.01 T-out: N
c [distill] watch-based irred-- cl tried     2450 cl-sh     0 cl-rem    0 lit-rem      0 T: 0.00 T-out: N
c [distill] watch-based   red-- cl tried     8431 cl-sh   828 cl-rem    0 lit-rem   2037 T: 0.03 T-out: Y
c [impl-str] lit bin: 0 set-var: 0 T: 0.00 T-out: N T-r: 99.97% w-visit: 2622
c [impl-sub] bin: 0 T: 0.00 T-out: N w-visit: 2622
c rst   stb    W   vs  2358  244K    1270  1225  3200    3.61    2.45   25K     0     0     0   20.60   20.60
c recursive minimization cost OK: 203K cost/(% lits removed)
c [g 0] 30x185 dens: 0.2119 find: 1234K (prop 73.9% confl 4.6%) elim: 214K (prop 13.0% confl 0.5%)
c [g 1] 31x1075 dens: 0.0857 find: 810 (prop 0.0% confl 0.0%) elim: 42 (prop 0.0% confl 0.0%)
c --> Executing strategy token: scc-vrepl
c [scc] new: 0 BP 0M T: 0.00
c --> Executing strategy token: sub-impl
c [impl-sub] bin: 0 T: 0.00 T-out: N w-visit: 2622
c --> Executing strategy token: breakid
c Executing OCC strategy token(s): 'occ-backw-sub-str,occ-clean-implicit,occ-bve,occ-bva,occ-ternary-res,occ-xor'
c [occ] Linked in IRRED BIN by default: 3200
c [occ] Linked in RED   BIN by default: 0
c Executing OCC strategy token: occ-backw-sub-str
c [occ-backw-sub-str-long-w-bins] subs: 0 str: 3516 tried: 9600 0-depth-assigns: 0 T: 0.00 T-out: N T-r: 97.76%
c [occ-backw-sub-long-w-long] rem cl: 883 tried: 26329/26329 (100.0%) T: 0.01 T-out: N T-r: 93.60%
c [occ-backw-sub-str-long-w-long] sub: 251 str: 576 tried: 78987/26329 (300.0%) T: 0.05 T-out: N T-r: 87.49%
c Executing OCC strategy token: occ-clean-implicit
c Executing OCC strategy token: occ-bve
c [occ-empty-res] Empty resolvent elimed: 0 T: 0.00 T-out: N
c [occ-bve] tried:    70 v-elim:     0 free-vars: 1270 T: 0.00 T-out: N T-r: 100.00%
c [occur] link-in T: 0.01 cleanup T: 0.00 overhead T: 0.01
c [occ-xor-bve] elimed: 0 T: 0.00 T-out: N
c Executing OCC strategy token: occ-bva
c Executing OCC strategy token: occ-ternary-res
c [occ-ternary-res] Ternary res-tri: 0 res-bin: 0 sub: 0 str: 0 T: 0.00 T-out: N T-r: 99.93%
c Executing OCC strategy token: occ-xor
c [occ-xor] sort occur list T: 0.00
c [occ-xor] found      0 T: 0.00 T-out: N T-r: 99.99%
c --> Executing strategy token: card-find
c --> Executing strategy token: cl-consolidate
c [mem] not consolidating
c --> Executing strategy token: scc-vrepl
c [scc] new: 0 BP 0M T: 0.00
c --> Executing strategy token: renumber
c --> Executing strategy token: louvain-comms
c [mem] consolidate mini T: 0.00
c [timeout] global_timeout_multiplier: 4.3923
c [branch] rebuilding order heap for all branchings. Current branching: vsids
c [gauss] clauses deleted that are represented by XORs: 0 xorclauses: 62 GJ matrices: 0 T: 0.00
c [matrix] performing matrix init
c [matrix] Good   matrix  0     31 x  185  density:0.5214  xorlen avg: 96.45
c [matrix] Good   matrix  1     31 x 1075  density:0.0487  xorlen avg: 52.32
c [matrix] Using 2 matrices recovered from 62 xors T: 0.00 T-out: N
c [g  <1] Disabling GJ-elim in this round.  Usefulness was: 0.0586%  over 1707 calls
c rst   stb    I   vs  2359  245K    1270  1225  3200    3.61    2.45   24K     0     0     0   20.67   20.67
c [distill-long-red0] cls tried: 2/4589 T: 0.00 T-out: Y T-r: -1455.16%
c rst   foc    I   vs  2361  255K    1270  1225  3200    3.61    2.45   24K     0     0     0   24.27   24.27
c [branch] adjusting to: vmtf (from: vsids) var_decay:0.95
c [full-probe] bin_only: 1 set: 0 repl: 0 T: 0.00 T-out: N T-r: 99.69%
c [distill-bin] useful/checked/potential: 0/3200/3200 lits-rem: 0 cl-rem: 0 0-depth-assigns: 0 T: 0.01 T-out: N
c rst   foc    I  vmt  2362  255K    1270  1225  3200    3.61    2.45   24K     0     0     0   24.27   24.27
c rst   foc    I  vmt  2423  263K    1270  1225  3200    3.61    2.45   21K     0     0     0   23.16   23.16
c [distill] watch-based irred-- cl tried     2450 cl-sh     0 cl-rem    0 lit-rem      0 T: 0.00 T-out: N
c [distill] watch-based   red-- cl tried    10656 cl-sh   680 cl-rem    0 lit-rem   1185 T: 0.03 T-out: Y
c [distill-long-red0] cls tried: 2/4653 T: 0.01 T-out: Y T-r: -634.47%
c rst   foc    B  vmt  2567  264K    1270  1225  3200    3.61    2.45   20K     0     0     0   23.66   23.66
c  res  pol bran  nres  conf freevar  IrrL  IrrB l/longC  l/allC RedL0 RedL1 RedL2  RedB l/longC  l/allC
c rst   foc    B  vmt  3093  274K    1270  1225  3200    3.61    2.45 18853     0     0     0   20.56   20.56
c [full-probe] bin_only: 0 set: 0 repl: 0 T: 0.00 T-out: N T-r: 98.65%
c [distill-bin] useful/checked/potential: 0/3200/3200 lits-rem: 0 cl-rem: 0 0-depth-assigns: 0 T: 0.01 T-out: N
c [distill-long-red0] cls tried: 2/4817 T: 0.00 T-out: Y T-r: -729.42%
c rst   foc    B  vmt  3584  282K    1270  1225  3200    3.61    2.45   27K     0     0     0   20.24   20.24
c [sls] 4487 cls, minimum 2 T: 0.00
c rst   foc    W  vmt  3845  285K    1270  1225  3200    3.61    2.45 18147     0     0     0   19.94   19.94
c [distill] watch-based irred-- cl tried     2450 cl-sh     0 cl-rem    0 lit-rem      0 T: 0.00 T-out: N
c [distill] watch-based   red-- cl tried     8292 cl-sh   271 cl-rem    0 lit-rem    514 T: 0.02 T-out: N
c rst   foc    W  vmt  3919  295K    1270  1225  3200    3.61    2.45   27K     0     0     0   20.01   20.01
c [distill-long-red0] cls tried: 2/4134 T: 0.00 T-out: Y T-r: -1708.67%
c [impl-str] lit bin: 0 set-var: 0 T: 0.00 T-out: N T-r: 99.97% w-visit: 2622
c [impl-sub] bin: 0 T: 0.00 T-out: N w-visit: 2622
c [full-probe] bin_only: 1 set: 0 repl: 0 T: 0.00 T-out: N T-r: 99.81%
c [distill-bin] useful/checked/potential: 0/3200/3200 lits-rem: 0 cl-rem: 0 0-depth-assigns: 0 T: 0.01 T-out: N
c rst   foc    W  vmt  4193  303K    1270  1225  3200    3.61    2.45   23K     0     0     0   20.03   20.03
c rst   foc    #  vmt  4309  307K    1270  1225  3200    3.61    2.45   28K     0     0     0   19.59   19.59
c [distill-long-red0] cls tried: 2/5366 T: 0.01 T-out: Y T-r: -902.24%
c rst   foc    #  vmt  5014  343K    1270  1225  3200    3.61    2.45   24K     0     0     1   27.11   27.11
c [distill-long-red0] cls tried: 3/4735 T: 0.01 T-out: Y T-r: -856.84%
c [full-probe] bin_only: 0 set: 0 repl: 0 T: 0.00 T-out: N T-r: 98.73%
c [distill-bin] useful/checked/potential: 0/3200/3200 lits-rem: 0 cl-rem: 0 0-depth-assigns: 0 T: 0.02 T-out: N
c [distill] watch-based irred-- cl tried     2450 cl-sh     0 cl-rem    0 lit-rem      0 T: 0.00 T-out: N
c [distill] watch-based   red-- cl tried     9405 cl-sh  2028 cl-rem    0 lit-rem   7161 T: 0.03 T-out: Y
c rst   foc    B  vmt  5015  343K    1270  1225  3200    3.61    2.45 14847     0     0     1   33.20   33.20
c rst   foc    B  vmt  6802  352K    1270  1225  3200    3.61    2.45   23K     0     0     1   34.34   34.34
c [distill-long-red0] cls tried: 2/4453 T: 0.01 T-out: Y T-r: -978.36%
c [impl-str] lit bin: 0 set-var: 0 T: 0.00 T-out: N T-r: 99.97% w-visit: 2622
c [impl-sub] bin: 0 T: 0.00 T-out: N w-visit: 2622
c rst   foc    B  vmt  7430  364K    1270  1225  3200    3.61    2.45   24K     0     0     2   33.94   33.94
c [full-probe] bin_only: 1 set: 0 repl: 0 T: 0.00 T-out: N T-r: 99.58%
c [distill-bin] useful/checked/potential: 0/3200/3200 lits-rem: 0 cl-rem: 0 0-depth-assigns: 0 T: 0.03 T-out: N
c [sls] 4487 cls, minimum 2 T: 0.00
c rst   foc    W  vmt  8344  367K    1270  1225  3200    3.61    2.45 18416     0     0     2   30.02   30.01
c [distill] watch-based irred-- cl tried     2450 cl-sh     0 cl-rem    0 lit-rem      0 T: 0.00 T-out: N
c [distill] watch-based   red-- cl tried     8459 cl-sh   645 cl-rem    0 lit-rem   1552 T: 0.03 T-out: Y
c [distill-long-red0] cls tried: 2/3878 T: 0.00 T-out: Y T-r: -2054.29%
c rst   foc    W  vmt  9561  376K    1270  1225  3200    3.61    2.45   26K     0     0     2   27.47   27.47
c rst   foc    W  vmt  9825  384K    1270  1225  3200    3.61    2.45   21K     0     0     2   21.45   21.45
c [full-probe] bin_only: 0 set: 0 repl: 0 T: 0.00 T-out: N T-r: 98.77%
c [distill-bin] useful/checked/potential: 0/3200/3200 lits-rem: 0 cl-rem: 0 0-depth-assigns: 0 T: 0.01 T-out: N
c [distill-long-red0] cls tried: 2/4240 T: 0.00 T-out: Y T-r: -5010.69%
c rst   foc    W  vmt 10261  393K    1270  1225  3200    3.61    2.45   29K     0     0     2   20.67   20.67
c rst   foc    F  vmt 10262  393K    1270  1225  3200    3.61    2.45   29K     0     0     2   20.67   20.67
c [distill] watch-based irred-- cl tried     2450 cl-sh     0 cl-rem    0 lit-rem      0 T: 0.00 T-out: N
c [distill] watch-based   red-- cl tried     7492 cl-sh   240 cl-rem    0 lit-rem    611 T: 0.03 T-out: Y
c recursive minimization cost OK: 525K cost/(% lits removed)
c [g 0] 30x185 dens: 0.2677 find: 1452K (prop 56.9% confl 3.6%) elim: 548K (prop 5.8% confl 0.3%)
c [g 1] 31x1075 dens: 0.0869 find: 1182 (prop 0.1% confl 0.0%) elim: 86 (prop 0.0% confl 0.0%)
c --> Executing strategy token: scc-vrepl
c [scc] new: 0 BP 0M T: 0.00
c --> Executing strategy token: sub-impl
c [impl-sub] bin: 0 T: 0.00 T-out: N w-visit: 2622
c --> Executing strategy token: breakid
c Executing OCC strategy token(s): 'occ-backw-sub-str,occ-clean-implicit,occ-bve,occ-bva,occ-ternary-res,occ-xor'
c [occ] Linked in IRRED BIN by default: 3200
c [occ] Linked in RED   BIN by default: 2
c Executing OCC strategy token: occ-backw-sub-str
c [occ-backw-sub-str-long-w-bins] subs: 0 str: 3171 tried: 12802 0-depth-assigns: 0 T: 0.01 T-out: N T-r: 97.24%
c [occ-backw-sub-long-w-long] rem cl: 2403 tried: 21371/21371 (100.0%) T: 0.01 T-out: N T-r: 95.70%
c [occ-backw-sub-str-long-w-long] sub: 34 str: 172 tried: 64113/21371 (300.0%) T: 0.03 T-out: N T-r: 91.05%
c Executing OCC strategy token: occ-clean-implicit
c Executing OCC strategy token: occ-bve
c [occ-empty-res] Empty resolvent elimed: 0 T: 0.00 T-out: N
c [occ-bve] tried:    70 v-elim:     0 free-vars: 1270 T: 0.00 T-out: N T-r: 100.00%
c [occur] link-in T: 0.01 cleanup T: 0.00 overhead T: 0.01
c [occ-xor-bve] elimed: 0 T: 0.00 T-out: N
c Executing OCC strategy token: occ-bva
c Executing OCC strategy token: occ-ternary-res
c [occ-ternary-res] Ternary res-tri: 0 res-bin: 0 sub: 0 str: 0 T: 0.00 T-out: N T-r: 99.95%
c Executing OCC strategy token: occ-xor
c [occ-xor] sort occur list T: 0.00
c [occ-xor] found      0 T: 0.00 T-out: N T-r: 99.99%
c --> Executing strategy token: card-find
c --> Executing strategy token: cl-consolidate
c [mem] not consolidating
c --> Executing strategy token: scc-vrepl
c [scc] new: 0 BP 0M T: 0.00
c --> Executing strategy token: renumber
c --> Executing strategy token: louvain-comms
c [mem] consolidate mini T: 0.00
c [timeout] global_timeout_multiplier: 4.8315
c [branch] rebuilding order heap for all branchings. Current branching: vmtf
c [gauss] clauses deleted that are represented by XORs: 0 xorclauses: 62 GJ matrices: 0 T: 0.00
c [matrix] performing matrix init
c [matrix] Good   matrix  0     31 x  185  density:0.5214  xorlen avg: 96.45
c [matrix] Good   matrix  1     31 x 1075  density:0.0487  xorlen avg: 52.32
c [matrix] Using 2 matrices recovered from 62 xors T: 0.00 T-out: N
c [g  <1] Disabling GJ-elim in this round.  Usefulness was: 19.0476%  over 6111 calls
c rst   foc    F  vmt 10730  405K    1270  1225  3200    3.61    2.45   25K     0     0     2   21.98   21.98
c [distill-long-red0] cls tried: 2/5857 T: 0.01 T-out: Y T-r: -2312.76%
c [full-probe] bin_only: 1 set: 0 repl: 0 T: 0.00 T-out: N T-r: 99.70%
c [distill-bin] useful/checked/potential: 0/3200/3200 lits-rem: 0 cl-rem: 0 0-depth-assigns: 0 T: 0.02 T-out: N
c rst   foc    F  vmt 11421  413K    1270  1225  3200    3.61    2.45 19258     0     0     2   22.66   22.65
c [distill] watch-based irred-- cl tried     2450 cl-sh     0 cl-rem    0 lit-rem      0 T: 0.00 T-out: N
c [distill] watch-based   red-- cl tried    10606 cl-sh  1108 cl-rem    0 lit-rem   3106 T: 0.04 T-out: Y
c rst   foc    B  vmt 11468  419K    1270  1225  3200    3.61    2.45   25K     0     0     2   21.26   21.26
c rst   foc    B  vmt 11475  435K    1270  1225  3200    3.61    2.45   26K     0     0     2   18.20   18.20
c [distill-long-red0] cls tried: 2/5700 T: 0.01 T-out: Y T-r: -2434.28%
c [full-probe] bin_only: 0 set: 0 repl: 0 T: 0.00 T-out: N T-r: 98.76%
c [distill-bin] useful/checked/potential: 0/3200/3200 lits-rem: 0 cl-rem: 0 0-depth-assigns: 0 T: 0.01 T-out: N
c [impl-str] lit bin: 0 set-var: 0 T: 0.00 T-out: N T-r: 99.98% w-visit: 2622
c [impl-sub] bin: 0 T: 0.00 T-out: N w-visit: 2622
c rst   foc    B  vmt 11519  459K    1270  1225  3200    3.61    2.45   32K     0     0     2   18.30   18.30
c [distill-long-red0] cls tried: 2/5532 T: 0.01 T-out: Y T-r: -339.00%
c [full-probe] bin_only: 1 set: 0 repl: 0 T: 0.00 T-out: N T-r: 99.78%
c [distill-bin] useful/checked/potential: 0/3200/3200 lits-rem: 0 cl-rem: 0 0-depth-assigns: 0 T: 0.02 T-out: N
c [distill] watch-based irred-- cl tried     2450 cl-sh     0 cl-rem    0 lit-rem      0 T: 0.00 T-out: N
c [distill] watch-based   red-- cl tried     9178 cl-sh   816 cl-rem    0 lit-rem   2709 T: 0.04 T-out: Y
c [sls] 4487 cls, minimum 2 T: 0.00
c  res  pol bran  nres  conf freevar  IrrL  IrrB l/longC  l/allC RedL0 RedL1 RedL2  RedB l/longC  l/allC
c rst   foc    W  vmt 11520  459K    1270  1225  3200    3.61    2.45   24K     0     0     2   20.02   20.02
c rst   foc    W  vmt 11657  475K    1270  1225  3200    3.61    2.45   28K     0     0     2   20.59   20.58
c [distill-long-red0] cls tried: 2/4734 T: 0.01 T-out: Y T-r: -3891.09%
c rst   foc    W  vmt 11715  501K    1270  1225  3200    3.61    2.45   27K     0     0     2   20.82   20.82
c [distill-long-red0] cls tried: 2/5905 T: 0.01 T-out: Y T-r: -1154.91%
c [full-probe] bin_only: 0 set: 0 repl: 0 T: 0.00 T-out: N T-r: 99.01%
c [distill-bin] useful/checked/potential: 0/3200/3200 lits-rem: 0 cl-rem: 0 0-depth-assigns: 0 T: 0.01 T-out: N
c [distill] watch-based irred-- cl tried     2450 cl-sh     0 cl-rem    0 lit-rem      0 T: 0.00 T-out: N
c [distill] watch-based   red-- cl tried    10012 cl-sh  1627 cl-rem    0 lit-rem   7988 T: 0.04 T-out: Y
c [impl-str] lit bin: 0 set-var: 0 T: 0.00 T-out: N T-r: 99.98% w-visit: 2622
c [impl-sub] bin: 0 T: 0.00 T-out: N w-visit: 2622
c rst   foc    #  vmt 11716  501K    1270  1225  3200    3.61    2.45 16908     0     0     2   24.58   24.58
c rst   foc    #  vmt 13710  509K    1270  1225  3200    3.61    2.45   25K     0     0     2   22.48   22.48
c rst   stb    #  vmt 14090  511K    1270  1225  3200    3.61    2.45   26K     0     0     2   22.21   22.20
c [branch] adjusting to: vsids (from: vmtf) var_decay:0.95
c rst   stb    #   vs 14091  537K    1270  1225  3200    3.61    2.45   28K     0     0     2   24.99   24.99
c [distill-long-red0] cls tried: 2/10877 T: 0.01 T-out: Y T-r: -794.36%
c [full-probe] bin_only: 1 set: 0 repl: 0 T: 0.00 T-out: N T-r: 99.76%
c [distill-bin] useful/checked/potential: 0/3200/3200 lits-rem: 0 cl-rem: 0 0-depth-assigns: 0 T: 0.01 T-out: N
c [distill] watch-based irred-- cl tried     2450 cl-sh     0 cl-rem    0 lit-rem      0 T: 0.00 T-out: N
c [distill] watch-based   red-- cl tried     7647 cl-sh  1236 cl-rem    0 lit-rem   4502 T: 0.04 T-out: Y
c rst   stb    B   vs 14092  538K    1270  1225  3200    3.61    2.45   29K     0     0     2   24.90   24.90
c rst   stb    B   vs 14098  549K    1270  1225  3200    3.61    2.45   24K     0     0     2   24.06   24.05
c [distill-long-red0] cls tried: 2/6628 T: 0.01 T-out: Y T-r: -992.29%
c [full-probe] bin_only: 0 set: 0 repl: 0 T: 0.01 T-out: N T-r: 98.16%
c [distill-bin] useful/checked/potential: 0/3200/3200 lits-rem: 0 cl-rem: 0 0-depth-assigns: 0 T: 0.02 T-out: N
c rst   stb    B   vs 14105  562K    1270  1225  3200    3.61    2.45   36K     0     0     2   23.47   23.47
c [impl-str] lit bin: 0 set-var: 0 T: 0.00 T-out: N T-r: 99.97% w-visit: 2622
c [impl-sub] bin: 0 T: 0.00 T-out: N w-visit: 2622
c [distill-long-red0] cls tried: 2/5816 T: 0.00 T-out: Y T-r: -1481.02%
c [distill] watch-based irred-- cl tried     2450 cl-sh     0 cl-rem    0 lit-rem      0 T: 0.00 T-out: N
c [distill] watch-based   red-- cl tried     9361 cl-sh   754 cl-rem    0 lit-rem   2917 T: 0.04 T-out: Y
c [sls] 4487 cls, minimum 2 T: 0.00
c rst   stb    W   vs 14107  571K    1270  1225  3200    3.61    2.45   28K     0     0     2   23.36   23.36
c [full-probe] bin_only: 1 set: 0 repl: 0 T: 0.00 T-out: N T-r: 99.76%
c [distill-bin] useful/checked/potential: 0/3200/3200 lits-rem: 0 cl-rem: 0 0-depth-assigns: 0 T: 0.02 T-out: N
c rst   stb    W   vs 14113  582K    1270  1225  3200    3.61    2.45   39K     0     0     2   23.32   23.32
c [distill-long-red0] cls tried: 3/6833 T: 0.01 T-out: Y T-r: -1769.04%
c rst   stb    W   vs 14120  594K    1270  1225  3200    3.61    2.45   33K     0     0     5   30.21   30.21
c [distill-long-red0] cls tried: 6/8353 T: 0.01 T-out: Y T-r: -1130.00%
c [full-probe] bin_only: 0 set: 0 repl: 0 T: 0.00 T-out: N T-r: 98.23%
c [distill-bin] useful/checked/potential: 0/3200/3200 lits-rem: 0 cl-rem: 0 0-depth-assigns: 0 T: 0.03 T-out: N
c [distill] watch-based irred-- cl tried     2450 cl-sh     0 cl-rem    0 lit-rem      0 T: 0.00 T-out: N
c [distill] watch-based   red-- cl tried    10593 cl-sh  1155 cl-rem    0 lit-rem   4398 T: 0.04 T-out: Y
c rst   stb    O   vs 14122  612K    1270  1225  3200    3.61    2.45   33K     0     0     5   50.98   50.97
c recursive minimization cost OK: 625K cost/(% lits removed)
c [g 0] 30x185 dens: 0.1714 find: 2249K (prop 78.5% confl 4.4%) elim: 257K (prop 11.9% confl 0.4%)
c [g 1] 31x1075 dens: 0.0655 find: 4154 (prop 24.5% confl 2.7%) elim: 307 (prop 9.8% confl 0.7%)
c --> Executing strategy token: scc-vrepl
c [scc] new: 0 BP 0M T: 0.00
c --> Executing strategy token: sub-impl
c [impl-sub] bin: 0 T: 0.00 T-out: N w-visit: 2622
c --> Executing strategy token: breakid
c Executing OCC strategy token(s): 'occ-backw-sub-str,occ-clean-implicit,occ-bve,occ-bva,occ-ternary-res,occ-xor'
c [occ] Linked in IRRED BIN by default: 3200
c [occ] Linked in RED   BIN by default: 5
c Executing OCC strategy token: occ-backw-sub-str
c [occ-backw-sub-str-long-w-bins] subs: 0 str: 3456 tried: 16007 0-depth-assigns: 0 T: 0.00 T-out: N T-r: 96.73%
c [occ-backw-sub-long-w-long] rem cl: 819 tried: 34462/34462 (100.0%) T: 0.01 T-out: N T-r: 97.48%
c [occ-backw-sub-str-long-w-long] sub: 104 str: 632 tried: 103386/34462 (300.0%) T: 0.05 T-out: N T-r: 92.08%
c Executing OCC strategy token: occ-clean-implicit
c Executing OCC strategy token: occ-bve
c [occ-empty-res] Empty resolvent elimed: 0 T: 0.00 T-out: N
c [occ-bve] tried:    70 v-elim:     0 free-vars: 1270 T: 0.00 T-out: N T-r: 100.00%
c [occur] link-in T: 0.03 cleanup T: 0.00 overhead T: 0.03
c [occ-xor-bve] elimed: 0 T: 0.00 T-out: N
c Executing OCC strategy token: occ-bva
c Executing OCC strategy token: occ-ternary-res
c [occ-ternary-res] Ternary res-tri: 0 res-bin: 0 sub: 0 str: 0 T: 0.00 T-out: N T-r: 99.93%
c Executing OCC strategy token: occ-xor
c [occ-xor] sort occur list T: 0.00
c [occ-xor] found      0 T: 0.00 T-out: N T-r: 99.99%
c --> Executing strategy token: card-find
c --> Executing strategy token: cl-consolidate
c [mem] not consolidating
c --> Executing strategy token: scc-vrepl
c [scc] new: 0 BP 0M T: 0.00
c --> Executing strategy token: renumber
c --> Executing strategy token: louvain-comms
c [mem] consolidate mini T: 0.00
c [timeout] global_timeout_multiplier: 5.3147
c [branch] rebuilding order heap for all branchings. Current branching: vsids
c [gauss] clauses deleted that are represented by XORs: 0 xorclauses: 62 GJ matrices: 0 T: 0.00
c [matrix] performing matrix init
c [matrix] Good   matrix  0     31 x  185  density:0.5214  xorlen avg: 96.45
c [matrix] Good   matrix  1     31 x 1075  density:0.0487  xorlen avg: 52.32
c [matrix] Using 2 matrices recovered from 62 xors T: 0.00 T-out: N
c [g  <0] Disabling GJ-elim in this round.  Usefulness was: 0.0000%  over 1087 calls
c [distill-long-red0] cls tried: 2/6976 T: 0.01 T-out: Y T-r: -3613.82%
c rst   stb    O   vs 14127  623K    1270  1225  3200    3.61    2.45   42K     0     0     5   64.36   64.35
c [full-probe] bin_only: 1 set: 0 repl: 0 T: 0.00 T-out: N T-r: 99.85%
c [distill-bin] useful/checked/potential: 0/3200/3200 lits-rem: 0 cl-rem: 0 0-depth-assigns: 0 T: 0.06 T-out: N
c [impl-str] lit bin: 0 set-var: 0 T: 0.00 T-out: N T-r: 99.97% w-visit: 2622
c [impl-sub] bin: 0 T: 0.00 T-out: N w-visit: 2622
c [distill] watch-based irred-- cl tried     2450 cl-sh     0 cl-rem    0 lit-rem      0 T: 0.00 T-out: N
c [distill] watch-based   red-- cl tried    12461 cl-sh   137 cl-rem    0 lit-rem    595 T: 0.04 T-out: Y
c rst   stb    O   vs 14133  633K    1270  1225  3200    3.61    2.45   35K     0     0     5   77.69   77.68
c [distill-long-red0] cls tried: 2/7166 T: 0.01 T-out: Y T-r: -1395.87%
c rst   stb    B   vs 14135  636K    1270  1225  3200    3.61    2.45   38K     0     0     5   75.49   75.49
c [full-probe] bin_only: 0 set: 0 repl: 0 T: 0.00 T-out: N T-r: 99.02%
c [distill-bin] useful/checked/potential: 0/3200/3200 lits-rem: 0 cl-rem: 0 0-depth-assigns: 0 T: 0.02 T-out: N
c rst   stb    B   vs 14139  652K    1270  1225  3200    3.61    2.45   34K     0     0     6   51.63   51.62
c [distill-long-red0] cls tried: 2/9795 T: 0.01 T-out: Y T-r: -1649.16%
c [distill] watch-based irred-- cl tried     2450 cl-sh     0 cl-rem    0 lit-rem      0 T: 0.00 T-out: N
c [distill] watch-based   red-- cl tried    12568 cl-sh  1337 cl-rem    0 lit-rem   4971 T: 0.05 T-out: Y
c rst   stb    B   vs 14146  664K    1270  1225  3200    3.61    2.45   27K     0     0     6   33.09   33.09
c [full-probe] bin_only: 1 set: 0 repl: 0 T: 0.00 T-out: N T-r: 99.88%
c [distill-bin] useful/checked/potential: 0/3200/3200 lits-rem: 0 cl-rem: 0 0-depth-assigns: 0 T: 0.03 T-out: N
c [distill-long-red0] cls tried: 2/9644 T: 0.01 T-out: Y T-r: -1411.49%
c [sls] 4487 cls, minimum 2 T: 0.00
c rst   stb    W   vs 14151  670K    1270  1225  3200    3.61    2.45   32K     0     0     6   34.28   34.27
c  res  pol bran  nres  conf freevar  IrrL  IrrB l/longC  l/allC RedL0 RedL1 RedL2  RedB l/longC  l/allC
c rst   stb    W   vs 14154  685K    1270  1225  3200    3.61    2.45   28K     0     0     6   39.37   39.36
c [distill-long-red0] cls tried: 2/8033 T: 0.01 T-out: Y T-r: -1338.22%
c [full-probe] bin_only: 0 set: 0 repl: 0 T: 0.01 T-out: N T-r: 98.77%
c [distill-bin] useful/checked/potential: 0/3200/3200 lits-rem: 0 cl-rem: 0 0-depth-assigns: 0 T: 0.03 T-out: N
c [distill] watch-based irred-- cl tried     2450 cl-sh     0 cl-rem    0 lit-rem      0 T: 0.00 T-out: N
c [distill] watch-based   red-- cl tried    12935 cl-sh  1029 cl-rem    0 lit-rem   5434 T: 0.05 T-out: Y
c [impl-str] lit bin: 0 set-var: 0 T: 0.00 T-out: N T-r: 99.98% w-visit: 2622
c [impl-sub] bin: 0 T: 0.00 T-out: N w-visit: 2622
c rst   stb    W   vs 14155  701K    1270  1225  3200    3.61    2.45   44K     0     0     6   35.99   35.99
c [distill-long-red0] cls tried: 2/8479 T: 0.01 T-out: Y T-r: -3042.16%
c rst   stb    W   vs 14156  734K    1270  1225  3200    3.61    2.45   37K     0     0     6   34.10   34.10
c [distill-long-red0] cls tried: 2/7878 T: 0.01 T-out: Y T-r: -2955.98%
c [full-probe] bin_only: 1 set: 0 repl: 0 T: 0.00 T-out: N T-r: 99.59%
c [distill-bin] useful/checked/potential: 0/3200/3200 lits-rem: 0 cl-rem: 0 0-depth-assigns: 0 T: 0.04 T-out: N
c [distill] watch-based irred-- cl tried     2450 cl-sh     0 cl-rem    0 lit-rem      0 T: 0.00 T-out: N
c [distill] watch-based   red-- cl tried    12394 cl-sh   777 cl-rem    0 lit-rem   4102 T: 0.05 T-out: Y
c rst   stb    I   vs 14157  740K    1270  1225  3200    3.61    2.45   43K     0     0     6   34.60   34.60
c ------- FINAL TOTAL SEARCH STATS ---------
c UIP search time          : 19.29       (94.93     % time)
c All times are for this thread only except if explicitly specified
c restarts                 : 14157       (52.31     confls per restart)
c time                     : 19.29       
c decisions                : 1008770     (0.00      % random)
c propagations             : 87M         (4519K     props/s)
c decisions/conflicts      : 1.36        
c conflicts                : 740613      
c LEARNT stats
c units learnt             : 0           (0.00      % of conflicts)
c bins learnt              : 6           (0.00      % of conflicts)
c long learnt              : 740560      (99.99     % of conflicts)
c SEAMLESS HYPERBIN&TRANS-RED stats
c advProp called           : 0           
c hyper-bin add bin        : 0           (0.00      bin/call)
c trans-red rem irred bin  : 0           (0.00      bin/call)
c trans-red rem red bin    : 0           (0.00      bin/call)
c CONFL LITS stats
c orig                     : 80953790    (109.31    lit/confl)
c recurs-min effective     : 712413      (96.19     % attempt successful)
c recurs-min lits          : 50629567    (62.54     % less overall)
c shrink effective         : 276422      (37.32     % attempt successful)
c shrink lits              : 9935235     (12.27     % less overall)
c otfs str/driving         : 510         (212       strengthened/driving)
c permDiff call%           : 0.00        (0.00      % attempt successful)
c permDiff lits-rem        : 0           (0.00      less lits/cl on attempts)
c further-min call%        : 0.07        (58.25     % attempt successful)
c bintri-min lits          : 975         (0.00      % less overall)
c final avg                : 27.53       
c all-threads sum CPU time : 19.29        s
c PROP stats
c Mbogo-props              : 384.94      (19.95     / sec)
c MHyper-props             : 0.00        (0.00      / sec)
c Mprops                   : 87.20       (4.52      / sec)
c -------- OccSimplifier STATS ----------
c time                     : 0.57        (0.00      % var-elim)
c called                   : 7           (0.08      s per call)
c 0-depth assigns          : 0           (0.00      % vars)
c -------- OccSimplifier STATS END ----------
c -------- SubsumeStrengthen STATS ----------
c cl-subs                  : 18625        Clauses
c cl-str rem lit           : 62836        Lits
c cl-sub T                 : 0.10         s
c cl-str T                 : 0.40         s
c -------- SubsumeStrengthen STATS END ----------
c ----- SCC STATS --------
c time                     : 0.00        (0.00      per call)
c called                   : 11          (0.00      new found per call)
c found                    : 0           (0.00      % of all found)
c bogoprops                : 142695      % of all found
c ----- SCC STATS END --------
c --------- VAR REPLACE STATS ----------
c time                     : 0.00        (0.00      per call)
c trees' crown             : 0           (0.00      % of vars)
c 0-depth assigns          : 0           (0.00      % vars)
c lits replaced            : 0           
c bin cls removed          : 0           
c long cls removed         : 0           
c long lits removed        : 0           
c bogoprops                : 0           
c --------- VAR REPLACE STATS END ----------
c vrep replace time        : 0.00        (0.00      % time)
c vrep tree roots          : 0           
c vrep trees' crown        : 0           (0.00      leafs/tree)
c -------- DISTILL-BIN STATS --------
c time                     : 0.51        (0.02      per call)
c timed out                : 0           (0.00      % of calls)
c distill/checked/potential: 0          /96105/96105
c lits-rem                 : 0           
c 0-depth-assigns          : 0           (0.00      % of vars)
c -------- DISTILL STATS END --------
c -------- STRENGTHEN STATS --------
c --> watch-based on irred cls
c time                     : 0.02        (0.00      s/call)
c shrinked/tried/total     : 0          /56350/56350
c subsumed/tried/total     : 0          /56350/56350
c lits-rem                 : 0           (0.00      % of lits tried)
c called                   : 46          (0.00      % ran out of time)
c --> watch-based on red cls
c time                     : 0.76        (0.02      s/call)
c shrinked/tried/total     : 23712      /214627/1039190
c subsumed/tried/total     : 0          /214627/1039190
c lits-rem                 : 76905       (1.41      % of lits tried)
c called                   : 46          (446828.26 % ran out of time)
c -------- STRENGTHEN STATS END --------
c -------- IMPLICIT SUB  STATS --------
c time                     : 0.00        (0.00      per call)
c timed out                : 0           (0.00      % of calls)
c rem bins                 : 0           
c -------- IMPLICIT SUB STATS END --------
c Mem used                 : 0           MB
c Mem for longclauses      : 10          MB (0.00      %)
c [mem] watch alloc        : 12          MB (0.00      %)
c [mem] watch array        : 0           MB (0.00      %)
c Mem for assings&vardata  : 0           MB (0.00      %)
c Mem for search&solve     : 0           MB (0.00      %)
c Mem for renumberer       : 0           MB (0.00      %)
c Mem for occsimplifier    : 0           MB (0.00      %)
c Mem for varReplacer&SCC  : 0           MB (0.00      %)
c Mem for impl subsume     : 0           MB (0.00      %)
c Mem for 3 distills       : 0           MB (0.00      %)
c Accounted for mem (rss)  : 0.00        %
c Accounted for mem (vm)   : 0.00        %
c restarts                 : 14157       (52.31     confls per restart)
c time                     : 19.29       
c decisions                : 1008770     (0.00      % random)
c propagations             : 87M         (4519K     props/s)
c decisions/conflicts      : 1.36        
c conflicts                : 740613      
c conf lits non-minim      : 80953790    (109.31    lit/confl)
c conf lits final          : 27.53       
c props/decision           : 0.00        
c props/conflict           : 0.00        
c 0-depth assigns          : 41          (3.13      % vars)
c 0-depth assigns by CNF   : 0           (0.00      % vars)
c reduceDB time            : 0.11        (0.53      % time)
c OccSimplifier time       : 0.57        (2.81      % time)
c [occur] link-in T: 0.05 cleanup T: 0.01 overhead T: 0.06
c [occ-substr] long subBySub: 14976 subByStr: 3649 lits-rem-str: 62836 T: 0.50
c SCC time                 : 0.00        (0.01      % time)
c [scc] new: 0 BP 0M T: 0.00
c vrep replace time        : 0.00        (0.00      % time)
c vrep tree roots          : 0           
c vrep trees' crown        : 0           (0.00      leafs/tree)
c distill long time        : 0.26        (1.28      % time)
c distill bin time         : 0.51        (2.52      % time)
c strength cache-irred time: 0.02        (0.08      % time)
c strength cache-red time  : 0.76        (3.72      % time)
c avg cls in red 0         : 23701.83    
c avg cls in red 1         : 0.00        
c avg cls in red 2         : 0.00        
c Conflicts in UIP         : 740613      (36439.09  confl/time_this_thread)
c Mem used                 : 0.00        MB
c Total time (this thread) : 20.32       
s SATISFIABLE
v -1 -2 3 4 -5 -6 7 -8 9 10 -11 12 13 -14 -15 -16 17 -18 19 -20 -21 -22 -23 24 25 
v -26 -27 -28 29 -30 -31 32 33 34 35 36 -37 -38 -39 -40 -41 42 43 44 45 -46 -47 
v -48 -49 -50 -51 -52 -53 -54 -55 -56 -57 -58 -59 -60 -61 -62 -63 -64 -65 -66 
v -67 -68 -69 -70 -71 -72 -73 -74 -75 -76 -77 -78 -79 -80 -81 -82 -83 -84 -85 
v -86 -87 -88 -89 -90 -91 -92 -93 -94 -95 -96 -97 -98 -99 -100 -101 -102 -103 
v -104 -105 -106 -107 -108 -109 -110 -111 -112 -113 -114 -115 -116 -117 -118 
v -119 -120 -121 -122 -123 -124 -125 -126 -127 -128 -129 -130 -131 -132 -133 
v -134 -135 -136 -137 -138 -139 -140 -141 -142 -143 -144 -145 -146 -147 -148 
v -149 -150 -151 -152 -153 -154 -155 -156 -157 -158 -159 -160 -161 -162 -163 
v -164 -165 -166 -167 -168 -169 -170 -171 -172 -173 -174 -175 -176 -177 -178 
v -179 -180 -181 -182 -183 -184 -185 -186 -187 -188 -189 -190 -191 -192 -193 
v -194 -195 -196 -197 -198 -199 -200 -201 -202 -203 -204 -205 -206 -207 -208 
v -209 -210 -211 -212 -213 -214 -215 -216 -217 -218 -219 -220 -221 -222 -223 
v -224 -225 -226 -227 -228 -229 -230 -231 -232 -233 -234 -235 -236 -237 -238 
v -239 -240 -241 -242 -243 -244 -245 -246 -247 -248 -249 -250 -251 -252 -253 
v -254 -255 -256 -257 -258 -259 -260 -261 -262 -263 -264 -265 -266 -267 -268 
v -269 -270 -271 -272 -273 -274 -275 -276 -277 -278 -279 -280 -281 -282 -283 
v -284 -285 -286 -287 -288 -289 -290 -291 -292 -293 -294 -295 -296 -297 -298 
v -299 -300 -301 -302 -303 -304 -305 -306 -307 -308 -309 -310 -311 -312 -313 
v -314 -315 -316 -317 -318 -319 -320 -321 -322 -323 -324 -325 -326 -327 -328 
v -329 -330 -331 -332 -333 -334 -335 -336 -337 -338 -339 -340 -341 -342 -343 
v -344 -345 -346 -347 -348 -349 -350 -351 -352 -353 -354 -355 -356 -357 -358 
v -359 -360 -361 -362 -363 -364 -365 -366 -367 -368 -369 -370 -371 -372 -373 
v -374 -375 -376 -377 -378 -379 -380 -381 -382 -383 -384 -385 -386 -387 -388 
v -389 -390 -391 -392 -393 -394 -395 -396 -397 -398 -399 -400 -401 -402 -403 
v -404 -405 -406 -407 -408 -409 -410 -411 -412 -413 -414 -415 -416 -417 -418 
v -419 -420 -421 -422 -423 -424 -425 -426 -427 -428 -429 -430 -431 -432 -433 
v -434 -435 -436 -437 -438 -439 -440 -441 -442 -443 -444 -445 -446 -447 -448 
v -449 -450 -451 -452 -453 -454 -455 -456 -457 -458 -459 -460 461 -462 463 -464 
v 465 -466 -467 -468 -469 470 471 -472 -473 -474 475 -476 -477 478 479 480 481 
v 482 -483 -484 -485 -486 -487 488 489 490 491 -492 -493 -494 -495 -496 -497 
v -498 -499 -500 -501 -502 -503 -504 -505 -506 -507 -508 -509 -510 -511 -512 
v -513 -514 -515 -516 -517 -518 -519 -520 -521 -522 -523 -524 525 -526 527 -528 
v 529 -530 -531 -532 -533 534 535 -536 -537 -538 539 -540 -541 542 543 544 545 
v 546 -547 -548 -549 -550 -551 552 553 554 555 -556 557 -558 559 -560 561 -562 
v -563 -564 -565 566 567 -568 -569 -570 571 -572 -573 574 575 576 577 578 -579 
v -580 -581 -582 -583 584 585 586 587 -588 -589 590 -591 592 -593 -594 -595 
v -596 597 598 -599 -600 -601 602 -603 -604 605 606 607 608 609 -610 -611 -612 
v -613 -614 615 616 617 618 -619 -620 -621 -622 -623 -624 -625 -626 -627 -628 
v -629 -630 -631 -632 -633 -634 -635 -636 -637 -638 -639 -640 -641 -642 -643 
v -644 -645 -646 -647 -648 -649 -650 -651 652 -653 654 -655 656 -657 -658 -659 
v -660 661 662 -663 -664 -665 666 -667 -668 669 670 671 672 673 -674 -675 -676 
v -677 -678 679 680 681 682 -683 -684 -685 -686 -687 -688 -689 -690 -691 -692 
v -693 -694 -695 -696 -697 -698 -699 -700 -701 -702 -703 -704 -705 -706 -707 
v -708 -709 -710 -711 -712 -713 -714 -715 716 -717 718 -719 720 -721 -722 -723 
v -724 725 726 -727 -728 -729 730 -731 -732 733 734 735 736 737 -738 -739 -740 
v -741 -742 743 744 745 746 -747 748 -749 750 -751 752 -753 -754 -755 -756 757 
v 758 -759 -760 -761 762 -763 -764 765 766 767 768 769 -770 -771 -772 -773 -774 
v 775 776 777 778 -779 -780 781 -782 783 -784 -785 -786 -787 788 789 -790 -791 
v -792 793 -794 -795 796 797 798 799 800 -801 -802 -803 -804 -805 806 807 808 
v 809 -810 -811 -812 -813 -814 -815 -816 -817 -818 -819 -820 -821 -822 -823 
v -824 -825 -826 -827 -828 -829 -830 -831 -832 -833 -834 -835 -836 -837 -838 
v -839 -840 -841 -842 -843 -844 -845 -846 -847 -848 -849 -850 -851 -852 -853 
v -854 -855 -856 -857 -858 -859 -860 -861 -862 -863 -864 -865 -866 -867 -868 
v -869 -870 -871 -872 -873 -874 -875 -876 -877 -878 -879 -880 -881 -882 -883 
v -884 -885 -886 -887 -888 -889 -890 -891 -892 -893 -894 -895 -896 -897 -898 
v -899 -900 -901 -902 -903 -904 -905 -906 -907 -908 -909 -910 -911 -912 -913 
v -914 -915 -916 -917 -918 -919 -920 -921 -922 -923 -924 -925 -926 -927 -928 
v -929 -930 -931 -932 -933 -934 -935 -936 -937 -938 -939 -940 -941 -942 -943 
v -944 -945 -946 -947 -948 -949 -950 -951 -952 -953 -954 -955 -956 -957 -958 
v -959 -960 -961 -962 -963 -964 -965 -966 -967 -968 -969 -970 -971 -972 -973 
v -974 -975 -976 -977 -978 -979 -980 -981 -982 -983 -984 -985 -986 -987 -988 
v -989 -990 -991 -992 -993 -994 -995 -996 -997 -998 -999 -1000 -1001 -1002 -1003 
v -1004 -1005 -1006 -1007 -1008 -1009 -1010 -1011 -1012 -1013 -1014 -1015 -1016 
v -1017 -1018 -1019 -1020 -1021 -1022 -1023 -1024 -1025 -1026 -1027 -1028 -1029 
v -1030 -1031 -1032 -1033 1034 -1035 1036 -1037 -1038 -1039 -1040 1041 1042 
v -1043 -1044 -1045 1046 -1047 -1048 1049 1050 1051 1052 1053 -1054 -1055 -1056 
v -1057 -1058 1059 1060 1061 1062 -1063 -1064 -1065 -1066 -1067 -1068 -1069 
v -1070 -1071 -1072 -1073 -1074 -1075 -1076 -1077 -1078 -1079 -1080 -1081 -1082 
v -1083 -1084 -1085 -1086 -1087 -1088 -1089 -1090 -1091 -1092 -1093 -1094 -1095 
v 1096 -1097 1098 -1099 -1100 -1101 -1102 1103 1104 -1105 -1106 -1107 1108 
v -1109 -1110 1111 1112 1113 1114 1115 -1116 -1117 -1118 -1119 -1120 1121 1122 
v 1123 1124 -1125 -1126 1127 -1128 1129 -1130 -1131 -1132 -1133 1134 1135 -1136 
v -1137 -1138 1139 -1140 -1141 1142 1143 1144 1145 1146 -1147 -1148 -1149 -1150 
v -1151 1152 1153 1154 1155 -1156 -1157 -1158 -1159 -1160 -1161 -1162 -1163 
v -1164 -1165 -1166 -1167 -1168 -1169 -1170 -1171 -1172 -1173 -1174 -1175 -1176 
v -1177 -1178 -1179 -1180 -1181 -1182 -1183 -1184 -1185 -1186 -1187 -1188 1189 
v -1190 1191 -1192 -1193 -1194 -1195 1196 1197 -1198 -1199 -1200 1201 -1202 
v -1203 1204 1205 1206 1207 1208 -1209 -1210 -1211 -1212 -1213 1214 1215 1216 
v 1217 -1218 -1219 1220 -1221 1222 -1223 -1224 -1225 -1226 1227 1228 -1229 
v -1230 -1231 1232 -1233 -1234 1235 1236 1237 1238 1239 -1240 -1241 -1242 -1243 
v -1244 1245 1246 1247 1248 -1249 -1250 -1251 -1252 -1253 -1254 -1255 -1256 
v -1257 -1258 -1259 -1260 -1261 -1262 -1263 -1264 -1265 -1266 -1267 -1268 -1269 
v -1270 -1271 -1272 -1273 -1274 -1275 -1276 -1277 -1278 -1279 -1280 -1281 -1282 
v -1283 -1284 -1285 -1286 -1287 -1288 -1289 -1290 -1291 -1292 -1293 -1294 -1295 
v -1296 -1297 -1298 -1299 -1300 -1301 -1302 -1303 -1304 -1305 -1306 -1307 -1308 
v -1309 -1310 -1311 0
c [g 0] 30x185 dens: 0.1868 find: 920 (prop 0.0% confl 0.0%) elim: 395 (prop 0.0% confl 0.0%)
c [g 1] 31x1075 dens: 0.0467 find: 1086K (prop 72.6% confl 5.8%) elim: 6752 (prop 18.5% confl 1.0%)
