screen-p224 1 baseline
79775288
screen-p224 1 candidate
25560912
screen-p224 2 baseline
79775288
screen-p224 2 candidate
25560912
screen-p224 3 baseline
79775296
screen-p224 3 candidate
25560912
screen-p224 4 baseline
79775288
screen-p224 4 candidate
25560912
screen-p224 5 baseline
79775288
screen-p224 5 candidate
25560912
verify-p224 1 baseline
47034207645
verify-p224 1 candidate
46964692849
verify-p224 2 baseline
47034207645
verify-p224 2 candidate
46964692849
verify-p224 3 baseline
time="2026-10-09T19:53:35-07:00" level=error msg="error waiting for container: unexpected EOF"
