validation passed
18 8 frozen-frozen-development uniform first hybrid-filtered first 1 0.239
18 8 frozen-frozen-development uniform first chained-s3 timeout 0 3.056
18 8 frozen-frozen-development uniform first bilinear-blocks first 1 0.215
18 8 frozen-frozen-development uniform first pair-invariants-s3 first 1 0.456
18 8 frozen-frozen-development uniform first bilinear-reference first 1 0.078
18 8 frozen-frozen-development uniform first s4-symmetric timeout 0 3.015
18 8 frozen-frozen-development uniform enumerate bilinear-reference complete 10 1.63
18 8 frozen-frozen-development uniform enumerate s4-symmetric timeout 0 3.017
18 8 frozen-frozen-development uniform enumerate chained-s3 timeout 0 3.02
18 8 frozen-frozen-development uniform enumerate bilinear-blocks timeout 5 3.0
18 8 frozen-frozen-development uniform enumerate pair-invariants-s3 complete 10 0.524
18 8 frozen-frozen-development uniform enumerate hybrid-filtered timeout 5 3.0
18 8 frozen-frozen-development known_decomposable first hybrid-filtered first 1 0.218
18 8 frozen-frozen-development known_decomposable first chained-s3 timeout 0 3.022
18 8 frozen-frozen-development known_decomposable first pair-invariants-s3 first 1 0.465
18 8 frozen-frozen-development known_decomposable first bilinear-blocks first 1 0.197
18 8 frozen-frozen-development known_decomposable first bilinear-reference first 1 0.07
18 8 frozen-frozen-development known_decomposable first s4-symmetric timeout 0 3.027
18 8 frozen-frozen-development known_decomposable enumerate bilinear-blocks timeout 9 3.0
18 8 frozen-frozen-development known_decomposable enumerate hybrid-filtered timeout 9 3.0
18 8 frozen-frozen-development known_decomposable enumerate bilinear-reference complete 11 1.599
18 8 frozen-frozen-development known_decomposable enumerate chained-s3 timeout 0 3.087
18 8 frozen-frozen-development known_decomposable enumerate s4-symmetric timeout 0 3.033
18 8 frozen-frozen-development known_decomposable enumerate pair-invariants-s3 complete 11 0.518
18 8 frozen-frozen-holdout uniform first hybrid-filtered first 1 0.045
18 8 frozen-frozen-holdout uniform first bilinear-blocks first 1 0.007
18 8 frozen-frozen-holdout uniform first chained-s3 timeout 0 3.136
18 8 frozen-frozen-holdout uniform first pair-invariants-s3 first 1 0.476
18 8 frozen-frozen-holdout uniform first bilinear-reference first 1 0.004
18 8 frozen-frozen-holdout uniform first s4-symmetric timeout 0 3.109
18 8 frozen-frozen-holdout uniform enumerate bilinear-reference complete 12 1.664
18 8 frozen-frozen-holdout uniform enumerate bilinear-blocks timeout 7 3.026
18 8 frozen-frozen-holdout uniform enumerate chained-s3 timeout 0 3.012
18 8 frozen-frozen-holdout uniform enumerate pair-invariants-s3 complete 12 0.653
18 8 frozen-frozen-holdout uniform enumerate hybrid-filtered timeout 8 3.0
18 8 frozen-frozen-holdout uniform enumerate s4-symmetric timeout 0 3.009
18 8 frozen-frozen-holdout known_decomposable first s4-symmetric timeout 0 3.154
18 8 frozen-frozen-holdout known_decomposable first pair-invariants-s3 first 1 0.454
18 8 frozen-frozen-holdout known_decomposable first bilinear-reference first 1 0.021
18 8 frozen-frozen-holdout known_decomposable first hybrid-filtered first 1 0.089
18 8 frozen-frozen-holdout known_decomposable first chained-s3 timeout 0 3.027
18 8 frozen-frozen-holdout known_decomposable first bilinear-blocks first 1 0.056
18 8 frozen-frozen-holdout known_decomposable enumerate bilinear-blocks timeout 8 3.0
18 8 frozen-frozen-holdout known_decomposable enumerate chained-s3 timeout 0 3.016
18 8 frozen-frozen-holdout known_decomposable enumerate hybrid-filtered timeout 10 3.001
18 8 frozen-frozen-holdout known_decomposable enumerate pair-invariants-s3 complete 11 0.521
18 8 frozen-frozen-holdout known_decomposable enumerate bilinear-reference complete 11 1.654
18 8 frozen-frozen-holdout known_decomposable enumerate s4-symmetric timeout 0 3.012
30 8 frozen-frozen-development uniform first bilinear-reference complete 0 1.785
30 8 frozen-frozen-development uniform first pair-invariants-s3 complete 0 1.151
30 8 frozen-frozen-development uniform first bilinear-blocks complete 0 1.198
30 8 frozen-frozen-development uniform first chained-s3 timeout 0 3.002
30 8 frozen-frozen-development uniform first hybrid-filtered timeout 0 3.001
30 8 frozen-frozen-development uniform first s4-symmetric timeout 0 3.012
30 8 frozen-frozen-development uniform enumerate s4-symmetric timeout 0 3.076
30 8 frozen-frozen-development uniform enumerate pair-invariants-s3 complete 0 1.209
30 8 frozen-frozen-development uniform enumerate hybrid-filtered timeout 0 3.0
30 8 frozen-frozen-development uniform enumerate bilinear-reference complete 0 1.89
30 8 frozen-frozen-development uniform enumerate chained-s3 timeout 0 3.001
30 8 frozen-frozen-development uniform enumerate bilinear-blocks complete 0 1.199
30 8 frozen-frozen-development known_decomposable first hybrid-filtered first 1 0.281
30 8 frozen-frozen-development known_decomposable first s4-symmetric timeout 0 3.043
30 8 frozen-frozen-development known_decomposable first bilinear-reference first 1 0.059
30 8 frozen-frozen-development known_decomposable first chained-s3 timeout 0 3.007
30 8 frozen-frozen-development known_decomposable first bilinear-blocks first 1 0.041
30 8 frozen-frozen-development known_decomposable first pair-invariants-s3 first 1 1.0
30 8 frozen-frozen-development known_decomposable enumerate bilinear-reference complete 1 1.803
30 8 frozen-frozen-development known_decomposable enumerate pair-invariants-s3 complete 1 1.176
30 8 frozen-frozen-development known_decomposable enumerate s4-symmetric timeout 0 3.05
30 8 frozen-frozen-development known_decomposable enumerate bilinear-blocks complete 1 1.378
30 8 frozen-frozen-development known_decomposable enumerate chained-s3 timeout 0 3.003
30 8 frozen-frozen-development known_decomposable enumerate hybrid-filtered timeout 1 3.001
30 8 frozen-frozen-holdout uniform first pair-invariants-s3 complete 0 1.107
30 8 frozen-frozen-holdout uniform first s4-symmetric timeout 0 3.004
30 8 frozen-frozen-holdout uniform first hybrid-filtered timeout 0 3.0
30 8 frozen-frozen-holdout uniform first bilinear-blocks complete 0 1.14
30 8 frozen-frozen-holdout uniform first bilinear-reference complete 0 1.791
30 8 frozen-frozen-holdout uniform first chained-s3 timeout 0 3.014
30 8 frozen-frozen-holdout uniform enumerate s4-symmetric timeout 0 3.037
30 8 frozen-frozen-holdout uniform enumerate pair-invariants-s3 complete 0 1.22
30 8 frozen-frozen-holdout uniform enumerate chained-s3 timeout 0 3.009
30 8 frozen-frozen-holdout uniform enumerate bilinear-blocks complete 0 1.186
30 8 frozen-frozen-holdout uniform enumerate hybrid-filtered timeout 0 3.0
30 8 frozen-frozen-holdout uniform enumerate bilinear-reference complete 0 1.859
30 8 frozen-frozen-holdout known_decomposable first bilinear-blocks first 1 0.062
30 8 frozen-frozen-holdout known_decomposable first chained-s3 timeout 0 3.006
30 8 frozen-frozen-holdout known_decomposable first pair-invariants-s3 first 1 0.992
30 8 frozen-frozen-holdout known_decomposable first bilinear-reference first 1 0.087
30 8 frozen-frozen-holdout known_decomposable first hybrid-filtered first 1 0.396
30 8 frozen-frozen-holdout known_decomposable first s4-symmetric timeout 0 3.101
30 8 frozen-frozen-holdout known_decomposable enumerate pair-invariants-s3 complete 1 1.113
30 8 frozen-frozen-holdout known_decomposable enumerate hybrid-filtered timeout 1 3.0
30 8 frozen-frozen-holdout known_decomposable enumerate chained-s3 timeout 0 3.024
30 8 frozen-frozen-holdout known_decomposable enumerate bilinear-blocks complete 1 1.246
30 8 frozen-frozen-holdout known_decomposable enumerate s4-symmetric timeout 0 3.017
30 8 frozen-frozen-holdout known_decomposable enumerate bilinear-reference complete 1 1.751
18 8 fresh-holdout uniform first pair-invariants-s3 first 1 0.459
18 8 fresh-holdout uniform first bilinear-blocks first 1 0.47
18 8 fresh-holdout uniform first s4-symmetric timeout 0 3.002
18 8 fresh-holdout uniform first chained-s3 timeout 0 3.003
18 8 fresh-holdout uniform first hybrid-filtered first 1 0.51
18 8 fresh-holdout uniform first bilinear-reference first 1 0.17
18 8 fresh-holdout uniform enumerate s4-symmetric timeout 0 3.012
18 8 fresh-holdout uniform enumerate chained-s3 timeout 0 3.015
18 8 fresh-holdout uniform enumerate hybrid-filtered timeout 10 3.0
18 8 fresh-holdout uniform enumerate pair-invariants-s3 complete 12 0.526
18 8 fresh-holdout uniform enumerate bilinear-reference complete 12 1.631
18 8 fresh-holdout uniform enumerate bilinear-blocks timeout 8 3.0
18 8 fresh-holdout known_decomposable first chained-s3 timeout 0 3.007
18 8 fresh-holdout known_decomposable first s4-symmetric timeout 0 3.01
18 8 fresh-holdout known_decomposable first pair-invariants-s3 first 1 0.487
18 8 fresh-holdout known_decomposable first bilinear-reference first 1 0.149
18 8 fresh-holdout known_decomposable first bilinear-blocks first 1 0.411
18 8 fresh-holdout known_decomposable first hybrid-filtered first 1 0.416
18 8 fresh-holdout known_decomposable enumerate hybrid-filtered timeout 4 3.0
18 8 fresh-holdout known_decomposable enumerate chained-s3 timeout 0 3.006
18 8 fresh-holdout known_decomposable enumerate bilinear-blocks timeout 2 3.0
18 8 fresh-holdout known_decomposable enumerate s4-symmetric timeout 0 3.004
18 8 fresh-holdout known_decomposable enumerate bilinear-reference complete 6 1.632
18 8 fresh-holdout known_decomposable enumerate pair-invariants-s3 complete 6 0.518
18 9 fresh-holdout uniform first bilinear-reference first 1 0.016
18 9 fresh-holdout uniform first bilinear-blocks first 1 0.042
18 9 fresh-holdout uniform first pair-invariants-s3 first 1 1.88
18 9 fresh-holdout uniform first chained-s3 timeout 0 3.012
18 9 fresh-holdout uniform first hybrid-filtered first 1 0.117
18 9 fresh-holdout uniform first s4-symmetric timeout 0 3.011
18 9 fresh-holdout uniform enumerate bilinear-reference timeout 33 3.0
18 9 fresh-holdout uniform enumerate s4-symmetric timeout 0 3.001
18 9 fresh-holdout uniform enumerate chained-s3 timeout 0 3.005
18 9 fresh-holdout uniform enumerate pair-invariants-s3 complete 77 2.03
18 9 fresh-holdout uniform enumerate hybrid-filtered timeout 9 3.0
18 9 fresh-holdout uniform enumerate bilinear-blocks timeout 9 3.0
18 9 fresh-holdout known_decomposable first pair-invariants-s3 first 1 1.891
18 9 fresh-holdout known_decomposable first s4-symmetric timeout 0 3.006
18 9 fresh-holdout known_decomposable first hybrid-filtered first 1 0.631
18 9 fresh-holdout known_decomposable first chained-s3 timeout 0 3.019
18 9 fresh-holdout known_decomposable first bilinear-reference first 1 0.231
18 9 fresh-holdout known_decomposable first bilinear-blocks first 1 0.661
18 9 fresh-holdout known_decomposable enumerate s4-symmetric timeout 0 3.003
18 9 fresh-holdout known_decomposable enumerate bilinear-reference timeout 27 3.0
18 9 fresh-holdout known_decomposable enumerate pair-invariants-s3 complete 67 2.09
18 9 fresh-holdout known_decomposable enumerate hybrid-filtered timeout 13 3.0
18 9 fresh-holdout known_decomposable enumerate bilinear-blocks timeout 10 3.0
18 9 fresh-holdout known_decomposable enumerate chained-s3 timeout 0 3.016
30 8 fresh-holdout uniform first hybrid-filtered timeout 0 3.0
30 8 fresh-holdout uniform first bilinear-blocks complete 0 1.314
30 8 fresh-holdout uniform first pair-invariants-s3 complete 0 1.122
30 8 fresh-holdout uniform first bilinear-reference complete 0 1.85
30 8 fresh-holdout uniform first chained-s3 timeout 0 3.015
30 8 fresh-holdout uniform first s4-symmetric timeout 0 3.045
30 8 fresh-holdout uniform enumerate chained-s3 timeout 0 3.005
30 8 fresh-holdout uniform enumerate bilinear-reference complete 0 1.832
30 8 fresh-holdout uniform enumerate s4-symmetric timeout 0 3.038
30 8 fresh-holdout uniform enumerate hybrid-filtered timeout 0 3.0
30 8 fresh-holdout uniform enumerate bilinear-blocks complete 0 1.324
30 8 fresh-holdout uniform enumerate pair-invariants-s3 complete 0 1.147
30 8 fresh-holdout known_decomposable first hybrid-filtered first 1 0.215
30 8 fresh-holdout known_decomposable first s4-symmetric timeout 0 3.101
30 8 fresh-holdout known_decomposable first chained-s3 timeout 0 3.054
30 8 fresh-holdout known_decomposable first bilinear-reference first 1 0.041
30 8 fresh-holdout known_decomposable first bilinear-blocks first 1 0.03
30 8 fresh-holdout known_decomposable first pair-invariants-s3 first 1 1.052
30 8 fresh-holdout known_decomposable enumerate s4-symmetric timeout 0 4.278
30 8 fresh-holdout known_decomposable enumerate chained-s3 timeout 0 3.381
30 8 fresh-holdout known_decomposable enumerate hybrid-filtered timeout 1 3.0
30 8 fresh-holdout known_decomposable enumerate bilinear-blocks complete 1 1.432
30 8 fresh-holdout known_decomposable enumerate pair-invariants-s3 complete 1 1.273
30 8 fresh-holdout known_decomposable enumerate bilinear-reference complete 1 1.953
30 9 fresh-holdout uniform first bilinear-blocks timeout 0 3.0
30 9 fresh-holdout uniform first pair-invariants-s3 timeout 0 3.004
30 9 fresh-holdout uniform first hybrid-filtered timeout 0 3.0
30 9 fresh-holdout uniform first s4-symmetric timeout 0 3.04
30 9 fresh-holdout uniform first chained-s3 timeout 0 3.011
30 9 fresh-holdout uniform first bilinear-reference timeout 0 3.0
30 9 fresh-holdout uniform enumerate chained-s3 timeout 0 3.002
30 9 fresh-holdout uniform enumerate bilinear-reference timeout 0 3.0
30 9 fresh-holdout uniform enumerate bilinear-blocks timeout 0 3.0
30 9 fresh-holdout uniform enumerate pair-invariants-s3 timeout 0 3.004
30 9 fresh-holdout uniform enumerate s4-symmetric timeout 0 3.015
30 9 fresh-holdout uniform enumerate hybrid-filtered timeout 0 3.0
30 9 fresh-holdout known_decomposable first pair-invariants-s3 timeout 0 3.005
30 9 fresh-holdout known_decomposable first chained-s3 timeout 0 3.025
30 9 fresh-holdout known_decomposable first bilinear-reference first 1 2.295
30 9 fresh-holdout known_decomposable first s4-symmetric timeout 0 3.007
30 9 fresh-holdout known_decomposable first bilinear-blocks timeout 0 3.0
30 9 fresh-holdout known_decomposable first hybrid-filtered timeout 0 3.001
30 9 fresh-holdout known_decomposable enumerate chained-s3 timeout 0 3.003
30 9 fresh-holdout known_decomposable enumerate pair-invariants-s3 timeout 0 3.019
30 9 fresh-holdout known_decomposable enumerate bilinear-blocks timeout 0 3.0
30 9 fresh-holdout known_decomposable enumerate hybrid-filtered timeout 0 3.0
30 9 fresh-holdout known_decomposable enumerate bilinear-reference timeout 1 3.0
30 9 fresh-holdout known_decomposable enumerate s4-symmetric timeout 0 3.061
