c CMS SHA1: 7ae1b4a74259cdce223a584281fb8f090bbd3eed
c CryptoMiniSat version 5.14.7
c CMS compilation env CMAKE_CXX_COMPILER = /usr/bin/c++ | CMAKE_CXX_FLAGS =  -fno-stack-protector -msse4.2 -Wno-bitfield-constant-conversion -Wnull-dereference -Wdouble-promotion -Wshadow -Wformat=2 -Wextra-semi -pedantic | COMPILE_DEFINES =  -DNDEBUG -D_FORTIFY_SOURCE=0 | BUILD_SHARED_LIBS = OFF | ONLY_SIMPLE =  | STATS = OFF | SQLITE3_FOUND =  | ZLIB_FOUND = FALSE | VALGRIND_FOUND =  | ENABLE_TESTING = OFF | SLOW_DEBUG = OFF | ENABLE_ASSERTIONS = OFF | PYTHON_EXECUTABLE =  | PYTHON_LIBRARY =  | PYTHON_INCLUDE_DIRS =  | MY_TARGETS =  | LARGEMEM = OFF | LIMITMEM = OFF | BREAKID_LIBRARIES =  | BREAKID-VER = . | 
c Using VMTF, picosat, CaDiCaL, and CadiBack code by Armin Biere
c CMS is MIT licensed
c Using code from 'When Boolean Satisfiability Meets Gauss-E. in a Simplex Way'
c       by C.-S. Han and J.-H. Roland Jiang in CAV 2012. Fixes by M. Soos
c Using CCAnr from 'CCAnr: A Conf. Checking Based Local Search Solver [...]'
c       by Shaowei Cai, Chuan Luo, and Kaile Su, SAT 2015
c Using Oracle code from 'Integrating Tree Decompositions [...]'
c       by Tuukka Korhonen and Matti Jarvisalo, CP 2021
c Executed with command line: /Volumes/SSD990/cryptominisat-koblitz-20260909/build/cryptominisat5 --verb 1 --threads 1 /Volumes/SSD990/koblitz-stage13-panel-20260909/tasks/seed-2026091303/n41-l5-m3-standard-a1-f0/matrix/n41-l5-m3-standard-a1-f0/instance.xor.cnf
c Reading file '/Volumes/SSD990/koblitz-stage13-panel-20260909/tasks/seed-2026091303/n41-l5-m3-standard-a1-f0/matrix/n41-l5-m3-standard-a1-f0/instance.xor.cnf'
c o -- header says num vars:            502
c o -- header says num clauses:        1573
c -- added: 1505 clauses, 68 xor clauses, 502 vars
c Parsing time: 0.00 s
c [sls] 1575 cls, minimum 13 (new global minimum) T: 0.00
c [sls] 1575 cls, minimum 12 (new global minimum) T: 0.00
c --> Executing strategy token: sub-impl
c [impl-sub] bin: 0 T: 0.00 T-out: N w-visit: 1004
c Executing OCC strategy token(s): 'occ-backw-sub'
c [occ] Linked in IRRED BIN by default: 1049
c [occ] Linked in RED   BIN by default: 0
c Executing OCC strategy token: occ-backw-sub
c [occ-backw-sub-long-w-long] rem cl: 0 tried: 460/460 (100.0%) T: 0.00 T-out: N T-r: 100.00%
c --> Executing strategy token: scc-vrepl
c [scc] new: 2 BP 0M T: 0.00
c [vrep] vars 2 lits 211 rem-bin-cls 8 rem-long-cls 0 BP 0M T: 0.00
c --> Executing strategy token: breakid
c Executing OCC strategy token(s): 'occ-bve,occ-xor'
c [occ] Linked in IRRED BIN by default: 1045
c [occ] Linked in RED   BIN by default: 0
c Executing OCC strategy token: occ-bve
c [occ-empty-res] Empty resolvent elimed: 0 T: 0.00 T-out: N
c [occ-bve] tried:     0 v-elim:     0 free-vars: 500 T: 0.00 T-out: N T-r: 100.00%
c [occur] link-in T: 0.00 cleanup T: 0.00 overhead T: 0.00
c [occ-xor-bve] elimed: 0 T: 0.00 T-out: N
c Executing OCC strategy token: occ-xor
c [occ-xor] sort occur list T: 0.00
c [occ-xor] found      0 T: 0.00 T-out: N T-r: 100.00%
c [mem] consolidate mini T: 0.00
c [timeout] global_timeout_multiplier: 3.3000
c [branch] rebuilding order heap for all branchings. Current branching: vsids
c [lucky] no luck T: 0.00
c [gauss] clauses deleted that are represented by XORs: 0 xorclauses: 66 GJ matrices: 0 T: 0.00
c [matrix] performing matrix init
c [matrix] Good   matrix  0     66 x  500  density:0.1950  xorlen avg: 97.48
c [matrix] Using 1 matrices recovered from 66 xors T: 0.00 T-out: N
c [branch] adjusting to: vmtf (from: vsids) var_decay:0.95
c  res  pol bran  nres  conf freevar  IrrL  IrrB l/longC  l/allC RedL0 RedL1 RedL2  RedB l/longC  l/allC
c rst   stb    -  vmt     1  2024     500   460  1045    3.27    2.39  1283     0     0     4   33.67   33.57
c [branch] adjusting to: vsids (from: vmtf) var_decay:0.95
c rst   stb    O   vs     2  7048     500   460  1045    3.27    2.39  3078     0     0     5   18.63   18.60
c [distill-long-red0] cls tried: 5/2197 T: 0.00 T-out: Y T-r: -42.53%
c rst   stb    I   vs     3  9096     500   460  1045    3.27    2.39  3284     0     0     6   16.72   16.70
c rst   stb    B   vs     5 11145     500   460  1045    3.27    2.39  3484     0     0     7   15.11   15.09
c [distill-bin] useful/checked/potential: 0/1045/1045 lits-rem: 0 cl-rem: 0 0-depth-assigns: 0 T: 0.00 T-out: N
c rst   foc    B   vs     7 16992     500   460  1045    3.27    2.39  4586     0     0     8   14.99   14.96
c ------- FINAL TOTAL SEARCH STATS ---------
c UIP search time          : 0.22        (93.76     % time)
c All times are for this thread only except if explicitly specified
c restarts                 : 7           (2427.43   confls per restart)
c time                     : 0.22        
c decisions                : 17141       (0.00      % random)
c propagations             : 533K        (2462K     props/s)
c decisions/conflicts      : 1.01        
c conflicts                : 16992       
c LEARNT stats
c units learnt             : 0           (0.00      % of conflicts)
c bins learnt              : 8           (0.05      % of conflicts)
c long learnt              : 16970       (99.87     % of conflicts)
c SEAMLESS HYPERBIN&TRANS-RED stats
c advProp called           : 0           
c hyper-bin add bin        : 0           (0.00      bin/call)
c trans-red rem irred bin  : 0           (0.00      bin/call)
c trans-red rem red bin    : 0           (0.00      bin/call)
c CONFL LITS stats
c orig                     : 1898043     (111.70    lit/confl)
c recurs-min effective     : 16906       (99.49     % attempt successful)
c recurs-min lits          : 1514710     (79.80     % less overall)
c shrink effective         : 5486        (32.29     % attempt successful)
c shrink lits              : 66379       (3.50      % less overall)
c otfs str/driving         : 32          (31        strengthened/driving)
c permDiff call%           : 0.00        (0.00      % attempt successful)
c permDiff lits-rem        : 0           (0.00      less lits/cl on attempts)
c further-min call%        : 0.22        (42.11     % attempt successful)
c bintri-min lits          : 33          (0.00      % less overall)
c final avg                : 18.65       
c all-threads sum CPU time : 0.22         s
c PROP stats
c Mbogo-props              : 1.24        (5.72      / sec)
c MHyper-props             : 0.00        (0.00      / sec)
c Mprops                   : 0.53        (2.46      / sec)
c -------- OccSimplifier STATS ----------
c time                     : 0.00        (0.00      % var-elim)
c called                   : 2           (0.00      s per call)
c 0-depth assigns          : 0           (0.00      % vars)
c -------- OccSimplifier STATS END ----------
c -------- SubsumeStrengthen STATS ----------
c cl-subs                  : 0            Clauses
c cl-str rem lit           : 0            Lits
c cl-sub T                 : 0.00         s
c cl-str T                 : 0.00         s
c -------- SubsumeStrengthen STATS END ----------
c ----- SCC STATS --------
c time                     : 0.00        (0.00      per call)
c called                   : 1           (2.00      new found per call)
c found                    : 2           (50.00     % of all found)
c bogoprops                : 1468        % of all found
c ----- SCC STATS END --------
c --------- VAR REPLACE STATS ----------
c time                     : 0.00        (0.00      per call)
c trees' crown             : 2           (0.40      % of vars)
c 0-depth assigns          : 0           (0.00      % vars)
c lits replaced            : 211         
c bin cls removed          : 8           
c long cls removed         : 0           
c long lits removed        : 0           
c bogoprops                : 2271        
c --------- VAR REPLACE STATS END ----------
c vrep replace time        : 0.00        (0.02      % time)
c vrep tree roots          : 2           
c vrep trees' crown        : 2           (1.00      leafs/tree)
c -------- DISTILL-BIN STATS --------
c time                     : 0.00        (0.00      per call)
c timed out                : 0           (0.00      % of calls)
c distill/checked/potential: 0          /1045/1045
c lits-rem                 : 0           
c 0-depth-assigns          : 0           (0.00      % of vars)
c -------- DISTILL STATS END --------
c -------- STRENGTHEN STATS --------
c --> watch-based on irred cls
c time                     : 0.00        (0.00      s/call)
c shrinked/tried/total     : 0          /0/0
c subsumed/tried/total     : 0          /0/0
c lits-rem                 : 0           (0.00      % of lits tried)
c called                   : 0           (0.00      % ran out of time)
c --> watch-based on red cls
c time                     : 0.00        (0.00      s/call)
c shrinked/tried/total     : 0          /0/0
c subsumed/tried/total     : 0          /0/0
c lits-rem                 : 0           (0.00      % of lits tried)
c called                   : 0           (0.00      % ran out of time)
c -------- STRENGTHEN STATS END --------
c -------- IMPLICIT SUB  STATS --------
c time                     : 0.00        (0.00      per call)
c timed out                : 0           (0.00      % of calls)
c rem bins                 : 0           
c -------- IMPLICIT SUB STATS END --------
c Mem used                 : 0           MB
c Mem for longclauses      : 2           MB (0.00      %)
c [mem] watch alloc        : 0           MB (0.00      %)
c [mem] watch array        : 0           MB (0.00      %)
c Mem for assings&vardata  : 0           MB (0.00      %)
c Mem for search&solve     : 0           MB (0.00      %)
c Mem for renumberer       : 0           MB (0.00      %)
c Mem for occsimplifier    : 0           MB (0.00      %)
c Mem for varReplacer&SCC  : 0           MB (0.00      %)
c Mem for impl subsume     : 0           MB (0.00      %)
c Mem for 3 distills       : 0           MB (0.00      %)
c Accounted for mem (rss)  : 0.00        %
c Accounted for mem (vm)   : 0.00        %
c restarts                 : 7           (2427.43   confls per restart)
c time                     : 0.22        
c decisions                : 17141       (0.00      % random)
c propagations             : 533K        (2462K     props/s)
c decisions/conflicts      : 1.01        
c conflicts                : 16992       
c conf lits non-minim      : 1898043     (111.70    lit/confl)
c conf lits final          : 18.65       
c props/decision           : 0.00        
c props/conflict           : 0.00        
c 0-depth assigns          : 0           (0.00      % vars)
c 0-depth assigns by CNF   : 0           (0.00      % vars)
c reduceDB time            : 0.00        (0.65      % time)
c OccSimplifier time       : 0.00        (0.07      % time)
c [occur] link-in T: 0.00 cleanup T: 0.00 overhead T: 0.00
c [occ-substr] long subBySub: 0 subByStr: 0 lits-rem-str: 0 T: 0.00
c SCC time                 : 0.00        (0.01      % time)
c [scc] new: 2 BP 0M T: 0.00
c vrep replace time        : 0.00        (0.02      % time)
c vrep tree roots          : 2           
c vrep trees' crown        : 2           (1.00      leafs/tree)
c distill long time        : 0.00        (1.02      % time)
c distill bin time         : 0.00        (0.53      % time)
c strength cache-irred time: 0.00        (0.00      % time)
c strength cache-red time  : 0.00        (0.00      % time)
c avg cls in red 0         : 3343.81     
c avg cls in red 1         : 0.00        
c avg cls in red 2         : 0.00        
c Conflicts in UIP         : 16992       (73507.21  confl/time_this_thread)
c Mem used                 : 0.00        MB
c Total time (this thread) : 0.23        
s SATISFIABLE
v -1 2 3 4 5 6 7 -8 -9 -10 11 12 -13 14 15 -16 17 18 -19 -20 21 -22 23 24 25 26 
v -27 -28 29 -30 31 32 -33 34 -35 36 -37 38 39 -40 -41 -42 -43 -44 -45 -46 -47 
v -48 -49 -50 -51 -52 -53 -54 -55 -56 -57 -58 -59 -60 -61 -62 -63 -64 -65 -66 
v -67 -68 -69 -70 -71 -72 -73 -74 -75 -76 -77 78 79 80 -81 82 83 84 85 86 -87 
v 88 89 -90 -91 -92 -93 -94 -95 -96 -97 -98 -99 -100 -101 -102 -103 -104 -105 
v -106 -107 108 109 -110 111 112 113 114 115 -116 117 118 119 120 121 -122 123 
v 124 -125 -126 -127 -128 -129 -130 -131 -132 -133 -134 -135 -136 -137 -138 
v -139 -140 -141 -142 143 144 -145 146 147 148 149 150 -151 152 153 154 155 156 
v -157 158 159 -160 -161 -162 -163 -164 -165 -166 -167 -168 -169 -170 -171 -172 
v -173 -174 -175 -176 -177 178 179 -180 181 182 183 184 185 -186 187 188 189 
v 190 191 -192 193 194 -195 -196 -197 -198 -199 -200 -201 -202 -203 -204 -205 
v -206 -207 -208 -209 -210 -211 -212 213 214 -215 216 217 218 219 -220 221 222 
v 223 224 -225 226 227 -228 -229 -230 -231 -232 -233 -234 -235 -236 -237 -238 
v -239 -240 -241 -242 -243 -244 -245 -246 -247 -248 -249 -250 -251 -252 -253 
v -254 -255 -256 257 258 -259 260 -261 262 -263 264 265 -266 -267 -268 -269 270 
v 271 -272 273 -274 275 -276 277 278 -279 -280 -281 -282 -283 -284 -285 -286 
v -287 -288 -289 -290 -291 -292 -293 -294 -295 -296 -297 -298 -299 -300 -301 
v -302 -303 -304 -305 -306 -307 -308 309 310 -311 312 -313 314 -315 316 317 
v -318 -319 -320 -321 -322 -323 -324 -325 -326 -327 -328 -329 -330 -331 -332 
v -333 -334 335 336 -337 338 -339 340 -341 342 343 -344 -345 -346 -347 348 349 
v -350 351 -352 353 -354 355 356 -357 -358 -359 -360 361 362 -363 364 -365 366 
v -367 368 369 -370 -371 -372 -373 374 375 -376 377 -378 379 -380 381 382 -383 
v -384 -385 -386 -387 -388 -389 -390 -391 -392 -393 -394 -395 -396 -397 -398 
v -399 -400 -401 -402 -403 -404 -405 -406 -407 -408 -409 -410 -411 -412 413 414 
v -415 416 -417 418 -419 420 421 -422 -423 -424 -425 -426 -427 -428 -429 -430 
v -431 -432 -433 -434 -435 -436 437 -438 439 -440 441 -442 443 444 -445 -446 
v -447 -448 449 -450 451 -452 453 454 -455 -456 -457 -458 -459 -460 -461 -462 
v -463 -464 -465 -466 -467 468 -469 470 471 -472 -473 -474 -475 -476 -477 -478 
v -479 -480 -481 -482 483 484 -485 -486 -487 -488 -489 -490 -491 -492 493 -494 
v -495 -496 -497 -498 -499 -500 -501 -502 0
c [g 0] 66x500 dens: 0.1330 find: 268K (prop 36.3% confl 3.1%) elim: 309K (prop 11.4% confl 0.6%)
