c CMS SHA1: 7ae1b4a74259cdce223a584281fb8f090bbd3eed
c CryptoMiniSat version 5.14.7
c CMS compilation env CMAKE_CXX_COMPILER = /usr/bin/c++ | CMAKE_CXX_FLAGS =  -fno-stack-protector -msse4.2 -Wno-bitfield-constant-conversion -Wnull-dereference -Wdouble-promotion -Wshadow -Wformat=2 -Wextra-semi -pedantic | COMPILE_DEFINES =  -DNDEBUG -D_FORTIFY_SOURCE=0 | BUILD_SHARED_LIBS = OFF | ONLY_SIMPLE =  | STATS = OFF | SQLITE3_FOUND =  | ZLIB_FOUND = FALSE | VALGRIND_FOUND =  | ENABLE_TESTING = OFF | SLOW_DEBUG = OFF | ENABLE_ASSERTIONS = OFF | PYTHON_EXECUTABLE =  | PYTHON_LIBRARY =  | PYTHON_INCLUDE_DIRS =  | MY_TARGETS =  | LARGEMEM = OFF | LIMITMEM = OFF | BREAKID_LIBRARIES =  | BREAKID-VER = . | 
c Using VMTF, picosat, CaDiCaL, and CadiBack code by Armin Biere
c CMS is MIT licensed
c Using code from 'When Boolean Satisfiability Meets Gauss-E. in a Simplex Way'
c       by C.-S. Han and J.-H. Roland Jiang in CAV 2012. Fixes by M. Soos
c Using CCAnr from 'CCAnr: A Conf. Checking Based Local Search Solver [...]'
c       by Shaowei Cai, Chuan Luo, and Kaile Su, SAT 2015
c Using Oracle code from 'Integrating Tree Decompositions [...]'
c       by Tuukka Korhonen and Matti Jarvisalo, CP 2021
c Executed with command line: /Volumes/SSD990/cryptominisat-koblitz-20260909/build/cryptominisat5 --verb 1 --threads 1 /Volumes/SSD990/koblitz-stage13-panel-20260909/tasks/seed-2026091305/n31-l5-m3-standard-a1-f0/matrix/n31-l5-m3-standard-a1-f0/instance.xor.cnf
c Reading file '/Volumes/SSD990/koblitz-stage13-panel-20260909/tasks/seed-2026091305/n31-l5-m3-standard-a1-f0/matrix/n31-l5-m3-standard-a1-f0/instance.xor.cnf'
c o -- header says num vars:            502
c o -- header says num clauses:        1563
c -- added: 1505 clauses, 58 xor clauses, 502 vars
c Parsing time: 0.00 s
c [sls] 1565 cls, minimum 8 (new global minimum) T: 0.00
c [sls] 1565 cls, minimum 7 (new global minimum) T: 0.00
c --> Executing strategy token: sub-impl
c [impl-sub] bin: 0 T: 0.00 T-out: N w-visit: 1004
c Executing OCC strategy token(s): 'occ-backw-sub'
c [occ] Linked in IRRED BIN by default: 1049
c [occ] Linked in RED   BIN by default: 0
c Executing OCC strategy token: occ-backw-sub
c [occ-backw-sub-long-w-long] rem cl: 0 tried: 460/460 (100.0%) T: 0.00 T-out: N T-r: 100.00%
c --> Executing strategy token: scc-vrepl
c [scc] new: 2 BP 0M T: 0.00
c [vrep] vars 2 lits 209 rem-bin-cls 8 rem-long-cls 0 BP 0M T: 0.00
c --> Executing strategy token: breakid
c Executing OCC strategy token(s): 'occ-bve,occ-xor'
c [occ] Linked in IRRED BIN by default: 1045
c [occ] Linked in RED   BIN by default: 0
c Executing OCC strategy token: occ-bve
c [occ-empty-res] Empty resolvent elimed: 0 T: 0.00 T-out: N
c [occ-bve] tried:     0 v-elim:     0 free-vars: 500 T: 0.00 T-out: N T-r: 100.00%
c [occur] link-in T: 0.00 cleanup T: 0.00 overhead T: 0.00
c [occ-xor-bve] elimed: 0 T: 0.00 T-out: N
c Executing OCC strategy token: occ-xor
c [occ-xor] sort occur list T: 0.00
c [occ-xor] found      0 T: 0.00 T-out: N T-r: 100.00%
c [mem] consolidate mini T: 0.00
c [timeout] global_timeout_multiplier: 3.3000
c [branch] rebuilding order heap for all branchings. Current branching: vsids
c [lucky] no luck T: 0.00
c [gauss] clauses deleted that are represented by XORs: 0 xorclauses: 56 GJ matrices: 0 T: 0.00
c [matrix] performing matrix init
c [matrix] Good   matrix  0     56 x  500  density:0.1712  xorlen avg: 85.61
c [matrix] Using 1 matrices recovered from 56 xors T: 0.00 T-out: N
c [branch] adjusting to: vmtf (from: vsids) var_decay:0.95
c  res  pol bran  nres  conf freevar  IrrL  IrrB l/longC  l/allC RedL0 RedL1 RedL2  RedB l/longC  l/allC
c rst   stb    -  vmt     1  2025     500   460  1045    3.27    2.39  1295     0     0     3   26.39   26.33
c [branch] adjusting to: vsids (from: vmtf) var_decay:0.95
c rst   stb    O   vs     2  7048     500   460  1045    3.27    2.39  3025     0     0     4   22.07   22.04
c [distill-long-red0] cls tried: 2/1631 T: 0.00 T-out: Y T-r: -109.44%
c rst   stb    I   vs     3  9097     500   460  1045    3.27    2.39  2992     0     0     6   18.12   18.09
c rst   stb    B   vs     5 11145     500   460  1045    3.27    2.39  3339     0     0     6   17.41   17.38
c [distill-bin] useful/checked/potential: 0/1045/1045 lits-rem: 0 cl-rem: 0 0-depth-assigns: 0 T: 0.00 T-out: N
c rst   foc    B   vs     7   22K     500   460  1045    3.27    2.39  7400     0     0     8   14.32   14.31
c [branch] adjusting to: vmtf (from: vsids) var_decay:0.95
c [distill-long-red0] cls tried: 2/711 T: 0.00 T-out: Y T-r: -500.58%
c [full-probe] bin_only: 1 set: 0 repl: 0 T: 0.00 T-out: N T-r: 99.96%
c rst   foc    F  vmt     8   22K     500   460  1049    3.27    2.39  3618     0     0     8   19.36   19.32
c [distill] watch-based irred-- cl tried      916 cl-sh     0 cl-rem    4 lit-rem      0 T: 0.00 T-out: N
c [distill] watch-based   red-- cl tried     5002 cl-sh  1662 cl-rem    0 lit-rem   7381 T: 0.01 T-out: N
c rst   foc    #  vmt   128   28K     500   456  1053    3.27    2.39  6298     0     0     5   20.37   20.35
c rst   stb    #  vmt   132   33K     500   456  1053    3.27    2.39  7470     0     0     5   17.82   17.81
c [branch] adjusting to: vsids (from: vmtf) var_decay:0.95
c [distill-bin] useful/checked/potential: 5/1053/1053 lits-rem: 0 cl-rem: 5 0-depth-assigns: 0 T: 0.00 T-out: N
c rst   stb    #   vs   133   34K     500   456  1048    3.27    2.39  8494     0     0     5   18.08   18.07
c [sls] 1560 cls, minimum 7 T: 0.00
c rst   stb    W   vs   135   37K     500   456  1048    3.27    2.39  7614     0     0     5   16.99   16.98
c [distill-long-red0] cls tried: 3/836 T: 0.00 T-out: Y T-r: -453.56%
c [impl-str] lit bin: 0 set-var: 0 T: 0.00 T-out: N T-r: 99.99% w-visit: 1004
c [impl-sub] bin: 0 T: 0.00 T-out: N w-visit: 1004
c rst   stb    W   vs   139   45K     500   456  1048    3.27    2.39 10838     0     0     6   16.54   16.53
c [full-probe] bin_only: 0 set: 0 repl: 0 T: 0.00 T-out: N T-r: 99.03%
c rst   stb    O   vs   140   53K     500   456  1052    3.27    2.39 10255     0     0     7   15.50   15.49
c [distill-long-red0] cls tried: 2/1812 T: 0.00 T-out: Y T-r: -124.13%
c [distill-bin] useful/checked/potential: 3/1052/1052 lits-rem: 0 cl-rem: 3 0-depth-assigns: 0 T: 0.00 T-out: N
c [distill] watch-based irred-- cl tried      912 cl-sh     0 cl-rem    0 lit-rem      0 T: 0.00 T-out: N
c [distill] watch-based   red-- cl tried     3421 cl-sh   842 cl-rem  217 lit-rem   4746 T: 0.01 T-out: N
c rst   stb    B   vs   141   54K     500   456  1049    3.27    2.39  7379     0     0     7   17.40   17.39
c ------- FINAL TOTAL SEARCH STATS ---------
c UIP search time          : 0.80        (94.26     % time)
c All times are for this thread only except if explicitly specified
c restarts                 : 142         (391.30    confls per restart)
c time                     : 0.80        
c decisions                : 57407       (0.00      % random)
c propagations             : 1970K       (2466K     props/s)
c decisions/conflicts      : 1.03        
c conflicts                : 55565       
c LEARNT stats
c units learnt             : 0           (0.00      % of conflicts)
c bins learnt              : 11          (0.02      % of conflicts)
c long learnt              : 55951       (100.69    % of conflicts)
c SEAMLESS HYPERBIN&TRANS-RED stats
c advProp called           : 0           
c hyper-bin add bin        : 0           (0.00      bin/call)
c trans-red rem irred bin  : 0           (0.00      bin/call)
c trans-red rem red bin    : 0           (0.00      bin/call)
c CONFL LITS stats
c orig                     : 6904993     (124.27    lit/confl)
c recurs-min effective     : 55492       (99.87     % attempt successful)
c recurs-min lits          : 5763586     (83.47     % less overall)
c shrink effective         : 15169       (27.30     % attempt successful)
c shrink lits              : 158574      (2.30      % less overall)
c otfs str/driving         : 3           (2         strengthened/driving)
c permDiff call%           : 0.00        (0.00      % attempt successful)
c permDiff lits-rem        : 0           (0.00      less lits/cl on attempts)
c further-min call%        : 0.44        (38.21     % attempt successful)
c bintri-min lits          : 158         (0.00      % less overall)
c final avg                : 17.69       
c all-threads sum CPU time : 0.80         s
c PROP stats
c Mbogo-props              : 5.01        (6.27      / sec)
c MHyper-props             : 0.00        (0.00      / sec)
c Mprops                   : 1.97        (2.47      / sec)
c -------- OccSimplifier STATS ----------
c time                     : 0.00        (0.00      % var-elim)
c called                   : 2           (0.00      s per call)
c 0-depth assigns          : 0           (0.00      % vars)
c -------- OccSimplifier STATS END ----------
c -------- SubsumeStrengthen STATS ----------
c cl-subs                  : 0            Clauses
c cl-str rem lit           : 0            Lits
c cl-sub T                 : 0.00         s
c cl-str T                 : 0.00         s
c -------- SubsumeStrengthen STATS END ----------
c ----- SCC STATS --------
c time                     : 0.00        (0.00      per call)
c called                   : 1           (2.00      new found per call)
c found                    : 2           (50.00     % of all found)
c bogoprops                : 1468        % of all found
c ----- SCC STATS END --------
c --------- VAR REPLACE STATS ----------
c time                     : 0.00        (0.00      per call)
c trees' crown             : 2           (0.40      % of vars)
c 0-depth assigns          : 0           (0.00      % vars)
c lits replaced            : 209         
c bin cls removed          : 8           
c long cls removed         : 0           
c long lits removed        : 0           
c bogoprops                : 2271        
c --------- VAR REPLACE STATS END ----------
c vrep replace time        : 0.00        (0.01      % time)
c vrep tree roots          : 2           
c vrep trees' crown        : 2           (1.00      leafs/tree)
c -------- DISTILL-BIN STATS --------
c time                     : 0.01        (0.00      per call)
c timed out                : 0           (0.00      % of calls)
c distill/checked/potential: 0          /3150/3150
c lits-rem                 : 0           
c 0-depth-assigns          : 0           (0.00      % of vars)
c -------- DISTILL STATS END --------
c -------- STRENGTHEN STATS --------
c --> watch-based on irred cls
c time                     : 0.00        (0.00      s/call)
c shrinked/tried/total     : 0          /1828/1828
c subsumed/tried/total     : 4          /1828/1828
c lits-rem                 : 0           (0.00      % of lits tried)
c called                   : 4           (0.00      % ran out of time)
c --> watch-based on red cls
c time                     : 0.01        (0.00      s/call)
c shrinked/tried/total     : 2504       /8423/22371
c subsumed/tried/total     : 217        /8423/22371
c lits-rem                 : 12127       (6.19      % of lits tried)
c called                   : 4           (0.00      % ran out of time)
c -------- STRENGTHEN STATS END --------
c -------- IMPLICIT SUB  STATS --------
c time                     : 0.00        (0.00      per call)
c timed out                : 0           (0.00      % of calls)
c rem bins                 : 0           
c -------- IMPLICIT SUB STATS END --------
c Mem used                 : 0           MB
c Mem for longclauses      : 2           MB (0.00      %)
c [mem] watch alloc        : 1           MB (0.00      %)
c [mem] watch array        : 0           MB (0.00      %)
c Mem for assings&vardata  : 0           MB (0.00      %)
c Mem for search&solve     : 0           MB (0.00      %)
c Mem for renumberer       : 0           MB (0.00      %)
c Mem for occsimplifier    : 0           MB (0.00      %)
c Mem for varReplacer&SCC  : 0           MB (0.00      %)
c Mem for impl subsume     : 0           MB (0.00      %)
c Mem for 3 distills       : 0           MB (0.00      %)
c Accounted for mem (rss)  : 0.00        %
c Accounted for mem (vm)   : 0.00        %
c restarts                 : 142         (391.30    confls per restart)
c time                     : 0.80        
c decisions                : 57407       (0.00      % random)
c propagations             : 1970K       (2466K     props/s)
c decisions/conflicts      : 1.03        
c conflicts                : 55565       
c conf lits non-minim      : 6904993     (124.27    lit/confl)
c conf lits final          : 17.69       
c props/decision           : 0.00        
c props/conflict           : 0.00        
c 0-depth assigns          : 0           (0.00      % vars)
c 0-depth assigns by CNF   : 0           (0.00      % vars)
c reduceDB time            : 0.00        (0.50      % time)
c OccSimplifier time       : 0.00        (0.03      % time)
c [occur] link-in T: 0.00 cleanup T: 0.00 overhead T: 0.00
c [occ-substr] long subBySub: 0 subByStr: 0 lits-rem-str: 0 T: 0.00
c SCC time                 : 0.00        (0.00      % time)
c [scc] new: 2 BP 0M T: 0.00
c vrep replace time        : 0.00        (0.01      % time)
c vrep tree roots          : 2           
c vrep trees' crown        : 2           (1.00      leafs/tree)
c distill long time        : 0.01        (1.01      % time)
c distill bin time         : 0.01        (0.63      % time)
c strength cache-irred time: 0.00        (0.04      % time)
c strength cache-red time  : 0.01        (1.53      % time)
c avg cls in red 0         : 6154.41     
c avg cls in red 1         : 0.00        
c avg cls in red 2         : 0.00        
c Conflicts in UIP         : 55565       (65581.76  confl/time_this_thread)
c Mem used                 : 0.00        MB
c Total time (this thread) : 0.85        
s SATISFIABLE
v 1 2 -3 -4 5 -6 -7 8 9 10 -11 -12 -13 14 15 16 17 18 -19 20 -21 -22 23 24 -25 26 
v 27 -28 29 -30 -31 -32 -33 -34 35 36 -37 38 -39 -40 -41 42 -43 -44 -45 -46 -47 
v -48 -49 -50 -51 -52 -53 -54 55 -56 -57 -58 59 60 61 -62 -63 -64 65 66 67 -68 
v -69 -70 71 72 -73 -74 -75 76 77 -78 -79 -80 -81 -82 -83 -84 -85 -86 -87 -88 
v -89 90 -91 -92 -93 94 95 96 -97 -98 -99 100 101 102 -103 -104 -105 106 107 
v -108 -109 -110 111 112 -113 -114 -115 -116 -117 -118 -119 -120 -121 -122 -123 
v -124 -125 -126 -127 -128 -129 -130 -131 -132 -133 -134 -135 -136 -137 -138 
v -139 -140 -141 -142 -143 -144 -145 -146 -147 -148 -149 -150 -151 -152 -153 
v -154 -155 -156 -157 -158 -159 -160 -161 -162 -163 -164 -165 -166 -167 -168 
v -169 -170 -171 -172 -173 -174 -175 -176 -177 -178 -179 -180 -181 -182 -183 
v -184 -185 -186 -187 -188 -189 -190 -191 -192 -193 -194 195 -196 -197 -198 199 
v 200 201 -202 -203 -204 205 206 207 -208 -209 -210 211 212 -213 -214 -215 216 
v 217 -218 -219 -220 -221 -222 -223 -224 -225 -226 -227 -228 -229 -230 231 232 
v -233 -234 -235 236 237 -238 -239 -240 241 242 -243 -244 -245 -246 -247 248 
v 249 -250 251 -252 -253 -254 255 -256 -257 -258 -259 -260 261 262 -263 264 
v -265 -266 -267 268 -269 -270 -271 -272 -273 274 275 -276 277 -278 -279 -280 
v 281 -282 -283 -284 -285 -286 -287 -288 -289 -290 -291 -292 -293 -294 -295 
v -296 -297 -298 -299 300 301 -302 303 -304 -305 -306 307 -308 -309 -310 -311 
v -312 -313 -314 -315 -316 -317 -318 -319 -320 -321 -322 -323 -324 -325 -326 
v -327 -328 -329 -330 -331 -332 -333 -334 -335 -336 -337 -338 339 340 -341 342 
v -343 -344 -345 346 -347 -348 -349 -350 -351 352 353 -354 355 -356 -357 -358 
v 359 -360 -361 -362 -363 -364 -365 -366 -367 -368 -369 -370 -371 -372 -373 
v -374 -375 -376 -377 378 379 -380 381 -382 -383 -384 385 -386 -387 -388 -389 
v -390 391 392 -393 394 -395 -396 -397 398 -399 -400 -401 -402 -403 -404 -405 
v -406 -407 -408 -409 -410 -411 -412 -413 -414 -415 -416 417 418 -419 420 -421 
v -422 -423 424 -425 -426 -427 -428 -429 -430 -431 -432 -433 -434 -435 -436 
v -437 -438 -439 -440 -441 -442 -443 -444 -445 -446 -447 -448 -449 -450 -451 
v -452 -453 -454 -455 -456 -457 -458 -459 -460 -461 -462 -463 -464 -465 -466 
v -467 -468 -469 -470 -471 -472 -473 -474 475 -476 477 -478 -479 -480 481 -482 
v 483 -484 -485 -486 487 -488 -489 -490 -491 -492 -493 -494 -495 496 -497 -498 
v -499 -500 -501 -502 0
c [g 0] 56x500 dens: 0.1403 find: 687K (prop 46.3% confl 4.5%) elim: 310K (prop 12.7% confl 0.7%)
