packed kernel: 126 registers/thread, 0 local bytes/thread, 1792 shared bytes/block, single-product multiplier
packed launch bounds: 512 threads, 1 min blocks
packed driver reserved shared bytes/block: 1024, device 0
packed denominator cache: 1
packed multiply by value: 1
packed Frobenius network: 3
packed polynomial chain: 1
packed polynomial state: 1
packed unrolled inversion: 1
packed paired products: 1
packed pair ilp: 0
packed pair clmul: 0
packed clmul flat: 0
packed top hoist: 0
packed onb inv: 0
packed from reduced: 0
packed slot unroll: 1
packed chains: 1
packed slot prefetch: 0
packed slot pipeline: 0
packed sigma fused: 1
packed sigma fused late y: 0
packed witness: 0
packed L2 persist: 0
packed direct reduction: 1
packed generated product: 1
packed native carryless multiply: 1
packed native carryless square: 0
packed three-limb Karatsuba: 0
packed weighted prefix: 2
packed compact state: 1
packed shared sigma: 1
packed top clmad: 0
packed state tile: 256
packed add combine: 0
packed alu square: 0
packed alu onb square: 0
packed square table: 0
packed polynomial inversion: 0
packed profile ranges: 0
packed table walk: 0 (0 branches, 0 shared bytes)
backend cuda-packed131: 192512 threads x 32 slots x 1 lanes = 6160384 walks, dp weight 0, 1024 steps per launch
       2.3 s   13465.561 M it/s  31541166080 iterations         0 dp         0 stored         0 dropped
       4.7 s   13457.872 M it/s  63082332160 iterations         0 dp         0 stored         0 dropped
       7.0 s   13459.391 M it/s  94623498240 iterations         0 dp         0 stored         0 dropped
       9.4 s   13458.610 M it/s  126164664320 iterations         0 dp         0 stored         0 dropped
      11.7 s   13458.488 M it/s  157705830400 iterations         0 dp         0 stored         0 dropped
      14.1 s   13459.463 M it/s  189246996480 iterations         0 dp         0 stored         0 dropped
      15.0 s   13459.385 M it/s  201863462912 iterations         0 dp         0 stored         0 dropped
  finished: 13459.296 M it/s, 0 distinguished points (0 verified against the reference, 0 dropped)
