packed kernel: 126 registers/thread, 0 local bytes/thread, 1792 shared bytes/block, single-product multiplier
packed launch bounds: 256 threads, 2 min blocks
packed driver reserved shared bytes/block: 1024, device 0
packed denominator cache: 1
packed multiply by value: 1
packed Frobenius network: 3
packed polynomial chain: 1
packed polynomial state: 1
packed unrolled inversion: 1
packed paired products: 1
packed pair ilp: 0
packed pair clmul: 0
packed clmul flat: 0
packed top hoist: 0
packed onb inv: 0
packed from reduced: 0
packed slot unroll: 1
packed chains: 1
packed slot prefetch: 0
packed slot pipeline: 0
packed sigma fused: 1
packed sigma fused late y: 0
packed witness: 0
packed L2 persist: 0
packed direct reduction: 1
packed generated product: 1
packed native carryless multiply: 1
packed native carryless square: 0
packed three-limb Karatsuba: 0
packed weighted prefix: 2
packed compact state: 1
packed shared sigma: 1
packed top clmad: 0
packed state tile: 256
packed add combine: 0
packed alu square: 0
packed alu onb square: 0
packed square table: 0
packed polynomial inversion: 0
packed profile ranges: 0
packed table walk: 0 (0 branches, 0 shared bytes)
backend cuda-packed131: 385024 threads x 16 slots x 1 lanes = 6160384 walks, dp weight 0, 1024 steps per launch
       2.1 s   15345.034 M it/s  31541166080 iterations         0 dp         0 stored         0 dropped
       4.1 s   15309.989 M it/s  63082332160 iterations         0 dp         0 stored         0 dropped
       6.2 s   15296.968 M it/s  94623498240 iterations         0 dp         0 stored         0 dropped
       8.3 s   15288.419 M it/s  126164664320 iterations         0 dp         0 stored         0 dropped
      10.3 s   15281.104 M it/s  157705830400 iterations         0 dp         0 stored         0 dropped
      12.4 s   15276.195 M it/s  189246996480 iterations         0 dp         0 stored         0 dropped
      13.2 s   15275.224 M it/s  201863462912 iterations         0 dp         0 stored         0 dropped
  finished: 15275.127 M it/s, 0 distinguished points (0 verified against the reference, 0 dropped)
