{
  "backend": "direct-mitm",
  "exhaustive": true,
  "factor_points": 25,
  "group_additions": 330,
  "interpretation": "SAT is accepted only after the factor-point sum equals the exact manifest target",
  "pair_entries": 309,
  "regenerated_source_exact": true,
  "schema": "koblitz_pdp_isolated_backend.v1",
  "source_artifacts": {
    "cryptominisat_xor_dimacs": {
      "blake3": "e470b2d614baff2dc02921ea276d8362c01d11314a5170cb65b46ecd7a630365",
      "bytes": 38825,
      "path": "instance.xor.cnf",
      "valid": true
    },
    "magma_boolean_f4": {
      "blake3": "90894a4c249d3efb9a50c9cd8d1fa39695706d95229368baf3c455e4c7587fd2",
      "bytes": 77138,
      "path": "instance.magma",
      "valid": true
    },
    "wdsat_anf": {
      "blake3": "1500492665695c3ea0c22a7f4387276a6b861c33fc0b1011ac6b1ca977d7719c",
      "bytes": 48067,
      "path": "instance.anf",
      "valid": true
    }
  },
  "source_instance_id": "870af644265572381276e3c177f8a35e2c4dd34d823a51194f8a111d9b1924ac",
  "source_instance_verified": true,
  "source_witness_valid": true,
  "status": "sat",
  "timing_ns": {
    "factor_base_materialisation": 1662166,
    "search": 8334833,
    "source_verification": 10274083
  },
  "witness_indices": [
    20,
    24,
    4
  ]
}
