packed kernel: 80 registers/thread, 8 local bytes/thread, 29568 shared bytes/block, two-product multiplier
packed theoretical occupancy: 50.0% (3 blocks/SM, 256 threads/block, 82 SMs); grid 4 blocks
packed driver reserved shared bytes/block: 1024, device 0
packed denominator cache: 1
packed last-slot cache mode: 1
packed multiply by value: 1
packed Frobenius network: 3
packed partial Frobenius routing mask: 1
packed Frobenius stage order: 1
packed byte-select Frobenius: 1
packed seven-stage conversion: 1
packed polynomial chain: 1
packed polynomial state: 1
packed unrolled inversion: 1
packed paired products: 1
packed direct reduction: 1
packed generated product: 1
packed native carryless multiply: 1
packed native full product: 0
packed native reduction: 0
packed fused sigma: 0
packed inline mask: 3
packed weighted prefix: 2
packed compact state: 1
packed shared sigma: 1
packed state tile: 256
packed block inverse: 1
packed physical slots/thread: 12; logical workers/block: 128
backend cuda-packed131: 512 threads x 24 slots x 1 lanes = 12288 walks, dp weight 52, 64 steps per launch
no checkpoint at /home/ubuntu/crypto/ecc2k130/build/batch24-aligned-candidate-58203.ckpt, starting fresh
       2.3 s       0.679 M it/s     1572864 iterations     14590 dp     14590 stored         0 dropped
       4.3 s       0.739 M it/s     3145728 iterations     29289 dp     29289 stored         0 dropped
  finished: 0.732 M it/s, 29289 distinguished points (16 verified against the reference, 0 dropped)
