== manifest
{
 "commit": "20ff47654ddbe8e59808ad6a6813e5c8a1400ae9",
 "tree_status": "?? research/ic_descent_20260930/runs/",
 "rustc": "rustc 1.94.1 (e408947bf 2026-03-25)",
 "cpu_model": "Intel(R) Xeon(R) Processor @ 2.10GHz",
 "cpu_flags_relevant": [
  "pclmulqdq",
  "popcnt",
  "avx2",
  "bmi2",
  "avx512f",
  "avx512dq",
  "avx512ifma",
  "avx512cd",
  "avx512bw",
  "avx512vl",
  "avx512_bf16",
  "avx512vbmi",
  "avx512_vbmi2",
  "gfni",
  "vpclmulqdq",
  "avx512_vnni",
  "avx512_bitalg",
  "avx512_vpopcntdq",
  "avx512_fp16"
 ],
 "logical_cores": 4,
 "memory": "MemTotal:       16480972 kB",
 "os": "Linux-6.18.44-fc-v50-x86_64-with-glibc2.39",
 "arch": "x86_64",
 "binaries": {
  "baseline": {
   "ic_sha256": "07e527a4d9339e54020db55b5477a95f472b6abb6e6969ed1c003d48e7ee2612",
   "probe_sha256": "75e59a8646be792a7b364f0062c516ee766d3511fddb12c0e49bc1de4758f711",
   "built_from": "57e7ce3a (ic); the probe at f231d7d1, whose library is 57e7ce3a's"
  },
  "candidate": {
   "ic_sha256": "d390908ae8501426b51c8ba5f7a84e41f23107de9071c5663a2c3b0b361a9886",
   "probe_sha256": "4caa046cc7fdc6e639ff6977e036261bea61ca19c883d2e49f0085dd7af53c7e",
   "built_from": "20ff4765 (ic and the probe)"
  }
 },
 "build": "cargo build --release --bin ic --example koblitz_descent_prices, clean tree, rustc above",
 "uptime": "03:51:59 up 32 min,  0 user,  load average: 2.11, 2.51, 1.85",
 "pinning": "RAYON_NUM_THREADS=1 under taskset -c 2; the thread check RAYON_NUM_THREADS=4 under taskset -c 0-3",
 "hardware_class": "one x86-64 cloud container; no claim for Arm64, GPUs or other hosts"
}
== inputs
inputs: all 36 match inputs.sha256
== main
k1n19 M1: A/A spread 1.038
k1n19 M2: A/A spread 1.045
k1n19 M3: A/A spread 1.037
k1n19 M4: A/A spread 1.056
k1n23 M1: A/A spread 1.058
k1n23 M2: A/A spread 1.054
k1n23 M3: A/A spread 1.027
k1n23 M4: A/A spread 1.050
k1n45 M1: A/A spread 1.025
k1n45 M2: A/A spread 1.056
k1n45 M3: A/A spread 1.076
k1n45 M4: A/A spread 1.024
k0n37 M1: A/A spread 1.063
k0n37 M2: A/A spread 1.055
k0n37 M3: A/A spread 1.018
k0n37 M4: A/A spread 1.067
k1n43 M1: A/A spread 1.010
k1n43 M2: A/A spread 1.035
k1n43 M3: A/A spread 1.025
k1n43 M4: A/A spread 1.029
k1n47 M1: A/A spread 1.118
k1n47 M2: A/A spread 1.097
k1n47 M3: A/A spread 1.051
k1n47 M4: A/A spread 1.061
k0n41 M1: A/A spread 1.028
k0n41 M2: A/A spread 1.040
k0n41 M3: A/A spread 1.034
k0n41 M4: A/A spread 1.140
k0n53 M1: A/A spread 1.090
k0n53 M2: A/A spread 1.079
k0n53 M3: A/A spread 1.063
k0n53 M4: A/A spread 1.162
k0n61 M1: A/A spread 1.109
k0n61 M2: A/A spread 1.088
k0n61 M3: A/A spread 1.105
k0n61 M4: A/A spread 1.020
== control1
k1n19-M1 True
k1n23-M1 True
k1n45-M1 True
k0n37-M1 True
k1n43-M1 True
k1n47-M1 True
k0n41-M1 True
k0n53-M1 True
k0n61-M1 True
== rho
{
 "control": "baseline batch rho counts == \u00a720's at k0n41 M1",
 "pass": true,
 "compared": {
  "gae": true,
  "setup_gae": true,
  "steps_per_target": true,
  "counters": true,
  "solved_by": true,
  "recovered": true,
  "all_verified": true,
  "agrees_with_expected": true
 },
 "s_priced_per_target": {
  "s20": 0.061012588579277605,
  "baseline": 0.05952651153621292
 },
 "pipeline_counts_equal_s20": true,
 "pipeline_recovered_equal_s20": true
}
== threads
k0n41 M1: four threads done
== probe
k1n19-M1-baseline.json
k1n19-M1-candidate.json
k1n23-M1-baseline.json
k1n23-M1-candidate.json
k1n45-M1-baseline.json
k1n45-M1-candidate.json
k0n37-M1-baseline.json
k0n37-M1-candidate.json
k1n43-M1-baseline.json
k1n43-M1-candidate.json
k0n41-M1-baseline.json
k0n41-M1-candidate.json
exit 0
