NVIDIA RTX PRO 6000 Blackwell Server Edition, GPU-79f2dc7e-f96c-4d41-e362-167acf50fbc1, 580.95.05, 2430 MHz, 600.00 W, 97887 MiB, 12.0
nvcc: NVIDIA (R) Cuda compiler driver
Copyright (c) 2005-2026 NVIDIA Corporation
Built on Tue_Jun_09_02:43:40_PM_PDT_2026
Cuda compilation tools, release 13.3, V13.3.73
Build cuda_13.3.r13.3/compiler.38244171_0
source: 7e5281e6b276b89428dbb74a1c05a50ca5b61a02
control: BATCH=16 THREADS=512 MINBLOCKS=1 WITNESS=0 GLOBAL_CG=0 TABLE_FUSED=0 TABLE_GLOBAL=0 TABLE_ADDEND_GLOBAL=0 TABLE_PHASE_POPC=0 CYCLE_PROFILE=0 PHASE_PROFILE=0 PACKED_CHAINS=1 PACKED_TOP_HOIST=0 PACKED_ONB_INV=0 PACKED_SLOT_PREFETCH=0 PACKED_SLOT_PIPELINE=0 PACKED_CLMAD_SQUARE=0 PACKED_KARAT3=0 PACKED_TOP_CLMAD=0 PACKED_ADD_COMBINE=0 PACKED_ALU_SQR=0 SIGMA_FUSED=0 SIGMA_FUSED_LATE_Y=0 TABLE_BLOCK_HINTS=1 TABLE_GLOBAL_HINTS=0
candidate: BATCH=16 THREADS=512 MINBLOCKS=1 WITNESS=0 GLOBAL_CG=0 TABLE_FUSED=0 TABLE_GLOBAL=0 TABLE_ADDEND_GLOBAL=0 TABLE_PHASE_POPC=0 CYCLE_PROFILE=0 PHASE_PROFILE=0 PACKED_CHAINS=1 PACKED_TOP_HOIST=0 PACKED_ONB_INV=0 PACKED_SLOT_PREFETCH=0 PACKED_SLOT_PIPELINE=0 PACKED_CLMAD_SQUARE=0 PACKED_KARAT3=0 PACKED_TOP_CLMAD=0 PACKED_ADD_COMBINE=0 PACKED_ALU_SQR=0 SIGMA_FUSED=0 SIGMA_FUSED_LATE_Y=0 TABLE_BLOCK_HINTS=0 TABLE_GLOBAL_HINTS=1
warmup	0	1	control	7021.276	3ce298ab7f415ce3bd05ecfc7d21ae0600a1a9d6a5bd08b4e1050799ec404de4	2422, 267.72, 49
warmup	0	2	candidate	5612.628	ee2109d184eb3b39e3ed9359a2ae31e129161dbb03359b88d34654a6624083e4	2422, 247.35, 53
aa	1	1	aa1	7023.713	507cacc52151df31f11340dbfde2aebd02e00b39f9780f9bbaeea094e12e792f	2422, 271.20, 58
aa	1	2	aa2	7019.763	5e3db8a848e74be9d4c79b2ecdd602a049339400424528da822b2ac33f621f25	2422, 311.94, 62
aa	2	1	aa2	7019.802	f2d147a60419e7d568529286fea414399aa76c13ed1767542433367fc6cd4a5f	2422, 307.74, 62
aa	2	2	aa1	7019.804	4fe55bb4461477ac8ca6972be8e71fcb6460aef41a2cc7fb25c80f7b2100d401	2422, 293.90, 64
aa	3	1	aa1	7021.422	df3d5101b4d4856ffecbf334bbbdb98247f00c48954f6c38397fafc8cd2aeddc	2422, 296.66, 64
aa	3	2	aa2	7018.717	ee8e1c8d483381f40e0fbd2139dc9d4a2a131017b18a1e7ab1b8b39e6e150796	2422, 312.71, 61
aa	4	1	aa2	7022.694	8bc7cf29cf525fdc5b6fe4c2fb1ef318ff34497e6af340bc5dbb366cba265f58	2422, 291.36, 63
aa	4	2	aa1	7021.781	16b173ff029a14d1d7bbbfb2d95e80721ab1c200520e09298abdb139260500dc	2422, 307.84, 63
aa	5	1	aa1	7018.950	ae507ab85c9708b46d307900d3247970d2dce5d8d2eca34fea3453e1baf7f2b2	2422, 294.83, 62
aa	5	2	aa2	7021.582	f78302bc60f3f035680f0813f41091b616da5b6a0b31d852dff13f39cc662985	2422, 298.15, 61
ab	1	1	control	7019.661	ef883f3ce8d2e9fc347c42c906aab325aa638fb72ef8df83c06e1a7f661b190c	2422, 290.03, 61
ab	1	2	candidate	5608.567	c8cc18c248093545b4e19251750f00f65f392fde66a3bad104c56e560b343ec0	2422, 276.08, 58
ab	2	1	candidate	5608.978	857ae34269c4d32b4f6fb217e7e761c8c186039ad8203f655e6a51534d08bbde	2407, 267.01, 59
ab	2	2	control	7021.655	bd42e941fd9549544023cd450cb6cecc46c0befbfff2df08503040f582dc49b2	2422, 297.24, 59
ab	3	1	control	7022.733	1090e7b47a0d835a16360c26b951f7eeecbd74e5d9b48163894f943891eedfc9	2422, 285.70, 57
ab	3	2	candidate	5610.974	f46c6c8bb248342c24b5e686a7cb0d90ecbba42752a5fe502badae580bbbff81	2422, 267.77, 59
ab	4	1	candidate	5612.051	92820aa454b309764497536b170e5087c623f7ea67bfcf8a4f0e37af59b39213	2422, 269.58, 56
ab	4	2	control	7022.501	e5c1bd32905230b7609a7d0a93d9e91354ec56fed98963972d8d60cab7ca86ad	2422, 306.38, 59
ab	5	1	control	7020.994	ce9ccf280d300b311764aa0f6bbb88fa00bc5f38b26d0eb391ad6dae671b1826	2422, 317.89, 61
ab	5	2	candidate	5611.000	ebbb6b19b34a58837bd60bbc8edcacbbbaaa8d3da1d095c53774ecc666e622d7	2422, 263.41, 56
=== done
