packed L2 persist window: 83886080 of 314179584 field bytes, cap 83886080
packed kernel: 126 registers/thread, 0 local bytes/thread, 0 shared bytes/block, single-product multiplier
packed launch bounds: 512 threads, 1 min blocks
packed driver reserved shared bytes/block: 1024, device 0
packed denominator cache: 1
packed multiply by value: 1
packed Frobenius network: 3
packed polynomial chain: 1
packed polynomial state: 1
packed unrolled inversion: 1
packed paired products: 1
packed pair ilp: 1
packed pair clmul: 0
packed clmul flat: 0
packed top hoist: 0
packed onb inv: 0
packed from reduced: 1
packed slot unroll: 1
packed chains: 1
packed slot prefetch: 0
packed slot pipeline: 0
packed sigma fused: 0
packed sigma fused late y: 0
packed witness: 0
packed L2 persist: 1
packed direct reduction: 1
packed generated product: 1
packed native carryless multiply: 1
packed native carryless square: 0
packed three-limb Karatsuba: 0
packed weighted prefix: 2
packed compact state: 1
packed shared sigma: 1
packed top clmad: 0
packed state tile: 256
packed add combine: 0
packed alu square: 1
packed alu onb square: 0
packed square table: 1
packed polynomial inversion: 2
packed profile ranges: 0
packed table GPU-wide hints: 1
packed hint scheduling: table fused 0, pipe select 1, chain first 1, inline polynomial 3, phase profile 0, cycle profile 0
packed GPU-wide hint queue: 6160384 entries, 188 resolver blocks of 128 threads
packed hint select kernel: 56 registers/thread, 0 local bytes/thread, 0 static shared bytes
packed hint resolve kernel: 124 registers/thread, 400 local bytes/thread, 0 static shared bytes
packed table pivot bytes: 1, table shared bytes 57052
packed table phase popc: 0
packed table split forward: 1
packed table batch hints: 1
packed table block hints: 0, queue 512
packed cycle fast2: 1
packed cycle profile: 0
packed table global: 0
packed table addend global: 0
packed table walk: 1 (8 branches, 57052 shared bytes)
backend cuda-packed131: 385024 threads x 16 slots x 1 lanes = 6160384 walks, dp weight 0, 1024 steps per launch
       2.6 s    4763.705 M it/s  12616466432 iterations         0 dp         0 stored         0 dropped
       5.6 s    5669.815 M it/s  31541166080 iterations         0 dp         0 stored         0 dropped
       7.6 s    5790.738 M it/s  44157632512 iterations         0 dp         0 stored         0 dropped
       9.8 s    5818.424 M it/s  56774098944 iterations         0 dp         0 stored         0 dropped
      11.9 s    5818.910 M it/s  69390565376 iterations         0 dp         0 stored         0 dropped
      14.1 s    5815.623 M it/s  82007031808 iterations         0 dp         0 stored         0 dropped
      16.3 s    5808.321 M it/s  94623498240 iterations         0 dp         0 stored         0 dropped
      18.5 s    5782.353 M it/s  107239964672 iterations         0 dp         0 stored         0 dropped
      20.8 s    5754.807 M it/s  119856431104 iterations         0 dp         0 stored         0 dropped
      23.2 s    5708.893 M it/s  132472897536 iterations         0 dp         0 stored         0 dropped
      25.6 s    5666.095 M it/s  145089363968 iterations         0 dp         0 stored         0 dropped
      28.1 s    5618.434 M it/s  157705830400 iterations         0 dp         0 stored         0 dropped
      30.6 s    5570.856 M it/s  170322296832 iterations         0 dp         0 stored         0 dropped
      33.1 s    5527.366 M it/s  182938763264 iterations         0 dp         0 stored         0 dropped
      35.6 s    5486.094 M it/s  195555229696 iterations         0 dp         0 stored         0 dropped
      36.0 s    5612.648 M it/s  201863462912 iterations         0 dp         0 stored         0 dropped
  finished: 5612.628 M it/s, 0 distinguished points (0 verified against the reference, 0 dropped)
