v0/k1n19-M1-T01/r1.price.json 18.0
v0/k1n19-M1-T02/r1.price.json 12.0
v0/k1n19-M1-T02/r1-retry1.price.json 12.0
v0/k1n19-M2-T03/r1.price.json 0.0
v0/k1n19-M2-T04/r1.price.json 0.0
v0/k1n19-M3-T05/r1.price.json 0.0
v0/k1n19-M3-T06/r1.price.json 11.0
v0/k1n19-M3-T06/r1-retry1.price.json 0.0
v0/k1n19-M4-T07/r1.price.json 12.0
v0/k1n19-M4-T08/r1.price.json 12.0
v0/k1n23-M1-T01/r1.price.json 14.0
v0/k1n23-M1-T01/r1-retry1.price.json 12.0
v0/k1n23-M1-T02/r1.price.json 12.0
v0/k1n23-M2-T03/r1.price.json 14.0
v0/k1n23-M2-T04/r1.price.json 12.0
v0/k1n23-M2-T04/r1-retry1.price.json 12.0
v0/k1n23-M3-T05/r1.price.json 12.0
v0/k1n23-M3-T06/r1.price.json 14.0
v0/k1n23-M4-T07/r1.price.json 14.0
v0/k1n23-M4-T08/r1.price.json 14.0
v0/k1n45-M1-T01/r1.price.json 12.0
v0/k1n45-M1-T02/r1.price.json 0.0
v0/k1n45-M2-T03/r1.price.json 0.0
v0/k1n45-M2-T04/r1.price.json 0.0
v0/k1n45-M2-T04/r1-retry1.price.json 5.0
v0/k1n45-M3-T05/r1.price.json 8.0
v0/k1n45-M3-T06/r1.price.json 7.0
v0/k1n45-M4-T07/r1.price.json 0.0
v0/k1n45-M4-T08/r1.price.json 10.0
v0/k0n37-M1-T01/r1.price.json 13.0
v0/k0n37-M1-T02/r1.price.json 0.0
v0/k0n37-M2-T03/r1.price.json 11.0
v0/k0n37-M2-T03/r1-retry1.price.json 0.0
v0/k0n37-M2-T04/r1.price.json 0.0
v0/k0n37-M3-T05/r1.price.json 11.0
v0/k0n37-M3-T06/r1.price.json 0.0
v0/k0n37-M4-T07/r1.price.json 11.0
v0/k0n37-M4-T08/r1.price.json 12.0
v0/k1n43-M1-T01/r1.price.json 13.0
v0/k1n43-M1-T01/r1-retry1.price.json 12.0
v0/k1n43-M1-T02/r1.price.json 11.0
v0/k1n43-M2-T03/r1.price.json 13.0
v0/k1n43-M2-T04/r1.price.json 12.0
v0/k1n43-M3-T05/r1.price.json 11.0
v0/k1n43-M3-T06/r1.price.json 11.0
v0/k1n43-M4-T07/r1.price.json 12.0
v0/k1n43-M4-T08/r1.price.json 13.0
v0/k1n47-M1-T01/r1.price.json 13.0
v0/k1n47-M1-T02/r1.price.json 13.0
v0/k1n47-M2-T03/r1.price.json 0.0
v0/k1n47-M2-T04/r1.price.json 0.0
v0/k1n47-M3-T05/r1.price.json 0.0
v0/k1n47-M3-T06/r1.price.json 14.0
v0/k1n47-M4-T07/r1.price.json 0.0
v0/k1n47-M4-T08/r1.price.json 0.0
v0/k0n57-M1-T01/r1.price.json 12.0
v0/k0n57-M1-T02/r1.price.json 4.0
v0/k0n57-M2-T03/r1.price.json 4.0
v0/k0n57-M2-T04/r1.price.json 4.0
v0/k0n57-M3-T05/r1.price.json 4.0
v0/k0n57-M3-T06/r1.price.json 4.0
v0/k0n57-M4-T07/r1.price.json 4.0
v0/k0n57-M4-T08/r1.price.json 4.0
v0/k0n41-M1-T01/r1.price.json 4.0
v0/k0n41-M1-T02/r1.price.json 4.0
v0/k0n41-M2-T03/r1.price.json 0.0
v0/k0n41-M2-T04/r1.price.json 5.0
v0/k0n41-M3-T05/r1.price.json 0.0
v0/k0n41-M3-T06/r1.price.json 0.0
v0/k0n41-M4-T07/r1.price.json 0.0
v0/k0n41-M4-T08/r1.price.json 0.0
v0/k0n53-M1-T01/r1.price.json 4.0
v0/k0n53-M1-T02/r1.price.json 4.0
v0/k0n53-M2-T03/r1.price.json 3.0
v0/k0n53-M2-T04/r1.price.json 3.0
v0/k0n53-M3-T05/r1.price.json 3.0
v0/k0n53-M3-T06/r1.price.json 4.0
v0/k0n53-M4-T07/r1.price.json 3.0
v0/k0n53-M4-T08/r1.price.json 3.0
v0/k1n59-M1-T01/r1.price.json 4.0
v0/k1n59-M1-T02/r1.price.json 2.0
v0/k1n59-M2-T03/r1.price.json 2.0
v0/k1n59-M2-T04/r1.price.json 2.0
v0/k1n59-M3-T05/r1.price.json 2.0
v0/k1n59-M3-T06/r1.price.json 3.0
v0/k1n59-M4-T07/r1.price.json 2.0
v0/k1n59-M4-T08/r1.price.json 2.0
v0/k0n61-M1-T01/r1.price.json 3.0
v0/k0n61-M1-T02/r1.price.json 0.0
v0/k0n61-M2-T03/r1.price.json 0.0
v0/k0n61-M2-T04/r1.price.json 0.0
v0/k0n61-M3-T05/r1.price.json 0.0
v0/k0n61-M3-T06/r1.price.json 0.0
v0/k0n61-M4-T07/r1.price.json 0.0
v0/k0n61-M4-T08/r1.price.json 0.0
