validation passed
11 5 uniform first quadratic-original first 1 0.685
11 5 uniform first quadratic-optimized first 1 0.315
11 5 uniform first s4-symmetric first 1 1.215
11 5 uniform enumerate s4-symmetric complete 1 2.615
11 5 uniform enumerate quadratic-original complete 1 0.842
11 5 uniform enumerate quadratic-optimized complete 1 0.386
11 5 uniform first quadratic-optimized first 1 0.187
11 5 uniform first quadratic-original first 1 0.372
11 5 uniform first s4-symmetric first 1 1.27
11 5 uniform enumerate quadratic-optimized complete 1 0.379
11 5 uniform enumerate quadratic-original complete 1 0.826
11 5 uniform enumerate s4-symmetric complete 1 1.361
11 5 uniform first s4-symmetric first 1 0.111
11 5 uniform first quadratic-optimized first 1 0.297
11 5 uniform first quadratic-original first 1 0.682
11 5 uniform enumerate s4-symmetric complete 1 3.666
11 5 uniform enumerate quadratic-optimized complete 1 0.37
11 5 uniform enumerate quadratic-original complete 1 0.826
11 5 uniform first quadratic-optimized first 1 0.295
11 5 uniform first s4-symmetric first 1 1.708
11 5 uniform first quadratic-original first 1 0.676
11 5 uniform enumerate quadratic-optimized complete 1 0.377
11 5 uniform enumerate s4-symmetric complete 1 1.775
11 5 uniform enumerate quadratic-original complete 1 0.821
11 5 known_decomposable first s4-symmetric first 1 0.045
11 5 known_decomposable first quadratic-optimized first 1 0.134
11 5 known_decomposable first quadratic-original first 1 0.305
11 5 known_decomposable enumerate s4-symmetric complete 2 1.554
11 5 known_decomposable enumerate quadratic-optimized complete 2 0.383
11 5 known_decomposable enumerate quadratic-original complete 2 0.846
11 5 known_decomposable first quadratic-original first 1 0.705
11 5 known_decomposable first s4-symmetric first 1 1.12
11 5 known_decomposable first quadratic-optimized first 1 0.318
11 5 known_decomposable enumerate s4-symmetric complete 1 2.093
11 5 known_decomposable enumerate quadratic-optimized complete 1 0.383
11 5 known_decomposable enumerate quadratic-original complete 1 0.822
11 5 known_decomposable first quadratic-optimized first 1 0.188
11 5 known_decomposable first quadratic-original first 1 0.401
11 5 known_decomposable first s4-symmetric first 1 0.088
11 5 known_decomposable enumerate quadratic-original complete 2 0.859
11 5 known_decomposable enumerate s4-symmetric complete 2 2.364
11 5 known_decomposable enumerate quadratic-optimized complete 2 0.374
11 5 known_decomposable first quadratic-optimized first 1 0.114
11 5 known_decomposable first s4-symmetric first 1 1.216
11 5 known_decomposable first quadratic-original first 1 0.242
11 5 known_decomposable enumerate quadratic-optimized complete 1 0.38
11 5 known_decomposable enumerate quadratic-original complete 1 0.852
11 5 known_decomposable enumerate s4-symmetric complete 1 2.203
23 6 uniform first quadratic-original timeout 0 5.001
23 6 uniform first s4-symmetric timeout 0 5.051
23 6 uniform first quadratic-optimized complete 0 4.773
23 6 uniform enumerate quadratic-optimized complete 0 4.629
23 6 uniform enumerate s4-symmetric timeout 0 5.061
23 6 uniform enumerate quadratic-original timeout 0 5.004
23 6 uniform first quadratic-optimized complete 0 4.991
23 6 uniform first s4-symmetric timeout 0 5.004
23 6 uniform first quadratic-original timeout 0 5.0
23 6 uniform enumerate s4-symmetric timeout 0 5.02
23 6 uniform enumerate quadratic-optimized complete 0 4.782
23 6 uniform enumerate quadratic-original timeout 0 5.01
23 6 uniform first quadratic-optimized complete 0 4.787
23 6 uniform first quadratic-original timeout 0 5.005
23 6 uniform first s4-symmetric timeout 0 5.011
23 6 uniform enumerate s4-symmetric timeout 0 5.01
23 6 uniform enumerate quadratic-original timeout 0 5.001
23 6 uniform enumerate quadratic-optimized complete 0 4.877
23 6 uniform first quadratic-original timeout 0 5.003
23 6 uniform first s4-symmetric timeout 0 5.015
23 6 uniform first quadratic-optimized complete 0 4.68
23 6 uniform enumerate quadratic-original timeout 0 5.0
23 6 uniform enumerate quadratic-optimized complete 0 4.657
23 6 uniform enumerate s4-symmetric timeout 0 5.053
23 6 known_decomposable first s4-symmetric timeout 0 5.004
23 6 known_decomposable first quadratic-optimized first 1 0.034
23 6 known_decomposable first quadratic-original first 1 0.076
23 6 known_decomposable enumerate quadratic-original timeout 1 5.009
23 6 known_decomposable enumerate s4-symmetric timeout 0 5.003
23 6 known_decomposable enumerate quadratic-optimized complete 1 4.593
23 6 known_decomposable first quadratic-optimized first 1 2.084
23 6 known_decomposable first s4-symmetric timeout 0 5.059
23 6 known_decomposable first quadratic-original timeout 0 5.003
23 6 known_decomposable enumerate s4-symmetric timeout 0 5.014
23 6 known_decomposable enumerate quadratic-optimized complete 1 4.688
23 6 known_decomposable enumerate quadratic-original timeout 0 5.001
23 6 known_decomposable first s4-symmetric timeout 0 5.012
23 6 known_decomposable first quadratic-optimized first 1 0.335
23 6 known_decomposable first quadratic-original first 1 0.829
23 6 known_decomposable enumerate quadratic-optimized complete 1 4.838
23 6 known_decomposable enumerate quadratic-original timeout 1 5.003
23 6 known_decomposable enumerate s4-symmetric timeout 0 5.006
23 6 known_decomposable first quadratic-original timeout 0 5.0
23 6 known_decomposable first s4-symmetric timeout 0 5.022
23 6 known_decomposable first quadratic-optimized first 1 4.405
23 6 known_decomposable enumerate s4-symmetric timeout 0 5.011
23 6 known_decomposable enumerate quadratic-optimized timeout 1 5.001
23 6 known_decomposable enumerate quadratic-original timeout 0 5.0
29 6 uniform first quadratic-optimized timeout 0 5.003
29 6 uniform first quadratic-original timeout 0 5.005
29 6 uniform first s4-symmetric timeout 0 5.007
29 6 uniform enumerate quadratic-original timeout 0 5.005
29 6 uniform enumerate s4-symmetric timeout 0 5.018
29 6 uniform enumerate quadratic-optimized timeout 0 5.002
29 6 uniform first quadratic-original timeout 0 5.0
29 6 uniform first s4-symmetric timeout 0 5.028
29 6 uniform first quadratic-optimized timeout 0 5.001
29 6 uniform enumerate s4-symmetric timeout 0 5.038
29 6 uniform enumerate quadratic-original timeout 0 5.008
29 6 uniform enumerate quadratic-optimized timeout 0 5.0
29 6 uniform first quadratic-optimized timeout 0 5.002
29 6 uniform first quadratic-original timeout 0 5.006
29 6 uniform first s4-symmetric timeout 0 5.262
29 6 uniform enumerate quadratic-optimized timeout 0 5.001
29 6 uniform enumerate s4-symmetric timeout 0 5.245
29 6 uniform enumerate quadratic-original timeout 0 5.001
29 6 uniform first quadratic-optimized timeout 0 5.002
29 6 uniform first s4-symmetric timeout 0 5.023
29 6 uniform first quadratic-original timeout 0 5.006
29 6 uniform enumerate quadratic-optimized timeout 0 5.0
29 6 uniform enumerate s4-symmetric timeout 0 5.059
29 6 uniform enumerate quadratic-original timeout 0 5.002
29 6 known_decomposable first quadratic-optimized first 1 1.234
29 6 known_decomposable first s4-symmetric timeout 0 5.011
29 6 known_decomposable first quadratic-original first 1 3.297
29 6 known_decomposable enumerate s4-symmetric timeout 0 5.016
29 6 known_decomposable enumerate quadratic-optimized timeout 1 5.0
29 6 known_decomposable enumerate quadratic-original timeout 1 5.001
29 6 known_decomposable first s4-symmetric timeout 0 5.054
29 6 known_decomposable first quadratic-optimized first 1 4.249
29 6 known_decomposable first quadratic-original timeout 0 5.001
29 6 known_decomposable enumerate quadratic-original timeout 0 5.002
29 6 known_decomposable enumerate s4-symmetric timeout 0 5.037
29 6 known_decomposable enumerate quadratic-optimized timeout 1 5.003
29 6 known_decomposable first quadratic-original timeout 0 5.0
29 6 known_decomposable first s4-symmetric timeout 0 5.11
29 6 known_decomposable first quadratic-optimized first 1 3.346
29 6 known_decomposable enumerate quadratic-optimized timeout 1 5.001
29 6 known_decomposable enumerate s4-symmetric timeout 0 5.09
29 6 known_decomposable enumerate quadratic-original timeout 0 5.004
29 6 known_decomposable first s4-symmetric timeout 0 5.01
29 6 known_decomposable first quadratic-optimized first 1 0.737
29 6 known_decomposable first quadratic-original first 1 1.925
29 6 known_decomposable enumerate quadratic-optimized timeout 1 5.0
29 6 known_decomposable enumerate s4-symmetric timeout 0 5.006
29 6 known_decomposable enumerate quadratic-original timeout 1 5.0
