{
  "schema": "koblitz_pdp_matched_matrix.v1",
  "scope": "PDP construction and solver matrix; not an end-to-end ECDLP result",
  "host": {
    "platform": "macOS-26.6-arm64-arm-64bit-Mach-O",
    "machine": "arm64",
    "python": "3.13.1",
    "logical_cpus": 14
  },
  "policy": {
    "unknown_is_unsat": false,
    "solver_subprocess_resources_charged": true,
    "python_orchestration_included_in_child_sum": false,
    "whole_panel_requires_outer_process_meter": true,
    "single_thread_requested": true,
    "missing_tool_is_negative_evidence": false,
    "producer_runs_solver_backends": false,
    "native_sat_and_mitm_isolated": true
  },
  "tools": {
    "wdsat": {
      "available": true,
      "path": "/Volumes/SSD990/wdsat-binary-sat-review-20260909",
      "version": "per-instance source build",
      "source_commit": "55d55b2620d768d9f7c78dcd8990a0689533c1d0"
    },
    "cryptominisat": {
      "available": true,
      "path": "/Volumes/SSD990/cryptominisat-koblitz-20260909/build/cryptominisat5",
      "version": "c CMS SHA1: 7ae1b4a74259cdce223a584281fb8f090bbd3eed\nc CryptoMiniSat version 5.14.7\nc CMS compilation env CMAKE_CXX_COMPILER = /usr/bin/c++ | CMAKE_CXX_FLAGS =  -fno-stack-protector -msse4.2 -Wno-bitfield-constant-conversion -Wnull-dereference -Wdouble-promotion -Wshadow -Wformat=2 -Wextra-semi -pedantic | COMPILE_DEFINES =  -DNDEBUG -D_FORTIFY_SOURCE=0 | BUILD_SHARED_LIBS = OFF | ONLY_SIMPLE =  | STATS = OFF | SQLITE3_FOUND =  | ZLIB_FOUND = FALSE | VALGRIND_FOUND =  | ENABLE_TESTING = OFF | SLOW_DEBUG = OFF | ENABLE_ASSERTIONS = OFF | PYTHON_EXECUTABLE =  | PYTHON_LIBRARY =  | PYTHON_INCLUDE_DIRS =  | MY_TARGETS =  | LARGEMEM = OFF | LIMITMEM = OFF | BREAKID_LIBRARIES =  | BREAKID-VER = . | \nc Using VMTF, picosat, CaDiCaL, and CadiBack code by Armin Biere\nc CMS is MIT licensed\nc Using code from 'When Boolean Satisfiability Meets Gauss-E. in a Simplex Way'\nc       by C.-S. Han and J.-H. Roland Jiang in CAV 2012. Fixes by M. Soos\nc Using CCAnr from 'CCAnr: A Conf. Checking Based Local ",
      "sha256": "bfc157d89d4c6a6e32d6aa6299c53f22b990c94e554f9bf1d4111d3ed709061f"
    },
    "magma": {
      "available": false,
      "path": null,
      "version": null
    },
    "isolated_backend": {
      "available": true,
      "path": "/Volumes/SSD990/crypto-koblitz-scaling-backends-20260909/target/release/examples/koblitz_pdp_backend",
      "version": "koblitz_pdp_backend 1 (koblitz_pdp_isolated_backend.v1)",
      "sha256": "2ffee417b3a73f1763f3cd77ead25888ad220ec7a1453c54fe428889dc79d6c7"
    }
  },
  "instances": [
    {
      "cell": {
        "n": 31,
        "ell": 5,
        "m": 3,
        "basis": "ggmp",
        "curve_a": 0,
        "factor_index": 0
      },
      "generator": {
        "status": "completed",
        "returncode": 0,
        "metrics": {
          "wall_seconds": 0.017005500034429133,
          "user_seconds": 0.0067989999999999995,
          "system_seconds": 0.0039,
          "total_core_seconds": 0.010699,
          "single_core_seconds": 0.010699,
          "peak_rss_bytes": 4046848,
          "meter": "fresh-process getrusage(RUSAGE_CHILDREN)"
        },
        "command": [
          "/Volumes/SSD990/crypto-koblitz-scaling-backends-20260909/target/release/examples/koblitz_pdp_export",
          "31",
          "5",
          "ggmp",
          "2026091301",
          "100000",
          "/Volumes/SSD990/koblitz-stage13-panel-20260909/tasks/seed-2026091301/n31-l5-m3-ggmp-a0-f0/matrix/n31-l5-m3-ggmp-a0-f0",
          "0",
          "0",
          "--export-only"
        ]
      },
      "solvers": [
        {
          "solver": "native-sat",
          "status": "unknown_inconclusive",
          "conflicts": 100000,
          "source_model_valid": null,
          "source_witness_valid": null,
          "source_instance_id": "6e385d1cd307d4bd452f8d498fa20ded16fedc4f5d06d61a63ef687b446c7d81",
          "returncode": 0,
          "timed_out": false,
          "metrics": {
            "wall_seconds": 2.4873729170067236,
            "user_seconds": 2.184108,
            "system_seconds": 0.065791,
            "total_core_seconds": 2.249899,
            "single_core_seconds": 2.249899,
            "peak_rss_bytes": 36782080,
            "meter": "fresh-process getrusage(RUSAGE_CHILDREN)"
          },
          "command": [
            "/Volumes/SSD990/crypto-koblitz-scaling-backends-20260909/target/release/examples/koblitz_pdp_backend",
            "native-sat",
            "/Volumes/SSD990/koblitz-stage13-panel-20260909/tasks/seed-2026091301/n31-l5-m3-ggmp-a0-f0/matrix/n31-l5-m3-ggmp-a0-f0/manifest.json",
            "100000"
          ],
          "backend_report": {
            "backend": "native-sat",
            "conflict_budget": 100000,
            "initial_cnf_clauses": 4570,
            "interpretation": "Unknown is inconclusive; SAT is accepted only after exact source-row and rational point-witness validation",
            "manifest_conflict_budget": 100000,
            "max_models": 64,
            "models_examined": 0,
            "native_xor_rows": 62,
            "nonlifting_models_blocked": 0,
            "regenerated_source_exact": true,
            "schema": "koblitz_pdp_isolated_backend.v1",
            "solver_variables": 1311,
            "source_artifacts": {
              "cryptominisat_xor_dimacs": {
                "blake3": "bedb38125d076e406ae8f4ad8f17743313e71fc56c386462882ff74db064d164",
                "bytes": 73144,
                "path": "instance.xor.cnf",
                "valid": true
              },
              "magma_boolean_f4": {
                "blake3": "11209a572a67fd1c995dce8996f5b36cd035a59eac84ac6d344ca714d7d6e2f2",
                "bytes": 69434,
                "path": "instance.magma",
                "valid": true
              },
              "wdsat_anf": {
                "blake3": "0563a785c1cbb6b912af591d125e6fb24fb1082a5933f19c2e6c708ed4807d6f",
                "bytes": 41439,
                "path": "instance.anf",
                "valid": true
              }
            },
            "source_instance_id": "6e385d1cd307d4bd452f8d498fa20ded16fedc4f5d06d61a63ef687b446c7d81",
            "source_instance_verified": true,
            "source_model_valid": null,
            "source_variables": 46,
            "source_witness_valid": null,
            "stats": {
              "analyze_lit_visits": 28337536,
              "clause_lit_visits": 54820131,
              "clause_visits": 32553668,
              "conflicts": 100000,
              "decisions": 108464,
              "learnt_clauses": 99999,
              "learnt_lits_kept": 4382682,
              "learnt_lits_raw": 11818486,
              "max_level": 56,
              "phase_ns": {
                "analyze": 579418792,
                "minimize": 278062194,
                "propagate_clauses": 1245778774,
                "propagate_xors": 550593156,
                "reduce_db": 2234249
              },
              "propagations": 15104898,
              "restarts": 254,
              "xor_conflicts": 55420,
              "xor_passes": 390640,
              "xor_propagations": 653979,
              "xor_reason_lits": 30406234,
              "xor_repivots": 2083086,
              "xor_row_ops": 2795911,
              "xor_row_scans": 19670488
            },
            "status": "unknown_inconclusive",
            "timing_ns": {
              "encoding": 1130917,
              "solve": 2471172917,
              "source_verification": 3785250
            }
          }
        },
        {
          "solver": "direct-mitm",
          "status": "sat",
          "conflicts": null,
          "source_model_valid": null,
          "source_witness_valid": true,
          "source_instance_id": "6e385d1cd307d4bd452f8d498fa20ded16fedc4f5d06d61a63ef687b446c7d81",
          "returncode": 0,
          "timed_out": false,
          "metrics": {
            "wall_seconds": 0.028791457996703684,
            "user_seconds": 0.017588,
            "system_seconds": 0.0031869999999999997,
            "total_core_seconds": 0.020775,
            "single_core_seconds": 0.020775,
            "peak_rss_bytes": 3751936,
            "meter": "fresh-process getrusage(RUSAGE_CHILDREN)"
          },
          "command": [
            "/Volumes/SSD990/crypto-koblitz-scaling-backends-20260909/target/release/examples/koblitz_pdp_backend",
            "direct-mitm",
            "/Volumes/SSD990/koblitz-stage13-panel-20260909/tasks/seed-2026091301/n31-l5-m3-ggmp-a0-f0/matrix/n31-l5-m3-ggmp-a0-f0/manifest.json"
          ],
          "backend_report": {
            "backend": "direct-mitm",
            "exhaustive": true,
            "factor_points": 63,
            "group_additions": 2045,
            "interpretation": "SAT is accepted only after the factor-point sum equals the exact manifest target",
            "pair_entries": 1799,
            "regenerated_source_exact": true,
            "schema": "koblitz_pdp_isolated_backend.v1",
            "source_artifacts": {
              "cryptominisat_xor_dimacs": {
                "blake3": "bedb38125d076e406ae8f4ad8f17743313e71fc56c386462882ff74db064d164",
                "bytes": 73144,
                "path": "instance.xor.cnf",
                "valid": true
              },
              "magma_boolean_f4": {
                "blake3": "11209a572a67fd1c995dce8996f5b36cd035a59eac84ac6d344ca714d7d6e2f2",
                "bytes": 69434,
                "path": "instance.magma",
                "valid": true
              },
              "wdsat_anf": {
                "blake3": "0563a785c1cbb6b912af591d125e6fb24fb1082a5933f19c2e6c708ed4807d6f",
                "bytes": 41439,
                "path": "instance.anf",
                "valid": true
              }
            },
            "source_instance_id": "6e385d1cd307d4bd452f8d498fa20ded16fedc4f5d06d61a63ef687b446c7d81",
            "source_instance_verified": true,
            "source_witness_valid": true,
            "status": "sat",
            "timing_ns": {
              "factor_base_materialisation": 494166,
              "search": 16190334,
              "source_verification": 3251208
            },
            "witness_indices": [
              54,
              60,
              28
            ]
          }
        },
        {
          "solver": "wdsat",
          "status": "timeout_inconclusive",
          "conflicts": null,
          "source_model_valid": null,
          "source_witness_valid": null,
          "returncode": -15,
          "timed_out": true,
          "metrics": {
            "wall_seconds": 120.00341074995231,
            "user_seconds": 117.392391,
            "system_seconds": 0.6593939999999999,
            "total_core_seconds": 118.05178500000001,
            "single_core_seconds": 118.05178500000001,
            "peak_rss_bytes": 7634944,
            "meter": "fresh-process getrusage(RUSAGE_CHILDREN)"
          },
          "command": [
            "/Volumes/SSD990/koblitz-stage13-panel-20260909/tasks/seed-2026091301/n31-l5-m3-ggmp-a0-f0/matrix/n31-l5-m3-ggmp-a0-f0/wdsat-build/wdsat_solver",
            "-i",
            "/Volumes/SSD990/koblitz-stage13-panel-20260909/tasks/seed-2026091301/n31-l5-m3-ggmp-a0-f0/matrix/n31-l5-m3-ggmp-a0-f0/instance.anf",
            "-g",
            "1,2,3,4,5,6,7,8,9,10,11,12,13,14,15"
          ],
          "magma_terminal": null
        },
        {
          "solver": "cryptominisat",
          "status": "sat",
          "conflicts": 620648,
          "source_model_valid": true,
          "source_witness_valid": true,
          "returncode": 10,
          "timed_out": false,
          "metrics": {
            "wall_seconds": 13.904086917056702,
            "user_seconds": 12.787338,
            "system_seconds": 0.353799,
            "total_core_seconds": 13.141137,
            "single_core_seconds": 13.141137,
            "peak_rss_bytes": 57638912,
            "meter": "fresh-process getrusage(RUSAGE_CHILDREN)"
          },
          "command": [
            "/Volumes/SSD990/cryptominisat-koblitz-20260909/build/cryptominisat5",
            "--verb",
            "1",
            "--threads",
            "1",
            "/Volumes/SSD990/koblitz-stage13-panel-20260909/tasks/seed-2026091301/n31-l5-m3-ggmp-a0-f0/matrix/n31-l5-m3-ggmp-a0-f0/instance.xor.cnf"
          ],
          "magma_terminal": null,
          "point_witness_validation": {
            "status": "valid_point_witness",
            "returncode": 0,
            "timed_out": false,
            "metrics": {
              "wall_seconds": 0.042455333983525634,
              "user_seconds": 0.004164,
              "system_seconds": 0.0040809999999999996,
              "total_core_seconds": 0.008244999999999999,
              "single_core_seconds": 0.008244999999999999,
              "peak_rss_bytes": 3244032,
              "meter": "fresh-process getrusage(RUSAGE_CHILDREN)"
            },
            "command": [
              "/Volumes/SSD990/crypto-koblitz-scaling-backends-20260909/target/release/examples/koblitz_pdp_backend",
              "validate-model",
              "/Volumes/SSD990/koblitz-stage13-panel-20260909/tasks/seed-2026091301/n31-l5-m3-ggmp-a0-f0/matrix/n31-l5-m3-ggmp-a0-f0/manifest.json",
              "/Volumes/SSD990/koblitz-stage13-panel-20260909/tasks/seed-2026091301/n31-l5-m3-ggmp-a0-f0/matrix/n31-l5-m3-ggmp-a0-f0/cryptominisat.source-model.json"
            ],
            "report": {
              "assignment_blake3": "737f7ea9dd82fdde905683432fab46617dff1e4522ac52d0e09c1a9d975c47ea",
              "assignment_values": 46,
              "interpretation": "A SAT model is a PDP witness only when its source equations hold and rational factor-base lifts sum to the exact target",
              "regenerated_source_exact": true,
              "schema": "koblitz_pdp_assignment_validation.v1",
              "source_artifacts": {
                "cryptominisat_xor_dimacs": {
                  "blake3": "bedb38125d076e406ae8f4ad8f17743313e71fc56c386462882ff74db064d164",
                  "bytes": 73144,
                  "path": "instance.xor.cnf",
                  "valid": true
                },
                "magma_boolean_f4": {
                  "blake3": "11209a572a67fd1c995dce8996f5b36cd035a59eac84ac6d344ca714d7d6e2f2",
                  "bytes": 69434,
                  "path": "instance.magma",
                  "valid": true
                },
                "wdsat_anf": {
                  "blake3": "0563a785c1cbb6b912af591d125e6fb24fb1082a5933f19c2e6c708ed4807d6f",
                  "bytes": 41439,
                  "path": "instance.anf",
                  "valid": true
                }
              },
              "source_assignment": [
                false,
                true,
                true,
                true,
                false,
                false,
                true,
                true,
                true,
                true,
                true,
                true,
                false,
                true,
                true,
                false,
                false,
                true,
                false,
                true,
                true,
                false,
                true,
                true,
                false,
                false,
                false,
                false,
                true,
                true,
                true,
                true,
                false,
                false,
                true,
                true,
                false,
                false,
                true,
                true,
                true,
                false,
                false,
                true,
                false,
                false
              ],
              "source_instance_id": "6e385d1cd307d4bd452f8d498fa20ded16fedc4f5d06d61a63ef687b446c7d81",
              "source_instance_verified": true,
              "source_model_valid": true,
              "source_witness_valid": true,
              "status": "valid_point_witness",
              "timing_ns": {
                "source_verification": 12547833
              }
            },
            "assignment_path": "cryptominisat.source-model.json",
            "assignment_sha256": "ed1b94e970472033f2bb5a9831b845efe843a6fd1138bc297eb2cace4a468bd7",
            "assignment_blake3": "737f7ea9dd82fdde905683432fab46617dff1e4522ac52d0e09c1a9d975c47ea"
          }
        },
        {
          "solver": "magma-f4",
          "status": "unavailable_operational"
        }
      ],
      "manifest": {
        "curve": "y^2 + xy = x^3 + 1",
        "curve_a": 0,
        "direct_meet_in_the_middle": {
          "reason": "run koblitz_pdp_backend direct-mitm under a separate process meter",
          "status": "not_run_in_export_process"
        },
        "ell": 5,
        "exports": {
          "cryptominisat_xor_dimacs": {
            "blake3": "bedb38125d076e406ae8f4ad8f17743313e71fc56c386462882ff74db064d164",
            "bytes": 73144,
            "cnf_clauses": 4570,
            "path": "instance.xor.cnf",
            "variables": 1311,
            "xor_rows": 62
          },
          "magma_boolean_f4": {
            "blake3": "11209a572a67fd1c995dce8996f5b36cd035a59eac84ac6d344ca714d7d6e2f2",
            "bytes": 69434,
            "path": "instance.magma"
          },
          "wdsat_anf": {
            "blake3": "0563a785c1cbb6b912af591d125e6fb24fb1082a5933f19c2e6c708ed4807d6f",
            "bytes": 41439,
            "path": "instance.anf"
          }
        },
        "factor_base_basis_bitmasks": [
          "2",
          "4",
          "16",
          "256",
          "65536"
        ],
        "factor_base_geometry": {
          "curve_points": 63,
          "distinct_curve_points": 63,
          "minimum_required": 3
        },
        "factor_base_predicate": {
          "definition": "kernel of sum X^(2^i) over the set factor exponents",
          "enumerates_target_subgroup": false,
          "factor_bitmask": 37,
          "factor_index": 0,
          "kind": "ggmp_linearised_kernel",
          "linearised_exponents": [
            0,
            2,
            5
          ],
          "uses_discrete_log_labels": false
        },
        "interpretation": "SAT is a witness only after source-system validation; Unknown is inconclusive and is never counted as UNSAT",
        "irreducible_low_terms": [
          0,
          3
        ],
        "kind": "binary_koblitz_pdp_cross_solver_instance",
        "m": 3,
        "n": 31,
        "native_sat": {
          "conflict_budget": 100000,
          "reason": "run koblitz_pdp_backend native-sat under a separate process meter",
          "status": "not_run_in_export_process"
        },
        "planted_points": [
          {
            "x": "65812",
            "y": "1234158994"
          },
          {
            "x": "65798",
            "y": "1093340336"
          },
          {
            "x": "276",
            "y": "908440004"
          }
        ],
        "representation": "chained_s3",
        "scope": "standalone planted point-decomposition problem; not a completed index-calculus attack",
        "seed": 2026091301,
        "source_equations": 62,
        "source_instance": {
          "id_blake3": "6e385d1cd307d4bd452f8d498fa20ded16fedc4f5d06d61a63ef687b446c7d81",
          "identity": {
            "curve_a": 0,
            "ell": 5,
            "exports": {
              "cryptominisat_xor_dimacs": {
                "blake3": "bedb38125d076e406ae8f4ad8f17743313e71fc56c386462882ff74db064d164",
                "bytes": 73144,
                "cnf_clauses": 4570,
                "path": "instance.xor.cnf",
                "variables": 1311,
                "xor_rows": 62
              },
              "magma_boolean_f4": {
                "blake3": "11209a572a67fd1c995dce8996f5b36cd035a59eac84ac6d344ca714d7d6e2f2",
                "bytes": 69434,
                "path": "instance.magma"
              },
              "wdsat_anf": {
                "blake3": "0563a785c1cbb6b912af591d125e6fb24fb1082a5933f19c2e6c708ed4807d6f",
                "bytes": 41439,
                "path": "instance.anf"
              }
            },
            "factor_base_basis_bitmasks": [
              "2",
              "4",
              "16",
              "256",
              "65536"
            ],
            "factor_base_predicate": {
              "definition": "kernel of sum X^(2^i) over the set factor exponents",
              "enumerates_target_subgroup": false,
              "factor_bitmask": 37,
              "factor_index": 0,
              "kind": "ggmp_linearised_kernel",
              "linearised_exponents": [
                0,
                2,
                5
              ],
              "uses_discrete_log_labels": false
            },
            "irreducible_low_terms": [
              0,
              3
            ],
            "m": 3,
            "n": 31,
            "representation": "chained_s3",
            "schema": "koblitz_pdp_source_identity.v1",
            "seed": 2026091301,
            "source_equations": 62,
            "source_variables": 46,
            "target": {
              "x": "52085686",
              "y": "1923138184"
            }
          },
          "schema": "koblitz_pdp_source_instance.v1"
        },
        "source_max_degree": 3,
        "source_max_monomials_per_equation": 117,
        "source_variables": 46,
        "target": {
          "x": "52085686",
          "y": "1923138184"
        },
        "timing_ns": {
          "factor_base_predicate_construction": 157292,
          "native_encoding_and_solve": null,
          "planted_target_construction": 67875,
          "source_system_construction": 1239292,
          "whole_process_internal": 8077167
        }
      },
      "source_artifacts_before": {
        "cryptominisat_xor_dimacs": {
          "path": "instance.xor.cnf",
          "bytes": 73144,
          "sha256": "0bf4f32e05c750e731e90605731f18c134cfe40c895e59710653f43ddf653890",
          "manifest_blake3": "bedb38125d076e406ae8f4ad8f17743313e71fc56c386462882ff74db064d164"
        },
        "magma_boolean_f4": {
          "path": "instance.magma",
          "bytes": 69434,
          "sha256": "f8a776dcb37cd76ede13bb9b7ad430fdce61d37589579c61802ff236c66749e5",
          "manifest_blake3": "11209a572a67fd1c995dce8996f5b36cd035a59eac84ac6d344ca714d7d6e2f2"
        },
        "wdsat_anf": {
          "path": "instance.anf",
          "bytes": 41439,
          "sha256": "8ce5a2c46809c2b75e473c2ccdb96203ba4f3c77874fa59f68a2dfcfc68b5870",
          "manifest_blake3": "0563a785c1cbb6b912af591d125e6fb24fb1082a5933f19c2e6c708ed4807d6f"
        }
      },
      "wdsat_build": {
        "status": "completed",
        "source_copy": {
          "returncode": 0,
          "timed_out": false,
          "metrics": {
            "wall_seconds": 0.04446495801676065,
            "user_seconds": 0.0013009999999999999,
            "system_seconds": 0.019264,
            "total_core_seconds": 0.020565,
            "single_core_seconds": 0.020565,
            "peak_rss_bytes": 1703936,
            "meter": "fresh-process getrusage(RUSAGE_CHILDREN)"
          }
        },
        "configuration_wall_seconds": 0.0002615000121295452,
        "clean": {
          "returncode": 0,
          "timed_out": false,
          "metrics": {
            "wall_seconds": 0.030482874950394034,
            "user_seconds": 0.006131999999999999,
            "system_seconds": 0.011229999999999999,
            "total_core_seconds": 0.017362,
            "single_core_seconds": 0.017362,
            "peak_rss_bytes": 1818624,
            "meter": "fresh-process getrusage(RUSAGE_CHILDREN)"
          },
          "command": [
            "make",
            "-C",
            "src",
            "clean"
          ]
        },
        "metrics": {
          "wall_seconds": 0.9677495000651106,
          "user_seconds": 0.44787299999999997,
          "system_seconds": 0.338974,
          "total_core_seconds": 0.786847,
          "single_core_seconds": 0.786847,
          "peak_rss_bytes": 58966016,
          "meter": "fresh-process getrusage(RUSAGE_CHILDREN)"
        },
        "command": [
          "make",
          "-C",
          "src"
        ],
        "config": "#define __XG_ENHANCED__\n#define __MAX_ANF_ID__ 47\n#define __MAX_DEGREE__ 4\n#define __MAX_ID__ 1311\n#define __MAX_BUFFER_SIZE__ 20976\n#define __MAX_EQ__ 4586\n#define __MAX_EQ_SIZE__ 5\n#define __MAX_XEQ__ 64\n#define __MAX_XEQ_SIZE__ 1312\n",
        "binary_sha256": "31ff3878c0e67fe911ac7865dbffb24e5a02609dc3b7c12896a98b95e4fa4cc5"
      },
      "source_artifacts_after": {
        "cryptominisat_xor_dimacs": {
          "path": "instance.xor.cnf",
          "bytes": 73144,
          "sha256": "0bf4f32e05c750e731e90605731f18c134cfe40c895e59710653f43ddf653890",
          "manifest_blake3": "bedb38125d076e406ae8f4ad8f17743313e71fc56c386462882ff74db064d164"
        },
        "magma_boolean_f4": {
          "path": "instance.magma",
          "bytes": 69434,
          "sha256": "f8a776dcb37cd76ede13bb9b7ad430fdce61d37589579c61802ff236c66749e5",
          "manifest_blake3": "11209a572a67fd1c995dce8996f5b36cd035a59eac84ac6d344ca714d7d6e2f2"
        },
        "wdsat_anf": {
          "path": "instance.anf",
          "bytes": 41439,
          "sha256": "8ce5a2c46809c2b75e473c2ccdb96203ba4f3c77874fa59f68a2dfcfc68b5870",
          "manifest_blake3": "0563a785c1cbb6b912af591d125e6fb24fb1082a5933f19c2e6c708ed4807d6f"
        }
      },
      "source_artifacts_unchanged": true
    }
  ]
}
