kummer   m=2 tower  t= 1 N= 2 g= 1 planted Dmax=  3 reached=  3 cols_to_sol=      4 cols=      4      0.6 ms
kummer   m=2 tower  t= 1 N= 2 g= 1 planted Dmax=  3 reached=  3 cols_to_sol=      4 cols=      4      0.2 ms
kummer   m=2 tower  t= 1 N= 2 g= 1 random  Dmax=  3 reached=  3 cols_to_sol=      4 cols=      4      0.2 ms
kummer   m=2 tower  t= 1 N= 2 g= 1 random  Dmax=  3 reached=  3 cols_to_sol=      4 cols=      4      0.2 ms
kummer   m=2 tower  t= 2 N= 4 g= 1 planted Dmax=  4 reached=  4 cols_to_sol=     16 cols=     16      0.8 ms
kummer   m=2 tower  t= 2 N= 4 g= 1 planted Dmax=  4 reached=  4 cols_to_sol=     16 cols=     16      0.9 ms
kummer   m=2 tower  t= 2 N= 4 g= 1 random  Dmax=  4 reached=  4 cols_to_sol=     16 cols=     16      1.0 ms
kummer   m=2 tower  t= 2 N= 4 g= 1 random  Dmax=  4 reached=  4 cols_to_sol=     16 cols=     16      1.2 ms
kummer   m=2 tower  t= 3 N= 6 g= 1 planted Dmax=  4 reached=  4 cols_to_sol=     56 cols=     56      2.5 ms
kummer   m=2 tower  t= 3 N= 6 g= 1 planted Dmax=  4 reached=  4 cols_to_sol=     56 cols=     56      2.4 ms
kummer   m=2 tower  t= 3 N= 6 g= 1 random  Dmax=  4 reached=  4 cols_to_sol=     56 cols=     56      1.7 ms
kummer   m=2 tower  t= 3 N= 6 g= 1 random  Dmax=  4 reached=  4 cols_to_sol=     56 cols=     56      2.0 ms
kummer   m=2 tower  t= 4 N= 8 g= 1 planted Dmax=  4 reached=  5 cols_to_sol=    152 cols=    152      5.3 ms
kummer   m=2 tower  t= 4 N= 8 g= 1 planted Dmax=  4 reached=  5 cols_to_sol=    152 cols=    152      5.2 ms
kummer   m=2 tower  t= 4 N= 8 g= 1 random  Dmax=  4 reached=  4 cols_to_sol=    152 cols=    152      4.2 ms
kummer   m=2 tower  t= 4 N= 8 g= 1 random  Dmax=  4 reached=  4 cols_to_sol=    152 cols=    152      4.2 ms
kummer   m=2 tower  t= 5 N=10 g= 1 planted Dmax=  4 reached=  5 cols_to_sol=    337 cols=    473     15.5 ms
kummer   m=2 tower  t= 5 N=10 g= 1 planted Dmax=  4 reached=  5 cols_to_sol=    337 cols=    473     16.7 ms
kummer   m=2 tower  t= 5 N=10 g= 1 random  Dmax=  4 reached=  4 cols_to_sol=    337 cols=    337     12.2 ms
kummer   m=2 tower  t= 5 N=10 g= 1 random  Dmax=  4 reached=  4 cols_to_sol=    337 cols=    337     12.9 ms
kummer   m=2 tower  t= 6 N=12 g= 1 planted Dmax=  5 reached=  5 cols_to_sol=   1231 cols=   1231     53.1 ms
kummer   m=2 tower  t= 6 N=12 g= 1 planted Dmax=  5 reached=  5 cols_to_sol=   1231 cols=   1231     52.1 ms
kummer   m=2 tower  t= 6 N=12 g= 1 random  Dmax=  5 reached=  5 cols_to_sol=   1231 cols=   1231     50.8 ms
kummer   m=2 tower  t= 6 N=12 g= 1 random  Dmax=  5 reached=  5 cols_to_sol=   1231 cols=   1231     44.8 ms
kummer   m=2 tower  t= 7 N=14 g= 1 planted Dmax=  5 reached=  6 cols_to_sol=   2304 cols=   2304    191.2 ms
kummer   m=2 tower  t= 7 N=14 g= 1 planted Dmax=  5 reached=  6 cols_to_sol=   2304 cols=   2304    189.2 ms
kummer   m=2 tower  t= 7 N=14 g= 1 random  Dmax=  5 reached=  5 cols_to_sol=   2304 cols=   2304    172.0 ms
kummer   m=2 tower  t= 7 N=14 g= 1 random  Dmax=  5 reached=  5 cols_to_sol=   2304 cols=   2304    192.3 ms
kummer   m=2 tower  t= 8 N=16 g= 1 random  Dmax=  5 reached=  5 cols_to_sol=   4789 cols=   4789    905.3 ms
kummer   m=2 tower  t= 8 N=16 g= 1 random  Dmax=  5 reached=  5 cols_to_sol=   4789 cols=   4789    933.1 ms
kummer   m=2 tower  t= 9 N=18 g= 1 random  Dmax=  5 reached=  5 cols_to_sol=   8644 cols=   8644   4530.0 ms
kummer   m=2 tower  t= 9 N=18 g= 1 random  Dmax=  5 reached=  5 cols_to_sol=   8644 cols=   8644   4985.7 ms
kummer   m=2 null   t= 1 N= 2 g= 1 planted Dmax=  3 reached=  3 cols_to_sol=      4 cols=      4      0.2 ms
kummer   m=2 null   t= 1 N= 2 g= 1 planted Dmax=  3 reached=  3 cols_to_sol=      4 cols=      4      0.2 ms
kummer   m=2 null   t= 1 N= 2 g= 1 random  Dmax=  3 reached=  3 cols_to_sol=      4 cols=      4      0.3 ms
kummer   m=2 null   t= 1 N= 2 g= 1 random  Dmax=  3 reached=  3 cols_to_sol=      4 cols=      4      0.2 ms
kummer   m=2 null   t= 2 N= 4 g= 1 planted Dmax=  4 reached=  4 cols_to_sol=     16 cols=     16      0.8 ms
kummer   m=2 null   t= 2 N= 4 g= 1 planted Dmax=  4 reached=  4 cols_to_sol=     16 cols=     16      0.9 ms
kummer   m=2 null   t= 2 N= 4 g= 1 random  Dmax=  4 reached=  4 cols_to_sol=     16 cols=     16      1.0 ms
kummer   m=2 null   t= 2 N= 4 g= 1 random  Dmax=  4 reached=  4 cols_to_sol=     16 cols=     16      0.8 ms
kummer   m=2 null   t= 3 N= 6 g= 1 planted Dmax=  4 reached=  4 cols_to_sol=     56 cols=     56      1.8 ms
kummer   m=2 null   t= 3 N= 6 g= 1 planted Dmax=  4 reached=  4 cols_to_sol=     56 cols=     56      2.4 ms
kummer   m=2 null   t= 3 N= 6 g= 1 random  Dmax=  4 reached=  4 cols_to_sol=     56 cols=     56      1.6 ms
kummer   m=2 null   t= 3 N= 6 g= 1 random  Dmax=  4 reached=  4 cols_to_sol=     56 cols=     56      2.0 ms
kummer   m=2 null   t= 4 N= 8 g= 1 planted Dmax=  4 reached=  5 cols_to_sol=    152 cols=    152      6.4 ms
kummer   m=2 null   t= 4 N= 8 g= 1 planted Dmax=  4 reached=  5 cols_to_sol=    152 cols=    152      7.7 ms
kummer   m=2 null   t= 4 N= 8 g= 1 random  Dmax=  4 reached=  4 cols_to_sol=    152 cols=    152      5.1 ms
kummer   m=2 null   t= 4 N= 8 g= 1 random  Dmax=  4 reached=  4 cols_to_sol=    152 cols=    152      5.8 ms
kummer   m=2 null   t= 5 N=10 g= 1 planted Dmax=  4 reached=  5 cols_to_sol=    337 cols=    463     21.0 ms
kummer   m=2 null   t= 5 N=10 g= 1 planted Dmax=  4 reached=  5 cols_to_sol=    337 cols=    463     20.7 ms
kummer   m=2 null   t= 5 N=10 g= 1 random  Dmax=  4 reached=  4 cols_to_sol=    337 cols=    337     12.8 ms
kummer   m=2 null   t= 5 N=10 g= 1 random  Dmax=  4 reached=  4 cols_to_sol=    337 cols=    337     12.4 ms
kummer   m=2 null   t= 6 N=12 g= 1 planted Dmax=  5 reached=  5 cols_to_sol=   1231 cols=   1231     54.0 ms
kummer   m=2 null   t= 6 N=12 g= 1 planted Dmax=  5 reached=  5 cols_to_sol=   1231 cols=   1231     53.1 ms
kummer   m=2 null   t= 6 N=12 g= 1 random  Dmax=  5 reached=  5 cols_to_sol=   1231 cols=   1231     44.5 ms
kummer   m=2 null   t= 6 N=12 g= 1 random  Dmax=  5 reached=  5 cols_to_sol=   1231 cols=   1231     42.7 ms
kummer   m=2 null   t= 7 N=14 g= 1 planted Dmax=  5 reached=  6 cols_to_sol=   2304 cols=   2304    204.1 ms
kummer   m=2 null   t= 7 N=14 g= 1 planted Dmax=  5 reached=  6 cols_to_sol=   2304 cols=   2304    200.1 ms
kummer   m=2 null   t= 7 N=14 g= 1 random  Dmax=  5 reached=  5 cols_to_sol=   2304 cols=   2304    171.5 ms
kummer   m=2 null   t= 7 N=14 g= 1 random  Dmax=  5 reached=  5 cols_to_sol=   2304 cols=   2304    186.1 ms
kummer   m=2 null   t= 8 N=16 g= 1 random  Dmax=  5 reached=  6 cols_to_sol=   4789 cols=   5106   1009.8 ms
kummer   m=2 null   t= 8 N=16 g= 1 random  Dmax=  5 reached=  5 cols_to_sol=   4789 cols=   4789    922.0 ms
kummer   m=2 null   t= 9 N=18 g= 1 random  Dmax=  5 reached=  6 cols_to_sol=   8644 cols=  13738   4932.0 ms
kummer   m=2 null   t= 9 N=18 g= 1 random  Dmax=  5 reached=  5 cols_to_sol=   8644 cols=   8644   4473.2 ms
dickson  m=2 tower  t= 1 N= 2 g= 1 planted Dmax=  3 reached=  3 cols_to_sol=      4 cols=      4      0.3 ms
dickson  m=2 tower  t= 1 N= 2 g= 1 planted Dmax=  3 reached=  3 cols_to_sol=      4 cols=      4      0.2 ms
dickson  m=2 tower  t= 1 N= 2 g= 1 random  Dmax=  3 reached=  3 cols_to_sol=      4 cols=      4      0.2 ms
dickson  m=2 tower  t= 1 N= 2 g= 1 random  Dmax=  3 reached=  3 cols_to_sol=      4 cols=      4      0.2 ms
dickson  m=2 tower  t= 2 N= 4 g= 1 planted Dmax=  4 reached=  4 cols_to_sol=     16 cols=     16      4.1 ms
dickson  m=2 tower  t= 2 N= 4 g= 1 planted Dmax=  4 reached=  4 cols_to_sol=     16 cols=     16      0.9 ms
dickson  m=2 tower  t= 2 N= 4 g= 1 random  Dmax=  4 reached=  4 cols_to_sol=     16 cols=     16      1.1 ms
dickson  m=2 tower  t= 2 N= 4 g= 1 random  Dmax=  4 reached=  4 cols_to_sol=     16 cols=     16      1.2 ms
dickson  m=2 tower  t= 3 N= 6 g= 1 planted Dmax=  4 reached=  4 cols_to_sol=     56 cols=     56      2.9 ms
dickson  m=2 tower  t= 3 N= 6 g= 1 planted Dmax=  4 reached=  4 cols_to_sol=     56 cols=     56      3.2 ms
dickson  m=2 tower  t= 3 N= 6 g= 1 random  Dmax=  4 reached=  4 cols_to_sol=     56 cols=     56      2.3 ms
dickson  m=2 tower  t= 3 N= 6 g= 1 random  Dmax=  4 reached=  4 cols_to_sol=     56 cols=     56      2.1 ms
dickson  m=2 tower  t= 4 N= 8 g= 1 planted Dmax=  4 reached=  5 cols_to_sol=    152 cols=    152      7.4 ms
dickson  m=2 tower  t= 4 N= 8 g= 1 planted Dmax=  4 reached=  5 cols_to_sol=    152 cols=    152      6.8 ms
dickson  m=2 tower  t= 4 N= 8 g= 1 random  Dmax=  4 reached=  4 cols_to_sol=    152 cols=    152      5.6 ms
dickson  m=2 tower  t= 4 N= 8 g= 1 random  Dmax=  4 reached=  4 cols_to_sol=    152 cols=    152      6.1 ms
dickson  m=2 tower  t= 5 N=10 g= 1 planted Dmax=  4 reached=  5 cols_to_sol=    336 cols=    466     22.9 ms
dickson  m=2 tower  t= 5 N=10 g= 1 planted Dmax=  4 reached=  5 cols_to_sol=    336 cols=    466     16.3 ms
dickson  m=2 tower  t= 5 N=10 g= 1 random  Dmax=  4 reached=  4 cols_to_sol=    336 cols=    336     12.5 ms
dickson  m=2 tower  t= 5 N=10 g= 1 random  Dmax=  4 reached=  4 cols_to_sol=    336 cols=    336     13.6 ms
dickson  m=2 tower  t= 6 N=12 g= 1 planted Dmax=  5 reached=  5 cols_to_sol=   1223 cols=   1223     70.3 ms
dickson  m=2 tower  t= 6 N=12 g= 1 planted Dmax=  5 reached=  5 cols_to_sol=   1223 cols=   1223     57.4 ms
dickson  m=2 tower  t= 6 N=12 g= 1 random  Dmax=  5 reached=  5 cols_to_sol=   1223 cols=   1223     52.7 ms
dickson  m=2 tower  t= 6 N=12 g= 1 random  Dmax=  5 reached=  5 cols_to_sol=   1223 cols=   1223     47.2 ms
dickson  m=2 tower  t= 7 N=14 g= 1 planted Dmax=  5 reached=  6 cols_to_sol=   2303 cols=   2303    205.7 ms
dickson  m=2 tower  t= 7 N=14 g= 1 planted Dmax=  5 reached=  6 cols_to_sol=   2303 cols=   2303    208.4 ms
dickson  m=2 tower  t= 7 N=14 g= 1 random  Dmax=  5 reached=  5 cols_to_sol=   2303 cols=   2303    224.9 ms
dickson  m=2 tower  t= 7 N=14 g= 1 random  Dmax=  5 reached=  5 cols_to_sol=   2303 cols=   2303    224.6 ms
dickson  m=2 tower  t= 8 N=16 g= 1 random  Dmax=  5 reached=  5 cols_to_sol=   4786 cols=   4786   1149.2 ms
dickson  m=2 tower  t= 8 N=16 g= 1 random  Dmax=  5 reached=  5 cols_to_sol=   4786 cols=   4786    962.7 ms
dickson  m=2 tower  t= 9 N=18 g= 1 random  Dmax=  5 reached=  5 cols_to_sol=   8639 cols=   8639   4759.6 ms
dickson  m=2 tower  t= 9 N=18 g= 1 random  Dmax=  5 reached=  5 cols_to_sol=   8639 cols=   8639   4840.7 ms
dickson  m=2 null   t= 1 N= 2 g= 1 planted Dmax=  3 reached=  3 cols_to_sol=      4 cols=      4      0.3 ms
dickson  m=2 null   t= 1 N= 2 g= 1 planted Dmax=  3 reached=  3 cols_to_sol=      4 cols=      4      1.4 ms
dickson  m=2 null   t= 1 N= 2 g= 1 random  Dmax=  3 reached=  3 cols_to_sol=      4 cols=      4      0.2 ms
dickson  m=2 null   t= 1 N= 2 g= 1 random  Dmax=  3 reached=  3 cols_to_sol=      4 cols=      4      0.9 ms
dickson  m=2 null   t= 2 N= 4 g= 1 planted Dmax=  4 reached=  4 cols_to_sol=     16 cols=     16      0.7 ms
dickson  m=2 null   t= 2 N= 4 g= 1 planted Dmax=  4 reached=  4 cols_to_sol=     16 cols=     16      1.1 ms
dickson  m=2 null   t= 2 N= 4 g= 1 random  Dmax=  4 reached=  4 cols_to_sol=     16 cols=     16      0.5 ms
dickson  m=2 null   t= 2 N= 4 g= 1 random  Dmax=  4 reached=  4 cols_to_sol=     16 cols=     16      0.7 ms
dickson  m=2 null   t= 3 N= 6 g= 1 planted Dmax=  4 reached=  4 cols_to_sol=     56 cols=     56      3.1 ms
dickson  m=2 null   t= 3 N= 6 g= 1 planted Dmax=  4 reached=  4 cols_to_sol=     56 cols=     56      2.1 ms
dickson  m=2 null   t= 3 N= 6 g= 1 random  Dmax=  4 reached=  4 cols_to_sol=     56 cols=     56      2.0 ms
dickson  m=2 null   t= 3 N= 6 g= 1 random  Dmax=  4 reached=  4 cols_to_sol=     56 cols=     56      2.9 ms
dickson  m=2 null   t= 4 N= 8 g= 1 planted Dmax=  4 reached=  5 cols_to_sol=    152 cols=    152      6.1 ms
dickson  m=2 null   t= 4 N= 8 g= 1 planted Dmax=  4 reached=  5 cols_to_sol=    152 cols=    152      7.0 ms
dickson  m=2 null   t= 4 N= 8 g= 1 random  Dmax=  4 reached=  4 cols_to_sol=    152 cols=    152      3.9 ms
dickson  m=2 null   t= 4 N= 8 g= 1 random  Dmax=  4 reached=  4 cols_to_sol=    152 cols=    152      5.9 ms
dickson  m=2 null   t= 5 N=10 g= 1 planted Dmax=  4 reached=  5 cols_to_sol=    336 cols=    465     18.2 ms
dickson  m=2 null   t= 5 N=10 g= 1 planted Dmax=  4 reached=  5 cols_to_sol=    336 cols=    465     19.4 ms
dickson  m=2 null   t= 5 N=10 g= 1 random  Dmax=  4 reached=  4 cols_to_sol=    336 cols=    336     13.7 ms
dickson  m=2 null   t= 5 N=10 g= 1 random  Dmax=  4 reached=  4 cols_to_sol=    336 cols=    336     15.0 ms
dickson  m=2 null   t= 6 N=12 g= 1 planted Dmax=  5 reached=  5 cols_to_sol=   1223 cols=   1223     49.9 ms
dickson  m=2 null   t= 6 N=12 g= 1 planted Dmax=  5 reached=  5 cols_to_sol=   1223 cols=   1223     51.8 ms
dickson  m=2 null   t= 6 N=12 g= 1 random  Dmax=  5 reached=  5 cols_to_sol=   1223 cols=   1223     49.5 ms
dickson  m=2 null   t= 6 N=12 g= 1 random  Dmax=  5 reached=  5 cols_to_sol=   1223 cols=   1223     45.0 ms
dickson  m=2 null   t= 7 N=14 g= 1 planted Dmax=  5 reached=  6 cols_to_sol=   2303 cols=   2303    247.8 ms
dickson  m=2 null   t= 7 N=14 g= 1 planted Dmax=  5 reached=  6 cols_to_sol=   2303 cols=   2303    248.3 ms
dickson  m=2 null   t= 7 N=14 g= 1 random  Dmax=  5 reached=  5 cols_to_sol=   2303 cols=   2303    214.1 ms
dickson  m=2 null   t= 7 N=14 g= 1 random  Dmax=  5 reached=  5 cols_to_sol=   2303 cols=   2303    188.7 ms
dickson  m=2 null   t= 8 N=16 g= 1 random  Dmax=  5 reached=  5 cols_to_sol=   4786 cols=   4786    975.4 ms
dickson  m=2 null   t= 8 N=16 g= 1 random  Dmax=  5 reached=  5 cols_to_sol=   4786 cols=   4786    975.8 ms
dickson  m=2 null   t= 9 N=18 g= 1 random  Dmax=  5 reached=  6 cols_to_sol=   8639 cols=  13738   5433.0 ms
dickson  m=2 null   t= 9 N=18 g= 1 random  Dmax=  5 reached=  5 cols_to_sol=   8639 cols=   8639   4766.5 ms
isogeny  m=2 tower  t= 1 N= 2 g= 1 planted Dmax=  3 reached=  3 cols_to_sol=      4 cols=      4      0.5 ms
isogeny  m=2 tower  t= 1 N= 2 g= 1 planted Dmax=  3 reached=  3 cols_to_sol=      4 cols=      4      0.2 ms
isogeny  m=2 tower  t= 1 N= 2 g= 1 random  Dmax=  3 reached=  3 cols_to_sol=      4 cols=      4      0.2 ms
isogeny  m=2 tower  t= 1 N= 2 g= 1 random  Dmax=  3 reached=  3 cols_to_sol=      4 cols=      4      0.2 ms
isogeny  m=2 tower  t= 2 N= 4 g= 1 planted Dmax=  5 reached=  5 cols_to_sol=     16 cols=     16      1.2 ms
isogeny  m=2 tower  t= 2 N= 4 g= 1 planted Dmax=  5 reached=  5 cols_to_sol=     16 cols=     16      0.8 ms
isogeny  m=2 tower  t= 2 N= 4 g= 1 random  Dmax=  5 reached=  5 cols_to_sol=     16 cols=     16      0.8 ms
isogeny  m=2 tower  t= 2 N= 4 g= 1 random  Dmax=  5 reached=  5 cols_to_sol=     16 cols=     16      0.6 ms
isogeny  m=2 tower  t= 3 N= 6 g= 1 planted Dmax=  5 reached=  5 cols_to_sol=     57 cols=     63      3.1 ms
isogeny  m=2 tower  t= 3 N= 6 g= 1 planted Dmax=  5 reached=  5 cols_to_sol=     57 cols=     63      2.7 ms
isogeny  m=2 tower  t= 3 N= 6 g= 1 random  Dmax=  5 reached=  5 cols_to_sol=     57 cols=     57      2.0 ms
isogeny  m=2 tower  t= 3 N= 6 g= 1 random  Dmax=  5 reached=  5 cols_to_sol=     57 cols=     57      2.1 ms
isogeny  m=2 tower  t= 4 N= 8 g= 1 planted Dmax=  5 reached=  5 cols_to_sol=    150 cols=    201      8.9 ms
isogeny  m=2 tower  t= 4 N= 8 g= 1 planted Dmax=  5 reached=  5 cols_to_sol=    150 cols=    207      8.3 ms
isogeny  m=2 tower  t= 4 N= 8 g= 1 random  Dmax=  5 reached=  5 cols_to_sol=    150 cols=    150      6.2 ms
isogeny  m=2 tower  t= 4 N= 8 g= 1 random  Dmax=  5 reached=  5 cols_to_sol=    150 cols=    150      5.9 ms
isogeny  m=2 tower  t= 5 N=10 g= 1 planted Dmax=  5 reached=  5 cols_to_sol=    346 cols=    567     19.8 ms
isogeny  m=2 tower  t= 5 N=10 g= 1 planted Dmax=  5 reached=  5 cols_to_sol=    346 cols=    581     19.1 ms
isogeny  m=2 tower  t= 5 N=10 g= 1 random  Dmax=  5 reached=  5 cols_to_sol=    346 cols=    346     13.9 ms
isogeny  m=2 tower  t= 5 N=10 g= 1 random  Dmax=  5 reached=  5 cols_to_sol=    346 cols=    346     14.6 ms
isogeny  m=2 tower  t= 6 N=12 g= 1 planted Dmax=  5 reached=  6 cols_to_sol=   1181 cols=   1181     71.5 ms
isogeny  m=2 tower  t= 6 N=12 g= 1 planted Dmax=  5 reached=  6 cols_to_sol=   1181 cols=   1181     69.9 ms
isogeny  m=2 tower  t= 6 N=12 g= 1 random  Dmax=  5 reached=  5 cols_to_sol=   1181 cols=   1181     56.2 ms
isogeny  m=2 tower  t= 6 N=12 g= 1 random  Dmax=  5 reached=  5 cols_to_sol=   1181 cols=   1181     47.2 ms
isogeny  m=2 tower  t= 7 N=14 g= 1 planted Dmax=  5 reached=  6 cols_to_sol=   2629 cols=   3103    289.7 ms
isogeny  m=2 tower  t= 7 N=14 g= 1 planted Dmax=  5 reached=  6 cols_to_sol=   2629 cols=   2984    291.4 ms
isogeny  m=2 tower  t= 7 N=14 g= 1 random  Dmax=  5 reached=  5 cols_to_sol=   2629 cols=   2629    252.6 ms
isogeny  m=2 tower  t= 7 N=14 g= 1 random  Dmax=  5 reached=  5 cols_to_sol=   2629 cols=   2629    239.3 ms
isogeny  m=2 tower  t= 8 N=16 g= 1 random  Dmax=  5 reached=  5 cols_to_sol=   5034 cols=   5034   1211.5 ms
isogeny  m=2 tower  t= 8 N=16 g= 1 random  Dmax=  5 reached=  5 cols_to_sol=   5034 cols=   5034   1212.8 ms
isogeny  m=2 tower  t= 9 N=18 g= 1 random  Dmax=  5 reached=  5 cols_to_sol=   9221 cols=   9221   5222.9 ms
isogeny  m=2 tower  t= 9 N=18 g= 1 random  Dmax=  5 reached=  6 cols_to_sol=   9221 cols=  19568   6517.2 ms
isogeny  m=2 null   t= 1 N= 2 g= 1 planted Dmax=  3 reached=  3 cols_to_sol=      4 cols=      4      0.5 ms
isogeny  m=2 null   t= 1 N= 2 g= 1 planted Dmax=  3 reached=  3 cols_to_sol=      4 cols=      4      0.2 ms
isogeny  m=2 null   t= 1 N= 2 g= 1 random  Dmax=  3 reached=  3 cols_to_sol=      4 cols=      4      0.1 ms
isogeny  m=2 null   t= 1 N= 2 g= 1 random  Dmax=  3 reached=  3 cols_to_sol=      4 cols=      4      0.4 ms
isogeny  m=2 null   t= 2 N= 4 g= 1 planted Dmax=  5 reached=  5 cols_to_sol=     16 cols=     16      1.2 ms
isogeny  m=2 null   t= 2 N= 4 g= 1 planted Dmax=  5 reached=  5 cols_to_sol=     16 cols=     16      0.9 ms
isogeny  m=2 null   t= 2 N= 4 g= 1 random  Dmax=  5 reached=  5 cols_to_sol=     16 cols=     16      0.7 ms
isogeny  m=2 null   t= 2 N= 4 g= 1 random  Dmax=  5 reached=  5 cols_to_sol=     16 cols=     16      0.5 ms
isogeny  m=2 null   t= 3 N= 6 g= 1 planted Dmax=  5 reached=  5 cols_to_sol=     57 cols=     63      8.1 ms
isogeny  m=2 null   t= 3 N= 6 g= 1 planted Dmax=  5 reached=  5 cols_to_sol=     57 cols=     63      6.7 ms
isogeny  m=2 null   t= 3 N= 6 g= 1 random  Dmax=  5 reached=  5 cols_to_sol=     57 cols=     57      3.9 ms
isogeny  m=2 null   t= 3 N= 6 g= 1 random  Dmax=  5 reached=  5 cols_to_sol=     57 cols=     57      2.6 ms
isogeny  m=2 null   t= 4 N= 8 g= 1 planted Dmax=  5 reached=  5 cols_to_sol=    150 cols=    207     10.4 ms
isogeny  m=2 null   t= 4 N= 8 g= 1 planted Dmax=  5 reached=  5 cols_to_sol=    150 cols=    207      8.4 ms
isogeny  m=2 null   t= 4 N= 8 g= 1 random  Dmax=  5 reached=  5 cols_to_sol=    150 cols=    150      5.9 ms
isogeny  m=2 null   t= 4 N= 8 g= 1 random  Dmax=  5 reached=  5 cols_to_sol=    150 cols=    150      5.7 ms
isogeny  m=2 null   t= 5 N=10 g= 1 planted Dmax=  5 reached=  5 cols_to_sol=    346 cols=    581     24.5 ms
isogeny  m=2 null   t= 5 N=10 g= 1 planted Dmax=  5 reached=  5 cols_to_sol=    346 cols=    581     20.7 ms
isogeny  m=2 null   t= 5 N=10 g= 1 random  Dmax=  5 reached=  5 cols_to_sol=    346 cols=    346     14.1 ms
isogeny  m=2 null   t= 5 N=10 g= 1 random  Dmax=  5 reached=  5 cols_to_sol=    346 cols=    346     13.2 ms
isogeny  m=2 null   t= 6 N=12 g= 1 planted Dmax=  5 reached=  6 cols_to_sol=   1181 cols=   1181     60.4 ms
isogeny  m=2 null   t= 6 N=12 g= 1 planted Dmax=  5 reached=  6 cols_to_sol=   1181 cols=   1181     59.0 ms
isogeny  m=2 null   t= 6 N=12 g= 1 random  Dmax=  5 reached=  5 cols_to_sol=   1181 cols=   1181     60.4 ms
isogeny  m=2 null   t= 6 N=12 g= 1 random  Dmax=  5 reached=  5 cols_to_sol=   1181 cols=   1181     49.2 ms
isogeny  m=2 null   t= 7 N=14 g= 1 planted Dmax=  5 reached=  6 cols_to_sol=   2630 cols=   2993    324.8 ms
isogeny  m=2 null   t= 7 N=14 g= 1 planted Dmax=  5 reached=  6 cols_to_sol=   2630 cols=   2993    310.5 ms
isogeny  m=2 null   t= 7 N=14 g= 1 random  Dmax=  5 reached=  5 cols_to_sol=   2630 cols=   2630    249.9 ms
isogeny  m=2 null   t= 7 N=14 g= 1 random  Dmax=  5 reached=  5 cols_to_sol=   2630 cols=   2630    264.8 ms
isogeny  m=2 null   t= 8 N=16 g= 1 random  Dmax=  5 reached=  5 cols_to_sol=   5034 cols=   5034   1220.2 ms
isogeny  m=2 null   t= 8 N=16 g= 1 random  Dmax=  5 reached=  5 cols_to_sol=   5034 cols=   5034   1247.2 ms
isogeny  m=2 null   t= 9 N=18 g= 1 random  Dmax=  5 reached=  5 cols_to_sol=   9185 cols=   9185   5677.4 ms
isogeny  m=2 null   t= 9 N=18 g= 1 random  Dmax=  5 reached=  5 cols_to_sol=   9185 cols=   9185   5110.1 ms
{"budget_seconds":900,"p":786433,"planted_per_cell":2,"planted_violations":0,"random_per_cell":2,"rows":192,"seed":1347112276,"wall_seconds":363.380485945}
