kummer   m=3 tower  t= 2 N= 6 g= 1 planted Dmax=  5 reached=  6 cols_to_sol=    164 cols=    204      8.1 ms
kummer   m=3 tower  t= 2 N= 6 g= 1 planted Dmax=  5 reached=  6 cols_to_sol=    164 cols=    204      8.8 ms
kummer   m=3 tower  t= 2 N= 6 g= 1 random  Dmax=  5 reached=  5 cols_to_sol=    164 cols=    164      5.4 ms
kummer   m=3 tower  t= 2 N= 6 g= 1 random  Dmax=  5 reached=  5 cols_to_sol=    164 cols=    164      4.4 ms
kummer   m=3 tower  t= 3 N= 9 g= 1 planted Dmax=  6 reached=  7 cols_to_sol=   1186 cols=   1300    164.1 ms
kummer   m=3 tower  t= 3 N= 9 g= 1 planted Dmax=  6 reached=  7 cols_to_sol=   1186 cols=   1300    111.3 ms
kummer   m=3 tower  t= 3 N= 9 g= 1 random  Dmax=  6 reached=  6 cols_to_sol=   1186 cols=   1186     89.2 ms
kummer   m=3 tower  t= 3 N= 9 g= 1 random  Dmax=  6 reached=  6 cols_to_sol=   1186 cols=   1186     84.4 ms
kummer   m=3 tower  t= 4 N=12 g= 1 random  Dmax=  6 reached=  6 cols_to_sol=   5019 cols=   5019   1549.5 ms
kummer   m=3 tower  t= 4 N=12 g= 1 random  Dmax=  6 reached=  6 cols_to_sol=   5019 cols=   5019   1638.3 ms
dickson  m=3 tower  t= 2 N= 6 g= 1 planted Dmax=  5 reached=  6 cols_to_sol=    164 cols=    204      8.5 ms
dickson  m=3 tower  t= 2 N= 6 g= 1 planted Dmax=  5 reached=  6 cols_to_sol=    164 cols=    204      8.7 ms
dickson  m=3 tower  t= 2 N= 6 g= 1 random  Dmax=  5 reached=  5 cols_to_sol=    164 cols=    164      4.3 ms
dickson  m=3 tower  t= 2 N= 6 g= 1 random  Dmax=  5 reached=  5 cols_to_sol=    164 cols=    164      4.6 ms
dickson  m=3 tower  t= 3 N= 9 g= 1 planted Dmax=  6 reached=  7 cols_to_sol=   1184 cols=   1307    132.2 ms
dickson  m=3 tower  t= 3 N= 9 g= 1 planted Dmax=  6 reached=  7 cols_to_sol=   1184 cols=   1307    112.0 ms
dickson  m=3 tower  t= 3 N= 9 g= 1 random  Dmax=  6 reached=  6 cols_to_sol=   1184 cols=   1184     68.2 ms
dickson  m=3 tower  t= 3 N= 9 g= 1 random  Dmax=  6 reached=  6 cols_to_sol=   1184 cols=   1184     76.1 ms
dickson  m=3 tower  t= 4 N=12 g= 1 random  Dmax=  6 reached=  6 cols_to_sol=   5018 cols=   5018   1619.0 ms
dickson  m=3 tower  t= 4 N=12 g= 1 random  Dmax=  6 reached=  6 cols_to_sol=   5018 cols=   5018   1526.9 ms
isogeny  m=3 tower  t= 2 N= 6 g= 1 planted Dmax=  6 reached=  6 cols_to_sol=    200 cols=    219     10.9 ms
isogeny  m=3 tower  t= 2 N= 6 g= 1 planted Dmax=  6 reached=  6 cols_to_sol=    200 cols=    219      9.9 ms
isogeny  m=3 tower  t= 2 N= 6 g= 1 random  Dmax=  6 reached=  6 cols_to_sol=    200 cols=    200      6.3 ms
isogeny  m=3 tower  t= 2 N= 6 g= 1 random  Dmax=  6 reached=  6 cols_to_sol=    200 cols=    200      5.2 ms
isogeny  m=3 tower  t= 3 N= 9 g= 1 planted Dmax=  6 reached=  7 cols_to_sol=   1196 cols=   1535    165.5 ms
isogeny  m=3 tower  t= 3 N= 9 g= 1 planted Dmax=  6 reached=  7 cols_to_sol=   1196 cols=   1535    151.6 ms
isogeny  m=3 tower  t= 3 N= 9 g= 1 random  Dmax=  6 reached=  6 cols_to_sol=   1196 cols=   1196    108.3 ms
isogeny  m=3 tower  t= 3 N= 9 g= 1 random  Dmax=  6 reached=  6 cols_to_sol=   1196 cols=   1196    105.5 ms
isogeny  m=3 tower  t= 4 N=12 g= 1 random  Dmax=  6 reached=  6 cols_to_sol=   5086 cols=   5086   2477.5 ms
isogeny  m=3 tower  t= 4 N=12 g= 1 random  Dmax=  6 reached=  6 cols_to_sol=   5086 cols=   5086   2449.9 ms
{"budget_seconds":900,"p":786433,"planted_per_cell":2,"planted_violations":0,"random_per_cell":2,"rows":30,"seed":1347112276,"wall_seconds":18.007865752}
