kummer   m=2 ladder t= 4 N= 8 g= 1 planted Dmax=  4 reached=  5 cols_to_sol=    152 cols=    152      6.2 ms
kummer   m=2 ladder t= 4 N= 8 g= 1 planted Dmax=  4 reached=  5 cols_to_sol=    152 cols=    152      7.3 ms
kummer   m=2 ladder t= 4 N= 8 g= 2 planted Dmax=  4 reached=  5 cols_to_sol=    163 cols=    201      6.6 ms
kummer   m=2 ladder t= 4 N= 8 g= 2 planted Dmax=  4 reached=  5 cols_to_sol=    163 cols=    201      7.7 ms
kummer   m=2 ladder t= 4 N= 8 g= 4 planted Dmax=  4 reached=  5 cols_to_sol=    157 cols=    157      4.8 ms
kummer   m=2 ladder t= 4 N= 8 g= 4 planted Dmax=  4 reached=  5 cols_to_sol=    157 cols=    157     10.0 ms
kummer   m=2 ladder t= 4 N= 8 g= 8 planted Dmax=  3 reached=  4 cols_to_sol=     93 cols=    130      3.4 ms
kummer   m=2 ladder t= 4 N= 8 g= 8 planted Dmax=  3 reached=  4 cols_to_sol=     93 cols=    130      3.1 ms
kummer   m=2 ladder t= 4 N= 8 g=12 planted Dmax=  3 reached=  4 cols_to_sol=     93 cols=    103      2.2 ms
kummer   m=2 ladder t= 4 N= 8 g=12 planted Dmax=  3 reached=  4 cols_to_sol=     93 cols=    103      1.9 ms
kummer   m=2 ladder t= 6 N=12 g= 1 planted Dmax=  5 reached=  5 cols_to_sol=   1231 cols=   1231     58.4 ms
kummer   m=2 ladder t= 6 N=12 g= 1 planted Dmax=  5 reached=  5 cols_to_sol=   1231 cols=   1231     68.2 ms
kummer   m=2 ladder t= 6 N=12 g= 2 planted Dmax=  4 reached=  5 cols_to_sol=    794 cols=   1563     69.6 ms
kummer   m=2 ladder t= 6 N=12 g= 2 planted Dmax=  4 reached=  5 cols_to_sol=    794 cols=   1563     79.2 ms
kummer   m=2 ladder t= 6 N=12 g= 4 planted Dmax=  4 reached=  5 cols_to_sol=    784 cols=   1432     67.7 ms
kummer   m=2 ladder t= 6 N=12 g= 4 planted Dmax=  4 reached=  5 cols_to_sol=    784 cols=   1432     61.4 ms
kummer   m=2 ladder t= 6 N=12 g= 8 planted Dmax=  4 reached=  5 cols_to_sol=    757 cols=   1067     44.3 ms
kummer   m=2 ladder t= 6 N=12 g= 8 planted Dmax=  4 reached=  5 cols_to_sol=    757 cols=   1067     38.4 ms
kummer   m=2 ladder t= 6 N=12 g=12 planted Dmax=  4 reached=  5 cols_to_sol=    709 cols=    709     19.7 ms
kummer   m=2 ladder t= 6 N=12 g=12 planted Dmax=  4 reached=  5 cols_to_sol=    709 cols=    709     17.3 ms
isogeny  m=2 ladder t= 4 N= 8 g= 1 planted Dmax=  5 reached=  5 cols_to_sol=    150 cols=    201     11.2 ms
isogeny  m=2 ladder t= 4 N= 8 g= 1 planted Dmax=  5 reached=  5 cols_to_sol=    150 cols=    207      8.9 ms
isogeny  m=2 ladder t= 4 N= 8 g= 2 planted Dmax=  5 reached=  6 cols_to_sol=    214 cols=    223     16.4 ms
isogeny  m=2 ladder t= 4 N= 8 g= 2 planted Dmax=  5 reached=  6 cols_to_sol=    214 cols=    223     14.1 ms
isogeny  m=2 ladder t= 4 N= 8 g= 4 planted Dmax=  4 reached=  5 cols_to_sol=    157 cols=    182      7.3 ms
isogeny  m=2 ladder t= 4 N= 8 g= 4 planted Dmax=  4 reached=  5 cols_to_sol=    157 cols=    182      7.9 ms
isogeny  m=2 ladder t= 4 N= 8 g= 8 planted Dmax=  4 reached=  5 cols_to_sol=    142 cols=    142      4.2 ms
isogeny  m=2 ladder t= 4 N= 8 g= 8 planted Dmax=  4 reached=  5 cols_to_sol=    142 cols=    142      3.9 ms
isogeny  m=2 ladder t= 4 N= 8 g=12 planted Dmax=  3 reached=  5 cols_to_sol=     93 cols=    134      3.4 ms
isogeny  m=2 ladder t= 4 N= 8 g=12 planted Dmax=  3 reached=  5 cols_to_sol=     93 cols=    134      3.1 ms
isogeny  m=2 ladder t= 6 N=12 g= 1 planted Dmax=  5 reached=  6 cols_to_sol=   1181 cols=   1181     71.0 ms
isogeny  m=2 ladder t= 6 N=12 g= 1 planted Dmax=  5 reached=  6 cols_to_sol=   1181 cols=   1181     78.6 ms
isogeny  m=2 ladder t= 6 N=12 g= 2 planted Dmax=  5 reached=  6 cols_to_sol=   1577 cols=   2444    176.9 ms
isogeny  m=2 ladder t= 6 N=12 g= 2 planted Dmax=  5 reached=  6 cols_to_sol=   1577 cols=   2444    142.8 ms
isogeny  m=2 ladder t= 6 N=12 g= 4 planted Dmax=  5 reached=  6 cols_to_sol=   1492 cols=   1981    154.4 ms
isogeny  m=2 ladder t= 6 N=12 g= 4 planted Dmax=  5 reached=  6 cols_to_sol=   1492 cols=   1981    163.9 ms
isogeny  m=2 ladder t= 6 N=12 g= 8 planted Dmax=  5 reached=  5 cols_to_sol=   1429 cols=   1429     80.6 ms
isogeny  m=2 ladder t= 6 N=12 g= 8 planted Dmax=  5 reached=  5 cols_to_sol=   1429 cols=   1429     78.6 ms
isogeny  m=2 ladder t= 6 N=12 g=12 planted Dmax=  4 reached=  5 cols_to_sol=    709 cols=    802     31.0 ms
isogeny  m=2 ladder t= 6 N=12 g=12 planted Dmax=  4 reached=  5 cols_to_sol=    709 cols=    802     30.0 ms
{"budget_seconds":300,"p":786433,"planted_per_cell":2,"planted_violations":0,"random_per_cell":0,"rows":40,"seed":1347112276,"wall_seconds":52.710610515}
