kummer   m=2 tower  t= 1 N= 2 g= 1 planted Dmax=  3 reached=  3 cols_to_sol=      4 cols=      4      0.4 ms
kummer   m=2 tower  t= 1 N= 2 g= 1 planted Dmax=  3 reached=  3 cols_to_sol=      4 cols=      4      0.3 ms
kummer   m=2 tower  t= 1 N= 2 g= 1 random  Dmax=  3 reached=  3 cols_to_sol=      4 cols=      4      0.3 ms
kummer   m=2 tower  t= 1 N= 2 g= 1 random  Dmax=  3 reached=  3 cols_to_sol=      4 cols=      4      0.2 ms
kummer   m=2 tower  t= 2 N= 4 g= 1 planted Dmax=  4 reached=  4 cols_to_sol=     16 cols=     16      1.1 ms
kummer   m=2 tower  t= 2 N= 4 g= 1 planted Dmax=  4 reached=  4 cols_to_sol=     16 cols=     16      0.8 ms
kummer   m=2 tower  t= 2 N= 4 g= 1 random  Dmax=  4 reached=  4 cols_to_sol=     16 cols=     16      1.0 ms
kummer   m=2 tower  t= 2 N= 4 g= 1 random  Dmax=  4 reached=  4 cols_to_sol=     16 cols=     16      0.8 ms
kummer   m=2 tower  t= 3 N= 6 g= 1 planted Dmax=  4 reached=  4 cols_to_sol=     56 cols=     56      2.3 ms
kummer   m=2 tower  t= 3 N= 6 g= 1 planted Dmax=  4 reached=  4 cols_to_sol=     56 cols=     56      2.7 ms
kummer   m=2 tower  t= 3 N= 6 g= 1 random  Dmax=  4 reached=  4 cols_to_sol=     56 cols=     56      2.1 ms
kummer   m=2 tower  t= 3 N= 6 g= 1 random  Dmax=  4 reached=  4 cols_to_sol=     56 cols=     56      1.7 ms
kummer   m=2 tower  t= 4 N= 8 g= 1 planted Dmax=  4 reached=  5 cols_to_sol=    152 cols=    152      7.1 ms
kummer   m=2 tower  t= 4 N= 8 g= 1 planted Dmax=  4 reached=  5 cols_to_sol=    152 cols=    152      6.4 ms
kummer   m=2 tower  t= 4 N= 8 g= 1 random  Dmax=  4 reached=  4 cols_to_sol=    152 cols=    152      4.7 ms
kummer   m=2 tower  t= 4 N= 8 g= 1 random  Dmax=  4 reached=  4 cols_to_sol=    152 cols=    152      5.6 ms
kummer   m=2 tower  t= 5 N=10 g= 1 planted Dmax=  4 reached=  5 cols_to_sol=    337 cols=    468     21.7 ms
kummer   m=2 tower  t= 5 N=10 g= 1 planted Dmax=  4 reached=  5 cols_to_sol=    337 cols=    468     23.0 ms
kummer   m=2 tower  t= 5 N=10 g= 1 random  Dmax=  4 reached=  4 cols_to_sol=    337 cols=    337     17.0 ms
kummer   m=2 tower  t= 5 N=10 g= 1 random  Dmax=  4 reached=  4 cols_to_sol=    337 cols=    337     17.4 ms
kummer   m=2 tower  t= 6 N=12 g= 1 planted Dmax=  5 reached=  5 cols_to_sol=   1231 cols=   1231     92.4 ms
kummer   m=2 tower  t= 6 N=12 g= 1 planted Dmax=  5 reached=  5 cols_to_sol=   1231 cols=   1231     96.6 ms
kummer   m=2 tower  t= 6 N=12 g= 1 random  Dmax=  5 reached=  5 cols_to_sol=   1231 cols=   1231     84.3 ms
kummer   m=2 tower  t= 6 N=12 g= 1 random  Dmax=  5 reached=  5 cols_to_sol=   1231 cols=   1231     71.9 ms
kummer   m=2 tower  t= 7 N=14 g= 1 planted Dmax=  5 reached=  6 cols_to_sol=   2304 cols=   2304    468.9 ms
kummer   m=2 tower  t= 7 N=14 g= 1 planted Dmax=  5 reached=  6 cols_to_sol=   2304 cols=   2304    469.5 ms
kummer   m=2 tower  t= 7 N=14 g= 1 random  Dmax=  5 reached=  5 cols_to_sol=   2304 cols=   2304    394.4 ms
kummer   m=2 tower  t= 7 N=14 g= 1 random  Dmax=  5 reached=  5 cols_to_sol=   2304 cols=   2304    400.0 ms
kummer   m=2 tower  t= 8 N=16 g= 1 random  Dmax=  5 reached=  5 cols_to_sol=   4789 cols=   4789   2605.1 ms
kummer   m=2 tower  t= 8 N=16 g= 1 random  Dmax=  5 reached=  5 cols_to_sol=   4789 cols=   4789   2579.1 ms
{"budget_seconds":900,"p":3221225473,"planted_per_cell":2,"planted_violations":0,"random_per_cell":2,"rows":30,"seed":1347112276,"wall_seconds":7.390387225}
