Initial seed for pseudo-random number generator is 0

--------------- INPUT DATA ---------------
#variables                       6
#equations                      11
#invalid equations               0
field characteristic            17
homogeneous input?               0
signature-based computation      0
monomial order                 DRL
basis hash table resetting     OFF
linear algebra option            2
initial hash table size     131072 (2^17)
max pair selection             ALL
reduce gb                        1
#threads                         1
info level                       2
generate pbm files               0
------------------------------------------

Legend for f4 information
--------------------------------------------------------
deg       current degree of pairs selected in this round
sel       number of pairs selected in this round
pairs     total number of pairs in pair list
mat       matrix dimensions (# rows x # columns)
density   density of the matrix
new data  # new elements for basis in this round
          # zero reductions during linear algebra
time(rd)  time of the current f4 round in seconds given
          for real and cpu time
--------------------------------------------------------

deg     sel   pairs        mat          density            new data         time(rd) in sec (real|cpu)
------------------------------------------------------------------------------------------------------
  4       6      12      18 x 18         20.99%        0 new       6 zero         0.00 | 0.00         
  5       4       6      18 x 45         12.35%        4 new       0 zero         0.00 | 0.00         
  5       8      14      36 x 55         13.43%        6 new       2 zero         0.00 | 0.00         
  4      18      24      46 x 51         12.62%        6 new      12 zero         0.00 | 0.00         
  3       6      18      26 x 39         18.74%        2 new       4 zero         0.00 | 0.00         
  4      12      18      42 x 47         17.63%        0 new      12 zero         0.00 | 0.00         
  5       6       6      25 x 63         14.29%        6 new       0 zero         0.00 | 0.00         
  5      36      36     139 x 177         6.46%       19 new      17 zero         0.00 | 0.00         
  4      41      94     124 x 131        11.22%       17 new      24 zero         0.00 | 0.00         
  3      17      96      65 x 78         20.85%       17 new       0 zero         0.00 | 0.00         
  2       4      96      23 x 28         29.50%        2 new       2 zero         0.00 | 0.00         
  2       5      89      21 x 23         28.36%        3 new       2 zero         0.00 | 0.00         
  2       6      69      23 x 20         26.30%        0 new       6 zero         0.00 | 0.00         
  3      51      63     107 x 59         14.05%        0 new      51 zero         0.00 | 0.00         
  4      12      12     116 x 107         9.10%        0 new      12 zero         0.00 | 0.00         
------------------------------------------------------------------------------------------------------
reduce final basis        7 x 10         40.00%        7 new       0 zero         0.00 | 0.00         
------------------------------------------------------------------------------------------------------

---------------- TIMINGS ----------------
overall(elapsed)        0.00 sec
overall(cpu)            0.00 sec
select                  0.00 sec  10.3%
symbolic prep.          0.00 sec   3.6%
update                  0.00 sec  63.0%
convert                 0.00 sec   5.4%
linear algebra          0.00 sec   9.3%
reduce gb               0.00 sec   0.0%
-----------------------------------------

---------- COMPUTATIONAL DATA -----------
size of basis                     7
#terms in basis                  22
#pairs reduced                  232
#GM criterion                  4046
#redundant elements              86
#rows reduced                   471
#zero reductions                150
max. matrix data                139 x 177 (6.459%)
max. symbolic hash table size  2^11
max. basis hash table size     2^16
-----------------------------------------

#Leading ideal data
#---
#field characteristic: 17
#variable order:       t1, t2, s1, s2, u, v
#monomial order:       graded reverse lexicographical
#length of basis:      7 elements sorted by increasing leading monomials
#---
[s2^1,
s1^1,
t2^1,
t1^1,
v^2,
u^1*v^1,
u^2]:


------------------------------------------------------------------------------------
msolve overall time           0.00 sec (elapsed) /  0.00 sec (cpu)
------------------------------------------------------------------------------------
