Initial seed for pseudo-random number generator is 0

--------------- INPUT DATA ---------------
#variables                       6
#equations                       7
#invalid equations               0
field characteristic            17
homogeneous input?               0
signature-based computation      0
monomial order                 DRL
basis hash table resetting     OFF
linear algebra option            2
initial hash table size     131072 (2^17)
max pair selection             ALL
reduce gb                        1
#threads                         1
info level                       2
generate pbm files               0
------------------------------------------

Legend for f4 information
--------------------------------------------------------
deg       current degree of pairs selected in this round
sel       number of pairs selected in this round
pairs     total number of pairs in pair list
mat       matrix dimensions (# rows x # columns)
density   density of the matrix
new data  # new elements for basis in this round
          # zero reductions during linear algebra
time(rd)  time of the current f4 round in seconds given
          for real and cpu time
--------------------------------------------------------

deg     sel   pairs        mat          density            new data         time(rd) in sec (real|cpu)
------------------------------------------------------------------------------------------------------
  7       4       4      44 x 189         5.72%        4 new       0 zero         0.00 | 0.00         
  8       8      12      70 x 235         8.45%        8 new       0 zero         0.00 | 0.00         
  9      20      28     193 x 525         4.32%       12 new       8 zero         0.00 | 0.00         
  8      22      58     239 x 595         4.13%       20 new       2 zero         0.00 | 0.00         
  7       8     102      72 x 352         8.35%        8 new       0 zero         0.00 | 0.00         
  7       7     123      71 x 261        11.33%        7 new       0 zero         0.00 | 0.00         
  7      21     122      94 x 282        11.95%       17 new       4 zero         0.00 | 0.00         
  7      33     128     112 x 269        14.00%       15 new      18 zero         0.00 | 0.00         
  6      12     146      70 x 153        19.07%        4 new       8 zero         0.00 | 0.00         
  6       6     148      56 x 143        23.50%        4 new       2 zero         0.00 | 0.00         
  6       6     138      54 x 139        24.99%        2 new       4 zero         0.00 | 0.00         
  6       6     135      48 x 133        27.07%        2 new       4 zero         0.00 | 0.00         
  7      37     137     200 x 386         8.79%        9 new      30 zero         0.00 | 0.00         
  7      19     178     169 x 379         9.80%       19 new       1 zero         0.00 | 0.00         
  6       8     258     115 x 329        12.09%        8 new       0 zero         0.00 | 0.00         
  6      15     267     127 x 328        13.93%       13 new       2 zero         0.00 | 0.00         
  6      24     295     138 x 317        15.84%       12 new      12 zero         0.00 | 0.00         
  6      13     298     127 x 312        16.43%       13 new       0 zero         0.00 | 0.00         
  6      33     304     157 x 493        11.34%       17 new      17 zero         0.00 | 0.00         
  6      27     299     175 x 509        12.94%       14 new      13 zero         0.00 | 0.00         
  6      24     294     220 x 526        12.05%       10 new      14 zero         0.00 | 0.00         
  6      33     303     351 x 799         8.61%        8 new      25 zero         0.00 | 0.00         
  6      14     301     235 x 694        11.68%        8 new       6 zero         0.00 | 0.00         
  6       8     326     227 x 644        13.07%        6 new       2 zero         0.00 | 0.00         
  6      18     341     244 x 692        13.79%       12 new       6 zero         0.00 | 0.00         
  6      31     357     256 x 673        16.97%       13 new      18 zero         0.00 | 0.00         
  7     280     378    1192 x 1434        7.80%       65 new     217 zero         0.01 | 0.01         
  6      92     355     510 x 838        16.82%       24 new      72 zero         0.00 | 0.00         
  7     288     371    1245 x 1371       10.77%       40 new     248 zero         0.01 | 0.01         
  6      60     255     528 x 842        15.84%        8 new      52 zero         0.00 | 0.00         
  7     144     220    1036 x 1258       10.71%        4 new     140 zero         0.00 | 0.00         
  7      24      89     800 x 1138       10.98%        0 new      24 zero         0.00 | 0.00         
  8      63      65    1579 x 1878        5.63%        0 new      63 zero         0.00 | 0.00         
  9       2       2     661 x 1014        6.59%        0 new       2 zero         0.00 | 0.00         
------------------------------------------------------------------------------------------------------
reduce final basis      344 x 706        20.80%      222 new       0 zero         0.00 | 0.00         
------------------------------------------------------------------------------------------------------

---------------- TIMINGS ----------------
overall(elapsed)        0.04 sec
overall(cpu)            0.04 sec
select                  0.01 sec  11.7%
symbolic prep.          0.01 sec  19.5%
update                  0.01 sec  26.8%
convert                 0.00 sec   5.2%
linear algebra          0.02 sec  34.4%
reduce gb               0.00 sec   0.0%
-----------------------------------------

---------- COMPUTATIONAL DATA -----------
size of basis                   222
#terms in basis               41642
#pairs reduced                 1410
#GM criterion                 83668
#redundant elements             191
#rows reduced                  3062
#zero reductions               1014
max. matrix data               1579 x 1878 (5.630%)
max. symbolic hash table size  2^12
max. basis hash table size     2^16
-----------------------------------------

#Leading ideal data
#---
#field characteristic: 17
#variable order:       x1, x2, x3, x4, u, v
#monomial order:       graded reverse lexicographical
#length of basis:      222 elements sorted by increasing leading monomials
#---
[u^2*v^2,
x3^2*x4^2,
x1^2*x2^2,
x1^1*u^1*v^3,
x3^1*x4^1*v^3,
x3^2*v^3,
x1^2*v^3,
x3^2*u^1*v^2,
x1^1*x2^1*u^1*v^2,
x1^2*u^1*v^2,
x3^2*x4^1*v^2,
x3^3*v^2,
x1^2*x2^1*v^2,
x1^3*v^2,
u^4*v^1,
x3^1*u^3*v^1,
x1^1*u^3*v^1,
x3^1*x4^1*u^2*v^1,
x3^2*u^2*v^1,
x1^1*x2^1*u^2*v^1,
x1^2*u^2*v^1,
x3^2*x4^1*u^1*v^1,
x3^3*u^1*v^1,
x1^2*x2^1*u^1*v^1,
x1^3*u^1*v^1,
x3^3*x4^1*v^1,
x1^1*x3^2*x4^1*v^1,
x1^2*x3^1*x4^1*v^1,
x3^4*v^1,
x1^1*x3^3*v^1,
x1^1*x2^1*x3^2*v^1,
x1^2*x3^2*v^1,
x1^2*x2^1*x3^1*v^1,
x1^3*x3^1*v^1,
x1^3*x2^1*v^1,
x1^4*v^1,
u^5,
x4^1*u^4,
x3^1*u^4,
x1^1*u^4,
x3^1*x4^1*u^3,
x3^2*u^3,
x1^1*x3^1*u^3,
x1^1*x2^1*u^3,
x1^2*u^3,
x3^2*x4^1*u^2,
x1^1*x3^1*x4^1*u^2,
x1^2*x4^1*u^2,
x3^3*u^2,
x1^1*x3^2*u^2,
x1^1*x2^1*x3^1*u^2,
x1^2*x3^1*u^2,
x2^3*u^2,
x1^1*x2^2*u^2,
x1^2*x2^1*u^2,
x1^3*u^2,
x4^4*u^1,
x3^1*x4^3*u^1,
x3^3*x4^1*u^1,
x2^1*x3^2*x4^1*u^1,
x1^1*x3^2*x4^1*u^1,
x1^1*x2^1*x3^1*x4^1*u^1,
x1^2*x3^1*x4^1*u^1,
x1^2*x2^1*x4^1*u^1,
x1^3*x4^1*u^1,
x3^4*u^1,
x2^1*x3^3*u^1,
x1^1*x3^3*u^1,
x1^1*x2^1*x3^2*u^1,
x1^2*x3^2*u^1,
x1^2*x2^1*x3^1*u^1,
x1^3*x3^1*u^1,
x2^4*u^1,
x1^1*x2^3*u^1,
x1^3*x2^1*u^1,
x1^4*u^1,
x4^5,
x3^1*x4^4,
x1^3*x4^2,
x3^4*x4^1,
x2^1*x3^3*x4^1,
x1^1*x3^3*x4^1,
x1^1*x2^1*x3^2*x4^1,
x1^2*x3^2*x4^1,
x1^2*x2^1*x3^1*x4^1,
x1^3*x3^1*x4^1,
x1^3*x2^1*x4^1,
x1^4*x4^1,
x3^5,
x2^1*x3^4,
x1^1*x3^4,
x1^1*x2^1*x3^3,
x1^2*x3^3,
x1^2*x2^1*x3^2,
x1^3*x3^2,
x1^1*x2^3*x3^1,
x1^3*x2^1*x3^1,
x1^4*x3^1,
x2^5,
x1^1*x2^4,
x1^4*x2^1,
x1^5,
v^6,
u^1*v^5,
x4^1*v^5,
x3^1*v^5,
x2^1*v^5,
x1^1*v^5,
x4^1*u^1*v^4,
x3^1*u^1*v^4,
x2^1*u^1*v^4,
x4^2*v^4,
x1^1*x4^1*v^4,
x2^1*x3^1*v^4,
x1^1*x3^1*v^4,
x2^2*v^4,
x1^1*x2^1*v^4,
x4^2*u^1*v^3,
x2^1*x3^1*u^1*v^3,
x2^2*u^1*v^3,
x4^3*v^3,
x1^1*x4^2*v^3,
x1^1*x2^1*x4^1*v^3,
x2^2*x3^1*v^3,
x1^1*x2^1*x3^1*v^3,
x2^3*v^3,
x1^1*x2^2*v^3,
x4^3*u^1*v^2,
x3^1*x4^2*u^1*v^2,
x1^1*x4^2*u^1*v^2,
x2^1*x3^1*x4^1*u^1*v^2,
x1^1*x3^1*x4^1*u^1*v^2,
x2^2*x3^1*u^1*v^2,
x2^3*u^1*v^2,
x4^4*v^2,
x3^1*x4^3*v^2,
x1^1*x4^3*v^2,
x1^1*x3^1*x4^2*v^2,
x1^1*x2^1*x4^2*v^2,
x1^2*x4^2*v^2,
x2^2*x3^1*x4^1*v^2,
x1^1*x2^1*x3^1*x4^1*v^2,
x2^2*x3^2*v^2,
x2^3*x3^1*v^2,
x1^1*x2^2*x3^1*v^2,
x2^4*v^2,
x1^1*x2^3*v^2,
x4^2*u^3*v^1,
x2^2*u^3*v^1,
x4^3*u^2*v^1,
x2^1*x4^2*u^2*v^1,
x1^1*x4^2*u^2*v^1,
x2^2*x4^1*u^2*v^1,
x2^2*x3^1*u^2*v^1,
x2^1*x4^3*u^1*v^1,
x1^1*x4^3*u^1*v^1,
x2^1*x3^1*x4^2*u^1*v^1,
x1^1*x3^1*x4^2*u^1*v^1,
x1^1*x2^1*x4^2*u^1*v^1,
x1^2*x4^2*u^1*v^1,
x2^2*x3^1*x4^1*u^1*v^1,
x2^3*x4^1*u^1*v^1,
x1^1*x2^2*x4^1*u^1*v^1,
x2^2*x3^2*u^1*v^1,
x2^3*x3^1*u^1*v^1,
x1^1*x2^2*x3^1*u^1*v^1,
x2^1*x4^4*v^1,
x1^1*x4^4*v^1,
x2^1*x3^1*x4^3*v^1,
x1^1*x3^1*x4^3*v^1,
x1^1*x2^1*x4^3*v^1,
x1^2*x4^3*v^1,
x1^1*x2^1*x3^1*x4^2*v^1,
x1^2*x2^1*x4^2*v^1,
x2^2*x3^2*x4^1*v^1,
x2^3*x3^1*x4^1*v^1,
x1^1*x2^2*x3^1*x4^1*v^1,
x2^4*x4^1*v^1,
x1^1*x2^3*x4^1*v^1,
x2^2*x3^3*v^1,
x2^3*x3^2*v^1,
x2^4*x3^1*v^1,
x2^2*u^4,
x4^3*u^3,
x2^1*x4^2*u^3,
x1^1*x4^2*u^3,
x2^2*x4^1*u^3,
x2^2*x3^1*u^3,
x2^1*x4^3*u^2,
x1^1*x4^3*u^2,
x2^1*x3^1*x4^2*u^2,
x1^1*x2^1*x4^2*u^2,
x2^2*x3^1*x4^1*u^2,
x2^2*x3^2*u^2,
x1^1*x2^1*x4^3*u^1,
x1^2*x4^3*u^1,
x2^2*x3^1*x4^2*u^1,
x2^3*x4^2*u^1,
x1^1*x2^2*x4^2*u^1,
x2^3*x3^1*x4^1*u^1,
x2^3*x3^2*u^1,
x2^2*x4^4,
x1^1*x2^1*x4^4,
x1^2*x4^4,
x2^2*x3^1*x4^3,
x1^1*x2^1*x3^1*x4^3,
x1^2*x3^1*x4^3,
x1^1*x2^2*x4^3,
x1^2*x2^1*x4^3,
x2^3*x3^1*x4^2,
x1^1*x2^2*x3^1*x4^2,
x2^4*x4^2,
x1^1*x2^3*x4^2,
x2^3*x3^2*x4^1,
x2^4*x3^1*x4^1,
x2^3*x3^3,
x2^4*x3^2,
x2^2*x4^2*v^3,
x2^2*x4^2*u^1*v^2,
x2^2*x4^3*v^2,
x2^3*x4^2*v^2,
x2^3*x4^3*v^1]:


------------------------------------------------------------------------------------
msolve overall time           0.04 sec (elapsed) /  0.04 sec (cpu)
------------------------------------------------------------------------------------
