Initial seed for pseudo-random number generator is 0

--------------- INPUT DATA ---------------
#variables                       6
#equations                       7
#invalid equations               0
field characteristic            17
homogeneous input?               0
signature-based computation      0
monomial order                 DRL
basis hash table resetting     OFF
linear algebra option            2
initial hash table size     131072 (2^17)
max pair selection             ALL
reduce gb                        1
#threads                         1
info level                       2
generate pbm files               0
------------------------------------------

Legend for f4 information
--------------------------------------------------------
deg       current degree of pairs selected in this round
sel       number of pairs selected in this round
pairs     total number of pairs in pair list
mat       matrix dimensions (# rows x # columns)
density   density of the matrix
new data  # new elements for basis in this round
          # zero reductions during linear algebra
time(rd)  time of the current f4 round in seconds given
          for real and cpu time
--------------------------------------------------------

deg     sel   pairs        mat          density            new data         time(rd) in sec (real|cpu)
------------------------------------------------------------------------------------------------------
  9       4       4      84 x 357         3.40%        4 new       0 zero         0.00 | 0.00         
 10       8      12     118 x 427         5.28%        8 new       0 zero         0.00 | 0.00         
 11      20      28     331 x 957         2.20%       12 new       8 zero         0.00 | 0.00         
 10      10      84     357 x 1015        1.97%       10 new       0 zero         0.00 | 0.00         
 11      40     124     629 x 1403        2.41%       24 new      16 zero         0.00 | 0.00         
 10      32     210     463 x 1155        3.73%       16 new      16 zero         0.00 | 0.00         
 10      28     218     542 x 1246        3.38%       20 new       8 zero         0.00 | 0.00         
 10      30     242     567 x 1295        4.48%       14 new      16 zero         0.00 | 0.00         
 10      23     271     555 x 1275        4.68%       19 new       4 zero         0.00 | 0.00         
 10      68     322     674 x 1356        5.71%       46 new      22 zero         0.00 | 0.00         
  9      32     377     479 x 1117        6.69%       32 new       0 zero         0.00 | 0.00         
  9      80     449     563 x 1121        8.35%       66 new      14 zero         0.00 | 0.00         
  8       8     558     291 x 803         9.45%        8 new       0 zero         0.00 | 0.00         
  8      16     579     309 x 807        10.13%       16 new       0 zero         0.00 | 0.00         
  8      24     624     325 x 799        10.92%       24 new       0 zero         0.00 | 0.00         
  8      69     623     392 x 817        11.75%       45 new      24 zero         0.00 | 0.00         
  7       5     649      43 x 484        16.06%        2 new       3 zero         0.00 | 0.00         
  8      82     647     427 x 854         9.90%       17 new      65 zero         0.00 | 0.00         
  8      56     574     438 x 803        12.59%       42 new      14 zero         0.00 | 0.00         
  8     152     583     563 x 1138        9.95%       41 new     113 zero         0.00 | 0.00         
  6       3     538      12 x 95         18.51%        1 new       2 zero         0.00 | 0.00         
  7      76     536     343 x 596        16.19%        2 new      74 zero         0.00 | 0.00         
  7       8     461     230 x 549        14.84%        0 new       8 zero         0.00 | 0.00         
  8      71     453     596 x 1883        5.55%        1 new      70 zero         0.00 | 0.00         
  9     140     385    2099 x 3798        2.86%       27 new     113 zero         0.01 | 0.01         
  9      63     347    1327 x 3062        5.79%       39 new      24 zero         0.01 | 0.01         
 10     331     475    4575 x 6177        3.24%      115 new     220 zero         0.05 | 0.05         
  9     132     682    2041 x 3703        7.61%       40 new      92 zero         0.02 | 0.02         
  9      12     743    1719 x 3437        6.12%        0 new      12 zero         0.01 | 0.01         
 10     568     731    4814 x 6032        5.73%       51 new     517 zero         0.10 | 0.10         
 10     114     350    3092 x 4713        5.92%        0 new     114 zero         0.03 | 0.03         
 11     236     236    5943 x 7442        3.05%        0 new     236 zero         0.06 | 0.06         
------------------------------------------------------------------------------------------------------
reduce final basis      446 x 2181       33.69%      321 new       0 zero         0.01 | 0.01         
------------------------------------------------------------------------------------------------------

---------------- TIMINGS ----------------
overall(elapsed)        0.31 sec
overall(cpu)            0.31 sec
select                  0.03 sec  10.2%
symbolic prep.          0.05 sec  15.5%
update                  0.04 sec  11.9%
convert                 0.01 sec   2.6%
linear algebra          0.18 sec  58.5%
reduce gb               0.00 sec   0.0%
-----------------------------------------

---------- COMPUTATIONAL DATA -----------
size of basis                   321
#terms in basis              330292
#pairs reduced                 2541
#GM criterion                277585
#redundant elements             428
#rows reduced                  5415
#zero reductions               1805
max. matrix data               5943 x 7442 (3.050%)
max. symbolic hash table size  2^14
max. basis hash table size     2^16
-----------------------------------------

#Leading ideal data
#---
#field characteristic: 17
#variable order:       x1, x2, x3, x4, u, v
#monomial order:       graded reverse lexicographical
#length of basis:      321 elements sorted by increasing leading monomials
#---
[u^2*v^2,
x3^2*x4^2,
x1^2*x2^2,
u^5,
v^6,
u^1*v^5,
x3^2*u^4,
x1^2*u^4,
x3^2*x4^1*u^3,
x3^3*u^3,
x1^2*x2^1*u^3,
x1^3*u^3,
x3^3*x4^1*u^2,
x3^4*u^2,
x1^3*x2^1*u^2,
x1^4*u^2,
x3^4*x4^1*u^1,
x3^5*u^1,
x1^4*x2^1*u^1,
x1^5*u^1,
x3^5*x4^1,
x3^6,
x1^5*x2^1,
x1^6,
x3^1*x4^1*v^5,
x3^2*v^5,
x1^1*x2^1*v^5,
x1^2*v^5,
x3^1*x4^1*u^1*v^4,
x3^2*u^1*v^4,
x1^1*x2^1*u^1*v^4,
x1^2*u^1*v^4,
x3^2*x4^1*v^4,
x3^3*v^4,
x1^2*x2^1*v^4,
x1^3*v^4,
x3^2*x4^1*u^1*v^3,
x3^3*u^1*v^3,
x1^2*x2^1*u^1*v^3,
x1^3*u^1*v^3,
x3^3*x4^1*v^3,
x3^4*v^3,
x1^3*x2^1*v^3,
x1^4*v^3,
x4^4*u^1*v^2,
x3^1*x4^3*u^1*v^2,
x3^3*x4^1*u^1*v^2,
x3^4*u^1*v^2,
x2^4*u^1*v^2,
x1^1*x2^3*u^1*v^2,
x1^3*x2^1*u^1*v^2,
x1^4*u^1*v^2,
x4^5*v^2,
x3^1*x4^4*v^2,
x3^4*x4^1*v^2,
x3^5*v^2,
x2^5*v^2,
x1^1*x2^4*v^2,
x1^4*x2^1*v^2,
x1^5*v^2,
x4^2*u^4*v^1,
x3^1*x4^1*u^4*v^1,
x2^2*u^4*v^1,
x1^1*x2^1*u^4*v^1,
x4^3*u^3*v^1,
x3^1*x4^2*u^3*v^1,
x2^3*u^3*v^1,
x1^1*x2^2*u^3*v^1,
x4^4*u^2*v^1,
x3^1*x4^3*u^2*v^1,
x2^4*u^2*v^1,
x1^1*x2^3*u^2*v^1,
x4^5*u^1*v^1,
x3^1*x4^4*u^1*v^1,
x2^5*u^1*v^1,
x1^1*x2^4*u^1*v^1,
x4^6*v^1,
x3^1*x4^5*v^1,
x2^6*v^1,
x1^1*x2^5*v^1,
x4^3*u^4,
x3^1*x4^2*u^4,
x2^3*u^4,
x1^1*x2^2*u^4,
x4^4*u^3,
x3^1*x4^3*u^3,
x2^4*u^3,
x1^1*x2^3*u^3,
x4^5*u^2,
x3^1*x4^4*u^2,
x2^5*u^2,
x1^1*x2^4*u^2,
x4^6*u^1,
x3^1*x4^5*u^1,
x2^6*u^1,
x1^1*x2^5*u^1,
x4^7,
x3^1*x4^6,
x2^7,
x1^1*x2^6,
x4^3*v^5,
x2^3*v^5,
x4^3*u^1*v^4,
x2^3*u^1*v^4,
x4^4*v^4,
x3^1*x4^3*v^4,
x2^4*v^4,
x1^1*x2^3*v^4,
x1^1*x2^1*x3^4*u^1*v^1,
x1^2*x3^4*u^1*v^1,
x1^3*x2^1*x3^2*u^1*v^1,
x1^4*x3^2*u^1*v^1,
x1^1*x2^1*x3^4*x4^1*v^1,
x1^2*x3^4*x4^1*v^1,
x1^4*x2^1*x3^1*x4^1*v^1,
x1^5*x3^1*x4^1*v^1,
x1^1*x2^1*x3^5*v^1,
x1^2*x3^5*v^1,
x1^4*x2^1*x3^2*v^1,
x1^5*x3^2*v^1,
x1^1*x2^1*x3^1*x4^1*u^4,
x1^2*x2^1*x3^2*x4^1*u^2,
x1^3*x3^2*x4^1*u^2,
x1^2*x2^1*x3^3*u^2,
x1^3*x3^3*u^2,
x1^2*x2^1*x3^3*x4^1*u^1,
x1^3*x3^3*x4^1*u^1,
x1^3*x2^1*x3^2*x4^1*u^1,
x1^4*x3^2*x4^1*u^1,
x1^2*x2^1*x3^4*u^1,
x1^3*x3^4*u^1,
x1^3*x2^1*x3^3*u^1,
x1^4*x3^3*u^1,
x1^2*x2^1*x3^4*x4^1,
x1^3*x3^4*x4^1,
x1^3*x2^1*x3^3*x4^1,
x1^4*x3^3*x4^1,
x1^4*x2^1*x3^2*x4^1,
x1^5*x3^2*x4^1,
x1^2*x2^1*x3^5,
x1^3*x3^5,
x1^3*x2^1*x3^4,
x1^4*x3^4,
x1^4*x2^1*x3^3,
x1^5*x3^3,
x1^1*x2^1*x3^1*x4^3*v^3,
x1^2*x3^1*x4^3*v^3,
x1^1*x2^3*x4^2*v^3,
x1^2*x2^1*x3^2*x4^1*v^3,
x1^3*x3^2*x4^1*v^3,
x1^1*x2^3*x3^1*x4^1*v^3,
x1^1*x2^2*x3^3*v^3,
x1^2*x2^1*x3^3*v^3,
x1^3*x3^3*v^3,
x2^4*x3^2*v^3,
x1^1*x2^3*x3^2*v^3,
x1^3*x4^3*u^1*v^2,
x1^2*x2^1*x3^1*x4^2*u^1*v^2,
x1^3*x3^1*x4^2*u^1*v^2,
x1^2*x2^1*x3^2*x4^1*u^1*v^2,
x1^3*x3^2*x4^1*u^1*v^2,
x1^1*x2^2*x3^3*u^1*v^2,
x1^2*x2^1*x3^3*u^1*v^2,
x1^3*x3^3*u^1*v^2,
x1^2*x2^1*x4^4*v^2,
x1^3*x4^4*v^2,
x1^2*x2^1*x3^1*x4^3*v^2,
x1^3*x3^1*x4^3*v^2,
x1^3*x2^1*x4^3*v^2,
x1^4*x4^3*v^2,
x1^3*x2^1*x3^1*x4^2*v^2,
x1^4*x3^1*x4^2*v^2,
x2^3*x3^3*x4^1*v^2,
x1^1*x2^2*x3^3*x4^1*v^2,
x1^2*x2^1*x3^3*x4^1*v^2,
x1^3*x3^3*x4^1*v^2,
x2^4*x3^2*x4^1*v^2,
x1^1*x2^3*x3^2*x4^1*v^2,
x1^3*x2^1*x3^2*x4^1*v^2,
x1^4*x3^2*x4^1*v^2,
x2^3*x3^4*v^2,
x1^1*x2^2*x3^4*v^2,
x1^2*x2^1*x3^4*v^2,
x1^3*x3^4*v^2,
x2^4*x3^3*v^2,
x1^1*x2^3*x3^3*v^2,
x1^3*x2^1*x3^3*v^2,
x1^4*x3^3*v^2,
x1^2*x2^1*x4^3*u^2*v^1,
x1^3*x4^3*u^2*v^1,
x1^2*x2^1*x3^1*x4^2*u^2*v^1,
x1^3*x3^1*x4^2*u^2*v^1,
x2^3*x3^2*x4^1*u^2*v^1,
x1^1*x2^2*x3^2*x4^1*u^2*v^1,
x2^3*x3^3*u^2*v^1,
x1^1*x2^2*x3^3*u^2*v^1,
x1^2*x2^1*x4^4*u^1*v^1,
x1^3*x4^4*u^1*v^1,
x1^2*x2^1*x3^1*x4^3*u^1*v^1,
x1^3*x3^1*x4^3*u^1*v^1,
x1^3*x2^1*x4^3*u^1*v^1,
x1^4*x4^3*u^1*v^1,
x1^3*x2^1*x3^1*x4^2*u^1*v^1,
x1^4*x3^1*x4^2*u^1*v^1,
x2^3*x3^3*x4^1*u^1*v^1,
x1^1*x2^2*x3^3*x4^1*u^1*v^1,
x2^4*x3^2*x4^1*u^1*v^1,
x1^1*x2^3*x3^2*x4^1*u^1*v^1,
x2^3*x3^4*u^1*v^1,
x2^4*x3^3*u^1*v^1,
x1^1*x2^3*x3^3*u^1*v^1,
x1^2*x2^1*x4^5*v^1,
x1^3*x4^5*v^1,
x1^2*x2^1*x3^1*x4^4*v^1,
x1^3*x3^1*x4^4*v^1,
x1^3*x2^1*x4^4*v^1,
x1^4*x4^4*v^1,
x1^3*x2^1*x3^1*x4^3*v^1,
x1^4*x3^1*x4^3*v^1,
x1^4*x2^1*x4^3*v^1,
x1^5*x4^3*v^1,
x2^3*x3^4*x4^1*v^1,
x2^4*x3^3*x4^1*v^1,
x1^1*x2^3*x3^3*x4^1*v^1,
x2^5*x3^2*x4^1*v^1,
x1^1*x2^4*x3^2*x4^1*v^1,
x2^3*x3^5*v^1,
x2^4*x3^4*v^1,
x1^1*x2^3*x3^4*v^1,
x2^5*x3^3*v^1,
x1^1*x2^4*x3^3*v^1,
x1^2*x2^1*x4^4*u^2,
x1^3*x4^4*u^2,
x1^2*x2^1*x3^1*x4^3*u^2,
x1^3*x3^1*x4^3*u^2,
x2^4*x3^2*x4^1*u^2,
x1^1*x2^3*x3^2*x4^1*u^2,
x2^4*x3^3*u^2,
x1^1*x2^3*x3^3*u^2,
x1^2*x2^1*x4^5*u^1,
x1^3*x4^5*u^1,
x1^2*x2^1*x3^1*x4^4*u^1,
x1^3*x3^1*x4^4*u^1,
x1^1*x2^3*x4^4*u^1,
x1^3*x2^1*x4^4*u^1,
x1^4*x4^4*u^1,
x2^4*x3^1*x4^3*u^1,
x1^1*x2^3*x3^1*x4^3*u^1,
x1^3*x2^1*x3^1*x4^3*u^1,
x1^4*x3^1*x4^3*u^1,
x2^5*x4^3*u^1,
x1^1*x2^4*x4^3*u^1,
x2^5*x3^1*x4^2*u^1,
x1^1*x2^4*x3^1*x4^2*u^1,
x2^4*x3^3*x4^1*u^1,
x1^1*x2^3*x3^3*x4^1*u^1,
x2^5*x3^2*x4^1*u^1,
x1^1*x2^4*x3^2*x4^1*u^1,
x2^4*x3^4*u^1,
x1^1*x2^3*x3^4*u^1,
x2^5*x3^3*u^1,
x1^1*x2^4*x3^3*u^1,
x2^3*x4^6,
x1^1*x2^2*x4^6,
x1^2*x2^1*x4^6,
x1^3*x4^6,
x2^3*x3^1*x4^5,
x1^1*x2^2*x3^1*x4^5,
x1^2*x2^1*x3^1*x4^5,
x1^3*x3^1*x4^5,
x2^4*x4^5,
x1^1*x2^3*x4^5,
x1^3*x2^1*x4^5,
x1^4*x4^5,
x2^4*x3^1*x4^4,
x1^1*x2^3*x3^1*x4^4,
x1^3*x2^1*x3^1*x4^4,
x1^4*x3^1*x4^4,
x2^5*x4^4,
x1^1*x2^4*x4^4,
x1^4*x2^1*x4^4,
x1^5*x4^4,
x2^5*x3^1*x4^3,
x1^1*x2^4*x3^1*x4^3,
x1^4*x2^1*x3^1*x4^3,
x1^5*x3^1*x4^3,
x2^6*x4^3,
x1^1*x2^5*x4^3,
x2^6*x3^1*x4^2,
x1^1*x2^5*x3^1*x4^2,
x2^4*x3^4*x4^1,
x1^1*x2^3*x3^4*x4^1,
x2^5*x3^3*x4^1,
x1^1*x2^4*x3^3*x4^1,
x2^6*x3^2*x4^1,
x1^1*x2^5*x3^2*x4^1,
x2^4*x3^5,
x1^1*x2^3*x3^5,
x2^5*x3^4,
x1^1*x2^4*x3^4,
x2^6*x3^3,
x1^1*x2^5*x3^3,
x2^3*x4^3*v^4,
x1^1*x2^2*x4^3*v^4,
x2^3*x3^1*x4^2*v^4,
x1^1*x2^2*x3^1*x4^2*v^4,
x2^3*x4^3*u^1*v^3,
x1^1*x2^2*x4^3*u^1*v^3,
x2^3*x3^1*x4^2*u^1*v^3,
x1^1*x2^2*x3^1*x4^2*u^1*v^3,
x2^3*x4^4*v^3,
x1^1*x2^2*x4^4*v^3,
x2^3*x3^1*x4^3*v^3,
x2^4*x4^3*v^3,
x2^4*x3^1*x4^2*v^3,
x2^4*x4^4*v^2,
x1^1*x2^3*x4^4*v^2,
x2^4*x3^1*x4^3*v^2,
x1^1*x2^3*x3^1*x4^3*v^2,
x2^4*x4^4*u^1*v^1,
x2^4*x4^4*u^2]:


------------------------------------------------------------------------------------
msolve overall time           0.31 sec (elapsed) /  0.31 sec (cpu)
------------------------------------------------------------------------------------
