Initial seed for pseudo-random number generator is 0

--------------- INPUT DATA ---------------
#variables                       6
#equations                       7
#invalid equations               0
field characteristic            17
homogeneous input?               0
signature-based computation      0
monomial order                 DRL
basis hash table resetting     OFF
linear algebra option            2
initial hash table size     131072 (2^17)
max pair selection             ALL
reduce gb                        1
#threads                         1
info level                       2
generate pbm files               0
------------------------------------------

Legend for f4 information
--------------------------------------------------------
deg       current degree of pairs selected in this round
sel       number of pairs selected in this round
pairs     total number of pairs in pair list
mat       matrix dimensions (# rows x # columns)
density   density of the matrix
new data  # new elements for basis in this round
          # zero reductions during linear algebra
time(rd)  time of the current f4 round in seconds given
          for real and cpu time
--------------------------------------------------------

deg     sel   pairs        mat          density            new data         time(rd) in sec (real|cpu)
------------------------------------------------------------------------------------------------------
  6       2       4       6 x 34         18.63%        2 new       0 zero         0.00 | 0.00         
  6       2      10      11 x 57         14.51%        2 new       0 zero         0.00 | 0.00         
  6       4      14      19 x 99         10.37%        2 new       2 zero         0.00 | 0.00         
  6       2      14      27 x 111        10.51%        0 new       2 zero         0.00 | 0.00         
  7       6      12      36 x 228         5.85%        5 new       1 zero         0.00 | 0.00         
  7       8      34      45 x 306         9.66%        1 new       7 zero         0.00 | 0.00         
  7       4      30      30 x 274        10.78%        2 new       2 zero         0.00 | 0.00         
  8      15      33     123 x 660         6.23%        6 new       9 zero         0.00 | 0.00         
  8      17      39     283 x 1075        5.24%        1 new      16 zero         0.00 | 0.00         
  9       8      28     344 x 1504        3.37%        6 new       2 zero         0.00 | 0.00         
  9       4      53      40 x 177         9.49%        4 new       0 zero         0.00 | 0.00         
  9       8      76      62 x 223        10.78%        4 new       4 zero         0.00 | 0.00         
  9       6      93      74 x 249        10.50%        2 new       4 zero         0.00 | 0.00         
  9       2      97      48 x 239        15.36%        0 new       2 zero         0.00 | 0.00         
 10      23      95     916 x 3018        1.89%        8 new      15 zero         0.00 | 0.00         
 10       8     118     293 x 781         3.96%        6 new       2 zero         0.00 | 0.00         
 10       6     137     361 x 861         4.02%        2 new       4 zero         0.00 | 0.00         
 11     102     143    2446 x 5487        1.14%       61 new      41 zero         0.01 | 0.01         
 10      23     287     444 x 968         4.64%       11 new      12 zero         0.00 | 0.00         
 10       6     307     401 x 931         4.54%        4 new       2 zero         0.00 | 0.00         
 10       6     324     494 x 1023        4.16%        6 new       0 zero         0.00 | 0.00         
 10      16     354     473 x 987         5.00%       16 new       0 zero         0.00 | 0.00         
 10      56     354     589 x 1083        5.82%       40 new      16 zero         0.00 | 0.00         
  9      48     423     441 x 883         8.09%       38 new      10 zero         0.00 | 0.00         
  9     148     492     627 x 972         9.74%       72 new      77 zero         0.00 | 0.00         
  8      84     517     447 x 779        12.03%       46 new      38 zero         0.00 | 0.00         
  8     170     589     554 x 755        14.70%       38 new     135 zero         0.00 | 0.00         
  8     142     507     593 x 1340        8.02%       24 new     121 zero         0.00 | 0.00         
  8      90     430     489 x 1251        9.09%       26 new      64 zero         0.00 | 0.00         
  8      98     428    1038 x 2236        6.70%       70 new      28 zero         0.01 | 0.01         
  7      24     561     349 x 1115       16.26%       15 new       9 zero         0.00 | 0.00         
  7      18     591     352 x 1109       18.11%       13 new       5 zero         0.00 | 0.00         
  7       6     614     344 x 1100       19.36%        4 new       2 zero         0.00 | 0.00         
  8     325     629    1319 x 2168       13.70%      126 new     199 zero         0.03 | 0.03         
  8     188     803    1149 x 2004       15.57%       92 new      97 zero         0.02 | 0.02         
  8     325     919    1656 x 2417       17.71%      151 new     205 zero         0.06 | 0.06         
  8     468    1145    1678 x 2159       23.07%       79 new     406 zero         0.06 | 0.06         
  8     409     892    1755 x 2226       22.85%       13 new     411 zero         0.05 | 0.05         
  8      36     521    1243 x 2089       19.91%        1 new      35 zero         0.01 | 0.01         
  9     416     490    2760 x 3225       12.94%        0 new     416 zero         0.06 | 0.06         
 10      22      74    4129 x 4988        5.57%        0 new      22 zero         0.02 | 0.02         
 11      52      52    6893 x 7722        2.87%        0 new      52 zero         0.03 | 0.03         
------------------------------------------------------------------------------------------------------
reduce final basis      526 x 1407       43.04%      505 new       0 zero         0.01 | 0.01         
------------------------------------------------------------------------------------------------------

---------------- TIMINGS ----------------
overall(elapsed)        0.39 sec
overall(cpu)            0.39 sec
select                  0.03 sec   7.4%
symbolic prep.          0.06 sec  15.9%
update                  0.07 sec  17.4%
convert                 0.01 sec   2.3%
linear algebra          0.22 sec  55.8%
reduce gb               0.00 sec   0.0%
-----------------------------------------

---------- COMPUTATIONAL DATA -----------
size of basis                   505
#terms in basis              343306
#pairs reduced                 3403
#GM criterion                502112
#redundant elements             501
#rows reduced                  7453
#zero reductions               2475
max. matrix data               6893 x 7722 (2.868%)
max. symbolic hash table size  2^14
max. basis hash table size     2^16
-----------------------------------------

#Leading ideal data
#---
#field characteristic: 17
#variable order:       u, v, t1, t2, s1, s2
#monomial order:       graded reverse lexicographical
#length of basis:      505 elements sorted by increasing leading monomials
#---
[v^2*s2^2,
u^2*s1^2,
u^2*v^2,
u^2*v^1*t2^1*s2^1,
u^1*v^2*t1^1*s1^1,
u^2*t2^3,
u^2*v^1*t2^2,
v^2*t1^3,
u^1*v^2*t1^2,
u^1*v^1*t1^1*t2^1*s1^1*s2^1,
u^1*v^1*t1^2*t2^1*s2^1,
u^1*v^1*t1^1*t2^2*s1^1,
u^1*v^1*t1^2*t2^2,
v^5*t1^1,
u^1*v^4*t1^1,
u^4*v^1*t1^1,
u^5*t1^1,
v^6,
u^1*v^5,
u^5*v^1,
u^6,
s2^7,
t2^1*s2^6,
v^1*s2^6,
u^1*s2^6,
t2^2*s2^5,
v^1*t2^1*s2^5,
u^1*t2^1*s2^5,
u^1*v^1*s2^5,
u^2*s2^5,
t2^3*s2^4,
v^1*t2^2*s2^4,
u^1*t2^2*s2^4,
u^1*v^1*t2^1*s2^4,
u^2*t2^1*s2^4,
u^2*v^1*s2^4,
u^3*s2^4,
u^1*v^1*s1^2*s2^3,
t2^4*s2^3,
v^1*t2^3*s2^3,
u^1*t2^3*s2^3,
u^1*v^1*t2^2*s2^3,
u^2*t2^2*s2^3,
u^3*t2^1*s2^3,
u^3*v^1*s2^3,
u^4*s2^3,
v^1*t2^1*s1^3*s2^2,
u^1*t2^1*s1^3*s2^2,
t1^2*s1^3*s2^2,
v^1*t1^1*s1^3*s2^2,
u^1*t1^1*s1^3*s2^2,
u^1*v^1*s1^3*s2^2,
t2^3*s1^2*s2^2,
t1^1*t2^2*s1^2*s2^2,
v^1*t2^2*s1^2*s2^2,
u^1*t2^2*s1^2*s2^2,
t1^2*t2^1*s1^2*s2^2,
v^1*t1^1*t2^1*s1^2*s2^2,
u^1*t1^1*t2^1*s1^2*s2^2,
u^1*v^1*t2^1*s1^2*s2^2,
t1^3*s1^2*s2^2,
v^1*t1^2*s1^2*s2^2,
u^1*t1^2*s1^2*s2^2,
u^1*v^1*t1^1*s1^2*s2^2,
t2^4*s1^1*s2^2,
t1^1*t2^3*s1^1*s2^2,
v^1*t2^3*s1^1*s2^2,
u^1*t2^3*s1^1*s2^2,
t1^2*t2^2*s1^1*s2^2,
v^1*t1^1*t2^2*s1^1*s2^2,
u^1*t1^1*t2^2*s1^1*s2^2,
u^1*v^1*t2^2*s1^1*s2^2,
u^2*t2^2*s1^1*s2^2,
t1^3*t2^1*s1^1*s2^2,
v^1*t1^2*t2^1*s1^1*s2^2,
u^1*t1^2*t2^1*s1^1*s2^2,
u^2*t1^1*t2^1*s1^1*s2^2,
u^3*t2^1*s1^1*s2^2,
t1^4*s1^1*s2^2,
v^1*t1^3*s1^1*s2^2,
u^1*t1^3*s1^1*s2^2,
u^1*v^1*t1^2*s1^1*s2^2,
u^2*t1^2*s1^1*s2^2,
u^2*v^1*t1^1*s1^1*s2^2,
u^3*t1^1*s1^1*s2^2,
u^3*v^1*s1^1*s2^2,
u^4*s1^1*s2^2,
t2^5*s2^2,
t1^1*t2^4*s2^2,
v^1*t2^4*s2^2,
u^1*t2^4*s2^2,
t1^2*t2^3*s2^2,
v^1*t1^1*t2^3*s2^2,
u^1*t1^1*t2^3*s2^2,
u^1*v^1*t2^3*s2^2,
t1^3*t2^2*s2^2,
v^1*t1^2*t2^2*s2^2,
u^1*t1^2*t2^2*s2^2,
u^1*v^1*t1^1*t2^2*s2^2,
u^2*t1^1*t2^2*s2^2,
u^3*t2^2*s2^2,
t1^4*t2^1*s2^2,
v^1*t1^3*t2^1*s2^2,
u^1*t1^3*t2^1*s2^2,
u^2*t1^2*t2^1*s2^2,
u^3*t1^1*t2^1*s2^2,
u^4*t2^1*s2^2,
t1^5*s2^2,
v^1*t1^4*s2^2,
u^1*t1^4*s2^2,
u^1*v^1*t1^3*s2^2,
u^2*t1^3*s2^2,
u^2*v^1*t1^2*s2^2,
u^3*t1^2*s2^2,
u^3*v^1*t1^1*s2^2,
u^4*t1^1*s2^2,
u^4*v^1*s2^2,
u^5*s2^2,
s1^6*s2^1,
t2^1*s1^5*s2^1,
t1^1*s1^5*s2^1,
v^1*s1^5*s2^1,
u^1*s1^5*s2^1,
t2^2*s1^4*s2^1,
t1^1*t2^1*s1^4*s2^1,
v^1*t2^1*s1^4*s2^1,
u^1*t2^1*s1^4*s2^1,
t1^2*s1^4*s2^1,
v^1*t1^1*s1^4*s2^1,
u^1*t1^1*s1^4*s2^1,
v^2*s1^4*s2^1,
u^1*v^1*s1^4*s2^1,
t2^3*s1^3*s2^1,
t1^1*t2^2*s1^3*s2^1,
v^1*t2^2*s1^3*s2^1,
u^1*t2^2*s1^3*s2^1,
t1^2*t2^1*s1^3*s2^1,
v^1*t1^1*t2^1*s1^3*s2^1,
u^1*t1^1*t2^1*s1^3*s2^1,
v^2*t2^1*s1^3*s2^1,
u^1*v^1*t2^1*s1^3*s2^1,
t1^3*s1^3*s2^1,
v^1*t1^2*s1^3*s2^1,
u^1*t1^2*s1^3*s2^1,
v^2*t1^1*s1^3*s2^1,
u^1*v^1*t1^1*s1^3*s2^1,
v^3*s1^3*s2^1,
u^1*v^2*s1^3*s2^1,
t2^4*s1^2*s2^1,
t1^1*t2^3*s1^2*s2^1,
v^1*t2^3*s1^2*s2^1,
u^1*t2^3*s1^2*s2^1,
t1^2*t2^2*s1^2*s2^1,
v^1*t1^1*t2^2*s1^2*s2^1,
u^1*t1^1*t2^2*s1^2*s2^1,
v^2*t2^2*s1^2*s2^1,
u^1*v^1*t2^2*s1^2*s2^1,
t1^3*t2^1*s1^2*s2^1,
v^1*t1^2*t2^1*s1^2*s2^1,
u^1*t1^2*t2^1*s1^2*s2^1,
v^2*t1^1*t2^1*s1^2*s2^1,
v^3*t2^1*s1^2*s2^1,
u^1*v^2*t2^1*s1^2*s2^1,
t1^4*s1^2*s2^1,
v^1*t1^3*s1^2*s2^1,
u^1*t1^3*s1^2*s2^1,
v^2*t1^2*s1^2*s2^1,
u^1*v^1*t1^2*s1^2*s2^1,
v^3*t1^1*s1^2*s2^1,
v^4*s1^2*s2^1,
u^1*v^3*s1^2*s2^1,
t2^5*s1^1*s2^1,
t1^1*t2^4*s1^1*s2^1,
v^1*t2^4*s1^1*s2^1,
u^1*t2^4*s1^1*s2^1,
t1^2*t2^3*s1^1*s2^1,
v^1*t1^1*t2^3*s1^1*s2^1,
u^1*t1^1*t2^3*s1^1*s2^1,
v^2*t2^3*s1^1*s2^1,
u^1*v^1*t2^3*s1^1*s2^1,
t1^3*t2^2*s1^1*s2^1,
v^1*t1^2*t2^2*s1^1*s2^1,
u^1*t1^2*t2^2*s1^1*s2^1,
v^2*t1^1*t2^2*s1^1*s2^1,
u^2*t1^1*t2^2*s1^1*s2^1,
v^3*t2^2*s1^1*s2^1,
u^1*v^2*t2^2*s1^1*s2^1,
u^3*t2^2*s1^1*s2^1,
t1^4*t2^1*s1^1*s2^1,
v^1*t1^3*t2^1*s1^1*s2^1,
u^1*t1^3*t2^1*s1^1*s2^1,
v^2*t1^2*t2^1*s1^1*s2^1,
u^2*t1^2*t2^1*s1^1*s2^1,
v^3*t1^1*t2^1*s1^1*s2^1,
u^3*t1^1*t2^1*s1^1*s2^1,
v^4*t2^1*s1^1*s2^1,
u^1*v^3*t2^1*s1^1*s2^1,
u^4*t2^1*s1^1*s2^1,
t1^5*s1^1*s2^1,
v^1*t1^4*s1^1*s2^1,
u^1*t1^4*s1^1*s2^1,
u^1*v^1*t1^3*s1^1*s2^1,
u^2*t1^3*s1^1*s2^1,
v^3*t1^2*s1^1*s2^1,
u^2*v^1*t1^2*s1^1*s2^1,
u^3*t1^2*s1^1*s2^1,
v^4*t1^1*s1^1*s2^1,
u^3*v^1*t1^1*s1^1*s2^1,
u^4*t1^1*s1^1*s2^1,
v^5*s1^1*s2^1,
u^1*v^4*s1^1*s2^1,
u^4*v^1*s1^1*s2^1,
u^5*s1^1*s2^1,
t2^6*s2^1,
t1^1*t2^5*s2^1,
v^1*t2^5*s2^1,
u^1*t2^5*s2^1,
t1^2*t2^4*s2^1,
v^1*t1^1*t2^4*s2^1,
u^1*t1^1*t2^4*s2^1,
v^2*t2^4*s2^1,
u^1*v^1*t2^4*s2^1,
t1^3*t2^3*s2^1,
v^1*t1^2*t2^3*s2^1,
u^1*t1^2*t2^3*s2^1,
v^2*t1^1*t2^3*s2^1,
u^1*v^1*t1^1*t2^3*s2^1,
v^3*t2^3*s2^1,
u^1*v^2*t2^3*s2^1,
t1^4*t2^2*s2^1,
v^1*t1^3*t2^2*s2^1,
u^1*t1^3*t2^2*s2^1,
v^2*t1^2*t2^2*s2^1,
u^2*t1^2*t2^2*s2^1,
v^3*t1^1*t2^2*s2^1,
u^1*v^2*t1^1*t2^2*s2^1,
u^3*t1^1*t2^2*s2^1,
v^4*t2^2*s2^1,
u^1*v^3*t2^2*s2^1,
u^4*t2^2*s2^1,
t1^5*t2^1*s2^1,
v^1*t1^4*t2^1*s2^1,
u^1*t1^4*t2^1*s2^1,
u^2*t1^3*t2^1*s2^1,
v^3*t1^2*t2^1*s2^1,
u^3*t1^2*t2^1*s2^1,
v^4*t1^1*t2^1*s2^1,
u^1*v^3*t1^1*t2^1*s2^1,
u^4*t1^1*t2^1*s2^1,
v^5*t2^1*s2^1,
u^1*v^4*t2^1*s2^1,
u^5*t2^1*s2^1,
t1^6*s2^1,
v^1*t1^5*s2^1,
u^1*t1^5*s2^1,
u^1*v^1*t1^4*s2^1,
u^2*t1^4*s2^1,
u^2*v^1*t1^3*s2^1,
u^3*t1^3*s2^1,
v^4*t1^2*s2^1,
u^3*v^1*t1^2*s2^1,
u^4*t1^2*s2^1,
s1^7,
t2^1*s1^6,
t1^1*s1^6,
v^1*s1^6,
u^1*s1^6,
t2^2*s1^5,
t1^1*t2^1*s1^5,
v^1*t2^1*s1^5,
u^1*t2^1*s1^5,
t1^2*s1^5,
v^1*t1^1*s1^5,
u^1*t1^1*s1^5,
v^2*s1^5,
u^1*v^1*s1^5,
t2^3*s1^4,
t1^1*t2^2*s1^4,
v^1*t2^2*s1^4,
u^1*t2^2*s1^4,
t1^2*t2^1*s1^4,
v^1*t1^1*t2^1*s1^4,
u^1*t1^1*t2^1*s1^4,
v^2*t2^1*s1^4,
u^1*v^1*t2^1*s1^4,
t1^3*s1^4,
v^1*t1^2*s1^4,
u^1*t1^2*s1^4,
v^2*t1^1*s1^4,
u^1*v^1*t1^1*s1^4,
v^3*s1^4,
u^1*v^2*s1^4,
t2^4*s1^3,
t1^1*t2^3*s1^3,
v^1*t2^3*s1^3,
u^1*t2^3*s1^3,
t1^2*t2^2*s1^3,
v^1*t1^1*t2^2*s1^3,
u^1*t1^1*t2^2*s1^3,
v^2*t2^2*s1^3,
u^1*v^1*t2^2*s1^3,
t1^3*t2^1*s1^3,
v^1*t1^2*t2^1*s1^3,
u^1*t1^2*t2^1*s1^3,
v^2*t1^1*t2^1*s1^3,
u^1*v^1*t1^1*t2^1*s1^3,
v^3*t2^1*s1^3,
u^1*v^2*t2^1*s1^3,
t1^4*s1^3,
v^1*t1^3*s1^3,
u^1*t1^3*s1^3,
v^2*t1^2*s1^3,
u^1*v^1*t1^2*s1^3,
v^3*t1^1*s1^3,
v^4*s1^3,
u^1*v^3*s1^3,
t2^5*s1^2,
t1^1*t2^4*s1^2,
v^1*t2^4*s1^2,
u^1*t2^4*s1^2,
t1^2*t2^3*s1^2,
v^1*t1^1*t2^3*s1^2,
u^1*t1^1*t2^3*s1^2,
v^2*t2^3*s1^2,
u^1*v^1*t2^3*s1^2,
t1^3*t2^2*s1^2,
v^1*t1^2*t2^2*s1^2,
u^1*t1^2*t2^2*s1^2,
v^2*t1^1*t2^2*s1^2,
v^3*t2^2*s1^2,
u^1*v^2*t2^2*s1^2,
t1^4*t2^1*s1^2,
v^1*t1^3*t2^1*s1^2,
u^1*t1^3*t2^1*s1^2,
v^2*t1^2*t2^1*s1^2,
u^1*v^1*t1^2*t2^1*s1^2,
v^3*t1^1*t2^1*s1^2,
v^4*t2^1*s1^2,
u^1*v^3*t2^1*s1^2,
t1^5*s1^2,
v^1*t1^4*s1^2,
u^1*t1^4*s1^2,
u^1*v^1*t1^3*s1^2,
v^3*t1^2*s1^2,
v^4*t1^1*s1^2,
v^5*s1^2,
u^1*v^4*s1^2,
t2^6*s1^1,
t1^1*t2^5*s1^1,
v^1*t2^5*s1^1,
u^1*t2^5*s1^1,
t1^2*t2^4*s1^1,
v^1*t1^1*t2^4*s1^1,
u^1*t1^1*t2^4*s1^1,
v^2*t2^4*s1^1,
u^1*v^1*t2^4*s1^1,
t1^3*t2^3*s1^1,
v^1*t1^2*t2^3*s1^1,
u^1*t1^2*t2^3*s1^1,
v^2*t1^1*t2^3*s1^1,
v^3*t2^3*s1^1,
u^1*v^2*t2^3*s1^1,
t1^4*t2^2*s1^1,
v^1*t1^3*t2^2*s1^1,
u^1*t1^3*t2^2*s1^1,
v^2*t1^2*t2^2*s1^1,
u^2*t1^2*t2^2*s1^1,
v^3*t1^1*t2^2*s1^1,
u^3*t1^1*t2^2*s1^1,
v^4*t2^2*s1^1,
u^1*v^3*t2^2*s1^1,
u^4*t2^2*s1^1,
t1^5*t2^1*s1^1,
v^1*t1^4*t2^1*s1^1,
u^1*t1^4*t2^1*s1^1,
u^1*v^1*t1^3*t2^1*s1^1,
u^2*t1^3*t2^1*s1^1,
v^3*t1^2*t2^1*s1^1,
u^2*v^1*t1^2*t2^1*s1^1,
u^3*t1^2*t2^1*s1^1,
v^4*t1^1*t2^1*s1^1,
u^3*v^1*t1^1*t2^1*s1^1,
u^4*t1^1*t2^1*s1^1,
v^5*t2^1*s1^1,
u^1*v^4*t2^1*s1^1,
u^4*v^1*t2^1*s1^1,
u^5*t2^1*s1^1,
t1^6*s1^1,
v^1*t1^5*s1^1,
u^1*t1^5*s1^1,
u^1*v^1*t1^4*s1^1,
u^2*t1^4*s1^1,
u^2*v^1*t1^3*s1^1,
u^3*t1^3*s1^1,
v^4*t1^2*s1^1,
u^3*v^1*t1^2*s1^1,
u^4*t1^2*s1^1,
t2^7,
t1^1*t2^6,
v^1*t2^6,
u^1*t2^6,
t1^2*t2^5,
v^1*t1^1*t2^5,
u^1*t1^1*t2^5,
v^2*t2^5,
u^1*v^1*t2^5,
t1^3*t2^4,
v^1*t1^2*t2^4,
u^1*t1^2*t2^4,
v^2*t1^1*t2^4,
u^1*v^1*t1^1*t2^4,
v^3*t2^4,
u^1*v^2*t2^4,
t1^4*t2^3,
v^1*t1^3*t2^3,
u^1*t1^3*t2^3,
v^2*t1^2*t2^3,
v^3*t1^1*t2^3,
u^1*v^2*t1^1*t2^3,
v^4*t2^3,
u^1*v^3*t2^3,
t1^5*t2^2,
v^1*t1^4*t2^2,
u^1*t1^4*t2^2,
u^2*t1^3*t2^2,
v^3*t1^2*t2^2,
u^3*t1^2*t2^2,
v^4*t1^1*t2^2,
u^1*v^3*t1^1*t2^2,
u^4*t1^1*t2^2,
v^5*t2^2,
u^1*v^4*t2^2,
u^5*t2^2,
t1^6*t2^1,
v^1*t1^5*t2^1,
u^1*t1^5*t2^1,
u^1*v^1*t1^4*t2^1,
u^2*t1^4*t2^1,
u^2*v^1*t1^3*t2^1,
u^3*t1^3*t2^1,
v^4*t1^2*t2^1,
u^3*v^1*t1^2*t2^1,
u^4*t1^2*t2^1,
t1^7,
v^1*t1^6,
u^1*t1^6,
u^1*v^1*t1^5,
u^2*t1^5,
u^2*v^1*t1^4,
u^3*t1^4,
u^3*v^1*t1^3,
u^4*t1^3,
s1^2*s2^6,
t1^1*s1^1*s2^6,
t1^2*s2^6,
s1^3*s2^5,
t2^1*s1^2*s2^5,
t1^1*s1^2*s2^5,
v^1*s1^2*s2^5,
u^1*s1^2*s2^5,
t1^1*t2^1*s1^1*s2^5,
t1^2*s1^1*s2^5,
v^1*t1^1*s1^1*s2^5,
u^1*t1^1*s1^1*s2^5,
t1^2*t2^1*s2^5,
t1^3*s2^5,
v^1*t1^2*s2^5,
u^1*t1^2*s2^5,
s1^4*s2^4,
t2^1*s1^3*s2^4,
t1^1*s1^3*s2^4,
v^1*s1^3*s2^4,
u^1*s1^3*s2^4,
t2^2*s1^2*s2^4,
t1^1*t2^1*s1^2*s2^4,
v^1*t2^1*s1^2*s2^4,
u^1*t2^1*s1^2*s2^4,
t1^2*s1^2*s2^4,
v^1*t1^1*s1^2*s2^4,
u^1*t1^1*s1^2*s2^4,
t1^1*t2^2*s1^1*s2^4,
t1^2*t2^1*s1^1*s2^4,
v^1*t1^1*t2^1*s1^1*s2^4,
u^1*t1^1*t2^1*s1^1*s2^4,
t1^3*s1^1*s2^4,
v^1*t1^2*s1^1*s2^4,
u^1*t1^2*s1^1*s2^4,
u^1*v^1*t1^1*s1^1*s2^4,
u^2*t1^1*s1^1*s2^4,
t1^2*t2^2*s2^4,
t1^3*t2^1*s2^4,
v^1*t1^2*t2^1*s2^4,
u^1*t1^2*t2^1*s2^4,
t1^4*s2^4,
v^1*t1^3*s2^4,
u^1*t1^3*s2^4,
u^1*v^1*t1^2*s2^4,
u^2*t1^2*s2^4,
s1^5*s2^3,
t2^1*s1^4*s2^3,
t1^1*s1^4*s2^3,
v^1*s1^4*s2^3,
u^1*s1^4*s2^3,
t2^2*s1^3*s2^3,
t1^1*t2^1*s1^3*s2^3]:


------------------------------------------------------------------------------------
msolve overall time           0.40 sec (elapsed) /  0.39 sec (cpu)
------------------------------------------------------------------------------------
