Initial seed for pseudo-random number generator is 0

--------------- INPUT DATA ---------------
#variables                       6
#equations                      23
#invalid equations               0
field characteristic            17
homogeneous input?               0
signature-based computation      0
monomial order                 DRL
basis hash table resetting     OFF
linear algebra option            2
initial hash table size     131072 (2^17)
max pair selection             ALL
reduce gb                        1
#threads                         1
info level                       2
generate pbm files               0
------------------------------------------

Legend for f4 information
--------------------------------------------------------
deg       current degree of pairs selected in this round
sel       number of pairs selected in this round
pairs     total number of pairs in pair list
mat       matrix dimensions (# rows x # columns)
density   density of the matrix
new data  # new elements for basis in this round
          # zero reductions during linear algebra
time(rd)  time of the current f4 round in seconds given
          for real and cpu time
--------------------------------------------------------

deg     sel   pairs        mat          density            new data         time(rd) in sec (real|cpu)
------------------------------------------------------------------------------------------------------
  6       2      36       6 x 34         18.63%        2 new       0 zero         0.00 | 0.00         
  6       2      54      11 x 57         14.51%        2 new       0 zero         0.00 | 0.00         
  6       4      60      19 x 99         10.37%        2 new       2 zero         0.00 | 0.00         
  6       3      60      30 x 135         9.68%        1 new       2 zero         0.00 | 0.00         
  7       7      61      57 x 274         5.22%        5 new       2 zero         0.00 | 0.00         
  7      10     103      56 x 365         7.71%        3 new       7 zero         0.00 | 0.00         
  7       4     110      35 x 280         8.95%        2 new       2 zero         0.00 | 0.00         
  8      22     117     222 x 858         4.12%        8 new      14 zero         0.00 | 0.00         
  8      18     158     315 x 1157        4.97%        2 new      16 zero         0.00 | 0.00         
  9      15     152     418 x 1553        3.97%        4 new      11 zero         0.00 | 0.00         
 10      29     177     754 x 2230        2.99%        1 new      28 zero         0.00 | 0.00         
 11      33     157     968 x 2853        1.92%       31 new       2 zero         0.00 | 0.00         
 10      45     244     239 x 751         5.50%       35 new      10 zero         0.00 | 0.00         
  9      24     291     130 x 327        13.79%       16 new       8 zero         0.00 | 0.00         
  9      36     324     152 x 321        17.97%       16 new      20 zero         0.00 | 0.00         
  9      53     298     220 x 531        10.18%       23 new      30 zero         0.00 | 0.00         
  8      24     278     122 x 285        19.92%       14 new      10 zero         0.00 | 0.00         
  8      30     295     134 x 277        20.74%       10 new      20 zero         0.00 | 0.00         
  8      34     291     171 x 451        11.09%       14 new      20 zero         0.00 | 0.00         
  8      21     281     150 x 437        12.27%        9 new      12 zero         0.00 | 0.00         
  8       7     296     122 x 414        13.09%        3 new       4 zero         0.00 | 0.00         
  8       7     294     124 x 416        12.79%        3 new       4 zero         0.00 | 0.00         
  9      84     304     695 x 1712        3.39%       34 new      50 zero         0.00 | 0.00         
  8      32     409     351 x 711         8.74%       28 new       4 zero         0.00 | 0.00         
  8      80     486     414 x 698        11.51%       20 new      60 zero         0.00 | 0.00         
  8      78     462     417 x 692        11.66%       32 new      48 zero         0.00 | 0.00         
  7       8     449     259 x 577        12.29%        8 new       0 zero         0.00 | 0.00         
  7      16     457     281 x 585        12.73%       12 new       4 zero         0.00 | 0.00         
  7      32     472     307 x 583        13.27%        8 new      24 zero         0.00 | 0.00         
  7      20     444     297 x 579        12.41%       13 new       7 zero         0.00 | 0.00         
  6       6     444      20 x 99         14.80%        0 new       6 zero         0.00 | 0.00         
  7      31     438     320 x 579        12.84%        1 new      30 zero         0.00 | 0.00         
  8     137     413     849 x 1892        4.48%        3 new     135 zero         0.00 | 0.00         
  9     124     291    2352 x 3731        2.26%       93 new      31 zero         0.01 | 0.01         
  9     404     541    2516 x 3458        6.47%       40 new     367 zero         0.03 | 0.03         
  9      35     342    2378 x 3759        4.40%       15 new      20 zero         0.01 | 0.01         
 10     334     384    5602 x 6685        2.82%       40 new     294 zero         0.05 | 0.05         
 10     144     213    4836 x 6069        2.92%        0 new     144 zero         0.03 | 0.03         
 11      69      69    7666 x 8974        1.42%        0 new      69 zero         0.03 | 0.03         
------------------------------------------------------------------------------------------------------
reduce final basis      361 x 1738       29.10%      275 new       0 zero         0.00 | 0.00         
------------------------------------------------------------------------------------------------------

---------------- TIMINGS ----------------
overall(elapsed)        0.19 sec
overall(cpu)            0.19 sec
select                  0.02 sec   8.9%
symbolic prep.          0.04 sec  19.6%
update                  0.02 sec  11.9%
convert                 0.01 sec   3.6%
linear algebra          0.10 sec  54.3%
reduce gb               0.00 sec   0.0%
-----------------------------------------

---------- COMPUTATIONAL DATA -----------
size of basis                   275
#terms in basis              179107
#pairs reduced                 2064
#GM criterion                163536
#redundant elements             301
#rows reduced                  4415
#zero reductions               1517
max. matrix data               7666 x 8974 (1.420%)
max. symbolic hash table size  2^14
max. basis hash table size     2^16
-----------------------------------------

#Leading ideal data
#---
#field characteristic: 17
#variable order:       t1, t2, s1, s2, u, v
#monomial order:       graded reverse lexicographical
#length of basis:      275 elements sorted by increasing leading monomials
#---
[u^2*v^2,
s2^2*v^2,
s1^2*u^2,
t1^1*s1^1*u^1*v^2,
t1^2*u^1*v^2,
t2^1*s2^1*u^2*v^1,
t2^2*u^2*v^1,
t1^1*s1^2*u^1*v^1,
u^5,
t2^3*u^2,
v^6,
u^1*v^5,
s1^3*u^1*v^2,
t1^1*t2^1*s1^1*s2^1*u^1*v^1,
t1^2*t2^1*s2^1*u^1*v^1,
t1^1*t2^2*s1^1*u^1*v^1,
t1^2*t2^2*u^1*v^1,
t2^3*s2^2*u^1,
t2^4*s2^1*u^1,
t1^3*s1^2*u^1,
t1^4*s1^1*u^1,
t2^5*u^1,
t1^5*u^1,
s2^6,
t2^1*s2^5,
t2^2*s2^4,
t2^3*s2^3,
t2^4*s2^2,
t2^5*s2^1,
s1^6,
t1^1*s1^5,
t1^2*s1^4,
t1^3*s1^3,
t1^4*s1^2,
t1^5*s1^1,
t2^6,
t1^6,
t2^1*s2^1*v^5,
s1^2*v^5,
t1^1*s1^1*v^5,
t2^2*v^5,
t1^2*v^5,
t2^1*s2^1*u^1*v^4,
s1^2*u^1*v^4,
t2^2*u^1*v^4,
t2^2*s2^1*v^4,
s1^3*v^4,
t1^1*s1^2*v^4,
t1^2*s1^1*v^4,
t2^3*v^4,
t1^3*v^4,
t2^2*s2^1*u^1*v^3,
t2^3*u^1*v^3,
t2^3*s2^1*v^3,
s1^4*v^3,
t1^1*s1^3*v^3,
t1^2*s1^2*v^3,
t1^3*s1^1*v^3,
t2^4*v^3,
t1^4*v^3,
t2^3*s2^1*u^1*v^2,
t2^4*u^1*v^2,
t2^4*s2^1*v^2,
s1^5*v^2,
t1^1*s1^4*v^2,
t1^2*s1^3*v^2,
t1^3*s1^2*v^2,
t1^4*s1^1*v^2,
t2^5*v^2,
t1^5*v^2,
s2^2*u^4*v^1,
t1^1*s1^1*u^4*v^1,
t1^2*u^4*v^1,
s2^3*u^3*v^1,
t1^2*s1^1*u^3*v^1,
t1^3*u^3*v^1,
s2^4*u^2*v^1,
t1^3*s1^1*u^2*v^1,
t1^4*u^2*v^1,
s2^5*u^1*v^1,
t2^1*s2^4*u^1*v^1,
s1^2*s2^3*u^1*v^1,
t2^2*s2^3*u^1*v^1,
s1^3*s2^2*u^1*v^1,
t2^1*s1^2*s2^2*u^1*v^1,
t2^1*s1^3*s2^1*u^1*v^1,
s1^5*u^1*v^1,
t2^2*s1^3*u^1*v^1,
s2^3*u^4,
t2^1*s2^2*u^4,
t2^2*s2^1*u^4,
t1^2*s1^1*u^4,
t1^3*u^4,
s2^4*u^3,
t2^1*s2^3*u^3,
t2^2*s2^2*u^3,
t1^3*s1^1*u^3,
t1^4*u^3,
s2^5*u^2,
t2^1*s2^4*u^2,
t2^2*s2^3*u^2,
t2^3*s1^3*u^1,
t1^1*t2^3*s1^2*u^1,
t1^2*t2^2*s1^2*u^1,
t1^2*t2^3*s1^1*u^1,
t1^2*t2^4*u^1,
t1^3*t2^3*u^1,
t1^2*t2^2*v^4,
t1^4*t2^1*s2^1*v^2,
t1^4*t2^2*v^2,
t1^2*s2^2*u^3*v^1,
s1^2*s2^5*v^1,
t1^1*s1^1*s2^5*v^1,
t1^2*s2^5*v^1,
t2^1*s1^2*s2^4*v^1,
t1^1*t2^1*s1^1*s2^4*v^1,
t1^2*t2^1*s2^4*v^1,
t2^2*s1^2*s2^3*v^1,
t1^1*t2^2*s1^1*s2^3*v^1,
t1^2*t2^2*s2^3*v^1,
t1^2*s1^3*s2^2*v^1,
t2^3*s1^2*s2^2*v^1,
t1^3*s1^2*s2^2*v^1,
t1^1*t2^3*s1^1*s2^2*v^1,
t1^4*s1^1*s2^2*v^1,
t1^2*t2^3*s2^2*v^1,
t1^5*s2^2*v^1,
t2^1*s1^5*s2^1*v^1,
t1^1*t2^1*s1^4*s2^1*v^1,
t1^2*t2^1*s1^3*s2^1*v^1,
t2^4*s1^2*s2^1*v^1,
t1^3*t2^1*s1^2*s2^1*v^1,
t1^1*t2^4*s1^1*s2^1*v^1,
t1^4*t2^1*s1^1*s2^1*v^1,
t1^2*t2^4*s2^1*v^1,
t1^5*t2^1*s2^1*v^1,
t2^2*s1^5*v^1,
t1^1*t2^2*s1^4*v^1,
t1^2*t2^2*s1^3*v^1,
t2^5*s1^2*v^1,
t1^3*t2^2*s1^2*v^1,
t1^1*t2^5*s1^1*v^1,
t1^4*t2^2*s1^1*v^1,
t1^2*t2^5*v^1,
t1^5*t2^2*v^1,
t1^1*s1^1*s2^2*u^4,
t1^2*s2^2*u^4,
t1^1*t2^1*s1^1*s2^1*u^4,
t1^2*t2^1*s2^1*u^4,
t1^1*t2^2*s1^1*u^4,
t1^2*t2^2*u^4,
t1^1*s1^1*s2^3*u^3,
t1^2*s2^3*u^3,
t1^1*t2^1*s1^1*s2^2*u^3,
t1^2*s1^1*s2^2*u^3,
t1^2*t2^1*s2^2*u^3,
t1^3*s2^2*u^3,
t1^1*t2^2*s1^1*s2^1*u^3,
t1^2*t2^1*s1^1*s2^1*u^3,
t1^2*t2^2*s2^1*u^3,
t1^3*t2^1*s2^1*u^3,
t1^2*t2^2*s1^1*u^3,
t1^3*t2^2*u^3,
t1^2*s2^4*u^2,
t1^2*t2^1*s2^3*u^2,
t1^1*t2^2*s1^1*s2^2*u^2,
t1^3*s1^1*s2^2*u^2,
t1^2*t2^2*s2^2*u^2,
t1^4*s2^2*u^2,
t1^3*t2^1*s1^1*s2^1*u^2,
t1^4*t2^1*s2^1*u^2,
t1^3*t2^2*s1^1*u^2,
t1^4*t2^2*u^2,
s1^2*s2^5*u^1,
t1^1*s1^1*s2^5*u^1,
t1^2*s2^5*u^1,
t2^1*s1^2*s2^4*u^1,
t1^1*t2^1*s1^1*s2^4*u^1,
t1^2*t2^1*s2^4*u^1,
t2^2*s1^2*s2^3*u^1,
t1^1*t2^2*s1^1*s2^3*u^1,
t1^2*t2^2*s2^3*u^1,
s1^5*s2^2*u^1,
t1^1*s1^4*s2^2*u^1,
t1^2*s1^3*s2^2*u^1,
t2^1*s1^5*s2^1*u^1,
t2^2*s1^4*s2^1*u^1,
t1^1*t2^1*s1^4*s2^1*u^1,
t1^1*t2^2*s1^3*s2^1*u^1,
t1^2*t2^1*s1^3*s2^1*u^1,
t2^2*s1^5*u^1,
t1^1*t2^2*s1^4*u^1,
t2^5*s1^3,
t1^2*t2^3*s1^3,
t1^1*t2^5*s1^2,
t1^3*t2^3*s1^2,
t1^2*t2^5*s1^1,
t1^4*t2^3*s1^1,
t1^3*t2^5,
t1^5*t2^3,
t2^2*s1^3*s2^1*v^3,
t1^1*t2^2*s1^2*s2^1*v^3,
t1^2*t2^2*s1^1*s2^1*v^3,
t1^3*t2^2*s2^1*v^3,
t2^3*s1^3*v^3,
t1^1*t2^3*s1^2*v^3,
t1^2*t2^3*s1^1*v^3,
t1^3*t2^3*v^3,
t2^2*s1^4*s2^1*v^2,
t2^3*s1^3*s2^1*v^2,
t1^1*t2^2*s1^3*s2^1*v^2,
t1^1*t2^3*s1^2*s2^1*v^2,
t1^2*t2^2*s1^2*s2^1*v^2,
t1^2*t2^3*s1^1*s2^1*v^2,
t1^3*t2^2*s1^1*s2^1*v^2,
t1^3*t2^3*s2^1*v^2,
t2^3*s1^4*v^2,
t2^4*s1^3*v^2,
t1^1*t2^3*s1^3*v^2,
t1^1*t2^4*s1^2*v^2,
t1^2*t2^3*s1^2*v^2,
t1^2*t2^4*s1^1*v^2,
t1^3*t2^3*s1^1*v^2,
t1^3*t2^4*v^2,
t1^2*s1^1*s2^3*u^2*v^1,
t1^3*s2^3*u^2*v^1,
t1^2*s1^1*s2^4*u^1*v^1,
t1^3*s2^4*u^1*v^1,
t1^3*s1^1*s2^3*u^1*v^1,
t1^4*s2^3*u^1*v^1,
s1^5*s2^3*v^1,
t1^1*s1^4*s2^3*v^1,
t1^4*t2^3*s2^1*v^1,
t1^4*t2^4*v^1,
t1^1*t2^1*s1^3*s2^4,
t1^2*s1^3*s2^4,
t1^2*t2^1*s1^2*s2^4,
t1^3*s1^2*s2^4,
t1^3*t2^1*s1^1*s2^4,
t1^4*s1^1*s2^4,
t1^4*t2^1*s2^4,
t1^5*s2^4,
t2^1*s1^5*s2^3,
t2^2*s1^4*s2^3,
t1^1*t2^1*s1^4*s2^3,
t1^1*t2^2*s1^3*s2^3,
t1^2*t2^1*s1^3*s2^3,
t1^2*t2^2*s1^2*s2^3,
t1^3*t2^1*s1^2*s2^3,
t1^3*t2^2*s1^1*s2^3,
t1^4*t2^1*s1^1*s2^3,
t1^4*t2^2*s2^3,
t1^5*t2^1*s2^3,
t2^2*s1^5*s2^2,
t2^3*s1^4*s2^2,
t1^1*t2^2*s1^4*s2^2,
t1^1*t2^3*s1^3*s2^2,
t1^2*t2^2*s1^3*s2^2,
t1^2*t2^3*s1^2*s2^2,
t1^3*t2^2*s1^2*s2^2,
t1^3*t2^3*s1^1*s2^2,
t1^4*t2^2*s1^1*s2^2,
t1^4*t2^3*s2^2,
t1^5*t2^2*s2^2,
t2^3*s1^5*s2^1,
t2^4*s1^4*s2^1,
t1^1*t2^3*s1^4*s2^1,
t1^1*t2^4*s1^3*s2^1,
t1^2*t2^4*s1^2*s2^1,
t1^3*t2^4*s1^1*s2^1,
t1^4*t2^4*s2^1,
t2^4*s1^5,
t1^1*t2^4*s1^4,
s1^5*s2^5,
t1^1*s1^4*s2^5]:


------------------------------------------------------------------------------------
msolve overall time           0.19 sec (elapsed) /  0.19 sec (cpu)
------------------------------------------------------------------------------------
