Initial seed for pseudo-random number generator is 0

--------------- INPUT DATA ---------------
#variables                       6
#equations                      23
#invalid equations               0
field characteristic            17
homogeneous input?               0
signature-based computation      0
monomial order                 DRL
basis hash table resetting     OFF
linear algebra option            2
initial hash table size     131072 (2^17)
max pair selection             ALL
reduce gb                        1
#threads                         1
info level                       2
generate pbm files               0
------------------------------------------

Legend for f4 information
--------------------------------------------------------
deg       current degree of pairs selected in this round
sel       number of pairs selected in this round
pairs     total number of pairs in pair list
mat       matrix dimensions (# rows x # columns)
density   density of the matrix
new data  # new elements for basis in this round
          # zero reductions during linear algebra
time(rd)  time of the current f4 round in seconds given
          for real and cpu time
--------------------------------------------------------

deg     sel   pairs        mat          density            new data         time(rd) in sec (real|cpu)
------------------------------------------------------------------------------------------------------
  6       2      36      10 x 68         13.24%        2 new       0 zero         0.00 | 0.00         
  6       2      54      17 x 93         14.74%        2 new       0 zero         0.00 | 0.00         
  6       4      60      23 x 133        14.22%        2 new       2 zero         0.00 | 0.00         
  6       3      60      34 x 164        12.52%        1 new       2 zero         0.00 | 0.00         
  7       7      61      68 x 359         5.66%        5 new       2 zero         0.00 | 0.00         
  7      10     103      69 x 456         8.14%        3 new       7 zero         0.00 | 0.00         
  7       4     110      50 x 418         9.09%        2 new       2 zero         0.00 | 0.00         
  8      22     117     254 x 1033        4.48%        8 new      14 zero         0.00 | 0.00         
  8      18     158     330 x 1277        5.57%        2 new      16 zero         0.00 | 0.00         
  9      15     152     464 x 1753        4.16%        4 new      11 zero         0.00 | 0.00         
 10      29     177     826 x 2579        3.09%        1 new      28 zero         0.00 | 0.00         
 11      33     157    1024 x 3061        2.19%       31 new       2 zero         0.00 | 0.00         
 10      45     244     239 x 774         5.95%       35 new      10 zero         0.00 | 0.00         
  9      24     291     130 x 327        13.79%       16 new       8 zero         0.00 | 0.00         
  9      36     324     152 x 321        17.97%       16 new      20 zero         0.00 | 0.00         
  9      53     298     220 x 550        10.37%       23 new      30 zero         0.00 | 0.00         
  8      24     278     122 x 285        19.92%       14 new      10 zero         0.00 | 0.00         
  8      30     295     134 x 277        20.74%       10 new      20 zero         0.00 | 0.00         
  8      34     291     171 x 466        11.24%       14 new      20 zero         0.00 | 0.00         
  8      21     281     150 x 453        12.24%        9 new      12 zero         0.00 | 0.00         
  8       7     296     122 x 430        13.16%        3 new       4 zero         0.00 | 0.00         
  8       7     294     124 x 432        12.84%        3 new       4 zero         0.00 | 0.00         
  9      84     304     707 x 1804        3.53%       34 new      50 zero         0.00 | 0.00         
  8      32     409     354 x 721         9.13%       28 new       4 zero         0.00 | 0.00         
  8      80     488     417 x 708        11.84%       20 new      60 zero         0.00 | 0.00         
  8      76     468     419 x 701        12.12%       30 new      50 zero         0.00 | 0.00         
  8     100     440     442 x 682        12.99%       22 new      78 zero         0.00 | 0.00         
  7      24     386     266 x 560        13.59%        6 new      18 zero         0.00 | 0.00         
  7      10     364      48 x 312        25.31%       10 new       0 zero         0.00 | 0.00         
  6      10     353      39 x 99         14.97%        4 new       6 zero         0.00 | 0.00         
  5       8     316      19 x 21         52.38%        4 new       4 zero         0.00 | 0.00         
  4       8     291      17 x 15         52.94%        4 new       4 zero         0.00 | 0.00         
  2       2     242       5 x 5          48.00%        1 new       1 zero         0.00 | 0.00         
  2       1     198       3 x 3          77.78%        1 new       0 zero         0.00 | 0.00         
------------------------------------------------------------------------------------------------------
reduce final basis        1 x 1         100.00%        1 new       0 zero         0.00 | 0.00         
------------------------------------------------------------------------------------------------------

---------------- TIMINGS ----------------
overall(elapsed)        0.02 sec
overall(cpu)            0.02 sec
select                  0.00 sec  11.4%
symbolic prep.          0.00 sec  16.4%
update                  0.01 sec  47.3%
convert                 0.00 sec   8.8%
linear algebra          0.00 sec  14.0%
reduce gb               0.00 sec   0.0%
-----------------------------------------

---------- COMPUTATIONAL DATA -----------
size of basis                     1
#terms in basis                   1
#pairs reduced                  865
#GM criterion                 75970
#redundant elements             392
#rows reduced                  1739
#zero reductions                499
max. matrix data               1024 x 3061 (2.189%)
max. symbolic hash table size  2^12
max. basis hash table size     2^16
-----------------------------------------

#Leading ideal data
#---
#field characteristic: 17
#variable order:       t1, t2, s1, s2, u, v
#monomial order:       graded reverse lexicographical
#length of basis:      1 element
#---
[1]:
Grobner basis has a single element
No solution


------------------------------------------------------------------------------------
msolve overall time           0.02 sec (elapsed) /  0.02 sec (cpu)
------------------------------------------------------------------------------------
