Initial seed for pseudo-random number generator is 0

--------------- INPUT DATA ---------------
#variables                       6
#equations                       7
#invalid equations               0
field characteristic            17
homogeneous input?               0
signature-based computation      0
monomial order                 DRL
basis hash table resetting     OFF
linear algebra option            2
initial hash table size     131072 (2^17)
max pair selection             ALL
reduce gb                        1
#threads                         1
info level                       2
generate pbm files               0
------------------------------------------

Legend for f4 information
--------------------------------------------------------
deg       current degree of pairs selected in this round
sel       number of pairs selected in this round
pairs     total number of pairs in pair list
mat       matrix dimensions (# rows x # columns)
density   density of the matrix
new data  # new elements for basis in this round
          # zero reductions during linear algebra
time(rd)  time of the current f4 round in seconds given
          for real and cpu time
--------------------------------------------------------

deg     sel   pairs        mat          density            new data         time(rd) in sec (real|cpu)
------------------------------------------------------------------------------------------------------
  6       2       4      10 x 68         13.24%        2 new       0 zero         0.00 | 0.00         
  6       2      10      17 x 93         14.99%        2 new       0 zero         0.00 | 0.00         
  6       4      14      25 x 135        14.13%        2 new       2 zero         0.00 | 0.00         
  6       2      14      31 x 147        14.07%        0 new       2 zero         0.00 | 0.00         
  7       6      12      44 x 296         5.50%        5 new       1 zero         0.00 | 0.00         
  7       8      34      59 x 424        10.22%        1 new       7 zero         0.00 | 0.00         
  7       4      30      41 x 401        11.07%        2 new       2 zero         0.00 | 0.00         
  8      15      33     129 x 758         7.29%        6 new       9 zero         0.00 | 0.00         
  8      17      39     290 x 1172        5.96%        1 new      16 zero         0.00 | 0.00         
  9       4      28     282 x 1350        5.30%        2 new       2 zero         0.00 | 0.00         
 10       7      35     602 x 2088        3.89%        2 new       5 zero         0.00 | 0.00         
 11      11      39    1022 x 3204        2.62%        6 new       5 zero         0.00 | 0.00         
 11       4      61      58 x 253         6.95%        4 new       0 zero         0.00 | 0.00         
 11       8      85      84 x 311         8.24%        4 new       4 zero         0.00 | 0.00         
 11       8      94     100 x 363         8.20%        4 new       4 zero         0.00 | 0.00         
 11       6     114     114 x 395         7.72%        2 new       4 zero         0.00 | 0.00         
 11       2     118      70 x 371        12.24%        0 new       2 zero         0.00 | 0.00         
 12      27     116    1911 x 5715        1.56%        8 new      19 zero         0.00 | 0.00         
 12       6     134     505 x 1269        2.92%        4 new       2 zero         0.00 | 0.00         
 12       6     146     579 x 1363        3.11%        2 new       4 zero         0.00 | 0.00         
 13     104     152    4288 x 9922        0.95%       63 new      41 zero         0.01 | 0.01         
 12      14     314     694 x 1526        3.18%        8 new       6 zero         0.00 | 0.00         
 13     113     334    4641 x 10074       1.10%       35 new      78 zero         0.01 | 0.01         
 12       8     382     751 x 1635        3.26%        6 new       2 zero         0.00 | 0.00         
 12       6     398     775 x 1661        3.24%        6 new       0 zero         0.00 | 0.00         
 13      65     428    2495 x 6237        1.38%       28 new      39 zero         0.01 | 0.01         
 12      40     471    1007 x 1887        3.71%       32 new       8 zero         0.00 | 0.00         
 12     110     538    1043 x 1815        5.68%       64 new      50 zero         0.01 | 0.01         
 11      88     643     861 x 1611        6.69%       78 new      10 zero         0.01 | 0.01         
 11     306     725    1176 x 1644        9.65%       96 new     210 zero         0.01 | 0.01         
 10     280     743     999 x 1391       11.61%       64 new     216 zero         0.01 | 0.01         
 10     248     685     909 x 1289       12.58%       38 new     212 zero         0.01 | 0.01         
  9      88     509     627 x 1135       11.61%       30 new      58 zero         0.00 | 0.00         
  9      80     501     671 x 2137        6.59%       20 new      60 zero         0.00 | 0.00         
  9      66     490     659 x 2106        7.15%       24 new      45 zero         0.00 | 0.00         
  9      34     528     599 x 2057        8.51%       15 new      19 zero         0.00 | 0.00         
  9      18     553     554 x 2013        8.60%       13 new       5 zero         0.00 | 0.00         
  9       6     600     539 x 1997        9.19%        4 new       2 zero         0.00 | 0.00         
 10     251     613    2454 x 4543        5.33%      120 new     131 zero         0.04 | 0.04         
 10     192     858    2097 x 4125        8.20%       96 new      96 zero         0.04 | 0.04         
 10     107    1117    2960 x 5576        5.94%      105 new       2 zero         0.05 | 0.05         
 10     345    1281    3270 x 5506        9.66%      167 new     188 zero         0.13 | 0.13         
 10     150    1632    3360 x 5908        8.68%       18 new     134 zero         0.06 | 0.06         
 10      48    1530    3147 x 5777        8.29%       48 new       4 zero         0.04 | 0.04         
 10      96    1632    3214 x 5745        9.22%       82 new      21 zero         0.07 | 0.07         
 10     108    1855    3235 x 5678        9.94%       40 new      69 zero         0.07 | 0.07         
 10      36    1927    3003 x 5479       10.04%        8 new      28 zero         0.03 | 0.03         
 11    1776    1931    7839 x 8610       10.28%       58 new    1718 zero         0.94 | 0.93         
 10      54     376    3373 x 5805       10.46%        0 new      57 zero         0.05 | 0.05         
 11     214     322    6232 x 8507        7.16%        0 new     214 zero         0.16 | 0.16         
 12      49     108   10301 x 12741       3.63%        0 new      49 zero         0.08 | 0.08         
 13      59      59   13471 x 15901       2.41%        0 new      59 zero         0.14 | 0.14         
------------------------------------------------------------------------------------------------------
reduce final basis     1200 x 3689       29.41%      753 new       0 zero         0.03 | 0.03         
------------------------------------------------------------------------------------------------------

---------------- TIMINGS ----------------
overall(elapsed)        2.03 sec
overall(cpu)            2.03 sec
select                  0.12 sec   6.0%
symbolic prep.          0.35 sec  17.1%
update                  0.15 sec   7.6%
convert                 0.03 sec   1.4%
linear algebra          1.37 sec  67.3%
reduce gb               0.00 sec   0.0%
-----------------------------------------

---------- COMPUTATIONAL DATA -----------
size of basis                   753
#terms in basis             1322927
#pairs reduced                 5308
#GM criterion               1019288
#redundant elements             679
#rows reduced                 11445
#zero reductions               3921
max. matrix data              13471 x 15901 (2.410%)
max. symbolic hash table size  2^15
max. basis hash table size     2^17
-----------------------------------------

#Leading ideal data
#---
#field characteristic: 17
#variable order:       u, v, t1, t2, s1, s2
#monomial order:       graded reverse lexicographical
#length of basis:      753 elements sorted by increasing leading monomials
#---
[v^2*s2^2,
u^2*s1^2,
u^2*v^2,
u^2*v^1*t2^1*s2^1,
u^1*v^2*t1^1*s1^1,
u^2*t2^3,
u^2*v^1*t2^2,
v^2*t1^3,
u^1*v^2*t1^2,
u^1*v^1*t1^1*t2^1*s1^1*s2^1,
u^1*v^1*t1^2*t2^1*s2^1,
u^1*v^1*t1^1*t2^2*s1^1,
u^1*v^1*t1^2*t2^2,
u^1*v^1*s1^2*s2^3,
u^1*v^1*s1^3*s2^2,
u^1*v^1*t2^1*s1^2*s2^2,
u^1*v^1*t1^1*s1^2*s2^2,
u^1*t1^1*t2^3*s1^2,
u^1*t1^2*t2^3*s1^1,
u^1*t1^2*t2^4,
v^1*t1^3*t2^3,
u^1*t1^3*t2^3,
v^1*t1^4*t2^2,
v^1*t1^3*t2^2*s1^1*s2^1,
u^1*v^4*t2^2*s2^1,
u^5*t2^2*s2^1,
v^6*t2^1*s2^1,
u^1*v^5*t2^1*s2^1,
u^6*t2^1*s2^1,
v^7*s2^1,
u^1*v^6*s2^1,
u^6*v^1*s2^1,
u^7*s2^1,
u^1*t1^6*s1^1,
u^1*v^1*t1^5*s1^1,
u^2*t1^5*s1^1,
u^2*v^1*t1^4*s1^1,
u^3*t1^4*s1^1,
u^3*v^1*t1^3*s1^1,
u^4*t1^3*s1^1,
v^5*t1^2*s1^1,
u^4*v^1*t1^2*s1^1,
u^5*t1^2*s1^1,
v^6*t1^1*s1^1,
u^5*v^1*t1^1*s1^1,
u^6*t1^1*s1^1,
v^7*s1^1,
u^1*v^6*s1^1,
u^6*v^1*s1^1,
u^7*s1^1,
t2^8,
v^1*t2^7,
u^1*t2^7,
v^2*t2^6,
u^1*v^1*t2^6,
v^3*t2^5,
u^1*v^2*t2^5,
v^4*t2^4,
u^1*v^3*t2^4,
v^5*t2^3,
u^1*v^4*t2^3,
v^6*t2^2,
u^1*v^5*t2^2,
u^6*t2^2,
v^7*t2^1,
u^1*v^6*t2^1,
u^6*v^1*t2^1,
u^7*t2^1,
t1^8,
v^1*t1^7,
u^1*t1^7,
u^1*v^1*t1^6,
u^2*t1^6,
u^2*v^1*t1^5,
u^3*t1^5,
u^3*v^1*t1^4,
u^4*t1^4,
u^4*v^1*t1^3,
u^5*t1^3,
v^6*t1^2,
u^5*v^1*t1^2,
u^6*t1^2,
v^7*t1^1,
u^1*v^6*t1^1,
u^6*v^1*t1^1,
u^7*t1^1,
v^8,
u^1*v^7,
u^7*v^1,
u^8,
s2^9,
t2^1*s2^8,
v^1*s2^8,
u^1*s2^8,
t2^2*s2^7,
v^1*t2^1*s2^7,
u^1*t2^1*s2^7,
u^1*v^1*s2^7,
u^2*s2^7,
t2^3*s2^6,
v^1*t2^2*s2^6,
u^1*t2^2*s2^6,
u^1*v^1*t2^1*s2^6,
u^2*t2^1*s2^6,
u^2*v^1*s2^6,
u^3*s2^6,
t2^4*s2^5,
v^1*t2^3*s2^5,
u^1*t2^3*s2^5,
u^1*v^1*t2^2*s2^5,
u^2*t2^2*s2^5,
u^3*t2^1*s2^5,
u^3*v^1*s2^5,
u^4*s2^5,
t2^5*s2^4,
v^1*t2^4*s2^4,
u^1*t2^4*s2^4,
u^1*v^1*t2^3*s2^4,
u^3*t2^2*s2^4,
u^4*t2^1*s2^4,
u^4*v^1*s2^4,
u^5*s2^4,
t2^6*s2^3,
v^1*t2^5*s2^3,
u^1*t2^5*s2^3,
u^1*v^1*t2^4*s2^3,
u^4*t2^2*s2^3,
u^5*t2^1*s2^3,
u^5*v^1*s2^3,
u^6*s2^3,
u^1*t1^2*t2^2*s1^2*s2^2,
t2^7*s2^2,
v^1*t2^6*s2^2,
u^1*t2^6*s2^2,
u^1*v^1*t2^5*s2^2,
v^4*s1^4*s2^1,
u^1*v^3*s1^4*s2^1,
t1^5*s1^3*s2^1,
v^1*t1^4*s1^3*s2^1,
u^1*t1^4*s1^3*s2^1,
u^1*v^1*t1^3*s1^3*s2^1,
v^3*t1^2*s1^3*s2^1,
v^4*t1^1*s1^3*s2^1,
v^5*s1^3*s2^1,
u^1*v^4*s1^3*s2^1,
u^1*t1^3*t2^2*s1^2*s2^1,
u^1*v^4*t2^1*s1^2*s2^1,
t1^6*s1^2*s2^1,
v^1*t1^5*s1^2*s2^1,
u^1*t1^5*s1^2*s2^1,
u^1*v^1*t1^4*s1^2*s2^1,
v^4*t1^2*s1^2*s2^1,
v^5*t1^1*s1^2*s2^1,
v^6*s1^2*s2^1,
u^1*v^5*s1^2*s2^1,
t2^7*s1^1*s2^1,
t1^1*t2^6*s1^1*s2^1,
v^1*t2^6*s1^1*s2^1,
u^1*t2^6*s1^1*s2^1,
t1^2*t2^5*s1^1*s2^1,
v^1*t1^1*t2^5*s1^1*s2^1,
u^1*t1^1*t2^5*s1^1*s2^1,
v^2*t2^5*s1^1*s2^1,
u^1*v^1*t2^5*s1^1*s2^1,
v^1*t1^2*t2^4*s1^1*s2^1,
v^2*t1^1*t2^4*s1^1*s2^1,
v^3*t2^4*s1^1*s2^1,
u^1*v^2*t2^4*s1^1*s2^1,
v^2*t1^2*t2^3*s1^1*s2^1,
v^3*t1^1*t2^3*s1^1*s2^1,
v^4*t2^3*s1^1*s2^1,
u^1*v^3*t2^3*s1^1*s2^1,
t1^5*t2^2*s1^1*s2^1,
u^1*t1^4*t2^2*s1^1*s2^1,
u^2*t1^3*t2^2*s1^1*s2^1,
v^3*t1^2*t2^2*s1^1*s2^1,
u^3*t1^2*t2^2*s1^1*s2^1,
v^4*t1^1*t2^2*s1^1*s2^1,
u^4*t1^1*t2^2*s1^1*s2^1,
v^5*t2^2*s1^1*s2^1,
t1^6*t2^1*s1^1*s2^1,
v^1*t1^5*t2^1*s1^1*s2^1,
u^1*t1^5*t2^1*s1^1*s2^1,
u^2*t1^4*t2^1*s1^1*s2^1,
u^3*t1^3*t2^1*s1^1*s2^1,
v^4*t1^2*t2^1*s1^1*s2^1,
u^4*t1^2*t2^1*s1^1*s2^1,
v^5*t1^1*t2^1*s1^1*s2^1,
u^5*t1^1*t2^1*s1^1*s2^1,
t1^7*s1^1*s2^1,
v^1*t1^6*s1^1*s2^1,
t1^1*t2^7*s2^1,
t1^2*t2^6*s2^1,
v^1*t1^1*t2^6*s2^1,
u^1*t1^1*t2^6*s2^1,
t1^3*t2^5*s2^1,
v^1*t1^2*t2^5*s2^1,
v^2*t1^1*t2^5*s2^1,
u^1*v^1*t1^1*t2^5*s2^1,
v^2*t1^2*t2^4*s2^1,
v^3*t1^1*t2^4*s2^1,
u^1*v^2*t1^1*t2^4*s2^1,
v^3*t1^2*t2^3*s2^1,
v^4*t1^1*t2^3*s2^1,
u^1*v^3*t1^1*t2^3*s2^1,
t1^6*t2^2*s2^1,
u^1*t1^5*t2^2*s2^1,
u^2*t1^4*t2^2*s2^1,
u^3*t1^3*t2^2*s2^1,
v^4*t1^2*t2^2*s2^1,
u^4*t1^2*t2^2*s2^1,
v^5*t1^1*t2^2*s2^1,
t1^7*t2^1*s2^1,
v^1*t1^6*t2^1*s2^1,
u^1*t1^6*t2^1*s2^1,
u^2*t1^5*t2^1*s2^1,
u^3*t1^4*t2^1*s2^1,
u^4*t1^3*t2^1*s2^1,
v^5*t1^2*t2^1*s2^1,
u^5*t1^2*t2^1*s2^1,
s1^9,
t2^1*s1^8,
t1^1*s1^8,
v^1*s1^8,
u^1*s1^8,
t2^2*s1^7,
t1^1*t2^1*s1^7,
v^1*t2^1*s1^7,
u^1*t2^1*s1^7,
t1^2*s1^7,
v^1*t1^1*s1^7,
u^1*t1^1*s1^7,
v^2*s1^7,
u^1*v^1*s1^7,
t2^3*s1^6,
t1^1*t2^2*s1^6,
v^1*t2^2*s1^6,
u^1*t2^2*s1^6,
t1^2*t2^1*s1^6,
v^1*t1^1*t2^1*s1^6,
u^1*t1^1*t2^1*s1^6,
v^2*t2^1*s1^6,
u^1*v^1*t2^1*s1^6,
t1^3*s1^6,
v^1*t1^2*s1^6,
u^1*t1^2*s1^6,
v^2*t1^1*s1^6,
u^1*v^1*t1^1*s1^6,
v^3*s1^6,
u^1*v^2*s1^6,
t1^1*t2^3*s1^5,
v^1*t2^3*s1^5,
u^1*t2^3*s1^5,
t1^2*t2^2*s1^5,
v^1*t1^1*t2^2*s1^5,
u^1*t1^1*t2^2*s1^5,
v^2*t2^2*s1^5,
u^1*v^1*t2^2*s1^5,
t1^3*t2^1*s1^5,
v^1*t1^2*t2^1*s1^5,
u^1*t1^2*t2^1*s1^5,
v^2*t1^1*t2^1*s1^5,
u^1*v^1*t1^1*t2^1*s1^5,
v^3*t2^1*s1^5,
u^1*v^2*t2^1*s1^5,
t1^4*s1^5,
v^1*t1^3*s1^5,
u^1*t1^3*s1^5,
v^2*t1^2*s1^5,
u^1*v^1*t1^2*s1^5,
v^3*t1^1*s1^5,
v^4*s1^5,
u^1*v^3*s1^5,
t1^2*t2^3*s1^4,
v^1*t1^1*t2^3*s1^4,
v^2*t2^3*s1^4,
u^1*v^1*t2^3*s1^4,
t1^3*t2^2*s1^4,
v^1*t1^2*t2^2*s1^4,
u^1*t1^2*t2^2*s1^4,
v^2*t1^1*t2^2*s1^4,
v^3*t2^2*s1^4,
u^1*v^2*t2^2*s1^4,
t1^4*t2^1*s1^4,
v^1*t1^3*t2^1*s1^4,
u^1*t1^3*t2^1*s1^4,
v^2*t1^2*t2^1*s1^4,
u^1*v^1*t1^2*t2^1*s1^4,
v^3*t1^1*t2^1*s1^4,
v^4*t2^1*s1^4,
u^1*v^3*t2^1*s1^4,
t1^5*s1^4,
v^1*t1^4*s1^4,
u^1*t1^4*s1^4,
u^1*v^1*t1^3*s1^4,
v^3*t1^2*s1^4,
v^4*t1^1*s1^4,
v^5*s1^4,
u^1*v^4*s1^4,
t2^6*s1^3,
v^1*t2^5*s1^3,
u^1*t2^5*s1^3,
t1^2*t2^4*s1^3,
v^1*t1^1*t2^4*s1^3,
v^2*t2^4*s1^3,
u^1*v^1*t2^4*s1^3,
t1^3*t2^3*s1^3,
v^1*t1^2*t2^3*s1^3,
v^2*t1^1*t2^3*s1^3,
v^3*t2^3*s1^3,
u^1*v^2*t2^3*s1^3,
t1^4*t2^2*s1^3,
v^1*t1^3*t2^2*s1^3,
u^1*t1^3*t2^2*s1^3,
v^2*t1^2*t2^2*s1^3,
v^3*t1^1*t2^2*s1^3,
v^4*t2^2*s1^3,
u^1*v^3*t2^2*s1^3,
t1^5*t2^1*s1^3,
v^1*t1^4*t2^1*s1^3,
u^1*t1^4*t2^1*s1^3,
u^1*v^1*t1^3*t2^1*s1^3,
v^3*t1^2*t2^1*s1^3,
v^4*t1^1*t2^1*s1^3,
v^5*t2^1*s1^3,
u^1*v^4*t2^1*s1^3,
t1^6*s1^3,
v^1*t1^5*s1^3,
u^1*t1^5*s1^3,
u^1*v^1*t1^4*s1^3,
v^4*t1^2*s1^3,
v^5*t1^1*s1^3,
v^6*s1^3,
u^1*v^5*s1^3,
t2^7*s1^2,
t1^1*t2^6*s1^2,
v^1*t2^6*s1^2,
u^1*t2^6*s1^2,
t1^2*t2^5*s1^2,
v^1*t1^1*t2^5*s1^2,
v^2*t2^5*s1^2,
u^1*v^1*t2^5*s1^2,
t1^3*t2^4*s1^2,
v^1*t1^2*t2^4*s1^2,
v^2*t1^1*t2^4*s1^2,
v^3*t2^4*s1^2,
u^1*v^2*t2^4*s1^2,
t1^4*t2^3*s1^2,
v^2*t1^2*t2^3*s1^2,
v^3*t1^1*t2^3*s1^2,
v^4*t2^3*s1^2,
u^1*v^3*t2^3*s1^2,
t1^5*t2^2*s1^2,
u^1*t1^4*t2^2*s1^2,
v^3*t1^2*t2^2*s1^2,
v^4*t1^1*t2^2*s1^2,
v^5*t2^2*s1^2,
u^1*v^4*t2^2*s1^2,
t1^6*t2^1*s1^2,
v^1*t1^5*t2^1*s1^2,
u^1*t1^5*t2^1*s1^2,
u^1*v^1*t1^4*t2^1*s1^2,
v^4*t1^2*t2^1*s1^2,
v^5*t1^1*t2^1*s1^2,
v^6*t2^1*s1^2,
u^1*v^5*t2^1*s1^2,
t1^7*s1^2,
v^1*t1^6*s1^2,
t1^1*t2^7*s1^1,
t1^2*t2^6*s1^1,
v^1*t1^1*t2^6*s1^1,
u^1*t1^1*t2^6*s1^1,
t1^3*t2^5*s1^1,
v^1*t1^2*t2^5*s1^1,
v^2*t1^1*t2^5*s1^1,
t1^4*t2^4*s1^1,
v^2*t1^2*t2^4*s1^1,
v^3*t1^1*t2^4*s1^1,
t1^5*t2^3*s1^1,
v^3*t1^2*t2^3*s1^1,
v^4*t1^1*t2^3*s1^1,
t1^6*t2^2*s1^1,
u^1*t1^5*t2^2*s1^1,
u^2*t1^4*t2^2*s1^1,
u^3*t1^3*t2^2*s1^1,
v^4*t1^2*t2^2*s1^1,
u^4*t1^2*t2^2*s1^1,
v^5*t1^1*t2^2*s1^1,
u^5*t1^1*t2^2*s1^1,
t1^7*t2^1*s1^1,
v^1*t1^6*t2^1*s1^1,
t1^2*t2^7,
t1^3*t2^6,
v^1*t1^2*t2^6,
t1^4*t2^5,
v^2*t1^2*t2^5,
t1^5*t2^4,
v^3*t1^2*t2^4,
t1^6*t2^3,
v^4*t1^2*t2^3,
t1^7*t2^2,
u^1*t1^6*t2^2,
u^2*t1^5*t2^2,
u^3*t1^4*t2^2,
u^4*t1^3*t2^2,
v^5*t1^2*t2^2,
u^5*t1^2*t2^2,
s1^2*s2^8,
t1^1*s1^1*s2^8,
t1^2*s2^8,
s1^3*s2^7,
t2^1*s1^2*s2^7,
t1^1*s1^2*s2^7,
v^1*s1^2*s2^7,
u^1*s1^2*s2^7,
t1^1*t2^1*s1^1*s2^7,
t1^2*s1^1*s2^7,
v^1*t1^1*s1^1*s2^7,
u^1*t1^1*s1^1*s2^7,
t1^2*t2^1*s2^7,
t1^3*s2^7,
v^1*t1^2*s2^7,
u^1*t1^2*s2^7,
s1^4*s2^6,
t2^1*s1^3*s2^6,
t1^1*s1^3*s2^6,
v^1*s1^3*s2^6,
u^1*s1^3*s2^6,
t2^2*s1^2*s2^6,
t1^1*t2^1*s1^2*s2^6,
v^1*t2^1*s1^2*s2^6,
u^1*t2^1*s1^2*s2^6,
t1^2*s1^2*s2^6,
v^1*t1^1*s1^2*s2^6,
u^1*t1^1*s1^2*s2^6,
t1^1*t2^2*s1^1*s2^6,
t1^2*t2^1*s1^1*s2^6,
v^1*t1^1*t2^1*s1^1*s2^6,
u^1*t1^1*t2^1*s1^1*s2^6,
t1^3*s1^1*s2^6,
v^1*t1^2*s1^1*s2^6,
u^1*t1^2*s1^1*s2^6,
u^1*v^1*t1^1*s1^1*s2^6,
u^2*t1^1*s1^1*s2^6,
t1^2*t2^2*s2^6,
t1^3*t2^1*s2^6,
v^1*t1^2*t2^1*s2^6,
u^1*t1^2*t2^1*s2^6,
t1^4*s2^6,
v^1*t1^3*s2^6,
u^1*t1^3*s2^6,
u^1*v^1*t1^2*s2^6,
u^2*t1^2*s2^6,
s1^5*s2^5,
t2^1*s1^4*s2^5,
v^1*s1^4*s2^5,
u^1*s1^4*s2^5,
t2^2*s1^3*s2^5,
t1^1*t2^1*s1^3*s2^5,
v^1*t2^1*s1^3*s2^5,
u^1*t2^1*s1^3*s2^5,
t1^2*s1^3*s2^5,
v^1*t1^1*s1^3*s2^5,
u^1*t1^1*s1^3*s2^5,
t2^3*s1^2*s2^5,
t1^1*t2^2*s1^2*s2^5,
v^1*t2^2*s1^2*s2^5,
u^1*t2^2*s1^2*s2^5,
t1^2*t2^1*s1^2*s2^5,
v^1*t1^1*t2^1*s1^2*s2^5,
u^1*t1^1*t2^1*s1^2*s2^5,
t1^3*s1^2*s2^5,
v^1*t1^2*s1^2*s2^5,
u^1*t1^2*s1^2*s2^5,
t1^1*t2^3*s1^1*s2^5,
t1^2*t2^2*s1^1*s2^5,
v^1*t1^1*t2^2*s1^1*s2^5,
u^1*t1^1*t2^2*s1^1*s2^5,
t1^3*t2^1*s1^1*s2^5,
v^1*t1^2*t2^1*s1^1*s2^5,
u^1*t1^2*t2^1*s1^1*s2^5,
u^2*t1^1*t2^1*s1^1*s2^5,
t1^4*s1^1*s2^5,
v^1*t1^3*s1^1*s2^5,
u^1*t1^3*s1^1*s2^5,
u^1*v^1*t1^2*s1^1*s2^5,
u^2*t1^2*s1^1*s2^5,
u^2*v^1*t1^1*s1^1*s2^5,
u^3*t1^1*s1^1*s2^5,
t1^2*t2^3*s2^5,
t1^3*t2^2*s2^5,
v^1*t1^2*t2^2*s2^5,
u^1*t1^2*t2^2*s2^5,
t1^4*t2^1*s2^5,
v^1*t1^3*t2^1*s2^5,
u^1*t1^3*t2^1*s2^5,
u^2*t1^2*t2^1*s2^5,
t1^5*s2^5,
v^1*t1^4*s2^5,
u^1*t1^4*s2^5,
u^1*v^1*t1^3*s2^5,
u^2*t1^3*s2^5,
u^2*v^1*t1^2*s2^5,
u^3*t1^2*s2^5,
s1^6*s2^4,
t1^1*s1^5*s2^4,
v^1*s1^5*s2^4,
u^1*s1^5*s2^4,
t2^2*s1^4*s2^4,
t1^1*t2^1*s1^4*s2^4,
v^1*t2^1*s1^4*s2^4,
u^1*t2^1*s1^4*s2^4,
t1^2*s1^4*s2^4,
v^1*t1^1*s1^4*s2^4,
u^1*t1^1*s1^4*s2^4,
t2^3*s1^3*s2^4,
t1^1*t2^2*s1^3*s2^4,
v^1*t2^2*s1^3*s2^4,
u^1*t2^2*s1^3*s2^4,
t1^2*t2^1*s1^3*s2^4,
v^1*t1^1*t2^1*s1^3*s2^4,
u^1*t1^1*t2^1*s1^3*s2^4,
t1^3*s1^3*s2^4,
v^1*t1^2*s1^3*s2^4,
u^1*t1^2*s1^3*s2^4,
t2^4*s1^2*s2^4,
t1^1*t2^3*s1^2*s2^4,
v^1*t2^3*s1^2*s2^4,
u^1*t2^3*s1^2*s2^4,
t1^2*t2^2*s1^2*s2^4,
v^1*t1^1*t2^2*s1^2*s2^4,
u^1*t1^1*t2^2*s1^2*s2^4,
t1^3*t2^1*s1^2*s2^4,
v^1*t1^2*t2^1*s1^2*s2^4,
u^1*t1^2*t2^1*s1^2*s2^4,
t1^4*s1^2*s2^4,
v^1*t1^3*s1^2*s2^4,
u^1*t1^3*s1^2*s2^4,
t1^1*t2^4*s1^1*s2^4,
t1^2*t2^3*s1^1*s2^4,
v^1*t1^1*t2^3*s1^1*s2^4,
u^1*t1^1*t2^3*s1^1*s2^4,
t1^3*t2^2*s1^1*s2^4,
v^1*t1^2*t2^2*s1^1*s2^4,
u^1*t1^2*t2^2*s1^1*s2^4,
u^2*t1^1*t2^2*s1^1*s2^4,
t1^4*t2^1*s1^1*s2^4,
v^1*t1^3*t2^1*s1^1*s2^4,
u^1*t1^3*t2^1*s1^1*s2^4,
u^2*t1^2*t2^1*s1^1*s2^4,
u^3*t1^1*t2^1*s1^1*s2^4,
t1^5*s1^1*s2^4,
v^1*t1^4*s1^1*s2^4,
u^1*t1^4*s1^1*s2^4,
u^1*v^1*t1^3*s1^1*s2^4,
u^2*t1^3*s1^1*s2^4,
u^2*v^1*t1^2*s1^1*s2^4,
u^3*t1^2*s1^1*s2^4,
u^3*v^1*t1^1*s1^1*s2^4,
u^4*t1^1*s1^1*s2^4,
t1^2*t2^4*s2^4,
t1^3*t2^3*s2^4,
v^1*t1^2*t2^3*s2^4,
u^1*t1^2*t2^3*s2^4,
t1^4*t2^2*s2^4,
v^1*t1^3*t2^2*s2^4,
u^1*t1^3*t2^2*s2^4,
u^2*t1^2*t2^2*s2^4,
t1^5*t2^1*s2^4,
v^1*t1^4*t2^1*s2^4,
u^1*t1^4*t2^1*s2^4,
u^2*t1^3*t2^1*s2^4,
u^3*t1^2*t2^1*s2^4,
t1^6*s2^4,
v^1*t1^5*s2^4,
u^1*t1^5*s2^4,
u^1*v^1*t1^4*s2^4,
u^2*t1^4*s2^4,
u^2*v^1*t1^3*s2^4,
u^3*t1^3*s2^4,
u^3*v^1*t1^2*s2^4,
u^4*t1^2*s2^4,
s1^7*s2^3,
t2^1*s1^6*s2^3,
t1^1*s1^6*s2^3,
v^1*s1^6*s2^3,
u^1*s1^6*s2^3,
t2^2*s1^5*s2^3,
t1^1*t2^1*s1^5*s2^3,
v^1*t2^1*s1^5*s2^3,
u^1*t2^1*s1^5*s2^3,
t1^2*s1^5*s2^3,
v^1*t1^1*s1^5*s2^3,
u^1*t1^1*s1^5*s2^3,
t2^3*s1^4*s2^3,
t1^1*t2^2*s1^4*s2^3,
v^1*t2^2*s1^4*s2^3,
u^1*t2^2*s1^4*s2^3,
t1^2*t2^1*s1^4*s2^3,
v^1*t1^1*t2^1*s1^4*s2^3,
u^1*t1^1*t2^1*s1^4*s2^3,
t1^3*s1^4*s2^3,
v^1*t1^2*s1^4*s2^3,
u^1*t1^2*s1^4*s2^3,
t2^4*s1^3*s2^3,
t1^1*t2^3*s1^3*s2^3,
v^1*t2^3*s1^3*s2^3,
u^1*t2^3*s1^3*s2^3,
t1^2*t2^2*s1^3*s2^3,
v^1*t1^1*t2^2*s1^3*s2^3,
u^1*t1^1*t2^2*s1^3*s2^3,
t1^3*t2^1*s1^3*s2^3,
v^1*t1^2*t2^1*s1^3*s2^3,
u^1*t1^2*t2^1*s1^3*s2^3,
t1^4*s1^3*s2^3,
v^1*t1^3*s1^3*s2^3,
u^1*t1^3*s1^3*s2^3,
t2^5*s1^2*s2^3,
t1^1*t2^4*s1^2*s2^3,
v^1*t2^4*s1^2*s2^3,
u^1*t2^4*s1^2*s2^3,
t1^2*t2^3*s1^2*s2^3,
v^1*t1^1*t2^3*s1^2*s2^3,
t1^3*t2^2*s1^2*s2^3,
v^1*t1^2*t2^2*s1^2*s2^3,
t1^4*t2^1*s1^2*s2^3,
v^1*t1^3*t2^1*s1^2*s2^3,
u^1*t1^3*t2^1*s1^2*s2^3,
t1^5*s1^2*s2^3,
v^1*t1^4*s1^2*s2^3,
u^1*t1^4*s1^2*s2^3,
t1^1*t2^5*s1^1*s2^3,
t1^2*t2^4*s1^1*s2^3,
v^1*t1^1*t2^4*s1^1*s2^3,
u^1*t1^1*t2^4*s1^1*s2^3,
t1^3*t2^3*s1^1*s2^3,
v^1*t1^2*t2^3*s1^1*s2^3,
t1^4*t2^2*s1^1*s2^3,
u^1*t1^3*t2^2*s1^1*s2^3,
u^2*t1^2*t2^2*s1^1*s2^3,
u^3*t1^1*t2^2*s1^1*s2^3,
t1^5*t2^1*s1^1*s2^3,
v^1*t1^4*t2^1*s1^1*s2^3,
u^1*t1^4*t2^1*s1^1*s2^3,
u^2*t1^3*t2^1*s1^1*s2^3,
u^3*t1^2*t2^1*s1^1*s2^3,
u^4*t1^1*t2^1*s1^1*s2^3,
t1^6*s1^1*s2^3,
v^1*t1^5*s1^1*s2^3,
u^1*t1^5*s1^1*s2^3,
u^1*v^1*t1^4*s1^1*s2^3,
u^2*t1^4*s1^1*s2^3,
u^2*v^1*t1^3*s1^1*s2^3,
u^3*t1^3*s1^1*s2^3,
u^3*v^1*t1^2*s1^1*s2^3,
u^4*t1^2*s1^1*s2^3,
u^4*v^1*t1^1*s1^1*s2^3,
u^5*t1^1*s1^1*s2^3,
t1^2*t2^5*s2^3,
t1^3*t2^4*s2^3,
v^1*t1^2*t2^4*s2^3,
t1^4*t2^3*s2^3,
t1^5*t2^2*s2^3,
u^1*t1^4*t2^2*s2^3,
u^2*t1^3*t2^2*s2^3,
u^3*t1^2*t2^2*s2^3,
t1^6*t2^1*s2^3,
v^1*t1^5*t2^1*s2^3,
u^1*t1^5*t2^1*s2^3,
u^2*t1^4*t2^1*s2^3,
u^3*t1^3*t2^1*s2^3,
u^4*t1^2*t2^1*s2^3,
t1^7*s2^3,
v^1*t1^6*s2^3,
u^1*t1^6*s2^3,
u^1*v^1*t1^5*s2^3,
u^2*t1^5*s2^3,
u^2*v^1*t1^4*s2^3,
u^3*t1^4*s2^3,
u^3*v^1*t1^3*s2^3,
u^4*t1^3*s2^3,
u^4*v^1*t1^2*s2^3,
u^5*t1^2*s2^3,
s1^8*s2^2,
t2^1*s1^7*s2^2,
t1^1*s1^7*s2^2,
v^1*s1^7*s2^2,
u^1*s1^7*s2^2,
t2^2*s1^6*s2^2,
t1^1*t2^1*s1^6*s2^2,
v^1*t2^1*s1^6*s2^2,
u^1*t2^1*s1^6*s2^2,
t1^2*s1^6*s2^2,
v^1*t1^1*s1^6*s2^2,
u^1*t1^1*s1^6*s2^2,
t2^3*s1^5*s2^2,
t1^1*t2^2*s1^5*s2^2,
v^1*t2^2*s1^5*s2^2,
u^1*t2^2*s1^5*s2^2,
t1^2*t2^1*s1^5*s2^2,
v^1*t1^1*t2^1*s1^5*s2^2,
u^1*t1^1*t2^1*s1^5*s2^2,
t1^3*s1^5*s2^2,
v^1*t1^2*s1^5*s2^2,
u^1*t1^2*s1^5*s2^2,
t2^4*s1^4*s2^2,
t1^1*t2^3*s1^4*s2^2,
v^1*t2^3*s1^4*s2^2,
u^1*t2^3*s1^4*s2^2,
t1^2*t2^2*s1^4*s2^2,
v^1*t1^1*t2^2*s1^4*s2^2,
u^1*t1^1*t2^2*s1^4*s2^2,
t1^3*t2^1*s1^4*s2^2,
v^1*t1^2*t2^1*s1^4*s2^2,
u^1*t1^2*t2^1*s1^4*s2^2,
t1^4*s1^4*s2^2,
v^1*t1^3*s1^4*s2^2,
u^1*t1^3*s1^4*s2^2,
t2^5*s1^3*s2^2,
t1^1*t2^4*s1^3*s2^2,
v^1*t2^4*s1^3*s2^2,
u^1*t2^4*s1^3*s2^2,
t1^2*t2^3*s1^3*s2^2,
v^1*t1^1*t2^3*s1^3*s2^2,
t1^3*t2^2*s1^3*s2^2,
v^1*t1^2*t2^2*s1^3*s2^2,
t1^4*t2^1*s1^3*s2^2,
v^1*t1^3*t2^1*s1^3*s2^2,
u^1*t1^3*t2^1*s1^3*s2^2,
t2^6*s1^2*s2^2,
t1^1*t2^5*s1^2*s2^2,
v^1*t2^5*s1^2*s2^2,
u^1*t2^5*s1^2*s2^2,
t1^2*t2^4*s1^2*s2^2,
v^1*t1^1*t2^4*s1^2*s2^2,
t1^3*t2^3*s1^2*s2^2,
v^1*t1^2*t2^3*s1^2*s2^2,
t1^4*t2^2*s1^2*s2^2,
t1^5*t2^1*s1^2*s2^2,
v^1*t1^4*t2^1*s1^2*s2^2,
u^1*t1^4*t2^1*s1^2*s2^2,
t1^3*t2^4*s1^1*s2^2,
t1^4*t2^3*s1^1*s2^2,
t1^4*t2^4*s2^2,
t1^5*t2^3*s2^2,
t2^4*s1^5*s2^1,
t2^5*s1^4*s2^1,
t1^1*t2^4*s1^4*s2^1,
v^1*t2^4*s1^4*s2^1,
u^1*t2^4*s1^4*s2^1,
t1^1*t2^5*s1^3*s2^1,
t2^5*s1^5,
t1^1*t2^5*s1^4]:


------------------------------------------------------------------------------------
msolve overall time           2.04 sec (elapsed) /  2.03 sec (cpu)
------------------------------------------------------------------------------------
