Initial seed for pseudo-random number generator is 0

--------------- INPUT DATA ---------------
#variables                      24
#equations                      46
#invalid equations               0
field characteristic             2
homogeneous input?               0
signature-based computation      0
monomial order                 DRL
basis hash table resetting     OFF
linear algebra option            2
initial hash table size     131072 (2^17)
max pair selection             ALL
reduce gb                        1
#threads                         1
info level                       2
generate pbm files               0
------------------------------------------

Legend for f4 information
--------------------------------------------------------
deg       current degree of pairs selected in this round
sel       number of pairs selected in this round
pairs     total number of pairs in pair list
mat       matrix dimensions (# rows x # columns)
density   density of the matrix
new data  # new elements for basis in this round
          # zero reductions during linear algebra
time(rd)  time of the current f4 round in seconds given
          for real and cpu time
--------------------------------------------------------

deg     sel   pairs        mat          density            new data         time(rd) in sec (real|cpu)
------------------------------------------------------------------------------------------------------
  2       3      85       6 x 49         51.02%        3 new       0 zero         0.00 | 0.00         
  2       2     100       7 x 20         19.29%        1 new       1 zero         0.00 | 0.00         
  3      26     102     237 x 556         1.79%       21 new       5 zero         0.00 | 0.00         
  3       5     284     160 x 312         3.32%        5 new       0 zero         0.00 | 0.00         
  4     240     323    2442 x 4258        0.32%      152 new      88 zero         0.01 | 0.01         
  4     926    1703    7589 x 9749        0.29%      397 new     529 zero         0.11 | 0.11         
  2       1    4236       3 x 2          66.67%        0 new       1 zero         0.00 | 0.00         
  3      97    4235     607 x 956         1.90%       39 new      58 zero         0.01 | 0.01         
  3     228    2419     822 x 909         1.57%       14 new     216 zero         0.01 | 0.01         
  3      29    2188     723 x 1108        1.42%       23 new       6 zero         0.01 | 0.01         
  3      54    2142     913 x 1502        1.03%       10 new      44 zero         0.01 | 0.01         
  4    1553    2262   11500 x 12365       0.27%      388 new    1190 zero         0.24 | 0.24         
  3     449    3514    1970 x 2150        0.84%       40 new     409 zero         0.03 | 0.03         
  3     281    2819    1627 x 1901        0.80%       46 new     235 zero         0.03 | 0.03         
  4    2290    3185   13318 x 12166       0.16%       49 new    2262 zero         0.08 | 0.08         
  4     429    1856    9691 x 10371       0.18%       33 new     396 zero         0.04 | 0.04         
  4     132    2026    9439 x 10438       0.17%        8 new     124 zero         0.03 | 0.03         
  4      44    2018    8896 x 9905        0.17%        2 new      42 zero         0.02 | 0.02         
  5    1759    2018   50280 x 49879       0.04%       23 new    1738 zero         0.20 | 0.20         
  5      64     696   29300 x 30578       0.06%       14 new      50 zero         0.08 | 0.08         
  6     940     940  142317 x 142727      0.01%       52 new     890 zero         1.14 | 1.11         
  6    1056    1144  150871 x 151115      0.01%        0 new    1056 zero         1.30 | 1.30         
  7      88      88  216811 x 218023      0.01%        0 new      88 zero         0.52 | 0.52         
------------------------------------------------------------------------------------------------------
reduce final basis     9884 x 11169       0.15%      414 new       0 zero         0.02 | 0.02         
------------------------------------------------------------------------------------------------------

---------------- TIMINGS ----------------
overall(elapsed)        3.89 sec
overall(cpu)            3.84 sec
select                  0.06 sec   1.5%
symbolic prep.          1.10 sec  28.2%
update                  0.45 sec  11.6%
convert                 0.16 sec   4.0%
linear algebra          2.07 sec  53.2%
reduce gb               0.00 sec   0.0%
-----------------------------------------

---------- COMPUTATIONAL DATA -----------
size of basis                   414
#terms in basis               41600
#pairs reduced                10696
#GM criterion                921599
#redundant elements             952
#rows reduced                 21910
#zero reductions               9428
max. matrix data             216811 x 218023 (0.008%)
max. symbolic hash table size  2^18
max. basis hash table size     2^19
-----------------------------------------

#Leading ideal data
#---
#field characteristic: 2
#variable order:       x1_0, x1_1, x1_2, x2_0, x2_1, x2_2, x3_0, x3_1, x3_2, x4_0, x4_1, x4_2, u0, u1, u2, u3, u4, u5, v0, v1, v2, v3, v4, v5
#monomial order:       graded reverse lexicographical
#length of basis:      414 elements sorted by increasing leading monomials
#---
[v3^1,
u3^1,
v5^2,
u1^1*v5^1,
u0^1*v5^1,
v4^2,
v1^1*v4^1,
u5^1*v4^1,
u2^1*v4^1,
u1^1*v4^1,
u0^1*v4^1,
v2^2,
v1^1*v2^1,
v0^1*v2^1,
u5^1*v2^1,
u4^1*v2^1,
u2^1*v2^1,
u1^1*v2^1,
u0^1*v2^1,
x3_0^1*v2^1,
v1^2,
v0^1*v1^1,
u5^1*v1^1,
u4^1*v1^1,
u2^1*v1^1,
u1^1*v1^1,
u0^1*v1^1,
x3_1^1*v1^1,
x3_0^1*v1^1,
x1_0^1*v1^1,
v0^2,
u5^1*v0^1,
u2^1*v0^1,
u1^1*v0^1,
u0^1*v0^1,
x3_0^1*v0^1,
x1_0^1*v0^1,
u5^2,
u4^1*u5^1,
u2^1*u5^1,
u1^1*u5^1,
u0^1*u5^1,
u4^2,
u2^1*u4^1,
u1^1*u4^1,
u0^1*u4^1,
u2^2,
u1^1*u2^1,
u0^1*u2^1,
x3_0^1*u2^1,
x1_2^1*u2^1,
x1_1^1*u2^1,
x1_0^1*u2^1,
u1^2,
u0^1*u1^1,
x4_2^1*u1^1,
x4_0^1*u1^1,
x3_2^1*u1^1,
x3_1^1*u1^1,
x3_0^1*u1^1,
x2_2^1*u1^1,
x2_0^1*u1^1,
x1_2^1*u1^1,
x1_1^1*u1^1,
x1_0^1*u1^1,
u0^2,
x4_2^1*u0^1,
x4_1^1*u0^1,
x4_0^1*u0^1,
x3_2^1*u0^1,
x3_1^1*u0^1,
x3_0^1*u0^1,
x2_2^1*u0^1,
x2_1^1*u0^1,
x2_0^1*u0^1,
x1_2^1*u0^1,
x1_1^1*u0^1,
x1_0^1*u0^1,
x4_2^2,
x4_1^1*x4_2^1,
x3_0^1*x4_2^1,
x4_1^2,
x3_0^1*x4_1^1,
x4_0^2,
x3_0^1*x4_0^1,
x3_2^2,
x3_1^1*x3_2^1,
x3_0^1*x3_2^1,
x3_1^2,
x3_0^1*x3_1^1,
x3_0^2,
x2_2^2,
x2_1^1*x2_2^1,
x1_0^1*x2_2^1,
x2_1^2,
x1_0^1*x2_1^1,
x2_0^2,
x1_0^1*x2_0^1,
x1_2^2,
x1_1^1*x1_2^1,
x1_0^1*x1_2^1,
x1_1^2,
x1_0^1*x1_1^1,
x1_0^2,
v2^1*v4^1*v5^1,
v0^1*v4^1*v5^1,
u4^1*v4^1*v5^1,
x3_0^1*v4^1*v5^1,
x1_0^1*v4^1*v5^1,
x4_0^1*v2^1*v5^1,
x3_1^1*v2^1*v5^1,
x2_0^1*v2^1*v5^1,
x1_2^1*v2^1*v5^1,
x1_0^1*v2^1*v5^1,
x4_0^1*v1^1*v5^1,
x3_2^1*v1^1*v5^1,
x1_2^1*v1^1*v5^1,
x1_1^1*v1^1*v5^1,
u4^1*v0^1*v5^1,
x3_0^1*u5^1*v5^1,
x1_0^1*u5^1*v5^1,
x3_2^1*u4^1*v5^1,
x3_1^1*u4^1*v5^1,
x3_0^1*u4^1*v5^1,
x1_2^1*u4^1*v5^1,
x1_1^1*u4^1*v5^1,
x1_0^1*u4^1*v5^1,
x4_2^1*u2^1*v5^1,
x4_0^1*u2^1*v5^1,
x3_2^1*u2^1*v5^1,
x3_1^1*u2^1*v5^1,
x2_2^1*u2^1*v5^1,
x2_1^1*u2^1*v5^1,
x2_0^1*u2^1*v5^1,
x3_1^1*x4_0^1*v5^1,
x1_0^1*x3_0^1*v5^1,
x4_0^1*v2^1*v4^1,
x3_2^1*v2^1*v4^1,
x3_1^1*v2^1*v4^1,
x2_0^1*v2^1*v4^1,
x1_2^1*v2^1*v4^1,
x1_1^1*v2^1*v4^1,
x1_0^1*v2^1*v4^1,
u4^1*v0^1*v4^1,
x3_0^1*u4^1*v4^1,
x1_0^1*u4^1*v4^1,
x3_2^1*x4_0^1*v4^1,
x3_1^1*x4_0^1*v4^1,
x1_0^1*x3_2^1*v4^1,
x1_0^1*x3_0^1*v4^1,
x4_0^1*x4_2^1*v2^1,
x3_2^1*x4_2^1*v2^1,
x3_1^1*x4_2^1*v2^1,
x4_0^1*x4_1^1*v2^1,
x3_2^1*x4_1^1*v2^1,
x3_1^1*x4_1^1*v2^1,
x3_2^1*x4_0^1*v2^1,
x3_1^1*x4_0^1*v2^1,
x2_0^1*x4_0^1*v2^1,
x1_2^1*x4_0^1*v2^1,
x1_1^1*x4_0^1*v2^1,
x1_0^1*x4_0^1*v2^1,
x2_0^1*x3_2^1*v2^1,
x1_2^1*x3_2^1*v2^1,
x1_1^1*x3_2^1*v2^1,
x1_0^1*x3_2^1*v2^1,
x1_2^1*x3_1^1*v2^1,
x1_0^1*x3_1^1*v2^1,
x2_0^1*x2_2^1*v2^1,
x1_2^1*x2_2^1*v2^1,
x1_1^1*x2_2^1*v2^1,
x2_0^1*x2_1^1*v2^1,
x1_2^1*x2_1^1*v2^1,
x1_1^1*x2_1^1*v2^1,
x1_2^1*x2_0^1*v2^1,
x1_1^1*x2_0^1*v2^1,
x4_0^1*x4_2^1*v1^1,
x3_2^1*x4_2^1*v1^1,
x4_0^1*x4_1^1*v1^1,
x3_2^1*x4_1^1*v1^1,
x3_2^1*x4_0^1*v1^1,
x2_0^1*x4_0^1*v1^1,
x1_2^1*x4_0^1*v1^1,
x1_1^1*x4_0^1*v1^1,
x1_1^1*x3_2^1*v1^1,
x2_0^1*x2_2^1*v1^1,
x1_2^1*x2_2^1*v1^1,
x1_1^1*x2_2^1*v1^1,
x2_0^1*x2_1^1*v1^1,
x1_2^1*x2_1^1*v1^1,
x1_1^1*x2_1^1*v1^1,
x1_2^1*x2_0^1*v1^1,
x1_1^1*x2_0^1*v1^1,
x3_2^1*x4_2^1*v0^1,
x3_1^1*x4_2^1*v0^1,
x3_2^1*x4_1^1*v0^1,
x3_1^1*x4_1^1*v0^1,
x3_2^1*x4_0^1*v0^1,
x3_1^1*x4_0^1*v0^1,
x1_2^1*x2_1^1*v0^1,
x1_1^1*x2_1^1*v0^1,
x1_1^1*x2_0^1*v0^1,
x1_0^1*x4_0^1*u5^1,
x1_0^1*x3_2^1*u5^1,
x1_0^1*x3_1^1*u5^1,
x1_2^1*x3_0^1*u5^1,
x1_1^1*x3_0^1*u5^1,
x1_0^1*x3_0^1*u5^1,
x1_2^1*x2_1^1*u5^1,
x1_1^1*x2_0^1*u5^1,
x3_1^1*x4_0^1*u4^1,
x1_0^1*x4_0^1*u4^1,
x1_0^1*x3_2^1*u4^1,
x1_0^1*x3_1^1*u4^1,
x2_0^1*x3_0^1*u4^1,
x1_2^1*x3_0^1*u4^1,
x1_1^1*x3_0^1*u4^1,
x1_0^1*x3_0^1*u4^1,
x1_2^1*x2_2^1*u4^1,
x1_2^1*x2_1^1*u4^1,
x1_1^1*x2_1^1*u4^1,
x1_2^1*x2_0^1*u4^1,
x1_1^1*x2_0^1*u4^1,
x4_0^1*x4_2^1*u2^1,
x3_2^1*x4_2^1*u2^1,
x3_1^1*x4_2^1*u2^1,
x2_0^1*x4_2^1*u2^1,
x4_0^1*x4_1^1*u2^1,
x3_2^1*x4_1^1*u2^1,
x3_1^1*x4_1^1*u2^1,
x2_0^1*x4_1^1*u2^1,
x3_2^1*x4_0^1*u2^1,
x3_1^1*x4_0^1*u2^1,
x2_2^1*x4_0^1*u2^1,
x2_1^1*x4_0^1*u2^1,
x2_0^1*x4_0^1*u2^1,
x2_2^1*x3_2^1*u2^1,
x2_0^1*x3_2^1*u2^1,
x2_2^1*x3_1^1*u2^1,
x2_1^1*x3_1^1*u2^1,
x2_0^1*x3_1^1*u2^1,
x2_0^1*x2_2^1*u2^1,
x2_0^1*x2_1^1*u2^1,
x2_1^1*x4_1^1*u1^1,
x3_2^1*x4_0^1*x4_2^1,
x3_1^1*x4_0^1*x4_2^1,
x1_0^1*x3_1^1*x4_2^1,
x3_2^1*x4_0^1*x4_1^1,
x3_1^1*x4_0^1*x4_1^1,
x1_0^1*x3_1^1*x4_1^1,
x1_0^1*x3_2^1*x4_0^1,
x1_0^1*x3_1^1*x4_0^1,
x1_1^1*x2_2^1*x3_0^1,
x1_1^1*x2_1^1*x3_0^1,
x1_2^1*x2_0^1*x3_0^1,
x1_1^1*x2_0^1*x3_0^1,
x1_2^1*x2_0^1*x2_2^1,
x1_1^1*x2_0^1*x2_2^1,
x1_2^1*x2_0^1*x2_1^1,
x1_1^1*x2_0^1*x2_1^1,
x4_0^1*x4_2^1*v4^1*v5^1,
x3_2^1*x4_2^1*v4^1*v5^1,
x3_1^1*x4_2^1*v4^1*v5^1,
x4_0^1*x4_1^1*v4^1*v5^1,
x3_2^1*x4_1^1*v4^1*v5^1,
x3_1^1*x4_1^1*v4^1*v5^1,
x1_2^1*x2_2^1*v4^1*v5^1,
x1_1^1*x2_2^1*v4^1*v5^1,
x1_2^1*x2_1^1*v4^1*v5^1,
x1_1^1*x2_1^1*v4^1*v5^1,
x1_2^1*x2_0^1*v4^1*v5^1,
x1_1^1*x2_0^1*v4^1*v5^1,
x1_1^1*x4_2^1*v2^1*v5^1,
x1_1^1*x4_1^1*v2^1*v5^1,
x2_2^1*x3_2^1*v2^1*v5^1,
x2_1^1*x3_2^1*v2^1*v5^1,
x4_0^1*x4_1^1*v0^1*v5^1,
x1_1^1*x2_2^1*v0^1*v5^1,
x2_0^1*x2_1^1*v0^1*v5^1,
x1_2^1*x2_0^1*v0^1*v5^1,
x4_0^1*x4_1^1*u5^1*v5^1,
x3_2^1*x4_1^1*u5^1*v5^1,
x3_1^1*x4_1^1*u5^1*v5^1,
x3_2^1*x4_0^1*u5^1*v5^1,
x1_2^1*x2_2^1*u5^1*v5^1,
x1_1^1*x2_2^1*u5^1*v5^1,
x2_0^1*x2_1^1*u5^1*v5^1,
x1_1^1*x2_1^1*u5^1*v5^1,
x1_2^1*x2_0^1*u5^1*v5^1,
x4_0^1*x4_2^1*u4^1*v5^1,
x4_0^1*x4_1^1*u4^1*v5^1,
x2_2^1*x4_0^1*u4^1*v5^1,
x2_1^1*x4_0^1*u4^1*v5^1,
x2_0^1*x4_0^1*u4^1*v5^1,
x2_0^1*x2_2^1*u4^1*v5^1,
x2_0^1*x2_1^1*u4^1*v5^1,
x1_0^1*x4_0^1*x4_2^1*v5^1,
x1_0^1*x3_2^1*x4_2^1*v5^1,
x1_0^1*x4_0^1*x4_1^1*v5^1,
x1_0^1*x3_2^1*x4_1^1*v5^1,
x2_0^1*x2_2^1*x3_0^1*v5^1,
x1_2^1*x2_2^1*x3_0^1*v5^1,
x2_0^1*x2_1^1*x3_0^1*v5^1,
x1_2^1*x2_1^1*x3_0^1*v5^1,
x4_0^1*x4_2^1*v0^1*v4^1,
x4_0^1*x4_1^1*v0^1*v4^1,
x1_2^1*x2_2^1*v0^1*v4^1,
x1_1^1*x2_2^1*v0^1*v4^1,
x2_0^1*x2_1^1*v0^1*v4^1,
x1_2^1*x2_0^1*v0^1*v4^1,
x4_0^1*x4_2^1*u4^1*v4^1,
x3_2^1*x4_2^1*u4^1*v4^1,
x3_1^1*x4_2^1*u4^1*v4^1,
x3_2^1*x4_1^1*u4^1*v4^1,
x3_1^1*x4_1^1*u4^1*v4^1,
x2_0^1*x2_2^1*u4^1*v4^1,
x1_1^1*x2_2^1*u4^1*v4^1,
x2_0^1*x2_1^1*u4^1*v4^1,
x1_0^1*x4_0^1*x4_2^1*v4^1,
x1_0^1*x4_0^1*x4_1^1*v4^1,
x2_0^1*x2_2^1*x3_0^1*v4^1,
x1_2^1*x2_2^1*x3_0^1*v4^1,
x2_0^1*x2_1^1*x3_0^1*v4^1,
x1_2^1*x2_1^1*x3_0^1*v4^1,
x4_0^1*x4_1^1*u4^1*v0^1,
x2_0^1*x2_2^1*u4^1*v0^1,
x1_1^1*x2_2^1*u4^1*v0^1,
x2_0^1*x2_1^1*u4^1*v0^1,
x2_0^1*x2_2^1*x3_0^1*u5^1,
x2_0^1*x2_1^1*x3_0^1*u5^1,
x1_2^1*x2_1^1*x3_2^1*x4_1^1,
x1_1^1*x2_1^1*x3_2^1*x4_1^1,
x1_2^1*x2_1^1*x3_1^1*x4_1^1,
x2_0^1*x3_1^1*x4_2^1*u5^1*v5^1,
x1_2^1*x2_1^1*x3_2^1*x4_2^1*v5^1,
x1_1^1*x2_1^1*x3_2^1*x4_2^1*v5^1,
x2_0^1*x2_1^1*x4_0^1*x4_1^1*v5^1,
x1_1^1*x2_1^1*x4_0^1*x4_1^1*v5^1,
x1_2^1*x2_0^1*x4_0^1*x4_1^1*v5^1,
x1_1^1*x2_0^1*x4_0^1*x4_1^1*v5^1,
x1_1^1*x2_2^1*x3_1^1*x4_1^1*v5^1,
x2_0^1*x2_1^1*x3_1^1*x4_1^1*v5^1,
x1_1^1*x2_1^1*x3_1^1*x4_1^1*v5^1,
x1_2^1*x2_0^1*x3_1^1*x4_1^1*v5^1,
x1_1^1*x2_0^1*x3_1^1*x4_1^1*v5^1,
x2_0^1*x2_1^1*x3_2^1*x4_0^1*v5^1,
x1_2^1*x2_1^1*x3_2^1*x4_0^1*v5^1,
x1_1^1*x2_1^1*x3_2^1*x4_0^1*v5^1,
x1_2^1*x2_0^1*x3_2^1*x4_0^1*v5^1,
x1_1^1*x2_0^1*x3_2^1*x4_0^1*v5^1,
x1_2^1*x2_1^1*x3_2^1*x4_2^1*v4^1,
x1_1^1*x2_1^1*x3_2^1*x4_2^1*v4^1,
x1_1^1*x2_0^1*x3_2^1*x4_2^1*v4^1,
x1_1^1*x2_2^1*x3_1^1*x4_2^1*v4^1,
x1_2^1*x2_1^1*x3_1^1*x4_2^1*v4^1,
x1_1^1*x2_1^1*x3_1^1*x4_2^1*v4^1,
x1_2^1*x2_0^1*x3_1^1*x4_2^1*v4^1,
x1_1^1*x2_0^1*x3_1^1*x4_2^1*v4^1,
x1_1^1*x2_0^1*x4_0^1*x4_1^1*v4^1,
x1_1^1*x2_2^1*x3_2^1*x4_1^1*v4^1,
x1_2^1*x2_0^1*x3_2^1*x4_1^1*v4^1,
x1_1^1*x2_0^1*x3_2^1*x4_1^1*v4^1,
x1_1^1*x2_2^1*x3_1^1*x4_1^1*v4^1,
x1_1^1*x2_1^1*x3_1^1*x4_1^1*v4^1,
x1_2^1*x2_0^1*x3_1^1*x4_1^1*v4^1,
x1_1^1*x2_0^1*x3_1^1*x4_1^1*v4^1,
x1_2^1*x2_0^1*x4_0^1*x4_1^1*v0^1,
x1_2^1*x2_2^1*x4_0^1*x4_2^1*u5^1,
x1_1^1*x2_1^1*x4_0^1*x4_2^1*u5^1,
x1_2^1*x2_0^1*x4_0^1*x4_2^1*u5^1,
x1_2^1*x2_2^1*x3_2^1*x4_2^1*u5^1,
x1_1^1*x2_1^1*x3_2^1*x4_2^1*u5^1,
x1_2^1*x2_0^1*x3_2^1*x4_2^1*u5^1,
x1_2^1*x2_2^1*x3_1^1*x4_2^1*u5^1,
x1_1^1*x2_2^1*x3_1^1*x4_2^1*u5^1,
x1_1^1*x2_1^1*x3_1^1*x4_2^1*u5^1,
x1_2^1*x2_0^1*x3_1^1*x4_2^1*u5^1,
x1_2^1*x2_2^1*x4_0^1*x4_1^1*u5^1,
x2_0^1*x2_1^1*x4_0^1*x4_1^1*u5^1,
x1_1^1*x2_1^1*x4_0^1*x4_1^1*u5^1,
x1_2^1*x2_0^1*x4_0^1*x4_1^1*u5^1,
x1_2^1*x2_2^1*x3_2^1*x4_1^1*u5^1,
x1_1^1*x2_2^1*x3_2^1*x4_1^1*u5^1,
x1_2^1*x2_0^1*x3_2^1*x4_1^1*u5^1,
x2_0^1*x2_2^1*x3_1^1*x4_1^1*u5^1,
x1_2^1*x2_2^1*x3_1^1*x4_1^1*u5^1,
x1_1^1*x2_2^1*x3_1^1*x4_1^1*u5^1,
x2_0^1*x2_1^1*x3_1^1*x4_1^1*u5^1,
x1_1^1*x2_1^1*x3_1^1*x4_1^1*u5^1,
x1_2^1*x2_0^1*x3_1^1*x4_1^1*u5^1,
x2_0^1*x2_2^1*x3_2^1*x4_0^1*u5^1,
x1_2^1*x2_2^1*x3_2^1*x4_0^1*u5^1,
x1_1^1*x2_2^1*x3_2^1*x4_0^1*u5^1,
x2_0^1*x2_1^1*x3_2^1*x4_0^1*u5^1,
x1_1^1*x2_1^1*x3_2^1*x4_0^1*u5^1,
x1_2^1*x2_0^1*x3_2^1*x4_0^1*u5^1,
x2_0^1*x2_2^1*x3_1^1*x4_0^1*u5^1,
x1_2^1*x2_2^1*x3_1^1*x4_0^1*u5^1,
x2_0^1*x2_1^1*x3_1^1*x4_0^1*u5^1,
x1_1^1*x2_1^1*x3_1^1*x4_0^1*u5^1,
x1_2^1*x2_0^1*x3_1^1*x4_0^1*u5^1,
x1_1^1*x2_2^1*x3_2^1*x4_2^1*u4^1,
x2_0^1*x2_1^1*x3_2^1*x4_2^1*u4^1,
x1_1^1*x2_2^1*x3_1^1*x4_2^1*u4^1,
x2_0^1*x2_2^1*x3_2^1*x4_1^1*u4^1,
x1_1^1*x2_2^1*x3_2^1*x4_1^1*u4^1,
x2_0^1*x2_1^1*x3_2^1*x4_1^1*u4^1,
x1_1^1*x2_2^1*x3_1^1*x4_1^1*u4^1,
x1_1^1*x2_2^1*x3_2^1*x4_0^1*u4^1,
x2_0^1*x2_1^1*x3_2^1*x4_0^1*u4^1,
x2_0^1*x2_2^1*x4_0^1*x4_2^1*v0^1*v5^1,
x1_2^1*x2_2^1*x4_0^1*x4_2^1*v0^1*v5^1,
x2_0^1*x2_2^1*x4_0^1*x4_2^1*u5^1*v5^1,
x2_0^1*x2_2^1*x3_2^1*x4_2^1*u5^1*v5^1]:


------------------------------------------------------------------------------------
msolve overall time           3.89 sec (elapsed) /  3.85 sec (cpu)
------------------------------------------------------------------------------------
