Initial seed for pseudo-random number generator is 0

--------------- INPUT DATA ---------------
#variables                      24
#equations                      46
#invalid equations               0
field characteristic             2
homogeneous input?               0
signature-based computation      0
monomial order                 DRL
basis hash table resetting     OFF
linear algebra option            2
initial hash table size     131072 (2^17)
max pair selection             ALL
reduce gb                        1
#threads                         1
info level                       2
generate pbm files               0
------------------------------------------

Legend for f4 information
--------------------------------------------------------
deg       current degree of pairs selected in this round
sel       number of pairs selected in this round
pairs     total number of pairs in pair list
mat       matrix dimensions (# rows x # columns)
density   density of the matrix
new data  # new elements for basis in this round
          # zero reductions during linear algebra
time(rd)  time of the current f4 round in seconds given
          for real and cpu time
--------------------------------------------------------

deg     sel   pairs        mat          density            new data         time(rd) in sec (real|cpu)
------------------------------------------------------------------------------------------------------
  2       3      85       6 x 49         54.08%        3 new       0 zero         0.00 | 0.00         
  2       2     100       7 x 18         19.84%        1 new       1 zero         0.00 | 0.00         
  3      26     102     237 x 556         1.93%       21 new       5 zero         0.00 | 0.00         
  3       5     284     170 x 317         3.06%        5 new       0 zero         0.00 | 0.00         
  4     239     323    2433 x 4249        0.33%      151 new      88 zero         0.01 | 0.01         
  4     926    1712    7556 x 9718        0.30%      397 new     529 zero         0.11 | 0.11         
  2       1    4246       3 x 2          66.67%        0 new       1 zero         0.00 | 0.00         
  3      97    4245     600 x 948         1.97%       39 new      58 zero         0.01 | 0.01         
  3     229    2466     822 x 904         1.66%       15 new     216 zero         0.01 | 0.01         
  3      31    2174     700 x 1088        1.56%       25 new       6 zero         0.01 | 0.01         
  3      52    2125    1021 x 1641        0.98%        8 new      44 zero         0.00 | 0.00         
  4    1507    2223   11432 x 12333       0.27%      383 new    1146 zero         0.23 | 0.23         
  3     445    3407    1959 x 2146        0.86%       36 new     409 zero         0.03 | 0.03         
  3     270    2731    1636 x 1911        0.80%       35 new     237 zero         0.02 | 0.02         
  4    2068    3012   12820 x 11915       0.16%       47 new    2031 zero         0.07 | 0.07         
  4     431    1807    9612 x 10295       0.19%       35 new     397 zero         0.05 | 0.05         
  4     132    2033    9114 x 10119       0.18%        8 new     124 zero         0.03 | 0.03         
  4      44    2032    8682 x 9657        0.17%        2 new      42 zero         0.02 | 0.02         
  5    1745    2032   48772 x 48405       0.04%       23 new    1728 zero         0.18 | 0.18         
  5      64     721   32405 x 33700       0.06%       14 new      50 zero         0.07 | 0.07         
  6     965     965  143487 x 143870      0.01%       54 new     917 zero         0.82 | 0.82         
  6    1056    1188  143007 x 143251      0.02%        0 new    1056 zero         0.92 | 0.92         
  7     132     132  220954 x 222122      0.01%        0 new     132 zero         0.52 | 0.51         
------------------------------------------------------------------------------------------------------
reduce final basis     6123 x 7411        0.26%      401 new       0 zero         0.01 | 0.01         
------------------------------------------------------------------------------------------------------

---------------- TIMINGS ----------------
overall(elapsed)        3.12 sec
overall(cpu)            3.11 sec
select                  0.06 sec   2.0%
symbolic prep.          0.87 sec  27.8%
update                  0.43 sec  13.9%
convert                 0.15 sec   4.7%
linear algebra          1.56 sec  50.0%
reduce gb               0.00 sec   0.0%
-----------------------------------------

---------- COMPUTATIONAL DATA -----------
size of basis                   401
#terms in basis               51189
#pairs reduced                10470
#GM criterion                897408
#redundant elements             947
#rows reduced                 21439
#zero reductions               9217
max. matrix data             220954 x 222122 (0.008%)
max. symbolic hash table size  2^18
max. basis hash table size     2^19
-----------------------------------------

#Leading ideal data
#---
#field characteristic: 2
#variable order:       x1_0, x1_1, x1_2, x2_0, x2_1, x2_2, x3_0, x3_1, x3_2, x4_0, x4_1, x4_2, u0, u1, u2, u3, u4, u5, v0, v1, v2, v3, v4, v5
#monomial order:       graded reverse lexicographical
#length of basis:      401 elements sorted by increasing leading monomials
#---
[v3^1,
u3^1,
v5^2,
u1^1*v5^1,
u0^1*v5^1,
v4^2,
v1^1*v4^1,
u5^1*v4^1,
u2^1*v4^1,
u1^1*v4^1,
u0^1*v4^1,
v2^2,
v1^1*v2^1,
v0^1*v2^1,
u5^1*v2^1,
u4^1*v2^1,
u2^1*v2^1,
u1^1*v2^1,
u0^1*v2^1,
x3_0^1*v2^1,
v1^2,
v0^1*v1^1,
u5^1*v1^1,
u4^1*v1^1,
u2^1*v1^1,
u1^1*v1^1,
u0^1*v1^1,
x3_1^1*v1^1,
x3_0^1*v1^1,
x1_0^1*v1^1,
v0^2,
u4^1*v0^1,
u2^1*v0^1,
u1^1*v0^1,
u0^1*v0^1,
x3_0^1*v0^1,
x1_0^1*v0^1,
u5^2,
u4^1*u5^1,
u2^1*u5^1,
u1^1*u5^1,
u0^1*u5^1,
u4^2,
u2^1*u4^1,
u1^1*u4^1,
u0^1*u4^1,
u2^2,
u1^1*u2^1,
u0^1*u2^1,
x4_0^1*u2^1,
x3_1^1*u2^1,
x3_0^1*u2^1,
x2_0^1*u2^1,
x1_2^1*u2^1,
x1_1^1*u2^1,
x1_0^1*u2^1,
u1^2,
u0^1*u1^1,
x4_0^1*u1^1,
x3_2^1*u1^1,
x3_0^1*u1^1,
x2_0^1*u1^1,
x1_2^1*u1^1,
x1_1^1*u1^1,
x1_0^1*u1^1,
u0^2,
x4_2^1*u0^1,
x4_1^1*u0^1,
x4_0^1*u0^1,
x3_2^1*u0^1,
x3_1^1*u0^1,
x3_0^1*u0^1,
x2_2^1*u0^1,
x2_1^1*u0^1,
x2_0^1*u0^1,
x1_2^1*u0^1,
x1_1^1*u0^1,
x1_0^1*u0^1,
x4_2^2,
x4_1^1*x4_2^1,
x3_0^1*x4_2^1,
x4_1^2,
x3_0^1*x4_1^1,
x4_0^2,
x3_0^1*x4_0^1,
x3_2^2,
x3_1^1*x3_2^1,
x3_0^1*x3_2^1,
x3_1^2,
x3_0^1*x3_1^1,
x3_0^2,
x2_2^2,
x2_1^1*x2_2^1,
x1_0^1*x2_2^1,
x2_1^2,
x1_0^1*x2_1^1,
x2_0^2,
x1_0^1*x2_0^1,
x1_2^2,
x1_1^1*x1_2^1,
x1_0^1*x1_2^1,
x1_1^2,
x1_0^1*x1_1^1,
x1_0^2,
v2^1*v4^1*v5^1,
v0^1*v4^1*v5^1,
u4^1*v4^1*v5^1,
x3_0^1*v4^1*v5^1,
x1_0^1*v4^1*v5^1,
x4_0^1*v2^1*v5^1,
x3_1^1*v2^1*v5^1,
x1_1^1*v2^1*v5^1,
x1_0^1*v2^1*v5^1,
x4_0^1*v1^1*v5^1,
x3_2^1*v1^1*v5^1,
x2_0^1*v1^1*v5^1,
x1_2^1*v1^1*v5^1,
x1_1^1*v1^1*v5^1,
u5^1*v0^1*v5^1,
x3_0^1*u5^1*v5^1,
x1_0^1*u5^1*v5^1,
x4_0^1*u4^1*v5^1,
x3_2^1*u4^1*v5^1,
x3_1^1*u4^1*v5^1,
x3_0^1*u4^1*v5^1,
x2_0^1*u4^1*v5^1,
x1_2^1*u4^1*v5^1,
x1_1^1*u4^1*v5^1,
x1_0^1*u4^1*v5^1,
x3_2^1*u2^1*v5^1,
x2_2^1*u2^1*v5^1,
x3_1^1*x4_0^1*v5^1,
x4_0^1*v2^1*v4^1,
x3_2^1*v2^1*v4^1,
x3_1^1*v2^1*v4^1,
x2_0^1*v2^1*v4^1,
x1_2^1*v2^1*v4^1,
x1_1^1*v2^1*v4^1,
x1_0^1*v2^1*v4^1,
x3_0^1*u4^1*v4^1,
x1_0^1*u4^1*v4^1,
x3_2^1*x4_0^1*v4^1,
x3_1^1*x4_0^1*v4^1,
x1_0^1*x3_2^1*v4^1,
x1_0^1*x3_0^1*v4^1,
x4_0^1*x4_2^1*v2^1,
x3_2^1*x4_2^1*v2^1,
x3_1^1*x4_2^1*v2^1,
x4_0^1*x4_1^1*v2^1,
x3_2^1*x4_1^1*v2^1,
x3_1^1*x4_1^1*v2^1,
x3_2^1*x4_0^1*v2^1,
x3_1^1*x4_0^1*v2^1,
x1_2^1*x4_0^1*v2^1,
x1_0^1*x4_0^1*v2^1,
x1_2^1*x3_2^1*v2^1,
x1_1^1*x3_2^1*v2^1,
x1_0^1*x3_2^1*v2^1,
x1_1^1*x3_1^1*v2^1,
x1_0^1*x3_1^1*v2^1,
x2_0^1*x2_2^1*v2^1,
x1_2^1*x2_2^1*v2^1,
x1_1^1*x2_2^1*v2^1,
x2_0^1*x2_1^1*v2^1,
x1_2^1*x2_1^1*v2^1,
x1_1^1*x2_1^1*v2^1,
x1_2^1*x2_0^1*v2^1,
x1_1^1*x2_0^1*v2^1,
x4_0^1*x4_2^1*v1^1,
x3_2^1*x4_2^1*v1^1,
x4_0^1*x4_1^1*v1^1,
x3_2^1*x4_1^1*v1^1,
x2_0^1*x4_1^1*v1^1,
x1_1^1*x4_1^1*v1^1,
x3_2^1*x4_0^1*v1^1,
x2_0^1*x4_0^1*v1^1,
x1_2^1*x4_0^1*v1^1,
x1_1^1*x4_0^1*v1^1,
x2_0^1*x3_2^1*v1^1,
x1_2^1*x3_2^1*v1^1,
x1_1^1*x3_2^1*v1^1,
x2_0^1*x2_2^1*v1^1,
x1_2^1*x2_2^1*v1^1,
x1_1^1*x2_2^1*v1^1,
x2_0^1*x2_1^1*v1^1,
x1_2^1*x2_1^1*v1^1,
x1_1^1*x2_1^1*v1^1,
x1_2^1*x2_0^1*v1^1,
x1_1^1*x2_0^1*v1^1,
x3_2^1*x4_2^1*v0^1,
x3_1^1*x4_2^1*v0^1,
x3_2^1*x4_1^1*v0^1,
x3_1^1*x4_1^1*v0^1,
x3_2^1*x4_0^1*v0^1,
x3_1^1*x4_0^1*v0^1,
x1_2^1*x2_1^1*v0^1,
x1_1^1*x2_1^1*v0^1,
x1_2^1*x2_0^1*v0^1,
x1_0^1*x3_2^1*u5^1,
x1_0^1*x3_1^1*u5^1,
x1_2^1*x3_0^1*u5^1,
x1_1^1*x3_0^1*u5^1,
x1_0^1*x3_0^1*u5^1,
x1_2^1*x2_1^1*u5^1,
x1_1^1*x2_0^1*u5^1,
x1_0^1*x4_1^1*u4^1,
x3_1^1*x4_0^1*u4^1,
x1_0^1*x4_0^1*u4^1,
x1_0^1*x3_2^1*u4^1,
x1_0^1*x3_1^1*u4^1,
x2_1^1*x3_0^1*u4^1,
x2_0^1*x3_0^1*u4^1,
x1_2^1*x3_0^1*u4^1,
x1_1^1*x3_0^1*u4^1,
x1_0^1*x3_0^1*u4^1,
x1_2^1*x2_2^1*u4^1,
x1_2^1*x2_1^1*u4^1,
x1_1^1*x2_1^1*u4^1,
x1_2^1*x2_0^1*u4^1,
x1_1^1*x2_0^1*u4^1,
x3_2^1*x4_2^1*u2^1,
x2_2^1*x4_2^1*u2^1,
x3_2^1*x4_1^1*u2^1,
x2_2^1*x4_1^1*u2^1,
x2_2^1*x3_2^1*u2^1,
x3_1^1*x4_2^1*u1^1,
x2_1^1*x4_2^1*u1^1,
x3_1^1*x4_1^1*u1^1,
x2_1^1*x4_1^1*u1^1,
x2_1^1*x3_1^1*u1^1,
x3_2^1*x4_0^1*x4_2^1,
x3_1^1*x4_0^1*x4_2^1,
x1_0^1*x3_2^1*x4_2^1,
x3_2^1*x4_0^1*x4_1^1,
x3_1^1*x4_0^1*x4_1^1,
x1_0^1*x3_2^1*x4_1^1,
x1_0^1*x3_2^1*x4_0^1,
x1_0^1*x3_1^1*x4_0^1,
x1_2^1*x2_2^1*x3_0^1,
x1_2^1*x2_1^1*x3_0^1,
x1_2^1*x2_0^1*x3_0^1,
x1_1^1*x2_0^1*x3_0^1,
x1_2^1*x2_0^1*x2_2^1,
x1_1^1*x2_0^1*x2_2^1,
x1_2^1*x2_0^1*x2_1^1,
x1_1^1*x2_0^1*x2_1^1,
x4_0^1*x4_2^1*v4^1*v5^1,
x3_2^1*x4_2^1*v4^1*v5^1,
x3_1^1*x4_2^1*v4^1*v5^1,
x4_0^1*x4_1^1*v4^1*v5^1,
x3_2^1*x4_1^1*v4^1*v5^1,
x3_1^1*x4_1^1*v4^1*v5^1,
x1_2^1*x2_2^1*v4^1*v5^1,
x2_0^1*x2_1^1*v4^1*v5^1,
x1_2^1*x2_1^1*v4^1*v5^1,
x1_1^1*x2_1^1*v4^1*v5^1,
x1_2^1*x2_0^1*v4^1*v5^1,
x1_1^1*x2_0^1*v4^1*v5^1,
x1_2^1*x4_2^1*v2^1*v5^1,
x1_2^1*x4_1^1*v2^1*v5^1,
x2_2^1*x3_2^1*v2^1*v5^1,
x2_1^1*x3_2^1*v2^1*v5^1,
x2_0^1*x3_2^1*v2^1*v5^1,
x4_0^1*x4_1^1*v0^1*v5^1,
x1_1^1*x2_2^1*v0^1*v5^1,
x1_1^1*x2_0^1*v0^1*v5^1,
x3_1^1*x4_2^1*u5^1*v5^1,
x3_2^1*x4_1^1*u5^1*v5^1,
x3_1^1*x4_1^1*u5^1*v5^1,
x3_2^1*x4_0^1*u5^1*v5^1,
x2_0^1*x2_2^1*u5^1*v5^1,
x1_2^1*x2_2^1*u5^1*v5^1,
x1_1^1*x2_2^1*u5^1*v5^1,
x1_1^1*x2_1^1*u5^1*v5^1,
x1_2^1*x2_0^1*u5^1*v5^1,
x1_0^1*x4_0^1*x4_2^1*v5^1,
x1_0^1*x3_1^1*x4_2^1*v5^1,
x1_0^1*x4_0^1*x4_1^1*v5^1,
x1_0^1*x3_1^1*x4_1^1*v5^1,
x2_0^1*x2_2^1*x3_0^1*v5^1,
x1_1^1*x2_2^1*x3_0^1*v5^1,
x2_0^1*x2_1^1*x3_0^1*v5^1,
x1_1^1*x2_1^1*x3_0^1*v5^1,
x4_0^1*x4_2^1*v0^1*v4^1,
x4_0^1*x4_1^1*v0^1*v4^1,
x2_0^1*x2_2^1*v0^1*v4^1,
x1_2^1*x2_2^1*v0^1*v4^1,
x1_1^1*x2_2^1*v0^1*v4^1,
x2_0^1*x2_1^1*v0^1*v4^1,
x1_1^1*x2_0^1*v0^1*v4^1,
x3_2^1*x4_2^1*u4^1*v4^1,
x3_1^1*x4_2^1*u4^1*v4^1,
x4_0^1*x4_1^1*u4^1*v4^1,
x3_2^1*x4_1^1*u4^1*v4^1,
x3_1^1*x4_1^1*u4^1*v4^1,
x2_0^1*x2_2^1*u4^1*v4^1,
x1_1^1*x2_2^1*u4^1*v4^1,
x2_0^1*x2_1^1*u4^1*v4^1,
x1_0^1*x4_0^1*x4_2^1*v4^1,
x1_0^1*x3_1^1*x4_2^1*v4^1,
x1_0^1*x4_0^1*x4_1^1*v4^1,
x1_0^1*x3_1^1*x4_1^1*v4^1,
x2_0^1*x2_2^1*x3_0^1*v4^1,
x1_1^1*x2_2^1*x3_0^1*v4^1,
x2_0^1*x2_1^1*x3_0^1*v4^1,
x1_1^1*x2_1^1*x3_0^1*v4^1,
x4_0^1*x4_1^1*u5^1*v0^1,
x2_0^1*x2_2^1*u5^1*v0^1,
x1_2^1*x2_2^1*u5^1*v0^1,
x1_1^1*x2_2^1*u5^1*v0^1,
x2_0^1*x2_1^1*u5^1*v0^1,
x1_0^1*x4_0^1*x4_2^1*u5^1,
x1_0^1*x4_0^1*x4_1^1*u5^1,
x2_0^1*x2_2^1*x3_0^1*u5^1,
x2_0^1*x2_1^1*x3_0^1*u5^1,
x1_2^1*x2_1^1*x3_2^1*x4_1^1,
x1_1^1*x2_1^1*x3_2^1*x4_1^1,
x1_2^1*x2_1^1*x3_1^1*x4_1^1,
x1_2^1*x2_1^1*x3_2^1*x4_2^1*v5^1,
x1_1^1*x2_1^1*x3_2^1*x4_2^1*v5^1,
x1_2^1*x2_0^1*x4_0^1*x4_1^1*v5^1,
x1_1^1*x2_0^1*x3_2^1*x4_1^1*v5^1,
x1_1^1*x2_1^1*x3_1^1*x4_1^1*v5^1,
x1_2^1*x2_0^1*x3_1^1*x4_1^1*v5^1,
x1_1^1*x2_0^1*x3_1^1*x4_1^1*v5^1,
x1_2^1*x2_0^1*x3_2^1*x4_0^1*v5^1,
x1_1^1*x2_0^1*x3_2^1*x4_0^1*v5^1,
x2_0^1*x4_0^1*x4_2^1*u4^1*v4^1,
x1_2^1*x2_1^1*x3_2^1*x4_2^1*v4^1,
x1_1^1*x2_1^1*x3_2^1*x4_2^1*v4^1,
x1_2^1*x2_0^1*x3_2^1*x4_2^1*v4^1,
x1_1^1*x2_0^1*x3_2^1*x4_2^1*v4^1,
x2_0^1*x2_2^1*x3_1^1*x4_2^1*v4^1,
x1_2^1*x2_2^1*x3_1^1*x4_2^1*v4^1,
x1_1^1*x2_2^1*x3_1^1*x4_2^1*v4^1,
x1_2^1*x2_1^1*x3_1^1*x4_2^1*v4^1,
x1_1^1*x2_1^1*x3_1^1*x4_2^1*v4^1,
x1_2^1*x2_0^1*x3_1^1*x4_2^1*v4^1,
x1_1^1*x2_0^1*x3_1^1*x4_2^1*v4^1,
x1_1^1*x2_0^1*x4_0^1*x4_1^1*v4^1,
x2_0^1*x2_2^1*x3_2^1*x4_1^1*v4^1,
x1_2^1*x2_2^1*x3_2^1*x4_1^1*v4^1,
x1_1^1*x2_2^1*x3_2^1*x4_1^1*v4^1,
x1_2^1*x2_0^1*x3_2^1*x4_1^1*v4^1,
x1_1^1*x2_0^1*x3_2^1*x4_1^1*v4^1,
x2_0^1*x2_2^1*x3_1^1*x4_1^1*v4^1,
x1_2^1*x2_2^1*x3_1^1*x4_1^1*v4^1,
x1_1^1*x2_2^1*x3_1^1*x4_1^1*v4^1,
x1_1^1*x2_1^1*x3_1^1*x4_1^1*v4^1,
x1_2^1*x2_0^1*x3_1^1*x4_1^1*v4^1,
x1_1^1*x2_0^1*x3_1^1*x4_1^1*v4^1,
x1_1^1*x2_0^1*x4_0^1*x4_1^1*v0^1,
x1_2^1*x2_2^1*x4_0^1*x4_2^1*u5^1,
x1_1^1*x2_1^1*x4_0^1*x4_2^1*u5^1,
x1_2^1*x2_0^1*x4_0^1*x4_2^1*u5^1,
x1_2^1*x2_2^1*x3_2^1*x4_2^1*u5^1,
x1_1^1*x2_1^1*x3_2^1*x4_2^1*u5^1,
x1_2^1*x2_0^1*x3_2^1*x4_2^1*u5^1,
x1_2^1*x2_2^1*x3_1^1*x4_2^1*u5^1,
x1_1^1*x2_1^1*x3_1^1*x4_2^1*u5^1,
x1_2^1*x2_0^1*x3_1^1*x4_2^1*u5^1,
x1_2^1*x2_2^1*x4_0^1*x4_1^1*u5^1,
x1_1^1*x2_1^1*x4_0^1*x4_1^1*u5^1,
x1_2^1*x2_0^1*x4_0^1*x4_1^1*u5^1,
x1_2^1*x2_2^1*x3_2^1*x4_1^1*u5^1,
x1_1^1*x2_2^1*x3_2^1*x4_1^1*u5^1,
x1_2^1*x2_0^1*x3_2^1*x4_1^1*u5^1,
x2_0^1*x2_2^1*x3_1^1*x4_1^1*u5^1,
x1_2^1*x2_2^1*x3_1^1*x4_1^1*u5^1,
x1_1^1*x2_2^1*x3_1^1*x4_1^1*u5^1,
x2_0^1*x2_1^1*x3_1^1*x4_1^1*u5^1,
x1_1^1*x2_1^1*x3_1^1*x4_1^1*u5^1,
x1_2^1*x2_0^1*x3_1^1*x4_1^1*u5^1,
x1_2^1*x2_2^1*x3_2^1*x4_0^1*u5^1,
x2_0^1*x2_1^1*x3_2^1*x4_0^1*u5^1,
x1_1^1*x2_1^1*x3_2^1*x4_0^1*u5^1,
x1_2^1*x2_0^1*x3_2^1*x4_0^1*u5^1,
x2_0^1*x2_2^1*x3_1^1*x4_0^1*u5^1,
x1_2^1*x2_2^1*x3_1^1*x4_0^1*u5^1,
x1_1^1*x2_2^1*x3_1^1*x4_0^1*u5^1,
x2_0^1*x2_1^1*x3_1^1*x4_0^1*u5^1,
x1_1^1*x2_1^1*x3_1^1*x4_0^1*u5^1,
x1_2^1*x2_0^1*x3_1^1*x4_0^1*u5^1,
x1_1^1*x2_2^1*x3_2^1*x4_2^1*u4^1,
x2_0^1*x2_2^1*x3_1^1*x4_2^1*u4^1,
x1_1^1*x2_2^1*x3_1^1*x4_2^1*u4^1,
x2_0^1*x2_1^1*x3_1^1*x4_2^1*u4^1,
x1_1^1*x2_2^1*x4_0^1*x4_1^1*u4^1,
x1_1^1*x2_2^1*x3_2^1*x4_1^1*u4^1,
x2_0^1*x2_2^1*x3_1^1*x4_1^1*u4^1,
x1_1^1*x2_2^1*x3_1^1*x4_1^1*u4^1,
x2_0^1*x2_1^1*x3_1^1*x4_1^1*u4^1,
x2_0^1*x2_2^1*x3_2^1*x4_0^1*u4^1,
x1_1^1*x2_2^1*x3_2^1*x4_0^1*u4^1,
x2_0^1*x2_1^1*x3_2^1*x4_0^1*u4^1,
x2_0^1*x2_2^1*x4_0^1*x4_2^1*v0^1*v5^1,
x1_2^1*x2_2^1*x4_0^1*x4_2^1*v0^1*v5^1,
x2_0^1*x2_1^1*x4_0^1*x4_2^1*v0^1*v5^1,
x2_0^1*x2_1^1*x4_0^1*x4_2^1*u5^1*v5^1,
x2_0^1*x2_1^1*x3_2^1*x4_2^1*u5^1*v5^1,
x2_0^1*x2_1^1*x4_0^1*x4_1^1*u5^1*v5^1]:


------------------------------------------------------------------------------------
msolve overall time           3.13 sec (elapsed) /  3.12 sec (cpu)
------------------------------------------------------------------------------------
