Initial seed for pseudo-random number generator is 0

--------------- INPUT DATA ---------------
#variables                      24
#equations                      46
#invalid equations               0
field characteristic             2
homogeneous input?               0
signature-based computation      0
monomial order                 DRL
basis hash table resetting     OFF
linear algebra option            2
initial hash table size     131072 (2^17)
max pair selection             ALL
reduce gb                        1
#threads                         1
info level                       2
generate pbm files               0
------------------------------------------

Legend for f4 information
--------------------------------------------------------
deg       current degree of pairs selected in this round
sel       number of pairs selected in this round
pairs     total number of pairs in pair list
mat       matrix dimensions (# rows x # columns)
density   density of the matrix
new data  # new elements for basis in this round
          # zero reductions during linear algebra
time(rd)  time of the current f4 round in seconds given
          for real and cpu time
--------------------------------------------------------

deg     sel   pairs        mat          density            new data         time(rd) in sec (real|cpu)
------------------------------------------------------------------------------------------------------
  2       3      85       6 x 49         59.86%        3 new       0 zero         0.00 | 0.00         
  2       2     100       7 x 20         20.71%        1 new       1 zero         0.00 | 0.00         
  3      26     102     237 x 556         1.76%       21 new       5 zero         0.00 | 0.00         
  3       5     284     147 x 296         3.57%        5 new       0 zero         0.00 | 0.00         
  4     240     323    2424 x 4240        0.32%      152 new      88 zero         0.01 | 0.01         
  4     926    1718    7534 x 9694        0.30%      398 new     528 zero         0.12 | 0.12         
  2       1    4286       3 x 2          66.67%        0 new       1 zero         0.00 | 0.00         
  3      96    4285     590 x 926         1.93%       37 new      59 zero         0.01 | 0.01         
  3     228    2384     810 x 892         1.63%       14 new     216 zero         0.01 | 0.01         
  3      30    2173     618 x 1004        1.62%       24 new       6 zero         0.01 | 0.01         
  3      25    2172     904 x 1484        1.05%        7 new      18 zero         0.00 | 0.00         
  4    1541    2257   11369 x 12265       0.27%      391 new    1174 zero         0.26 | 0.26         
  2      16    3380      99 x 205         5.40%        8 new       8 zero         0.01 | 0.01         
  3     464    3073    2002 x 2092        0.85%       38 new     426 zero         0.03 | 0.03         
  3      76    2823    1073 x 1454        0.93%        8 new      68 zero         0.01 | 0.01         
  4    1971    2874   12968 x 12151       0.16%       70 new    1919 zero         0.10 | 0.09         
  4     797    2091   10633 x 10987       0.19%       24 new     774 zero         0.05 | 0.05         
  4      84    1742    8898 x 9944        0.18%        4 new      80 zero         0.02 | 0.02         
  5    1477    1742   43584 x 43475       0.05%       17 new    1465 zero         0.17 | 0.17         
  5      75     609   16862 x 17923       0.09%        0 new      75 zero         0.03 | 0.03         
  6     534     534  134730 x 135567      0.02%       71 new     463 zero         0.57 | 0.57         
  6    1470    1491  148120 x 147950      0.02%        0 new    1470 zero         1.41 | 1.40         
  7      21      21  205799 x 207078      0.01%        0 new      21 zero         0.41 | 0.40         
------------------------------------------------------------------------------------------------------
reduce final basis     1957 x 3218        0.98%      400 new       0 zero         0.01 | 0.01         
------------------------------------------------------------------------------------------------------

---------------- TIMINGS ----------------
overall(elapsed)        3.22 sec
overall(cpu)            3.21 sec
select                  0.06 sec   1.8%
symbolic prep.          0.91 sec  28.2%
update                  0.47 sec  14.5%
convert                 0.14 sec   4.3%
linear algebra          1.60 sec  49.7%
reduce gb               0.00 sec   0.0%
-----------------------------------------

---------- COMPUTATIONAL DATA -----------
size of basis                   400
#terms in basis               43988
#pairs reduced                10108
#GM criterion                885683
#redundant elements             939
#rows reduced                 20716
#zero reductions               8865
max. matrix data             205799 x 207078 (0.009%)
max. symbolic hash table size  2^18
max. basis hash table size     2^19
-----------------------------------------

#Leading ideal data
#---
#field characteristic: 2
#variable order:       x1_0, x1_1, x1_2, x2_0, x2_1, x2_2, x3_0, x3_1, x3_2, x4_0, x4_1, x4_2, u0, u1, u2, u3, u4, u5, v0, v1, v2, v3, v4, v5
#monomial order:       graded reverse lexicographical
#length of basis:      400 elements sorted by increasing leading monomials
#---
[v3^1,
u3^1,
u0^1,
v5^2,
u1^1*v5^1,
v4^2,
u2^1*v4^1,
u1^1*v4^1,
v2^2,
v1^1*v2^1,
v0^1*v2^1,
u5^1*v2^1,
u4^1*v2^1,
u2^1*v2^1,
u1^1*v2^1,
x3_0^1*v2^1,
v1^2,
v0^1*v1^1,
u5^1*v1^1,
u4^1*v1^1,
u2^1*v1^1,
u1^1*v1^1,
x3_1^1*v1^1,
x3_0^1*v1^1,
x1_0^1*v1^1,
v0^2,
u5^1*v0^1,
u4^1*v0^1,
u2^1*v0^1,
u1^1*v0^1,
x3_0^1*v0^1,
x1_0^1*v0^1,
u5^2,
u4^1*u5^1,
u2^1*u5^1,
u1^1*u5^1,
u4^2,
u2^1*u4^1,
u1^1*u4^1,
u2^2,
u1^1*u2^1,
x3_0^1*u2^1,
x1_2^1*u2^1,
x1_1^1*u2^1,
x1_0^1*u2^1,
u1^2,
x4_2^1*u1^1,
x4_0^1*u1^1,
x3_2^1*u1^1,
x3_1^1*u1^1,
x3_0^1*u1^1,
x2_2^1*u1^1,
x2_0^1*u1^1,
x1_2^1*u1^1,
x1_1^1*u1^1,
x1_0^1*u1^1,
x4_2^2,
x4_1^1*x4_2^1,
x3_0^1*x4_2^1,
x4_1^2,
x3_0^1*x4_1^1,
x4_0^2,
x3_0^1*x4_0^1,
x3_2^2,
x3_1^1*x3_2^1,
x3_0^1*x3_2^1,
x3_1^2,
x3_0^1*x3_1^1,
x3_0^2,
x2_2^2,
x2_1^1*x2_2^1,
x1_0^1*x2_2^1,
x2_1^2,
x1_0^1*x2_1^1,
x2_0^2,
x1_0^1*x2_0^1,
x1_2^2,
x1_1^1*x1_2^1,
x1_0^1*x1_2^1,
x1_1^2,
x1_0^1*x1_1^1,
x1_0^2,
v2^1*v4^1*v5^1,
v1^1*v4^1*v5^1,
v0^1*v4^1*v5^1,
u5^1*v4^1*v5^1,
u4^1*v4^1*v5^1,
x3_0^1*v4^1*v5^1,
x1_0^1*v4^1*v5^1,
x4_0^1*v2^1*v5^1,
x3_1^1*v2^1*v5^1,
x2_0^1*v2^1*v5^1,
x1_2^1*v2^1*v5^1,
x1_0^1*v2^1*v5^1,
x4_0^1*v1^1*v5^1,
x3_2^1*v1^1*v5^1,
x1_2^1*v1^1*v5^1,
x1_1^1*v1^1*v5^1,
x3_0^1*u5^1*v5^1,
x1_0^1*u5^1*v5^1,
x3_0^1*u4^1*v5^1,
x1_0^1*u4^1*v5^1,
x4_0^1*u2^1*v5^1,
x3_2^1*u2^1*v5^1,
x3_1^1*u2^1*v5^1,
x2_2^1*u2^1*v5^1,
x2_0^1*u2^1*v5^1,
x3_1^1*x4_0^1*v5^1,
x1_1^1*x3_0^1*v5^1,
x1_0^1*x3_0^1*v5^1,
x4_0^1*v2^1*v4^1,
x3_2^1*v2^1*v4^1,
x3_1^1*v2^1*v4^1,
x1_2^1*v2^1*v4^1,
x1_1^1*v2^1*v4^1,
x1_0^1*v2^1*v4^1,
x4_2^1*v1^1*v4^1,
x4_1^1*v1^1*v4^1,
x4_0^1*v1^1*v4^1,
x3_2^1*v1^1*v4^1,
x2_2^1*v1^1*v4^1,
x2_1^1*v1^1*v4^1,
x2_0^1*v1^1*v4^1,
x1_2^1*v1^1*v4^1,
x1_1^1*v1^1*v4^1,
x4_0^1*u5^1*v4^1,
x3_2^1*u5^1*v4^1,
x3_1^1*u5^1*v4^1,
x3_0^1*u5^1*v4^1,
x2_1^1*u5^1*v4^1,
x2_0^1*u5^1*v4^1,
x1_2^1*u5^1*v4^1,
x1_1^1*u5^1*v4^1,
x1_0^1*u5^1*v4^1,
x3_0^1*u4^1*v4^1,
x1_0^1*u4^1*v4^1,
x3_2^1*x4_0^1*v4^1,
x3_1^1*x4_0^1*v4^1,
x1_0^1*x3_0^1*v4^1,
x4_0^1*x4_2^1*v2^1,
x3_2^1*x4_2^1*v2^1,
x3_1^1*x4_2^1*v2^1,
x4_0^1*x4_1^1*v2^1,
x3_2^1*x4_1^1*v2^1,
x3_1^1*x4_1^1*v2^1,
x3_2^1*x4_0^1*v2^1,
x3_1^1*x4_0^1*v2^1,
x2_0^1*x4_0^1*v2^1,
x1_2^1*x4_0^1*v2^1,
x1_1^1*x4_0^1*v2^1,
x1_0^1*x4_0^1*v2^1,
x2_0^1*x3_2^1*v2^1,
x1_2^1*x3_2^1*v2^1,
x1_1^1*x3_2^1*v2^1,
x1_0^1*x3_2^1*v2^1,
x1_2^1*x3_1^1*v2^1,
x1_0^1*x3_1^1*v2^1,
x2_0^1*x2_2^1*v2^1,
x1_2^1*x2_2^1*v2^1,
x1_1^1*x2_2^1*v2^1,
x2_0^1*x2_1^1*v2^1,
x1_2^1*x2_1^1*v2^1,
x1_1^1*x2_1^1*v2^1,
x1_2^1*x2_0^1*v2^1,
x1_1^1*x2_0^1*v2^1,
x4_0^1*x4_2^1*v1^1,
x3_2^1*x4_2^1*v1^1,
x4_0^1*x4_1^1*v1^1,
x3_2^1*x4_1^1*v1^1,
x3_2^1*x4_0^1*v1^1,
x2_0^1*x4_0^1*v1^1,
x1_2^1*x4_0^1*v1^1,
x1_1^1*x4_0^1*v1^1,
x1_1^1*x3_2^1*v1^1,
x2_0^1*x2_2^1*v1^1,
x1_2^1*x2_2^1*v1^1,
x1_1^1*x2_2^1*v1^1,
x2_0^1*x2_1^1*v1^1,
x1_2^1*x2_1^1*v1^1,
x1_1^1*x2_1^1*v1^1,
x1_2^1*x2_0^1*v1^1,
x1_1^1*x2_0^1*v1^1,
x3_2^1*x4_2^1*v0^1,
x3_1^1*x4_2^1*v0^1,
x3_2^1*x4_1^1*v0^1,
x3_1^1*x4_1^1*v0^1,
x3_2^1*x4_0^1*v0^1,
x3_1^1*x4_0^1*v0^1,
x1_2^1*x2_1^1*v0^1,
x1_1^1*x2_1^1*v0^1,
x1_0^1*x4_0^1*u5^1,
x1_0^1*x3_2^1*u5^1,
x1_0^1*x3_1^1*u5^1,
x1_2^1*x3_0^1*u5^1,
x1_1^1*x3_0^1*u5^1,
x1_0^1*x3_0^1*u5^1,
x1_2^1*x2_1^1*u5^1,
x1_2^1*x2_0^1*u5^1,
x1_1^1*x2_0^1*u5^1,
x3_2^1*x4_0^1*u4^1,
x1_0^1*x4_0^1*u4^1,
x1_0^1*x3_2^1*u4^1,
x1_0^1*x3_1^1*u4^1,
x2_0^1*x3_0^1*u4^1,
x1_2^1*x3_0^1*u4^1,
x1_1^1*x3_0^1*u4^1,
x1_0^1*x3_0^1*u4^1,
x1_2^1*x2_2^1*u4^1,
x1_2^1*x2_1^1*u4^1,
x1_1^1*x2_1^1*u4^1,
x1_2^1*x2_0^1*u4^1,
x1_1^1*x2_0^1*u4^1,
x4_0^1*x4_2^1*u2^1,
x3_2^1*x4_2^1*u2^1,
x3_1^1*x4_2^1*u2^1,
x2_0^1*x4_2^1*u2^1,
x4_0^1*x4_1^1*u2^1,
x3_2^1*x4_1^1*u2^1,
x3_1^1*x4_1^1*u2^1,
x2_0^1*x4_1^1*u2^1,
x3_2^1*x4_0^1*u2^1,
x3_1^1*x4_0^1*u2^1,
x2_2^1*x4_0^1*u2^1,
x2_1^1*x4_0^1*u2^1,
x2_0^1*x4_0^1*u2^1,
x2_2^1*x3_2^1*u2^1,
x2_0^1*x3_2^1*u2^1,
x2_2^1*x3_1^1*u2^1,
x2_1^1*x3_1^1*u2^1,
x2_0^1*x3_1^1*u2^1,
x2_0^1*x2_2^1*u2^1,
x2_0^1*x2_1^1*u2^1,
x2_1^1*x4_1^1*u1^1,
x3_2^1*x4_0^1*x4_2^1,
x3_1^1*x4_0^1*x4_2^1,
x1_0^1*x3_2^1*x4_2^1,
x3_2^1*x4_0^1*x4_1^1,
x3_1^1*x4_0^1*x4_1^1,
x1_0^1*x3_2^1*x4_1^1,
x1_0^1*x3_1^1*x4_1^1,
x1_0^1*x3_1^1*x4_0^1,
x1_2^1*x2_2^1*x3_0^1,
x1_2^1*x2_1^1*x3_0^1,
x1_1^1*x2_1^1*x3_0^1,
x1_1^1*x2_0^1*x3_0^1,
x1_2^1*x2_0^1*x2_2^1,
x1_1^1*x2_0^1*x2_2^1,
x1_2^1*x2_0^1*x2_1^1,
x1_1^1*x2_0^1*x2_1^1,
x4_0^1*x4_2^1*v4^1*v5^1,
x3_2^1*x4_2^1*v4^1*v5^1,
x3_1^1*x4_2^1*v4^1*v5^1,
x4_0^1*x4_1^1*v4^1*v5^1,
x3_2^1*x4_1^1*v4^1*v5^1,
x3_1^1*x4_1^1*v4^1*v5^1,
x1_2^1*x2_2^1*v4^1*v5^1,
x1_1^1*x2_2^1*v4^1*v5^1,
x1_2^1*x2_1^1*v4^1*v5^1,
x1_1^1*x2_1^1*v4^1*v5^1,
x1_2^1*x2_0^1*v4^1*v5^1,
x1_1^1*x2_0^1*v4^1*v5^1,
x1_1^1*x4_2^1*v2^1*v5^1,
x1_1^1*x4_1^1*v2^1*v5^1,
x2_2^1*x3_2^1*v2^1*v5^1,
x2_1^1*x3_2^1*v2^1*v5^1,
x4_0^1*x4_1^1*v0^1*v5^1,
x1_2^1*x2_2^1*v0^1*v5^1,
x1_1^1*x2_2^1*v0^1*v5^1,
x1_2^1*x2_0^1*v0^1*v5^1,
x1_1^1*x2_0^1*v0^1*v5^1,
x3_2^1*x4_2^1*u5^1*v5^1,
x3_1^1*x4_2^1*u5^1*v5^1,
x3_2^1*x4_1^1*u5^1*v5^1,
x3_1^1*x4_1^1*u5^1*v5^1,
x3_2^1*x4_0^1*u5^1*v5^1,
x2_0^1*x2_2^1*u5^1*v5^1,
x1_2^1*x2_2^1*u5^1*v5^1,
x1_1^1*x2_2^1*u5^1*v5^1,
x2_0^1*x2_1^1*u5^1*v5^1,
x1_1^1*x2_1^1*u5^1*v5^1,
x3_1^1*x4_2^1*u4^1*v5^1,
x4_0^1*x4_1^1*u4^1*v5^1,
x3_2^1*x4_1^1*u4^1*v5^1,
x3_1^1*x4_1^1*u4^1*v5^1,
x2_0^1*x2_2^1*u4^1*v5^1,
x1_1^1*x2_2^1*u4^1*v5^1,
x2_0^1*x2_1^1*u4^1*v5^1,
x1_0^1*x4_0^1*x4_2^1*v5^1,
x1_0^1*x3_1^1*x4_2^1*v5^1,
x1_0^1*x4_0^1*x4_1^1*v5^1,
x1_0^1*x3_2^1*x4_0^1*v5^1,
x2_0^1*x2_2^1*x3_0^1*v5^1,
x2_0^1*x2_1^1*x3_0^1*v5^1,
x1_2^1*x2_0^1*x3_0^1*v5^1,
x4_0^1*x4_2^1*v0^1*v4^1,
x4_0^1*x4_1^1*v0^1*v4^1,
x1_1^1*x2_2^1*v0^1*v4^1,
x2_0^1*x2_1^1*v0^1*v4^1,
x1_2^1*x2_0^1*v0^1*v4^1,
x1_1^1*x2_0^1*v0^1*v4^1,
x3_2^1*x4_2^1*u4^1*v4^1,
x3_1^1*x4_2^1*u4^1*v4^1,
x4_0^1*x4_1^1*u4^1*v4^1,
x3_2^1*x4_1^1*u4^1*v4^1,
x3_1^1*x4_1^1*u4^1*v4^1,
x2_0^1*x2_2^1*u4^1*v4^1,
x1_1^1*x2_2^1*u4^1*v4^1,
x2_0^1*x2_1^1*u4^1*v4^1,
x1_0^1*x4_0^1*x4_2^1*v4^1,
x1_0^1*x3_1^1*x4_2^1*v4^1,
x1_0^1*x4_0^1*x4_1^1*v4^1,
x2_0^1*x2_2^1*x3_0^1*v4^1,
x1_1^1*x2_2^1*x3_0^1*v4^1,
x2_0^1*x2_1^1*x3_0^1*v4^1,
x1_2^1*x2_0^1*x3_0^1*v4^1,
x2_0^1*x2_2^1*x3_0^1*u5^1,
x2_0^1*x2_1^1*x3_0^1*u5^1,
x1_1^1*x2_0^1*x3_2^1*x4_2^1*v5^1,
x1_1^1*x2_0^1*x3_1^1*x4_2^1*v5^1,
x1_1^1*x2_2^1*x4_0^1*x4_1^1*v5^1,
x1_2^1*x2_1^1*x4_0^1*x4_1^1*v5^1,
x1_1^1*x2_1^1*x4_0^1*x4_1^1*v5^1,
x1_1^1*x2_0^1*x4_0^1*x4_1^1*v5^1,
x1_2^1*x2_1^1*x3_2^1*x4_1^1*v5^1,
x1_1^1*x2_1^1*x3_2^1*x4_1^1*v5^1,
x1_2^1*x2_0^1*x3_2^1*x4_1^1*v5^1,
x1_1^1*x2_0^1*x3_2^1*x4_1^1*v5^1,
x1_1^1*x2_2^1*x3_1^1*x4_1^1*v5^1,
x1_2^1*x2_1^1*x3_1^1*x4_1^1*v5^1,
x1_1^1*x2_1^1*x3_1^1*x4_1^1*v5^1,
x1_2^1*x2_0^1*x3_1^1*x4_1^1*v5^1,
x1_1^1*x2_0^1*x3_1^1*x4_1^1*v5^1,
x1_1^1*x2_2^1*x3_2^1*x4_0^1*v5^1,
x1_2^1*x2_1^1*x3_2^1*x4_0^1*v5^1,
x1_1^1*x2_1^1*x3_2^1*x4_0^1*v5^1,
x1_1^1*x2_0^1*x3_2^1*x4_0^1*v5^1,
x1_2^1*x2_1^1*x3_2^1*x4_2^1*v4^1,
x1_1^1*x2_1^1*x3_2^1*x4_2^1*v4^1,
x1_2^1*x2_0^1*x3_2^1*x4_2^1*v4^1,
x1_1^1*x2_2^1*x3_1^1*x4_2^1*v4^1,
x2_0^1*x2_1^1*x3_1^1*x4_2^1*v4^1,
x1_2^1*x2_1^1*x3_1^1*x4_2^1*v4^1,
x1_1^1*x2_1^1*x3_1^1*x4_2^1*v4^1,
x1_2^1*x2_0^1*x3_1^1*x4_2^1*v4^1,
x1_1^1*x2_0^1*x3_1^1*x4_2^1*v4^1,
x1_2^1*x2_1^1*x4_0^1*x4_1^1*v4^1,
x1_1^1*x2_1^1*x4_0^1*x4_1^1*v4^1,
x1_1^1*x2_2^1*x3_2^1*x4_1^1*v4^1,
x2_0^1*x2_1^1*x3_2^1*x4_1^1*v4^1,
x1_2^1*x2_1^1*x3_2^1*x4_1^1*v4^1,
x1_1^1*x2_1^1*x3_2^1*x4_1^1*v4^1,
x1_2^1*x2_0^1*x3_2^1*x4_1^1*v4^1,
x1_1^1*x2_0^1*x3_2^1*x4_1^1*v4^1,
x1_1^1*x2_2^1*x3_1^1*x4_1^1*v4^1,
x2_0^1*x2_1^1*x3_1^1*x4_1^1*v4^1,
x1_2^1*x2_1^1*x3_1^1*x4_1^1*v4^1,
x1_1^1*x2_1^1*x3_1^1*x4_1^1*v4^1,
x1_2^1*x2_0^1*x3_1^1*x4_1^1*v4^1,
x1_1^1*x2_0^1*x3_1^1*x4_1^1*v4^1,
x1_2^1*x2_0^1*x4_0^1*x4_2^1*v0^1,
x1_2^1*x2_0^1*x4_0^1*x4_1^1*v0^1,
x1_1^1*x2_0^1*x4_0^1*x4_1^1*v0^1,
x1_2^1*x2_2^1*x4_0^1*x4_2^1*u5^1,
x1_1^1*x2_1^1*x4_0^1*x4_2^1*u5^1,
x1_2^1*x2_2^1*x3_2^1*x4_2^1*u5^1,
x1_1^1*x2_2^1*x3_2^1*x4_2^1*u5^1,
x1_1^1*x2_1^1*x3_2^1*x4_2^1*u5^1,
x2_0^1*x2_2^1*x3_1^1*x4_2^1*u5^1,
x1_2^1*x2_2^1*x3_1^1*x4_2^1*u5^1,
x2_0^1*x2_1^1*x3_1^1*x4_2^1*u5^1,
x1_1^1*x2_1^1*x3_1^1*x4_2^1*u5^1,
x1_2^1*x2_2^1*x4_0^1*x4_1^1*u5^1,
x1_1^1*x2_1^1*x4_0^1*x4_1^1*u5^1,
x2_0^1*x2_2^1*x3_2^1*x4_1^1*u5^1,
x1_2^1*x2_2^1*x3_2^1*x4_1^1*u5^1,
x1_1^1*x2_2^1*x3_2^1*x4_1^1*u5^1,
x2_0^1*x2_1^1*x3_2^1*x4_1^1*u5^1,
x1_1^1*x2_1^1*x3_2^1*x4_1^1*u5^1,
x2_0^1*x2_2^1*x3_1^1*x4_1^1*u5^1,
x1_2^1*x2_2^1*x3_1^1*x4_1^1*u5^1,
x2_0^1*x2_1^1*x3_1^1*x4_1^1*u5^1,
x1_1^1*x2_1^1*x3_1^1*x4_1^1*u5^1,
x1_2^1*x2_2^1*x3_2^1*x4_0^1*u5^1,
x1_1^1*x2_2^1*x3_2^1*x4_0^1*u5^1,
x1_1^1*x2_1^1*x3_2^1*x4_0^1*u5^1,
x2_0^1*x2_2^1*x3_1^1*x4_0^1*u5^1,
x1_2^1*x2_2^1*x3_1^1*x4_0^1*u5^1,
x1_1^1*x2_2^1*x3_1^1*x4_0^1*u5^1,
x2_0^1*x2_1^1*x3_1^1*x4_0^1*u5^1,
x1_1^1*x2_1^1*x3_1^1*x4_0^1*u5^1,
x1_1^1*x2_2^1*x3_1^1*x4_2^1*u4^1,
x2_0^1*x2_1^1*x3_1^1*x4_2^1*u4^1,
x1_1^1*x2_2^1*x4_0^1*x4_1^1*u4^1,
x1_1^1*x2_2^1*x3_2^1*x4_1^1*u4^1,
x2_0^1*x2_1^1*x3_2^1*x4_1^1*u4^1,
x2_0^1*x2_2^1*x3_1^1*x4_1^1*u4^1,
x1_1^1*x2_2^1*x3_1^1*x4_1^1*u4^1,
x2_0^1*x2_1^1*x3_1^1*x4_1^1*u4^1,
x1_1^1*x2_2^1*x3_1^1*x4_0^1*u4^1,
x2_0^1*x2_1^1*x4_0^1*x4_2^1*v0^1*v5^1]:


------------------------------------------------------------------------------------
msolve overall time           3.23 sec (elapsed) /  3.21 sec (cpu)
------------------------------------------------------------------------------------
