Initial seed for pseudo-random number generator is 0

--------------- INPUT DATA ---------------
#variables                      24
#equations                      46
#invalid equations               0
field characteristic             2
homogeneous input?               0
signature-based computation      0
monomial order                 DRL
basis hash table resetting     OFF
linear algebra option            2
initial hash table size     131072 (2^17)
max pair selection             ALL
reduce gb                        1
#threads                         1
info level                       2
generate pbm files               0
------------------------------------------

Legend for f4 information
--------------------------------------------------------
deg       current degree of pairs selected in this round
sel       number of pairs selected in this round
pairs     total number of pairs in pair list
mat       matrix dimensions (# rows x # columns)
density   density of the matrix
new data  # new elements for basis in this round
          # zero reductions during linear algebra
time(rd)  time of the current f4 round in seconds given
          for real and cpu time
--------------------------------------------------------

deg     sel   pairs        mat          density            new data         time(rd) in sec (real|cpu)
------------------------------------------------------------------------------------------------------
  2       4      79       6 x 49         54.76%        4 new       0 zero         0.00 | 0.00         
  2       2     100       7 x 18         19.84%        1 new       1 zero         0.00 | 0.00         
  3      26     102     236 x 555         1.94%       21 new       5 zero         0.00 | 0.00         
  3       5     284     173 x 323         3.12%        5 new       0 zero         0.00 | 0.00         
  4     240     323    2442 x 4258        0.33%      152 new      88 zero         0.01 | 0.01         
  4     926    1706    7550 x 9708        0.30%      398 new     528 zero         0.11 | 0.11         
  2       1    4247       3 x 2          66.67%        0 new       1 zero         0.00 | 0.00         
  3      97    4246     601 x 936         1.87%       38 new      59 zero         0.02 | 0.02         
  3     228    2458     802 x 887         1.64%       14 new     216 zero         0.01 | 0.01         
  3      30    2203     626 x 1008        1.59%       24 new       6 zero         0.01 | 0.01         
  3      25    2239     779 x 1296        1.19%        7 new      18 zero         0.00 | 0.00         
  4    1554    2315   11119 x 11910       0.28%      387 new    1196 zero         0.25 | 0.24         
  2      16    3407      98 x 204         5.57%        8 new       8 zero         0.01 | 0.01         
  3     474    3172    2023 x 2104        0.85%       39 new     435 zero         0.03 | 0.03         
  3      71    2806    1008 x 1365        0.98%        3 new      68 zero         0.00 | 0.00         
  4    1836    2770   12450 x 11759       0.17%       79 new    1768 zero         0.09 | 0.09         
  4     797    2301   10596 x 10948       0.19%       24 new     775 zero         0.05 | 0.05         
  4      84    1938    9146 x 10163       0.18%        4 new      80 zero         0.02 | 0.02         
  5    1638    1938   47217 x 46966       0.04%       17 new    1623 zero         0.18 | 0.18         
  5      75     644   18915 x 19956       0.09%        0 new      75 zero         0.03 | 0.03         
  6     569     569  146984 x 147788      0.01%       77 new     496 zero         0.69 | 0.69         
  6    1470    1617  160323 x 160153      0.02%        0 new    1470 zero         1.74 | 1.74         
  7     147     147  241930 x 243083      0.01%        0 new     147 zero         1.15 | 0.81         
------------------------------------------------------------------------------------------------------
reduce final basis     1940 x 3218        1.08%      395 new       0 zero         0.03 | 0.01         
------------------------------------------------------------------------------------------------------

---------------- TIMINGS ----------------
overall(elapsed)        4.44 sec
overall(cpu)            4.07 sec
select                  0.07 sec   1.5%
symbolic prep.          1.14 sec  25.6%
update                  0.45 sec  10.2%
convert                 0.16 sec   3.6%
linear algebra          2.57 sec  57.9%
reduce gb               0.00 sec   0.0%
-----------------------------------------

---------- COMPUTATIONAL DATA -----------
size of basis                   395
#terms in basis               50425
#pairs reduced                10315
#GM criterion                897563
#redundant elements             953
#rows reduced                 21125
#zero reductions               9063
max. matrix data             241930 x 243083 (0.008%)
max. symbolic hash table size  2^18
max. basis hash table size     2^19
-----------------------------------------

#Leading ideal data
#---
#field characteristic: 2
#variable order:       x1_0, x1_1, x1_2, x2_0, x2_1, x2_2, x3_0, x3_1, x3_2, x4_0, x4_1, x4_2, u0, u1, u2, u3, u4, u5, v0, v1, v2, v3, v4, v5
#monomial order:       graded reverse lexicographical
#length of basis:      395 elements sorted by increasing leading monomials
#---
[v3^1,
u3^1,
u0^1,
v5^2,
v4^2,
v1^1*v4^1,
u2^1*v4^1,
u1^1*v4^1,
v2^2,
v1^1*v2^1,
v0^1*v2^1,
u5^1*v2^1,
u4^1*v2^1,
u2^1*v2^1,
u1^1*v2^1,
x3_0^1*v2^1,
x1_0^1*v2^1,
v1^2,
v0^1*v1^1,
u5^1*v1^1,
u4^1*v1^1,
u2^1*v1^1,
u1^1*v1^1,
x3_1^1*v1^1,
x3_0^1*v1^1,
v0^2,
u5^1*v0^1,
u4^1*v0^1,
u2^1*v0^1,
u1^1*v0^1,
x3_0^1*v0^1,
x1_0^1*v0^1,
u5^2,
u4^1*u5^1,
u2^1*u5^1,
u1^1*u5^1,
u4^2,
u2^1*u4^1,
u1^1*u4^1,
u2^2,
u1^1*u2^1,
x4_0^1*u2^1,
x3_1^1*u2^1,
x3_0^1*u2^1,
x2_0^1*u2^1,
x1_2^1*u2^1,
x1_1^1*u2^1,
x1_0^1*u2^1,
u1^2,
x4_0^1*u1^1,
x3_1^1*u1^1,
x3_0^1*u1^1,
x2_0^1*u1^1,
x1_2^1*u1^1,
x1_1^1*u1^1,
x1_0^1*u1^1,
x4_2^2,
x4_1^1*x4_2^1,
x3_0^1*x4_2^1,
x4_1^2,
x3_0^1*x4_1^1,
x4_0^2,
x3_0^1*x4_0^1,
x3_2^2,
x3_1^1*x3_2^1,
x3_0^1*x3_2^1,
x3_1^2,
x3_0^1*x3_1^1,
x3_0^2,
x2_2^2,
x2_1^1*x2_2^1,
x1_0^1*x2_2^1,
x2_1^2,
x1_0^1*x2_1^1,
x2_0^2,
x1_0^1*x2_0^1,
x1_2^2,
x1_1^1*x1_2^1,
x1_0^1*x1_2^1,
x1_1^2,
x1_0^1*x1_1^1,
x1_0^2,
v2^1*v4^1*v5^1,
v0^1*v4^1*v5^1,
u5^1*v4^1*v5^1,
u4^1*v4^1*v5^1,
x3_0^1*v4^1*v5^1,
x1_0^1*v4^1*v5^1,
x4_0^1*v2^1*v5^1,
x3_1^1*v2^1*v5^1,
x1_1^1*v2^1*v5^1,
x4_0^1*v1^1*v5^1,
x3_2^1*v1^1*v5^1,
x1_2^1*v1^1*v5^1,
x1_1^1*v1^1*v5^1,
x1_0^1*v1^1*v5^1,
x3_0^1*u5^1*v5^1,
x1_0^1*u5^1*v5^1,
x3_2^1*u4^1*v5^1,
x3_1^1*u4^1*v5^1,
x3_0^1*u4^1*v5^1,
x1_2^1*u4^1*v5^1,
x1_1^1*u4^1*v5^1,
x1_0^1*u4^1*v5^1,
x3_2^1*u2^1*v5^1,
x2_1^1*u2^1*v5^1,
x4_2^1*u1^1*v5^1,
x3_2^1*u1^1*v5^1,
x2_2^1*u1^1*v5^1,
x2_1^1*u1^1*v5^1,
x3_1^1*x4_0^1*v5^1,
x4_2^1*v2^1*v4^1,
x4_1^1*v2^1*v4^1,
x4_0^1*v2^1*v4^1,
x3_2^1*v2^1*v4^1,
x3_1^1*v2^1*v4^1,
x2_2^1*v2^1*v4^1,
x2_1^1*v2^1*v4^1,
x2_0^1*v2^1*v4^1,
x1_2^1*v2^1*v4^1,
x1_1^1*v2^1*v4^1,
x3_0^1*u5^1*v4^1,
x1_0^1*u5^1*v4^1,
x3_0^1*u4^1*v4^1,
x1_0^1*u4^1*v4^1,
x3_2^1*x4_0^1*v4^1,
x3_1^1*x4_0^1*v4^1,
x1_0^1*x3_2^1*v4^1,
x1_2^1*x3_0^1*v4^1,
x1_0^1*x3_0^1*v4^1,
x4_0^1*x4_2^1*v2^1,
x3_2^1*x4_2^1*v2^1,
x3_1^1*x4_2^1*v2^1,
x4_0^1*x4_1^1*v2^1,
x3_2^1*x4_1^1*v2^1,
x3_1^1*x4_1^1*v2^1,
x3_2^1*x4_0^1*v2^1,
x3_1^1*x4_0^1*v2^1,
x2_0^1*x4_0^1*v2^1,
x1_1^1*x4_0^1*v2^1,
x1_1^1*x3_2^1*v2^1,
x2_0^1*x3_1^1*v2^1,
x1_2^1*x3_1^1*v2^1,
x1_1^1*x3_1^1*v2^1,
x2_0^1*x2_2^1*v2^1,
x1_2^1*x2_2^1*v2^1,
x1_1^1*x2_2^1*v2^1,
x2_0^1*x2_1^1*v2^1,
x1_2^1*x2_1^1*v2^1,
x1_1^1*x2_1^1*v2^1,
x1_2^1*x2_0^1*v2^1,
x1_1^1*x2_0^1*v2^1,
x4_0^1*x4_2^1*v1^1,
x3_2^1*x4_2^1*v1^1,
x4_0^1*x4_1^1*v1^1,
x3_2^1*x4_1^1*v1^1,
x1_0^1*x4_1^1*v1^1,
x3_2^1*x4_0^1*v1^1,
x2_0^1*x4_0^1*v1^1,
x1_2^1*x4_0^1*v1^1,
x1_1^1*x4_0^1*v1^1,
x1_0^1*x4_0^1*v1^1,
x1_1^1*x3_2^1*v1^1,
x1_0^1*x3_2^1*v1^1,
x2_0^1*x2_2^1*v1^1,
x1_2^1*x2_2^1*v1^1,
x1_1^1*x2_2^1*v1^1,
x2_0^1*x2_1^1*v1^1,
x1_2^1*x2_1^1*v1^1,
x1_1^1*x2_1^1*v1^1,
x1_2^1*x2_0^1*v1^1,
x1_1^1*x2_0^1*v1^1,
x3_2^1*x4_2^1*v0^1,
x3_1^1*x4_2^1*v0^1,
x3_2^1*x4_1^1*v0^1,
x3_1^1*x4_1^1*v0^1,
x3_2^1*x4_0^1*v0^1,
x3_1^1*x4_0^1*v0^1,
x1_2^1*x2_1^1*v0^1,
x1_1^1*x2_1^1*v0^1,
x1_0^1*x4_0^1*u5^1,
x1_0^1*x3_2^1*u5^1,
x1_0^1*x3_1^1*u5^1,
x2_0^1*x3_0^1*u5^1,
x1_2^1*x3_0^1*u5^1,
x1_1^1*x3_0^1*u5^1,
x1_0^1*x3_0^1*u5^1,
x1_2^1*x2_1^1*u5^1,
x1_2^1*x2_0^1*u5^1,
x1_1^1*x2_0^1*u5^1,
x3_1^1*x4_0^1*u4^1,
x1_0^1*x4_0^1*u4^1,
x1_0^1*x3_2^1*u4^1,
x1_0^1*x3_1^1*u4^1,
x1_2^1*x3_0^1*u4^1,
x1_1^1*x3_0^1*u4^1,
x1_0^1*x3_0^1*u4^1,
x1_2^1*x2_2^1*u4^1,
x1_2^1*x2_1^1*u4^1,
x1_1^1*x2_1^1*u4^1,
x1_2^1*x2_0^1*u4^1,
x1_1^1*x2_0^1*u4^1,
x3_2^1*x4_2^1*u2^1,
x2_1^1*x4_2^1*u2^1,
x3_2^1*x4_1^1*u2^1,
x2_1^1*x4_1^1*u2^1,
x2_1^1*x3_2^1*u2^1,
x3_2^1*x4_2^1*u1^1,
x2_1^1*x4_2^1*u1^1,
x3_2^1*x4_1^1*u1^1,
x2_1^1*x4_1^1*u1^1,
x2_2^1*x3_2^1*u1^1,
x2_1^1*x3_2^1*u1^1,
x3_2^1*x4_0^1*x4_2^1,
x3_1^1*x4_0^1*x4_2^1,
x1_0^1*x3_1^1*x4_2^1,
x3_2^1*x4_0^1*x4_1^1,
x3_1^1*x4_0^1*x4_1^1,
x1_0^1*x3_2^1*x4_1^1,
x1_0^1*x3_1^1*x4_1^1,
x1_0^1*x3_1^1*x4_0^1,
x1_1^1*x2_2^1*x3_0^1,
x1_2^1*x2_1^1*x3_0^1,
x1_1^1*x2_1^1*x3_0^1,
x1_1^1*x2_0^1*x3_0^1,
x1_2^1*x2_0^1*x2_2^1,
x1_1^1*x2_0^1*x2_2^1,
x1_2^1*x2_0^1*x2_1^1,
x1_1^1*x2_0^1*x2_1^1,
x4_0^1*x4_2^1*v4^1*v5^1,
x3_2^1*x4_2^1*v4^1*v5^1,
x3_1^1*x4_2^1*v4^1*v5^1,
x4_0^1*x4_1^1*v4^1*v5^1,
x3_2^1*x4_1^1*v4^1*v5^1,
x3_1^1*x4_1^1*v4^1*v5^1,
x1_2^1*x2_2^1*v4^1*v5^1,
x1_1^1*x2_2^1*v4^1*v5^1,
x1_2^1*x2_1^1*v4^1*v5^1,
x1_1^1*x2_1^1*v4^1*v5^1,
x1_2^1*x2_0^1*v4^1*v5^1,
x1_1^1*x2_0^1*v4^1*v5^1,
x1_2^1*x4_2^1*v2^1*v5^1,
x1_2^1*x4_1^1*v2^1*v5^1,
x2_2^1*x3_2^1*v2^1*v5^1,
x2_1^1*x3_2^1*v2^1*v5^1,
x2_0^1*x3_2^1*v2^1*v5^1,
x1_2^1*x3_2^1*v2^1*v5^1,
x4_0^1*x4_1^1*v0^1*v5^1,
x1_2^1*x2_2^1*v0^1*v5^1,
x2_0^1*x2_1^1*v0^1*v5^1,
x1_2^1*x2_0^1*v0^1*v5^1,
x1_1^1*x2_0^1*v0^1*v5^1,
x3_2^1*x4_2^1*u5^1*v5^1,
x3_2^1*x4_1^1*u5^1*v5^1,
x3_1^1*x4_1^1*u5^1*v5^1,
x3_2^1*x4_0^1*u5^1*v5^1,
x1_2^1*x2_2^1*u5^1*v5^1,
x1_1^1*x2_2^1*u5^1*v5^1,
x1_1^1*x2_1^1*u5^1*v5^1,
x4_0^1*x4_2^1*u4^1*v5^1,
x4_0^1*x4_1^1*u4^1*v5^1,
x2_2^1*x4_0^1*u4^1*v5^1,
x2_1^1*x4_0^1*u4^1*v5^1,
x2_0^1*x4_0^1*u4^1*v5^1,
x2_0^1*x2_2^1*u4^1*v5^1,
x2_0^1*x2_1^1*u4^1*v5^1,
x1_0^1*x4_0^1*x4_2^1*v5^1,
x1_0^1*x3_2^1*x4_2^1*v5^1,
x1_0^1*x4_0^1*x4_1^1*v5^1,
x1_0^1*x3_2^1*x4_0^1*v5^1,
x2_0^1*x2_2^1*x3_0^1*v5^1,
x1_2^1*x2_2^1*x3_0^1*v5^1,
x2_0^1*x2_1^1*x3_0^1*v5^1,
x1_2^1*x2_0^1*x3_0^1*v5^1,
x4_0^1*x4_2^1*v0^1*v4^1,
x4_0^1*x4_1^1*v0^1*v4^1,
x2_0^1*x2_2^1*v0^1*v4^1,
x1_2^1*x2_2^1*v0^1*v4^1,
x1_1^1*x2_2^1*v0^1*v4^1,
x2_0^1*x2_1^1*v0^1*v4^1,
x1_2^1*x2_0^1*v0^1*v4^1,
x1_1^1*x2_0^1*v0^1*v4^1,
x3_2^1*x4_2^1*u5^1*v4^1,
x3_1^1*x4_2^1*u5^1*v4^1,
x3_2^1*x4_1^1*u5^1*v4^1,
x3_1^1*x4_1^1*u5^1*v4^1,
x2_0^1*x2_2^1*u5^1*v4^1,
x1_2^1*x2_2^1*u5^1*v4^1,
x1_1^1*x2_2^1*u5^1*v4^1,
x2_0^1*x2_1^1*u5^1*v4^1,
x1_1^1*x2_1^1*u5^1*v4^1,
x4_0^1*x4_2^1*u4^1*v4^1,
x3_2^1*x4_2^1*u4^1*v4^1,
x3_1^1*x4_2^1*u4^1*v4^1,
x4_0^1*x4_1^1*u4^1*v4^1,
x3_2^1*x4_1^1*u4^1*v4^1,
x3_1^1*x4_1^1*u4^1*v4^1,
x2_0^1*x2_2^1*u4^1*v4^1,
x1_1^1*x2_2^1*u4^1*v4^1,
x2_0^1*x2_1^1*u4^1*v4^1,
x1_0^1*x4_0^1*x4_2^1*v4^1,
x1_0^1*x4_0^1*x4_1^1*v4^1,
x2_0^1*x2_2^1*x3_0^1*v4^1,
x2_0^1*x2_1^1*x3_0^1*v4^1,
x2_0^1*x2_2^1*x3_0^1*u4^1,
x2_0^1*x2_1^1*x3_0^1*u4^1,
x1_2^1*x2_2^1*x3_2^1*x4_2^1*v5^1,
x1_2^1*x2_1^1*x3_2^1*x4_2^1*v5^1,
x1_2^1*x2_0^1*x3_2^1*x4_2^1*v5^1,
x1_1^1*x2_0^1*x3_2^1*x4_2^1*v5^1,
x1_2^1*x2_1^1*x4_0^1*x4_1^1*v5^1,
x1_1^1*x2_1^1*x4_0^1*x4_1^1*v5^1,
x1_2^1*x2_2^1*x3_2^1*x4_1^1*v5^1,
x2_0^1*x2_1^1*x3_2^1*x4_1^1*v5^1,
x1_2^1*x2_1^1*x3_2^1*x4_1^1*v5^1,
x1_1^1*x2_1^1*x3_2^1*x4_1^1*v5^1,
x1_2^1*x2_0^1*x3_2^1*x4_1^1*v5^1,
x1_1^1*x2_0^1*x3_2^1*x4_1^1*v5^1,
x1_2^1*x2_2^1*x3_1^1*x4_1^1*v5^1,
x2_0^1*x2_1^1*x3_1^1*x4_1^1*v5^1,
x1_2^1*x2_1^1*x3_1^1*x4_1^1*v5^1,
x1_1^1*x2_1^1*x3_1^1*x4_1^1*v5^1,
x1_2^1*x2_0^1*x3_1^1*x4_1^1*v5^1,
x1_1^1*x2_0^1*x3_1^1*x4_1^1*v5^1,
x1_2^1*x2_1^1*x3_2^1*x4_0^1*v5^1,
x1_1^1*x2_1^1*x3_2^1*x4_0^1*v5^1,
x1_2^1*x2_0^1*x3_2^1*x4_0^1*v5^1,
x1_1^1*x2_2^1*x3_2^1*x4_2^1*v4^1,
x1_2^1*x2_1^1*x3_2^1*x4_2^1*v4^1,
x1_1^1*x2_1^1*x3_2^1*x4_2^1*v4^1,
x1_2^1*x2_0^1*x3_2^1*x4_2^1*v4^1,
x1_2^1*x2_1^1*x3_1^1*x4_2^1*v4^1,
x1_1^1*x2_1^1*x3_1^1*x4_2^1*v4^1,
x1_2^1*x2_0^1*x3_1^1*x4_2^1*v4^1,
x1_1^1*x2_0^1*x3_1^1*x4_2^1*v4^1,
x1_1^1*x2_2^1*x4_0^1*x4_1^1*v4^1,
x1_2^1*x2_1^1*x4_0^1*x4_1^1*v4^1,
x1_1^1*x2_1^1*x4_0^1*x4_1^1*v4^1,
x1_2^1*x2_0^1*x4_0^1*x4_1^1*v4^1,
x1_1^1*x2_2^1*x3_2^1*x4_1^1*v4^1,
x1_2^1*x2_1^1*x3_2^1*x4_1^1*v4^1,
x1_1^1*x2_1^1*x3_2^1*x4_1^1*v4^1,
x1_2^1*x2_0^1*x3_2^1*x4_1^1*v4^1,
x1_1^1*x2_0^1*x3_2^1*x4_1^1*v4^1,
x1_2^1*x2_1^1*x3_1^1*x4_1^1*v4^1,
x1_1^1*x2_1^1*x3_1^1*x4_1^1*v4^1,
x1_2^1*x2_0^1*x3_1^1*x4_1^1*v4^1,
x1_1^1*x2_0^1*x3_1^1*x4_1^1*v4^1,
x1_2^1*x2_0^1*x4_0^1*x4_2^1*v0^1,
x1_1^1*x2_0^1*x4_0^1*x4_2^1*v0^1,
x1_1^1*x2_0^1*x4_0^1*x4_1^1*v0^1,
x1_2^1*x2_2^1*x4_0^1*x4_2^1*u5^1,
x1_1^1*x2_1^1*x4_0^1*x4_2^1*u5^1,
x1_2^1*x2_2^1*x3_2^1*x4_2^1*u5^1,
x1_1^1*x2_2^1*x3_2^1*x4_2^1*u5^1,
x1_1^1*x2_1^1*x3_2^1*x4_2^1*u5^1,
x1_2^1*x2_2^1*x3_1^1*x4_2^1*u5^1,
x1_1^1*x2_1^1*x3_1^1*x4_2^1*u5^1,
x1_2^1*x2_2^1*x4_0^1*x4_1^1*u5^1,
x1_1^1*x2_1^1*x4_0^1*x4_1^1*u5^1,
x2_0^1*x2_2^1*x3_2^1*x4_1^1*u5^1,
x1_2^1*x2_2^1*x3_2^1*x4_1^1*u5^1,
x1_1^1*x2_2^1*x3_2^1*x4_1^1*u5^1,
x2_0^1*x2_1^1*x3_2^1*x4_1^1*u5^1,
x1_1^1*x2_1^1*x3_2^1*x4_1^1*u5^1,
x1_2^1*x2_2^1*x3_1^1*x4_1^1*u5^1,
x1_1^1*x2_2^1*x3_1^1*x4_1^1*u5^1,
x2_0^1*x2_1^1*x3_1^1*x4_1^1*u5^1,
x1_1^1*x2_1^1*x3_1^1*x4_1^1*u5^1,
x1_2^1*x2_2^1*x3_2^1*x4_0^1*u5^1,
x1_1^1*x2_2^1*x3_2^1*x4_0^1*u5^1,
x1_1^1*x2_1^1*x3_2^1*x4_0^1*u5^1,
x1_2^1*x2_2^1*x3_1^1*x4_0^1*u5^1,
x1_1^1*x2_2^1*x3_1^1*x4_0^1*u5^1,
x1_1^1*x2_1^1*x3_1^1*x4_0^1*u5^1,
x1_1^1*x2_2^1*x3_2^1*x4_2^1*u4^1,
x2_0^1*x2_1^1*x3_2^1*x4_2^1*u4^1,
x2_0^1*x2_2^1*x3_1^1*x4_2^1*u4^1,
x1_1^1*x2_2^1*x3_1^1*x4_2^1*u4^1,
x2_0^1*x2_1^1*x3_1^1*x4_2^1*u4^1,
x1_1^1*x2_2^1*x3_2^1*x4_1^1*u4^1,
x2_0^1*x2_1^1*x3_2^1*x4_1^1*u4^1,
x2_0^1*x2_2^1*x3_1^1*x4_1^1*u4^1,
x1_1^1*x2_2^1*x3_1^1*x4_1^1*u4^1,
x2_0^1*x2_1^1*x3_1^1*x4_1^1*u4^1,
x2_0^1*x2_2^1*x3_2^1*x4_0^1*u4^1,
x1_1^1*x2_2^1*x3_2^1*x4_0^1*u4^1,
x2_0^1*x2_1^1*x3_2^1*x4_0^1*u4^1,
x1_1^1*x2_2^1*x4_0^1*x4_2^1*v0^1*v5^1,
x2_0^1*x2_2^1*x4_0^1*x4_2^1*u5^1*v5^1,
x2_0^1*x2_1^1*x4_0^1*x4_2^1*u5^1*v5^1,
x2_0^1*x2_2^1*x3_1^1*x4_2^1*u5^1*v5^1,
x2_0^1*x2_1^1*x3_1^1*x4_2^1*u5^1*v5^1,
x2_0^1*x2_2^1*x4_0^1*x4_1^1*u5^1*v5^1,
x2_0^1*x2_1^1*x4_0^1*x4_1^1*u5^1*v5^1]:


------------------------------------------------------------------------------------
msolve overall time           4.44 sec (elapsed) /  4.07 sec (cpu)
------------------------------------------------------------------------------------
