#Leading ideal data
#---
#field characteristic: 29
#variable order:       t1, t2, s1, s2, u, v
#monomial order:       graded reverse lexicographical
#length of basis:      515 elements sorted by increasing leading monomials
#---
[u^2*v^2,
s2^2*v^2,
s1^2*u^2,
t1^1*s1^1*u^1*v^2,
t1^2*u^1*v^2,
t2^1*s2^1*u^2*v^1,
t2^2*u^2*v^1,
t1^1*s1^2*u^1*v^1,
t2^3*u^2,
s1^3*u^1*v^2,
t1^1*t2^1*s1^1*s2^1*u^1*v^1,
t1^2*t2^1*s2^1*u^1*v^1,
t1^1*t2^2*s1^1*u^1*v^1,
t1^2*t2^2*u^1*v^1,
t1^4*v^3,
s1^2*s2^3*u^1*v^1,
s1^3*s2^2*u^1*v^1,
t2^1*s1^2*s2^2*u^1*v^1,
t2^1*s1^3*s2^1*u^1*v^1,
t2^2*s1^3*u^1*v^1,
t2^2*s2^4*u^1,
t2^3*s2^3*u^1,
t2^4*s2^2*u^1,
t2^5*s2^1*u^1,
s1^6*u^1,
t1^1*s1^5*u^1,
t1^2*s1^4*u^1,
t2^3*s1^3*u^1,
t1^3*s1^3*u^1,
t1^1*t2^3*s1^2*u^1,
t1^2*t2^2*s1^2*u^1,
t1^4*s1^2*u^1,
t1^2*t2^3*s1^1*u^1,
t1^5*s1^1*u^1,
t2^6*u^1,
t1^2*t2^4*u^1,
t1^3*t2^3*u^1,
t1^6*u^1,
s2^7,
t2^1*s2^6,
t2^2*s2^5,
t2^3*s2^4,
t2^4*s2^3,
t2^5*s2^2,
t2^6*s2^1,
s1^7,
t1^1*s1^6,
t1^2*s1^5,
t1^3*s1^4,
t1^4*s1^3,
t1^5*s1^2,
t1^6*s1^1,
t2^7,
t1^7,
v^8,
u^1*v^7,
s2^1*v^7,
s1^1*v^7,
t2^1*v^7,
t1^1*v^7,
s2^1*u^1*v^6,
s1^1*u^1*v^6,
t2^1*u^1*v^6,
t1^1*u^1*v^6,
t2^1*s2^1*v^6,
s1^2*v^6,
t1^1*s1^1*v^6,
t2^2*v^6,
t1^2*v^6,
t2^1*s2^1*u^1*v^5,
s1^2*u^1*v^5,
t2^2*u^1*v^5,
t2^2*s2^1*v^5,
s1^3*v^5,
t1^1*s1^2*v^5,
t1^2*s1^1*v^5,
t2^3*v^5,
t1^3*v^5,
t2^2*s2^1*u^1*v^4,
t2^3*u^1*v^4,
t2^3*s2^1*v^4,
s1^4*v^4,
t1^1*s1^3*v^4,
t1^2*s1^2*v^4,
t1^3*s1^1*v^4,
t2^4*v^4,
t2^3*s2^1*u^1*v^3,
t2^4*u^1*v^3,
t2^4*s2^1*v^3,
s1^5*v^3,
t1^1*s1^4*v^3,
t1^2*s1^3*v^3,
t1^3*s1^2*v^3,
t2^5*v^3,
t2^4*s2^1*u^1*v^2,
t2^5*u^1*v^2,
t2^5*s2^1*v^2,
t1^4*t2^1*s2^1*v^2,
s1^6*v^2,
t1^1*s1^5*v^2,
t1^2*s1^4*v^2,
t1^3*s1^3*v^2,
t1^4*s1^2*v^2,
t1^5*s1^1*v^2,
t2^6*v^2,
t1^4*t2^2*v^2,
t1^6*v^2,
u^7*v^1,
s2^1*u^6*v^1,
s1^1*u^6*v^1,
t2^1*u^6*v^1,
t1^1*u^6*v^1,
s2^2*u^5*v^1,
t1^1*s1^1*u^5*v^1,
t1^2*u^5*v^1,
s2^3*u^4*v^1,
t1^2*s1^1*u^4*v^1,
t1^3*u^4*v^1,
s2^4*u^3*v^1,
t1^3*s1^1*u^3*v^1,
t1^4*u^3*v^1,
s2^5*u^2*v^1,
t1^4*s1^1*u^2*v^1,
t1^5*u^2*v^1,
s2^6*u^1*v^1,
t2^1*s2^5*u^1*v^1,
t2^2*s1^1*s2^4*v^1,
t1^1*t2^2*s2^4*v^1,
t2^3*s1^1*s2^3*v^1,
t1^1*t2^3*s2^3*v^1,
t2^4*s1^1*s2^2*v^1,
t1^1*t2^4*s2^2*v^1,
s1^6*s2^1*v^1,
t1^1*s1^5*s2^1*v^1,
t1^2*s1^4*s2^1*v^1,
t1^3*s1^3*s2^1*v^1,
t1^4*s1^2*s2^1*v^1,
t2^5*s1^1*s2^1*v^1,
t1^5*s1^1*s2^1*v^1,
t1^1*t2^5*s2^1*v^1,
t1^6*s2^1*v^1,
t2^1*s1^6*v^1,
t2^2*s1^5*v^1,
t1^1*t2^1*s1^5*v^1,
t2^3*s1^4*v^1,
t1^1*t2^2*s1^4*v^1,
t1^2*t2^1*s1^4*v^1,
t2^4*s1^3*v^1,
t1^1*t2^3*s1^3*v^1,
t1^2*t2^2*s1^3*v^1,
t1^3*t2^1*s1^3*v^1,
t2^5*s1^2*v^1,
t1^1*t2^4*s1^2*v^1,
t1^2*t2^3*s1^2*v^1,
t1^3*t2^2*s1^2*v^1,
t1^4*t2^1*s1^2*v^1,
t2^6*s1^1*v^1,
t1^1*t2^5*s1^1*v^1,
t1^2*t2^4*s1^1*v^1,
t1^3*t2^3*s1^1*v^1,
t1^4*t2^2*s1^1*v^1,
t1^5*t2^1*s1^1*v^1,
t1^1*t2^6*v^1,
t1^2*t2^5*v^1,
t1^3*t2^4*v^1,
t1^4*t2^3*v^1,
t1^5*t2^2*v^1,
t1^6*t2^1*v^1,
u^8,
s2^1*u^7,
s1^1*u^7,
t2^1*u^7,
t1^1*u^7,
s2^2*u^6,
s1^1*s2^1*u^6,
t2^1*s2^1*u^6,
t1^1*s2^1*u^6,
t2^1*s1^1*u^6,
t1^1*s1^1*u^6,
t2^2*u^6,
t1^1*t2^1*u^6,
t1^2*u^6,
s2^3*u^5,
s1^1*s2^2*u^5,
t2^1*s2^2*u^5,
t1^1*s2^2*u^5,
t2^1*s1^1*s2^1*u^5,
t1^1*s1^1*s2^1*u^5,
t2^2*s2^1*u^5,
t1^1*t2^1*s2^1*u^5,
t1^2*s2^1*u^5,
t2^2*s1^1*u^5,
t1^1*t2^1*s1^1*u^5,
t1^2*s1^1*u^5,
t1^1*t2^2*u^5,
t1^2*t2^1*u^5,
t1^3*u^5,
s2^4*u^4,
s1^1*s2^3*u^4,
t2^1*s2^3*u^4,
t1^1*s2^3*u^4,
t2^1*s1^1*s2^2*u^4,
t1^1*s1^1*s2^2*u^4,
t2^2*s2^2*u^4,
t1^1*t2^1*s2^2*u^4,
t1^2*s2^2*u^4,
t2^2*s1^1*s2^1*u^4,
t1^1*t2^1*s1^1*s2^1*u^4,
t1^2*s1^1*s2^1*u^4,
t1^1*t2^2*s2^1*u^4,
t1^2*t2^1*s2^1*u^4,
t1^3*s2^1*u^4,
t1^1*t2^2*s1^1*u^4,
t1^2*t2^1*s1^1*u^4,
t1^3*s1^1*u^4,
t1^2*t2^2*u^4,
t1^3*t2^1*u^4,
t1^4*u^4,
s2^5*u^3,
s1^1*s2^4*u^3,
t2^1*s2^4*u^3,
t1^1*s2^4*u^3,
t2^1*s1^1*s2^3*u^3,
t1^1*s1^1*s2^3*u^3,
t2^2*s2^3*u^3,
t1^1*t2^1*s2^3*u^3,
t1^2*s2^3*u^3,
t2^2*s1^1*s2^2*u^3,
t1^1*t2^1*s1^1*s2^2*u^3,
t1^2*s1^1*s2^2*u^3,
t1^1*t2^2*s2^2*u^3,
t1^2*t2^1*s2^2*u^3,
t1^3*s2^2*u^3,
t1^1*t2^2*s1^1*s2^1*u^3,
t1^2*t2^1*s1^1*s2^1*u^3,
t1^3*s1^1*s2^1*u^3,
t1^2*t2^2*s2^1*u^3,
t1^3*t2^1*s2^1*u^3,
t1^4*s2^1*u^3,
t1^2*t2^2*s1^1*u^3,
t1^3*t2^1*s1^1*u^3,
t1^4*s1^1*u^3,
t1^3*t2^2*u^3,
t1^4*t2^1*u^3,
t1^5*u^3,
s2^6*u^2,
s1^1*s2^5*u^2,
t2^1*s2^5*u^2,
t1^1*s2^5*u^2,
t2^1*s1^1*s2^4*u^2,
t1^1*s1^1*s2^4*u^2,
t1^1*t2^1*s2^4*u^2,
t1^2*s2^4*u^2,
t2^2*s1^1*s2^3*u^2,
t1^1*t2^1*s1^1*s2^3*u^2,
t1^2*s1^1*s2^3*u^2,
t1^1*t2^2*s2^3*u^2,
t1^2*t2^1*s2^3*u^2,
t1^3*s2^3*u^2,
t1^1*t2^2*s1^1*s2^2*u^2,
t1^2*t2^1*s1^1*s2^2*u^2,
t1^3*s1^1*s2^2*u^2,
t1^2*t2^2*s2^2*u^2,
t1^3*t2^1*s2^2*u^2,
t1^4*s2^2*u^2,
t1^2*t2^2*s1^1*s2^1*u^2,
t1^3*t2^1*s1^1*s2^1*u^2,
t1^4*s1^1*s2^1*u^2,
t1^3*t2^2*s2^1*u^2,
t1^4*t2^1*s2^1*u^2,
t1^5*s2^1*u^2,
t1^3*t2^2*s1^1*u^2,
t1^4*t2^1*s1^1*u^2,
t1^4*t2^2*u^2,
t1^5*t2^1*u^2,
s1^1*s2^6*u^1,
t1^1*s2^6*u^1,
s1^2*s2^5*u^1,
t2^1*s1^1*s2^5*u^1,
t1^1*s1^1*s2^5*u^1,
t1^1*t2^1*s2^5*u^1,
t1^2*s2^5*u^1,
s1^3*s2^4*u^1,
t2^1*s1^2*s2^4*u^1,
t1^1*s1^2*s2^4*u^1,
t1^1*t2^1*s1^1*s2^4*u^1,
t1^2*s1^1*s2^4*u^1,
t1^2*t2^1*s2^4*u^1,
t1^3*s2^4*u^1,
s1^4*s2^3*u^1,
t2^1*s1^3*s2^3*u^1,
t1^1*s1^3*s2^3*u^1,
t2^2*s1^2*s2^3*u^1,
t1^1*t2^1*s1^2*s2^3*u^1,
t1^2*s1^2*s2^3*u^1,
t1^1*t2^2*s1^1*s2^3*u^1,
t1^2*t2^1*s1^1*s2^3*u^1,
t1^3*s1^1*s2^3*u^1,
t1^2*t2^2*s2^3*u^1,
t1^3*t2^1*s2^3*u^1,
t1^4*s2^3*u^1,
s1^5*s2^2*u^1,
t2^1*s1^4*s2^2*u^1,
t1^1*s1^4*s2^2*u^1,
t2^2*s1^3*s2^2*u^1,
t1^1*t2^1*s1^3*s2^2*u^1,
t1^2*s1^3*s2^2*u^1,
t2^3*s1^2*s2^2*u^1,
t1^1*t2^2*s1^2*s2^2*u^1,
t1^2*t2^1*s1^2*s2^2*u^1,
t1^3*s1^2*s2^2*u^1,
t1^1*t2^3*s1^1*s2^2*u^1,
t1^2*t2^2*s1^1*s2^2*u^1,
t1^3*t2^1*s1^1*s2^2*u^1,
t1^4*s1^1*s2^2*u^1,
t1^2*t2^3*s2^2*u^1,
t1^3*t2^2*s2^2*u^1,
t1^4*t2^1*s2^2*u^1,
t1^5*s2^2*u^1,
t2^1*s1^5*s2^1*u^1,
t2^2*s1^4*s2^1*u^1,
t1^1*t2^1*s1^4*s2^1*u^1,
t1^1*t2^2*s1^3*s2^1*u^1,
t1^2*t2^1*s1^3*s2^1*u^1,
t2^4*s1^2*s2^1*u^1,
t1^3*t2^1*s1^2*s2^1*u^1,
t1^1*t2^4*s1^1*s2^1*u^1,
t1^3*t2^2*s1^1*s2^1*u^1,
t1^4*t2^1*s1^1*s2^1*u^1,
t1^4*t2^2*s2^1*u^1,
t1^5*t2^1*s2^1*u^1,
t2^2*s1^5*u^1,
t1^1*t2^2*s1^4*u^1,
t2^5*s1^2*u^1,
t1^1*t2^5*s1^1*u^1,
t1^4*t2^2*s1^1*u^1,
t1^5*t2^2*u^1,
s1^2*s2^6,
t1^1*s1^1*s2^6,
t1^2*s2^6,
s1^3*s2^5,
t2^1*s1^2*s2^5,
t1^1*s1^2*s2^5,
t1^1*t2^1*s1^1*s2^5,
t1^2*s1^1*s2^5,
t1^2*t2^1*s2^5,
t1^3*s2^5,
t2^1*s1^3*s2^4,
t2^2*s1^2*s2^4,
t1^1*t2^1*s1^2*s2^4,
t1^1*t2^2*s1^1*s2^4,
t1^2*t2^1*s1^1*s2^4,
t1^2*t2^2*s2^4,
t1^3*t2^1*s2^4,
t1^4*s2^4,
s1^5*s2^3,
t1^1*s1^4*s2^3,
t2^2*s1^3*s2^3,
t1^1*t2^1*s1^3*s2^3,
t1^2*s1^3*s2^3,
t2^3*s1^2*s2^3,
t1^1*t2^2*s1^2*s2^3,
t1^2*t2^1*s1^2*s2^3,
t1^3*s1^2*s2^3,
t1^1*t2^3*s1^1*s2^3,
t1^2*t2^2*s1^1*s2^3,
t1^3*t2^1*s1^1*s2^3,
t1^4*s1^1*s2^3,
t1^2*t2^3*s2^3,
t1^3*t2^2*s2^3,
t1^4*t2^1*s2^3,
t1^5*s2^3,
s1^6*s2^2,
t2^1*s1^5*s2^2,
t1^1*s1^5*s2^2,
t1^1*t2^1*s1^4*s2^2,
t1^2*s1^4*s2^2,
t2^3*s1^3*s2^2,
t1^1*t2^2*s1^3*s2^2,
t1^2*t2^1*s1^3*s2^2,
t1^3*s1^3*s2^2,
t2^4*s1^2*s2^2,
t1^1*t2^3*s1^2*s2^2,
t1^2*t2^2*s1^2*s2^2,
t1^3*t2^1*s1^2*s2^2,
t1^4*s1^2*s2^2,
t1^1*t2^4*s1^1*s2^2,
t1^2*t2^3*s1^1*s2^2,
t1^3*t2^2*s1^1*s2^2,
t1^4*t2^1*s1^1*s2^2,
t1^5*s1^1*s2^2,
t1^2*t2^4*s2^2,
t1^3*t2^3*s2^2,
t1^4*t2^2*s2^2,
t1^5*t2^1*s2^2,
t1^6*s2^2,
t2^1*s1^6*s2^1,
t2^2*s1^5*s2^1,
t1^1*t2^1*s1^5*s2^1,
t2^3*s1^4*s2^1,
t1^1*t2^2*s1^4*s2^1,
t1^2*t2^1*s1^4*s2^1,
t2^4*s1^3*s2^1,
t1^1*t2^3*s1^3*s2^1,
t1^2*t2^2*s1^3*s2^1,
t1^3*t2^1*s1^3*s2^1,
t2^5*s1^2*s2^1,
t1^1*t2^4*s1^2*s2^1,
t1^2*t2^3*s1^2*s2^1,
t1^3*t2^2*s1^2*s2^1,
t1^4*t2^1*s1^2*s2^1,
t1^1*t2^5*s1^1*s2^1,
t1^2*t2^4*s1^1*s2^1,
t1^3*t2^3*s1^1*s2^1,
t1^4*t2^2*s1^1*s2^1,
t1^5*t2^1*s1^1*s2^1,
t1^2*t2^5*s2^1,
t1^3*t2^4*s2^1,
t1^4*t2^3*s2^1,
t1^5*t2^2*s2^1,
t1^6*t2^1*s2^1,
t2^2*s1^6,
t2^3*s1^5,
t1^1*t2^2*s1^5,
t2^4*s1^4,
t1^1*t2^3*s1^4,
t1^2*t2^2*s1^4,
t2^5*s1^3,
t1^1*t2^4*s1^3,
t1^2*t2^3*s1^3,
t1^3*t2^2*s1^3,
t2^6*s1^2,
t1^1*t2^5*s1^2,
t1^2*t2^4*s1^2,
t1^3*t2^3*s1^2,
t1^4*t2^2*s1^2,
t1^1*t2^6*s1^1,
t1^2*t2^5*s1^1,
t1^3*t2^4*s1^1,
t1^4*t2^3*s1^1,
t1^5*t2^2*s1^1,
t1^2*t2^6,
t1^3*t2^5,
t1^4*t2^4,
t1^5*t2^3,
t1^6*t2^2,
t2^1*s1^2*s2^1*v^5,
t1^1*t2^1*s1^1*s2^1*v^5,
t1^2*t2^1*s2^1*v^5,
t2^2*s1^2*v^5,
t1^1*t2^2*s1^1*v^5,
t1^2*t2^2*v^5,
t2^1*s1^2*s2^1*u^1*v^4,
t2^2*s1^2*u^1*v^4,
t2^1*s1^3*s2^1*v^4,
t2^2*s1^2*s2^1*v^4,
t1^1*t2^1*s1^2*s2^1*v^4,
t1^1*t2^2*s1^1*s2^1*v^4,
t1^2*t2^1*s1^1*s2^1*v^4,
t1^2*t2^2*s2^1*v^4,
t1^3*t2^1*s2^1*v^4,
t2^2*s1^3*v^4,
t2^3*s1^2*v^4,
t1^1*t2^2*s1^2*v^4,
t1^1*t2^3*s1^1*v^4,
t1^2*t2^2*s1^1*v^4,
t1^2*t2^3*v^4,
t1^3*t2^2*v^4,
t2^2*s1^2*s2^1*u^1*v^3,
t2^3*s1^2*u^1*v^3,
t2^1*s1^4*s2^1*v^3,
t2^2*s1^3*s2^1*v^3,
t1^1*t2^1*s1^3*s2^1*v^3,
t2^3*s1^2*s2^1*v^3,
t1^1*t2^2*s1^2*s2^1*v^3,
t1^2*t2^1*s1^2*s2^1*v^3,
t1^1*t2^3*s1^1*s2^1*v^3,
t1^2*t2^2*s1^1*s2^1*v^3,
t1^3*t2^1*s1^1*s2^1*v^3,
t1^2*t2^3*s2^1*v^3,
t1^3*t2^2*s2^1*v^3,
t2^2*s1^4*v^3,
t2^3*s1^3*v^3,
t1^1*t2^2*s1^3*v^3,
t2^4*s1^2*v^3,
t1^1*t2^3*s1^2*v^3,
t1^2*t2^2*s1^2*v^3,
t1^1*t2^4*s1^1*v^3,
t1^2*t2^3*s1^1*v^3,
t1^3*t2^2*s1^1*v^3,
t1^2*t2^4*v^3,
t1^3*t2^3*v^3,
t2^3*s1^2*s2^1*u^1*v^2,
t2^4*s1^2*u^1*v^2,
t2^1*s1^5*s2^1*v^2,
t2^2*s1^4*s2^1*v^2,
t1^1*t2^1*s1^4*s2^1*v^2,
t2^3*s1^3*s2^1*v^2,
t1^1*t2^2*s1^3*s2^1*v^2,
t1^2*t2^1*s1^3*s2^1*v^2,
t2^4*s1^2*s2^1*v^2,
t1^1*t2^3*s1^2*s2^1*v^2,
t1^2*t2^2*s1^2*s2^1*v^2,
t1^3*t2^1*s1^2*s2^1*v^2,
t1^1*t2^4*s1^1*s2^1*v^2,
t1^2*t2^3*s1^1*s2^1*v^2,
t1^3*t2^2*s1^1*s2^1*v^2,
t1^2*t2^4*s2^1*v^2,
t1^3*t2^3*s2^1*v^2,
s1^4*s2^4*v^1,
t1^1*s1^3*s2^4*v^1,
t1^2*s1^2*s2^4*v^1,
t1^3*s1^1*s2^4*v^1,
t2^1*s1^4*s2^3*v^1,
t2^2*s1^4*s2^2*v^1]:
