off: 313 rows compared, 313 as required
off trace steps: 129 compared, 129 as required, 0 with rows skipped
replay: 359 rows compared, 359 as required
replay trace steps: 1111 compared, 1111 as required, 37 with rows skipped

Multiply-adds saved by the exit (replay against the committed rows). The last
column is `rows_skipped_full_rank` as the round-6 build counted it: up to one
chunk short, a counting error fixed after the runs (note section 15.10). The
exact count is the step's S-rows minus the fill point its trace prints.

| file | kind | m | control | N | target | committed | replay | saved | S-rows skipped |
|:--|:--|--:|:--|--:|--:|--:|--:|--:|--:|
| D1-kummer-m4-p1-N12-trace | kummer | 4 | tower | 12 | 0 | 8.548e+10 | 5.194e+10 | 39.2% | 4240 |
| I0-isogeny-m2-p0-N20 | isogeny | 2 | tower | 20 | 0 | 4.45e+11 | 4.38e+11 | 1.6% | 15548 |
| I0-isogeny-m2-p0-N20 | isogeny | 2 | tower | 20 | 1 | 4.45e+11 | 4.38e+11 | 1.6% | 15548 |
| K0-kummer-m2-p0-N20 | kummer | 2 | tower | 20 | 0 | 4.842e+11 | 4.82e+11 | 0.5% | 1280 |
| K0-kummer-m2-p0-N20 | kummer | 2 | tower | 20 | 1 | 4.842e+11 | 4.82e+11 | 0.5% | 1280 |
| K1-kummer-m2-p1 | kummer | 2 | tower | 12 | 0 | 6.501e+07 | 6.48e+07 | 0.3% | 105 |
| K1-kummer-m2-p1 | kummer | 2 | tower | 12 | 1 | 6.501e+07 | 6.48e+07 | 0.3% | 105 |
| K1-kummer-m2-p1 | kummer | 2 | tower | 14 | 0 | 6.513e+08 | 5.571e+08 | 14.5% | 1910 |
| K1-kummer-m2-p1 | kummer | 2 | tower | 14 | 1 | 6.513e+08 | 5.571e+08 | 14.5% | 1910 |
| K1-kummer-m2-p1 | kummer | 2 | tower | 16 | 0 | 6.178e+09 | 5.681e+09 | 8.1% | 5136 |
| K1-kummer-m2-p1 | kummer | 2 | tower | 16 | 1 | 6.178e+09 | 5.681e+09 | 8.1% | 5136 |
| K1-kummer-m2-p1 | kummer | 2 | tower | 18 | 0 | 4.598e+10 | 4.596e+10 | 0.1% | 1324 |
| K1-kummer-m2-p1 | kummer | 2 | tower | 18 | 1 | 4.598e+10 | 4.596e+10 | 0.1% | 1324 |
| K1-kummer-m2-p1 | kummer | 2 | tower | 20 | 0 | 4.842e+11 | 4.82e+11 | 0.5% | 1280 |
| K1-kummer-m2-p1 | kummer | 2 | tower | 20 | 1 | 4.842e+11 | 4.82e+11 | 0.5% | 1280 |
| K1-kummer-m2-p1 | kummer | 2 | tower | 22 | 0 | 4.878e+12 | 4.878e+12 | 0.0% | 4218 |
| K1-kummer-m2-p1 | kummer | 2 | tower | 22 | 1 | 4.878e+12 | 4.878e+12 | 0.0% | 4218 |
| K1n-kummer-m2-p1-null | kummer | 2 | null | 12 | 0 | 6.501e+07 | 6.48e+07 | 0.3% | 105 |
| K1n-kummer-m2-p1-null | kummer | 2 | null | 12 | 1 | 6.501e+07 | 6.48e+07 | 0.3% | 105 |
| K1n-kummer-m2-p1-null | kummer | 2 | null | 14 | 0 | 6.513e+08 | 5.571e+08 | 14.5% | 1910 |
| K1n-kummer-m2-p1-null | kummer | 2 | null | 14 | 1 | 6.513e+08 | 5.571e+08 | 14.5% | 1910 |
| K1n-kummer-m2-p1-null | kummer | 2 | null | 16 | 0 | 6.178e+09 | 5.681e+09 | 8.1% | 5136 |
| K1n-kummer-m2-p1-null | kummer | 2 | null | 16 | 1 | 6.178e+09 | 5.681e+09 | 8.1% | 5136 |
| K1n-kummer-m2-p1-null | kummer | 2 | null | 18 | 0 | 4.598e+10 | 4.596e+10 | 0.1% | 1324 |
| K1n-kummer-m2-p1-null | kummer | 2 | null | 18 | 1 | 4.598e+10 | 4.596e+10 | 0.1% | 1324 |
| K1n-kummer-m2-p1-null | kummer | 2 | null | 20 | 0 | 4.842e+11 | 4.82e+11 | 0.5% | 1280 |
| K1n-kummer-m2-p1-null | kummer | 2 | null | 20 | 1 | 4.842e+11 | 4.82e+11 | 0.5% | 1280 |
| M3-kummer-m3-p1 | kummer | 3 | tower | 9 | 0 | 1.591e+08 | 1.59e+08 | 0.1% | 317 |
| M3-kummer-m3-p1 | kummer | 3 | tower | 9 | 1 | 1.591e+08 | 1.59e+08 | 0.1% | 317 |
| M3-kummer-m3-p1 | kummer | 3 | tower | 12 | 0 | 1.06e+10 | 1.06e+10 | 0.0% | 76 |
| M3-kummer-m3-p1 | kummer | 3 | tower | 12 | 1 | 1.06e+10 | 1.06e+10 | 0.0% | 76 |
| M3-kummer-m3-p1 | kummer | 3 | tower | 15 | 0 | 3.186e+12 | 3.186e+12 | 0.0% | 29 |
| M3-kummer-m3-p1 | kummer | 3 | tower | 15 | 1 | 3.186e+12 | 3.186e+12 | 0.0% | 29 |
| M4-kummer-m4-p1 | kummer | 4 | tower | 12 | 0 | 8.548e+10 | 5.194e+10 | 39.2% | 4240 |
| M4-kummer-m4-p1 | kummer | 4 | tower | 12 | 1 | 8.548e+10 | 5.194e+10 | 39.2% | 4240 |
| M4b-kummer-m4-p1-N16 | kummer | 4 | tower | 16 | 0 | 2.705e+13 | 2.039e+13 | 24.6% | 73074 |
| M4b-kummer-m4-p1-N16 | kummer | 4 | tower | 16 | 1 | 2.705e+13 | 2.039e+13 | 24.6% | 73074 |
| XV1-m2-tower-null | kummer | 2 | tower | 2 | 2 | 18 | 17 | 5.6% | 2 |
| XV1-m2-tower-null | kummer | 2 | tower | 2 | 3 | 18 | 17 | 5.6% | 2 |
| XV1-m2-tower-null | kummer | 2 | tower | 4 | 2 | 1424 | 1415 | 0.6% | 9 |
| XV1-m2-tower-null | kummer | 2 | tower | 4 | 3 | 1424 | 1415 | 0.6% | 9 |
| XV1-m2-tower-null | kummer | 2 | tower | 6 | 2 | 3.078e+04 | 3.076e+04 | 0.1% | 20 |
| XV1-m2-tower-null | kummer | 2 | tower | 6 | 3 | 3.078e+04 | 3.076e+04 | 0.1% | 20 |
| XV1-m2-tower-null | kummer | 2 | tower | 8 | 2 | 5.169e+05 | 5.168e+05 | 0.0% | 35 |
| XV1-m2-tower-null | kummer | 2 | tower | 8 | 3 | 5.169e+05 | 5.168e+05 | 0.0% | 35 |
| XV1-m2-tower-null | kummer | 2 | tower | 10 | 2 | 5.432e+06 | 5.431e+06 | 0.0% | 40 |
| XV1-m2-tower-null | kummer | 2 | tower | 10 | 3 | 5.432e+06 | 5.431e+06 | 0.0% | 40 |
| XV1-m2-tower-null | kummer | 2 | tower | 12 | 2 | 6.501e+07 | 6.48e+07 | 0.3% | 105 |
| XV1-m2-tower-null | kummer | 2 | tower | 12 | 3 | 6.501e+07 | 6.48e+07 | 0.3% | 105 |
| XV1-m2-tower-null | kummer | 2 | tower | 14 | 2 | 6.513e+08 | 5.571e+08 | 14.5% | 1910 |
| XV1-m2-tower-null | kummer | 2 | tower | 14 | 3 | 6.513e+08 | 5.571e+08 | 14.5% | 1910 |
| XV1-m2-tower-null | kummer | 2 | tower | 16 | 0 | 6.178e+09 | 5.681e+09 | 8.1% | 5136 |
| XV1-m2-tower-null | kummer | 2 | tower | 16 | 1 | 6.178e+09 | 5.681e+09 | 8.1% | 5136 |
| XV1-m2-tower-null | kummer | 2 | tower | 18 | 0 | 4.598e+10 | 4.596e+10 | 0.1% | 1324 |
| XV1-m2-tower-null | kummer | 2 | tower | 18 | 1 | 4.598e+10 | 4.596e+10 | 0.1% | 1324 |
| XV1-m2-tower-null | kummer | 2 | null | 2 | 2 | 18 | 17 | 5.6% | 2 |
| XV1-m2-tower-null | kummer | 2 | null | 2 | 3 | 18 | 17 | 5.6% | 2 |
| XV1-m2-tower-null | kummer | 2 | null | 4 | 2 | 1424 | 1415 | 0.6% | 9 |
| XV1-m2-tower-null | kummer | 2 | null | 4 | 3 | 1424 | 1415 | 0.6% | 9 |
| XV1-m2-tower-null | kummer | 2 | null | 6 | 2 | 3.078e+04 | 3.076e+04 | 0.1% | 20 |
| XV1-m2-tower-null | kummer | 2 | null | 6 | 3 | 3.078e+04 | 3.076e+04 | 0.1% | 20 |
| XV1-m2-tower-null | kummer | 2 | null | 8 | 2 | 5.169e+05 | 5.168e+05 | 0.0% | 35 |
| XV1-m2-tower-null | kummer | 2 | null | 8 | 3 | 5.169e+05 | 5.168e+05 | 0.0% | 35 |
| XV1-m2-tower-null | kummer | 2 | null | 10 | 2 | 5.432e+06 | 5.431e+06 | 0.0% | 40 |
| XV1-m2-tower-null | kummer | 2 | null | 10 | 3 | 5.432e+06 | 5.431e+06 | 0.0% | 40 |
| XV1-m2-tower-null | kummer | 2 | null | 12 | 2 | 6.501e+07 | 6.48e+07 | 0.3% | 105 |
| XV1-m2-tower-null | kummer | 2 | null | 12 | 3 | 6.501e+07 | 6.48e+07 | 0.3% | 105 |
| XV1-m2-tower-null | kummer | 2 | null | 14 | 2 | 6.513e+08 | 5.571e+08 | 14.5% | 1910 |
| XV1-m2-tower-null | kummer | 2 | null | 14 | 3 | 6.513e+08 | 5.571e+08 | 14.5% | 1910 |
| XV1-m2-tower-null | kummer | 2 | null | 16 | 1 | 6.178e+09 | 5.681e+09 | 8.1% | 5136 |
| XV1-m2-tower-null | kummer | 2 | null | 18 | 1 | 4.598e+10 | 4.596e+10 | 0.1% | 1324 |
| XV1-m2-tower-null | dickson | 2 | tower | 2 | 2 | 18 | 17 | 5.6% | 2 |
| XV1-m2-tower-null | dickson | 2 | tower | 2 | 3 | 18 | 17 | 5.6% | 2 |
| XV1-m2-tower-null | dickson | 2 | tower | 4 | 2 | 1424 | 1415 | 0.6% | 9 |
| XV1-m2-tower-null | dickson | 2 | tower | 4 | 3 | 1424 | 1415 | 0.6% | 9 |
| XV1-m2-tower-null | dickson | 2 | tower | 6 | 2 | 3.126e+04 | 3.124e+04 | 0.1% | 20 |
| XV1-m2-tower-null | dickson | 2 | tower | 6 | 3 | 3.126e+04 | 3.124e+04 | 0.1% | 20 |
| XV1-m2-tower-null | dickson | 2 | tower | 8 | 2 | 4.99e+05 | 4.99e+05 | 0.0% | 35 |
| XV1-m2-tower-null | dickson | 2 | tower | 8 | 3 | 4.99e+05 | 4.99e+05 | 0.0% | 35 |
| XV1-m2-tower-null | dickson | 2 | tower | 10 | 2 | 5.357e+06 | 5.357e+06 | 0.0% | 40 |
| XV1-m2-tower-null | dickson | 2 | tower | 10 | 3 | 5.357e+06 | 5.357e+06 | 0.0% | 40 |
| XV1-m2-tower-null | dickson | 2 | tower | 12 | 2 | 6.45e+07 | 6.428e+07 | 0.3% | 105 |
| XV1-m2-tower-null | dickson | 2 | tower | 12 | 3 | 6.45e+07 | 6.428e+07 | 0.3% | 105 |
| XV1-m2-tower-null | dickson | 2 | tower | 14 | 2 | 6.486e+08 | 5.545e+08 | 14.5% | 1910 |
| XV1-m2-tower-null | dickson | 2 | tower | 14 | 3 | 6.486e+08 | 5.545e+08 | 14.5% | 1910 |
| XV1-m2-tower-null | dickson | 2 | tower | 16 | 0 | 6.349e+09 | 5.85e+09 | 7.9% | 5136 |
| XV1-m2-tower-null | dickson | 2 | tower | 16 | 1 | 6.349e+09 | 5.85e+09 | 7.9% | 5136 |
| XV1-m2-tower-null | dickson | 2 | tower | 18 | 0 | 4.707e+10 | 4.704e+10 | 0.1% | 1324 |
| XV1-m2-tower-null | dickson | 2 | tower | 18 | 1 | 4.707e+10 | 4.704e+10 | 0.1% | 1324 |
| XV1-m2-tower-null | dickson | 2 | null | 2 | 2 | 18 | 17 | 5.6% | 2 |
| XV1-m2-tower-null | dickson | 2 | null | 2 | 3 | 18 | 17 | 5.6% | 2 |
| XV1-m2-tower-null | dickson | 2 | null | 4 | 2 | 1424 | 1415 | 0.6% | 9 |
| XV1-m2-tower-null | dickson | 2 | null | 4 | 3 | 1424 | 1415 | 0.6% | 9 |
| XV1-m2-tower-null | dickson | 2 | null | 6 | 2 | 3.126e+04 | 3.124e+04 | 0.1% | 20 |
| XV1-m2-tower-null | dickson | 2 | null | 6 | 3 | 3.126e+04 | 3.124e+04 | 0.1% | 20 |
| XV1-m2-tower-null | dickson | 2 | null | 8 | 2 | 4.99e+05 | 4.99e+05 | 0.0% | 35 |
| XV1-m2-tower-null | dickson | 2 | null | 8 | 3 | 4.99e+05 | 4.99e+05 | 0.0% | 35 |
| XV1-m2-tower-null | dickson | 2 | null | 10 | 2 | 5.357e+06 | 5.357e+06 | 0.0% | 40 |
| XV1-m2-tower-null | dickson | 2 | null | 10 | 3 | 5.357e+06 | 5.357e+06 | 0.0% | 40 |
| XV1-m2-tower-null | dickson | 2 | null | 12 | 2 | 6.45e+07 | 6.428e+07 | 0.3% | 105 |
| XV1-m2-tower-null | dickson | 2 | null | 12 | 3 | 6.45e+07 | 6.428e+07 | 0.3% | 105 |
| XV1-m2-tower-null | dickson | 2 | null | 14 | 2 | 6.486e+08 | 5.545e+08 | 14.5% | 1910 |
| XV1-m2-tower-null | dickson | 2 | null | 14 | 3 | 6.486e+08 | 5.545e+08 | 14.5% | 1910 |
| XV1-m2-tower-null | dickson | 2 | null | 16 | 0 | 6.349e+09 | 5.85e+09 | 7.9% | 5136 |
| XV1-m2-tower-null | dickson | 2 | null | 16 | 1 | 6.349e+09 | 5.85e+09 | 7.9% | 5136 |
| XV1-m2-tower-null | dickson | 2 | null | 18 | 1 | 4.707e+10 | 4.704e+10 | 0.1% | 1324 |
| XV1-m2-tower-null | isogeny | 2 | tower | 2 | 2 | 18 | 17 | 5.6% | 2 |
| XV1-m2-tower-null | isogeny | 2 | tower | 2 | 3 | 18 | 17 | 5.6% | 2 |
| XV1-m2-tower-null | isogeny | 2 | tower | 4 | 2 | 2587 | 2578 | 0.3% | 9 |
| XV1-m2-tower-null | isogeny | 2 | tower | 4 | 3 | 2587 | 2578 | 0.3% | 9 |
| XV1-m2-tower-null | isogeny | 2 | tower | 6 | 2 | 4.348e+04 | 4.339e+04 | 0.2% | 6 |
| XV1-m2-tower-null | isogeny | 2 | tower | 6 | 3 | 4.348e+04 | 4.339e+04 | 0.2% | 6 |
| XV1-m2-tower-null | isogeny | 2 | tower | 8 | 2 | 5.363e+05 | 5.229e+05 | 2.5% | 172 |
| XV1-m2-tower-null | isogeny | 2 | tower | 8 | 3 | 5.363e+05 | 5.229e+05 | 2.5% | 172 |
| XV1-m2-tower-null | isogeny | 2 | tower | 10 | 2 | 4.022e+06 | 3.957e+06 | 1.6% | 279 |
| XV1-m2-tower-null | isogeny | 2 | tower | 10 | 3 | 4.022e+06 | 3.957e+06 | 1.6% | 279 |
| XV1-m2-tower-null | isogeny | 2 | tower | 12 | 2 | 5.589e+07 | 5.551e+07 | 0.7% | 100 |
| XV1-m2-tower-null | isogeny | 2 | tower | 12 | 3 | 5.589e+07 | 5.551e+07 | 0.7% | 100 |
| XV1-m2-tower-null | isogeny | 2 | tower | 14 | 2 | 7.48e+08 | 7.456e+08 | 0.3% | 342 |
| XV1-m2-tower-null | isogeny | 2 | tower | 14 | 3 | 7.48e+08 | 7.456e+08 | 0.3% | 342 |
| XV1-m2-tower-null | isogeny | 2 | tower | 16 | 0 | 6.982e+09 | 6.976e+09 | 0.1% | 1136 |
| XV1-m2-tower-null | isogeny | 2 | tower | 16 | 1 | 6.982e+09 | 6.976e+09 | 0.1% | 1136 |
| XV1-m2-tower-null | isogeny | 2 | tower | 18 | 0 | 4.545e+10 | 4.381e+10 | 3.6% | 2654 |
| XV1-m2-tower-null | isogeny | 2 | null | 2 | 2 | 18 | 17 | 5.6% | 2 |
| XV1-m2-tower-null | isogeny | 2 | null | 2 | 3 | 18 | 17 | 5.6% | 2 |
| XV1-m2-tower-null | isogeny | 2 | null | 4 | 2 | 2587 | 2578 | 0.3% | 9 |
| XV1-m2-tower-null | isogeny | 2 | null | 4 | 3 | 2587 | 2578 | 0.3% | 9 |
| XV1-m2-tower-null | isogeny | 2 | null | 6 | 2 | 4.348e+04 | 4.339e+04 | 0.2% | 6 |
| XV1-m2-tower-null | isogeny | 2 | null | 6 | 3 | 4.348e+04 | 4.339e+04 | 0.2% | 6 |
| XV1-m2-tower-null | isogeny | 2 | null | 8 | 2 | 5.363e+05 | 5.229e+05 | 2.5% | 172 |
| XV1-m2-tower-null | isogeny | 2 | null | 8 | 3 | 5.363e+05 | 5.229e+05 | 2.5% | 172 |
| XV1-m2-tower-null | isogeny | 2 | null | 10 | 2 | 3.75e+06 | 3.749e+06 | 0.0% | 1 |
| XV1-m2-tower-null | isogeny | 2 | null | 10 | 3 | 3.75e+06 | 3.749e+06 | 0.0% | 1 |
| XV1-m2-tower-null | isogeny | 2 | null | 12 | 2 | 5.543e+07 | 5.506e+07 | 0.7% | 100 |
| XV1-m2-tower-null | isogeny | 2 | null | 12 | 3 | 5.543e+07 | 5.506e+07 | 0.7% | 100 |
| XV1-m2-tower-null | isogeny | 2 | null | 14 | 2 | 7.451e+08 | 7.428e+08 | 0.3% | 342 |
| XV1-m2-tower-null | isogeny | 2 | null | 14 | 3 | 7.451e+08 | 7.428e+08 | 0.3% | 342 |
| XV1-m2-tower-null | isogeny | 2 | null | 16 | 0 | 6.964e+09 | 6.958e+09 | 0.1% | 1136 |
| XV1-m2-tower-null | isogeny | 2 | null | 16 | 1 | 6.964e+09 | 6.958e+09 | 0.1% | 1136 |
| XV1-m2-tower-null | isogeny | 2 | null | 18 | 0 | 4.539e+10 | 4.375e+10 | 3.6% | 2654 |
| XV1-m2-tower-null | isogeny | 2 | null | 18 | 1 | 4.539e+10 | 4.375e+10 | 3.6% | 2654 |
| XV2-m3-tower | kummer | 3 | tower | 6 | 2 | 3.91e+05 | 3.908e+05 | 0.0% | 17 |
| XV2-m3-tower | kummer | 3 | tower | 6 | 3 | 3.91e+05 | 3.908e+05 | 0.0% | 17 |
| XV2-m3-tower | kummer | 3 | tower | 9 | 2 | 1.591e+08 | 1.59e+08 | 0.1% | 317 |
| XV2-m3-tower | kummer | 3 | tower | 9 | 3 | 1.591e+08 | 1.59e+08 | 0.1% | 317 |
| XV2-m3-tower | kummer | 3 | tower | 12 | 0 | 1.06e+10 | 1.06e+10 | 0.0% | 76 |
| XV2-m3-tower | kummer | 3 | tower | 12 | 1 | 1.06e+10 | 1.06e+10 | 0.0% | 76 |
| XV2-m3-tower | dickson | 3 | tower | 6 | 2 | 4.165e+05 | 4.164e+05 | 0.0% | 17 |
| XV2-m3-tower | dickson | 3 | tower | 6 | 3 | 4.165e+05 | 4.164e+05 | 0.0% | 17 |
| XV2-m3-tower | dickson | 3 | tower | 9 | 2 | 1.637e+08 | 1.636e+08 | 0.1% | 317 |
| XV2-m3-tower | dickson | 3 | tower | 9 | 3 | 1.637e+08 | 1.636e+08 | 0.1% | 317 |
| XV2-m3-tower | dickson | 3 | tower | 12 | 0 | 1.047e+10 | 1.047e+10 | 0.0% | 76 |
| XV2-m3-tower | dickson | 3 | tower | 12 | 1 | 1.047e+10 | 1.047e+10 | 0.0% | 76 |
| XV2-m3-tower | isogeny | 3 | tower | 6 | 2 | 9.984e+05 | 9.982e+05 | 0.0% | 18 |
| XV2-m3-tower | isogeny | 3 | tower | 6 | 3 | 9.984e+05 | 9.982e+05 | 0.0% | 18 |
| XV2-m3-tower | isogeny | 3 | tower | 9 | 2 | 2.672e+08 | 2.672e+08 | 0.0% | 64 |
| XV2-m3-tower | isogeny | 3 | tower | 9 | 3 | 2.672e+08 | 2.672e+08 | 0.0% | 64 |
| XV2-m3-tower | isogeny | 3 | tower | 12 | 0 | 1.747e+10 | 1.746e+10 | 0.0% | 124 |
| XV2-m3-tower | isogeny | 3 | tower | 12 | 1 | 1.747e+10 | 1.746e+10 | 0.0% | 124 |
| XV3-m4-tower-random | kummer | 4 | tower | 12 | 0 | 8.548e+10 | 5.194e+10 | 39.2% | 4240 |
| XV3-m4-tower-random | kummer | 4 | tower | 12 | 1 | 8.548e+10 | 5.194e+10 | 39.2% | 4240 |
| XV3-m4-tower-random | isogeny | 4 | tower | 12 | 0 | 8.897e+10 | 5.27e+10 | 40.8% | 4622 |
| XV3-m4-tower-random | isogeny | 4 | tower | 12 | 1 | 8.897e+10 | 5.27e+10 | 40.8% | 4622 |
| XV5-kummer-m2-p32 | kummer | 2 | tower | 2 | 2 | 18 | 17 | 5.6% | 2 |
| XV5-kummer-m2-p32 | kummer | 2 | tower | 2 | 3 | 18 | 17 | 5.6% | 2 |
| XV5-kummer-m2-p32 | kummer | 2 | tower | 4 | 2 | 1424 | 1415 | 0.6% | 9 |
| XV5-kummer-m2-p32 | kummer | 2 | tower | 4 | 3 | 1424 | 1415 | 0.6% | 9 |
| XV5-kummer-m2-p32 | kummer | 2 | tower | 6 | 2 | 3.078e+04 | 3.076e+04 | 0.1% | 20 |
| XV5-kummer-m2-p32 | kummer | 2 | tower | 6 | 3 | 3.078e+04 | 3.076e+04 | 0.1% | 20 |
| XV5-kummer-m2-p32 | kummer | 2 | tower | 8 | 2 | 5.169e+05 | 5.168e+05 | 0.0% | 35 |
| XV5-kummer-m2-p32 | kummer | 2 | tower | 8 | 3 | 5.169e+05 | 5.168e+05 | 0.0% | 35 |
| XV5-kummer-m2-p32 | kummer | 2 | tower | 10 | 2 | 5.432e+06 | 5.431e+06 | 0.0% | 40 |
| XV5-kummer-m2-p32 | kummer | 2 | tower | 10 | 3 | 5.432e+06 | 5.431e+06 | 0.0% | 40 |
| XV5-kummer-m2-p32 | kummer | 2 | tower | 12 | 2 | 6.501e+07 | 6.48e+07 | 0.3% | 105 |
| XV5-kummer-m2-p32 | kummer | 2 | tower | 12 | 3 | 6.501e+07 | 6.48e+07 | 0.3% | 105 |
| XV5-kummer-m2-p32 | kummer | 2 | tower | 14 | 2 | 6.513e+08 | 5.571e+08 | 14.5% | 1910 |
| XV5-kummer-m2-p32 | kummer | 2 | tower | 14 | 3 | 6.513e+08 | 5.571e+08 | 14.5% | 1910 |
| XV5-kummer-m2-p32 | kummer | 2 | tower | 16 | 0 | 6.178e+09 | 5.681e+09 | 8.1% | 5136 |
| XV5-kummer-m2-p32 | kummer | 2 | tower | 16 | 1 | 6.178e+09 | 5.681e+09 | 8.1% | 5136 |

IDENTICAL, as required
