Initial seed for pseudo-random number generator is 0

--------------- INPUT DATA ---------------
#variables                       6
#equations                      15
#invalid equations               0
field characteristic            17
homogeneous input?               0
signature-based computation      0
monomial order                 DRL
basis hash table resetting     OFF
linear algebra option            2
initial hash table size     131072 (2^17)
max pair selection             ALL
reduce gb                        1
#threads                         1
info level                       2
generate pbm files               0
------------------------------------------

Legend for f4 information
--------------------------------------------------------
deg       current degree of pairs selected in this round
sel       number of pairs selected in this round
pairs     total number of pairs in pair list
mat       matrix dimensions (# rows x # columns)
density   density of the matrix
new data  # new elements for basis in this round
          # zero reductions during linear algebra
time(rd)  time of the current f4 round in seconds given
          for real and cpu time
--------------------------------------------------------

deg     sel   pairs        mat          density            new data         time(rd) in sec (real|cpu)
------------------------------------------------------------------------------------------------------
  6      12      20      40 x 104         7.98%        2 new      10 zero         0.00 | 0.00         
  6       2      20      17 x 93         14.99%        2 new       0 zero         0.00 | 0.00         
  6       4      26      25 x 135        14.13%        2 new       2 zero         0.00 | 0.00         
  6       3      26      32 x 161        13.35%        1 new       2 zero         0.00 | 0.00         
  7      21      27     164 x 499         3.42%       19 new       2 zero         0.00 | 0.00         
  6      14     101      64 x 193        10.06%       12 new       2 zero         0.00 | 0.00         
  6      21     129      80 x 190        12.80%       13 new       8 zero         0.00 | 0.00         
  5      18     118      56 x 101        21.07%       10 new       8 zero         0.00 | 0.00         
  5      18     133      62 x 103        23.08%        6 new      12 zero         0.00 | 0.00         
  5      13     134      56 x 133        18.00%        5 new       8 zero         0.00 | 0.00         
  5       7     139      50 x 131        18.35%        3 new       4 zero         0.00 | 0.00         
  6      46     141     207 x 289         9.21%       15 new      33 zero         0.00 | 0.00         
  6      50     165     192 x 261        13.02%       20 new      31 zero         0.00 | 0.00         
  5      32     190     137 x 205        17.55%        8 new      24 zero         0.00 | 0.00         
  5      16     174     119 x 273        13.65%        8 new       8 zero         0.00 | 0.00         
  5      20     173     130 x 306        13.08%        8 new      12 zero         0.00 | 0.00         
  5      21     164     137 x 303        15.06%       12 new       9 zero         0.00 | 0.00         
  5      16     191     116 x 265        17.79%        6 new      10 zero         0.00 | 0.00         
  6     137     194     555 x 638         8.45%       64 new      73 zero         0.00 | 0.00         
  5     120     256     370 x 406        20.35%       40 new      80 zero         0.00 | 0.00         
  5     180     241     462 x 382        23.77%        1 new     195 zero         0.00 | 0.00         
  5       6      65     226 x 335        20.72%        0 new       6 zero         0.00 | 0.00         
  6      55      59     448 x 508        13.03%        0 new      55 zero         0.00 | 0.00         
  7       4       4     564 x 675         7.89%        0 new       4 zero         0.00 | 0.00         
------------------------------------------------------------------------------------------------------
reduce final basis      121 x 236        31.63%      121 new       0 zero         0.00 | 0.00         
------------------------------------------------------------------------------------------------------

---------------- TIMINGS ----------------
overall(elapsed)        0.01 sec
overall(cpu)            0.01 sec
select                  0.00 sec  10.4%
symbolic prep.          0.00 sec  10.8%
update                  0.01 sec  48.5%
convert                 0.00 sec   5.5%
linear algebra          0.00 sec  21.5%
reduce gb               0.00 sec   0.0%
-----------------------------------------

---------- COMPUTATIONAL DATA -----------
size of basis                   121
#terms in basis                9230
#pairs reduced                  836
#GM criterion                 36020
#redundant elements             151
#rows reduced                  1831
#zero reductions                598
max. matrix data                564 x 675 (7.894%)
max. symbolic hash table size  2^11
max. basis hash table size     2^16
-----------------------------------------

#Leading ideal data
#---
#field characteristic: 17
#variable order:       t1, t2, s1, s2, u, v
#monomial order:       graded reverse lexicographical
#length of basis:      121 elements sorted by increasing leading monomials
#---
[u^2*v^2,
s2^2*v^2,
s1^1*u^2*v^1,
t1^1*u^2*v^1,
s1^2*u^1*v^1,
t1^1*s1^1*u^1*v^1,
t1^2*u^1*v^1,
s2^3*v^1,
t2^1*s2^2*v^1,
t1^1*s2^2*v^1,
t2^1*s1^1*s2^1*v^1,
t1^1*s1^1*s2^1*v^1,
t2^2*s2^1*v^1,
t1^1*t2^1*s2^1*v^1,
t1^2*s2^1*v^1,
s1^3*v^1,
t2^1*s1^2*v^1,
t1^1*s1^2*v^1,
t2^2*s1^1*v^1,
t1^1*t2^1*s1^1*v^1,
t1^2*s1^1*v^1,
t2^3*v^1,
t1^1*t2^2*v^1,
t1^2*t2^1*v^1,
t1^3*v^1,
u^4,
s2^1*u^3,
s1^1*u^3,
t2^1*u^3,
t1^1*u^3,
s2^2*u^2,
s1^1*s2^1*u^2,
t2^1*s2^1*u^2,
t1^1*s2^1*u^2,
s1^2*u^2,
t2^1*s1^1*u^2,
t1^1*s1^1*u^2,
t2^2*u^2,
t1^1*t2^1*u^2,
t1^2*u^2,
s2^3*u^1,
s1^1*s2^2*u^1,
t2^1*s2^2*u^1,
t1^1*s2^2*u^1,
s1^2*s2^1*u^1,
t2^1*s1^1*s2^1*u^1,
t1^1*s1^1*s2^1*u^1,
t2^2*s2^1*u^1,
t1^1*t2^1*s2^1*u^1,
t1^2*s2^1*u^1,
s1^3*u^1,
t2^1*s1^2*u^1,
t1^1*s1^2*u^1,
t2^2*s1^1*u^1,
t1^1*t2^1*s1^1*u^1,
t1^2*s1^1*u^1,
t2^3*u^1,
t1^1*t2^2*u^1,
t1^2*t2^1*u^1,
t1^3*u^1,
s2^4,
s1^1*s2^3,
t2^1*s2^3,
t1^1*s2^3,
s1^2*s2^2,
t2^1*s1^1*s2^2,
t1^1*s1^1*s2^2,
t2^2*s2^2,
t1^1*t2^1*s2^2,
t1^2*s2^2,
s1^3*s2^1,
t2^1*s1^2*s2^1,
t1^1*s1^2*s2^1,
t2^2*s1^1*s2^1,
t1^1*t2^1*s1^1*s2^1,
t1^2*s1^1*s2^1,
t2^3*s2^1,
t1^1*t2^2*s2^1,
t1^2*t2^1*s2^1,
t1^3*s2^1,
s1^4,
t2^1*s1^3,
t1^1*s1^3,
t2^2*s1^2,
t1^1*t2^1*s1^2,
t1^2*s1^2,
t2^3*s1^1,
t1^1*t2^2*s1^1,
t1^2*t2^1*s1^1,
t1^3*s1^1,
t2^4,
t1^1*t2^3,
t1^2*t2^2,
t1^3*t2^1,
t1^4,
v^5,
u^1*v^4,
s2^1*v^4,
s1^1*v^4,
t2^1*v^4,
t1^1*v^4,
s2^1*u^1*v^3,
s1^1*u^1*v^3,
t2^1*u^1*v^3,
t1^1*u^1*v^3,
s1^1*s2^1*v^3,
t2^1*s2^1*v^3,
t1^1*s2^1*v^3,
s1^2*v^3,
t2^1*s1^1*v^3,
t1^1*s1^1*v^3,
t2^2*v^3,
t1^1*t2^1*v^3,
t1^2*v^3,
s1^1*s2^1*u^1*v^2,
t2^1*s2^1*u^1*v^2,
t1^1*s2^1*u^1*v^2,
t2^1*s1^1*u^1*v^2,
t2^2*u^1*v^2,
t1^1*t2^1*u^1*v^2,
s1^2*s2^1*v^2]:


------------------------------------------------------------------------------------
msolve overall time           0.01 sec (elapsed) /  0.01 sec (cpu)
------------------------------------------------------------------------------------
