Initial seed for pseudo-random number generator is 0

--------------- INPUT DATA ---------------
#variables                       6
#equations                       7
#invalid equations               0
field characteristic            17
homogeneous input?               0
signature-based computation      0
monomial order                 DRL
basis hash table resetting     OFF
linear algebra option            2
initial hash table size     131072 (2^17)
max pair selection             ALL
reduce gb                        1
#threads                         1
info level                       2
generate pbm files               0
------------------------------------------

Legend for f4 information
--------------------------------------------------------
deg       current degree of pairs selected in this round
sel       number of pairs selected in this round
pairs     total number of pairs in pair list
mat       matrix dimensions (# rows x # columns)
density   density of the matrix
new data  # new elements for basis in this round
          # zero reductions during linear algebra
time(rd)  time of the current f4 round in seconds given
          for real and cpu time
--------------------------------------------------------

deg     sel   pairs        mat          density            new data         time(rd) in sec (real|cpu)
------------------------------------------------------------------------------------------------------
  6       2       4      10 x 68         13.24%        2 new       0 zero         0.00 | 0.00         
  6       2      10      17 x 93         14.99%        2 new       0 zero         0.00 | 0.00         
  6       4      14      25 x 135        14.13%        2 new       2 zero         0.00 | 0.00         
  6       2      14      31 x 147        14.07%        0 new       2 zero         0.00 | 0.00         
  7       6      12      44 x 296         5.50%        5 new       1 zero         0.00 | 0.00         
  7       8      34      59 x 424        10.22%        1 new       7 zero         0.00 | 0.00         
  7       4      30      41 x 401        11.07%        2 new       2 zero         0.00 | 0.00         
  8      15      33     129 x 758         7.29%        6 new       9 zero         0.00 | 0.00         
  8      17      39     290 x 1172        5.96%        1 new      16 zero         0.00 | 0.00         
  9       8      28     366 x 1583        3.91%        6 new       2 zero         0.00 | 0.00         
  9       4      53      40 x 177         9.49%        4 new       0 zero         0.00 | 0.00         
  9       8      76      62 x 223        10.78%        4 new       4 zero         0.00 | 0.00         
  9       6      93      74 x 249        10.50%        2 new       4 zero         0.00 | 0.00         
  9       2      97      48 x 239        15.36%        0 new       2 zero         0.00 | 0.00         
 10      23      95     963 x 3149        2.18%        8 new      15 zero         0.01 | 0.00         
 10       8     119     305 x 793         4.29%        6 new       2 zero         0.00 | 0.00         
 10       6     138     369 x 869         4.32%        2 new       4 zero         0.00 | 0.00         
 11     102     144    2538 x 5677        1.26%       61 new      41 zero         0.01 | 0.01         
 10      23     289     450 x 974         4.96%       11 new      12 zero         0.00 | 0.00         
 10       6     309     414 x 944         4.84%        4 new       2 zero         0.00 | 0.00         
 10       6     326     507 x 1037        4.38%        6 new       0 zero         0.00 | 0.00         
 10      16     356     485 x 999         5.22%       16 new       0 zero         0.00 | 0.00         
 10      56     359     600 x 1098        5.95%       38 new      18 zero         0.00 | 0.00         
  9      64     426     455 x 883         8.89%       42 new      22 zero         0.00 | 0.00         
  9     154     488     628 x 958        10.21%       58 new      98 zero         0.00 | 0.00         
  8      76     466     433 x 779        12.01%       42 new      34 zero         0.00 | 0.00         
  8     146     538     523 x 757        14.42%       36 new     114 zero         0.00 | 0.00         
  8     128     507     557 x 1349        8.06%       24 new     104 zero         0.02 | 0.00         
  8      84     433     484 x 1280        8.94%       22 new      62 zero         0.01 | 0.00         
  8      52     426     437 x 1241       11.62%       22 new      30 zero         0.01 | 0.00         
  8      70     454    1010 x 2250        6.40%       56 new      14 zero         0.05 | 0.01         
  7      12     534     327 x 1115       15.54%       11 new       1 zero         0.01 | 0.00         
  7      18     571     341 x 1112       17.03%       13 new       5 zero         0.01 | 0.00         
  7       6     609     337 x 1107       18.56%        4 new       2 zero         0.01 | 0.00         
  8     299     622    1297 x 2195       13.34%      125 new     174 zero         0.09 | 0.05         
  8     233     799    1216 x 2044       15.69%      101 new     136 zero         0.05 | 0.04         
  8     294     917    1610 x 2428       17.38%      150 new     166 zero         0.18 | 0.08         
  8     480    1154    1714 x 2197       22.87%       84 new     417 zero         0.16 | 0.10         
  8     392     932    1757 x 2260       22.40%       10 new     396 zero         0.06 | 0.06         
  8      12     581    1254 x 2141       18.95%        0 new      12 zero         0.01 | 0.01         
  9     490     569    2941 x 3349       12.70%        0 new     491 zero         0.26 | 0.12         
 10      27      79    4173 x 5045        5.62%        0 new      27 zero         0.03 | 0.02         
 11      52      52    6900 x 7747        2.95%        0 new      52 zero         0.08 | 0.05         
------------------------------------------------------------------------------------------------------
reduce final basis      527 x 1426       43.01%      508 new       0 zero         0.04 | 0.02         
------------------------------------------------------------------------------------------------------

---------------- TIMINGS ----------------
overall(elapsed)        1.11 sec
overall(cpu)            0.61 sec
select                  0.06 sec   5.4%
symbolic prep.          0.13 sec  11.9%
update                  0.22 sec  20.2%
convert                 0.03 sec   2.3%
linear algebra          0.65 sec  58.9%
reduce gb               0.00 sec   0.0%
-----------------------------------------

---------- COMPUTATIONAL DATA -----------
size of basis                   508
#terms in basis              351973
#pairs reduced                 3423
#GM criterion                492087
#redundant elements             488
#rows reduced                  7490
#zero reductions               2502
max. matrix data               6900 x 7747 (2.952%)
max. symbolic hash table size  2^14
max. basis hash table size     2^16
-----------------------------------------

#Leading ideal data
#---
#field characteristic: 17
#variable order:       u, v, t1, t2, s1, s2
#monomial order:       graded reverse lexicographical
#length of basis:      508 elements sorted by increasing leading monomials
#---
[v^2*s2^2,
u^2*s1^2,
u^2*v^2,
u^2*v^1*t2^1*s2^1,
u^1*v^2*t1^1*s1^1,
u^2*t2^3,
u^2*v^1*t2^2,
v^2*t1^3,
u^1*v^2*t1^2,
u^1*v^1*t1^1*t2^1*s1^1*s2^1,
u^1*v^1*t1^2*t2^1*s2^1,
u^1*v^1*t1^1*t2^2*s1^1,
u^1*v^1*t1^2*t2^2,
u^4*v^1*t1^1,
u^5*t1^1,
v^6,
u^1*v^5,
u^5*v^1,
u^6,
s2^7,
t2^1*s2^6,
v^1*s2^6,
u^1*s2^6,
t2^2*s2^5,
v^1*t2^1*s2^5,
u^1*t2^1*s2^5,
u^1*v^1*s2^5,
u^2*s2^5,
t2^3*s2^4,
v^1*t2^2*s2^4,
u^1*t2^2*s2^4,
u^1*v^1*t2^1*s2^4,
u^2*t2^1*s2^4,
u^2*v^1*s2^4,
u^3*s2^4,
u^1*v^1*s1^2*s2^3,
t2^4*s2^3,
v^1*t2^3*s2^3,
u^1*t2^3*s2^3,
u^1*v^1*t2^2*s2^3,
u^2*t2^2*s2^3,
u^3*t2^1*s2^3,
u^3*v^1*s2^3,
u^4*s2^3,
u^1*v^1*s1^3*s2^2,
u^1*v^1*t2^1*s1^2*s2^2,
u^1*t1^2*s1^2*s2^2,
u^1*v^1*t1^1*s1^2*s2^2,
t2^4*s1^1*s2^2,
t1^1*t2^3*s1^1*s2^2,
v^1*t2^3*s1^1*s2^2,
u^1*t2^3*s1^1*s2^2,
t1^2*t2^2*s1^1*s2^2,
v^1*t1^1*t2^2*s1^1*s2^2,
u^1*t1^1*t2^2*s1^1*s2^2,
u^1*v^1*t2^2*s1^1*s2^2,
u^2*t2^2*s1^1*s2^2,
t1^3*t2^1*s1^1*s2^2,
v^1*t1^2*t2^1*s1^1*s2^2,
u^1*t1^2*t2^1*s1^1*s2^2,
u^2*t1^1*t2^1*s1^1*s2^2,
u^3*t2^1*s1^1*s2^2,
t1^4*s1^1*s2^2,
v^1*t1^3*s1^1*s2^2,
u^1*t1^3*s1^1*s2^2,
u^1*v^1*t1^2*s1^1*s2^2,
u^2*t1^2*s1^1*s2^2,
u^2*v^1*t1^1*s1^1*s2^2,
u^3*t1^1*s1^1*s2^2,
u^3*v^1*s1^1*s2^2,
u^4*s1^1*s2^2,
t2^5*s2^2,
t1^1*t2^4*s2^2,
v^1*t2^4*s2^2,
u^1*t2^4*s2^2,
t1^2*t2^3*s2^2,
v^1*t1^1*t2^3*s2^2,
u^1*t1^1*t2^3*s2^2,
u^1*v^1*t2^3*s2^2,
t1^3*t2^2*s2^2,
v^1*t1^2*t2^2*s2^2,
u^1*t1^2*t2^2*s2^2,
u^1*v^1*t1^1*t2^2*s2^2,
u^2*t1^1*t2^2*s2^2,
u^3*t2^2*s2^2,
t1^4*t2^1*s2^2,
v^1*t1^3*t2^1*s2^2,
u^1*t1^3*t2^1*s2^2,
u^2*t1^2*t2^1*s2^2,
u^3*t1^1*t2^1*s2^2,
u^4*t2^1*s2^2,
t1^5*s2^2,
v^1*t1^4*s2^2,
u^1*t1^4*s2^2,
u^1*v^1*t1^3*s2^2,
u^2*t1^3*s2^2,
u^2*v^1*t1^2*s2^2,
u^3*t1^2*s2^2,
u^3*v^1*t1^1*s2^2,
u^4*t1^1*s2^2,
u^4*v^1*s2^2,
u^5*s2^2,
s1^6*s2^1,
t2^1*s1^5*s2^1,
t1^1*s1^5*s2^1,
v^1*s1^5*s2^1,
u^1*s1^5*s2^1,
t1^1*t2^1*s1^4*s2^1,
v^1*t2^1*s1^4*s2^1,
u^1*t2^1*s1^4*s2^1,
t1^2*s1^4*s2^1,
v^1*t1^1*s1^4*s2^1,
u^1*t1^1*s1^4*s2^1,
v^2*s1^4*s2^1,
u^1*v^1*s1^4*s2^1,
t2^3*s1^3*s2^1,
t1^1*t2^2*s1^3*s2^1,
v^1*t2^2*s1^3*s2^1,
u^1*t2^2*s1^3*s2^1,
t1^2*t2^1*s1^3*s2^1,
v^1*t1^1*t2^1*s1^3*s2^1,
u^1*t1^1*t2^1*s1^3*s2^1,
v^2*t2^1*s1^3*s2^1,
u^1*v^1*t2^1*s1^3*s2^1,
t1^3*s1^3*s2^1,
v^1*t1^2*s1^3*s2^1,
u^1*t1^2*s1^3*s2^1,
v^2*t1^1*s1^3*s2^1,
u^1*v^1*t1^1*s1^3*s2^1,
v^3*s1^3*s2^1,
u^1*v^2*s1^3*s2^1,
t2^4*s1^2*s2^1,
t1^1*t2^3*s1^2*s2^1,
v^1*t2^3*s1^2*s2^1,
u^1*t2^3*s1^2*s2^1,
t1^2*t2^2*s1^2*s2^1,
v^1*t1^1*t2^2*s1^2*s2^1,
u^1*t1^1*t2^2*s1^2*s2^1,
v^2*t2^2*s1^2*s2^1,
u^1*v^1*t2^2*s1^2*s2^1,
t1^3*t2^1*s1^2*s2^1,
v^1*t1^2*t2^1*s1^2*s2^1,
u^1*t1^2*t2^1*s1^2*s2^1,
v^2*t1^1*t2^1*s1^2*s2^1,
v^3*t2^1*s1^2*s2^1,
u^1*v^2*t2^1*s1^2*s2^1,
t1^4*s1^2*s2^1,
v^1*t1^3*s1^2*s2^1,
u^1*t1^3*s1^2*s2^1,
v^2*t1^2*s1^2*s2^1,
u^1*v^1*t1^2*s1^2*s2^1,
v^3*t1^1*s1^2*s2^1,
v^4*s1^2*s2^1,
u^1*v^3*s1^2*s2^1,
t2^5*s1^1*s2^1,
t1^1*t2^4*s1^1*s2^1,
v^1*t2^4*s1^1*s2^1,
u^1*t2^4*s1^1*s2^1,
t1^2*t2^3*s1^1*s2^1,
v^1*t1^1*t2^3*s1^1*s2^1,
u^1*t1^1*t2^3*s1^1*s2^1,
v^2*t2^3*s1^1*s2^1,
u^1*v^1*t2^3*s1^1*s2^1,
t1^3*t2^2*s1^1*s2^1,
v^1*t1^2*t2^2*s1^1*s2^1,
u^1*t1^2*t2^2*s1^1*s2^1,
v^2*t1^1*t2^2*s1^1*s2^1,
u^2*t1^1*t2^2*s1^1*s2^1,
v^3*t2^2*s1^1*s2^1,
u^1*v^2*t2^2*s1^1*s2^1,
u^3*t2^2*s1^1*s2^1,
t1^4*t2^1*s1^1*s2^1,
v^1*t1^3*t2^1*s1^1*s2^1,
u^1*t1^3*t2^1*s1^1*s2^1,
v^2*t1^2*t2^1*s1^1*s2^1,
u^2*t1^2*t2^1*s1^1*s2^1,
v^3*t1^1*t2^1*s1^1*s2^1,
u^3*t1^1*t2^1*s1^1*s2^1,
v^4*t2^1*s1^1*s2^1,
u^1*v^3*t2^1*s1^1*s2^1,
u^4*t2^1*s1^1*s2^1,
t1^5*s1^1*s2^1,
v^1*t1^4*s1^1*s2^1,
u^1*t1^4*s1^1*s2^1,
u^1*v^1*t1^3*s1^1*s2^1,
u^2*t1^3*s1^1*s2^1,
v^3*t1^2*s1^1*s2^1,
u^2*v^1*t1^2*s1^1*s2^1,
u^3*t1^2*s1^1*s2^1,
v^4*t1^1*s1^1*s2^1,
u^3*v^1*t1^1*s1^1*s2^1,
u^4*t1^1*s1^1*s2^1,
v^5*s1^1*s2^1,
u^1*v^4*s1^1*s2^1,
u^4*v^1*s1^1*s2^1,
u^5*s1^1*s2^1,
t2^6*s2^1,
t1^1*t2^5*s2^1,
v^1*t2^5*s2^1,
u^1*t2^5*s2^1,
t1^2*t2^4*s2^1,
v^1*t1^1*t2^4*s2^1,
u^1*t1^1*t2^4*s2^1,
v^2*t2^4*s2^1,
u^1*v^1*t2^4*s2^1,
t1^3*t2^3*s2^1,
v^1*t1^2*t2^3*s2^1,
u^1*t1^2*t2^3*s2^1,
v^2*t1^1*t2^3*s2^1,
u^1*v^1*t1^1*t2^3*s2^1,
v^3*t2^3*s2^1,
u^1*v^2*t2^3*s2^1,
t1^4*t2^2*s2^1,
v^1*t1^3*t2^2*s2^1,
u^1*t1^3*t2^2*s2^1,
v^2*t1^2*t2^2*s2^1,
u^2*t1^2*t2^2*s2^1,
v^3*t1^1*t2^2*s2^1,
u^1*v^2*t1^1*t2^2*s2^1,
u^3*t1^1*t2^2*s2^1,
v^4*t2^2*s2^1,
u^1*v^3*t2^2*s2^1,
u^4*t2^2*s2^1,
t1^5*t2^1*s2^1,
v^1*t1^4*t2^1*s2^1,
u^1*t1^4*t2^1*s2^1,
u^2*t1^3*t2^1*s2^1,
v^3*t1^2*t2^1*s2^1,
u^3*t1^2*t2^1*s2^1,
v^4*t1^1*t2^1*s2^1,
u^1*v^3*t1^1*t2^1*s2^1,
u^4*t1^1*t2^1*s2^1,
v^5*t2^1*s2^1,
u^1*v^4*t2^1*s2^1,
u^5*t2^1*s2^1,
t1^6*s2^1,
v^1*t1^5*s2^1,
u^1*t1^5*s2^1,
u^1*v^1*t1^4*s2^1,
u^2*t1^4*s2^1,
u^2*v^1*t1^3*s2^1,
u^3*t1^3*s2^1,
v^4*t1^2*s2^1,
u^3*v^1*t1^2*s2^1,
u^4*t1^2*s2^1,
v^5*t1^1*s2^1,
u^1*v^4*t1^1*s2^1,
s1^7,
t2^1*s1^6,
t1^1*s1^6,
v^1*s1^6,
u^1*s1^6,
t2^2*s1^5,
t1^1*t2^1*s1^5,
v^1*t2^1*s1^5,
u^1*t2^1*s1^5,
t1^2*s1^5,
v^1*t1^1*s1^5,
u^1*t1^1*s1^5,
v^2*s1^5,
u^1*v^1*s1^5,
t2^3*s1^4,
t1^1*t2^2*s1^4,
v^1*t2^2*s1^4,
u^1*t2^2*s1^4,
t1^2*t2^1*s1^4,
v^1*t1^1*t2^1*s1^4,
u^1*t1^1*t2^1*s1^4,
v^2*t2^1*s1^4,
u^1*v^1*t2^1*s1^4,
t1^3*s1^4,
v^1*t1^2*s1^4,
u^1*t1^2*s1^4,
v^2*t1^1*s1^4,
u^1*v^1*t1^1*s1^4,
v^3*s1^4,
u^1*v^2*s1^4,
t2^4*s1^3,
t1^1*t2^3*s1^3,
v^1*t2^3*s1^3,
u^1*t2^3*s1^3,
t1^2*t2^2*s1^3,
v^1*t1^1*t2^2*s1^3,
u^1*t1^1*t2^2*s1^3,
v^2*t2^2*s1^3,
u^1*v^1*t2^2*s1^3,
t1^3*t2^1*s1^3,
v^1*t1^2*t2^1*s1^3,
u^1*t1^2*t2^1*s1^3,
v^2*t1^1*t2^1*s1^3,
u^1*v^1*t1^1*t2^1*s1^3,
v^3*t2^1*s1^3,
u^1*v^2*t2^1*s1^3,
t1^4*s1^3,
v^1*t1^3*s1^3,
u^1*t1^3*s1^3,
v^2*t1^2*s1^3,
u^1*v^1*t1^2*s1^3,
v^3*t1^1*s1^3,
v^4*s1^3,
u^1*v^3*s1^3,
t2^5*s1^2,
t1^1*t2^4*s1^2,
v^1*t2^4*s1^2,
u^1*t2^4*s1^2,
t1^2*t2^3*s1^2,
v^1*t1^1*t2^3*s1^2,
u^1*t1^1*t2^3*s1^2,
v^2*t2^3*s1^2,
u^1*v^1*t2^3*s1^2,
t1^3*t2^2*s1^2,
v^1*t1^2*t2^2*s1^2,
u^1*t1^2*t2^2*s1^2,
v^2*t1^1*t2^2*s1^2,
v^3*t2^2*s1^2,
u^1*v^2*t2^2*s1^2,
t1^4*t2^1*s1^2,
v^1*t1^3*t2^1*s1^2,
u^1*t1^3*t2^1*s1^2,
v^2*t1^2*t2^1*s1^2,
u^1*v^1*t1^2*t2^1*s1^2,
v^3*t1^1*t2^1*s1^2,
v^4*t2^1*s1^2,
u^1*v^3*t2^1*s1^2,
t1^5*s1^2,
v^1*t1^4*s1^2,
u^1*t1^4*s1^2,
u^1*v^1*t1^3*s1^2,
v^3*t1^2*s1^2,
v^4*t1^1*s1^2,
v^5*s1^2,
u^1*v^4*s1^2,
t2^6*s1^1,
t1^1*t2^5*s1^1,
v^1*t2^5*s1^1,
u^1*t2^5*s1^1,
t1^2*t2^4*s1^1,
v^1*t1^1*t2^4*s1^1,
u^1*t1^1*t2^4*s1^1,
v^2*t2^4*s1^1,
u^1*v^1*t2^4*s1^1,
t1^3*t2^3*s1^1,
v^1*t1^2*t2^3*s1^1,
u^1*t1^2*t2^3*s1^1,
v^2*t1^1*t2^3*s1^1,
v^3*t2^3*s1^1,
u^1*v^2*t2^3*s1^1,
t1^4*t2^2*s1^1,
v^1*t1^3*t2^2*s1^1,
u^1*t1^3*t2^2*s1^1,
v^2*t1^2*t2^2*s1^1,
u^2*t1^2*t2^2*s1^1,
v^3*t1^1*t2^2*s1^1,
u^3*t1^1*t2^2*s1^1,
v^4*t2^2*s1^1,
u^1*v^3*t2^2*s1^1,
u^4*t2^2*s1^1,
t1^5*t2^1*s1^1,
v^1*t1^4*t2^1*s1^1,
u^1*t1^4*t2^1*s1^1,
u^1*v^1*t1^3*t2^1*s1^1,
u^2*t1^3*t2^1*s1^1,
v^3*t1^2*t2^1*s1^1,
u^2*v^1*t1^2*t2^1*s1^1,
u^3*t1^2*t2^1*s1^1,
v^4*t1^1*t2^1*s1^1,
u^3*v^1*t1^1*t2^1*s1^1,
u^4*t1^1*t2^1*s1^1,
v^5*t2^1*s1^1,
u^1*v^4*t2^1*s1^1,
u^4*v^1*t2^1*s1^1,
u^5*t2^1*s1^1,
t1^6*s1^1,
v^1*t1^5*s1^1,
u^1*t1^5*s1^1,
u^1*v^1*t1^4*s1^1,
u^2*t1^4*s1^1,
u^2*v^1*t1^3*s1^1,
u^3*t1^3*s1^1,
v^4*t1^2*s1^1,
u^3*v^1*t1^2*s1^1,
u^4*t1^2*s1^1,
v^5*t1^1*s1^1,
t2^7,
t1^1*t2^6,
v^1*t2^6,
u^1*t2^6,
t1^2*t2^5,
v^1*t1^1*t2^5,
u^1*t1^1*t2^5,
v^2*t2^5,
u^1*v^1*t2^5,
t1^3*t2^4,
v^1*t1^2*t2^4,
u^1*t1^2*t2^4,
v^2*t1^1*t2^4,
u^1*v^1*t1^1*t2^4,
v^3*t2^4,
u^1*v^2*t2^4,
t1^4*t2^3,
v^1*t1^3*t2^3,
u^1*t1^3*t2^3,
v^2*t1^2*t2^3,
v^3*t1^1*t2^3,
u^1*v^2*t1^1*t2^3,
v^4*t2^3,
u^1*v^3*t2^3,
t1^5*t2^2,
v^1*t1^4*t2^2,
u^1*t1^4*t2^2,
u^2*t1^3*t2^2,
v^3*t1^2*t2^2,
u^3*t1^2*t2^2,
v^4*t1^1*t2^2,
u^1*v^3*t1^1*t2^2,
u^4*t1^1*t2^2,
v^5*t2^2,
u^1*v^4*t2^2,
u^5*t2^2,
t1^6*t2^1,
v^1*t1^5*t2^1,
u^1*t1^5*t2^1,
u^1*v^1*t1^4*t2^1,
u^2*t1^4*t2^1,
u^2*v^1*t1^3*t2^1,
u^3*t1^3*t2^1,
v^4*t1^2*t2^1,
u^3*v^1*t1^2*t2^1,
u^4*t1^2*t2^1,
v^5*t1^1*t2^1,
u^1*v^4*t1^1*t2^1,
t1^7,
v^1*t1^6,
u^1*t1^6,
u^1*v^1*t1^5,
u^2*t1^5,
u^2*v^1*t1^4,
u^3*t1^4,
u^3*v^1*t1^3,
u^4*t1^3,
v^5*t1^2,
s1^2*s2^6,
t1^1*s1^1*s2^6,
t1^2*s2^6,
s1^3*s2^5,
t2^1*s1^2*s2^5,
t1^1*s1^2*s2^5,
v^1*s1^2*s2^5,
u^1*s1^2*s2^5,
t1^1*t2^1*s1^1*s2^5,
t1^2*s1^1*s2^5,
v^1*t1^1*s1^1*s2^5,
u^1*t1^1*s1^1*s2^5,
t1^2*t2^1*s2^5,
t1^3*s2^5,
v^1*t1^2*s2^5,
u^1*t1^2*s2^5,
t2^1*s1^3*s2^4,
t1^1*s1^3*s2^4,
v^1*s1^3*s2^4,
u^1*s1^3*s2^4,
t2^2*s1^2*s2^4,
t1^1*t2^1*s1^2*s2^4,
v^1*t2^1*s1^2*s2^4,
u^1*t2^1*s1^2*s2^4,
t1^2*s1^2*s2^4,
v^1*t1^1*s1^2*s2^4,
u^1*t1^1*s1^2*s2^4,
t1^1*t2^2*s1^1*s2^4,
t1^2*t2^1*s1^1*s2^4,
v^1*t1^1*t2^1*s1^1*s2^4,
u^1*t1^1*t2^1*s1^1*s2^4,
t1^3*s1^1*s2^4,
v^1*t1^2*s1^1*s2^4,
u^1*t1^2*s1^1*s2^4,
u^1*v^1*t1^1*s1^1*s2^4,
u^2*t1^1*s1^1*s2^4,
t1^2*t2^2*s2^4,
t1^3*t2^1*s2^4,
v^1*t1^2*t2^1*s2^4,
u^1*t1^2*t2^1*s2^4,
t1^4*s2^4,
v^1*t1^3*s2^4,
u^1*t1^3*s2^4,
u^1*v^1*t1^2*s2^4,
u^2*t1^2*s2^4,
s1^5*s2^3,
t2^1*s1^4*s2^3,
t1^1*s1^4*s2^3,
v^1*s1^4*s2^3,
u^1*s1^4*s2^3,
t2^2*s1^3*s2^3,
t1^1*t2^1*s1^3*s2^3,
v^1*t2^1*s1^3*s2^3,
u^1*t2^1*s1^3*s2^3,
t1^2*s1^3*s2^3,
v^1*t1^1*s1^3*s2^3,
u^1*t1^1*s1^3*s2^3,
t2^3*s1^2*s2^3,
t1^1*t2^2*s1^2*s2^3,
v^1*t2^2*s1^2*s2^3,
u^1*t2^2*s1^2*s2^3,
t1^2*t2^1*s1^2*s2^3,
v^1*t1^1*t2^1*s1^2*s2^3,
u^1*t1^1*t2^1*s1^2*s2^3,
t1^3*s1^2*s2^3,
v^1*t1^2*s1^2*s2^3,
t2^2*s1^4*s2^2]:


------------------------------------------------------------------------------------
msolve overall time           1.11 sec (elapsed) /  0.62 sec (cpu)
------------------------------------------------------------------------------------
