Initial seed for pseudo-random number generator is 0

--------------- INPUT DATA ---------------
#variables                       6
#equations                      23
#invalid equations               0
field characteristic            17
homogeneous input?               0
signature-based computation      0
monomial order                 DRL
basis hash table resetting     OFF
linear algebra option            2
initial hash table size     131072 (2^17)
max pair selection             ALL
reduce gb                        1
#threads                         1
info level                       2
generate pbm files               0
------------------------------------------

Legend for f4 information
--------------------------------------------------------
deg       current degree of pairs selected in this round
sel       number of pairs selected in this round
pairs     total number of pairs in pair list
mat       matrix dimensions (# rows x # columns)
density   density of the matrix
new data  # new elements for basis in this round
          # zero reductions during linear algebra
time(rd)  time of the current f4 round in seconds given
          for real and cpu time
--------------------------------------------------------

deg     sel   pairs        mat          density            new data         time(rd) in sec (real|cpu)
------------------------------------------------------------------------------------------------------
  6       2      36      10 x 68         13.24%        2 new       0 zero         0.00 | 0.00         
  6       2      54      17 x 93         14.99%        2 new       0 zero         0.00 | 0.00         
  6       4      60      25 x 135        14.13%        2 new       2 zero         0.00 | 0.00         
  6       3      60      32 x 161        13.35%        1 new       2 zero         0.00 | 0.00         
  7       7      61      68 x 358         5.82%        5 new       2 zero         0.00 | 0.00         
  7      10     103      69 x 461         8.88%        3 new       7 zero         0.00 | 0.00         
  7       4     110      50 x 426         9.83%        2 new       2 zero         0.00 | 0.00         
  8      22     117     255 x 1034        4.46%        8 new      14 zero         0.00 | 0.00         
  8      18     158     320 x 1271        5.85%        2 new      16 zero         0.00 | 0.00         
  9      15     152     463 x 1760        4.22%        4 new      11 zero         0.00 | 0.00         
 10      29     177     828 x 2595        3.10%        1 new      28 zero         0.00 | 0.00         
 11      33     157    1024 x 3068        2.24%       31 new       2 zero         0.00 | 0.00         
 10      45     244     239 x 775         5.96%       35 new      10 zero         0.00 | 0.00         
  9      24     291     130 x 327        13.79%       16 new       8 zero         0.00 | 0.00         
  9      36     324     152 x 321        17.97%       16 new      20 zero         0.00 | 0.00         
  9      53     298     220 x 551        10.37%       23 new      30 zero         0.00 | 0.00         
  8      24     278     122 x 285        19.92%       14 new      10 zero         0.00 | 0.00         
  8      30     295     134 x 277        20.74%       10 new      20 zero         0.00 | 0.00         
  8      34     291     171 x 467        11.23%       14 new      20 zero         0.00 | 0.00         
  8      21     281     150 x 454        12.25%        9 new      12 zero         0.00 | 0.00         
  8       7     296     122 x 431        13.18%        3 new       4 zero         0.00 | 0.00         
  8       7     294     124 x 433        12.85%        3 new       4 zero         0.00 | 0.00         
  9      84     304     704 x 1805        3.55%       34 new      50 zero         0.00 | 0.00         
  8      32     409     354 x 722         9.17%       28 new       4 zero         0.00 | 0.00         
  8      80     488     417 x 709        11.89%       20 new      60 zero         0.00 | 0.00         
  8      78     462     419 x 702        12.18%       32 new      48 zero         0.00 | 0.00         
  8     112     446     471 x 692        13.74%       22 new      91 zero         0.00 | 0.00         
  7      57     393     339 x 593        14.41%       14 new      43 zero         0.00 | 0.00         
  6       2     357      12 x 27         52.78%        0 new       2 zero         0.00 | 0.00         
  7      47     355     339 x 583        13.45%        2 new      45 zero         0.00 | 0.00         
  8      40     316     638 x 1769        4.62%        3 new      37 zero         0.00 | 0.00         
  9     124     291    2406 x 3788        2.36%       93 new      31 zero         0.01 | 0.01         
  9     404     543    2522 x 3464        6.64%       40 new     367 zero         0.03 | 0.03         
  9      35     344    2339 x 3720        4.65%       19 new      16 zero         0.01 | 0.01         
 10     358     407    5642 x 6695        2.97%       34 new     324 zero         0.06 | 0.06         
 10     120     190    4483 x 5740        3.20%        0 new     120 zero         0.04 | 0.04         
 11      70      70    7797 x 9104        1.44%        0 new      70 zero         0.04 | 0.04         
------------------------------------------------------------------------------------------------------
reduce final basis      353 x 1730       30.27%      275 new       0 zero         0.00 | 0.00         
------------------------------------------------------------------------------------------------------

---------------- TIMINGS ----------------
overall(elapsed)        0.22 sec
overall(cpu)            0.22 sec
select                  0.02 sec   8.7%
symbolic prep.          0.04 sec  18.9%
update                  0.03 sec  11.4%
convert                 0.01 sec   3.6%
linear algebra          0.12 sec  55.8%
reduce gb               0.00 sec   0.0%
-----------------------------------------

---------- COMPUTATIONAL DATA -----------
size of basis                   275
#terms in basis              181253
#pairs reduced                 2073
#GM criterion                160092
#redundant elements             295
#rows reduced                  4433
#zero reductions               1532
max. matrix data               7797 x 9104 (1.442%)
max. symbolic hash table size  2^14
max. basis hash table size     2^16
-----------------------------------------

#Leading ideal data
#---
#field characteristic: 17
#variable order:       t1, t2, s1, s2, u, v
#monomial order:       graded reverse lexicographical
#length of basis:      275 elements sorted by increasing leading monomials
#---
[u^2*v^2,
s2^2*v^2,
s1^2*u^2,
t1^1*s1^1*u^1*v^2,
t1^2*u^1*v^2,
t2^1*s2^1*u^2*v^1,
t2^2*u^2*v^1,
t1^1*s1^2*u^1*v^1,
u^5,
t2^3*u^2,
v^6,
u^1*v^5,
s1^3*u^1*v^2,
t1^1*t2^1*s1^1*s2^1*u^1*v^1,
t1^2*t2^1*s2^1*u^1*v^1,
t1^1*t2^2*s1^1*u^1*v^1,
t1^2*t2^2*u^1*v^1,
t2^3*s2^2*u^1,
t2^4*s2^1*u^1,
t1^3*s1^2*u^1,
t1^4*s1^1*u^1,
t2^5*u^1,
t1^5*u^1,
s2^6,
t2^1*s2^5,
t2^2*s2^4,
t2^3*s2^3,
t2^4*s2^2,
t2^5*s2^1,
s1^6,
t1^1*s1^5,
t1^2*s1^4,
t1^3*s1^3,
t1^4*s1^2,
t1^5*s1^1,
t2^6,
t1^6,
t2^1*s2^1*v^5,
s1^2*v^5,
t1^1*s1^1*v^5,
t2^2*v^5,
t1^2*v^5,
t2^1*s2^1*u^1*v^4,
s1^2*u^1*v^4,
t2^2*u^1*v^4,
t2^2*s2^1*v^4,
s1^3*v^4,
t1^1*s1^2*v^4,
t1^2*s1^1*v^4,
t2^3*v^4,
t1^3*v^4,
t2^2*s2^1*u^1*v^3,
t2^3*u^1*v^3,
t2^3*s2^1*v^3,
s1^4*v^3,
t1^1*s1^3*v^3,
t1^2*s1^2*v^3,
t1^3*s1^1*v^3,
t2^4*v^3,
t1^4*v^3,
t2^3*s2^1*u^1*v^2,
t2^4*u^1*v^2,
t2^4*s2^1*v^2,
s1^5*v^2,
t1^1*s1^4*v^2,
t1^2*s1^3*v^2,
t1^3*s1^2*v^2,
t1^4*s1^1*v^2,
t2^5*v^2,
t1^5*v^2,
s2^2*u^4*v^1,
t1^1*s1^1*u^4*v^1,
t1^2*u^4*v^1,
s2^3*u^3*v^1,
t1^2*s1^1*u^3*v^1,
t1^3*u^3*v^1,
s2^4*u^2*v^1,
t1^3*s1^1*u^2*v^1,
t1^4*u^2*v^1,
s2^5*u^1*v^1,
t2^1*s2^4*u^1*v^1,
s1^2*s2^3*u^1*v^1,
t2^2*s2^3*u^1*v^1,
s1^3*s2^2*u^1*v^1,
t2^1*s1^2*s2^2*u^1*v^1,
t2^1*s1^3*s2^1*u^1*v^1,
s1^5*u^1*v^1,
t2^2*s1^3*u^1*v^1,
s2^3*u^4,
t2^1*s2^2*u^4,
t2^2*s2^1*u^4,
t1^2*s1^1*u^4,
t1^3*u^4,
s2^4*u^3,
t2^1*s2^3*u^3,
t2^2*s2^2*u^3,
t1^3*s1^1*u^3,
t1^4*u^3,
s2^5*u^2,
t2^1*s2^4*u^2,
t2^2*s2^3*u^2,
t2^3*s1^3*u^1,
t1^1*t2^3*s1^2*u^1,
t1^2*t2^2*s1^2*u^1,
t1^2*t2^3*s1^1*u^1,
t1^2*t2^4*u^1,
t1^3*t2^3*u^1,
t2^2*s1^2*u^1*v^3,
t1^4*t2^1*s2^1*v^2,
t1^4*t2^2*v^2,
t1^2*s2^2*u^3*v^1,
s1^2*s2^5*v^1,
t1^1*s1^1*s2^5*v^1,
t1^2*s2^5*v^1,
t2^1*s1^2*s2^4*v^1,
t1^1*t2^1*s1^1*s2^4*v^1,
t1^2*t2^1*s2^4*v^1,
t2^2*s1^2*s2^3*v^1,
t1^1*t2^2*s1^1*s2^3*v^1,
t1^2*t2^2*s2^3*v^1,
t1^2*s1^3*s2^2*v^1,
t2^3*s1^2*s2^2*v^1,
t1^3*s1^2*s2^2*v^1,
t1^1*t2^3*s1^1*s2^2*v^1,
t1^4*s1^1*s2^2*v^1,
t1^2*t2^3*s2^2*v^1,
t1^5*s2^2*v^1,
t2^1*s1^5*s2^1*v^1,
t1^1*t2^1*s1^4*s2^1*v^1,
t1^2*t2^1*s1^3*s2^1*v^1,
t2^4*s1^2*s2^1*v^1,
t1^3*t2^1*s1^2*s2^1*v^1,
t1^1*t2^4*s1^1*s2^1*v^1,
t1^4*t2^1*s1^1*s2^1*v^1,
t1^2*t2^4*s2^1*v^1,
t1^5*t2^1*s2^1*v^1,
t2^2*s1^5*v^1,
t1^1*t2^2*s1^4*v^1,
t1^2*t2^2*s1^3*v^1,
t2^5*s1^2*v^1,
t1^3*t2^2*s1^2*v^1,
t1^1*t2^5*s1^1*v^1,
t1^4*t2^2*s1^1*v^1,
t1^2*t2^5*v^1,
t1^5*t2^2*v^1,
t1^1*s1^1*s2^2*u^4,
t1^2*s2^2*u^4,
t1^1*t2^1*s1^1*s2^1*u^4,
t1^2*t2^1*s2^1*u^4,
t1^1*t2^2*s1^1*u^4,
t1^2*t2^2*u^4,
t1^1*s1^1*s2^3*u^3,
t1^2*s2^3*u^3,
t1^1*t2^1*s1^1*s2^2*u^3,
t1^2*s1^1*s2^2*u^3,
t1^2*t2^1*s2^2*u^3,
t1^3*s2^2*u^3,
t1^1*t2^2*s1^1*s2^1*u^3,
t1^2*t2^1*s1^1*s2^1*u^3,
t1^2*t2^2*s2^1*u^3,
t1^3*t2^1*s2^1*u^3,
t1^2*t2^2*s1^1*u^3,
t1^3*t2^2*u^3,
t1^2*s2^4*u^2,
t1^2*t2^1*s2^3*u^2,
t1^1*t2^2*s1^1*s2^2*u^2,
t1^3*s1^1*s2^2*u^2,
t1^2*t2^2*s2^2*u^2,
t1^4*s2^2*u^2,
t1^3*t2^1*s1^1*s2^1*u^2,
t1^4*t2^1*s2^1*u^2,
t1^3*t2^2*s1^1*u^2,
t1^4*t2^2*u^2,
s1^2*s2^5*u^1,
t1^1*s1^1*s2^5*u^1,
t1^2*s2^5*u^1,
t2^1*s1^2*s2^4*u^1,
t1^1*t2^1*s1^1*s2^4*u^1,
t1^2*t2^1*s2^4*u^1,
t2^2*s1^2*s2^3*u^1,
t1^1*t2^2*s1^1*s2^3*u^1,
t1^2*t2^2*s2^3*u^1,
s1^5*s2^2*u^1,
t1^1*s1^4*s2^2*u^1,
t1^2*s1^3*s2^2*u^1,
t2^1*s1^5*s2^1*u^1,
t2^2*s1^4*s2^1*u^1,
t1^1*t2^1*s1^4*s2^1*u^1,
t1^1*t2^2*s1^3*s2^1*u^1,
t1^2*t2^1*s1^3*s2^1*u^1,
t2^2*s1^5*u^1,
t1^1*t2^2*s1^4*u^1,
t2^5*s1^3,
t1^2*t2^3*s1^3,
t1^1*t2^5*s1^2,
t1^3*t2^3*s1^2,
t1^2*t2^5*s1^1,
t1^4*t2^3*s1^1,
t1^3*t2^5,
t1^5*t2^3,
t2^2*s1^3*s2^1*v^3,
t1^1*t2^2*s1^2*s2^1*v^3,
t1^2*t2^2*s1^1*s2^1*v^3,
t1^3*t2^2*s2^1*v^3,
t2^3*s1^3*v^3,
t1^1*t2^3*s1^2*v^3,
t1^2*t2^3*s1^1*v^3,
t1^3*t2^3*v^3,
t2^2*s1^4*s2^1*v^2,
t2^3*s1^3*s2^1*v^2,
t1^1*t2^2*s1^3*s2^1*v^2,
t1^1*t2^3*s1^2*s2^1*v^2,
t1^2*t2^2*s1^2*s2^1*v^2,
t1^2*t2^3*s1^1*s2^1*v^2,
t1^3*t2^2*s1^1*s2^1*v^2,
t1^3*t2^3*s2^1*v^2,
t2^3*s1^4*v^2,
t2^4*s1^3*v^2,
t1^1*t2^3*s1^3*v^2,
t1^1*t2^4*s1^2*v^2,
t1^2*t2^3*s1^2*v^2,
t1^2*t2^4*s1^1*v^2,
t1^3*t2^3*s1^1*v^2,
t1^3*t2^4*v^2,
t1^2*s1^1*s2^3*u^2*v^1,
t1^3*s2^3*u^2*v^1,
t1^2*s1^1*s2^4*u^1*v^1,
t1^3*s2^4*u^1*v^1,
t1^3*s1^1*s2^3*u^1*v^1,
t1^4*s2^3*u^1*v^1,
s1^5*s2^3*v^1,
t1^1*s1^4*s2^3*v^1,
t1^4*t2^3*s2^1*v^1,
t1^4*t2^4*v^1,
t1^1*s1^4*s2^4,
t1^1*t2^1*s1^3*s2^4,
t1^2*t2^1*s1^2*s2^4,
t1^3*s1^2*s2^4,
t1^3*t2^1*s1^1*s2^4,
t1^4*s1^1*s2^4,
t1^4*t2^1*s2^4,
t1^5*s2^4,
t2^1*s1^5*s2^3,
t2^2*s1^4*s2^3,
t1^1*t2^1*s1^4*s2^3,
t1^1*t2^2*s1^3*s2^3,
t1^2*t2^1*s1^3*s2^3,
t1^2*t2^2*s1^2*s2^3,
t1^3*t2^1*s1^2*s2^3,
t1^3*t2^2*s1^1*s2^3,
t1^4*t2^1*s1^1*s2^3,
t1^4*t2^2*s2^3,
t1^5*t2^1*s2^3,
t2^2*s1^5*s2^2,
t2^3*s1^4*s2^2,
t1^1*t2^2*s1^4*s2^2,
t1^1*t2^3*s1^3*s2^2,
t1^2*t2^2*s1^3*s2^2,
t1^2*t2^3*s1^2*s2^2,
t1^3*t2^2*s1^2*s2^2,
t1^3*t2^3*s1^1*s2^2,
t1^4*t2^2*s1^1*s2^2,
t1^4*t2^3*s2^2,
t1^5*t2^2*s2^2,
t2^3*s1^5*s2^1,
t2^4*s1^4*s2^1,
t1^1*t2^3*s1^4*s2^1,
t1^1*t2^4*s1^3*s2^1,
t1^2*t2^4*s1^2*s2^1,
t1^3*t2^4*s1^1*s2^1,
t1^4*t2^4*s2^1,
t2^4*s1^5,
t1^1*t2^4*s1^4,
s1^5*s2^5,
t1^2*s1^3*s2^5]:


------------------------------------------------------------------------------------
msolve overall time           0.22 sec (elapsed) /  0.22 sec (cpu)
------------------------------------------------------------------------------------
