Initial seed for pseudo-random number generator is 0

--------------- INPUT DATA ---------------
#variables                      24
#equations                      46
#invalid equations               0
field characteristic             2
homogeneous input?               0
signature-based computation      0
monomial order                 DRL
basis hash table resetting     OFF
linear algebra option            2
initial hash table size     131072 (2^17)
max pair selection             ALL
reduce gb                        1
#threads                         1
info level                       2
generate pbm files               0
------------------------------------------

Legend for f4 information
--------------------------------------------------------
deg       current degree of pairs selected in this round
sel       number of pairs selected in this round
pairs     total number of pairs in pair list
mat       matrix dimensions (# rows x # columns)
density   density of the matrix
new data  # new elements for basis in this round
          # zero reductions during linear algebra
time(rd)  time of the current f4 round in seconds given
          for real and cpu time
--------------------------------------------------------

deg     sel   pairs        mat          density            new data         time(rd) in sec (real|cpu)
------------------------------------------------------------------------------------------------------
  2       3      85       6 x 49         51.36%        3 new       0 zero         0.00 | 0.00         
  2       2     100       7 x 18         19.84%        1 new       1 zero         0.00 | 0.00         
  3      26     102     237 x 556         1.77%       21 new       5 zero         0.00 | 0.00         
  3       5     284     187 x 339         2.91%        5 new       0 zero         0.00 | 0.00         
  4     239     323    2440 x 4256        0.32%      151 new      88 zero         0.02 | 0.02         
  4     926    1727    7588 x 9745        0.29%      398 new     528 zero         0.14 | 0.13         
  2       1    4264       3 x 2          66.67%        0 new       1 zero         0.00 | 0.00         
  3      97    4263     601 x 930         1.87%       38 new      59 zero         0.02 | 0.02         
  3     228    2450     805 x 884         1.59%       14 new     216 zero         0.01 | 0.01         
  3      30    2201     628 x 1006        1.58%       24 new       6 zero         0.01 | 0.01         
  3      25    2197     814 x 1296        1.16%        7 new      18 zero         0.00 | 0.00         
  4    1536    2260   11005 x 11700       0.28%      385 new    1176 zero         0.42 | 0.29         
  2      15    3366      99 x 205         5.31%        7 new       8 zero         0.01 | 0.01         
  3     456    3150    2008 x 2109        0.84%       32 new     425 zero         0.05 | 0.03         
  3      71    2804     976 x 1299        0.99%        3 new      68 zero         0.01 | 0.00         
  4    1741    2772   12033 x 11407       0.17%       70 new    1681 zero         0.30 | 0.10         
  4     801    2205   10363 x 10713       0.20%       28 new     775 zero         0.13 | 0.06         
  4      84    1910    8364 x 9343        0.18%        4 new      80 zero         0.03 | 0.02         
  5    1605    1910   41465 x 41215       0.05%       15 new    1593 zero         0.22 | 0.19         
  5      75     606   17613 x 18672       0.09%        0 new      75 zero         0.09 | 0.04         
  6     531     531  105299 x 106138      0.02%       74 new     461 zero         1.38 | 0.71         
  6    1470    1554  164680 x 164510      0.01%        0 new    1470 zero         3.16 | 1.96         
  7      84      84  247442 x 248658      0.01%        0 new      84 zero         0.68 | 0.65         
------------------------------------------------------------------------------------------------------
reduce final basis     2025 x 3296        1.00%      385 new       0 zero         0.01 | 0.01         
------------------------------------------------------------------------------------------------------

---------------- TIMINGS ----------------
overall(elapsed)        6.66 sec
overall(cpu)            4.26 sec
select                  0.13 sec   1.9%
symbolic prep.          2.12 sec  31.8%
update                  0.84 sec  12.7%
convert                 0.26 sec   3.9%
linear algebra          3.23 sec  48.4%
reduce gb               0.00 sec   0.0%
-----------------------------------------

---------- COMPUTATIONAL DATA -----------
size of basis                   385
#terms in basis               49344
#pairs reduced                10051
#GM criterion                868424
#redundant elements             941
#rows reduced                 20581
#zero reductions               8818
max. matrix data             247442 x 248658 (0.007%)
max. symbolic hash table size  2^18
max. basis hash table size     2^19
-----------------------------------------

#Leading ideal data
#---
#field characteristic: 2
#variable order:       x1_0, x1_1, x1_2, x2_0, x2_1, x2_2, x3_0, x3_1, x3_2, x4_0, x4_1, x4_2, u0, u1, u2, u3, u4, u5, v0, v1, v2, v3, v4, v5
#monomial order:       graded reverse lexicographical
#length of basis:      385 elements sorted by increasing leading monomials
#---
[v3^1,
u3^1,
u0^1,
v5^2,
u1^1*v5^1,
v4^2,
u4^1*v4^1,
u2^1*v4^1,
v2^2,
v1^1*v2^1,
v0^1*v2^1,
u5^1*v2^1,
u4^1*v2^1,
u2^1*v2^1,
u1^1*v2^1,
x3_0^1*v2^1,
v1^2,
v0^1*v1^1,
u5^1*v1^1,
u4^1*v1^1,
u2^1*v1^1,
u1^1*v1^1,
x3_1^1*v1^1,
x3_0^1*v1^1,
x1_0^1*v1^1,
v0^2,
u5^1*v0^1,
u4^1*v0^1,
u2^1*v0^1,
u1^1*v0^1,
x3_0^1*v0^1,
x1_0^1*v0^1,
u5^2,
u4^1*u5^1,
u2^1*u5^1,
u1^1*u5^1,
u4^2,
u2^1*u4^1,
u1^1*u4^1,
u2^2,
u1^1*u2^1,
x4_0^1*u2^1,
x3_1^1*u2^1,
x3_0^1*u2^1,
x2_0^1*u2^1,
x1_2^1*u2^1,
x1_1^1*u2^1,
x1_0^1*u2^1,
u1^2,
x4_0^1*u1^1,
x3_2^1*u1^1,
x3_0^1*u1^1,
x2_0^1*u1^1,
x1_2^1*u1^1,
x1_1^1*u1^1,
x1_0^1*u1^1,
x4_2^2,
x4_1^1*x4_2^1,
x3_0^1*x4_2^1,
x4_1^2,
x3_0^1*x4_1^1,
x4_0^2,
x3_0^1*x4_0^1,
x3_2^2,
x3_1^1*x3_2^1,
x3_0^1*x3_2^1,
x3_1^2,
x3_0^1*x3_1^1,
x3_0^2,
x2_2^2,
x2_1^1*x2_2^1,
x1_0^1*x2_2^1,
x2_1^2,
x1_0^1*x2_1^1,
x2_0^2,
x1_0^1*x2_0^1,
x1_2^2,
x1_1^1*x1_2^1,
x1_0^1*x1_2^1,
x1_1^2,
x1_0^1*x1_1^1,
x1_0^2,
v2^1*v4^1*v5^1,
v1^1*v4^1*v5^1,
v0^1*v4^1*v5^1,
u5^1*v4^1*v5^1,
x3_0^1*v4^1*v5^1,
x1_0^1*v4^1*v5^1,
x4_0^1*v2^1*v5^1,
x3_1^1*v2^1*v5^1,
x1_1^1*v2^1*v5^1,
x1_0^1*v2^1*v5^1,
x4_0^1*v1^1*v5^1,
x3_2^1*v1^1*v5^1,
x2_0^1*v1^1*v5^1,
x1_2^1*v1^1*v5^1,
x1_1^1*v1^1*v5^1,
x3_0^1*u5^1*v5^1,
x1_0^1*u5^1*v5^1,
x3_0^1*u4^1*v5^1,
x1_0^1*u4^1*v5^1,
x3_2^1*u2^1*v5^1,
x2_2^1*u2^1*v5^1,
x3_1^1*x4_0^1*v5^1,
x4_0^1*v2^1*v4^1,
x3_2^1*v2^1*v4^1,
x3_1^1*v2^1*v4^1,
x1_2^1*v2^1*v4^1,
x1_1^1*v2^1*v4^1,
x1_0^1*v2^1*v4^1,
x4_2^1*v1^1*v4^1,
x4_1^1*v1^1*v4^1,
x4_0^1*v1^1*v4^1,
x3_2^1*v1^1*v4^1,
x2_2^1*v1^1*v4^1,
x2_1^1*v1^1*v4^1,
x2_0^1*v1^1*v4^1,
x1_2^1*v1^1*v4^1,
x1_1^1*v1^1*v4^1,
x3_0^1*u5^1*v4^1,
x1_0^1*u5^1*v4^1,
x3_1^1*u1^1*v4^1,
x2_1^1*u1^1*v4^1,
x3_2^1*x4_0^1*v4^1,
x3_1^1*x4_0^1*v4^1,
x1_0^1*x3_2^1*v4^1,
x1_0^1*x3_0^1*v4^1,
x4_0^1*x4_2^1*v2^1,
x3_2^1*x4_2^1*v2^1,
x3_1^1*x4_2^1*v2^1,
x4_0^1*x4_1^1*v2^1,
x3_2^1*x4_1^1*v2^1,
x3_1^1*x4_1^1*v2^1,
x3_2^1*x4_0^1*v2^1,
x3_1^1*x4_0^1*v2^1,
x1_2^1*x4_0^1*v2^1,
x1_0^1*x4_0^1*v2^1,
x1_2^1*x3_2^1*v2^1,
x1_1^1*x3_2^1*v2^1,
x1_0^1*x3_2^1*v2^1,
x1_1^1*x3_1^1*v2^1,
x1_0^1*x3_1^1*v2^1,
x2_0^1*x2_2^1*v2^1,
x1_2^1*x2_2^1*v2^1,
x1_1^1*x2_2^1*v2^1,
x2_0^1*x2_1^1*v2^1,
x1_2^1*x2_1^1*v2^1,
x1_1^1*x2_1^1*v2^1,
x1_2^1*x2_0^1*v2^1,
x1_1^1*x2_0^1*v2^1,
x4_0^1*x4_2^1*v1^1,
x3_2^1*x4_2^1*v1^1,
x4_0^1*x4_1^1*v1^1,
x3_2^1*x4_1^1*v1^1,
x2_0^1*x4_1^1*v1^1,
x1_1^1*x4_1^1*v1^1,
x3_2^1*x4_0^1*v1^1,
x2_0^1*x4_0^1*v1^1,
x1_2^1*x4_0^1*v1^1,
x1_1^1*x4_0^1*v1^1,
x2_0^1*x3_2^1*v1^1,
x1_2^1*x3_2^1*v1^1,
x1_1^1*x3_2^1*v1^1,
x2_0^1*x2_2^1*v1^1,
x1_2^1*x2_2^1*v1^1,
x1_1^1*x2_2^1*v1^1,
x2_0^1*x2_1^1*v1^1,
x1_2^1*x2_1^1*v1^1,
x1_1^1*x2_1^1*v1^1,
x1_2^1*x2_0^1*v1^1,
x1_1^1*x2_0^1*v1^1,
x3_2^1*x4_2^1*v0^1,
x3_1^1*x4_2^1*v0^1,
x3_2^1*x4_1^1*v0^1,
x3_1^1*x4_1^1*v0^1,
x3_2^1*x4_0^1*v0^1,
x3_1^1*x4_0^1*v0^1,
x1_2^1*x2_1^1*v0^1,
x1_1^1*x2_1^1*v0^1,
x3_1^1*x4_0^1*u5^1,
x1_0^1*x3_2^1*u5^1,
x1_0^1*x3_1^1*u5^1,
x1_2^1*x3_0^1*u5^1,
x1_1^1*x3_0^1*u5^1,
x1_0^1*x3_0^1*u5^1,
x1_2^1*x2_1^1*u5^1,
x1_2^1*x2_0^1*u5^1,
x1_1^1*x2_0^1*u5^1,
x1_0^1*x4_1^1*u4^1,
x1_0^1*x4_0^1*u4^1,
x1_0^1*x3_2^1*u4^1,
x1_0^1*x3_1^1*u4^1,
x2_1^1*x3_0^1*u4^1,
x2_0^1*x3_0^1*u4^1,
x1_2^1*x3_0^1*u4^1,
x1_1^1*x3_0^1*u4^1,
x1_0^1*x3_0^1*u4^1,
x1_2^1*x2_2^1*u4^1,
x1_2^1*x2_1^1*u4^1,
x1_1^1*x2_1^1*u4^1,
x1_2^1*x2_0^1*u4^1,
x1_1^1*x2_0^1*u4^1,
x3_2^1*x4_2^1*u2^1,
x2_2^1*x4_2^1*u2^1,
x3_2^1*x4_1^1*u2^1,
x2_2^1*x4_1^1*u2^1,
x2_2^1*x3_2^1*u2^1,
x3_1^1*x4_2^1*u1^1,
x2_1^1*x4_2^1*u1^1,
x3_1^1*x4_1^1*u1^1,
x2_1^1*x4_1^1*u1^1,
x2_1^1*x3_1^1*u1^1,
x3_2^1*x4_0^1*x4_2^1,
x3_1^1*x4_0^1*x4_2^1,
x1_0^1*x3_1^1*x4_2^1,
x3_2^1*x4_0^1*x4_1^1,
x3_1^1*x4_0^1*x4_1^1,
x1_0^1*x3_2^1*x4_1^1,
x1_0^1*x3_1^1*x4_1^1,
x1_0^1*x3_2^1*x4_0^1,
x1_1^1*x2_2^1*x3_0^1,
x1_2^1*x2_1^1*x3_0^1,
x1_1^1*x2_1^1*x3_0^1,
x1_2^1*x2_0^1*x3_0^1,
x1_2^1*x2_0^1*x2_2^1,
x1_1^1*x2_0^1*x2_2^1,
x1_2^1*x2_0^1*x2_1^1,
x1_1^1*x2_0^1*x2_1^1,
x4_0^1*x4_2^1*v4^1*v5^1,
x3_2^1*x4_2^1*v4^1*v5^1,
x3_1^1*x4_2^1*v4^1*v5^1,
x4_0^1*x4_1^1*v4^1*v5^1,
x3_2^1*x4_1^1*v4^1*v5^1,
x3_1^1*x4_1^1*v4^1*v5^1,
x1_2^1*x2_2^1*v4^1*v5^1,
x1_1^1*x2_2^1*v4^1*v5^1,
x1_2^1*x2_1^1*v4^1*v5^1,
x1_1^1*x2_1^1*v4^1*v5^1,
x1_2^1*x2_0^1*v4^1*v5^1,
x1_1^1*x2_0^1*v4^1*v5^1,
x1_2^1*x4_2^1*v2^1*v5^1,
x1_2^1*x4_1^1*v2^1*v5^1,
x2_2^1*x3_2^1*v2^1*v5^1,
x2_1^1*x3_2^1*v2^1*v5^1,
x2_0^1*x3_2^1*v2^1*v5^1,
x4_0^1*x4_1^1*v0^1*v5^1,
x1_1^1*x2_2^1*v0^1*v5^1,
x1_2^1*x2_0^1*v0^1*v5^1,
x1_1^1*x2_0^1*v0^1*v5^1,
x3_2^1*x4_2^1*u5^1*v5^1,
x3_1^1*x4_2^1*u5^1*v5^1,
x4_0^1*x4_1^1*u5^1*v5^1,
x3_2^1*x4_1^1*u5^1*v5^1,
x3_1^1*x4_1^1*u5^1*v5^1,
x3_2^1*x4_0^1*u5^1*v5^1,
x2_0^1*x2_2^1*u5^1*v5^1,
x1_2^1*x2_2^1*u5^1*v5^1,
x1_1^1*x2_2^1*u5^1*v5^1,
x2_0^1*x2_1^1*u5^1*v5^1,
x1_1^1*x2_1^1*u5^1*v5^1,
x3_2^1*x4_2^1*u4^1*v5^1,
x3_1^1*x4_2^1*u4^1*v5^1,
x3_2^1*x4_1^1*u4^1*v5^1,
x3_1^1*x4_1^1*u4^1*v5^1,
x3_2^1*x4_0^1*u4^1*v5^1,
x2_0^1*x2_2^1*u4^1*v5^1,
x1_1^1*x2_2^1*u4^1*v5^1,
x1_0^1*x4_0^1*x4_2^1*v5^1,
x1_0^1*x3_2^1*x4_2^1*v5^1,
x1_0^1*x4_0^1*x4_1^1*v5^1,
x2_0^1*x2_2^1*x3_0^1*v5^1,
x1_2^1*x2_2^1*x3_0^1*v5^1,
x2_0^1*x2_1^1*x3_0^1*v5^1,
x1_1^1*x2_0^1*x3_0^1*v5^1,
x4_0^1*x4_2^1*v0^1*v4^1,
x4_0^1*x4_1^1*v0^1*v4^1,
x2_0^1*x2_2^1*v0^1*v4^1,
x1_2^1*x2_2^1*v0^1*v4^1,
x1_1^1*x2_2^1*v0^1*v4^1,
x2_0^1*x2_1^1*v0^1*v4^1,
x1_2^1*x2_0^1*v0^1*v4^1,
x1_1^1*x2_0^1*v0^1*v4^1,
x3_2^1*x4_2^1*u5^1*v4^1,
x3_1^1*x4_2^1*u5^1*v4^1,
x3_2^1*x4_1^1*u5^1*v4^1,
x3_1^1*x4_1^1*u5^1*v4^1,
x2_0^1*x2_2^1*u5^1*v4^1,
x1_2^1*x2_2^1*u5^1*v4^1,
x1_1^1*x2_2^1*u5^1*v4^1,
x2_0^1*x2_1^1*u5^1*v4^1,
x1_1^1*x2_1^1*u5^1*v4^1,
x1_0^1*x4_0^1*x4_2^1*v4^1,
x1_0^1*x4_0^1*x4_1^1*v4^1,
x2_0^1*x2_2^1*x3_0^1*v4^1,
x1_2^1*x2_2^1*x3_0^1*v4^1,
x2_0^1*x2_1^1*x3_0^1*v4^1,
x1_1^1*x2_0^1*x3_0^1*v4^1,
x1_0^1*x4_0^1*x4_2^1*u5^1,
x1_0^1*x4_0^1*x4_1^1*u5^1,
x2_0^1*x2_2^1*x3_0^1*u5^1,
x2_0^1*x2_1^1*x3_0^1*u5^1,
x1_1^1*x2_0^1*x3_2^1*x4_2^1*v5^1,
x1_2^1*x2_1^1*x4_0^1*x4_1^1*v5^1,
x1_1^1*x2_1^1*x4_0^1*x4_1^1*v5^1,
x1_2^1*x2_1^1*x3_2^1*x4_1^1*v5^1,
x1_1^1*x2_1^1*x3_2^1*x4_1^1*v5^1,
x1_2^1*x2_0^1*x3_2^1*x4_1^1*v5^1,
x1_1^1*x2_0^1*x3_2^1*x4_1^1*v5^1,
x1_2^1*x2_1^1*x3_1^1*x4_1^1*v5^1,
x1_1^1*x2_1^1*x3_1^1*x4_1^1*v5^1,
x1_2^1*x2_0^1*x3_1^1*x4_1^1*v5^1,
x1_1^1*x2_0^1*x3_1^1*x4_1^1*v5^1,
x1_2^1*x2_1^1*x3_2^1*x4_0^1*v5^1,
x1_1^1*x2_1^1*x3_2^1*x4_0^1*v5^1,
x1_1^1*x2_0^1*x3_2^1*x4_0^1*v5^1,
x1_2^1*x2_1^1*x4_0^1*x4_2^1*v4^1,
x1_2^1*x2_1^1*x3_2^1*x4_2^1*v4^1,
x1_1^1*x2_1^1*x3_2^1*x4_2^1*v4^1,
x1_2^1*x2_0^1*x3_2^1*x4_2^1*v4^1,
x1_1^1*x2_0^1*x3_2^1*x4_2^1*v4^1,
x2_0^1*x2_2^1*x3_1^1*x4_2^1*v4^1,
x1_2^1*x2_2^1*x3_1^1*x4_2^1*v4^1,
x1_1^1*x2_2^1*x3_1^1*x4_2^1*v4^1,
x1_2^1*x2_1^1*x3_1^1*x4_2^1*v4^1,
x1_1^1*x2_1^1*x3_1^1*x4_2^1*v4^1,
x1_2^1*x2_0^1*x3_1^1*x4_2^1*v4^1,
x1_1^1*x2_0^1*x3_1^1*x4_2^1*v4^1,
x1_2^1*x2_1^1*x4_0^1*x4_1^1*v4^1,
x1_1^1*x2_1^1*x4_0^1*x4_1^1*v4^1,
x2_0^1*x2_2^1*x3_2^1*x4_1^1*v4^1,
x1_2^1*x2_2^1*x3_2^1*x4_1^1*v4^1,
x1_1^1*x2_2^1*x3_2^1*x4_1^1*v4^1,
x1_2^1*x2_1^1*x3_2^1*x4_1^1*v4^1,
x1_1^1*x2_1^1*x3_2^1*x4_1^1*v4^1,
x1_2^1*x2_0^1*x3_2^1*x4_1^1*v4^1,
x1_1^1*x2_0^1*x3_2^1*x4_1^1*v4^1,
x2_0^1*x2_2^1*x3_1^1*x4_1^1*v4^1,
x1_2^1*x2_2^1*x3_1^1*x4_1^1*v4^1,
x1_1^1*x2_2^1*x3_1^1*x4_1^1*v4^1,
x1_2^1*x2_1^1*x3_1^1*x4_1^1*v4^1,
x1_1^1*x2_1^1*x3_1^1*x4_1^1*v4^1,
x1_2^1*x2_0^1*x3_1^1*x4_1^1*v4^1,
x1_1^1*x2_0^1*x3_1^1*x4_1^1*v4^1,
x1_1^1*x2_0^1*x4_0^1*x4_2^1*v0^1,
x1_2^1*x2_0^1*x4_0^1*x4_1^1*v0^1,
x1_1^1*x2_0^1*x4_0^1*x4_1^1*v0^1,
x1_2^1*x2_2^1*x4_0^1*x4_2^1*u5^1,
x1_1^1*x2_1^1*x4_0^1*x4_2^1*u5^1,
x1_2^1*x2_2^1*x3_2^1*x4_2^1*u5^1,
x1_1^1*x2_1^1*x3_2^1*x4_2^1*u5^1,
x1_2^1*x2_2^1*x3_1^1*x4_2^1*u5^1,
x2_0^1*x2_1^1*x3_1^1*x4_2^1*u5^1,
x1_1^1*x2_1^1*x3_1^1*x4_2^1*u5^1,
x1_2^1*x2_2^1*x4_0^1*x4_1^1*u5^1,
x1_1^1*x2_1^1*x4_0^1*x4_1^1*u5^1,
x1_2^1*x2_2^1*x3_2^1*x4_1^1*u5^1,
x2_0^1*x2_1^1*x3_2^1*x4_1^1*u5^1,
x1_1^1*x2_1^1*x3_2^1*x4_1^1*u5^1,
x1_2^1*x2_2^1*x3_1^1*x4_1^1*u5^1,
x1_1^1*x2_2^1*x3_1^1*x4_1^1*u5^1,
x2_0^1*x2_1^1*x3_1^1*x4_1^1*u5^1,
x1_1^1*x2_1^1*x3_1^1*x4_1^1*u5^1,
x1_2^1*x2_2^1*x3_2^1*x4_0^1*u5^1,
x1_1^1*x2_2^1*x3_2^1*x4_0^1*u5^1,
x1_1^1*x2_1^1*x3_2^1*x4_0^1*u5^1,
x1_1^1*x2_2^1*x4_0^1*x4_2^1*u4^1,
x2_0^1*x2_2^1*x3_2^1*x4_2^1*u4^1,
x1_1^1*x2_2^1*x3_2^1*x4_2^1*u4^1,
x2_0^1*x2_1^1*x3_2^1*x4_2^1*u4^1,
x1_1^1*x2_2^1*x3_1^1*x4_2^1*u4^1,
x1_1^1*x2_2^1*x4_0^1*x4_1^1*u4^1,
x2_0^1*x2_2^1*x3_2^1*x4_1^1*u4^1,
x1_1^1*x2_2^1*x3_2^1*x4_1^1*u4^1,
x2_0^1*x2_1^1*x3_2^1*x4_1^1*u4^1,
x2_0^1*x2_2^1*x3_1^1*x4_1^1*u4^1,
x1_1^1*x2_2^1*x3_1^1*x4_1^1*u4^1,
x2_0^1*x2_1^1*x3_1^1*x4_1^1*u4^1,
x1_1^1*x2_2^1*x3_2^1*x4_0^1*u4^1,
x2_0^1*x2_2^1*x3_1^1*x4_0^1*u4^1,
x1_1^1*x2_2^1*x3_1^1*x4_0^1*u4^1,
x2_0^1*x2_1^1*x3_1^1*x4_0^1*u4^1,
x2_0^1*x2_2^1*x4_0^1*x4_2^1*v0^1*v5^1,
x1_2^1*x2_2^1*x4_0^1*x4_2^1*v0^1*v5^1,
x2_0^1*x2_1^1*x4_0^1*x4_2^1*u4^1*v5^1,
x2_0^1*x2_1^1*x4_0^1*x4_1^1*u4^1*v5^1]:


------------------------------------------------------------------------------------
msolve overall time           6.66 sec (elapsed) /  4.27 sec (cpu)
------------------------------------------------------------------------------------
