Initial seed for pseudo-random number generator is 0

--------------- INPUT DATA ---------------
#variables                      24
#equations                      70
#invalid equations               0
field characteristic             2
homogeneous input?               0
signature-based computation      0
monomial order                 DRL
basis hash table resetting     OFF
linear algebra option            2
initial hash table size     131072 (2^17)
max pair selection             ALL
reduce gb                        1
#threads                         1
info level                       2
generate pbm files               0
------------------------------------------

Legend for f4 information
--------------------------------------------------------
deg       current degree of pairs selected in this round
sel       number of pairs selected in this round
pairs     total number of pairs in pair list
mat       matrix dimensions (# rows x # columns)
density   density of the matrix
new data  # new elements for basis in this round
          # zero reductions during linear algebra
time(rd)  time of the current f4 round in seconds given
          for real and cpu time
--------------------------------------------------------

deg     sel   pairs        mat          density            new data         time(rd) in sec (real|cpu)
------------------------------------------------------------------------------------------------------
  2       8     133      16 x 121        17.10%        8 new       0 zero         0.00 | 0.00         
  2       2     174       7 x 18         19.84%        1 new       1 zero         0.00 | 0.00         
  3     104     178     794 x 1568        0.65%       96 new       8 zero         0.00 | 0.00         
  3      11    1191     257 x 596         1.54%       11 new       0 zero         0.00 | 0.00         
  4    1222    1314    8029 x 10519       0.19%      634 new     588 zero         0.19 | 0.19         
  2       7    4446      15 x 8          13.33%        0 new       7 zero         0.00 | 0.00         
  3     184    4439    1109 x 1457        1.83%       92 new      92 zero         0.05 | 0.05         
  3     436    3824    1845 x 2027        1.07%      139 new     297 zero         0.07 | 0.07         
  3     670    3739    2487 x 2239        0.78%       77 new     595 zero         0.05 | 0.05         
  2      22    3838     160 x 228         4.53%        0 new      22 zero         0.00 | 0.00         
  3     284    3816    1635 x 1685        0.74%       18 new     266 zero         0.01 | 0.01         
  4    3815    3881   15565 x 12362       0.24%      142 new    3689 zero         0.22 | 0.20         
  3      42    2346    1509 x 1780        0.92%        4 new      38 zero         0.01 | 0.01         
  4    1530    2386   10745 x 9641        0.24%       35 new    1495 zero         0.08 | 0.08         
  4     144    1565    9392 x 9664        0.18%        0 new     144 zero         0.02 | 0.02         
  5    1421    1421   40901 x 39897       0.05%       32 new    1389 zero         0.18 | 0.18         
  5     672     672   38480 x 38193       0.04%        0 new     672 zero         0.20 | 0.18         
------------------------------------------------------------------------------------------------------
reduce final basis     2590 x 2971        0.60%      408 new       0 zero         0.01 | 0.01         
------------------------------------------------------------------------------------------------------

---------------- TIMINGS ----------------
overall(elapsed)        1.10 sec
overall(cpu)            1.05 sec
select                  0.04 sec   3.2%
symbolic prep.          0.15 sec  14.0%
update                  0.47 sec  42.4%
convert                 0.04 sec   3.4%
linear algebra          0.40 sec  35.9%
reduce gb               0.00 sec   0.0%
-----------------------------------------

---------- COMPUTATIONAL DATA -----------
size of basis                   408
#terms in basis               19699
#pairs reduced                10574
#GM criterion                912187
#redundant elements             951
#rows reduced                 21592
#zero reductions               9303
max. matrix data              40901 x 39897 (0.045%)
max. symbolic hash table size  2^16
max. basis hash table size     2^19
-----------------------------------------

#Leading ideal data
#---
#field characteristic: 2
#variable order:       t1_0, t1_1, t1_2, t2_0, t2_1, t2_2, s1_0, s1_1, s1_2, s2_0, s2_1, s2_2, u0, u1, u2, u3, u4, u5, v0, v1, v2, v3, v4, v5
#monomial order:       graded reverse lexicographical
#length of basis:      408 elements sorted by increasing leading monomials
#---
[v3^1,
u3^1,
u0^1,
v5^2,
v4^2,
v1^1*v4^1,
u2^1*v4^1,
u1^1*v4^1,
v2^2,
v1^1*v2^1,
v0^1*v2^1,
u5^1*v2^1,
u4^1*v2^1,
u2^1*v2^1,
u1^1*v2^1,
s2_0^1*v2^1,
s1_0^1*v2^1,
t2_2^1*v2^1,
t2_1^1*v2^1,
t2_0^1*v2^1,
t1_2^1*v2^1,
t1_1^1*v2^1,
t1_0^1*v2^1,
v1^2,
v0^1*v1^1,
u5^1*v1^1,
u4^1*v1^1,
u2^1*v1^1,
u1^1*v1^1,
s2_1^1*v1^1,
s2_0^1*v1^1,
t2_2^1*v1^1,
t2_1^1*v1^1,
t2_0^1*v1^1,
t1_2^1*v1^1,
t1_1^1*v1^1,
t1_0^1*v1^1,
v0^2,
u5^1*v0^1,
u4^1*v0^1,
u2^1*v0^1,
u1^1*v0^1,
s2_0^1*v0^1,
s1_0^1*v0^1,
t2_2^1*v0^1,
t2_1^1*v0^1,
t2_0^1*v0^1,
u5^2,
u4^1*u5^1,
u2^1*u5^1,
u1^1*u5^1,
u4^2,
u2^1*u4^1,
u1^1*u4^1,
t1_2^1*u4^1,
t1_1^1*u4^1,
t1_0^1*u4^1,
u2^2,
u1^1*u2^1,
s2_1^1*u2^1,
s2_0^1*u2^1,
s1_2^1*u2^1,
s1_1^1*u2^1,
s1_0^1*u2^1,
t2_2^1*u2^1,
t2_1^1*u2^1,
t2_0^1*u2^1,
t1_2^1*u2^1,
t1_1^1*u2^1,
t1_0^1*u2^1,
u1^2,
s2_1^1*u1^1,
s2_0^1*u1^1,
s1_2^1*u1^1,
s1_1^1*u1^1,
s1_0^1*u1^1,
t2_2^1*u1^1,
t2_1^1*u1^1,
t2_0^1*u1^1,
t1_2^1*u1^1,
t1_1^1*u1^1,
t1_0^1*u1^1,
s2_2^2,
s2_0^1*s2_2^1,
s2_1^2,
s2_0^1*s2_1^1,
t2_2^1*s2_1^1,
s2_0^2,
t2_2^1*s2_0^1,
t2_1^1*s2_0^1,
t2_0^1*s2_0^1,
t1_0^1*s2_0^1,
s1_2^2,
s1_0^1*s1_2^1,
s1_1^2,
s1_0^1*s1_1^1,
t1_2^1*s1_1^1,
s1_0^2,
t2_0^1*s1_0^1,
t1_2^1*s1_0^1,
t1_1^1*s1_0^1,
t1_0^1*s1_0^1,
t2_2^2,
t2_1^2,
t2_0^2,
t1_2^2,
t1_1^2,
t1_0^2,
v2^1*v4^1*v5^1,
v0^1*v4^1*v5^1,
u5^1*v4^1*v5^1,
u4^1*v4^1*v5^1,
s2_0^1*v4^1*v5^1,
s1_0^1*v4^1*v5^1,
t2_1^1*v4^1*v5^1,
t2_0^1*v4^1*v5^1,
t1_0^1*v4^1*v5^1,
s2_2^1*v2^1*v5^1,
s2_1^1*v2^1*v5^1,
s1_2^1*v2^1*v5^1,
s1_1^1*v2^1*v5^1,
s2_2^1*v1^1*v5^1,
s1_2^1*v1^1*v5^1,
s1_1^1*v1^1*v5^1,
s1_0^1*v1^1*v5^1,
s2_2^1*v0^1*v5^1,
t1_1^1*v0^1*v5^1,
t1_0^1*v0^1*v5^1,
s2_0^1*u5^1*v5^1,
s1_1^1*u5^1*v5^1,
s1_0^1*u5^1*v5^1,
t2_1^1*u5^1*v5^1,
t2_0^1*u5^1*v5^1,
t1_2^1*u5^1*v5^1,
t1_1^1*u5^1*v5^1,
t1_0^1*u5^1*v5^1,
s2_2^1*u4^1*v5^1,
s2_1^1*u4^1*v5^1,
s2_0^1*u4^1*v5^1,
s1_2^1*u4^1*v5^1,
s1_1^1*u4^1*v5^1,
s1_0^1*u4^1*v5^1,
t2_2^1*u4^1*v5^1,
t2_1^1*u4^1*v5^1,
t2_0^1*u4^1*v5^1,
s2_2^1*u2^1*v5^1,
s2_2^1*u1^1*v5^1,
s2_1^1*s2_2^1*v5^1,
t2_2^1*s2_2^1*v5^1,
t2_1^1*s2_2^1*v5^1,
t2_0^1*s2_2^1*v5^1,
t2_1^1*s2_1^1*v5^1,
t2_0^1*s2_1^1*v5^1,
t1_2^1*s2_0^1*v5^1,
t1_1^1*s2_0^1*v5^1,
t1_0^1*s1_1^1*v5^1,
t2_2^1*s1_0^1*v5^1,
t2_1^1*s1_0^1*v5^1,
t2_1^1*t2_2^1*v5^1,
t2_0^1*t2_2^1*v5^1,
t2_0^1*t2_1^1*v5^1,
t1_1^1*t1_2^1*v5^1,
t1_0^1*t1_2^1*v5^1,
t1_0^1*t1_1^1*v5^1,
s2_2^1*v2^1*v4^1,
s2_1^1*v2^1*v4^1,
s1_2^1*v2^1*v4^1,
s1_1^1*v2^1*v4^1,
s2_2^1*v0^1*v4^1,
s2_1^1*v0^1*v4^1,
s1_2^1*v0^1*v4^1,
t1_2^1*v0^1*v4^1,
t1_1^1*v0^1*v4^1,
t1_0^1*v0^1*v4^1,
s2_0^1*u5^1*v4^1,
s1_2^1*u5^1*v4^1,
s1_1^1*u5^1*v4^1,
s1_0^1*u5^1*v4^1,
t2_2^1*u5^1*v4^1,
t2_1^1*u5^1*v4^1,
t2_0^1*u5^1*v4^1,
t1_2^1*u5^1*v4^1,
t1_1^1*u5^1*v4^1,
t1_0^1*u5^1*v4^1,
s2_2^1*u4^1*v4^1,
s2_1^1*u4^1*v4^1,
s2_0^1*u4^1*v4^1,
s1_2^1*u4^1*v4^1,
s1_1^1*u4^1*v4^1,
s1_0^1*u4^1*v4^1,
t2_2^1*u4^1*v4^1,
t2_1^1*u4^1*v4^1,
t2_0^1*u4^1*v4^1,
s2_1^1*s2_2^1*v4^1,
s1_0^1*s2_2^1*v4^1,
t2_2^1*s2_2^1*v4^1,
t2_1^1*s2_2^1*v4^1,
t2_0^1*s2_2^1*v4^1,
t2_1^1*s2_1^1*v4^1,
t2_0^1*s2_1^1*v4^1,
s1_2^1*s2_0^1*v4^1,
s1_1^1*s2_0^1*v4^1,
s1_0^1*s2_0^1*v4^1,
t1_2^1*s2_0^1*v4^1,
t1_1^1*s2_0^1*v4^1,
t1_2^1*s1_2^1*v4^1,
t1_1^1*s1_2^1*v4^1,
t1_0^1*s1_2^1*v4^1,
t1_0^1*s1_1^1*v4^1,
t2_2^1*s1_0^1*v4^1,
t2_1^1*s1_0^1*v4^1,
t2_1^1*t2_2^1*v4^1,
t2_0^1*t2_2^1*v4^1,
t2_0^1*t2_1^1*v4^1,
t1_1^1*t1_2^1*v4^1,
t1_0^1*t1_2^1*v4^1,
t1_0^1*t1_1^1*v4^1,
s2_1^1*s2_2^1*v2^1,
s1_2^1*s2_2^1*v2^1,
s1_1^1*s2_2^1*v2^1,
s1_2^1*s2_1^1*v2^1,
s1_1^1*s2_1^1*v2^1,
s1_1^1*s1_2^1*v2^1,
s1_1^1*s2_2^1*v1^1,
s1_0^1*s2_2^1*v1^1,
s1_1^1*s1_2^1*v1^1,
s2_1^1*s2_2^1*v0^1,
s1_1^1*s1_2^1*v0^1,
t1_2^1*s1_2^1*v0^1,
t1_1^1*s1_2^1*v0^1,
t1_0^1*s1_2^1*v0^1,
t1_1^1*s1_1^1*v0^1,
t1_0^1*s1_1^1*v0^1,
t1_1^1*t1_2^1*v0^1,
t1_0^1*t1_2^1*v0^1,
t1_0^1*t1_1^1*v0^1,
s1_0^1*s2_2^1*u5^1,
s1_0^1*s2_1^1*u5^1,
t2_0^1*s2_1^1*u5^1,
s1_2^1*s2_0^1*u5^1,
s1_1^1*s2_0^1*u5^1,
s1_0^1*s2_0^1*u5^1,
t1_2^1*s2_0^1*u5^1,
t1_1^1*s2_0^1*u5^1,
s1_1^1*s1_2^1*u5^1,
t1_2^1*s1_2^1*u5^1,
t1_1^1*s1_2^1*u5^1,
t1_0^1*s1_2^1*u5^1,
t2_1^1*s1_1^1*u5^1,
t2_0^1*s1_1^1*u5^1,
t1_1^1*s1_1^1*u5^1,
t1_0^1*s1_1^1*u5^1,
t2_2^1*s1_0^1*u5^1,
t2_1^1*s1_0^1*u5^1,
t2_1^1*t2_2^1*u5^1,
t2_0^1*t2_2^1*u5^1,
t1_2^1*t2_2^1*u5^1,
t1_1^1*t2_2^1*u5^1,
t1_0^1*t2_2^1*u5^1,
t2_0^1*t2_1^1*u5^1,
t1_2^1*t2_1^1*u5^1,
t1_1^1*t2_1^1*u5^1,
t1_0^1*t2_1^1*u5^1,
t1_2^1*t2_0^1*u5^1,
t1_1^1*t2_0^1*u5^1,
t1_0^1*t2_0^1*u5^1,
t1_1^1*t1_2^1*u5^1,
t1_0^1*t1_2^1*u5^1,
t1_0^1*t1_1^1*u5^1,
s1_1^1*s2_2^1*u4^1,
s1_0^1*s2_2^1*u4^1,
t2_2^1*s2_2^1*u4^1,
t2_1^1*s2_2^1*u4^1,
t2_0^1*s2_2^1*u4^1,
s1_1^1*s2_1^1*u4^1,
s1_0^1*s2_1^1*u4^1,
t2_0^1*s2_1^1*u4^1,
s1_2^1*s2_0^1*u4^1,
s1_1^1*s2_0^1*u4^1,
s1_0^1*s2_0^1*u4^1,
s1_1^1*s1_2^1*u4^1,
t2_2^1*s1_2^1*u4^1,
t2_0^1*s1_2^1*u4^1,
t2_2^1*s1_1^1*u4^1,
t2_1^1*s1_1^1*u4^1,
t2_0^1*s1_1^1*u4^1,
t2_2^1*s1_0^1*u4^1,
t2_1^1*s1_0^1*u4^1,
t2_1^1*t2_2^1*u4^1,
t2_0^1*t2_2^1*u4^1,
t2_0^1*t2_1^1*u4^1,
s1_0^1*s2_1^1*s2_2^1,
t2_1^1*s2_1^1*s2_2^1,
t2_0^1*s2_1^1*s2_2^1,
t2_1^1*s1_0^1*s2_2^1,
t2_1^1*t2_2^1*s2_2^1,
t2_0^1*t2_2^1*s2_2^1,
t2_0^1*t2_1^1*s2_2^1,
t2_1^1*s1_0^1*s2_1^1,
t2_0^1*t2_1^1*s2_1^1,
s1_1^1*s1_2^1*s2_0^1,
t1_1^1*s1_2^1*s2_0^1,
t1_1^1*s1_1^1*s2_0^1,
t1_1^1*t1_2^1*s2_0^1,
t1_1^1*s1_1^1*s1_2^1,
t1_0^1*s1_1^1*s1_2^1,
t1_1^1*t1_2^1*s1_2^1,
t1_0^1*t1_2^1*s1_2^1,
t1_0^1*t1_1^1*s1_2^1,
t1_0^1*t1_1^1*s1_1^1,
t2_1^1*t2_2^1*s1_0^1,
t2_0^1*t2_1^1*t2_2^1,
t1_1^1*t2_0^1*t2_2^1,
t1_0^1*t2_0^1*t2_2^1,
t1_1^1*t2_0^1*t2_1^1,
t1_0^1*t2_0^1*t2_1^1,
t1_0^1*t1_2^1*t2_1^1,
t1_0^1*t1_1^1*t2_1^1,
t1_0^1*t1_2^1*t2_0^1,
t1_0^1*t1_1^1*t2_0^1,
t1_0^1*t1_1^1*t1_2^1,
s1_2^1*s2_2^1*v4^1*v5^1,
s1_1^1*s2_2^1*v4^1*v5^1,
t1_2^1*s2_2^1*v4^1*v5^1,
t1_1^1*s2_2^1*v4^1*v5^1,
s1_2^1*s2_1^1*v4^1*v5^1,
s1_1^1*s2_1^1*v4^1*v5^1,
t1_2^1*s2_1^1*v4^1*v5^1,
t1_1^1*s2_1^1*v4^1*v5^1,
s1_1^1*s1_2^1*v4^1*v5^1,
t2_2^1*s1_2^1*v4^1*v5^1,
t2_2^1*s1_1^1*v4^1*v5^1,
t1_1^1*s1_1^1*v4^1*v5^1,
t1_2^1*t2_2^1*v4^1*v5^1,
t1_1^1*t2_2^1*v4^1*v5^1,
s1_2^1*s2_1^1*v0^1*v5^1,
s1_1^1*s2_1^1*v0^1*v5^1,
t1_2^1*s2_1^1*v0^1*v5^1,
s1_2^1*s2_2^1*u5^1*v5^1,
s1_2^1*s2_1^1*u5^1*v5^1,
t2_2^1*s1_2^1*u5^1*v5^1,
t1_0^1*s1_2^1*s2_2^1*v5^1,
s1_1^1*s1_2^1*s2_1^1*v5^1,
t1_2^1*s1_2^1*s2_1^1*v5^1,
t1_1^1*s1_2^1*s2_1^1*v5^1,
t1_0^1*s1_2^1*s2_1^1*v5^1,
t1_1^1*s1_1^1*s2_1^1*v5^1,
t2_2^1*s1_1^1*s1_2^1*v5^1,
t2_1^1*s1_1^1*s1_2^1*v5^1,
t2_0^1*s1_1^1*s1_2^1*v5^1,
t1_2^1*t2_2^1*s1_2^1*v5^1,
t1_1^1*t2_2^1*s1_2^1*v5^1,
t1_0^1*t2_2^1*s1_2^1*v5^1,
t1_2^1*t2_1^1*s1_2^1*v5^1,
t1_1^1*t2_1^1*s1_2^1*v5^1,
t1_0^1*t2_1^1*s1_2^1*v5^1,
t1_2^1*t2_0^1*s1_2^1*v5^1,
t1_1^1*t2_0^1*s1_2^1*v5^1,
t1_0^1*t2_0^1*s1_2^1*v5^1,
t1_1^1*t2_2^1*s1_1^1*v5^1,
t1_1^1*t2_1^1*s1_1^1*v5^1,
t1_1^1*t2_0^1*s1_1^1*v5^1,
s1_1^1*s1_2^1*s2_1^1*v4^1,
t1_1^1*s1_1^1*s2_1^1*v4^1,
t2_2^1*s1_1^1*s1_2^1*v4^1,
t2_1^1*s1_1^1*s1_2^1*v4^1,
t2_0^1*s1_1^1*s1_2^1*v4^1,
t1_1^1*t2_2^1*s1_1^1*v4^1,
t1_1^1*t2_1^1*s1_1^1*v4^1,
t1_1^1*t2_0^1*s1_1^1*v4^1,
s1_1^1*s2_1^1*s2_2^1*u5^1,
t1_2^1*s2_1^1*s2_2^1*u5^1,
t1_1^1*s2_1^1*s2_2^1*u5^1,
t1_0^1*s2_1^1*s2_2^1*u5^1,
t2_0^1*s1_2^1*s2_2^1*u5^1,
t2_2^1*s1_1^1*s2_2^1*u5^1,
t1_0^1*s1_2^1*s2_1^1*s2_2^1,
t1_0^1*s1_1^1*s2_1^1*s2_2^1,
t1_1^1*t1_2^1*s2_1^1*s2_2^1,
t2_0^1*s1_1^1*s1_2^1*s2_2^1,
t1_0^1*t2_1^1*s1_2^1*s2_2^1,
t1_2^1*t2_0^1*s1_2^1*s2_2^1,
t1_1^1*t2_0^1*s1_2^1*s2_2^1,
t1_0^1*t2_0^1*s1_2^1*s2_2^1,
t1_1^1*t2_0^1*s1_1^1*s2_2^1,
t1_0^1*t2_0^1*s1_1^1*s2_2^1,
t1_1^1*t1_2^1*t2_2^1*s2_2^1,
t1_1^1*t1_2^1*t2_1^1*s2_2^1,
t1_1^1*t1_2^1*t2_0^1*s2_2^1,
t2_0^1*s1_1^1*s1_2^1*s2_1^1,
t1_2^1*t2_0^1*s1_2^1*s2_1^1,
t1_0^1*t2_0^1*s1_2^1*s2_1^1,
t1_0^1*t2_1^1*s1_1^1*s2_1^1,
t1_1^1*t2_0^1*s1_1^1*s2_1^1,
t1_0^1*t2_0^1*s1_1^1*s2_1^1,
t1_1^1*t1_2^1*t2_1^1*s2_1^1,
t1_1^1*t1_2^1*t2_0^1*s2_1^1,
t2_1^1*t2_2^1*s1_1^1*s1_2^1,
t2_0^1*t2_2^1*s1_1^1*s1_2^1,
t2_0^1*t2_1^1*s1_1^1*s1_2^1,
t1_2^1*t2_1^1*t2_2^1*s1_2^1,
t1_1^1*t2_1^1*t2_2^1*s1_2^1,
t1_0^1*t2_1^1*t2_2^1*s1_2^1,
t1_2^1*t2_0^1*t2_2^1*s1_2^1,
t1_2^1*t2_0^1*t2_1^1*s1_2^1,
t1_1^1*t2_1^1*t2_2^1*s1_1^1,
t1_0^1*t2_1^1*t2_2^1*s1_1^1,
t1_1^1*t1_2^1*t2_1^1*t2_2^1]:


------------------------------------------------------------------------------------
msolve overall time           1.11 sec (elapsed) /  1.06 sec (cpu)
------------------------------------------------------------------------------------
