Initial seed for pseudo-random number generator is 0

--------------- INPUT DATA ---------------
#variables                      24
#equations                      70
#invalid equations               0
field characteristic             2
homogeneous input?               0
signature-based computation      0
monomial order                 DRL
basis hash table resetting     OFF
linear algebra option            2
initial hash table size     131072 (2^17)
max pair selection             ALL
reduce gb                        1
#threads                         1
info level                       2
generate pbm files               0
------------------------------------------

Legend for f4 information
--------------------------------------------------------
deg       current degree of pairs selected in this round
sel       number of pairs selected in this round
pairs     total number of pairs in pair list
mat       matrix dimensions (# rows x # columns)
density   density of the matrix
new data  # new elements for basis in this round
          # zero reductions during linear algebra
time(rd)  time of the current f4 round in seconds given
          for real and cpu time
--------------------------------------------------------

deg     sel   pairs        mat          density            new data         time(rd) in sec (real|cpu)
------------------------------------------------------------------------------------------------------
  2       7     136      31 x 133         7.81%        6 new       1 zero         0.00 | 0.00         
  3      93     167     759 x 1535        0.64%       93 new       0 zero         0.00 | 0.00         
  3      11    1151     224 x 572         1.74%       11 new       0 zero         0.00 | 0.00         
  4    1189    1274    7803 x 10311       0.18%      634 new     555 zero         0.18 | 0.18         
  2       7    4489      15 x 8          13.33%        0 new       7 zero         0.00 | 0.00         
  3     184    4482    1114 x 1466        1.79%       93 new      91 zero         0.05 | 0.05         
  3     441    3830    1835 x 2027        1.06%      106 new     336 zero         0.05 | 0.05         
  3     317    3993    1403 x 1393        1.08%       74 new     245 zero         0.04 | 0.04         
  3     471    3840    2289 x 2197        0.87%      114 new     360 zero         0.07 | 0.07         
  3     154    5152    1675 x 1797        1.00%       16 new     138 zero         0.01 | 0.01         
  3      46    5273    1624 x 1899        0.92%       10 new      36 zero         0.01 | 0.01         
  3     108    5215    1115 x 1271        1.38%        6 new     102 zero         0.01 | 0.01         
  4    5201    5236   19263 x 14409       0.22%       82 new    5153 zero         0.20 | 0.20         
  4    1289    1456   11441 x 10421       0.21%        5 new    1284 zero         0.06 | 0.06         
  5     277     277   31343 x 31330       0.05%        0 new     277 zero         0.07 | 0.06         
------------------------------------------------------------------------------------------------------
reduce final basis     1246 x 1497        1.26%      385 new       0 zero         0.00 | 0.00         
------------------------------------------------------------------------------------------------------

---------------- TIMINGS ----------------
overall(elapsed)        0.76 sec
overall(cpu)            0.76 sec
select                  0.03 sec   3.7%
symbolic prep.          0.07 sec   9.5%
update                  0.42 sec  55.2%
convert                 0.02 sec   2.0%
linear algebra          0.22 sec  28.9%
reduce gb               0.00 sec   0.0%
-----------------------------------------

---------- COMPUTATIONAL DATA -----------
size of basis                   385
#terms in basis               12711
#pairs reduced                 9795
#GM criterion                860745
#redundant elements             935
#rows reduced                 20055
#zero reductions               8585
max. matrix data              31343 x 31330 (0.048%)
max. symbolic hash table size  2^15
max. basis hash table size     2^19
-----------------------------------------

#Leading ideal data
#---
#field characteristic: 2
#variable order:       t1_0, t1_1, t1_2, t2_0, t2_1, t2_2, s1_0, s1_1, s1_2, s2_0, s2_1, s2_2, u0, u1, u2, u3, u4, u5, v0, v1, v2, v3, v4, v5
#monomial order:       graded reverse lexicographical
#length of basis:      385 elements sorted by increasing leading monomials
#---
[v3^1,
u3^1,
v5^2,
u2^1*v5^1,
u1^1*v5^1,
v4^2,
v2^1*v4^1,
v1^1*v4^1,
v0^1*v4^1,
u2^1*v4^1,
u1^1*v4^1,
v2^2,
v1^1*v2^1,
v0^1*v2^1,
u2^1*v2^1,
u1^1*v2^1,
u0^1*v2^1,
s2_0^1*v2^1,
s1_0^1*v2^1,
t2_2^1*v2^1,
t2_1^1*v2^1,
t2_0^1*v2^1,
v1^2,
v0^1*v1^1,
u5^1*v1^1,
u4^1*v1^1,
u2^1*v1^1,
u1^1*v1^1,
u0^1*v1^1,
s2_2^1*v1^1,
s2_1^1*v1^1,
s2_0^1*v1^1,
s1_0^1*v1^1,
t2_2^1*v1^1,
t2_1^1*v1^1,
t2_0^1*v1^1,
v0^2,
u5^1*v0^1,
u4^1*v0^1,
u2^1*v0^1,
u1^1*v0^1,
u0^1*v0^1,
s2_0^1*v0^1,
t2_2^1*v0^1,
t2_1^1*v0^1,
t2_0^1*v0^1,
t1_2^1*v0^1,
t1_1^1*v0^1,
t1_0^1*v0^1,
u5^2,
u4^1*u5^1,
u1^1*u5^1,
u0^1*u5^1,
t1_2^1*u5^1,
t1_1^1*u5^1,
t1_0^1*u5^1,
u4^2,
u2^1*u4^1,
u1^1*u4^1,
u0^1*u4^1,
t1_2^1*u4^1,
t1_1^1*u4^1,
t1_0^1*u4^1,
u2^2,
u1^1*u2^1,
u0^1*u2^1,
s2_0^1*u2^1,
s1_2^1*u2^1,
s1_1^1*u2^1,
s1_0^1*u2^1,
t2_2^1*u2^1,
t2_1^1*u2^1,
t2_0^1*u2^1,
t1_2^1*u2^1,
t1_1^1*u2^1,
t1_0^1*u2^1,
u1^2,
u0^1*u1^1,
s2_2^1*u1^1,
s2_1^1*u1^1,
s2_0^1*u1^1,
s1_2^1*u1^1,
s1_1^1*u1^1,
s1_0^1*u1^1,
t2_2^1*u1^1,
t2_1^1*u1^1,
t2_0^1*u1^1,
t1_2^1*u1^1,
t1_1^1*u1^1,
t1_0^1*u1^1,
u0^2,
s2_2^1*u0^1,
s2_1^1*u0^1,
s1_2^1*u0^1,
s1_1^1*u0^1,
s1_0^1*u0^1,
t2_2^1*u0^1,
t2_1^1*u0^1,
t2_0^1*u0^1,
t1_2^1*u0^1,
t1_1^1*u0^1,
t1_0^1*u0^1,
s2_2^2,
s2_0^1*s2_2^1,
s2_1^2,
s2_0^1*s2_1^1,
t2_2^1*s2_1^1,
s2_0^2,
s1_0^1*s2_0^1,
t2_2^1*s2_0^1,
t2_1^1*s2_0^1,
t2_0^1*s2_0^1,
s1_2^2,
s1_0^1*s1_2^1,
s1_1^2,
s1_0^1*s1_1^1,
t1_2^1*s1_1^1,
s1_0^2,
t1_2^1*s1_0^1,
t1_1^1*s1_0^1,
t1_0^1*s1_0^1,
t2_2^2,
t1_2^1*t2_2^1,
t1_1^1*t2_2^1,
t1_0^1*t2_2^1,
t2_1^2,
t1_2^1*t2_1^1,
t1_1^1*t2_1^1,
t1_0^1*t2_1^1,
t2_0^2,
t1_2^1*t2_0^1,
t1_1^1*t2_0^1,
t1_0^1*t2_0^1,
t1_2^2,
t1_1^2,
t1_0^2,
u5^1*v4^1*v5^1,
u4^1*v4^1*v5^1,
u0^1*v4^1*v5^1,
s2_2^1*v4^1*v5^1,
s2_1^1*v4^1*v5^1,
s2_0^1*v4^1*v5^1,
s1_2^1*v4^1*v5^1,
s1_1^1*v4^1*v5^1,
s1_0^1*v4^1*v5^1,
t2_2^1*v4^1*v5^1,
t2_1^1*v4^1*v5^1,
t2_0^1*v4^1*v5^1,
t1_2^1*v4^1*v5^1,
t1_1^1*v4^1*v5^1,
t1_0^1*v4^1*v5^1,
u5^1*v2^1*v5^1,
u4^1*v2^1*v5^1,
s2_2^1*v2^1*v5^1,
s2_1^1*v2^1*v5^1,
s1_2^1*v1^1*v5^1,
s1_1^1*v1^1*v5^1,
t1_2^1*v1^1*v5^1,
t1_1^1*v1^1*v5^1,
t1_0^1*v1^1*v5^1,
s2_2^1*v0^1*v5^1,
s2_1^1*v0^1*v5^1,
s1_2^1*v0^1*v5^1,
s1_1^1*v0^1*v5^1,
s1_0^1*v0^1*v5^1,
s1_0^1*u5^1*v5^1,
t2_1^1*u5^1*v5^1,
t2_0^1*u5^1*v5^1,
s1_0^1*u4^1*v5^1,
t2_1^1*u4^1*v5^1,
t2_0^1*u4^1*v5^1,
s2_0^1*u0^1*v5^1,
s2_1^1*s2_2^1*v5^1,
t2_2^1*s2_2^1*v5^1,
t2_1^1*s2_2^1*v5^1,
t2_0^1*s2_2^1*v5^1,
t2_1^1*s2_1^1*v5^1,
t2_0^1*s2_1^1*v5^1,
s1_1^1*s2_0^1*v5^1,
t1_2^1*s2_0^1*v5^1,
t1_1^1*s2_0^1*v5^1,
t1_0^1*s2_0^1*v5^1,
t2_2^1*s1_2^1*v5^1,
t2_0^1*s1_2^1*v5^1,
t2_1^1*s1_1^1*v5^1,
t2_0^1*s1_1^1*v5^1,
t2_2^1*s1_0^1*v5^1,
t2_1^1*s1_0^1*v5^1,
t2_0^1*s1_0^1*v5^1,
t2_1^1*t2_2^1*v5^1,
t2_0^1*t2_2^1*v5^1,
t2_0^1*t2_1^1*v5^1,
t1_1^1*t1_2^1*v5^1,
t1_0^1*t1_2^1*v5^1,
t1_0^1*t1_1^1*v5^1,
s1_1^1*u5^1*v4^1,
t2_2^1*u5^1*v4^1,
t2_1^1*u5^1*v4^1,
t2_0^1*u5^1*v4^1,
s2_2^1*u4^1*v4^1,
s2_1^1*u4^1*v4^1,
s2_0^1*u4^1*v4^1,
s1_2^1*u4^1*v4^1,
s1_1^1*u4^1*v4^1,
s1_0^1*u4^1*v4^1,
t2_2^1*u4^1*v4^1,
t2_1^1*u4^1*v4^1,
t2_0^1*u4^1*v4^1,
s2_0^1*u0^1*v4^1,
s2_1^1*s2_2^1*v4^1,
s1_1^1*s2_2^1*v4^1,
s1_0^1*s2_2^1*v4^1,
t2_2^1*s2_2^1*v4^1,
t2_1^1*s2_2^1*v4^1,
t2_0^1*s2_2^1*v4^1,
t1_2^1*s2_2^1*v4^1,
t1_1^1*s2_2^1*v4^1,
t1_0^1*s2_2^1*v4^1,
s1_0^1*s2_1^1*v4^1,
t2_1^1*s2_1^1*v4^1,
t2_0^1*s2_1^1*v4^1,
s1_2^1*s2_0^1*v4^1,
t1_2^1*s2_0^1*v4^1,
t1_1^1*s2_0^1*v4^1,
t1_0^1*s2_0^1*v4^1,
t2_2^1*s1_2^1*v4^1,
t2_1^1*s1_2^1*v4^1,
t2_0^1*s1_2^1*v4^1,
t1_0^1*s1_2^1*v4^1,
t2_2^1*s1_1^1*v4^1,
t2_1^1*s1_1^1*v4^1,
t2_0^1*s1_1^1*v4^1,
t1_1^1*s1_1^1*v4^1,
t1_0^1*s1_1^1*v4^1,
t2_2^1*s1_0^1*v4^1,
t2_1^1*s1_0^1*v4^1,
t2_0^1*s1_0^1*v4^1,
t2_1^1*t2_2^1*v4^1,
t2_0^1*t2_2^1*v4^1,
t2_0^1*t2_1^1*v4^1,
t1_1^1*t1_2^1*v4^1,
t1_0^1*t1_2^1*v4^1,
t1_0^1*t1_1^1*v4^1,
s2_2^1*u5^1*v2^1,
s2_1^1*u5^1*v2^1,
s1_2^1*u5^1*v2^1,
s1_1^1*u5^1*v2^1,
s2_2^1*u4^1*v2^1,
s2_1^1*u4^1*v2^1,
s1_2^1*u4^1*v2^1,
s1_1^1*u4^1*v2^1,
s2_1^1*s2_2^1*v2^1,
s1_2^1*s2_2^1*v2^1,
s1_1^1*s2_2^1*v2^1,
t1_2^1*s2_2^1*v2^1,
t1_1^1*s2_2^1*v2^1,
t1_0^1*s2_2^1*v2^1,
s1_2^1*s2_1^1*v2^1,
s1_1^1*s2_1^1*v2^1,
t1_2^1*s2_1^1*v2^1,
t1_1^1*s2_1^1*v2^1,
t1_0^1*s2_1^1*v2^1,
s1_1^1*s1_2^1*v2^1,
t1_2^1*s1_2^1*v2^1,
t1_1^1*s1_2^1*v2^1,
t1_0^1*s1_2^1*v2^1,
t1_1^1*s1_1^1*v2^1,
t1_0^1*s1_1^1*v2^1,
t1_1^1*t1_2^1*v2^1,
t1_0^1*t1_2^1*v2^1,
t1_0^1*t1_1^1*v2^1,
s1_1^1*s1_2^1*v1^1,
t1_2^1*s1_2^1*v1^1,
t1_1^1*s1_2^1*v1^1,
t1_0^1*s1_2^1*v1^1,
t1_1^1*s1_1^1*v1^1,
t1_0^1*s1_1^1*v1^1,
t1_1^1*t1_2^1*v1^1,
t1_0^1*t1_2^1*v1^1,
t1_0^1*t1_1^1*v1^1,
s2_1^1*s2_2^1*v0^1,
s1_2^1*s2_2^1*v0^1,
s1_1^1*s2_2^1*v0^1,
s1_0^1*s2_2^1*v0^1,
s1_2^1*s2_1^1*v0^1,
s1_1^1*s2_1^1*v0^1,
s1_0^1*s2_1^1*v0^1,
s1_1^1*s1_2^1*v0^1,
s2_2^1*u2^1*u5^1,
s2_1^1*u2^1*u5^1,
s1_0^1*s2_2^1*u5^1,
s1_2^1*s2_0^1*u5^1,
s1_1^1*s1_2^1*u5^1,
t2_2^1*s1_0^1*u5^1,
t2_1^1*s1_0^1*u5^1,
t2_0^1*s1_0^1*u5^1,
t2_1^1*t2_2^1*u5^1,
t2_0^1*t2_2^1*u5^1,
t2_0^1*t2_1^1*u5^1,
s1_0^1*s2_2^1*u4^1,
t2_0^1*s2_2^1*u4^1,
s1_2^1*s2_1^1*u4^1,
s1_0^1*s2_1^1*u4^1,
t2_1^1*s2_1^1*u4^1,
t2_0^1*s2_1^1*u4^1,
s1_2^1*s2_0^1*u4^1,
s1_1^1*s2_0^1*u4^1,
s1_1^1*s1_2^1*u4^1,
t2_2^1*s1_2^1*u4^1,
t2_1^1*s1_2^1*u4^1,
t2_0^1*s1_2^1*u4^1,
t2_2^1*s1_0^1*u4^1,
t2_1^1*s1_0^1*u4^1,
t2_0^1*s1_0^1*u4^1,
t2_1^1*t2_2^1*u4^1,
t2_0^1*t2_2^1*u4^1,
t2_0^1*t2_1^1*u4^1,
s2_1^1*s2_2^1*u2^1,
t2_1^1*s2_1^1*s2_2^1,
t2_0^1*s2_1^1*s2_2^1,
t1_2^1*s2_1^1*s2_2^1,
t1_1^1*s2_1^1*s2_2^1,
t1_0^1*s2_1^1*s2_2^1,
t2_0^1*s1_2^1*s2_2^1,
t2_0^1*s1_1^1*s2_2^1,
t2_2^1*s1_0^1*s2_2^1,
t2_1^1*s1_0^1*s2_2^1,
t2_0^1*s1_0^1*s2_2^1,
t2_1^1*t2_2^1*s2_2^1,
t2_0^1*t2_2^1*s2_2^1,
t2_0^1*t2_1^1*s2_2^1,
t1_1^1*t1_2^1*s2_2^1,
t1_0^1*t1_2^1*s2_2^1,
t1_0^1*t1_1^1*s2_2^1,
t1_0^1*s1_2^1*s2_1^1,
t2_1^1*s1_1^1*s2_1^1,
t2_0^1*s1_1^1*s2_1^1,
t1_1^1*s1_1^1*s2_1^1,
t1_0^1*s1_1^1*s2_1^1,
t2_1^1*s1_0^1*s2_1^1,
t2_0^1*s1_0^1*s2_1^1,
t2_0^1*t2_1^1*s2_1^1,
t1_1^1*t1_2^1*s2_1^1,
t1_0^1*t1_2^1*s2_1^1,
t1_0^1*t1_1^1*s2_1^1,
s1_1^1*s1_2^1*s2_0^1,
t1_2^1*s1_2^1*s2_0^1,
t1_1^1*s1_2^1*s2_0^1,
t1_0^1*s1_2^1*s2_0^1,
t1_1^1*s1_1^1*s2_0^1,
t1_0^1*s1_1^1*s2_0^1,
t1_1^1*t1_2^1*s2_0^1,
t1_0^1*t1_2^1*s2_0^1,
t1_0^1*t1_1^1*s2_0^1,
t2_2^1*s1_1^1*s1_2^1,
t2_1^1*s1_1^1*s1_2^1,
t2_0^1*s1_1^1*s1_2^1,
t1_1^1*s1_1^1*s1_2^1,
t1_0^1*s1_1^1*s1_2^1,
t2_1^1*t2_2^1*s1_2^1,
t2_0^1*t2_2^1*s1_2^1,
t2_0^1*t2_1^1*s1_2^1,
t1_1^1*t1_2^1*s1_2^1,
t1_0^1*t1_2^1*s1_2^1,
t1_0^1*t1_1^1*s1_2^1,
t2_1^1*t2_2^1*s1_1^1,
t2_0^1*t2_2^1*s1_1^1,
t2_0^1*t2_1^1*s1_1^1,
t1_0^1*t1_1^1*s1_1^1,
t2_1^1*t2_2^1*s1_0^1,
t2_0^1*t2_2^1*s1_0^1,
t2_0^1*t2_1^1*s1_0^1,
t2_0^1*t2_1^1*t2_2^1,
t1_0^1*t1_1^1*t1_2^1,
s1_2^1*s2_2^1*u5^1*v5^1,
s1_1^1*s2_1^1*u5^1*v5^1,
t2_2^1*s1_1^1*u5^1*v5^1,
s1_1^1*s2_1^1*u4^1*v5^1,
t2_2^1*s1_1^1*u4^1*v5^1,
s1_1^1*s1_2^1*s2_1^1*v5^1,
t1_2^1*s1_2^1*s2_1^1*v5^1,
t1_1^1*s1_2^1*s2_1^1*v5^1,
t2_2^1*s1_1^1*s2_2^1*u5^1,
t2_1^1*s1_1^1*s2_2^1*u5^1,
s1_1^1*s1_2^1*s2_1^1*s2_2^1]:


------------------------------------------------------------------------------------
msolve overall time           0.77 sec (elapsed) /  0.76 sec (cpu)
------------------------------------------------------------------------------------
