Initial seed for pseudo-random number generator is 0

--------------- INPUT DATA ---------------
#variables                      24
#equations                      46
#invalid equations               0
field characteristic             2
homogeneous input?               0
signature-based computation      0
monomial order                 DRL
basis hash table resetting     OFF
linear algebra option            2
initial hash table size     131072 (2^17)
max pair selection             ALL
reduce gb                        1
#threads                         1
info level                       2
generate pbm files               0
------------------------------------------

Legend for f4 information
--------------------------------------------------------
deg       current degree of pairs selected in this round
sel       number of pairs selected in this round
pairs     total number of pairs in pair list
mat       matrix dimensions (# rows x # columns)
density   density of the matrix
new data  # new elements for basis in this round
          # zero reductions during linear algebra
time(rd)  time of the current f4 round in seconds given
          for real and cpu time
--------------------------------------------------------

deg     sel   pairs        mat          density            new data         time(rd) in sec (real|cpu)
------------------------------------------------------------------------------------------------------
  2       3      82      15 x 55         16.97%        2 new       1 zero         0.00 | 0.00         
  3      21      91     213 x 537         1.77%       21 new       0 zero         0.00 | 0.00         
  3       5     293     155 x 305         3.22%        5 new       0 zero         0.00 | 0.00         
  4     234     332    2362 x 4157        0.32%      149 new      85 zero         0.01 | 0.01         
  4     926    1682    7347 x 9507        0.30%      396 new     530 zero         0.12 | 0.11         
  2       1    4033       3 x 2          66.67%        0 new       1 zero         0.00 | 0.00         
  3     104    4032     600 x 924         1.97%       37 new      67 zero         0.01 | 0.01         
  3     218    2379     835 x 943         1.45%       14 new     205 zero         0.01 | 0.01         
  3      30    2218     655 x 1045        1.49%       20 new      10 zero         0.01 | 0.01         
  4    1429    2315    9287 x 9322        0.38%      325 new    1117 zero         0.18 | 0.18         
  3     345    2942    1786 x 1957        0.93%       29 new     316 zero         0.02 | 0.02         
  3      99    2568    1425 x 1893        0.91%        8 new      91 zero         0.01 | 0.01         
  3      22    2596    1131 x 1698        0.86%        0 new      22 zero         0.00 | 0.00         
  4    1967    2574   14025 x 13358       0.18%      168 new    1819 zero         0.16 | 0.16         
  4    1394    3431   13582 x 13334       0.20%      145 new    1249 zero         0.15 | 0.15         
  5    5027    5103   57101 x 53139       0.05%      104 new    4926 zero         0.59 | 0.59         
  5    1294    1728   37169 x 36835       0.06%        0 new    1294 zero         0.21 | 0.21         
  6     434     434  106084 x 106610      0.02%        0 new     434 zero         0.30 | 0.30         
------------------------------------------------------------------------------------------------------
reduce final basis     3024 x 3957        0.60%      571 new       0 zero         0.01 | 0.01         
------------------------------------------------------------------------------------------------------

---------------- TIMINGS ----------------
overall(elapsed)        1.79 sec
overall(cpu)            1.77 sec
select                  0.06 sec   3.2%
symbolic prep.          0.31 sec  17.3%
update                  0.53 sec  29.7%
convert                 0.05 sec   3.0%
linear algebra          0.82 sec  45.6%
reduce gb               0.00 sec   0.0%
-----------------------------------------

---------- COMPUTATIONAL DATA -----------
size of basis                   571
#terms in basis               40221
#pairs reduced                13553
#GM criterion               1064693
#redundant elements             898
#rows reduced                 27751
#zero reductions              12167
max. matrix data             106084 x 106610 (0.019%)
max. symbolic hash table size  2^17
max. basis hash table size     2^19
-----------------------------------------

#Leading ideal data
#---
#field characteristic: 2
#variable order:       x1_0, x1_1, x1_2, x2_0, x2_1, x2_2, x3_0, x3_1, x3_2, x4_0, x4_1, x4_2, u0, u1, u2, u3, u4, u5, v0, v1, v2, v3, v4, v5
#monomial order:       graded reverse lexicographical
#length of basis:      571 elements sorted by increasing leading monomials
#---
[v3^1,
u3^1,
v5^2,
u2^1*v5^1,
u1^1*v5^1,
v4^2,
v2^1*v4^1,
v1^1*v4^1,
v0^1*v4^1,
u2^1*v4^1,
u1^1*v4^1,
v2^2,
v1^1*v2^1,
v0^1*v2^1,
u2^1*v2^1,
u1^1*v2^1,
u0^1*v2^1,
x3_0^1*v2^1,
x1_0^1*v2^1,
v1^2,
v0^1*v1^1,
u5^1*v1^1,
u4^1*v1^1,
u2^1*v1^1,
u1^1*v1^1,
u0^1*v1^1,
x3_2^1*v1^1,
x3_1^1*v1^1,
x3_0^1*v1^1,
x1_0^1*v1^1,
v0^2,
u5^1*v0^1,
u4^1*v0^1,
u2^1*v0^1,
u1^1*v0^1,
u0^1*v0^1,
x3_0^1*v0^1,
u5^2,
u4^1*u5^1,
u1^1*u5^1,
u0^1*u5^1,
u4^2,
u2^1*u4^1,
u1^1*u4^1,
u0^1*u4^1,
u2^2,
u1^1*u2^1,
u0^1*u2^1,
x3_0^1*u2^1,
x1_2^1*u2^1,
x1_1^1*u2^1,
x1_0^1*u2^1,
u1^2,
u0^1*u1^1,
x3_0^1*u1^1,
x1_2^1*u1^1,
x1_1^1*u1^1,
x1_0^1*u1^1,
u0^2,
x3_2^1*u0^1,
x3_1^1*u0^1,
x1_0^1*u0^1,
x4_2^2,
x4_1^1*x4_2^1,
x3_0^1*x4_2^1,
x4_1^2,
x3_0^1*x4_1^1,
x4_0^2,
x3_0^1*x4_0^1,
x3_2^2,
x3_1^1*x3_2^1,
x3_0^1*x3_2^1,
x3_1^2,
x3_0^1*x3_1^1,
x3_0^2,
x1_0^1*x3_0^1,
x2_2^2,
x2_1^1*x2_2^1,
x1_0^1*x2_2^1,
x2_1^2,
x1_0^1*x2_1^1,
x2_0^2,
x1_0^1*x2_0^1,
x1_2^2,
x1_1^1*x1_2^1,
x1_0^1*x1_2^1,
x1_1^2,
x1_0^1*x1_1^1,
x1_0^2,
u5^1*v4^1*v5^1,
u4^1*v4^1*v5^1,
u0^1*v4^1*v5^1,
x3_1^1*v4^1*v5^1,
x3_0^1*v4^1*v5^1,
x2_0^1*v4^1*v5^1,
x1_2^1*v4^1*v5^1,
x1_1^1*v4^1*v5^1,
x1_0^1*v4^1*v5^1,
u5^1*v2^1*v5^1,
u4^1*v2^1*v5^1,
x4_0^1*v2^1*v5^1,
x3_2^1*v2^1*v5^1,
x3_1^1*v2^1*v5^1,
x4_2^1*v1^1*v5^1,
x4_0^1*v1^1*v5^1,
x2_1^1*v1^1*v5^1,
x2_0^1*v1^1*v5^1,
x1_2^1*v1^1*v5^1,
x1_1^1*v1^1*v5^1,
x4_2^1*v0^1*v5^1,
x4_1^1*v0^1*v5^1,
x4_0^1*v0^1*v5^1,
x3_2^1*v0^1*v5^1,
x3_1^1*v0^1*v5^1,
x2_2^1*v0^1*v5^1,
x2_1^1*v0^1*v5^1,
x2_0^1*v0^1*v5^1,
x1_2^1*v0^1*v5^1,
x1_1^1*v0^1*v5^1,
x1_0^1*v0^1*v5^1,
x3_0^1*u0^1*v5^1,
x1_1^1*u0^1*v5^1,
x3_1^1*x4_0^1*v5^1,
x3_0^1*u4^1*v4^1,
x1_2^1*u4^1*v4^1,
x1_1^1*u4^1*v4^1,
x1_0^1*u4^1*v4^1,
x3_0^1*u0^1*v4^1,
x2_0^1*u0^1*v4^1,
x1_2^1*u0^1*v4^1,
x1_1^1*u0^1*v4^1,
x3_2^1*x4_0^1*v4^1,
x3_1^1*x4_0^1*v4^1,
x1_1^1*x3_2^1*v4^1,
x1_2^1*x3_0^1*v4^1,
x4_0^1*u5^1*v2^1,
x3_2^1*u5^1*v2^1,
x3_1^1*u5^1*v2^1,
x2_0^1*u5^1*v2^1,
x1_2^1*u5^1*v2^1,
x1_1^1*u5^1*v2^1,
x4_1^1*u4^1*v2^1,
x4_0^1*u4^1*v2^1,
x3_2^1*u4^1*v2^1,
x3_1^1*u4^1*v2^1,
x2_0^1*u4^1*v2^1,
x1_2^1*u4^1*v2^1,
x1_1^1*u4^1*v2^1,
x4_0^1*x4_2^1*v2^1,
x3_2^1*x4_2^1*v2^1,
x3_1^1*x4_2^1*v2^1,
x4_0^1*x4_1^1*v2^1,
x3_2^1*x4_1^1*v2^1,
x3_1^1*x4_1^1*v2^1,
x3_2^1*x4_0^1*v2^1,
x3_1^1*x4_0^1*v2^1,
x1_2^1*x3_1^1*v2^1,
x1_1^1*x3_1^1*v2^1,
x1_2^1*x2_0^1*v2^1,
x4_0^1*x4_2^1*v1^1,
x4_0^1*x4_1^1*v1^1,
x1_2^1*x2_0^1*v1^1,
x1_1^1*x2_0^1*v1^1,
x3_2^1*x4_2^1*v0^1,
x3_1^1*x4_2^1*v0^1,
x1_2^1*x4_2^1*v0^1,
x1_1^1*x4_2^1*v0^1,
x3_2^1*x4_1^1*v0^1,
x3_1^1*x4_1^1*v0^1,
x1_2^1*x4_1^1*v0^1,
x1_1^1*x4_1^1*v0^1,
x3_2^1*x4_0^1*v0^1,
x3_1^1*x4_0^1*v0^1,
x1_2^1*x4_0^1*v0^1,
x1_1^1*x4_0^1*v0^1,
x1_2^1*x3_2^1*v0^1,
x1_1^1*x3_2^1*v0^1,
x1_0^1*x3_2^1*v0^1,
x1_2^1*x3_1^1*v0^1,
x1_1^1*x3_1^1*v0^1,
x1_0^1*x3_1^1*v0^1,
x2_0^1*x2_2^1*v0^1,
x1_2^1*x2_2^1*v0^1,
x1_1^1*x2_2^1*v0^1,
x2_0^1*x2_1^1*v0^1,
x1_2^1*x2_1^1*v0^1,
x1_1^1*x2_1^1*v0^1,
x1_2^1*x2_0^1*v0^1,
x1_1^1*x2_0^1*v0^1,
x4_2^1*u2^1*u5^1,
x4_1^1*u2^1*u5^1,
x4_0^1*u2^1*u5^1,
x3_2^1*u2^1*u5^1,
x3_1^1*u2^1*u5^1,
x2_2^1*u2^1*u5^1,
x2_1^1*u2^1*u5^1,
x2_0^1*u2^1*u5^1,
x1_2^1*x3_0^1*u5^1,
x1_2^1*x2_2^1*u5^1,
x1_1^1*x2_2^1*u5^1,
x1_2^1*x2_1^1*u5^1,
x1_1^1*x2_1^1*u5^1,
x1_2^1*x2_0^1*u5^1,
x1_1^1*x2_0^1*u5^1,
x1_2^1*x3_1^1*u4^1,
x1_2^1*x3_0^1*u4^1,
x1_1^1*x3_0^1*u4^1,
x1_2^1*x2_2^1*u4^1,
x1_1^1*x2_2^1*u4^1,
x2_0^1*x2_1^1*u4^1,
x1_2^1*x2_1^1*u4^1,
x1_1^1*x2_1^1*u4^1,
x1_2^1*x2_0^1*u4^1,
x1_1^1*x2_0^1*u4^1,
x3_2^1*x4_2^1*u2^1,
x3_1^1*x4_2^1*u2^1,
x2_0^1*x4_2^1*u2^1,
x4_0^1*x4_1^1*u2^1,
x3_2^1*x4_1^1*u2^1,
x3_1^1*x4_1^1*u2^1,
x2_0^1*x4_1^1*u2^1,
x3_2^1*x4_0^1*u2^1,
x3_1^1*x4_0^1*u2^1,
x2_0^1*x4_0^1*u2^1,
x2_0^1*x3_2^1*u2^1,
x2_2^1*x3_1^1*u2^1,
x2_1^1*x3_1^1*u2^1,
x2_0^1*x3_1^1*u2^1,
x2_0^1*x2_2^1*u2^1,
x2_0^1*x2_1^1*u2^1,
x4_0^1*x4_2^1*u1^1,
x3_2^1*x4_2^1*u1^1,
x3_1^1*x4_2^1*u1^1,
x2_1^1*x4_2^1*u1^1,
x2_0^1*x4_2^1*u1^1,
x4_0^1*x4_1^1*u1^1,
x3_2^1*x4_1^1*u1^1,
x3_1^1*x4_1^1*u1^1,
x2_1^1*x4_1^1*u1^1,
x2_0^1*x4_1^1*u1^1,
x3_2^1*x4_0^1*u1^1,
x3_1^1*x4_0^1*u1^1,
x2_1^1*x4_0^1*u1^1,
x2_0^1*x4_0^1*u1^1,
x2_2^1*x3_2^1*u1^1,
x2_1^1*x3_2^1*u1^1,
x2_0^1*x3_2^1*u1^1,
x2_1^1*x3_1^1*u1^1,
x2_0^1*x3_1^1*u1^1,
x2_0^1*x2_2^1*u1^1,
x2_0^1*x2_1^1*u1^1,
x4_0^1*x4_2^1*u0^1,
x4_0^1*x4_1^1*u0^1,
x1_1^1*x4_1^1*u0^1,
x1_2^1*x4_0^1*u0^1,
x1_1^1*x4_0^1*u0^1,
x1_2^1*x3_0^1*u0^1,
x1_1^1*x3_0^1*u0^1,
x2_0^1*x2_2^1*u0^1,
x1_2^1*x2_2^1*u0^1,
x1_1^1*x2_2^1*u0^1,
x2_0^1*x2_1^1*u0^1,
x1_2^1*x2_1^1*u0^1,
x1_1^1*x2_1^1*u0^1,
x1_2^1*x2_0^1*u0^1,
x1_1^1*x2_0^1*u0^1,
x3_2^1*x4_0^1*x4_2^1,
x3_1^1*x4_0^1*x4_2^1,
x3_2^1*x4_0^1*x4_1^1,
x3_1^1*x4_0^1*x4_1^1,
x1_0^1*x3_2^1*x4_0^1,
x1_1^1*x3_1^1*x4_0^1,
x1_0^1*x3_1^1*x4_0^1,
x1_2^1*x2_1^1*x3_0^1,
x1_2^1*x2_0^1*x3_0^1,
x1_1^1*x2_0^1*x3_0^1,
x1_2^1*x2_0^1*x2_2^1,
x1_1^1*x2_0^1*x2_2^1,
x1_2^1*x2_0^1*x2_1^1,
x1_1^1*x2_0^1*x2_1^1,
x4_0^1*x4_2^1*v4^1*v5^1,
x3_2^1*x4_2^1*v4^1*v5^1,
x4_0^1*x4_1^1*v4^1*v5^1,
x3_2^1*x4_1^1*v4^1*v5^1,
x2_2^1*x3_2^1*v4^1*v5^1,
x2_1^1*x3_2^1*v4^1*v5^1,
x2_1^1*x4_2^1*v2^1*v5^1,
x2_0^1*x4_2^1*v2^1*v5^1,
x1_2^1*x4_2^1*v2^1*v5^1,
x1_1^1*x4_2^1*v2^1*v5^1,
x2_1^1*x4_1^1*v2^1*v5^1,
x2_0^1*x4_1^1*v2^1*v5^1,
x1_2^1*x4_1^1*v2^1*v5^1,
x1_1^1*x4_1^1*v2^1*v5^1,
x1_2^1*x2_1^1*v2^1*v5^1,
x1_1^1*x2_0^1*v2^1*v5^1,
x3_2^1*x4_2^1*u5^1*v5^1,
x3_2^1*x4_1^1*u5^1*v5^1,
x3_1^1*x4_1^1*u5^1*v5^1,
x3_2^1*x4_0^1*u5^1*v5^1,
x1_1^1*x4_0^1*u5^1*v5^1,
x1_0^1*x4_0^1*u5^1*v5^1,
x2_0^1*x3_1^1*u5^1*v5^1,
x1_1^1*x3_1^1*u5^1*v5^1,
x1_0^1*x3_1^1*u5^1*v5^1,
x2_0^1*x3_0^1*u5^1*v5^1,
x1_1^1*x3_0^1*u5^1*v5^1,
x2_0^1*x2_2^1*u5^1*v5^1,
x3_2^1*x4_2^1*u4^1*v5^1,
x4_0^1*x4_1^1*u4^1*v5^1,
x3_2^1*x4_1^1*u4^1*v5^1,
x3_1^1*x4_1^1*u4^1*v5^1,
x3_2^1*x4_0^1*u4^1*v5^1,
x1_2^1*x4_0^1*u4^1*v5^1,
x1_0^1*x4_0^1*u4^1*v5^1,
x2_0^1*x3_1^1*u4^1*v5^1,
x1_0^1*x3_1^1*u4^1*v5^1,
x2_0^1*x3_0^1*u4^1*v5^1,
x1_2^1*x4_2^1*u0^1*v5^1,
x1_2^1*x4_1^1*u0^1*v5^1,
x2_1^1*x4_0^1*u0^1*v5^1,
x2_0^1*x4_0^1*u0^1*v5^1,
x1_2^1*x4_0^1*x4_2^1*v5^1,
x1_0^1*x4_0^1*x4_2^1*v5^1,
x2_0^1*x3_2^1*x4_2^1*v5^1,
x1_2^1*x3_2^1*x4_2^1*v5^1,
x1_1^1*x3_2^1*x4_2^1*v5^1,
x1_0^1*x3_2^1*x4_2^1*v5^1,
x1_2^1*x3_1^1*x4_2^1*v5^1,
x1_1^1*x3_1^1*x4_2^1*v5^1,
x1_0^1*x3_1^1*x4_2^1*v5^1,
x2_0^1*x4_0^1*x4_1^1*v5^1,
x1_1^1*x4_0^1*x4_1^1*v5^1,
x1_0^1*x4_0^1*x4_1^1*v5^1,
x2_0^1*x3_2^1*x4_1^1*v5^1,
x1_2^1*x3_2^1*x4_1^1*v5^1,
x1_1^1*x3_2^1*x4_1^1*v5^1,
x1_0^1*x3_2^1*x4_1^1*v5^1,
x2_2^1*x3_1^1*x4_1^1*v5^1,
x2_1^1*x3_1^1*x4_1^1*v5^1,
x2_0^1*x3_1^1*x4_1^1*v5^1,
x1_2^1*x3_1^1*x4_1^1*v5^1,
x1_1^1*x3_1^1*x4_1^1*v5^1,
x1_0^1*x3_1^1*x4_1^1*v5^1,
x2_1^1*x3_2^1*x4_0^1*v5^1,
x2_0^1*x3_2^1*x4_0^1*v5^1,
x1_2^1*x3_2^1*x4_0^1*v5^1,
x1_1^1*x3_2^1*x4_0^1*v5^1,
x1_2^1*x2_0^1*x4_0^1*v5^1,
x1_1^1*x2_0^1*x4_0^1*v5^1,
x1_2^1*x2_0^1*x3_1^1*v5^1,
x1_1^1*x2_0^1*x3_1^1*v5^1,
x2_0^1*x2_2^1*x3_0^1*v5^1,
x1_2^1*x2_2^1*x3_0^1*v5^1,
x1_1^1*x2_2^1*x3_0^1*v5^1,
x2_0^1*x2_1^1*x3_0^1*v5^1,
x1_1^1*x2_1^1*x3_0^1*v5^1,
x3_2^1*x4_2^1*u5^1*v4^1,
x4_0^1*x4_1^1*u5^1*v4^1,
x3_2^1*x4_1^1*u5^1*v4^1,
x3_1^1*x4_1^1*u5^1*v4^1,
x1_1^1*x4_0^1*u5^1*v4^1,
x1_0^1*x4_0^1*u5^1*v4^1,
x2_0^1*x3_2^1*u5^1*v4^1,
x1_0^1*x3_2^1*u5^1*v4^1,
x2_0^1*x3_0^1*u5^1*v4^1,
x1_1^1*x3_0^1*u5^1*v4^1,
x2_0^1*x2_1^1*u5^1*v4^1,
x4_0^1*x4_2^1*u4^1*v4^1,
x3_2^1*x4_2^1*u4^1*v4^1,
x3_1^1*x4_2^1*u4^1*v4^1,
x3_2^1*x4_1^1*u4^1*v4^1,
x3_1^1*x4_1^1*u4^1*v4^1,
x2_1^1*x4_0^1*u4^1*v4^1,
x2_0^1*x4_0^1*u4^1*v4^1,
x2_2^1*x3_2^1*u4^1*v4^1,
x2_1^1*x3_2^1*u4^1*v4^1,
x2_0^1*x3_2^1*u4^1*v4^1,
x2_2^1*x3_1^1*u4^1*v4^1,
x2_1^1*x3_1^1*u4^1*v4^1,
x2_0^1*x3_1^1*u4^1*v4^1,
x2_0^1*x2_2^1*u4^1*v4^1,
x2_1^1*x4_2^1*u0^1*v4^1,
x2_2^1*x4_1^1*u0^1*v4^1,
x2_1^1*x4_1^1*u0^1*v4^1,
x2_2^1*x4_0^1*u0^1*v4^1,
x2_1^1*x4_0^1*u0^1*v4^1,
x1_1^1*x4_0^1*x4_2^1*v4^1,
x1_0^1*x4_0^1*x4_2^1*v4^1,
x2_2^1*x3_2^1*x4_2^1*v4^1,
x2_0^1*x3_2^1*x4_2^1*v4^1,
x1_2^1*x3_2^1*x4_2^1*v4^1,
x1_0^1*x3_2^1*x4_2^1*v4^1,
x2_1^1*x3_1^1*x4_2^1*v4^1,
x2_0^1*x3_1^1*x4_2^1*v4^1,
x1_2^1*x3_1^1*x4_2^1*v4^1,
x1_1^1*x3_1^1*x4_2^1*v4^1,
x1_0^1*x3_1^1*x4_2^1*v4^1,
x2_0^1*x4_0^1*x4_1^1*v4^1,
x1_2^1*x4_0^1*x4_1^1*v4^1,
x1_1^1*x4_0^1*x4_1^1*v4^1,
x1_0^1*x4_0^1*x4_1^1*v4^1,
x2_2^1*x3_2^1*x4_1^1*v4^1,
x2_1^1*x3_2^1*x4_1^1*v4^1,
x2_0^1*x3_2^1*x4_1^1*v4^1,
x1_2^1*x3_2^1*x4_1^1*v4^1,
x1_0^1*x3_2^1*x4_1^1*v4^1,
x2_1^1*x3_1^1*x4_1^1*v4^1,
x2_0^1*x3_1^1*x4_1^1*v4^1,
x1_2^1*x3_1^1*x4_1^1*v4^1,
x1_1^1*x3_1^1*x4_1^1*v4^1,
x1_0^1*x3_1^1*x4_1^1*v4^1,
x1_1^1*x2_0^1*x4_1^1*v4^1,
x1_2^1*x2_1^1*x4_0^1*v4^1,
x1_2^1*x2_0^1*x4_0^1*v4^1,
x1_1^1*x2_0^1*x4_0^1*v4^1,
x2_0^1*x2_2^1*x3_2^1*v4^1,
x1_2^1*x2_2^1*x3_2^1*v4^1,
x2_0^1*x2_1^1*x3_2^1*v4^1,
x1_2^1*x2_1^1*x3_2^1*v4^1,
x1_2^1*x2_0^1*x3_2^1*v4^1,
x1_1^1*x2_0^1*x3_1^1*v4^1,
x2_0^1*x2_2^1*x3_0^1*v4^1,
x1_1^1*x2_2^1*x3_0^1*v4^1,
x2_0^1*x2_1^1*x3_0^1*v4^1,
x1_1^1*x2_1^1*x3_0^1*v4^1,
x2_2^1*x4_2^1*u5^1*v2^1,
x2_2^1*x4_1^1*u5^1*v2^1,
x2_1^1*x4_1^1*u5^1*v2^1,
x1_1^1*x2_0^1*x4_2^1*v2^1,
x1_1^1*x2_0^1*x4_1^1*v2^1,
x2_0^1*x2_2^1*x4_0^1*v2^1,
x1_2^1*x2_2^1*x4_0^1*v2^1,
x1_1^1*x2_2^1*x4_0^1*v2^1,
x2_0^1*x2_1^1*x4_0^1*v2^1,
x1_2^1*x2_1^1*x4_0^1*v2^1,
x1_1^1*x2_1^1*x4_0^1*v2^1,
x1_1^1*x2_0^1*x4_0^1*v2^1,
x2_0^1*x2_2^1*x3_2^1*v2^1,
x1_2^1*x2_2^1*x3_2^1*v2^1,
x1_1^1*x2_2^1*x3_2^1*v2^1,
x2_0^1*x2_1^1*x3_2^1*v2^1,
x1_2^1*x2_1^1*x3_2^1*v2^1,
x1_1^1*x2_1^1*x3_2^1*v2^1,
x1_1^1*x2_0^1*x3_2^1*v2^1,
x2_0^1*x2_2^1*x3_1^1*v2^1,
x2_0^1*x2_1^1*x3_1^1*v2^1,
x2_0^1*x2_2^1*x4_1^1*v1^1,
x1_2^1*x2_2^1*x4_1^1*v1^1,
x1_1^1*x2_2^1*x4_1^1*v1^1,
x2_0^1*x2_1^1*x4_1^1*v1^1,
x1_2^1*x2_1^1*x4_1^1*v1^1,
x1_1^1*x2_1^1*x4_1^1*v1^1,
x2_0^1*x2_2^1*x4_0^1*v1^1,
x1_2^1*x2_2^1*x4_0^1*v1^1,
x1_1^1*x2_2^1*x4_0^1*v1^1,
x2_0^1*x2_1^1*x4_0^1*v1^1,
x1_2^1*x2_1^1*x4_0^1*v1^1,
x1_1^1*x2_1^1*x4_0^1*v1^1,
x2_0^1*x4_0^1*x4_2^1*v0^1,
x1_0^1*x4_0^1*x4_2^1*v0^1,
x2_1^1*x4_0^1*x4_1^1*v0^1,
x2_0^1*x4_0^1*x4_1^1*v0^1,
x1_0^1*x4_0^1*x4_1^1*v0^1,
x1_0^1*x4_0^1*x4_2^1*u5^1,
x1_0^1*x3_2^1*x4_2^1*u5^1,
x1_0^1*x3_1^1*x4_2^1*u5^1,
x1_0^1*x4_0^1*x4_1^1*u5^1,
x1_0^1*x3_2^1*x4_1^1*u5^1,
x1_0^1*x3_1^1*x4_1^1*u5^1,
x2_0^1*x3_2^1*x4_0^1*u5^1,
x1_1^1*x3_2^1*x4_0^1*u5^1,
x2_0^1*x3_1^1*x4_0^1*u5^1,
x2_0^1*x2_2^1*x4_0^1*u5^1,
x2_0^1*x2_1^1*x4_0^1*u5^1,
x2_0^1*x2_2^1*x3_2^1*u5^1,
x2_0^1*x2_1^1*x3_1^1*u5^1,
x2_0^1*x2_2^1*x3_0^1*u5^1,
x2_0^1*x2_1^1*x3_0^1*u5^1,
x1_2^1*x4_0^1*x4_2^1*u4^1,
x1_0^1*x4_0^1*x4_2^1*u4^1,
x1_2^1*x3_2^1*x4_2^1*u4^1,
x1_0^1*x3_2^1*x4_2^1*u4^1,
x1_0^1*x3_1^1*x4_2^1*u4^1,
x1_2^1*x4_0^1*x4_1^1*u4^1,
x1_0^1*x4_0^1*x4_1^1*u4^1,
x1_2^1*x3_2^1*x4_1^1*u4^1,
x1_0^1*x3_2^1*x4_1^1*u4^1,
x1_0^1*x3_1^1*x4_1^1*u4^1,
x2_0^1*x3_2^1*x4_0^1*u4^1,
x1_2^1*x3_2^1*x4_0^1*u4^1,
x2_2^1*x3_1^1*x4_0^1*u4^1,
x2_1^1*x3_1^1*x4_0^1*u4^1,
x2_0^1*x3_1^1*x4_0^1*u4^1,
x2_0^1*x2_2^1*x4_0^1*u4^1,
x2_0^1*x2_2^1*x3_1^1*u4^1,
x2_0^1*x2_2^1*x3_0^1*u4^1,
x2_2^1*x4_0^1*x4_2^1*u2^1,
x2_1^1*x4_0^1*x4_2^1*u2^1,
x2_0^1*x2_2^1*x4_0^1*x4_2^1,
x1_2^1*x2_2^1*x4_0^1*x4_2^1,
x1_1^1*x2_2^1*x4_0^1*x4_2^1,
x2_0^1*x2_1^1*x4_0^1*x4_2^1,
x1_2^1*x2_1^1*x4_0^1*x4_2^1,
x1_1^1*x2_1^1*x4_0^1*x4_2^1,
x1_2^1*x2_0^1*x4_0^1*x4_2^1,
x1_1^1*x2_0^1*x4_0^1*x4_2^1,
x2_0^1*x2_2^1*x3_2^1*x4_2^1,
x1_2^1*x2_2^1*x3_2^1*x4_2^1,
x1_1^1*x2_2^1*x3_2^1*x4_2^1,
x2_0^1*x2_1^1*x3_2^1*x4_2^1,
x1_2^1*x2_1^1*x3_2^1*x4_2^1,
x1_1^1*x2_1^1*x3_2^1*x4_2^1,
x1_2^1*x2_0^1*x3_2^1*x4_2^1,
x1_1^1*x2_0^1*x3_2^1*x4_2^1,
x2_0^1*x2_2^1*x3_1^1*x4_2^1,
x1_2^1*x2_2^1*x3_1^1*x4_2^1,
x1_1^1*x2_2^1*x3_1^1*x4_2^1,
x2_0^1*x2_1^1*x3_1^1*x4_2^1,
x1_2^1*x2_1^1*x3_1^1*x4_2^1,
x1_1^1*x2_1^1*x3_1^1*x4_2^1,
x1_2^1*x2_0^1*x3_1^1*x4_2^1,
x1_1^1*x2_0^1*x3_1^1*x4_2^1,
x2_0^1*x2_2^1*x4_0^1*x4_1^1,
x1_2^1*x2_2^1*x4_0^1*x4_1^1,
x1_1^1*x2_2^1*x4_0^1*x4_1^1,
x2_0^1*x2_1^1*x4_0^1*x4_1^1,
x1_2^1*x2_1^1*x4_0^1*x4_1^1,
x1_1^1*x2_1^1*x4_0^1*x4_1^1,
x1_2^1*x2_0^1*x4_0^1*x4_1^1,
x1_1^1*x2_0^1*x4_0^1*x4_1^1,
x2_0^1*x2_2^1*x3_2^1*x4_1^1,
x1_2^1*x2_2^1*x3_2^1*x4_1^1,
x1_1^1*x2_2^1*x3_2^1*x4_1^1,
x2_0^1*x2_1^1*x3_2^1*x4_1^1,
x1_2^1*x2_1^1*x3_2^1*x4_1^1,
x1_1^1*x2_1^1*x3_2^1*x4_1^1,
x1_2^1*x2_0^1*x3_2^1*x4_1^1,
x1_1^1*x2_0^1*x3_2^1*x4_1^1,
x2_0^1*x2_2^1*x3_1^1*x4_1^1,
x1_2^1*x2_2^1*x3_1^1*x4_1^1,
x1_1^1*x2_2^1*x3_1^1*x4_1^1,
x2_0^1*x2_1^1*x3_1^1*x4_1^1,
x1_2^1*x2_1^1*x3_1^1*x4_1^1,
x1_1^1*x2_1^1*x3_1^1*x4_1^1,
x1_2^1*x2_0^1*x3_1^1*x4_1^1,
x1_1^1*x2_0^1*x3_1^1*x4_1^1,
x2_0^1*x2_2^1*x3_2^1*x4_0^1,
x1_2^1*x2_2^1*x3_2^1*x4_0^1,
x1_1^1*x2_2^1*x3_2^1*x4_0^1,
x2_0^1*x2_1^1*x3_2^1*x4_0^1,
x1_2^1*x2_1^1*x3_2^1*x4_0^1,
x1_1^1*x2_1^1*x3_2^1*x4_0^1,
x1_2^1*x2_0^1*x3_2^1*x4_0^1,
x1_1^1*x2_0^1*x3_2^1*x4_0^1,
x2_0^1*x2_2^1*x3_1^1*x4_0^1,
x1_2^1*x2_2^1*x3_1^1*x4_0^1,
x2_0^1*x2_1^1*x3_1^1*x4_0^1,
x1_2^1*x2_1^1*x3_1^1*x4_0^1,
x1_2^1*x2_0^1*x3_1^1*x4_0^1,
x2_2^1*x4_0^1*x4_2^1*u5^1*v5^1,
x2_1^1*x4_0^1*x4_2^1*u5^1*v5^1,
x2_0^1*x4_0^1*x4_2^1*u5^1*v5^1,
x2_2^1*x3_1^1*x4_2^1*u5^1*v5^1,
x2_1^1*x3_1^1*x4_2^1*u5^1*v5^1,
x2_0^1*x4_0^1*x4_2^1*u4^1*v5^1,
x2_2^1*x3_1^1*x4_2^1*u4^1*v5^1,
x2_1^1*x3_1^1*x4_2^1*u4^1*v5^1,
x2_0^1*x4_0^1*x4_2^1*u5^1*v4^1,
x2_2^1*x3_1^1*x4_2^1*u5^1*v4^1,
x2_2^1*x4_0^1*x4_1^1*u4^1*v4^1]:


------------------------------------------------------------------------------------
msolve overall time           1.79 sec (elapsed) /  1.78 sec (cpu)
------------------------------------------------------------------------------------
