NVIDIA RTX PRO 6000 Blackwell Server Edition, GPU-1b556168-9b35-b2af-fd40-576de941682f, 580.95.05, 2430 MHz, 600.00 W, 97887 MiB, 12.0
nvcc: NVIDIA (R) Cuda compiler driver
Copyright (c) 2005-2026 NVIDIA Corporation
Built on Tue_Jun_09_02:43:40_PM_PDT_2026
Cuda compilation tools, release 13.3, V13.3.73
Build cuda_13.3.r13.3/compiler.38244171_0
source: 5c91ec05166342bea08251a4ce6351f926f9fc6c
control: BATCH=16 THREADS=512 MINBLOCKS=1 WITNESS=0 GLOBAL_CG=0 TABLE_FUSED=0 TABLE_GLOBAL=0 TABLE_ADDEND_GLOBAL=0 TABLE_PHASE_POPC=0 CYCLE_PROFILE=0 PHASE_PROFILE=0 PACKED_CHAINS=1 PACKED_TOP_HOIST=0 PACKED_ONB_INV=0 PACKED_SLOT_PREFETCH=0 PACKED_SLOT_PIPELINE=0 PACKED_CLMAD_SQUARE=0 PACKED_KARAT3=0 PACKED_TOP_CLMAD=0 PACKED_ADD_COMBINE=0 PACKED_ALU_SQR=0 SIGMA_FUSED=0 SIGMA_FUSED_LATE_Y=0 TABLE_BLOCK_HINTS=1 TABLE_GLOBAL_HINTS=0 TABLE_GLOBAL_HINT_THREADS=128
r128: BATCH=16 THREADS=512 MINBLOCKS=1 WITNESS=0 GLOBAL_CG=0 TABLE_FUSED=0 TABLE_GLOBAL=0 TABLE_ADDEND_GLOBAL=0 TABLE_PHASE_POPC=0 CYCLE_PROFILE=0 PHASE_PROFILE=0 PACKED_CHAINS=1 PACKED_TOP_HOIST=0 PACKED_ONB_INV=0 PACKED_SLOT_PREFETCH=0 PACKED_SLOT_PIPELINE=0 PACKED_CLMAD_SQUARE=0 PACKED_KARAT3=0 PACKED_TOP_CLMAD=0 PACKED_ADD_COMBINE=0 PACKED_ALU_SQR=0 SIGMA_FUSED=0 SIGMA_FUSED_LATE_Y=0 TABLE_BLOCK_HINTS=0 TABLE_GLOBAL_HINTS=1 TABLE_GLOBAL_HINT_THREADS=128
r256: BATCH=16 THREADS=512 MINBLOCKS=1 WITNESS=0 GLOBAL_CG=0 TABLE_FUSED=0 TABLE_GLOBAL=0 TABLE_ADDEND_GLOBAL=0 TABLE_PHASE_POPC=0 CYCLE_PROFILE=0 PHASE_PROFILE=0 PACKED_CHAINS=1 PACKED_TOP_HOIST=0 PACKED_ONB_INV=0 PACKED_SLOT_PREFETCH=0 PACKED_SLOT_PIPELINE=0 PACKED_CLMAD_SQUARE=0 PACKED_KARAT3=0 PACKED_TOP_CLMAD=0 PACKED_ADD_COMBINE=0 PACKED_ALU_SQR=0 SIGMA_FUSED=0 SIGMA_FUSED_LATE_Y=0 TABLE_BLOCK_HINTS=0 TABLE_GLOBAL_HINTS=1 TABLE_GLOBAL_HINT_THREADS=256
r512: BATCH=16 THREADS=512 MINBLOCKS=1 WITNESS=0 GLOBAL_CG=0 TABLE_FUSED=0 TABLE_GLOBAL=0 TABLE_ADDEND_GLOBAL=0 TABLE_PHASE_POPC=0 CYCLE_PROFILE=0 PHASE_PROFILE=0 PACKED_CHAINS=1 PACKED_TOP_HOIST=0 PACKED_ONB_INV=0 PACKED_SLOT_PREFETCH=0 PACKED_SLOT_PIPELINE=0 PACKED_CLMAD_SQUARE=0 PACKED_KARAT3=0 PACKED_TOP_CLMAD=0 PACKED_ADD_COMBINE=0 PACKED_ALU_SQR=0 SIGMA_FUSED=0 SIGMA_FUSED_LATE_Y=0 TABLE_BLOCK_HINTS=0 TABLE_GLOBAL_HINTS=1 TABLE_GLOBAL_HINT_THREADS=512
warmup	0	1	control	7003.783	201863462912	0	0aba09bc3eb073855ec857444b3eeb8554b0bd0535778e50b3f291e81fda2657	2422, 252.08, 46
warmup	0	2	r128	5722.343	201863462912	0	dfae2348b3ea782e8b9902f4080b362acae4509ce8e19af770e241419da9ea4d	2422, 233.68, 49
warmup	0	3	r256	5980.906	201863462912	0	d07a08ebebcc2801db60a00d62832df986282e18a4b9329334e6d816ff29b4e1	2422, 257.14, 51
warmup	0	4	r512	5605.598	201863462912	0	e6c7be8c5f3ecc900fce6d61da68433fdd1577ecd4f809fd61246f420ca5047c	2422, 255.19, 51
aa	1	1	control_a	7022.415	201863462912	0	26753251b2b33cb618d502843e84656c736f009a344eba35d3240a0e692326fa	2422, 174.40, 51
aa	1	2	control_b	7020.498	201863462912	0	31d5e21b9cb1849a6ad41115450cedcef189eb8510442b36267a3ec2907fdbbe	2422, 284.72, 52
aa	2	1	control_b	7023.702	201863462912	0	15be00d9601bb10c3af95c24fe1309be1e96cb85b8e332d732ea9006ff617bee	2422, 273.15, 52
aa	2	2	control_a	7021.700	201863462912	0	938b23dc004491037ab354dba961ce54fa6acfc11f858252731647e845a7b304	2422, 258.32, 52
aa	3	1	control_a	7023.979	201863462912	0	6c110ab27a4f6128cb1fc16eafafa3a6d779d27d633387775bb2230fdcc0f92d	2422, 282.11, 52
aa	3	2	control_b	7024.501	201863462912	0	8031d9448308d09ee4456ba431ff7039662076be2d6df3433a10994b9c6ae3c9	2422, 272.16, 52
aa	4	1	control_b	7021.194	201863462912	0	d5153db620eaf40b4331d51fc604a9d34c79e6fcd2e9a79195bb21114e5bbcc1	2422, 289.35, 52
aa	4	2	control_a	7024.259	201863462912	0	45161520bd99dc93f330352ca76e743fe10d6946bdbb4e09e615e030940196a2	2422, 261.17, 52
aa	5	1	control_a	7023.802	201863462912	0	16a9415897ef5ee8e755840fe4c01abfd86d9685cb516d9964a1c847c5a557e2	2422, 275.35, 52
aa	5	2	control_b	7023.460	201863462912	0	de59f9b9cf0aa415bdae04daae124ed885a8be65825734e689606c39c6f7046e	2422, 293.98, 53
screen	1	1	control	7025.565	201863462912	0	624b7616244f71de678e8f151467786407272f21d7a0a031cb7d2783baa591ac	2422, 277.08, 52
screen	1	2	r128	5720.533	201863462912	0	a948df1ce8f5c494ac38f82e97c83fb9dcf3425b1a842c1046984d81d0a4f1f9	2422, 255.90, 51
screen	1	3	r256	5981.002	201863462912	0	eee64d28f3247836820f4011702104e12b05a154a0c9c722a90bd2846f2c35cc	2422, 260.55, 52
screen	1	4	r512	5605.567	201863462912	0	256d74814e9aa5a06d63e69888fda94f4fd541d8ca64d6047129daa39313a085	2422, 248.00, 51
screen	2	1	r512	5605.453	201863462912	0	1bf20fc907c980f996a60a3d33e0ab9aeda07e68ef6e8b1c92c41330409544f1	2422, 264.98, 51
screen	2	2	r256	5980.026	201863462912	0	1eb275d4a7256702f640521bc7d17d141357d2199d95f802126edaad6205b58d	2422, 256.33, 51
screen	2	3	r128	5721.592	201863462912	0	7144665f7e640efffcae3e1bcb2f57cb0fb47c359cb001d38379f011f10bf62e	2422, 226.05, 51
screen	2	4	control	7023.638	201863462912	0	ee9fabfa86fa7efbffed944cc0698b36045ff8a1335d15b42ab799a8816971b2	2422, 142.71, 51
screen	3	1	r128	5722.265	201863462912	0	7303dfb7380ce98dc09432ead0819eee40f0955ac4e2ef7fa40d03f9a2263f7d	2422, 252.18, 51
screen	3	2	control	7023.287	201863462912	0	75110fcb26dec9442d17391e0c5356b357eeff67e65ad6741ad8d9a1cd6f8b37	2422, 260.18, 52
screen	3	3	r512	5605.788	201863462912	0	aec8aa6806b88716cd39b4b0832f917e54df1a90afcef4b93dee36360107ef35	2422, 260.43, 51
screen	3	4	r256	5979.857	201863462912	0	500926652705508b78a48fc3d228002d51863e85f7134789e5b0c26911a934e6	2422, 248.18, 51
screen	4	1	r256	5982.142	201863462912	0	499897927444e422ef3a1a31bbb40cb853f9a3c023c3a84d39dc3fee39293748	2422, 251.89, 51
screen	4	2	r512	5605.315	201863462912	0	cffd08bb1d25009851166474b8a84ffbbffcfa647f8d7890f016031c8b3f57b7	2422, 260.38, 51
screen	4	3	control	7023.240	201863462912	0	5de13ffce5bf577e1bff7cd06ffc64d2379af93cbffc57cf703c52447d89dd6e	2422, 276.77, 52
screen	4	4	r128	5721.426	201863462912	0	a265f68dd0fc8164d33b2bb7bbf90cbe865ff4a81622a3e60baed8875f4c360a	2422, 260.48, 51
screen	5	1	control	7024.479	201863462912	0	83e6eb2cb864d1a6b8f472aba17d236454a0a6467e0c08bd6acec219c0fd2eb6	2422, 275.19, 52
screen	5	2	r128	5722.023	201863462912	0	d07d327a74dd2364e8df9bb32b6f0ee0938bf7c1106fef0f414296f5fdb0c6a8	2422, 241.93, 51
screen	5	3	r256	5979.873	201863462912	0	b341d4991a1c442ddacb390a8c114592b5da9ee42bfc749244243fbbbaa4f22f	2422, 238.80, 52
screen	5	4	r512	5605.582	201863462912	0	51fcde66b6ae337a41c5109e7df16fa871d1981641cf959f274d6dd9441197ab	2422, 257.76, 51
=== done
