packed L2 persist window: 626688 of 626688 field bytes, cap 83886080
packed kernel: 126 registers/thread, 0 local bytes/thread, 0 shared bytes/block, single-product multiplier
packed launch bounds: 512 threads, 1 min blocks
packed driver reserved shared bytes/block: 1024, device 0
packed denominator cache: 1
packed multiply by value: 1
packed Frobenius network: 3
packed polynomial chain: 1
packed polynomial state: 1
packed unrolled inversion: 1
packed paired products: 1
packed pair ilp: 1
packed pair clmul: 0
packed clmul flat: 0
packed top hoist: 0
packed onb inv: 0
packed from reduced: 1
packed slot unroll: 1
packed chains: 1
packed slot prefetch: 0
packed slot pipeline: 0
packed sigma fused: 0
packed sigma fused late y: 0
packed witness: 0
packed L2 persist: 1
packed direct reduction: 1
packed generated product: 1
packed native carryless multiply: 1
packed native carryless square: 0
packed three-limb Karatsuba: 0
packed weighted prefix: 2
packed compact state: 1
packed shared sigma: 1
packed top clmad: 0
packed state tile: 256
packed add combine: 0
packed alu square: 1
packed alu onb square: 0
packed square table: 1
packed polynomial inversion: 2
packed profile ranges: 0
packed table GPU-wide hints: 1
packed hint scheduling: table fused 0, pipe select 1, chain first 1, inline polynomial 3, phase profile 0, cycle profile 0
packed GPU-wide hint queue: 8208 entries, 188 resolver blocks of 128 threads
packed GPU-wide hint memory: 32832 queue bytes, 4 counter bytes
packed GPU-wide resolver geometry: 188 blocks, 128 threads/block, 4 warps/block, 1 active block(s)/SM, 57052 dynamic shared bytes, launch bounds 128 x 1
packed hint select kernel: 56 registers/thread, 0 local bytes/thread, 0 static shared bytes
packed hint resolve kernel: 124 registers/thread, 400 local bytes/thread, 0 static shared bytes
packed table pivot bytes: 1, table shared bytes 57052
packed table phase popc: 0
packed table split forward: 1
packed table batch hints: 1
packed table block hints: 0, queue 512
packed cycle fast2: 1
packed cycle profile: 0
packed table global: 0
packed table addend global: 0
packed table walk: 1 (8 branches, 57052 shared bytes)
backend cuda-packed131: 513 threads x 16 slots x 1 lanes = 8208 walks, dp weight 48, 95 steps per launch
WARNING: --verify 300 replays reports on the CPU; campaign collection uses --verify 0 so a cutoff-32 trail cannot stall the GPU
       9.7 s       0.081 M it/s      779760 iterations      1311 dp      1311 stored         0 dropped
      10.5 s       0.521 M it/s     5458320 iterations      9182 dp      9182 stored         0 dropped
  finished: 0.521 M it/s, 9182 distinguished points (300 verified against the reference, 0 dropped)
