   1/768 rho-strong     icv1-f2m41-tm2308219-7f48b14a W15dcf1a74cb8  verified S=0.081 L0
   2/768 ic-k8          icv1-f2m41-tm2308219-7f48b14a W15dcf1a74cb8     error S=- L0
   3/768 ic-k16         icv1-f2m41-tm2308219-7f48b14a W15dcf1a74cb8  verified S=43.062 L0
   4/768 ic-k16-control icv1-f2m41-tm2308219-7f48b14a W15dcf1a74cb8  verified S=43.062 L0
   5/768 rho-strong     icv1-f2m41-tm2308219-7f48b14a W58966332d354  verified S=0.319 L0
   6/768 ic-k8          icv1-f2m41-tm2308219-7f48b14a W58966332d354     error S=- L0
   7/768 ic-k16         icv1-f2m41-tm2308219-7f48b14a W58966332d354 exhausted S=43.137 L0
   8/768 ic-k16-control icv1-f2m41-tm2308219-7f48b14a W58966332d354 exhausted S=43.137 L0
   9/768 rho-strong     icv1-f2m41-tm2308219-7f48b14a W209f07abaaeb  verified S=0.263 L0
  10/768 ic-k8          icv1-f2m41-tm2308219-7f48b14a W209f07abaaeb     error S=- L0
  11/768 ic-k16         icv1-f2m41-tm2308219-7f48b14a W209f07abaaeb  verified S=42.957 L0
  12/768 ic-k16-control icv1-f2m41-tm2308219-7f48b14a W209f07abaaeb  verified S=42.957 L0
  13/768 rho-strong     icv1-f2m41-tm2308219-7f48b14a Wcfd3a21e46fe  verified S=0.308 L0
  14/768 ic-k8          icv1-f2m41-tm2308219-7f48b14a Wcfd3a21e46fe     error S=- L0
  15/768 ic-k16         icv1-f2m41-tm2308219-7f48b14a Wcfd3a21e46fe  verified S=42.399 L0
  16/768 ic-k16-control icv1-f2m41-tm2308219-7f48b14a Wcfd3a21e46fe  verified S=42.399 L0
  17/768 rho-strong     icv1-f2m41-tm2308219-7f48b14a W2c831e15bf01  verified S=0.077 L0
  18/768 ic-k8          icv1-f2m41-tm2308219-7f48b14a W2c831e15bf01     error S=- L0
  19/768 ic-k16         icv1-f2m41-tm2308219-7f48b14a W2c831e15bf01  verified S=42.959 L0
  20/768 ic-k16-control icv1-f2m41-tm2308219-7f48b14a W2c831e15bf01  verified S=42.959 L0
  21/768 rho-strong     icv1-f2m41-tm2308219-7f48b14a W289d2f3cec86  verified S=0.147 L0
  22/768 ic-k8          icv1-f2m41-tm2308219-7f48b14a W289d2f3cec86     error S=- L0
  23/768 ic-k16         icv1-f2m41-tm2308219-7f48b14a W289d2f3cec86  verified S=42.433 L0
  24/768 ic-k16-control icv1-f2m41-tm2308219-7f48b14a W289d2f3cec86  verified S=42.433 L0
  25/768 rho-strong     icv1-f2m41-tm2308219-7f48b14a Wa19cda0cc1a4  verified S=0.095 L0
  26/768 ic-k8          icv1-f2m41-tm2308219-7f48b14a Wa19cda0cc1a4     error S=- L0
  27/768 ic-k16         icv1-f2m41-tm2308219-7f48b14a Wa19cda0cc1a4  verified S=42.697 L0
  28/768 ic-k16-control icv1-f2m41-tm2308219-7f48b14a Wa19cda0cc1a4  verified S=42.697 L0
  29/768 rho-strong     icv1-f2m41-tm2308219-7f48b14a W457bfc288ea6  verified S=0.169 L0
  30/768 ic-k8          icv1-f2m41-tm2308219-7f48b14a W457bfc288ea6     error S=- L0
  31/768 ic-k16         icv1-f2m41-tm2308219-7f48b14a W457bfc288ea6 exhausted S=43.137 L0
  32/768 ic-k16-control icv1-f2m41-tm2308219-7f48b14a W457bfc288ea6 exhausted S=43.137 L0
  33/768 rho-strong     icv1-f2m41-tm2308219-7f48b14a W67b6de6cae1f  verified S=0.151 L0
  34/768 ic-k8          icv1-f2m41-tm2308219-7f48b14a W67b6de6cae1f     error S=- L0
  35/768 ic-k16         icv1-f2m41-tm2308219-7f48b14a W67b6de6cae1f exhausted S=43.137 L0
  36/768 ic-k16-control icv1-f2m41-tm2308219-7f48b14a W67b6de6cae1f exhausted S=43.137 L0
  37/768 rho-strong     icv1-f2m41-tm2308219-7f48b14a W5b37a6615229  verified S=0.080 L0
  38/768 ic-k8          icv1-f2m41-tm2308219-7f48b14a W5b37a6615229     error S=- L0
  39/768 ic-k16         icv1-f2m41-tm2308219-7f48b14a W5b37a6615229 exhausted S=43.137 L0
  40/768 ic-k16-control icv1-f2m41-tm2308219-7f48b14a W5b37a6615229 exhausted S=43.137 L0
  41/768 rho-strong     icv1-f2m41-tm2308219-7f48b14a W79e398e98b74  verified S=0.114 L0
  42/768 ic-k8          icv1-f2m41-tm2308219-7f48b14a W79e398e98b74     error S=- L0
  43/768 ic-k16         icv1-f2m41-tm2308219-7f48b14a W79e398e98b74 exhausted S=43.137 L0
  44/768 ic-k16-control icv1-f2m41-tm2308219-7f48b14a W79e398e98b74 exhausted S=43.137 L0
  45/768 rho-strong     icv1-f2m41-tm2308219-7f48b14a W9f34390e2590  verified S=0.220 L0
  46/768 ic-k8          icv1-f2m41-tm2308219-7f48b14a W9f34390e2590     error S=- L0
  47/768 ic-k16         icv1-f2m41-tm2308219-7f48b14a W9f34390e2590 exhausted S=43.137 L0
  48/768 ic-k16-control icv1-f2m41-tm2308219-7f48b14a W9f34390e2590 exhausted S=43.137 L0
  49/768 rho-strong     icv1-f2m41-tm2308219-7f48b14a W745f41e72e78  verified S=0.086 L0
  50/768 ic-k8          icv1-f2m41-tm2308219-7f48b14a W745f41e72e78     error S=- L0
  51/768 ic-k16         icv1-f2m41-tm2308219-7f48b14a W745f41e72e78 exhausted S=43.137 L0
  52/768 ic-k16-control icv1-f2m41-tm2308219-7f48b14a W745f41e72e78 exhausted S=43.137 L0
  53/768 rho-strong     icv1-f2m41-tm2308219-7f48b14a W595bec26193e  verified S=0.262 L0
  54/768 ic-k8          icv1-f2m41-tm2308219-7f48b14a W595bec26193e     error S=- L0
  55/768 ic-k16         icv1-f2m41-tm2308219-7f48b14a W595bec26193e  verified S=42.293 L0
  56/768 ic-k16-control icv1-f2m41-tm2308219-7f48b14a W595bec26193e  verified S=42.293 L0
  57/768 rho-strong     icv1-f2m41-tm2308219-7f48b14a W128fdf0a9314  verified S=0.151 L0
  58/768 ic-k8          icv1-f2m41-tm2308219-7f48b14a W128fdf0a9314     error S=- L0
  59/768 ic-k16         icv1-f2m41-tm2308219-7f48b14a W128fdf0a9314 exhausted S=43.137 L0
  60/768 ic-k16-control icv1-f2m41-tm2308219-7f48b14a W128fdf0a9314 exhausted S=43.137 L0
  61/768 rho-strong     icv1-f2m41-tm2308219-7f48b14a W0b23b25ea500  verified S=0.222 L0
  62/768 ic-k8          icv1-f2m41-tm2308219-7f48b14a W0b23b25ea500     error S=- L0
  63/768 ic-k16         icv1-f2m41-tm2308219-7f48b14a W0b23b25ea500  verified S=42.689 L0
  64/768 ic-k16-control icv1-f2m41-tm2308219-7f48b14a W0b23b25ea500  verified S=42.689 L0
  65/768 rho-strong     icv1-f2m53-tm56619371-dac20a85 W32013b060ceb  verified S=0.104 L0
  66/768 ic-k8          icv1-f2m53-tm56619371-dac20a85 W32013b060ceb     error S=- L0
  67/768 ic-k16         icv1-f2m53-tm56619371-dac20a85 W32013b060ceb     error S=- L0
  68/768 ic-k16-control icv1-f2m53-tm56619371-dac20a85 W32013b060ceb     error S=- L0
  69/768 rho-strong     icv1-f2m53-tm56619371-dac20a85 W6152454b01d8  verified S=0.151 L0
  70/768 ic-k8          icv1-f2m53-tm56619371-dac20a85 W6152454b01d8     error S=- L0
  71/768 ic-k16         icv1-f2m53-tm56619371-dac20a85 W6152454b01d8     error S=- L0
  72/768 ic-k16-control icv1-f2m53-tm56619371-dac20a85 W6152454b01d8     error S=- L0
  73/768 rho-strong     icv1-f2m53-tm56619371-dac20a85 W362bfb17df38  verified S=0.177 L0
  74/768 ic-k8          icv1-f2m53-tm56619371-dac20a85 W362bfb17df38     error S=- L0
  75/768 ic-k16         icv1-f2m53-tm56619371-dac20a85 W362bfb17df38     error S=- L0
  76/768 ic-k16-control icv1-f2m53-tm56619371-dac20a85 W362bfb17df38     error S=- L0
  77/768 rho-strong     icv1-f2m53-tm56619371-dac20a85 Waf2e9dd0f327  verified S=0.130 L0
  78/768 ic-k8          icv1-f2m53-tm56619371-dac20a85 Waf2e9dd0f327     error S=- L0
  79/768 ic-k16         icv1-f2m53-tm56619371-dac20a85 Waf2e9dd0f327     error S=- L0
  80/768 ic-k16-control icv1-f2m53-tm56619371-dac20a85 Waf2e9dd0f327     error S=- L0
  81/768 rho-strong     icv1-f2m53-tm56619371-dac20a85 W53b3c7191bc1  verified S=0.194 L0
  82/768 ic-k8          icv1-f2m53-tm56619371-dac20a85 W53b3c7191bc1     error S=- L0
  83/768 ic-k16         icv1-f2m53-tm56619371-dac20a85 W53b3c7191bc1     error S=- L0
  84/768 ic-k16-control icv1-f2m53-tm56619371-dac20a85 W53b3c7191bc1     error S=- L0
  85/768 rho-strong     icv1-f2m53-tm56619371-dac20a85 W9397d97679e6  verified S=0.031 L0
  86/768 ic-k8          icv1-f2m53-tm56619371-dac20a85 W9397d97679e6     error S=- L0
  87/768 ic-k16         icv1-f2m53-tm56619371-dac20a85 W9397d97679e6     error S=- L0
  88/768 ic-k16-control icv1-f2m53-tm56619371-dac20a85 W9397d97679e6     error S=- L0
  89/768 rho-strong     icv1-f2m53-tm56619371-dac20a85 W2407a541d20a  verified S=0.078 L0
  90/768 ic-k8          icv1-f2m53-tm56619371-dac20a85 W2407a541d20a     error S=- L0
  91/768 ic-k16         icv1-f2m53-tm56619371-dac20a85 W2407a541d20a     error S=- L0
  92/768 ic-k16-control icv1-f2m53-tm56619371-dac20a85 W2407a541d20a     error S=- L0
  93/768 rho-strong     icv1-f2m53-tm56619371-dac20a85 Wae934f34bbc8  verified S=0.030 L0
  94/768 ic-k8          icv1-f2m53-tm56619371-dac20a85 Wae934f34bbc8     error S=- L0
  95/768 ic-k16         icv1-f2m53-tm56619371-dac20a85 Wae934f34bbc8     error S=- L0
  96/768 ic-k16-control icv1-f2m53-tm56619371-dac20a85 Wae934f34bbc8     error S=- L0
  97/768 rho-strong     icv1-f2m53-tm56619371-dac20a85 Wa2264e0443c9  verified S=0.065 L0
  98/768 ic-k8          icv1-f2m53-tm56619371-dac20a85 Wa2264e0443c9     error S=- L0
  99/768 ic-k16         icv1-f2m53-tm56619371-dac20a85 Wa2264e0443c9     error S=- L0
 100/768 ic-k16-control icv1-f2m53-tm56619371-dac20a85 Wa2264e0443c9     error S=- L0
 101/768 rho-strong     icv1-f2m53-tm56619371-dac20a85 Wb6f1e915c529  verified S=0.148 L0
 102/768 ic-k8          icv1-f2m53-tm56619371-dac20a85 Wb6f1e915c529     error S=- L0
 103/768 ic-k16         icv1-f2m53-tm56619371-dac20a85 Wb6f1e915c529     error S=- L0
 104/768 ic-k16-control icv1-f2m53-tm56619371-dac20a85 Wb6f1e915c529     error S=- L0
 105/768 rho-strong     icv1-f2m53-tm56619371-dac20a85 Wfee1d78cba4b  verified S=0.101 L0
 106/768 ic-k8          icv1-f2m53-tm56619371-dac20a85 Wfee1d78cba4b     error S=- L0
 107/768 ic-k16         icv1-f2m53-tm56619371-dac20a85 Wfee1d78cba4b     error S=- L0
 108/768 ic-k16-control icv1-f2m53-tm56619371-dac20a85 Wfee1d78cba4b     error S=- L0
 109/768 rho-strong     icv1-f2m53-tm56619371-dac20a85 W87416516674f  verified S=0.068 L0
 110/768 ic-k8          icv1-f2m53-tm56619371-dac20a85 W87416516674f     error S=- L0
 111/768 ic-k16         icv1-f2m53-tm56619371-dac20a85 W87416516674f     error S=- L0
 112/768 ic-k16-control icv1-f2m53-tm56619371-dac20a85 W87416516674f     error S=- L0
 113/768 rho-strong     icv1-f2m53-tm56619371-dac20a85 W89e923f9e4fd  verified S=0.269 L0
 114/768 ic-k8          icv1-f2m53-tm56619371-dac20a85 W89e923f9e4fd     error S=- L0
 115/768 ic-k16         icv1-f2m53-tm56619371-dac20a85 W89e923f9e4fd     error S=- L0
 116/768 ic-k16-control icv1-f2m53-tm56619371-dac20a85 W89e923f9e4fd     error S=- L0
 117/768 rho-strong     icv1-f2m53-tm56619371-dac20a85 We730247bf7c5  verified S=0.131 L0
 118/768 ic-k8          icv1-f2m53-tm56619371-dac20a85 We730247bf7c5     error S=- L0
 119/768 ic-k16         icv1-f2m53-tm56619371-dac20a85 We730247bf7c5     error S=- L0
 120/768 ic-k16-control icv1-f2m53-tm56619371-dac20a85 We730247bf7c5     error S=- L0
 121/768 rho-strong     icv1-f2m53-tm56619371-dac20a85 Wa8d2390eed05  verified S=0.088 L0
 122/768 ic-k8          icv1-f2m53-tm56619371-dac20a85 Wa8d2390eed05     error S=- L0
 123/768 ic-k16         icv1-f2m53-tm56619371-dac20a85 Wa8d2390eed05     error S=- L0
 124/768 ic-k16-control icv1-f2m53-tm56619371-dac20a85 Wa8d2390eed05     error S=- L0
 125/768 rho-strong     icv1-f2m53-tm56619371-dac20a85 W980f6c02dbe3  verified S=0.147 L0
 126/768 ic-k8          icv1-f2m53-tm56619371-dac20a85 W980f6c02dbe3     error S=- L0
 127/768 ic-k16         icv1-f2m53-tm56619371-dac20a85 W980f6c02dbe3     error S=- L0
 128/768 ic-k16-control icv1-f2m53-tm56619371-dac20a85 W980f6c02dbe3     error S=- L0
 129/768 ic-k16-control icv1-f2m41-tm2308219-7f48b14a W15dcf1a74cb8 exhausted S=43.137 L0
 130/768 ic-k16         icv1-f2m41-tm2308219-7f48b14a W15dcf1a74cb8 exhausted S=43.137 L0
 131/768 ic-k8          icv1-f2m41-tm2308219-7f48b14a W15dcf1a74cb8     error S=- L0
 132/768 rho-strong     icv1-f2m41-tm2308219-7f48b14a W15dcf1a74cb8  verified S=0.189 L0
 133/768 ic-k16-control icv1-f2m41-tm2308219-7f48b14a W58966332d354 exhausted S=43.137 L0
 134/768 ic-k16         icv1-f2m41-tm2308219-7f48b14a W58966332d354 exhausted S=43.137 L0
 135/768 ic-k8          icv1-f2m41-tm2308219-7f48b14a W58966332d354     error S=- L0
 136/768 rho-strong     icv1-f2m41-tm2308219-7f48b14a W58966332d354  verified S=0.105 L0
 137/768 ic-k16-control icv1-f2m41-tm2308219-7f48b14a W209f07abaaeb exhausted S=43.137 L0
 138/768 ic-k16         icv1-f2m41-tm2308219-7f48b14a W209f07abaaeb exhausted S=43.137 L0
 139/768 ic-k8          icv1-f2m41-tm2308219-7f48b14a W209f07abaaeb     error S=- L0
 140/768 rho-strong     icv1-f2m41-tm2308219-7f48b14a W209f07abaaeb  verified S=0.225 L0
 141/768 ic-k16-control icv1-f2m41-tm2308219-7f48b14a Wcfd3a21e46fe exhausted S=43.137 L0
 142/768 ic-k16         icv1-f2m41-tm2308219-7f48b14a Wcfd3a21e46fe exhausted S=43.137 L0
 143/768 ic-k8          icv1-f2m41-tm2308219-7f48b14a Wcfd3a21e46fe     error S=- L0
 144/768 rho-strong     icv1-f2m41-tm2308219-7f48b14a Wcfd3a21e46fe  verified S=0.118 L0
 145/768 ic-k16-control icv1-f2m41-tm2308219-7f48b14a W2c831e15bf01  verified S=42.853 L0
 146/768 ic-k16         icv1-f2m41-tm2308219-7f48b14a W2c831e15bf01  verified S=42.853 L0
 147/768 ic-k8          icv1-f2m41-tm2308219-7f48b14a W2c831e15bf01     error S=- L0
 148/768 rho-strong     icv1-f2m41-tm2308219-7f48b14a W2c831e15bf01  verified S=0.073 L0
 149/768 ic-k16-control icv1-f2m41-tm2308219-7f48b14a W289d2f3cec86 exhausted S=43.137 L0
 150/768 ic-k16         icv1-f2m41-tm2308219-7f48b14a W289d2f3cec86 exhausted S=43.137 L0
 151/768 ic-k8          icv1-f2m41-tm2308219-7f48b14a W289d2f3cec86     error S=- L0
 152/768 rho-strong     icv1-f2m41-tm2308219-7f48b14a W289d2f3cec86  verified S=0.036 L0
 153/768 ic-k16-control icv1-f2m41-tm2308219-7f48b14a Wa19cda0cc1a4 exhausted S=43.137 L0
 154/768 ic-k16         icv1-f2m41-tm2308219-7f48b14a Wa19cda0cc1a4 exhausted S=43.137 L0
 155/768 ic-k8          icv1-f2m41-tm2308219-7f48b14a Wa19cda0cc1a4     error S=- L0
 156/768 rho-strong     icv1-f2m41-tm2308219-7f48b14a Wa19cda0cc1a4  verified S=0.021 L0
 157/768 ic-k16-control icv1-f2m41-tm2308219-7f48b14a W457bfc288ea6 exhausted S=43.137 L0
 158/768 ic-k16         icv1-f2m41-tm2308219-7f48b14a W457bfc288ea6 exhausted S=43.137 L0
 159/768 ic-k8          icv1-f2m41-tm2308219-7f48b14a W457bfc288ea6     error S=- L0
 160/768 rho-strong     icv1-f2m41-tm2308219-7f48b14a W457bfc288ea6  verified S=0.067 L0
 161/768 ic-k16-control icv1-f2m41-tm2308219-7f48b14a W67b6de6cae1f exhausted S=43.137 L0
 162/768 ic-k16         icv1-f2m41-tm2308219-7f48b14a W67b6de6cae1f exhausted S=43.137 L0
 163/768 ic-k8          icv1-f2m41-tm2308219-7f48b14a W67b6de6cae1f     error S=- L0
 164/768 rho-strong     icv1-f2m41-tm2308219-7f48b14a W67b6de6cae1f  verified S=0.222 L0
 165/768 ic-k16-control icv1-f2m41-tm2308219-7f48b14a W5b37a6615229  verified S=43.040 L0
 166/768 ic-k16         icv1-f2m41-tm2308219-7f48b14a W5b37a6615229  verified S=43.040 L0
 167/768 ic-k8          icv1-f2m41-tm2308219-7f48b14a W5b37a6615229     error S=- L0
 168/768 rho-strong     icv1-f2m41-tm2308219-7f48b14a W5b37a6615229  verified S=0.092 L0
 169/768 ic-k16-control icv1-f2m41-tm2308219-7f48b14a W79e398e98b74 exhausted S=43.137 L0
 170/768 ic-k16         icv1-f2m41-tm2308219-7f48b14a W79e398e98b74 exhausted S=43.137 L0
 171/768 ic-k8          icv1-f2m41-tm2308219-7f48b14a W79e398e98b74     error S=- L0
 172/768 rho-strong     icv1-f2m41-tm2308219-7f48b14a W79e398e98b74  verified S=0.086 L0
 173/768 ic-k16-control icv1-f2m41-tm2308219-7f48b14a W9f34390e2590 exhausted S=43.137 L0
 174/768 ic-k16         icv1-f2m41-tm2308219-7f48b14a W9f34390e2590 exhausted S=43.137 L0
 175/768 ic-k8          icv1-f2m41-tm2308219-7f48b14a W9f34390e2590     error S=- L0
 176/768 rho-strong     icv1-f2m41-tm2308219-7f48b14a W9f34390e2590  verified S=0.156 L0
 177/768 ic-k16-control icv1-f2m41-tm2308219-7f48b14a W745f41e72e78 exhausted S=43.137 L0
 178/768 ic-k16         icv1-f2m41-tm2308219-7f48b14a W745f41e72e78 exhausted S=43.137 L0
 179/768 ic-k8          icv1-f2m41-tm2308219-7f48b14a W745f41e72e78     error S=- L0
 180/768 rho-strong     icv1-f2m41-tm2308219-7f48b14a W745f41e72e78  verified S=0.127 L0
 181/768 ic-k16-control icv1-f2m41-tm2308219-7f48b14a W595bec26193e exhausted S=43.137 L0
 182/768 ic-k16         icv1-f2m41-tm2308219-7f48b14a W595bec26193e exhausted S=43.137 L0
 183/768 ic-k8          icv1-f2m41-tm2308219-7f48b14a W595bec26193e     error S=- L0
 184/768 rho-strong     icv1-f2m41-tm2308219-7f48b14a W595bec26193e  verified S=0.193 L0
 185/768 ic-k16-control icv1-f2m41-tm2308219-7f48b14a W128fdf0a9314  verified S=42.510 L0
 186/768 ic-k16         icv1-f2m41-tm2308219-7f48b14a W128fdf0a9314  verified S=42.510 L0
 187/768 ic-k8          icv1-f2m41-tm2308219-7f48b14a W128fdf0a9314     error S=- L0
 188/768 rho-strong     icv1-f2m41-tm2308219-7f48b14a W128fdf0a9314  verified S=0.258 L0
 189/768 ic-k16-control icv1-f2m41-tm2308219-7f48b14a W0b23b25ea500 exhausted S=43.137 L0
 190/768 ic-k16         icv1-f2m41-tm2308219-7f48b14a W0b23b25ea500 exhausted S=43.137 L0
 191/768 ic-k8          icv1-f2m41-tm2308219-7f48b14a W0b23b25ea500     error S=- L0
 192/768 rho-strong     icv1-f2m41-tm2308219-7f48b14a W0b23b25ea500  verified S=0.124 L0
 193/768 ic-k16-control icv1-f2m53-tm56619371-dac20a85 W32013b060ceb     error S=- L0
 194/768 ic-k16         icv1-f2m53-tm56619371-dac20a85 W32013b060ceb     error S=- L0
 195/768 ic-k8          icv1-f2m53-tm56619371-dac20a85 W32013b060ceb     error S=- L0
 196/768 rho-strong     icv1-f2m53-tm56619371-dac20a85 W32013b060ceb  verified S=0.101 L0
 197/768 ic-k16-control icv1-f2m53-tm56619371-dac20a85 W6152454b01d8     error S=- L0
 198/768 ic-k16         icv1-f2m53-tm56619371-dac20a85 W6152454b01d8     error S=- L0
 199/768 ic-k8          icv1-f2m53-tm56619371-dac20a85 W6152454b01d8     error S=- L0
 200/768 rho-strong     icv1-f2m53-tm56619371-dac20a85 W6152454b01d8  verified S=0.036 L0
 201/768 ic-k16-control icv1-f2m53-tm56619371-dac20a85 W362bfb17df38     error S=- L0
 202/768 ic-k16         icv1-f2m53-tm56619371-dac20a85 W362bfb17df38     error S=- L0
 203/768 ic-k8          icv1-f2m53-tm56619371-dac20a85 W362bfb17df38     error S=- L0
 204/768 rho-strong     icv1-f2m53-tm56619371-dac20a85 W362bfb17df38  verified S=0.106 L0
 205/768 ic-k16-control icv1-f2m53-tm56619371-dac20a85 Waf2e9dd0f327     error S=- L0
 206/768 ic-k16         icv1-f2m53-tm56619371-dac20a85 Waf2e9dd0f327     error S=- L0
 207/768 ic-k8          icv1-f2m53-tm56619371-dac20a85 Waf2e9dd0f327     error S=- L0
 208/768 rho-strong     icv1-f2m53-tm56619371-dac20a85 Waf2e9dd0f327  verified S=0.098 L0
 209/768 ic-k16-control icv1-f2m53-tm56619371-dac20a85 W53b3c7191bc1     error S=- L0
 210/768 ic-k16         icv1-f2m53-tm56619371-dac20a85 W53b3c7191bc1     error S=- L0
 211/768 ic-k8          icv1-f2m53-tm56619371-dac20a85 W53b3c7191bc1     error S=- L0
 212/768 rho-strong     icv1-f2m53-tm56619371-dac20a85 W53b3c7191bc1  verified S=0.166 L0
 213/768 ic-k16-control icv1-f2m53-tm56619371-dac20a85 W9397d97679e6     error S=- L0
 214/768 ic-k16         icv1-f2m53-tm56619371-dac20a85 W9397d97679e6     error S=- L0
 215/768 ic-k8          icv1-f2m53-tm56619371-dac20a85 W9397d97679e6     error S=- L0
 216/768 rho-strong     icv1-f2m53-tm56619371-dac20a85 W9397d97679e6  verified S=0.170 L0
 217/768 ic-k16-control icv1-f2m53-tm56619371-dac20a85 W2407a541d20a     error S=- L0
 218/768 ic-k16         icv1-f2m53-tm56619371-dac20a85 W2407a541d20a     error S=- L0
 219/768 ic-k8          icv1-f2m53-tm56619371-dac20a85 W2407a541d20a     error S=- L0
 220/768 rho-strong     icv1-f2m53-tm56619371-dac20a85 W2407a541d20a  verified S=0.098 L0
 221/768 ic-k16-control icv1-f2m53-tm56619371-dac20a85 Wae934f34bbc8     error S=- L0
 222/768 ic-k16         icv1-f2m53-tm56619371-dac20a85 Wae934f34bbc8     error S=- L0
 223/768 ic-k8          icv1-f2m53-tm56619371-dac20a85 Wae934f34bbc8     error S=- L0
 224/768 rho-strong     icv1-f2m53-tm56619371-dac20a85 Wae934f34bbc8  verified S=0.091 L0
 225/768 ic-k16-control icv1-f2m53-tm56619371-dac20a85 Wa2264e0443c9     error S=- L0
 226/768 ic-k16         icv1-f2m53-tm56619371-dac20a85 Wa2264e0443c9     error S=- L0
 227/768 ic-k8          icv1-f2m53-tm56619371-dac20a85 Wa2264e0443c9     error S=- L0
 228/768 rho-strong     icv1-f2m53-tm56619371-dac20a85 Wa2264e0443c9  verified S=0.181 L0
 229/768 ic-k16-control icv1-f2m53-tm56619371-dac20a85 Wb6f1e915c529     error S=- L0
 230/768 ic-k16         icv1-f2m53-tm56619371-dac20a85 Wb6f1e915c529     error S=- L0
 231/768 ic-k8          icv1-f2m53-tm56619371-dac20a85 Wb6f1e915c529     error S=- L0
 232/768 rho-strong     icv1-f2m53-tm56619371-dac20a85 Wb6f1e915c529  verified S=0.300 L0
 233/768 ic-k16-control icv1-f2m53-tm56619371-dac20a85 Wfee1d78cba4b     error S=- L0
 234/768 ic-k16         icv1-f2m53-tm56619371-dac20a85 Wfee1d78cba4b     error S=- L0
 235/768 ic-k8          icv1-f2m53-tm56619371-dac20a85 Wfee1d78cba4b     error S=- L0
 236/768 rho-strong     icv1-f2m53-tm56619371-dac20a85 Wfee1d78cba4b  verified S=0.244 L0
 237/768 ic-k16-control icv1-f2m53-tm56619371-dac20a85 W87416516674f     error S=- L0
 238/768 ic-k16         icv1-f2m53-tm56619371-dac20a85 W87416516674f     error S=- L0
 239/768 ic-k8          icv1-f2m53-tm56619371-dac20a85 W87416516674f     error S=- L0
 240/768 rho-strong     icv1-f2m53-tm56619371-dac20a85 W87416516674f  verified S=0.072 L0
 241/768 ic-k16-control icv1-f2m53-tm56619371-dac20a85 W89e923f9e4fd     error S=- L0
 242/768 ic-k16         icv1-f2m53-tm56619371-dac20a85 W89e923f9e4fd     error S=- L0
 243/768 ic-k8          icv1-f2m53-tm56619371-dac20a85 W89e923f9e4fd     error S=- L0
 244/768 rho-strong     icv1-f2m53-tm56619371-dac20a85 W89e923f9e4fd  verified S=0.116 L0
 245/768 ic-k16-control icv1-f2m53-tm56619371-dac20a85 We730247bf7c5     error S=- L0
 246/768 ic-k16         icv1-f2m53-tm56619371-dac20a85 We730247bf7c5     error S=- L0
 247/768 ic-k8          icv1-f2m53-tm56619371-dac20a85 We730247bf7c5     error S=- L0
 248/768 rho-strong     icv1-f2m53-tm56619371-dac20a85 We730247bf7c5  verified S=0.174 L0
 249/768 ic-k16-control icv1-f2m53-tm56619371-dac20a85 Wa8d2390eed05     error S=- L0
 250/768 ic-k16         icv1-f2m53-tm56619371-dac20a85 Wa8d2390eed05     error S=- L0
 251/768 ic-k8          icv1-f2m53-tm56619371-dac20a85 Wa8d2390eed05     error S=- L0
 252/768 rho-strong     icv1-f2m53-tm56619371-dac20a85 Wa8d2390eed05  verified S=0.068 L0
 253/768 ic-k16-control icv1-f2m53-tm56619371-dac20a85 W980f6c02dbe3     error S=- L0
 254/768 ic-k16         icv1-f2m53-tm56619371-dac20a85 W980f6c02dbe3     error S=- L0
 255/768 ic-k8          icv1-f2m53-tm56619371-dac20a85 W980f6c02dbe3     error S=- L0
 256/768 rho-strong     icv1-f2m53-tm56619371-dac20a85 W980f6c02dbe3  verified S=0.042 L0
 257/768 rho-strong     icv1-f2m41-tm2308219-7f48b14a W15dcf1a74cb8  verified S=0.228 L0
 258/768 ic-k8          icv1-f2m41-tm2308219-7f48b14a W15dcf1a74cb8     error S=- L0
 259/768 ic-k16         icv1-f2m41-tm2308219-7f48b14a W15dcf1a74cb8 exhausted S=43.137 L0
 260/768 ic-k16-control icv1-f2m41-tm2308219-7f48b14a W15dcf1a74cb8 exhausted S=43.137 L0
 261/768 rho-strong     icv1-f2m41-tm2308219-7f48b14a W58966332d354  verified S=0.205 L0
 262/768 ic-k8          icv1-f2m41-tm2308219-7f48b14a W58966332d354     error S=- L0
 263/768 ic-k16         icv1-f2m41-tm2308219-7f48b14a W58966332d354 exhausted S=43.137 L0
 264/768 ic-k16-control icv1-f2m41-tm2308219-7f48b14a W58966332d354 exhausted S=43.137 L0
 265/768 rho-strong     icv1-f2m41-tm2308219-7f48b14a W209f07abaaeb  verified S=0.112 L0
 266/768 ic-k8          icv1-f2m41-tm2308219-7f48b14a W209f07abaaeb     error S=- L0
 267/768 ic-k16         icv1-f2m41-tm2308219-7f48b14a W209f07abaaeb  verified S=43.003 L0
 268/768 ic-k16-control icv1-f2m41-tm2308219-7f48b14a W209f07abaaeb  verified S=43.003 L0
 269/768 rho-strong     icv1-f2m41-tm2308219-7f48b14a Wcfd3a21e46fe  verified S=0.113 L0
 270/768 ic-k8          icv1-f2m41-tm2308219-7f48b14a Wcfd3a21e46fe     error S=- L0
 271/768 ic-k16         icv1-f2m41-tm2308219-7f48b14a Wcfd3a21e46fe exhausted S=43.137 L0
 272/768 ic-k16-control icv1-f2m41-tm2308219-7f48b14a Wcfd3a21e46fe exhausted S=43.137 L0
 273/768 rho-strong     icv1-f2m41-tm2308219-7f48b14a W2c831e15bf01  verified S=0.214 L0
 274/768 ic-k8          icv1-f2m41-tm2308219-7f48b14a W2c831e15bf01     error S=- L0
 275/768 ic-k16         icv1-f2m41-tm2308219-7f48b14a W2c831e15bf01 exhausted S=43.137 L0
 276/768 ic-k16-control icv1-f2m41-tm2308219-7f48b14a W2c831e15bf01 exhausted S=43.137 L0
 277/768 rho-strong     icv1-f2m41-tm2308219-7f48b14a W289d2f3cec86  verified S=0.346 L0
 278/768 ic-k8          icv1-f2m41-tm2308219-7f48b14a W289d2f3cec86     error S=- L0
 279/768 ic-k16         icv1-f2m41-tm2308219-7f48b14a W289d2f3cec86  verified S=42.872 L0
 280/768 ic-k16-control icv1-f2m41-tm2308219-7f48b14a W289d2f3cec86  verified S=42.872 L0
 281/768 rho-strong     icv1-f2m41-tm2308219-7f48b14a Wa19cda0cc1a4  verified S=0.133 L0
 282/768 ic-k8          icv1-f2m41-tm2308219-7f48b14a Wa19cda0cc1a4     error S=- L0
 283/768 ic-k16         icv1-f2m41-tm2308219-7f48b14a Wa19cda0cc1a4 exhausted S=43.137 L0
 284/768 ic-k16-control icv1-f2m41-tm2308219-7f48b14a Wa19cda0cc1a4 exhausted S=43.137 L0
 285/768 rho-strong     icv1-f2m41-tm2308219-7f48b14a W457bfc288ea6  verified S=0.214 L0
 286/768 ic-k8          icv1-f2m41-tm2308219-7f48b14a W457bfc288ea6     error S=- L0
 287/768 ic-k16         icv1-f2m41-tm2308219-7f48b14a W457bfc288ea6  verified S=42.317 L0
 288/768 ic-k16-control icv1-f2m41-tm2308219-7f48b14a W457bfc288ea6  verified S=42.317 L0
 289/768 rho-strong     icv1-f2m41-tm2308219-7f48b14a W67b6de6cae1f  verified S=0.113 L0
 290/768 ic-k8          icv1-f2m41-tm2308219-7f48b14a W67b6de6cae1f     error S=- L0
 291/768 ic-k16         icv1-f2m41-tm2308219-7f48b14a W67b6de6cae1f exhausted S=43.137 L0
 292/768 ic-k16-control icv1-f2m41-tm2308219-7f48b14a W67b6de6cae1f exhausted S=43.137 L0
 293/768 rho-strong     icv1-f2m41-tm2308219-7f48b14a W5b37a6615229  verified S=0.193 L0
 294/768 ic-k8          icv1-f2m41-tm2308219-7f48b14a W5b37a6615229     error S=- L0
 295/768 ic-k16         icv1-f2m41-tm2308219-7f48b14a W5b37a6615229 exhausted S=43.137 L0
 296/768 ic-k16-control icv1-f2m41-tm2308219-7f48b14a W5b37a6615229 exhausted S=43.137 L0
 297/768 rho-strong     icv1-f2m41-tm2308219-7f48b14a W79e398e98b74  verified S=0.161 L0
 298/768 ic-k8          icv1-f2m41-tm2308219-7f48b14a W79e398e98b74     error S=- L0
 299/768 ic-k16         icv1-f2m41-tm2308219-7f48b14a W79e398e98b74 exhausted S=43.137 L0
 300/768 ic-k16-control icv1-f2m41-tm2308219-7f48b14a W79e398e98b74 exhausted S=43.137 L0
 301/768 rho-strong     icv1-f2m41-tm2308219-7f48b14a W9f34390e2590  verified S=0.054 L0
 302/768 ic-k8          icv1-f2m41-tm2308219-7f48b14a W9f34390e2590     error S=- L0
 303/768 ic-k16         icv1-f2m41-tm2308219-7f48b14a W9f34390e2590 exhausted S=43.137 L0
 304/768 ic-k16-control icv1-f2m41-tm2308219-7f48b14a W9f34390e2590 exhausted S=43.137 L0
 305/768 rho-strong     icv1-f2m41-tm2308219-7f48b14a W745f41e72e78  verified S=0.057 L0
 306/768 ic-k8          icv1-f2m41-tm2308219-7f48b14a W745f41e72e78     error S=- L0
 307/768 ic-k16         icv1-f2m41-tm2308219-7f48b14a W745f41e72e78 exhausted S=43.137 L0
 308/768 ic-k16-control icv1-f2m41-tm2308219-7f48b14a W745f41e72e78 exhausted S=43.137 L0
 309/768 rho-strong     icv1-f2m41-tm2308219-7f48b14a W595bec26193e  verified S=0.034 L0
 310/768 ic-k8          icv1-f2m41-tm2308219-7f48b14a W595bec26193e     error S=- L0
 311/768 ic-k16         icv1-f2m41-tm2308219-7f48b14a W595bec26193e exhausted S=43.137 L0
 312/768 ic-k16-control icv1-f2m41-tm2308219-7f48b14a W595bec26193e exhausted S=43.137 L0
 313/768 rho-strong     icv1-f2m41-tm2308219-7f48b14a W128fdf0a9314  verified S=0.074 L0
 314/768 ic-k8          icv1-f2m41-tm2308219-7f48b14a W128fdf0a9314     error S=- L0
 315/768 ic-k16         icv1-f2m41-tm2308219-7f48b14a W128fdf0a9314  verified S=42.419 L0
 316/768 ic-k16-control icv1-f2m41-tm2308219-7f48b14a W128fdf0a9314  verified S=42.419 L0
 317/768 rho-strong     icv1-f2m41-tm2308219-7f48b14a W0b23b25ea500  verified S=0.078 L0
 318/768 ic-k8          icv1-f2m41-tm2308219-7f48b14a W0b23b25ea500     error S=- L0
 319/768 ic-k16         icv1-f2m41-tm2308219-7f48b14a W0b23b25ea500  verified S=42.707 L0
 320/768 ic-k16-control icv1-f2m41-tm2308219-7f48b14a W0b23b25ea500  verified S=42.707 L0
 321/768 rho-strong     icv1-f2m53-tm56619371-dac20a85 W32013b060ceb  verified S=0.017 L0
 322/768 ic-k8          icv1-f2m53-tm56619371-dac20a85 W32013b060ceb     error S=- L0
 323/768 ic-k16         icv1-f2m53-tm56619371-dac20a85 W32013b060ceb     error S=- L0
 324/768 ic-k16-control icv1-f2m53-tm56619371-dac20a85 W32013b060ceb     error S=- L0
 325/768 rho-strong     icv1-f2m53-tm56619371-dac20a85 W6152454b01d8  verified S=0.169 L0
 326/768 ic-k8          icv1-f2m53-tm56619371-dac20a85 W6152454b01d8     error S=- L0
 327/768 ic-k16         icv1-f2m53-tm56619371-dac20a85 W6152454b01d8     error S=- L0
 328/768 ic-k16-control icv1-f2m53-tm56619371-dac20a85 W6152454b01d8     error S=- L0
 329/768 rho-strong     icv1-f2m53-tm56619371-dac20a85 W362bfb17df38  verified S=0.145 L0
 330/768 ic-k8          icv1-f2m53-tm56619371-dac20a85 W362bfb17df38     error S=- L0
 331/768 ic-k16         icv1-f2m53-tm56619371-dac20a85 W362bfb17df38     error S=- L0
 332/768 ic-k16-control icv1-f2m53-tm56619371-dac20a85 W362bfb17df38     error S=- L0
 333/768 rho-strong     icv1-f2m53-tm56619371-dac20a85 Waf2e9dd0f327  verified S=0.111 L0
 334/768 ic-k8          icv1-f2m53-tm56619371-dac20a85 Waf2e9dd0f327     error S=- L0
 335/768 ic-k16         icv1-f2m53-tm56619371-dac20a85 Waf2e9dd0f327     error S=- L0
 336/768 ic-k16-control icv1-f2m53-tm56619371-dac20a85 Waf2e9dd0f327     error S=- L0
 337/768 rho-strong     icv1-f2m53-tm56619371-dac20a85 W53b3c7191bc1  verified S=0.108 L0
 338/768 ic-k8          icv1-f2m53-tm56619371-dac20a85 W53b3c7191bc1     error S=- L0
 339/768 ic-k16         icv1-f2m53-tm56619371-dac20a85 W53b3c7191bc1     error S=- L0
 340/768 ic-k16-control icv1-f2m53-tm56619371-dac20a85 W53b3c7191bc1     error S=- L0
 341/768 rho-strong     icv1-f2m53-tm56619371-dac20a85 W9397d97679e6  verified S=0.125 L0
 342/768 ic-k8          icv1-f2m53-tm56619371-dac20a85 W9397d97679e6     error S=- L0
 343/768 ic-k16         icv1-f2m53-tm56619371-dac20a85 W9397d97679e6     error S=- L0
 344/768 ic-k16-control icv1-f2m53-tm56619371-dac20a85 W9397d97679e6     error S=- L0
 345/768 rho-strong     icv1-f2m53-tm56619371-dac20a85 W2407a541d20a  verified S=0.309 L0
 346/768 ic-k8          icv1-f2m53-tm56619371-dac20a85 W2407a541d20a     error S=- L0
 347/768 ic-k16         icv1-f2m53-tm56619371-dac20a85 W2407a541d20a     error S=- L0
 348/768 ic-k16-control icv1-f2m53-tm56619371-dac20a85 W2407a541d20a     error S=- L0
 349/768 rho-strong     icv1-f2m53-tm56619371-dac20a85 Wae934f34bbc8  verified S=0.145 L0
 350/768 ic-k8          icv1-f2m53-tm56619371-dac20a85 Wae934f34bbc8     error S=- L0
 351/768 ic-k16         icv1-f2m53-tm56619371-dac20a85 Wae934f34bbc8     error S=- L0
 352/768 ic-k16-control icv1-f2m53-tm56619371-dac20a85 Wae934f34bbc8     error S=- L0
 353/768 rho-strong     icv1-f2m53-tm56619371-dac20a85 Wa2264e0443c9  verified S=0.110 L0
 354/768 ic-k8          icv1-f2m53-tm56619371-dac20a85 Wa2264e0443c9     error S=- L0
 355/768 ic-k16         icv1-f2m53-tm56619371-dac20a85 Wa2264e0443c9     error S=- L0
 356/768 ic-k16-control icv1-f2m53-tm56619371-dac20a85 Wa2264e0443c9     error S=- L0
 357/768 rho-strong     icv1-f2m53-tm56619371-dac20a85 Wb6f1e915c529  verified S=0.128 L0
 358/768 ic-k8          icv1-f2m53-tm56619371-dac20a85 Wb6f1e915c529     error S=- L0
 359/768 ic-k16         icv1-f2m53-tm56619371-dac20a85 Wb6f1e915c529     error S=- L0
 360/768 ic-k16-control icv1-f2m53-tm56619371-dac20a85 Wb6f1e915c529     error S=- L0
 361/768 rho-strong     icv1-f2m53-tm56619371-dac20a85 Wfee1d78cba4b  verified S=0.150 L0
 362/768 ic-k8          icv1-f2m53-tm56619371-dac20a85 Wfee1d78cba4b     error S=- L0
 363/768 ic-k16         icv1-f2m53-tm56619371-dac20a85 Wfee1d78cba4b     error S=- L0
 364/768 ic-k16-control icv1-f2m53-tm56619371-dac20a85 Wfee1d78cba4b     error S=- L0
 365/768 rho-strong     icv1-f2m53-tm56619371-dac20a85 W87416516674f  verified S=0.138 L0
 366/768 ic-k8          icv1-f2m53-tm56619371-dac20a85 W87416516674f     error S=- L0
 367/768 ic-k16         icv1-f2m53-tm56619371-dac20a85 W87416516674f     error S=- L0
 368/768 ic-k16-control icv1-f2m53-tm56619371-dac20a85 W87416516674f     error S=- L0
 369/768 rho-strong     icv1-f2m53-tm56619371-dac20a85 W89e923f9e4fd  verified S=0.052 L0
 370/768 ic-k8          icv1-f2m53-tm56619371-dac20a85 W89e923f9e4fd     error S=- L0
 371/768 ic-k16         icv1-f2m53-tm56619371-dac20a85 W89e923f9e4fd     error S=- L0
 372/768 ic-k16-control icv1-f2m53-tm56619371-dac20a85 W89e923f9e4fd     error S=- L0
 373/768 rho-strong     icv1-f2m53-tm56619371-dac20a85 We730247bf7c5  verified S=0.198 L0
 374/768 ic-k8          icv1-f2m53-tm56619371-dac20a85 We730247bf7c5     error S=- L0
 375/768 ic-k16         icv1-f2m53-tm56619371-dac20a85 We730247bf7c5     error S=- L0
 376/768 ic-k16-control icv1-f2m53-tm56619371-dac20a85 We730247bf7c5     error S=- L0
 377/768 rho-strong     icv1-f2m53-tm56619371-dac20a85 Wa8d2390eed05  verified S=0.068 L0
 378/768 ic-k8          icv1-f2m53-tm56619371-dac20a85 Wa8d2390eed05     error S=- L0
 379/768 ic-k16         icv1-f2m53-tm56619371-dac20a85 Wa8d2390eed05     error S=- L0
 380/768 ic-k16-control icv1-f2m53-tm56619371-dac20a85 Wa8d2390eed05     error S=- L0
 381/768 rho-strong     icv1-f2m53-tm56619371-dac20a85 W980f6c02dbe3  verified S=0.214 L0
 382/768 ic-k8          icv1-f2m53-tm56619371-dac20a85 W980f6c02dbe3     error S=- L0
 383/768 ic-k16         icv1-f2m53-tm56619371-dac20a85 W980f6c02dbe3     error S=- L0
 384/768 ic-k16-control icv1-f2m53-tm56619371-dac20a85 W980f6c02dbe3     error S=- L0
 385/768 ic-k16-control icv1-f2m41-tm2308219-7f48b14a W15dcf1a74cb8 exhausted S=43.137 L0
 386/768 ic-k16         icv1-f2m41-tm2308219-7f48b14a W15dcf1a74cb8 exhausted S=43.137 L0
 387/768 ic-k8          icv1-f2m41-tm2308219-7f48b14a W15dcf1a74cb8     error S=- L0
 388/768 rho-strong     icv1-f2m41-tm2308219-7f48b14a W15dcf1a74cb8  verified S=0.169 L0
 389/768 ic-k16-control icv1-f2m41-tm2308219-7f48b14a W58966332d354 exhausted S=43.137 L0
 390/768 ic-k16         icv1-f2m41-tm2308219-7f48b14a W58966332d354 exhausted S=43.137 L0
 391/768 ic-k8          icv1-f2m41-tm2308219-7f48b14a W58966332d354     error S=- L0
 392/768 rho-strong     icv1-f2m41-tm2308219-7f48b14a W58966332d354  verified S=0.162 L0
 393/768 ic-k16-control icv1-f2m41-tm2308219-7f48b14a W209f07abaaeb  verified S=43.090 L0
 394/768 ic-k16         icv1-f2m41-tm2308219-7f48b14a W209f07abaaeb  verified S=43.090 L0
 395/768 ic-k8          icv1-f2m41-tm2308219-7f48b14a W209f07abaaeb     error S=- L0
 396/768 rho-strong     icv1-f2m41-tm2308219-7f48b14a W209f07abaaeb  verified S=0.113 L0
 397/768 ic-k16-control icv1-f2m41-tm2308219-7f48b14a Wcfd3a21e46fe  verified S=42.194 L0
 398/768 ic-k16         icv1-f2m41-tm2308219-7f48b14a Wcfd3a21e46fe  verified S=42.194 L0
 399/768 ic-k8          icv1-f2m41-tm2308219-7f48b14a Wcfd3a21e46fe     error S=- L0
 400/768 rho-strong     icv1-f2m41-tm2308219-7f48b14a Wcfd3a21e46fe  verified S=0.197 L0
 401/768 ic-k16-control icv1-f2m41-tm2308219-7f48b14a W2c831e15bf01  verified S=42.509 L0
 402/768 ic-k16         icv1-f2m41-tm2308219-7f48b14a W2c831e15bf01  verified S=42.509 L0
 403/768 ic-k8          icv1-f2m41-tm2308219-7f48b14a W2c831e15bf01     error S=- L0
 404/768 rho-strong     icv1-f2m41-tm2308219-7f48b14a W2c831e15bf01  verified S=0.203 L0
 405/768 ic-k16-control icv1-f2m41-tm2308219-7f48b14a W289d2f3cec86 exhausted S=43.137 L0
 406/768 ic-k16         icv1-f2m41-tm2308219-7f48b14a W289d2f3cec86 exhausted S=43.137 L0
 407/768 ic-k8          icv1-f2m41-tm2308219-7f48b14a W289d2f3cec86     error S=- L0
 408/768 rho-strong     icv1-f2m41-tm2308219-7f48b14a W289d2f3cec86  verified S=0.093 L0
 409/768 ic-k16-control icv1-f2m41-tm2308219-7f48b14a Wa19cda0cc1a4 exhausted S=43.137 L0
 410/768 ic-k16         icv1-f2m41-tm2308219-7f48b14a Wa19cda0cc1a4 exhausted S=43.137 L0
 411/768 ic-k8          icv1-f2m41-tm2308219-7f48b14a Wa19cda0cc1a4     error S=- L0
 412/768 rho-strong     icv1-f2m41-tm2308219-7f48b14a Wa19cda0cc1a4  verified S=0.280 L0
 413/768 ic-k16-control icv1-f2m41-tm2308219-7f48b14a W457bfc288ea6 exhausted S=43.137 L0
 414/768 ic-k16         icv1-f2m41-tm2308219-7f48b14a W457bfc288ea6 exhausted S=43.137 L0
 415/768 ic-k8          icv1-f2m41-tm2308219-7f48b14a W457bfc288ea6     error S=- L0
 416/768 rho-strong     icv1-f2m41-tm2308219-7f48b14a W457bfc288ea6  verified S=0.110 L0
 417/768 ic-k16-control icv1-f2m41-tm2308219-7f48b14a W67b6de6cae1f exhausted S=43.137 L0
 418/768 ic-k16         icv1-f2m41-tm2308219-7f48b14a W67b6de6cae1f exhausted S=43.137 L0
 419/768 ic-k8          icv1-f2m41-tm2308219-7f48b14a W67b6de6cae1f     error S=- L0
 420/768 rho-strong     icv1-f2m41-tm2308219-7f48b14a W67b6de6cae1f  verified S=0.187 L0
 421/768 ic-k16-control icv1-f2m41-tm2308219-7f48b14a W5b37a6615229 exhausted S=43.137 L0
 422/768 ic-k16         icv1-f2m41-tm2308219-7f48b14a W5b37a6615229 exhausted S=43.137 L0
 423/768 ic-k8          icv1-f2m41-tm2308219-7f48b14a W5b37a6615229     error S=- L0
 424/768 rho-strong     icv1-f2m41-tm2308219-7f48b14a W5b37a6615229  verified S=0.030 L0
 425/768 ic-k16-control icv1-f2m41-tm2308219-7f48b14a W79e398e98b74  verified S=42.407 L0
 426/768 ic-k16         icv1-f2m41-tm2308219-7f48b14a W79e398e98b74  verified S=42.407 L0
 427/768 ic-k8          icv1-f2m41-tm2308219-7f48b14a W79e398e98b74     error S=- L0
 428/768 rho-strong     icv1-f2m41-tm2308219-7f48b14a W79e398e98b74  verified S=0.246 L0
 429/768 ic-k16-control icv1-f2m41-tm2308219-7f48b14a W9f34390e2590 exhausted S=43.137 L0
 430/768 ic-k16         icv1-f2m41-tm2308219-7f48b14a W9f34390e2590 exhausted S=43.137 L0
 431/768 ic-k8          icv1-f2m41-tm2308219-7f48b14a W9f34390e2590     error S=- L0
 432/768 rho-strong     icv1-f2m41-tm2308219-7f48b14a W9f34390e2590  verified S=0.161 L0
 433/768 ic-k16-control icv1-f2m41-tm2308219-7f48b14a W745f41e72e78 exhausted S=43.137 L0
 434/768 ic-k16         icv1-f2m41-tm2308219-7f48b14a W745f41e72e78 exhausted S=43.137 L0
 435/768 ic-k8          icv1-f2m41-tm2308219-7f48b14a W745f41e72e78     error S=- L0
 436/768 rho-strong     icv1-f2m41-tm2308219-7f48b14a W745f41e72e78  verified S=0.108 L0
 437/768 ic-k16-control icv1-f2m41-tm2308219-7f48b14a W595bec26193e exhausted S=43.137 L0
 438/768 ic-k16         icv1-f2m41-tm2308219-7f48b14a W595bec26193e exhausted S=43.137 L0
 439/768 ic-k8          icv1-f2m41-tm2308219-7f48b14a W595bec26193e     error S=- L0
 440/768 rho-strong     icv1-f2m41-tm2308219-7f48b14a W595bec26193e  verified S=0.139 L0
 441/768 ic-k16-control icv1-f2m41-tm2308219-7f48b14a W128fdf0a9314  verified S=42.306 L0
 442/768 ic-k16         icv1-f2m41-tm2308219-7f48b14a W128fdf0a9314  verified S=42.306 L0
 443/768 ic-k8          icv1-f2m41-tm2308219-7f48b14a W128fdf0a9314     error S=- L0
 444/768 rho-strong     icv1-f2m41-tm2308219-7f48b14a W128fdf0a9314  verified S=0.073 L0
 445/768 ic-k16-control icv1-f2m41-tm2308219-7f48b14a W0b23b25ea500 exhausted S=43.137 L0
 446/768 ic-k16         icv1-f2m41-tm2308219-7f48b14a W0b23b25ea500 exhausted S=43.137 L0
 447/768 ic-k8          icv1-f2m41-tm2308219-7f48b14a W0b23b25ea500     error S=- L0
 448/768 rho-strong     icv1-f2m41-tm2308219-7f48b14a W0b23b25ea500  verified S=0.192 L0
 449/768 ic-k16-control icv1-f2m53-tm56619371-dac20a85 W32013b060ceb     error S=- L0
 450/768 ic-k16         icv1-f2m53-tm56619371-dac20a85 W32013b060ceb     error S=- L0
 451/768 ic-k8          icv1-f2m53-tm56619371-dac20a85 W32013b060ceb     error S=- L0
 452/768 rho-strong     icv1-f2m53-tm56619371-dac20a85 W32013b060ceb  verified S=0.075 L0
 453/768 ic-k16-control icv1-f2m53-tm56619371-dac20a85 W6152454b01d8     error S=- L0
 454/768 ic-k16         icv1-f2m53-tm56619371-dac20a85 W6152454b01d8     error S=- L0
 455/768 ic-k8          icv1-f2m53-tm56619371-dac20a85 W6152454b01d8     error S=- L0
 456/768 rho-strong     icv1-f2m53-tm56619371-dac20a85 W6152454b01d8  verified S=0.199 L0
 457/768 ic-k16-control icv1-f2m53-tm56619371-dac20a85 W362bfb17df38     error S=- L0
 458/768 ic-k16         icv1-f2m53-tm56619371-dac20a85 W362bfb17df38     error S=- L0
 459/768 ic-k8          icv1-f2m53-tm56619371-dac20a85 W362bfb17df38     error S=- L0
 460/768 rho-strong     icv1-f2m53-tm56619371-dac20a85 W362bfb17df38  verified S=0.192 L0
 461/768 ic-k16-control icv1-f2m53-tm56619371-dac20a85 Waf2e9dd0f327     error S=- L0
 462/768 ic-k16         icv1-f2m53-tm56619371-dac20a85 Waf2e9dd0f327     error S=- L0
 463/768 ic-k8          icv1-f2m53-tm56619371-dac20a85 Waf2e9dd0f327     error S=- L0
 464/768 rho-strong     icv1-f2m53-tm56619371-dac20a85 Waf2e9dd0f327  verified S=0.105 L0
 465/768 ic-k16-control icv1-f2m53-tm56619371-dac20a85 W53b3c7191bc1     error S=- L0
 466/768 ic-k16         icv1-f2m53-tm56619371-dac20a85 W53b3c7191bc1     error S=- L0
 467/768 ic-k8          icv1-f2m53-tm56619371-dac20a85 W53b3c7191bc1     error S=- L0
 468/768 rho-strong     icv1-f2m53-tm56619371-dac20a85 W53b3c7191bc1  verified S=0.165 L0
 469/768 ic-k16-control icv1-f2m53-tm56619371-dac20a85 W9397d97679e6     error S=- L0
 470/768 ic-k16         icv1-f2m53-tm56619371-dac20a85 W9397d97679e6     error S=- L0
 471/768 ic-k8          icv1-f2m53-tm56619371-dac20a85 W9397d97679e6     error S=- L0
 472/768 rho-strong     icv1-f2m53-tm56619371-dac20a85 W9397d97679e6  verified S=0.192 L0
 473/768 ic-k16-control icv1-f2m53-tm56619371-dac20a85 W2407a541d20a     error S=- L0
 474/768 ic-k16         icv1-f2m53-tm56619371-dac20a85 W2407a541d20a     error S=- L0
 475/768 ic-k8          icv1-f2m53-tm56619371-dac20a85 W2407a541d20a     error S=- L0
 476/768 rho-strong     icv1-f2m53-tm56619371-dac20a85 W2407a541d20a  verified S=0.151 L0
 477/768 ic-k16-control icv1-f2m53-tm56619371-dac20a85 Wae934f34bbc8     error S=- L0
 478/768 ic-k16         icv1-f2m53-tm56619371-dac20a85 Wae934f34bbc8     error S=- L0
 479/768 ic-k8          icv1-f2m53-tm56619371-dac20a85 Wae934f34bbc8     error S=- L0
 480/768 rho-strong     icv1-f2m53-tm56619371-dac20a85 Wae934f34bbc8  verified S=0.173 L0
 481/768 ic-k16-control icv1-f2m53-tm56619371-dac20a85 Wa2264e0443c9     error S=- L0
 482/768 ic-k16         icv1-f2m53-tm56619371-dac20a85 Wa2264e0443c9     error S=- L0
 483/768 ic-k8          icv1-f2m53-tm56619371-dac20a85 Wa2264e0443c9     error S=- L0
 484/768 rho-strong     icv1-f2m53-tm56619371-dac20a85 Wa2264e0443c9  verified S=0.154 L0
 485/768 ic-k16-control icv1-f2m53-tm56619371-dac20a85 Wb6f1e915c529     error S=- L0
 486/768 ic-k16         icv1-f2m53-tm56619371-dac20a85 Wb6f1e915c529     error S=- L0
 487/768 ic-k8          icv1-f2m53-tm56619371-dac20a85 Wb6f1e915c529     error S=- L0
 488/768 rho-strong     icv1-f2m53-tm56619371-dac20a85 Wb6f1e915c529  verified S=0.188 L0
 489/768 ic-k16-control icv1-f2m53-tm56619371-dac20a85 Wfee1d78cba4b     error S=- L0
 490/768 ic-k16         icv1-f2m53-tm56619371-dac20a85 Wfee1d78cba4b     error S=- L0
 491/768 ic-k8          icv1-f2m53-tm56619371-dac20a85 Wfee1d78cba4b     error S=- L0
 492/768 rho-strong     icv1-f2m53-tm56619371-dac20a85 Wfee1d78cba4b  verified S=0.087 L0
 493/768 ic-k16-control icv1-f2m53-tm56619371-dac20a85 W87416516674f     error S=- L0
 494/768 ic-k16         icv1-f2m53-tm56619371-dac20a85 W87416516674f     error S=- L0
 495/768 ic-k8          icv1-f2m53-tm56619371-dac20a85 W87416516674f     error S=- L0
 496/768 rho-strong     icv1-f2m53-tm56619371-dac20a85 W87416516674f  verified S=0.335 L0
 497/768 ic-k16-control icv1-f2m53-tm56619371-dac20a85 W89e923f9e4fd     error S=- L0
 498/768 ic-k16         icv1-f2m53-tm56619371-dac20a85 W89e923f9e4fd     error S=- L0
 499/768 ic-k8          icv1-f2m53-tm56619371-dac20a85 W89e923f9e4fd     error S=- L0
 500/768 rho-strong     icv1-f2m53-tm56619371-dac20a85 W89e923f9e4fd  verified S=0.243 L0
 501/768 ic-k16-control icv1-f2m53-tm56619371-dac20a85 We730247bf7c5     error S=- L0
 502/768 ic-k16         icv1-f2m53-tm56619371-dac20a85 We730247bf7c5     error S=- L0
 503/768 ic-k8          icv1-f2m53-tm56619371-dac20a85 We730247bf7c5     error S=- L0
 504/768 rho-strong     icv1-f2m53-tm56619371-dac20a85 We730247bf7c5  verified S=0.092 L0
 505/768 ic-k16-control icv1-f2m53-tm56619371-dac20a85 Wa8d2390eed05     error S=- L0
 506/768 ic-k16         icv1-f2m53-tm56619371-dac20a85 Wa8d2390eed05     error S=- L0
 507/768 ic-k8          icv1-f2m53-tm56619371-dac20a85 Wa8d2390eed05     error S=- L0
 508/768 rho-strong     icv1-f2m53-tm56619371-dac20a85 Wa8d2390eed05  verified S=0.068 L0
 509/768 ic-k16-control icv1-f2m53-tm56619371-dac20a85 W980f6c02dbe3     error S=- L0
 510/768 ic-k16         icv1-f2m53-tm56619371-dac20a85 W980f6c02dbe3     error S=- L0
 511/768 ic-k8          icv1-f2m53-tm56619371-dac20a85 W980f6c02dbe3     error S=- L0
 512/768 rho-strong     icv1-f2m53-tm56619371-dac20a85 W980f6c02dbe3  verified S=0.074 L0
 513/768 rho-strong     icv1-f2m41-tm2308219-7f48b14a W15dcf1a74cb8  verified S=0.229 L0
 514/768 ic-k8          icv1-f2m41-tm2308219-7f48b14a W15dcf1a74cb8     error S=- L0
 515/768 ic-k16         icv1-f2m41-tm2308219-7f48b14a W15dcf1a74cb8 exhausted S=43.137 L0
 516/768 ic-k16-control icv1-f2m41-tm2308219-7f48b14a W15dcf1a74cb8 exhausted S=43.137 L0
 517/768 rho-strong     icv1-f2m41-tm2308219-7f48b14a W58966332d354  verified S=0.107 L0
 518/768 ic-k8          icv1-f2m41-tm2308219-7f48b14a W58966332d354     error S=- L0
 519/768 ic-k16         icv1-f2m41-tm2308219-7f48b14a W58966332d354 exhausted S=43.137 L0
 520/768 ic-k16-control icv1-f2m41-tm2308219-7f48b14a W58966332d354 exhausted S=43.137 L0
 521/768 rho-strong     icv1-f2m41-tm2308219-7f48b14a W209f07abaaeb  verified S=0.129 L0
 522/768 ic-k8          icv1-f2m41-tm2308219-7f48b14a W209f07abaaeb     error S=- L0
 523/768 ic-k16         icv1-f2m41-tm2308219-7f48b14a W209f07abaaeb  verified S=42.161 L0
 524/768 ic-k16-control icv1-f2m41-tm2308219-7f48b14a W209f07abaaeb  verified S=42.161 L0
 525/768 rho-strong     icv1-f2m41-tm2308219-7f48b14a Wcfd3a21e46fe  verified S=0.207 L0
 526/768 ic-k8          icv1-f2m41-tm2308219-7f48b14a Wcfd3a21e46fe     error S=- L0
 527/768 ic-k16         icv1-f2m41-tm2308219-7f48b14a Wcfd3a21e46fe exhausted S=43.137 L0
 528/768 ic-k16-control icv1-f2m41-tm2308219-7f48b14a Wcfd3a21e46fe exhausted S=43.137 L0
 529/768 rho-strong     icv1-f2m41-tm2308219-7f48b14a W2c831e15bf01  verified S=0.248 L0
 530/768 ic-k8          icv1-f2m41-tm2308219-7f48b14a W2c831e15bf01     error S=- L0
 531/768 ic-k16         icv1-f2m41-tm2308219-7f48b14a W2c831e15bf01  verified S=42.268 L0
 532/768 ic-k16-control icv1-f2m41-tm2308219-7f48b14a W2c831e15bf01  verified S=42.268 L0
 533/768 rho-strong     icv1-f2m41-tm2308219-7f48b14a W289d2f3cec86  verified S=0.163 L0
 534/768 ic-k8          icv1-f2m41-tm2308219-7f48b14a W289d2f3cec86     error S=- L0
 535/768 ic-k16         icv1-f2m41-tm2308219-7f48b14a W289d2f3cec86  verified S=42.673 L0
 536/768 ic-k16-control icv1-f2m41-tm2308219-7f48b14a W289d2f3cec86  verified S=42.673 L0
 537/768 rho-strong     icv1-f2m41-tm2308219-7f48b14a Wa19cda0cc1a4  verified S=0.193 L0
 538/768 ic-k8          icv1-f2m41-tm2308219-7f48b14a Wa19cda0cc1a4     error S=- L0
 539/768 ic-k16         icv1-f2m41-tm2308219-7f48b14a Wa19cda0cc1a4 exhausted S=43.137 L0
 540/768 ic-k16-control icv1-f2m41-tm2308219-7f48b14a Wa19cda0cc1a4 exhausted S=43.137 L0
 541/768 rho-strong     icv1-f2m41-tm2308219-7f48b14a W457bfc288ea6  verified S=0.171 L0
 542/768 ic-k8          icv1-f2m41-tm2308219-7f48b14a W457bfc288ea6     error S=- L0
 543/768 ic-k16         icv1-f2m41-tm2308219-7f48b14a W457bfc288ea6 exhausted S=43.137 L0
 544/768 ic-k16-control icv1-f2m41-tm2308219-7f48b14a W457bfc288ea6 exhausted S=43.137 L0
 545/768 rho-strong     icv1-f2m41-tm2308219-7f48b14a W67b6de6cae1f  verified S=0.346 L0
 546/768 ic-k8          icv1-f2m41-tm2308219-7f48b14a W67b6de6cae1f     error S=- L0
 547/768 ic-k16         icv1-f2m41-tm2308219-7f48b14a W67b6de6cae1f exhausted S=43.137 L0
 548/768 ic-k16-control icv1-f2m41-tm2308219-7f48b14a W67b6de6cae1f exhausted S=43.137 L0
 549/768 rho-strong     icv1-f2m41-tm2308219-7f48b14a W5b37a6615229  verified S=0.086 L0
 550/768 ic-k8          icv1-f2m41-tm2308219-7f48b14a W5b37a6615229     error S=- L0
 551/768 ic-k16         icv1-f2m41-tm2308219-7f48b14a W5b37a6615229  verified S=42.135 L0
 552/768 ic-k16-control icv1-f2m41-tm2308219-7f48b14a W5b37a6615229  verified S=42.135 L0
 553/768 rho-strong     icv1-f2m41-tm2308219-7f48b14a W79e398e98b74  verified S=0.255 L0
 554/768 ic-k8          icv1-f2m41-tm2308219-7f48b14a W79e398e98b74     error S=- L0
 555/768 ic-k16         icv1-f2m41-tm2308219-7f48b14a W79e398e98b74 exhausted S=43.137 L0
 556/768 ic-k16-control icv1-f2m41-tm2308219-7f48b14a W79e398e98b74 exhausted S=43.137 L0
 557/768 rho-strong     icv1-f2m41-tm2308219-7f48b14a W9f34390e2590  verified S=0.270 L0
 558/768 ic-k8          icv1-f2m41-tm2308219-7f48b14a W9f34390e2590     error S=- L0
 559/768 ic-k16         icv1-f2m41-tm2308219-7f48b14a W9f34390e2590  verified S=43.133 L0
 560/768 ic-k16-control icv1-f2m41-tm2308219-7f48b14a W9f34390e2590  verified S=43.133 L0
 561/768 rho-strong     icv1-f2m41-tm2308219-7f48b14a W745f41e72e78  verified S=0.142 L0
 562/768 ic-k8          icv1-f2m41-tm2308219-7f48b14a W745f41e72e78     error S=- L0
 563/768 ic-k16         icv1-f2m41-tm2308219-7f48b14a W745f41e72e78 exhausted S=43.137 L0
 564/768 ic-k16-control icv1-f2m41-tm2308219-7f48b14a W745f41e72e78 exhausted S=43.137 L0
 565/768 rho-strong     icv1-f2m41-tm2308219-7f48b14a W595bec26193e  verified S=0.189 L0
 566/768 ic-k8          icv1-f2m41-tm2308219-7f48b14a W595bec26193e     error S=- L0
 567/768 ic-k16         icv1-f2m41-tm2308219-7f48b14a W595bec26193e exhausted S=43.137 L0
 568/768 ic-k16-control icv1-f2m41-tm2308219-7f48b14a W595bec26193e exhausted S=43.137 L0
 569/768 rho-strong     icv1-f2m41-tm2308219-7f48b14a W128fdf0a9314  verified S=0.192 L0
 570/768 ic-k8          icv1-f2m41-tm2308219-7f48b14a W128fdf0a9314     error S=- L0
 571/768 ic-k16         icv1-f2m41-tm2308219-7f48b14a W128fdf0a9314 exhausted S=43.137 L0
 572/768 ic-k16-control icv1-f2m41-tm2308219-7f48b14a W128fdf0a9314 exhausted S=43.137 L0
 573/768 rho-strong     icv1-f2m41-tm2308219-7f48b14a W0b23b25ea500  verified S=0.266 L0
 574/768 ic-k8          icv1-f2m41-tm2308219-7f48b14a W0b23b25ea500     error S=- L0
 575/768 ic-k16         icv1-f2m41-tm2308219-7f48b14a W0b23b25ea500 exhausted S=43.137 L0
 576/768 ic-k16-control icv1-f2m41-tm2308219-7f48b14a W0b23b25ea500 exhausted S=43.137 L0
 577/768 rho-strong     icv1-f2m53-tm56619371-dac20a85 W32013b060ceb  verified S=0.222 L0
 578/768 ic-k8          icv1-f2m53-tm56619371-dac20a85 W32013b060ceb     error S=- L0
 579/768 ic-k16         icv1-f2m53-tm56619371-dac20a85 W32013b060ceb     error S=- L0
 580/768 ic-k16-control icv1-f2m53-tm56619371-dac20a85 W32013b060ceb     error S=- L0
 581/768 rho-strong     icv1-f2m53-tm56619371-dac20a85 W6152454b01d8  verified S=0.081 L0
 582/768 ic-k8          icv1-f2m53-tm56619371-dac20a85 W6152454b01d8     error S=- L0
 583/768 ic-k16         icv1-f2m53-tm56619371-dac20a85 W6152454b01d8     error S=- L0
 584/768 ic-k16-control icv1-f2m53-tm56619371-dac20a85 W6152454b01d8     error S=- L0
 585/768 rho-strong     icv1-f2m53-tm56619371-dac20a85 W362bfb17df38  verified S=0.055 L0
 586/768 ic-k8          icv1-f2m53-tm56619371-dac20a85 W362bfb17df38     error S=- L0
 587/768 ic-k16         icv1-f2m53-tm56619371-dac20a85 W362bfb17df38     error S=- L0
 588/768 ic-k16-control icv1-f2m53-tm56619371-dac20a85 W362bfb17df38     error S=- L0
 589/768 rho-strong     icv1-f2m53-tm56619371-dac20a85 Waf2e9dd0f327  verified S=0.127 L0
 590/768 ic-k8          icv1-f2m53-tm56619371-dac20a85 Waf2e9dd0f327     error S=- L0
 591/768 ic-k16         icv1-f2m53-tm56619371-dac20a85 Waf2e9dd0f327     error S=- L0
 592/768 ic-k16-control icv1-f2m53-tm56619371-dac20a85 Waf2e9dd0f327     error S=- L0
 593/768 rho-strong     icv1-f2m53-tm56619371-dac20a85 W53b3c7191bc1  verified S=0.174 L0
 594/768 ic-k8          icv1-f2m53-tm56619371-dac20a85 W53b3c7191bc1     error S=- L0
 595/768 ic-k16         icv1-f2m53-tm56619371-dac20a85 W53b3c7191bc1     error S=- L0
 596/768 ic-k16-control icv1-f2m53-tm56619371-dac20a85 W53b3c7191bc1     error S=- L0
 597/768 rho-strong     icv1-f2m53-tm56619371-dac20a85 W9397d97679e6  verified S=0.170 L0
 598/768 ic-k8          icv1-f2m53-tm56619371-dac20a85 W9397d97679e6     error S=- L0
 599/768 ic-k16         icv1-f2m53-tm56619371-dac20a85 W9397d97679e6     error S=- L0
 600/768 ic-k16-control icv1-f2m53-tm56619371-dac20a85 W9397d97679e6     error S=- L0
 601/768 rho-strong     icv1-f2m53-tm56619371-dac20a85 W2407a541d20a  verified S=0.147 L0
 602/768 ic-k8          icv1-f2m53-tm56619371-dac20a85 W2407a541d20a     error S=- L0
 603/768 ic-k16         icv1-f2m53-tm56619371-dac20a85 W2407a541d20a     error S=- L0
 604/768 ic-k16-control icv1-f2m53-tm56619371-dac20a85 W2407a541d20a     error S=- L0
 605/768 rho-strong     icv1-f2m53-tm56619371-dac20a85 Wae934f34bbc8  verified S=0.179 L0
 606/768 ic-k8          icv1-f2m53-tm56619371-dac20a85 Wae934f34bbc8     error S=- L0
 607/768 ic-k16         icv1-f2m53-tm56619371-dac20a85 Wae934f34bbc8     error S=- L0
 608/768 ic-k16-control icv1-f2m53-tm56619371-dac20a85 Wae934f34bbc8     error S=- L0
 609/768 rho-strong     icv1-f2m53-tm56619371-dac20a85 Wa2264e0443c9  verified S=0.206 L0
 610/768 ic-k8          icv1-f2m53-tm56619371-dac20a85 Wa2264e0443c9     error S=- L0
 611/768 ic-k16         icv1-f2m53-tm56619371-dac20a85 Wa2264e0443c9     error S=- L0
 612/768 ic-k16-control icv1-f2m53-tm56619371-dac20a85 Wa2264e0443c9     error S=- L0
 613/768 rho-strong     icv1-f2m53-tm56619371-dac20a85 Wb6f1e915c529  verified S=0.145 L0
 614/768 ic-k8          icv1-f2m53-tm56619371-dac20a85 Wb6f1e915c529     error S=- L0
 615/768 ic-k16         icv1-f2m53-tm56619371-dac20a85 Wb6f1e915c529     error S=- L0
 616/768 ic-k16-control icv1-f2m53-tm56619371-dac20a85 Wb6f1e915c529     error S=- L0
 617/768 rho-strong     icv1-f2m53-tm56619371-dac20a85 Wfee1d78cba4b  verified S=0.072 L0
 618/768 ic-k8          icv1-f2m53-tm56619371-dac20a85 Wfee1d78cba4b     error S=- L0
 619/768 ic-k16         icv1-f2m53-tm56619371-dac20a85 Wfee1d78cba4b     error S=- L0
 620/768 ic-k16-control icv1-f2m53-tm56619371-dac20a85 Wfee1d78cba4b     error S=- L0
 621/768 rho-strong     icv1-f2m53-tm56619371-dac20a85 W87416516674f  verified S=0.182 L0
 622/768 ic-k8          icv1-f2m53-tm56619371-dac20a85 W87416516674f     error S=- L0
 623/768 ic-k16         icv1-f2m53-tm56619371-dac20a85 W87416516674f     error S=- L0
 624/768 ic-k16-control icv1-f2m53-tm56619371-dac20a85 W87416516674f     error S=- L0
 625/768 rho-strong     icv1-f2m53-tm56619371-dac20a85 W89e923f9e4fd  verified S=0.163 L0
 626/768 ic-k8          icv1-f2m53-tm56619371-dac20a85 W89e923f9e4fd     error S=- L0
 627/768 ic-k16         icv1-f2m53-tm56619371-dac20a85 W89e923f9e4fd     error S=- L0
 628/768 ic-k16-control icv1-f2m53-tm56619371-dac20a85 W89e923f9e4fd     error S=- L0
 629/768 rho-strong     icv1-f2m53-tm56619371-dac20a85 We730247bf7c5  verified S=0.118 L0
 630/768 ic-k8          icv1-f2m53-tm56619371-dac20a85 We730247bf7c5     error S=- L0
 631/768 ic-k16         icv1-f2m53-tm56619371-dac20a85 We730247bf7c5     error S=- L0
 632/768 ic-k16-control icv1-f2m53-tm56619371-dac20a85 We730247bf7c5     error S=- L0
 633/768 rho-strong     icv1-f2m53-tm56619371-dac20a85 Wa8d2390eed05  verified S=0.086 L0
 634/768 ic-k8          icv1-f2m53-tm56619371-dac20a85 Wa8d2390eed05     error S=- L0
 635/768 ic-k16         icv1-f2m53-tm56619371-dac20a85 Wa8d2390eed05     error S=- L0
 636/768 ic-k16-control icv1-f2m53-tm56619371-dac20a85 Wa8d2390eed05     error S=- L0
 637/768 rho-strong     icv1-f2m53-tm56619371-dac20a85 W980f6c02dbe3  verified S=0.207 L0
 638/768 ic-k8          icv1-f2m53-tm56619371-dac20a85 W980f6c02dbe3     error S=- L0
 639/768 ic-k16         icv1-f2m53-tm56619371-dac20a85 W980f6c02dbe3     error S=- L0
 640/768 ic-k16-control icv1-f2m53-tm56619371-dac20a85 W980f6c02dbe3     error S=- L0
 641/768 ic-k16-control icv1-f2m41-tm2308219-7f48b14a W15dcf1a74cb8 exhausted S=43.137 L0
 642/768 ic-k16         icv1-f2m41-tm2308219-7f48b14a W15dcf1a74cb8 exhausted S=43.137 L0
 643/768 ic-k8          icv1-f2m41-tm2308219-7f48b14a W15dcf1a74cb8     error S=- L0
 644/768 rho-strong     icv1-f2m41-tm2308219-7f48b14a W15dcf1a74cb8  verified S=0.066 L0
 645/768 ic-k16-control icv1-f2m41-tm2308219-7f48b14a W58966332d354 exhausted S=43.137 L0
 646/768 ic-k16         icv1-f2m41-tm2308219-7f48b14a W58966332d354 exhausted S=43.137 L0
 647/768 ic-k8          icv1-f2m41-tm2308219-7f48b14a W58966332d354     error S=- L0
 648/768 rho-strong     icv1-f2m41-tm2308219-7f48b14a W58966332d354  verified S=0.267 L0
 649/768 ic-k16-control icv1-f2m41-tm2308219-7f48b14a W209f07abaaeb exhausted S=43.137 L0
 650/768 ic-k16         icv1-f2m41-tm2308219-7f48b14a W209f07abaaeb exhausted S=43.137 L0
 651/768 ic-k8          icv1-f2m41-tm2308219-7f48b14a W209f07abaaeb     error S=- L0
 652/768 rho-strong     icv1-f2m41-tm2308219-7f48b14a W209f07abaaeb  verified S=0.078 L0
 653/768 ic-k16-control icv1-f2m41-tm2308219-7f48b14a Wcfd3a21e46fe  verified S=42.459 L0
 654/768 ic-k16         icv1-f2m41-tm2308219-7f48b14a Wcfd3a21e46fe  verified S=42.459 L0
 655/768 ic-k8          icv1-f2m41-tm2308219-7f48b14a Wcfd3a21e46fe     error S=- L0
 656/768 rho-strong     icv1-f2m41-tm2308219-7f48b14a Wcfd3a21e46fe  verified S=0.264 L0
 657/768 ic-k16-control icv1-f2m41-tm2308219-7f48b14a W2c831e15bf01  verified S=42.949 L0
 658/768 ic-k16         icv1-f2m41-tm2308219-7f48b14a W2c831e15bf01  verified S=42.949 L0
 659/768 ic-k8          icv1-f2m41-tm2308219-7f48b14a W2c831e15bf01     error S=- L0
 660/768 rho-strong     icv1-f2m41-tm2308219-7f48b14a W2c831e15bf01  verified S=0.077 L0
 661/768 ic-k16-control icv1-f2m41-tm2308219-7f48b14a W289d2f3cec86 exhausted S=43.137 L0
 662/768 ic-k16         icv1-f2m41-tm2308219-7f48b14a W289d2f3cec86 exhausted S=43.137 L0
 663/768 ic-k8          icv1-f2m41-tm2308219-7f48b14a W289d2f3cec86     error S=- L0
 664/768 rho-strong     icv1-f2m41-tm2308219-7f48b14a W289d2f3cec86  verified S=0.197 L0
 665/768 ic-k16-control icv1-f2m41-tm2308219-7f48b14a Wa19cda0cc1a4  verified S=42.409 L0
 666/768 ic-k16         icv1-f2m41-tm2308219-7f48b14a Wa19cda0cc1a4  verified S=42.409 L0
 667/768 ic-k8          icv1-f2m41-tm2308219-7f48b14a Wa19cda0cc1a4     error S=- L0
 668/768 rho-strong     icv1-f2m41-tm2308219-7f48b14a Wa19cda0cc1a4  verified S=0.170 L0
 669/768 ic-k16-control icv1-f2m41-tm2308219-7f48b14a W457bfc288ea6 exhausted S=43.137 L0
 670/768 ic-k16         icv1-f2m41-tm2308219-7f48b14a W457bfc288ea6 exhausted S=43.137 L0
 671/768 ic-k8          icv1-f2m41-tm2308219-7f48b14a W457bfc288ea6     error S=- L0
 672/768 rho-strong     icv1-f2m41-tm2308219-7f48b14a W457bfc288ea6  verified S=0.144 L0
 673/768 ic-k16-control icv1-f2m41-tm2308219-7f48b14a W67b6de6cae1f exhausted S=43.137 L0
 674/768 ic-k16         icv1-f2m41-tm2308219-7f48b14a W67b6de6cae1f exhausted S=43.137 L0
 675/768 ic-k8          icv1-f2m41-tm2308219-7f48b14a W67b6de6cae1f     error S=- L0
 676/768 rho-strong     icv1-f2m41-tm2308219-7f48b14a W67b6de6cae1f  verified S=0.163 L0
 677/768 ic-k16-control icv1-f2m41-tm2308219-7f48b14a W5b37a6615229 exhausted S=43.137 L0
 678/768 ic-k16         icv1-f2m41-tm2308219-7f48b14a W5b37a6615229 exhausted S=43.137 L0
 679/768 ic-k8          icv1-f2m41-tm2308219-7f48b14a W5b37a6615229     error S=- L0
 680/768 rho-strong     icv1-f2m41-tm2308219-7f48b14a W5b37a6615229  verified S=0.138 L0
 681/768 ic-k16-control icv1-f2m41-tm2308219-7f48b14a W79e398e98b74  verified S=42.355 L0
 682/768 ic-k16         icv1-f2m41-tm2308219-7f48b14a W79e398e98b74  verified S=42.355 L0
 683/768 ic-k8          icv1-f2m41-tm2308219-7f48b14a W79e398e98b74     error S=- L0
 684/768 rho-strong     icv1-f2m41-tm2308219-7f48b14a W79e398e98b74  verified S=0.084 L0
 685/768 ic-k16-control icv1-f2m41-tm2308219-7f48b14a W9f34390e2590  verified S=42.308 L0
 686/768 ic-k16         icv1-f2m41-tm2308219-7f48b14a W9f34390e2590  verified S=42.308 L0
 687/768 ic-k8          icv1-f2m41-tm2308219-7f48b14a W9f34390e2590     error S=- L0
 688/768 rho-strong     icv1-f2m41-tm2308219-7f48b14a W9f34390e2590  verified S=0.252 L0
 689/768 ic-k16-control icv1-f2m41-tm2308219-7f48b14a W745f41e72e78 exhausted S=43.137 L0
 690/768 ic-k16         icv1-f2m41-tm2308219-7f48b14a W745f41e72e78 exhausted S=43.137 L0
 691/768 ic-k8          icv1-f2m41-tm2308219-7f48b14a W745f41e72e78     error S=- L0
 692/768 rho-strong     icv1-f2m41-tm2308219-7f48b14a W745f41e72e78  verified S=0.055 L0
 693/768 ic-k16-control icv1-f2m41-tm2308219-7f48b14a W595bec26193e exhausted S=43.137 L0
 694/768 ic-k16         icv1-f2m41-tm2308219-7f48b14a W595bec26193e exhausted S=43.137 L0
 695/768 ic-k8          icv1-f2m41-tm2308219-7f48b14a W595bec26193e     error S=- L0
 696/768 rho-strong     icv1-f2m41-tm2308219-7f48b14a W595bec26193e  verified S=0.125 L0
 697/768 ic-k16-control icv1-f2m41-tm2308219-7f48b14a W128fdf0a9314 exhausted S=43.137 L0
 698/768 ic-k16         icv1-f2m41-tm2308219-7f48b14a W128fdf0a9314 exhausted S=43.137 L0
 699/768 ic-k8          icv1-f2m41-tm2308219-7f48b14a W128fdf0a9314     error S=- L0
 700/768 rho-strong     icv1-f2m41-tm2308219-7f48b14a W128fdf0a9314  verified S=0.138 L0
 701/768 ic-k16-control icv1-f2m41-tm2308219-7f48b14a W0b23b25ea500 exhausted S=43.137 L0
 702/768 ic-k16         icv1-f2m41-tm2308219-7f48b14a W0b23b25ea500 exhausted S=43.137 L0
 703/768 ic-k8          icv1-f2m41-tm2308219-7f48b14a W0b23b25ea500     error S=- L0
 704/768 rho-strong     icv1-f2m41-tm2308219-7f48b14a W0b23b25ea500  verified S=0.273 L0
 705/768 ic-k16-control icv1-f2m53-tm56619371-dac20a85 W32013b060ceb     error S=- L0
 706/768 ic-k16         icv1-f2m53-tm56619371-dac20a85 W32013b060ceb     error S=- L0
 707/768 ic-k8          icv1-f2m53-tm56619371-dac20a85 W32013b060ceb     error S=- L0
 708/768 rho-strong     icv1-f2m53-tm56619371-dac20a85 W32013b060ceb  verified S=0.138 L0
 709/768 ic-k16-control icv1-f2m53-tm56619371-dac20a85 W6152454b01d8     error S=- L0
 710/768 ic-k16         icv1-f2m53-tm56619371-dac20a85 W6152454b01d8     error S=- L0
 711/768 ic-k8          icv1-f2m53-tm56619371-dac20a85 W6152454b01d8     error S=- L0
 712/768 rho-strong     icv1-f2m53-tm56619371-dac20a85 W6152454b01d8  verified S=0.055 L0
 713/768 ic-k16-control icv1-f2m53-tm56619371-dac20a85 W362bfb17df38     error S=- L0
 714/768 ic-k16         icv1-f2m53-tm56619371-dac20a85 W362bfb17df38     error S=- L0
 715/768 ic-k8          icv1-f2m53-tm56619371-dac20a85 W362bfb17df38     error S=- L0
 716/768 rho-strong     icv1-f2m53-tm56619371-dac20a85 W362bfb17df38  verified S=0.166 L0
 717/768 ic-k16-control icv1-f2m53-tm56619371-dac20a85 Waf2e9dd0f327     error S=- L0
 718/768 ic-k16         icv1-f2m53-tm56619371-dac20a85 Waf2e9dd0f327     error S=- L0
 719/768 ic-k8          icv1-f2m53-tm56619371-dac20a85 Waf2e9dd0f327     error S=- L0
 720/768 rho-strong     icv1-f2m53-tm56619371-dac20a85 Waf2e9dd0f327  verified S=0.138 L0
 721/768 ic-k16-control icv1-f2m53-tm56619371-dac20a85 W53b3c7191bc1     error S=- L0
 722/768 ic-k16         icv1-f2m53-tm56619371-dac20a85 W53b3c7191bc1     error S=- L0
 723/768 ic-k8          icv1-f2m53-tm56619371-dac20a85 W53b3c7191bc1     error S=- L0
 724/768 rho-strong     icv1-f2m53-tm56619371-dac20a85 W53b3c7191bc1  verified S=0.122 L0
 725/768 ic-k16-control icv1-f2m53-tm56619371-dac20a85 W9397d97679e6     error S=- L0
 726/768 ic-k16         icv1-f2m53-tm56619371-dac20a85 W9397d97679e6     error S=- L0
 727/768 ic-k8          icv1-f2m53-tm56619371-dac20a85 W9397d97679e6     error S=- L0
 728/768 rho-strong     icv1-f2m53-tm56619371-dac20a85 W9397d97679e6  verified S=0.172 L0
 729/768 ic-k16-control icv1-f2m53-tm56619371-dac20a85 W2407a541d20a     error S=- L0
 730/768 ic-k16         icv1-f2m53-tm56619371-dac20a85 W2407a541d20a     error S=- L0
 731/768 ic-k8          icv1-f2m53-tm56619371-dac20a85 W2407a541d20a     error S=- L0
 732/768 rho-strong     icv1-f2m53-tm56619371-dac20a85 W2407a541d20a  verified S=0.272 L0
 733/768 ic-k16-control icv1-f2m53-tm56619371-dac20a85 Wae934f34bbc8     error S=- L0
 734/768 ic-k16         icv1-f2m53-tm56619371-dac20a85 Wae934f34bbc8     error S=- L0
 735/768 ic-k8          icv1-f2m53-tm56619371-dac20a85 Wae934f34bbc8     error S=- L0
 736/768 rho-strong     icv1-f2m53-tm56619371-dac20a85 Wae934f34bbc8  verified S=0.143 L0
 737/768 ic-k16-control icv1-f2m53-tm56619371-dac20a85 Wa2264e0443c9     error S=- L0
 738/768 ic-k16         icv1-f2m53-tm56619371-dac20a85 Wa2264e0443c9     error S=- L0
 739/768 ic-k8          icv1-f2m53-tm56619371-dac20a85 Wa2264e0443c9     error S=- L0
 740/768 rho-strong     icv1-f2m53-tm56619371-dac20a85 Wa2264e0443c9  verified S=0.160 L0
 741/768 ic-k16-control icv1-f2m53-tm56619371-dac20a85 Wb6f1e915c529     error S=- L0
 742/768 ic-k16         icv1-f2m53-tm56619371-dac20a85 Wb6f1e915c529     error S=- L0
 743/768 ic-k8          icv1-f2m53-tm56619371-dac20a85 Wb6f1e915c529     error S=- L0
 744/768 rho-strong     icv1-f2m53-tm56619371-dac20a85 Wb6f1e915c529  verified S=0.244 L0
 745/768 ic-k16-control icv1-f2m53-tm56619371-dac20a85 Wfee1d78cba4b     error S=- L0
 746/768 ic-k16         icv1-f2m53-tm56619371-dac20a85 Wfee1d78cba4b     error S=- L0
 747/768 ic-k8          icv1-f2m53-tm56619371-dac20a85 Wfee1d78cba4b     error S=- L0
 748/768 rho-strong     icv1-f2m53-tm56619371-dac20a85 Wfee1d78cba4b  verified S=0.090 L0
 749/768 ic-k16-control icv1-f2m53-tm56619371-dac20a85 W87416516674f     error S=- L0
 750/768 ic-k16         icv1-f2m53-tm56619371-dac20a85 W87416516674f     error S=- L0
 751/768 ic-k8          icv1-f2m53-tm56619371-dac20a85 W87416516674f     error S=- L0
 752/768 rho-strong     icv1-f2m53-tm56619371-dac20a85 W87416516674f  verified S=0.226 L0
 753/768 ic-k16-control icv1-f2m53-tm56619371-dac20a85 W89e923f9e4fd     error S=- L0
 754/768 ic-k16         icv1-f2m53-tm56619371-dac20a85 W89e923f9e4fd     error S=- L0
 755/768 ic-k8          icv1-f2m53-tm56619371-dac20a85 W89e923f9e4fd     error S=- L0
 756/768 rho-strong     icv1-f2m53-tm56619371-dac20a85 W89e923f9e4fd  verified S=0.024 L0
 757/768 ic-k16-control icv1-f2m53-tm56619371-dac20a85 We730247bf7c5     error S=- L0
 758/768 ic-k16         icv1-f2m53-tm56619371-dac20a85 We730247bf7c5     error S=- L0
 759/768 ic-k8          icv1-f2m53-tm56619371-dac20a85 We730247bf7c5     error S=- L0
 760/768 rho-strong     icv1-f2m53-tm56619371-dac20a85 We730247bf7c5  verified S=0.063 L0
 761/768 ic-k16-control icv1-f2m53-tm56619371-dac20a85 Wa8d2390eed05     error S=- L0
 762/768 ic-k16         icv1-f2m53-tm56619371-dac20a85 Wa8d2390eed05     error S=- L0
 763/768 ic-k8          icv1-f2m53-tm56619371-dac20a85 Wa8d2390eed05     error S=- L0
 764/768 rho-strong     icv1-f2m53-tm56619371-dac20a85 Wa8d2390eed05  verified S=0.070 L0
 765/768 ic-k16-control icv1-f2m53-tm56619371-dac20a85 W980f6c02dbe3     error S=- L0
 766/768 ic-k16         icv1-f2m53-tm56619371-dac20a85 W980f6c02dbe3     error S=- L0
 767/768 ic-k8          icv1-f2m53-tm56619371-dac20a85 W980f6c02dbe3     error S=- L0
 768/768 rho-strong     icv1-f2m53-tm56619371-dac20a85 W980f6c02dbe3  verified S=0.151 L0
session ECBS1he98c2d9648b6 complete -> research/ecbench_n41_n53_shared_rank_20261005/sessions/mac-l0-02 (768 records: {"error": 384, "exhausted": 130, "verified": 254})
    35522.21 real     30394.02 user       355.58 sys
            35176448  maximum resident set size
                   0  average shared memory size
                   0  average unshared data size
                   0  average unshared stack size
              655291  page reclaims
                1567  page faults
                   0  swaps
                   0  block input operations
                   0  block output operations
                   0  messages sent
                   0  messages received
                   0  signals received
               13958  voluntary context switches
            63335023  involuntary context switches
          7286841263  instructions retired
          4621731908  cycles elapsed
            35062120  peak memory footprint
