{'elementary_polynomial_exact': True, 'transformed_denominator_identity_exact': True, 'plain_terms': 24, 'transformed_terms': 18}
5 uniform first s4-symmetric first 1
5 uniform first s4-transformed first 1
5 uniform enumerate s4-symmetric complete 2
5 uniform enumerate s4-transformed complete 2
5 uniform first s4-symmetric first 1
5 uniform first s4-transformed first 1
5 uniform enumerate s4-symmetric complete 3
5 uniform enumerate s4-transformed complete 3
5 uniform first s4-symmetric first 1
5 uniform first s4-transformed first 1
5 uniform enumerate s4-symmetric complete 1
5 uniform enumerate s4-transformed complete 1
5 uniform first s4-symmetric first 1
5 uniform first s4-transformed first 1
5 uniform enumerate s4-symmetric complete 2
5 uniform enumerate s4-transformed complete 2
5 known_decomposable first s4-symmetric first 1
5 known_decomposable first s4-transformed first 1
5 known_decomposable enumerate s4-symmetric complete 3
5 known_decomposable enumerate s4-transformed complete 3
5 known_decomposable first s4-symmetric first 1
5 known_decomposable first s4-transformed first 1
5 known_decomposable enumerate s4-symmetric complete 2
5 known_decomposable enumerate s4-transformed complete 2
5 known_decomposable first s4-symmetric first 1
5 known_decomposable first s4-transformed first 1
5 known_decomposable enumerate s4-symmetric complete 2
5 known_decomposable enumerate s4-transformed complete 2
5 known_decomposable first s4-symmetric first 1
5 known_decomposable first s4-transformed first 1
5 known_decomposable enumerate s4-symmetric complete 1
5 known_decomposable enumerate s4-transformed complete 1
9 uniform first s4-symmetric first 1
9 uniform first s4-transformed first 1
9 uniform enumerate s4-symmetric complete 4
9 uniform enumerate s4-transformed complete 4
9 uniform first s4-symmetric first 1
9 uniform first s4-transformed first 1
9 uniform enumerate s4-symmetric complete 5
9 uniform enumerate s4-transformed complete 5
9 uniform first s4-symmetric first 1
9 uniform first s4-transformed first 1
9 uniform enumerate s4-symmetric complete 7
9 uniform enumerate s4-transformed complete 7
9 uniform first s4-symmetric first 1
9 uniform first s4-transformed first 1
9 uniform enumerate s4-symmetric complete 4
9 uniform enumerate s4-transformed complete 4
9 known_decomposable first s4-symmetric first 1
9 known_decomposable first s4-transformed first 1
9 known_decomposable enumerate s4-symmetric complete 3
9 known_decomposable enumerate s4-transformed complete 3
9 known_decomposable first s4-symmetric first 1
9 known_decomposable first s4-transformed first 1
9 known_decomposable enumerate s4-symmetric complete 1
9 known_decomposable enumerate s4-transformed complete 1
9 known_decomposable first s4-symmetric first 1
9 known_decomposable first s4-transformed first 1
9 known_decomposable enumerate s4-symmetric complete 1
9 known_decomposable enumerate s4-transformed complete 1
9 known_decomposable first s4-symmetric first 1
9 known_decomposable first s4-transformed first 1
9 known_decomposable enumerate s4-symmetric complete 3
9 known_decomposable enumerate s4-transformed complete 3
11 uniform first s4-symmetric complete 0
11 uniform first s4-transformed timeout 0
11 uniform enumerate s4-symmetric complete 0
11 uniform enumerate s4-transformed timeout 0
11 uniform first s4-symmetric first 1
11 uniform first s4-transformed timeout 0
11 uniform enumerate s4-symmetric complete 1
11 uniform enumerate s4-transformed timeout 0
11 uniform first s4-symmetric first 1
11 uniform first s4-transformed timeout 0
11 uniform enumerate s4-symmetric complete 1
11 uniform enumerate s4-transformed timeout 0
11 uniform first s4-symmetric complete 0
11 uniform first s4-transformed timeout 0
11 uniform enumerate s4-symmetric complete 0
11 uniform enumerate s4-transformed timeout 0
11 known_decomposable first s4-symmetric first 1
11 known_decomposable first s4-transformed timeout 0
11 known_decomposable enumerate s4-symmetric complete 1
11 known_decomposable enumerate s4-transformed timeout 0
11 known_decomposable first s4-symmetric first 1
11 known_decomposable first s4-transformed timeout 0
11 known_decomposable enumerate s4-symmetric timeout 2
11 known_decomposable enumerate s4-transformed timeout 0
11 known_decomposable first s4-symmetric first 1
11 known_decomposable first s4-transformed timeout 0
11 known_decomposable enumerate s4-symmetric complete 1
11 known_decomposable enumerate s4-transformed timeout 0
11 known_decomposable first s4-symmetric first 1
11 known_decomposable first s4-transformed timeout 0
11 known_decomposable enumerate s4-symmetric complete 1
11 known_decomposable enumerate s4-transformed timeout 0
