{
  "curve": "y^2 + xy = x^3 + x^2 + 1",
  "curve_a": 1,
  "direct_meet_in_the_middle": {
    "reason": "run koblitz_pdp_backend direct-mitm under a separate process meter",
    "status": "not_run_in_export_process"
  },
  "ell": 5,
  "exports": {
    "cryptominisat_xor_dimacs": {
      "blake3": "bcfb628e80b1990f07d658dd763c3091875f31e3b53129587e05005c7139ff12",
      "bytes": 40426,
      "cnf_clauses": 1505,
      "path": "instance.xor.cnf",
      "variables": 502,
      "xor_rows": 68
    },
    "magma_boolean_f4": {
      "blake3": "c098bd207de0ee51e59a83ac1813310342b92aae363a45123234a5441c994cba",
      "bytes": 82754,
      "path": "instance.magma"
    },
    "wdsat_anf": {
      "blake3": "d1bafe51270b3c1d6b608c3955a67e9717e82873131d9542491ff53cefef5326",
      "bytes": 51677,
      "path": "instance.anf"
    }
  },
  "factor_base_basis_bitmasks": [
    "1",
    "2",
    "4",
    "8",
    "16"
  ],
  "factor_base_geometry": {
    "curve_points": 25,
    "distinct_curve_points": 25,
    "minimum_required": 3
  },
  "factor_base_predicate": {
    "definition": "x = sum(c_i z^i), c_i in F_2, 0 <= i < ell",
    "enumerates_target_subgroup": false,
    "kind": "polynomial_subspace",
    "uses_discrete_log_labels": false
  },
  "interpretation": "SAT is a witness only after source-system validation; Unknown is inconclusive and is never counted as UNSAT",
  "irreducible_low_terms": [
    0,
    3
  ],
  "kind": "binary_koblitz_pdp_cross_solver_instance",
  "m": 3,
  "n": 41,
  "native_sat": {
    "conflict_budget": 100000,
    "reason": "run koblitz_pdp_backend native-sat under a separate process meter",
    "status": "not_run_in_export_process"
  },
  "planted_points": [
    {
      "x": "27",
      "y": "317175921978"
    },
    {
      "x": "24",
      "y": "1078780647971"
    },
    {
      "x": "17",
      "y": "745870645941"
    }
  ],
  "representation": "symmetrised_s4",
  "scope": "standalone planted point-decomposition problem; not a completed index-calculus attack",
  "seed": 2026091304,
  "source_equations": 68,
  "source_instance": {
    "id_blake3": "6dc27aa9aff78d4d5d868fddc761dafed9e2c90be90f9456bf7f68ac90ca1320",
    "identity": {
      "curve_a": 1,
      "ell": 5,
      "exports": {
        "cryptominisat_xor_dimacs": {
          "blake3": "bcfb628e80b1990f07d658dd763c3091875f31e3b53129587e05005c7139ff12",
          "bytes": 40426,
          "cnf_clauses": 1505,
          "path": "instance.xor.cnf",
          "variables": 502,
          "xor_rows": 68
        },
        "magma_boolean_f4": {
          "blake3": "c098bd207de0ee51e59a83ac1813310342b92aae363a45123234a5441c994cba",
          "bytes": 82754,
          "path": "instance.magma"
        },
        "wdsat_anf": {
          "blake3": "d1bafe51270b3c1d6b608c3955a67e9717e82873131d9542491ff53cefef5326",
          "bytes": 51677,
          "path": "instance.anf"
        }
      },
      "factor_base_basis_bitmasks": [
        "1",
        "2",
        "4",
        "8",
        "16"
      ],
      "factor_base_predicate": {
        "definition": "x = sum(c_i z^i), c_i in F_2, 0 <= i < ell",
        "enumerates_target_subgroup": false,
        "kind": "polynomial_subspace",
        "uses_discrete_log_labels": false
      },
      "irreducible_low_terms": [
        0,
        3
      ],
      "m": 3,
      "n": 41,
      "representation": "symmetrised_s4",
      "schema": "koblitz_pdp_source_identity.v1",
      "seed": 2026091304,
      "source_equations": 68,
      "source_variables": 42,
      "target": {
        "x": "1627801638842",
        "y": "1206036478076"
      }
    },
    "schema": "koblitz_pdp_source_instance.v1"
  },
  "source_max_degree": 3,
  "source_max_monomials_per_equation": 160,
  "source_variables": 42,
  "target": {
    "x": "1627801638842",
    "y": "1206036478076"
  },
  "timing_ns": {
    "factor_base_predicate_construction": 191709,
    "native_encoding_and_solve": null,
    "planted_target_construction": 455667,
    "source_system_construction": 11709584,
    "whole_process_internal": 22499792
  }
}
