/Volumes/SSD990/crypto/worktrees/f6-n83-batch-size-20261004/research/f6_n83_basis_sat_20261005/PROTOCOL.md: OK
/Volumes/SSD990/crypto/worktrees/f6-n83-batch-size-20261004/research/f6_n83_basis_sat_20261005/SAT_MODEL_HASHES.tsv: OK
/Volumes/SSD990/crypto/worktrees/f6-n83-batch-size-20261004/research/f6_n83_basis_sat_20261005/XCNF_HASHES.tsv: OK
/Volumes/SSD990/crypto/worktrees/f6-n83-batch-size-20261004/research/f6_n83_basis_sat_20261005/basis_ordinary_none_0.emit.jsonl: OK
/Volumes/SSD990/crypto/worktrees/f6-n83-batch-size-20261004/research/f6_n83_basis_sat_20261005/basis_ordinary_none_0.emit.stderr.txt: OK
/Volumes/SSD990/crypto/worktrees/f6-n83-batch-size-20261004/research/f6_n83_basis_sat_20261005/basis_ordinary_none_0.solver.stderr.txt: OK
/Volumes/SSD990/crypto/worktrees/f6-n83-batch-size-20261004/research/f6_n83_basis_sat_20261005/basis_ordinary_none_0.solver.stdout: OK
/Volumes/SSD990/crypto/worktrees/f6-n83-batch-size-20261004/research/f6_n83_basis_sat_20261005/basis_ordinary_none_0.verify.jsonl: OK
/Volumes/SSD990/crypto/worktrees/f6-n83-batch-size-20261004/research/f6_n83_basis_sat_20261005/basis_ordinary_none_0.verify.stderr.txt: OK
/Volumes/SSD990/crypto/worktrees/f6-n83-batch-size-20261004/research/f6_n83_basis_sat_20261005/basis_ordinary_none_0.xcnf.gz: OK
/Volumes/SSD990/crypto/worktrees/f6-n83-batch-size-20261004/research/f6_n83_basis_sat_20261005/basis_ordinary_none_1.emit.jsonl: OK
/Volumes/SSD990/crypto/worktrees/f6-n83-batch-size-20261004/research/f6_n83_basis_sat_20261005/basis_ordinary_none_1.emit.stderr.txt: OK
/Volumes/SSD990/crypto/worktrees/f6-n83-batch-size-20261004/research/f6_n83_basis_sat_20261005/basis_ordinary_none_1.solver.stderr.txt: OK
/Volumes/SSD990/crypto/worktrees/f6-n83-batch-size-20261004/research/f6_n83_basis_sat_20261005/basis_ordinary_none_1.solver.stdout: OK
/Volumes/SSD990/crypto/worktrees/f6-n83-batch-size-20261004/research/f6_n83_basis_sat_20261005/basis_ordinary_none_1.verify.jsonl: OK
/Volumes/SSD990/crypto/worktrees/f6-n83-batch-size-20261004/research/f6_n83_basis_sat_20261005/basis_ordinary_none_1.verify.stderr.txt: OK
/Volumes/SSD990/crypto/worktrees/f6-n83-batch-size-20261004/research/f6_n83_basis_sat_20261005/basis_ordinary_none_1.xcnf.gz: OK
/Volumes/SSD990/crypto/worktrees/f6-n83-batch-size-20261004/research/f6_n83_basis_sat_20261005/basis_ordinary_none_2.emit.jsonl: OK
/Volumes/SSD990/crypto/worktrees/f6-n83-batch-size-20261004/research/f6_n83_basis_sat_20261005/basis_ordinary_none_2.emit.stderr.txt: OK
/Volumes/SSD990/crypto/worktrees/f6-n83-batch-size-20261004/research/f6_n83_basis_sat_20261005/basis_ordinary_none_2.solver.stderr.txt: OK
/Volumes/SSD990/crypto/worktrees/f6-n83-batch-size-20261004/research/f6_n83_basis_sat_20261005/basis_ordinary_none_2.solver.stdout: OK
/Volumes/SSD990/crypto/worktrees/f6-n83-batch-size-20261004/research/f6_n83_basis_sat_20261005/basis_ordinary_none_2.verify.jsonl: OK
/Volumes/SSD990/crypto/worktrees/f6-n83-batch-size-20261004/research/f6_n83_basis_sat_20261005/basis_ordinary_none_2.verify.stderr.txt: OK
/Volumes/SSD990/crypto/worktrees/f6-n83-batch-size-20261004/research/f6_n83_basis_sat_20261005/basis_ordinary_none_2.xcnf.gz: OK
/Volumes/SSD990/crypto/worktrees/f6-n83-batch-size-20261004/research/f6_n83_basis_sat_20261005/basis_ordinary_none_3.emit.jsonl: OK
/Volumes/SSD990/crypto/worktrees/f6-n83-batch-size-20261004/research/f6_n83_basis_sat_20261005/basis_ordinary_none_3.emit.stderr.txt: OK
/Volumes/SSD990/crypto/worktrees/f6-n83-batch-size-20261004/research/f6_n83_basis_sat_20261005/basis_ordinary_none_3.solver.stderr.txt: OK
/Volumes/SSD990/crypto/worktrees/f6-n83-batch-size-20261004/research/f6_n83_basis_sat_20261005/basis_ordinary_none_3.solver.stdout: OK
/Volumes/SSD990/crypto/worktrees/f6-n83-batch-size-20261004/research/f6_n83_basis_sat_20261005/basis_ordinary_none_3.verify.jsonl: OK
/Volumes/SSD990/crypto/worktrees/f6-n83-batch-size-20261004/research/f6_n83_basis_sat_20261005/basis_ordinary_none_3.verify.stderr.txt: OK
/Volumes/SSD990/crypto/worktrees/f6-n83-batch-size-20261004/research/f6_n83_basis_sat_20261005/basis_ordinary_none_3.xcnf.gz: OK
/Volumes/SSD990/crypto/worktrees/f6-n83-batch-size-20261004/research/f6_n83_basis_sat_20261005/basis_planted_all_0.emit.jsonl: OK
/Volumes/SSD990/crypto/worktrees/f6-n83-batch-size-20261004/research/f6_n83_basis_sat_20261005/basis_planted_all_0.emit.stderr.txt: OK
/Volumes/SSD990/crypto/worktrees/f6-n83-batch-size-20261004/research/f6_n83_basis_sat_20261005/basis_planted_all_0.solver.stderr.txt: OK
/Volumes/SSD990/crypto/worktrees/f6-n83-batch-size-20261004/research/f6_n83_basis_sat_20261005/basis_planted_all_0.solver.stdout.gz: OK
/Volumes/SSD990/crypto/worktrees/f6-n83-batch-size-20261004/research/f6_n83_basis_sat_20261005/basis_planted_all_0.verify.jsonl: OK
/Volumes/SSD990/crypto/worktrees/f6-n83-batch-size-20261004/research/f6_n83_basis_sat_20261005/basis_planted_all_0.verify.stderr.txt: OK
/Volumes/SSD990/crypto/worktrees/f6-n83-batch-size-20261004/research/f6_n83_basis_sat_20261005/basis_planted_all_0.xcnf.gz: OK
/Volumes/SSD990/crypto/worktrees/f6-n83-batch-size-20261004/research/f6_n83_basis_sat_20261005/basis_planted_source_0.emit.jsonl: OK
/Volumes/SSD990/crypto/worktrees/f6-n83-batch-size-20261004/research/f6_n83_basis_sat_20261005/basis_planted_source_0.emit.stderr.txt: OK
/Volumes/SSD990/crypto/worktrees/f6-n83-batch-size-20261004/research/f6_n83_basis_sat_20261005/basis_planted_source_0.solver.stderr.txt: OK
/Volumes/SSD990/crypto/worktrees/f6-n83-batch-size-20261004/research/f6_n83_basis_sat_20261005/basis_planted_source_0.solver.stdout: OK
/Volumes/SSD990/crypto/worktrees/f6-n83-batch-size-20261004/research/f6_n83_basis_sat_20261005/basis_planted_source_0.verify.jsonl: OK
/Volumes/SSD990/crypto/worktrees/f6-n83-batch-size-20261004/research/f6_n83_basis_sat_20261005/basis_planted_source_0.verify.stderr.txt: OK
/Volumes/SSD990/crypto/worktrees/f6-n83-batch-size-20261004/research/f6_n83_basis_sat_20261005/basis_planted_source_0.xcnf.gz: OK
/Volumes/SSD990/crypto/worktrees/f6-n83-batch-size-20261004/research/f6_n83_basis_sat_20261005/build.log: OK
/Volumes/SSD990/crypto/worktrees/f6-n83-batch-size-20261004/research/f6_n83_basis_sat_20261005/control.emit.jsonl: OK
/Volumes/SSD990/crypto/worktrees/f6-n83-batch-size-20261004/research/f6_n83_basis_sat_20261005/control.xcnf.gz: OK
/Volumes/SSD990/crypto/worktrees/f6-n83-batch-size-20261004/research/f6_n83_basis_sat_20261005/rss.tsv: OK
/Volumes/SSD990/crypto/worktrees/f6-n83-batch-size-20261004/research/f6_n83_basis_sat_20261005/run.sh: OK
/Volumes/SSD990/crypto/worktrees/f6-n83-batch-size-20261004/research/f6_n83_basis_sat_20261005/runner.stderr: OK
/Volumes/SSD990/crypto/worktrees/f6-n83-batch-size-20261004/research/f6_n83_basis_sat_20261005/runner.stdout: OK
/Volumes/SSD990/crypto/worktrees/f6-n83-batch-size-20261004/research/f6_n83_basis_sat_20261005/seal.log: FAILED
/Volumes/SSD990/crypto/worktrees/f6-n83-batch-size-20261004/research/f6_n83_basis_sat_20261005/seal.sh: OK
/Volumes/SSD990/crypto/worktrees/f6-n83-batch-size-20261004/research/f6_n83_basis_sat_20261005/status.tsv: OK
shasum: WARNING: 1 computed checksum did NOT match
