{'checked_coefficient_pairs': 992, 'target': [6, 10], 'all_remainder_and_nonzero_vectors_match': True, 'zero_b_rejected': True}
{'n': 5, 'd': 3} uniform chained-s3 sat
{'n': 5, 'd': 3} uniform rr-norm sat
{'n': 5, 'd': 3} uniform support sat
{'n': 5, 'd': 3} uniform support-conditioned sat
{'n': 5, 'd': 3} uniform chained-s3 unsat
{'n': 5, 'd': 3} uniform rr-norm unsat
{'n': 5, 'd': 3} uniform support unsat
{'n': 5, 'd': 3} uniform support-conditioned unsat
{'n': 5, 'd': 3} uniform chained-s3 unsat
{'n': 5, 'd': 3} uniform rr-norm unsat
{'n': 5, 'd': 3} uniform support unsat
{'n': 5, 'd': 3} uniform support-conditioned unsat
{'n': 5, 'd': 3} uniform chained-s3 sat
{'n': 5, 'd': 3} uniform rr-norm sat
{'n': 5, 'd': 3} uniform support sat
{'n': 5, 'd': 3} uniform support-conditioned sat
{'n': 5, 'd': 3} known_decomposable chained-s3 sat
{'n': 5, 'd': 3} known_decomposable rr-norm sat
{'n': 5, 'd': 3} known_decomposable support sat
{'n': 5, 'd': 3} known_decomposable support-conditioned sat
{'n': 5, 'd': 3} known_decomposable chained-s3 sat
{'n': 5, 'd': 3} known_decomposable rr-norm sat
{'n': 5, 'd': 3} known_decomposable support sat
{'n': 5, 'd': 3} known_decomposable support-conditioned sat
{'n': 5, 'd': 3} known_decomposable chained-s3 sat
{'n': 5, 'd': 3} known_decomposable rr-norm sat
{'n': 5, 'd': 3} known_decomposable support sat
{'n': 5, 'd': 3} known_decomposable support-conditioned sat
{'n': 5, 'd': 3} known_decomposable chained-s3 sat
{'n': 5, 'd': 3} known_decomposable rr-norm sat
{'n': 5, 'd': 3} known_decomposable support sat
{'n': 5, 'd': 3} known_decomposable support-conditioned sat
{'n': 9, 'd': 4} uniform chained-s3 sat
{'n': 9, 'd': 4} uniform rr-norm sat
{'n': 9, 'd': 4} uniform support timeout
{'n': 9, 'd': 4} uniform support-conditioned timeout
{'n': 9, 'd': 4} uniform chained-s3 unsat
{'n': 9, 'd': 4} uniform rr-norm unsat
{'n': 9, 'd': 4} uniform support timeout
{'n': 9, 'd': 4} uniform support-conditioned timeout
{'n': 9, 'd': 4} uniform chained-s3 sat
{'n': 9, 'd': 4} uniform rr-norm sat
{'n': 9, 'd': 4} uniform support timeout
{'n': 9, 'd': 4} uniform support-conditioned timeout
{'n': 9, 'd': 4} uniform chained-s3 sat
{'n': 9, 'd': 4} uniform rr-norm sat
{'n': 9, 'd': 4} uniform support timeout
{'n': 9, 'd': 4} uniform support-conditioned timeout
{'n': 9, 'd': 4} known_decomposable chained-s3 sat
{'n': 9, 'd': 4} known_decomposable rr-norm sat
{'n': 9, 'd': 4} known_decomposable support timeout
{'n': 9, 'd': 4} known_decomposable support-conditioned timeout
{'n': 9, 'd': 4} known_decomposable chained-s3 sat
{'n': 9, 'd': 4} known_decomposable rr-norm sat
{'n': 9, 'd': 4} known_decomposable support timeout
{'n': 9, 'd': 4} known_decomposable support-conditioned timeout
{'n': 9, 'd': 4} known_decomposable chained-s3 sat
{'n': 9, 'd': 4} known_decomposable rr-norm sat
{'n': 9, 'd': 4} known_decomposable support timeout
{'n': 9, 'd': 4} known_decomposable support-conditioned timeout
{'n': 9, 'd': 4} known_decomposable chained-s3 sat
{'n': 9, 'd': 4} known_decomposable rr-norm sat
{'n': 9, 'd': 4} known_decomposable support timeout
{'n': 9, 'd': 4} known_decomposable support-conditioned timeout
{'n': 11, 'd': 5} uniform chained-s3 timeout
{'n': 11, 'd': 5} uniform rr-norm unsat
{'n': 11, 'd': 5} uniform support timeout
{'n': 11, 'd': 5} uniform support-conditioned timeout
{'n': 11, 'd': 5} uniform chained-s3 timeout
{'n': 11, 'd': 5} uniform rr-norm timeout
{'n': 11, 'd': 5} uniform support timeout
{'n': 11, 'd': 5} uniform support-conditioned timeout
{'n': 11, 'd': 5} uniform chained-s3 timeout
{'n': 11, 'd': 5} uniform rr-norm sat
{'n': 11, 'd': 5} uniform support timeout
{'n': 11, 'd': 5} uniform support-conditioned timeout
{'n': 11, 'd': 5} uniform chained-s3 timeout
{'n': 11, 'd': 5} uniform rr-norm sat
{'n': 11, 'd': 5} uniform support timeout
{'n': 11, 'd': 5} uniform support-conditioned timeout
{'n': 11, 'd': 5} known_decomposable chained-s3 sat
{'n': 11, 'd': 5} known_decomposable rr-norm sat
{'n': 11, 'd': 5} known_decomposable support timeout
{'n': 11, 'd': 5} known_decomposable support-conditioned timeout
{'n': 11, 'd': 5} known_decomposable chained-s3 sat
{'n': 11, 'd': 5} known_decomposable rr-norm sat
{'n': 11, 'd': 5} known_decomposable support timeout
{'n': 11, 'd': 5} known_decomposable support-conditioned timeout
{'n': 11, 'd': 5} known_decomposable chained-s3 timeout
{'n': 11, 'd': 5} known_decomposable rr-norm sat
{'n': 11, 'd': 5} known_decomposable support timeout
{'n': 11, 'd': 5} known_decomposable support-conditioned timeout
{'n': 11, 'd': 5} known_decomposable chained-s3 timeout
{'n': 11, 'd': 5} known_decomposable rr-norm timeout
{'n': 11, 'd': 5} known_decomposable support timeout
{'n': 11, 'd': 5} known_decomposable support-conditioned timeout
