sig step 1: position 0 signature degree 4, 1 pairs (0 syzygy, 0 rewritten), rows 1 gen + 0 critical + 0 tower + 0 reducers x 13 cols, nnz 13, zero 0, singular 0, fresh 1 (lowest degree 4, highest row degree 4), late 0, elements 1, pairs left 3, 0.5 ms (rows 0, reduce 0), muladds 0, memory 3 MB (peak 3 MB)
sig step 2: position 0 signature degree 5, 2 pairs (0 syzygy, 0 rewritten), rows 0 gen + 2 critical + 0 tower + 0 reducers x 21 cols, nnz 26, zero 0, singular 0, fresh 2 (lowest degree 4, highest row degree 5), late 0, elements 3, pairs left 8, 0.3 ms (rows 0, reduce 0), muladds 0, memory 3 MB (peak 3 MB)
sig step 3: position 0 signature degree 6, 7 pairs (0 syzygy, 1 rewritten), rows 0 gen + 6 critical + 0 tower + 6 reducers x 74 cols, nnz 156, zero 0, singular 0, fresh 6 (lowest degree 4, highest row degree 5), late 0, elements 9, pairs left 29, 1.4 ms (rows 1, reduce 0), muladds 101, memory 3 MB (peak 3 MB)
sig step 4: position 0 signature degree 7, 21 pairs (0 syzygy, 13 rewritten), rows 0 gen + 8 critical + 0 tower + 19 reducers x 164 cols, nnz 591, zero 0, singular 0, fresh 8 (lowest degree 4, highest row degree 6), late 0, elements 17, pairs left 54, 1.8 ms (rows 1, reduce 0), muladds 388, memory 3 MB (peak 3 MB)
sig step 5: position 0 signature degree 8, 33 pairs (0 syzygy, 22 rewritten), rows 0 gen + 11 critical + 0 tower + 46 reducers x 296 cols, nnz 1900, zero 0, singular 2, fresh 9 (lowest degree 5, highest row degree 6), late 0, elements 26, pairs left 94, 1.4 ms (rows 1, reduce 0), muladds 1537, memory 3 MB (peak 3 MB)
sig step 6: position 0 signature degree 9, 48 pairs (0 syzygy, 30 rewritten), rows 0 gen + 18 critical + 0 tower + 103 reducers x 482 cols, nnz 5343, zero 0, singular 1, fresh 17 (lowest degree 5, highest row degree 7), late 0, elements 43, pairs left 173, 2.9 ms (rows 1, reduce 0), muladds 16765, memory 3 MB (peak 3 MB)
sig step 7: position 0 signature degree 10, 110 pairs (0 syzygy, 81 rewritten), rows 0 gen + 29 critical + 0 tower + 288 reducers x 1101 cols, nnz 24577, zero 1, singular 9, fresh 27 (lowest degree 5, highest row degree 7), late 7, elements 70, pairs left 349, 4.2 ms (rows 2, reduce 1), muladds 64698, memory 4 MB (peak 4 MB)
sig step 8: position 0 signature degree 10, 7 pairs (0 syzygy, 0 rewritten), rows 0 gen + 7 critical + 0 tower + 243 reducers x 951 cols, nnz 25567, zero 0, singular 7, fresh 0 (lowest degree 0, highest row degree 0), late 0, elements 70, pairs left 342, 1.9 ms (rows 2, reduce 0), muladds 0, memory 4 MB (peak 4 MB)
sig step 9: position 0 signature degree 11, 144 pairs (0 syzygy, 102 rewritten), rows 0 gen + 42 critical + 0 tower + 638 reducers x 2060 cols, nnz 71865, zero 1, singular 10, fresh 36 (lowest degree 6, highest row degree 8), late 4, elements 106, pairs left 579, 7.3 ms (rows 4, reduce 1), muladds 265070, memory 6 MB (peak 6 MB)
sig step 10: position 0 signature degree 11, 4 pairs (0 syzygy, 0 rewritten), rows 0 gen + 4 critical + 0 tower + 499 reducers x 1828 cols, nnz 67889, zero 0, singular 4, fresh 0 (lowest degree 0, highest row degree 0), late 0, elements 106, pairs left 575, 3.2 ms (rows 3, reduce 0), muladds 0, memory 6 MB (peak 6 MB)
sig step 11: position 0 signature degree 12, 254 pairs (0 syzygy, 205 rewritten), rows 0 gen + 49 critical + 0 tower + 1285 reducers x 3415 cols, nnz 204128, zero 0, singular 15, fresh 52 (lowest degree 6, highest row degree 8), late 23, elements 158, pairs left 1244, 18.0 ms (rows 9, reduce 4), muladds 913168, memory 11 MB (peak 11 MB)
sig step 12: position 0 signature degree 12, 23 pairs (0 syzygy, 6 rewritten), rows 0 gen + 17 critical + 0 tower + 863 reducers x 2632 cols, nnz 152681, zero 0, singular 17, fresh 0 (lowest degree 0, highest row degree 0), late 0, elements 158, pairs left 1221, 5.0 ms (rows 5, reduce 0), muladds 0, memory 11 MB (peak 11 MB)
sig step 13: position 0 signature degree 13, 453 pairs (0 syzygy, 369 rewritten), rows 0 gen + 84 critical + 0 tower + 1993 reducers x 4268 cols, nnz 447883, zero 1, singular 29, fresh 70 (lowest degree 7, highest row degree 9), late 17, elements 228, pairs left 3033, 35.1 ms (rows 16, reduce 11), muladds 2510606, memory 20 MB (peak 20 MB)
sig step 14: position 0 signature degree 13, 17 pairs (0 syzygy, 1 rewritten), rows 0 gen + 16 critical + 0 tower + 1505 reducers x 3658 cols, nnz 408872, zero 0, singular 16, fresh 0 (lowest degree 0, highest row degree 0), late 0, elements 228, pairs left 3016, 12.2 ms (rows 11, reduce 1), muladds 0, memory 20 MB (peak 20 MB)
sig step 15: position 0 signature degree 14, 676 pairs (0 syzygy, 576 rewritten), rows 0 gen + 100 critical + 0 tower + 2569 reducers x 4843 cols, nnz 734101, zero 0, singular 38, fresh 75 (lowest degree 7, highest row degree 9), late 18, elements 303, pairs left 5343, 55.4 ms (rows 22, reduce 26), muladds 7550722, memory 31 MB (peak 32 MB)
sig step 16: position 0 signature degree 14, 18 pairs (0 syzygy, 4 rewritten), rows 0 gen + 14 critical + 0 tower + 1548 reducers x 3650 cols, nnz 569368, zero 0, singular 14, fresh 0 (lowest degree 0, highest row degree 0), late 0, elements 303, pairs left 5325, 15.7 ms (rows 14, reduce 2), muladds 0, memory 30 MB (peak 32 MB)
sig step 17: position 0 signature degree 15, 1190 pairs (0 syzygy, 1102 rewritten), rows 0 gen + 88 critical + 0 tower + 3906 reducers x 6157 cols, nnz 1243203, zero 2, singular 33, fresh 58 (lowest degree 7, highest row degree 9), late 4, elements 361, pairs left 6716, 97.8 ms (rows 34, reduce 57), muladds 18367340, memory 47 MB (peak 49 MB)
sig step 18: position 0 signature degree 15, 4 pairs (0 syzygy, 0 rewritten), rows 0 gen + 4 critical + 0 tower + 2024 reducers x 4093 cols, nnz 781128, zero 0, singular 4, fresh 0 (lowest degree 0, highest row degree 0), late 0, elements 361, pairs left 6712, 19.1 ms (rows 17, reduce 2), muladds 0, memory 45 MB (peak 49 MB)
sig step 19: position 0 signature degree 16, 1653 pairs (0 syzygy, 1578 rewritten), rows 0 gen + 75 critical + 0 tower + 4214 reducers x 6365 cols, nnz 1695631, zero 0, singular 44, fresh 40 (lowest degree 7, highest row degree 9), late 10, elements 401, pairs left 6641, 100.6 ms (rows 51, reduce 45), muladds 14044471, memory 58 MB (peak 63 MB)
sig step 20: position 0 signature degree 16, 10 pairs (0 syzygy, 0 rewritten), rows 0 gen + 10 critical + 0 tower + 2106 reducers x 4154 cols, nnz 1018962, zero 0, singular 10, fresh 0 (lowest degree 0, highest row degree 0), late 0, elements 401, pairs left 6631, 25.1 ms (rows 22, reduce 3), muladds 0, memory 53 MB (peak 63 MB)
sig step 21: position 0 signature degree 17, 1966 pairs (0 syzygy, 1904 rewritten), rows 0 gen + 62 critical + 0 tower + 4208 reducers x 6284 cols, nnz 1919670, zero 0, singular 48, fresh 16 (lowest degree 7, highest row degree 9), late 3, elements 417, pairs left 5202, 74.4 ms (rows 46, reduce 27), muladds 7651391, memory 59 MB (peak 70 MB)
sig step 22: position 0 signature degree 17, 3 pairs (0 syzygy, 0 rewritten), rows 0 gen + 3 critical + 0 tower + 2073 reducers x 4104 cols, nnz 914408, zero 0, singular 3, fresh 0 (lowest degree 0, highest row degree 0), late 0, elements 417, pairs left 5199, 22.0 ms (rows 19, reduce 3), muladds 0, memory 58 MB (peak 70 MB)
sig step 23: position 0 signature degree 18, 1520 pairs (0 syzygy, 1468 rewritten), rows 0 gen + 52 critical + 0 tower + 5256 reducers x 7308 cols, nnz 2337746, zero 0, singular 45, fresh 7 (lowest degree 7, highest row degree 8), late 0, elements 424, pairs left 3819, 75.1 ms (rows 54, reduce 19), muladds 3808015, memory 71 MB (peak 83 MB)
sig step 24: position 0 signature degree 19, 1173 pairs (0 syzygy, 1130 rewritten), rows 0 gen + 43 critical + 0 tower + 6218 reducers x 8253 cols, nnz 2686497, zero 0, singular 40, fresh 3 (lowest degree 7, highest row degree 8), late 0, elements 427, pairs left 2675, 79.9 ms (rows 67, reduce 12), muladds 978460, memory 82 MB (peak 94 MB)
sig step 25: position 0 signature degree 20, 1035 pairs (0 syzygy, 1000 rewritten), rows 0 gen + 35 critical + 0 tower + 6222 reducers x 8244 cols, nnz 2680319, zero 0, singular 34, fresh 1 (lowest degree 7, highest row degree 8), late 0, elements 428, pairs left 1694, 70.5 ms (rows 59, reduce 11), muladds 468541, memory 85 MB (peak 94 MB)
sig step 26: position 0 signature degree 21, 815 pairs (0 syzygy, 788 rewritten), rows 0 gen + 27 critical + 0 tower + 7246 reducers x 9268 cols, nnz 3022456, zero 0, singular 26, fresh 1 (lowest degree 8, highest row degree 8), late 0, elements 429, pairs left 879, 81.4 ms (rows 69, reduce 12), muladds 430087, memory 94 MB (peak 105 MB)
sig step 27: position 0 signature degree 22, 573 pairs (0 syzygy, 553 rewritten), rows 0 gen + 20 critical + 0 tower + 7237 reducers x 9253 cols, nnz 2984340, zero 0, singular 20, fresh 0 (lowest degree 0, highest row degree 0), late 0, elements 429, pairs left 306, 76.7 ms (rows 67, reduce 9), muladds 0, memory 97 MB (peak 105 MB)
sig step 28: position 0 signature degree 23, 231 pairs (0 syzygy, 219 rewritten), rows 0 gen + 12 critical + 0 tower + 7197 reducers x 9213 cols, nnz 2856500, zero 0, singular 12, fresh 0 (lowest degree 0, highest row degree 0), late 0, elements 429, pairs left 75, 73.1 ms (rows 64, reduce 10), muladds 0, memory 100 MB (peak 105 MB)
sig step 29: position 0 signature degree 24, 46 pairs (0 syzygy, 43 rewritten), rows 0 gen + 3 critical + 0 tower + 7141 reducers x 9157 cols, nnz 2796330, zero 0, singular 3, fresh 0 (lowest degree 0, highest row degree 0), late 0, elements 429, pairs left 29, 70.7 ms (rows 62, reduce 9), muladds 0, memory 103 MB (peak 105 MB)
sig step 30: position 0 signature degree 25, 16 pairs (0 syzygy, 15 rewritten), rows 0 gen + 1 critical + 0 tower + 5089 reducers x 7105 cols, nnz 2039754, zero 0, singular 1, fresh 0 (lowest degree 0, highest row degree 0), late 0, elements 429, pairs left 13, 51.1 ms (rows 44, reduce 7), muladds 0, memory 95 MB (peak 105 MB)
sig step 31: position 0 signature degree 26, 12 pairs (0 syzygy, 11 rewritten), rows 0 gen + 1 critical + 0 tower + 6112 reducers x 8128 cols, nnz 2407244, zero 0, singular 1, fresh 0 (lowest degree 0, highest row degree 0), late 0, elements 429, pairs left 1, 61.3 ms (rows 53, reduce 9), muladds 0, memory 95 MB (peak 105 MB)
sig step 32: position 1 signature degree 3, 1 pairs (0 syzygy, 0 rewritten), rows 1 gen + 0 critical + 0 tower + 0 reducers x 9 cols, nnz 9, zero 0, singular 0, fresh 1 (lowest degree 3, highest row degree 3), late 0, elements 430, pairs left 361, 0.3 ms (rows 0, reduce 0), muladds 0, memory 95 MB (peak 105 MB)
sig step 33: position 1 signature degree 4, 1 pairs (0 syzygy, 0 rewritten), rows 0 gen + 1 critical + 0 tower + 2 reducers x 15 cols, nnz 27, zero 0, singular 0, fresh 1 (lowest degree 3, highest row degree 4), late 0, elements 431, pairs left 722, 0.5 ms (rows 0, reduce 0), muladds 8, memory 95 MB (peak 105 MB)
sig step 34: position 1 signature degree 5, 3 pairs (0 syzygy, 0 rewritten), rows 0 gen + 3 critical + 0 tower + 9 reducers x 72 cols, nnz 126, zero 0, singular 0, fresh 3 (lowest degree 4, highest row degree 5), late 0, elements 434, pairs left 1868, 1.2 ms (rows 1, reduce 0), muladds 48, memory 95 MB (peak 105 MB)
sig step 35: position 1 signature degree 6, 26 pairs (0 syzygy, 6 rewritten), rows 0 gen + 20 critical + 0 tower + 169 reducers x 731 cols, nnz 4062, zero 0, singular 0, fresh 21 (lowest degree 4, highest row degree 6), late 1, elements 455, pairs left 8009, 4.2 ms (rows 1, reduce 0), muladds 7537, memory 95 MB (peak 105 MB)
sig step 36: position 1 signature degree 6, 1 pairs (0 syzygy, 0 rewritten), rows 0 gen + 1 critical + 0 tower + 50 reducers x 292 cols, nnz 1086, zero 0, singular 1, fresh 0 (lowest degree 0, highest row degree 0), late 0, elements 455, pairs left 8008, 1.0 ms (rows 1, reduce 0), muladds 0, memory 95 MB (peak 105 MB)
sig step 37: position 1 signature degree 7, 200 pairs (39 syzygy, 80 rewritten), rows 0 gen + 81 critical + 0 tower + 1071 reducers x 3351 cols, nnz 75113, zero 0, singular 6, fresh 96 (lowest degree 4, highest row degree 7), late 20, elements 551, pairs left 35716, 22.2 ms (rows 5, reduce 2), muladds 430768, memory 98 MB (peak 105 MB)
sig step 38: position 1 signature degree 7, 20 pairs (0 syzygy, 1 rewritten), rows 0 gen + 19 critical + 0 tower + 722 reducers x 2576 cols, nnz 83294, zero 0, singular 19, fresh 0 (lowest degree 0, highest row degree 0), late 0, elements 551, pairs left 35696, 5.6 ms (rows 5, reduce 0), muladds 0, memory 89 MB (peak 105 MB)
sig step 39: position 1 signature degree 8, 1358 pairs (550 syzygy, 471 rewritten), rows 0 gen + 337 critical + 0 tower + 6815 reducers x 15460 cols, nnz 1409052, zero 4, singular 67, fresh 427 (lowest degree 4, highest row degree 8), late 146, elements 978, pairs left 190933, 187.6 ms (rows 37, reduce 79), muladds 17096469, memory 114 MB (peak 114 MB)
sig step 40: position 1 signature degree 8, 146 pairs (3 syzygy, 6 rewritten), rows 0 gen + 137 critical + 0 tower + 9831 reducers x 22246 cols, nnz 3053141, zero 0, singular 137, fresh 0 (lowest degree 0, highest row degree 0), late 0, elements 978, pairs left 190787, 107.0 ms (rows 96, reduce 11), muladds 0, memory 129 MB (peak 129 MB)
sig step 41: position 1 signature degree 9, 8175 pairs (3773 syzygy, 3245 rewritten), rows 0 gen + 1157 critical + 0 tower + 16825 reducers x 31514 cols, nnz 7355866, zero 21, singular 407, fresh 1597 (lowest degree 5, highest row degree 9), late 755, elements 2575, pairs left 1194291, 2272.2 ms (rows 222, reduce 1688), muladds 489385455, memory 475 MB (peak 475 MB)
sig step 42: position 1 signature degree 9, 755 pairs (26 syzygy, 144 rewritten), rows 0 gen + 585 critical + 0 tower + 17164 reducers x 32356 cols, nnz 16148513, zero 0, singular 585, fresh 0 (lowest degree 0, highest row degree 0), late 0, elements 2575, pairs left 1193536, 525.1 ms (rows 486, reduce 38), muladds 0, memory 696 MB (peak 696 MB)
sig step 43: position 1 signature degree 10, 46769 pairs (28298 syzygy, 15723 rewritten), rows 0 gen + 2748 critical + 0 tower + 38930 reducers x 59264 cols, nnz 42557297, zero 72, singular 1140, fresh 3440 (lowest degree 5, highest row degree 9), late 2633, elements 6015, pairs left 4571655, 28226.5 ms (rows 1200, reduce 26087), muladds 8725001188, memory 2229 MB (peak 2229 MB)
sig step 44: position 1 signature degree 10, 2633 pairs (138 syzygy, 911 rewritten), rows 0 gen + 1584 critical + 0 tower + 35733 reducers x 51278 cols, nnz 85597517, zero 0, singular 1584, fresh 0 (lowest degree 0, highest row degree 0), late 0, elements 6015, pairs left 4569022, 3533.8 ms (rows 3220, reduce 311), muladds 0, memory 3399 MB (peak 3399 MB)
sig step 45: position 1 signature degree 11, 228889 pairs (162793 syzygy, 61634 rewritten), rows 0 gen + 4462 critical + 0 tower + 48998 reducers x 65167 cols, nnz 121844063, zero 94, singular 1618, fresh 5286 (lowest degree 5, highest row degree 9), late 4546, elements 11301, pairs left 12702262, 248642.7 ms (rows 6109, reduce 236946), muladds 81882750270, memory 6159 MB (peak 6159 MB)
sig step 46: position 1 signature degree 11, 4546 pairs (211 syzygy, 1558 rewritten), rows 0 gen + 2777 critical + 0 tower + 41259 reducers x 52761 cols, nnz 208506770, zero 0, singular 2777, fresh 0 (lowest degree 0, highest row degree 0), late 0, elements 11301, pairs left 12697716, 14481.2 ms (rows 13856, reduce 618), muladds 0, memory 8345 MB (peak 8562 MB)
sig step 47: position 1 signature degree 12, 851919 pairs (694304 syzygy, 151759 rewritten), rows 0 gen + 5856 critical + 0 tower + 55064 reducers x 66569 cols, nnz 270358816, zero 85, singular 1436, fresh 6640 (lowest degree 5, highest row degree 9), late 4307, elements 17941, pairs left 25420880, 1080129.3 ms (rows 14586, reduce 1061640), muladds 383031273659, memory 12380 MB (peak 12380 MB)
memory allocation of 671088640 bytes failed
stack backtrace:
   0: std::alloc::rust_oom
   1: __rustc::__rust_alloc_error_handler
   2: alloc::alloc::handle_alloc_error
   3: alloc::raw_vec::handle_error
   4: alloc::raw_vec::RawVec<T,A>::grow_one
   5: core::iter::traits::iterator::Iterator::partition
   6: crypto_lib::cryptanalysis::sig_fp_tower::sig_f4_tower_with
   7: pkm_tower_pilot::run_cell
   8: pkm_tower_pilot::main
note: Some details are omitted, run with `RUST_BACKTRACE=full` for a verbose backtrace.
