   1/288 rho-strong     icv1-f2m53-tm56619371-dac20a85 We5a8046aa6dd  verified S=0.056 L0
   2/288 escape-dp4     icv1-f2m53-tm56619371-dac20a85 We5a8046aa6dd  verified S=0.056 L0
   3/288 escape-dp8     icv1-f2m53-tm56619371-dac20a85 We5a8046aa6dd  verified S=0.078 L0
   4/288 escape-dp10    icv1-f2m53-tm56619371-dac20a85 We5a8046aa6dd  verified S=0.047 L0
   5/288 rho-strong     icv1-f2m53-tm56619371-dac20a85 W3c0d2354f56a  verified S=0.289 L0
   6/288 escape-dp4     icv1-f2m53-tm56619371-dac20a85 W3c0d2354f56a  verified S=0.290 L0
   7/288 escape-dp8     icv1-f2m53-tm56619371-dac20a85 W3c0d2354f56a  verified S=0.124 L0
   8/288 escape-dp10    icv1-f2m53-tm56619371-dac20a85 W3c0d2354f56a  verified S=0.097 L0
   9/288 rho-strong     icv1-f2m53-tm56619371-dac20a85 W2436d8000146  verified S=0.050 L0
  10/288 escape-dp4     icv1-f2m53-tm56619371-dac20a85 W2436d8000146  verified S=0.050 L0
  11/288 escape-dp8     icv1-f2m53-tm56619371-dac20a85 W2436d8000146  verified S=0.082 L0
  12/288 escape-dp10    icv1-f2m53-tm56619371-dac20a85 W2436d8000146  verified S=0.018 L0
  13/288 rho-strong     icv1-f2m53-tm56619371-dac20a85 W71ed459f093c  verified S=0.239 L0
  14/288 escape-dp4     icv1-f2m53-tm56619371-dac20a85 W71ed459f093c  verified S=0.240 L0
  15/288 escape-dp8     icv1-f2m53-tm56619371-dac20a85 W71ed459f093c  verified S=0.119 L0
  16/288 escape-dp10    icv1-f2m53-tm56619371-dac20a85 W71ed459f093c  verified S=0.035 L0
  17/288 rho-strong     icv1-f2m53-tm56619371-dac20a85 W719f6fb274fb  verified S=0.141 L0
  18/288 escape-dp4     icv1-f2m53-tm56619371-dac20a85 W719f6fb274fb  verified S=0.142 L0
  19/288 escape-dp8     icv1-f2m53-tm56619371-dac20a85 W719f6fb274fb  verified S=0.213 L0
  20/288 escape-dp10    icv1-f2m53-tm56619371-dac20a85 W719f6fb274fb  verified S=0.219 L0
  21/288 rho-strong     icv1-f2m53-tm56619371-dac20a85 Wd3e264a12fc3  verified S=0.100 L0
  22/288 escape-dp4     icv1-f2m53-tm56619371-dac20a85 Wd3e264a12fc3  verified S=0.101 L0
  23/288 escape-dp8     icv1-f2m53-tm56619371-dac20a85 Wd3e264a12fc3  verified S=0.243 L0
  24/288 escape-dp10    icv1-f2m53-tm56619371-dac20a85 Wd3e264a12fc3  verified S=0.067 L0
  25/288 rho-strong     icv1-f2m53-tm56619371-dac20a85 W127e4a88b0d8  verified S=0.086 L0
  26/288 escape-dp4     icv1-f2m53-tm56619371-dac20a85 W127e4a88b0d8  verified S=0.086 L0
  27/288 escape-dp8     icv1-f2m53-tm56619371-dac20a85 W127e4a88b0d8  verified S=0.031 L0
  28/288 escape-dp10    icv1-f2m53-tm56619371-dac20a85 W127e4a88b0d8  verified S=0.116 L0
  29/288 rho-strong     icv1-f2m53-tm56619371-dac20a85 W33d545f09c52  verified S=0.116 L0
  30/288 escape-dp4     icv1-f2m53-tm56619371-dac20a85 W33d545f09c52  verified S=0.116 L0
  31/288 escape-dp8     icv1-f2m53-tm56619371-dac20a85 W33d545f09c52  verified S=0.138 L0
  32/288 escape-dp10    icv1-f2m53-tm56619371-dac20a85 W33d545f09c52  verified S=0.130 L0
  33/288 rho-strong     icv1-f2m59-tm943548413-98844ecc Wd443e067c1d7  verified S=0.159 L0
  34/288 escape-dp4     icv1-f2m59-tm943548413-98844ecc Wd443e067c1d7  verified S=0.159 L0
  35/288 escape-dp8     icv1-f2m59-tm943548413-98844ecc Wd443e067c1d7  verified S=0.073 L0
  36/288 escape-dp10    icv1-f2m59-tm943548413-98844ecc Wd443e067c1d7  verified S=0.185 L0
  37/288 rho-strong     icv1-f2m59-tm943548413-98844ecc Wc589ff2996ee  verified S=0.121 L0
  38/288 escape-dp4     icv1-f2m59-tm943548413-98844ecc Wc589ff2996ee  verified S=0.122 L0
  39/288 escape-dp8     icv1-f2m59-tm943548413-98844ecc Wc589ff2996ee  verified S=0.090 L0
  40/288 escape-dp10    icv1-f2m59-tm943548413-98844ecc Wc589ff2996ee  verified S=0.135 L0
  41/288 rho-strong     icv1-f2m59-tm943548413-98844ecc W919038267985  verified S=0.053 L0
  42/288 escape-dp4     icv1-f2m59-tm943548413-98844ecc W919038267985  verified S=0.053 L0
  43/288 escape-dp8     icv1-f2m59-tm943548413-98844ecc W919038267985  verified S=0.096 L0
  44/288 escape-dp10    icv1-f2m59-tm943548413-98844ecc W919038267985  verified S=0.132 L0
  45/288 rho-strong     icv1-f2m59-tm943548413-98844ecc W072d93f63a22  verified S=0.038 L0
  46/288 escape-dp4     icv1-f2m59-tm943548413-98844ecc W072d93f63a22  verified S=0.038 L0
  47/288 escape-dp8     icv1-f2m59-tm943548413-98844ecc W072d93f63a22  verified S=0.162 L0
  48/288 escape-dp10    icv1-f2m59-tm943548413-98844ecc W072d93f63a22  verified S=0.063 L0
  49/288 rho-strong     icv1-f2m59-tm943548413-98844ecc W39c6e940e968  verified S=0.226 L0
  50/288 escape-dp4     icv1-f2m59-tm943548413-98844ecc W39c6e940e968  verified S=0.227 L0
  51/288 escape-dp8     icv1-f2m59-tm943548413-98844ecc W39c6e940e968  verified S=0.184 L0
  52/288 escape-dp10    icv1-f2m59-tm943548413-98844ecc W39c6e940e968  verified S=0.081 L0
  53/288 rho-strong     icv1-f2m59-tm943548413-98844ecc W2e566157da25  verified S=0.166 L0
  54/288 escape-dp4     icv1-f2m59-tm943548413-98844ecc W2e566157da25  verified S=0.166 L0
  55/288 escape-dp8     icv1-f2m59-tm943548413-98844ecc W2e566157da25  verified S=0.192 L0
  56/288 escape-dp10    icv1-f2m59-tm943548413-98844ecc W2e566157da25  verified S=0.112 L0
  57/288 rho-strong     icv1-f2m59-tm943548413-98844ecc Wead407d596ec  verified S=0.222 L0
  58/288 escape-dp4     icv1-f2m59-tm943548413-98844ecc Wead407d596ec  verified S=0.223 L0
  59/288 escape-dp8     icv1-f2m59-tm943548413-98844ecc Wead407d596ec  verified S=0.200 L0
  60/288 escape-dp10    icv1-f2m59-tm943548413-98844ecc Wead407d596ec  verified S=0.143 L0
  61/288 rho-strong     icv1-f2m59-tm943548413-98844ecc W5074f083f533  verified S=0.016 L0
  62/288 escape-dp4     icv1-f2m59-tm943548413-98844ecc W5074f083f533  verified S=0.016 L0
  63/288 escape-dp8     icv1-f2m59-tm943548413-98844ecc W5074f083f533  verified S=0.173 L0
  64/288 escape-dp10    icv1-f2m59-tm943548413-98844ecc W5074f083f533  verified S=0.078 L0
  65/288 rho-strong     icv1-f2m61-t158598901-ab42b6c5 Wfd6a608183a7  verified S=0.115 L0
  66/288 escape-dp4     icv1-f2m61-t158598901-ab42b6c5 Wfd6a608183a7  verified S=0.115 L0
  67/288 escape-dp8     icv1-f2m61-t158598901-ab42b6c5 Wfd6a608183a7  verified S=0.112 L0
  68/288 escape-dp10    icv1-f2m61-t158598901-ab42b6c5 Wfd6a608183a7  verified S=0.051 L0
  69/288 rho-strong     icv1-f2m61-t158598901-ab42b6c5 W93a570491ec9  verified S=0.101 L0
  70/288 escape-dp4     icv1-f2m61-t158598901-ab42b6c5 W93a570491ec9  verified S=0.102 L0
  71/288 escape-dp8     icv1-f2m61-t158598901-ab42b6c5 W93a570491ec9  verified S=0.090 L0
  72/288 escape-dp10    icv1-f2m61-t158598901-ab42b6c5 W93a570491ec9  verified S=0.120 L0
  73/288 rho-strong     icv1-f2m61-t158598901-ab42b6c5 Wa0a874e8c131  verified S=0.203 L0
  74/288 escape-dp4     icv1-f2m61-t158598901-ab42b6c5 Wa0a874e8c131  verified S=0.204 L0
  75/288 escape-dp8     icv1-f2m61-t158598901-ab42b6c5 Wa0a874e8c131  verified S=0.274 L0
  76/288 escape-dp10    icv1-f2m61-t158598901-ab42b6c5 Wa0a874e8c131  verified S=0.130 L0
  77/288 rho-strong     icv1-f2m61-t158598901-ab42b6c5 W2417bfa1d7de  verified S=0.032 L0
  78/288 escape-dp4     icv1-f2m61-t158598901-ab42b6c5 W2417bfa1d7de  verified S=0.032 L0
  79/288 escape-dp8     icv1-f2m61-t158598901-ab42b6c5 W2417bfa1d7de  verified S=0.056 L0
  80/288 escape-dp10    icv1-f2m61-t158598901-ab42b6c5 W2417bfa1d7de  verified S=0.168 L0
  81/288 rho-strong     icv1-f2m61-t158598901-ab42b6c5 W6a8a4b2068ff  verified S=0.151 L0
  82/288 escape-dp4     icv1-f2m61-t158598901-ab42b6c5 W6a8a4b2068ff  verified S=0.152 L0
  83/288 escape-dp8     icv1-f2m61-t158598901-ab42b6c5 W6a8a4b2068ff  verified S=0.103 L0
  84/288 escape-dp10    icv1-f2m61-t158598901-ab42b6c5 W6a8a4b2068ff  verified S=0.128 L0
  85/288 rho-strong     icv1-f2m61-t158598901-ab42b6c5 Wd53c32f96ec8  verified S=0.075 L0
  86/288 escape-dp4     icv1-f2m61-t158598901-ab42b6c5 Wd53c32f96ec8  verified S=0.075 L0
  87/288 escape-dp8     icv1-f2m61-t158598901-ab42b6c5 Wd53c32f96ec8  verified S=0.124 L0
  88/288 escape-dp10    icv1-f2m61-t158598901-ab42b6c5 Wd53c32f96ec8  verified S=0.075 L0
  89/288 rho-strong     icv1-f2m61-t158598901-ab42b6c5 Wbe990622eb83  verified S=0.190 L0
  90/288 escape-dp4     icv1-f2m61-t158598901-ab42b6c5 Wbe990622eb83  verified S=0.190 L0
  91/288 escape-dp8     icv1-f2m61-t158598901-ab42b6c5 Wbe990622eb83  verified S=0.178 L0
  92/288 escape-dp10    icv1-f2m61-t158598901-ab42b6c5 Wbe990622eb83  verified S=0.224 L0
  93/288 rho-strong     icv1-f2m61-t158598901-ab42b6c5 W85774eae9b40  verified S=0.159 L0
  94/288 escape-dp4     icv1-f2m61-t158598901-ab42b6c5 W85774eae9b40  verified S=0.160 L0
  95/288 escape-dp8     icv1-f2m61-t158598901-ab42b6c5 W85774eae9b40  verified S=0.131 L0
  96/288 escape-dp10    icv1-f2m61-t158598901-ab42b6c5 W85774eae9b40  verified S=0.103 L0
  97/288 escape-dp10    icv1-f2m53-tm56619371-dac20a85 We5a8046aa6dd  verified S=0.082 L0
  98/288 escape-dp8     icv1-f2m53-tm56619371-dac20a85 We5a8046aa6dd  verified S=0.023 L0
  99/288 escape-dp4     icv1-f2m53-tm56619371-dac20a85 We5a8046aa6dd  verified S=0.054 L0
 100/288 rho-strong     icv1-f2m53-tm56619371-dac20a85 We5a8046aa6dd  verified S=0.054 L0
 101/288 escape-dp10    icv1-f2m53-tm56619371-dac20a85 W3c0d2354f56a  verified S=0.151 L0
 102/288 escape-dp8     icv1-f2m53-tm56619371-dac20a85 W3c0d2354f56a  verified S=0.043 L0
 103/288 escape-dp4     icv1-f2m53-tm56619371-dac20a85 W3c0d2354f56a  verified S=0.014 L0
 104/288 rho-strong     icv1-f2m53-tm56619371-dac20a85 W3c0d2354f56a  verified S=0.111 L0
 105/288 escape-dp10    icv1-f2m53-tm56619371-dac20a85 W2436d8000146  verified S=0.140 L0
 106/288 escape-dp8     icv1-f2m53-tm56619371-dac20a85 W2436d8000146  verified S=0.207 L0
 107/288 escape-dp4     icv1-f2m53-tm56619371-dac20a85 W2436d8000146  verified S=0.164 L0
 108/288 rho-strong     icv1-f2m53-tm56619371-dac20a85 W2436d8000146  verified S=0.163 L0
 109/288 escape-dp10    icv1-f2m53-tm56619371-dac20a85 W71ed459f093c  verified S=0.118 L0
 110/288 escape-dp8     icv1-f2m53-tm56619371-dac20a85 W71ed459f093c  verified S=0.080 L0
 111/288 escape-dp4     icv1-f2m53-tm56619371-dac20a85 W71ed459f093c  verified S=0.031 L0
 112/288 rho-strong     icv1-f2m53-tm56619371-dac20a85 W71ed459f093c  verified S=0.031 L0
 113/288 escape-dp10    icv1-f2m53-tm56619371-dac20a85 W719f6fb274fb  verified S=0.069 L0
 114/288 escape-dp8     icv1-f2m53-tm56619371-dac20a85 W719f6fb274fb  verified S=0.100 L0
 115/288 escape-dp4     icv1-f2m53-tm56619371-dac20a85 W719f6fb274fb  verified S=0.080 L0
 116/288 rho-strong     icv1-f2m53-tm56619371-dac20a85 W719f6fb274fb  verified S=0.079 L0
 117/288 escape-dp10    icv1-f2m53-tm56619371-dac20a85 Wd3e264a12fc3  verified S=0.158 L0
 118/288 escape-dp8     icv1-f2m53-tm56619371-dac20a85 Wd3e264a12fc3  verified S=0.184 L0
 119/288 escape-dp4     icv1-f2m53-tm56619371-dac20a85 Wd3e264a12fc3  verified S=0.080 L0
 120/288 rho-strong     icv1-f2m53-tm56619371-dac20a85 Wd3e264a12fc3  verified S=0.080 L0
 121/288 escape-dp10    icv1-f2m53-tm56619371-dac20a85 W127e4a88b0d8  verified S=0.153 L0
 122/288 escape-dp8     icv1-f2m53-tm56619371-dac20a85 W127e4a88b0d8  verified S=0.091 L0
 123/288 escape-dp4     icv1-f2m53-tm56619371-dac20a85 W127e4a88b0d8  verified S=0.150 L0
 124/288 rho-strong     icv1-f2m53-tm56619371-dac20a85 W127e4a88b0d8  verified S=0.150 L0
 125/288 escape-dp10    icv1-f2m53-tm56619371-dac20a85 W33d545f09c52  verified S=0.162 L0
 126/288 escape-dp8     icv1-f2m53-tm56619371-dac20a85 W33d545f09c52  verified S=0.132 L0
 127/288 escape-dp4     icv1-f2m53-tm56619371-dac20a85 W33d545f09c52  verified S=0.047 L0
 128/288 rho-strong     icv1-f2m53-tm56619371-dac20a85 W33d545f09c52  verified S=0.047 L0
 129/288 escape-dp10    icv1-f2m59-tm943548413-98844ecc Wd443e067c1d7  verified S=0.094 L0
 130/288 escape-dp8     icv1-f2m59-tm943548413-98844ecc Wd443e067c1d7  verified S=0.116 L0
 131/288 escape-dp4     icv1-f2m59-tm943548413-98844ecc Wd443e067c1d7  verified S=0.079 L0
 132/288 rho-strong     icv1-f2m59-tm943548413-98844ecc Wd443e067c1d7  verified S=0.078 L0
 133/288 escape-dp10    icv1-f2m59-tm943548413-98844ecc Wc589ff2996ee  verified S=0.216 L0
 134/288 escape-dp8     icv1-f2m59-tm943548413-98844ecc Wc589ff2996ee  verified S=0.077 L0
 135/288 escape-dp4     icv1-f2m59-tm943548413-98844ecc Wc589ff2996ee  verified S=0.141 L0
 136/288 rho-strong     icv1-f2m59-tm943548413-98844ecc Wc589ff2996ee  verified S=0.140 L0
 137/288 escape-dp10    icv1-f2m59-tm943548413-98844ecc W919038267985  verified S=0.121 L0
 138/288 escape-dp8     icv1-f2m59-tm943548413-98844ecc W919038267985  verified S=0.076 L0
 139/288 escape-dp4     icv1-f2m59-tm943548413-98844ecc W919038267985  verified S=0.033 L0
 140/288 rho-strong     icv1-f2m59-tm943548413-98844ecc W919038267985  verified S=0.033 L0
 141/288 escape-dp10    icv1-f2m59-tm943548413-98844ecc W072d93f63a22  verified S=0.048 L0
 142/288 escape-dp8     icv1-f2m59-tm943548413-98844ecc W072d93f63a22  verified S=0.121 L0
 143/288 escape-dp4     icv1-f2m59-tm943548413-98844ecc W072d93f63a22  verified S=0.156 L0
 144/288 rho-strong     icv1-f2m59-tm943548413-98844ecc W072d93f63a22  verified S=0.155 L0
 145/288 escape-dp10    icv1-f2m59-tm943548413-98844ecc W39c6e940e968  verified S=0.072 L0
 146/288 escape-dp8     icv1-f2m59-tm943548413-98844ecc W39c6e940e968  verified S=0.093 L0
 147/288 escape-dp4     icv1-f2m59-tm943548413-98844ecc W39c6e940e968  verified S=0.060 L0
 148/288 rho-strong     icv1-f2m59-tm943548413-98844ecc W39c6e940e968  verified S=0.060 L0
 149/288 escape-dp10    icv1-f2m59-tm943548413-98844ecc W2e566157da25  verified S=0.046 L0
 150/288 escape-dp8     icv1-f2m59-tm943548413-98844ecc W2e566157da25  verified S=0.071 L0
 151/288 escape-dp4     icv1-f2m59-tm943548413-98844ecc W2e566157da25  verified S=0.085 L0
 152/288 rho-strong     icv1-f2m59-tm943548413-98844ecc W2e566157da25  verified S=0.085 L0
 153/288 escape-dp10    icv1-f2m59-tm943548413-98844ecc Wead407d596ec  verified S=0.195 L0
 154/288 escape-dp8     icv1-f2m59-tm943548413-98844ecc Wead407d596ec  verified S=0.146 L0
 155/288 escape-dp4     icv1-f2m59-tm943548413-98844ecc Wead407d596ec  verified S=0.085 L0
 156/288 rho-strong     icv1-f2m59-tm943548413-98844ecc Wead407d596ec  verified S=0.085 L0
 157/288 escape-dp10    icv1-f2m59-tm943548413-98844ecc W5074f083f533  verified S=0.036 L0
 158/288 escape-dp8     icv1-f2m59-tm943548413-98844ecc W5074f083f533  verified S=0.012 L0
 159/288 escape-dp4     icv1-f2m59-tm943548413-98844ecc W5074f083f533  verified S=0.060 L0
 160/288 rho-strong     icv1-f2m59-tm943548413-98844ecc W5074f083f533  verified S=0.059 L0
 161/288 escape-dp10    icv1-f2m61-t158598901-ab42b6c5 Wfd6a608183a7  verified S=0.075 L0
 162/288 escape-dp8     icv1-f2m61-t158598901-ab42b6c5 Wfd6a608183a7  verified S=0.180 L0
 163/288 escape-dp4     icv1-f2m61-t158598901-ab42b6c5 Wfd6a608183a7  verified S=0.119 L0
 164/288 rho-strong     icv1-f2m61-t158598901-ab42b6c5 Wfd6a608183a7  verified S=0.118 L0
 165/288 escape-dp10    icv1-f2m61-t158598901-ab42b6c5 W93a570491ec9  verified S=0.128 L0
 166/288 escape-dp8     icv1-f2m61-t158598901-ab42b6c5 W93a570491ec9  verified S=0.073 L0
 167/288 escape-dp4     icv1-f2m61-t158598901-ab42b6c5 W93a570491ec9  verified S=0.188 L0
 168/288 rho-strong     icv1-f2m61-t158598901-ab42b6c5 W93a570491ec9  verified S=0.188 L0
 169/288 escape-dp10    icv1-f2m61-t158598901-ab42b6c5 Wa0a874e8c131  verified S=0.070 L0
 170/288 escape-dp8     icv1-f2m61-t158598901-ab42b6c5 Wa0a874e8c131  verified S=0.115 L0
 171/288 escape-dp4     icv1-f2m61-t158598901-ab42b6c5 Wa0a874e8c131  verified S=0.164 L0
 172/288 rho-strong     icv1-f2m61-t158598901-ab42b6c5 Wa0a874e8c131  verified S=0.163 L0
 173/288 escape-dp10    icv1-f2m61-t158598901-ab42b6c5 W2417bfa1d7de  verified S=0.087 L0
 174/288 escape-dp8     icv1-f2m61-t158598901-ab42b6c5 W2417bfa1d7de  verified S=0.041 L0
 175/288 escape-dp4     icv1-f2m61-t158598901-ab42b6c5 W2417bfa1d7de  verified S=0.201 L0
 176/288 rho-strong     icv1-f2m61-t158598901-ab42b6c5 W2417bfa1d7de  verified S=0.200 L0
 177/288 escape-dp10    icv1-f2m61-t158598901-ab42b6c5 W6a8a4b2068ff  verified S=0.117 L0
 178/288 escape-dp8     icv1-f2m61-t158598901-ab42b6c5 W6a8a4b2068ff  verified S=0.131 L0
 179/288 escape-dp4     icv1-f2m61-t158598901-ab42b6c5 W6a8a4b2068ff  verified S=0.163 L0
 180/288 rho-strong     icv1-f2m61-t158598901-ab42b6c5 W6a8a4b2068ff  verified S=0.162 L0
 181/288 escape-dp10    icv1-f2m61-t158598901-ab42b6c5 Wd53c32f96ec8  verified S=0.262 L0
 182/288 escape-dp8     icv1-f2m61-t158598901-ab42b6c5 Wd53c32f96ec8  verified S=0.134 L0
 183/288 escape-dp4     icv1-f2m61-t158598901-ab42b6c5 Wd53c32f96ec8  verified S=0.142 L0
 184/288 rho-strong     icv1-f2m61-t158598901-ab42b6c5 Wd53c32f96ec8  verified S=0.141 L0
 185/288 escape-dp10    icv1-f2m61-t158598901-ab42b6c5 Wbe990622eb83  verified S=0.092 L0
 186/288 escape-dp8     icv1-f2m61-t158598901-ab42b6c5 Wbe990622eb83  verified S=0.027 L0
 187/288 escape-dp4     icv1-f2m61-t158598901-ab42b6c5 Wbe990622eb83  verified S=0.018 L0
 188/288 rho-strong     icv1-f2m61-t158598901-ab42b6c5 Wbe990622eb83  verified S=0.018 L0
 189/288 escape-dp10    icv1-f2m61-t158598901-ab42b6c5 W85774eae9b40  verified S=0.167 L0
 190/288 escape-dp8     icv1-f2m61-t158598901-ab42b6c5 W85774eae9b40  verified S=0.075 L0
 191/288 escape-dp4     icv1-f2m61-t158598901-ab42b6c5 W85774eae9b40  verified S=0.072 L0
 192/288 rho-strong     icv1-f2m61-t158598901-ab42b6c5 W85774eae9b40  verified S=0.072 L0
 193/288 rho-strong     icv1-f2m53-tm56619371-dac20a85 We5a8046aa6dd  verified S=0.136 L0
 194/288 escape-dp4     icv1-f2m53-tm56619371-dac20a85 We5a8046aa6dd  verified S=0.137 L0
 195/288 escape-dp8     icv1-f2m53-tm56619371-dac20a85 We5a8046aa6dd  verified S=0.091 L0
 196/288 escape-dp10    icv1-f2m53-tm56619371-dac20a85 We5a8046aa6dd  verified S=0.198 L0
 197/288 rho-strong     icv1-f2m53-tm56619371-dac20a85 W3c0d2354f56a  verified S=0.081 L0
 198/288 escape-dp4     icv1-f2m53-tm56619371-dac20a85 W3c0d2354f56a  verified S=0.081 L0
 199/288 escape-dp8     icv1-f2m53-tm56619371-dac20a85 W3c0d2354f56a  verified S=0.150 L0
 200/288 escape-dp10    icv1-f2m53-tm56619371-dac20a85 W3c0d2354f56a  verified S=0.084 L0
 201/288 rho-strong     icv1-f2m53-tm56619371-dac20a85 W2436d8000146  verified S=0.048 L0
 202/288 escape-dp4     icv1-f2m53-tm56619371-dac20a85 W2436d8000146  verified S=0.048 L0
 203/288 escape-dp8     icv1-f2m53-tm56619371-dac20a85 W2436d8000146  verified S=0.138 L0
 204/288 escape-dp10    icv1-f2m53-tm56619371-dac20a85 W2436d8000146  verified S=0.114 L0
 205/288 rho-strong     icv1-f2m53-tm56619371-dac20a85 W71ed459f093c  verified S=0.137 L0
 206/288 escape-dp4     icv1-f2m53-tm56619371-dac20a85 W71ed459f093c  verified S=0.138 L0
 207/288 escape-dp8     icv1-f2m53-tm56619371-dac20a85 W71ed459f093c  verified S=0.108 L0
 208/288 escape-dp10    icv1-f2m53-tm56619371-dac20a85 W71ed459f093c  verified S=0.141 L0
 209/288 rho-strong     icv1-f2m53-tm56619371-dac20a85 W719f6fb274fb  verified S=0.038 L0
 210/288 escape-dp4     icv1-f2m53-tm56619371-dac20a85 W719f6fb274fb  verified S=0.038 L0
 211/288 escape-dp8     icv1-f2m53-tm56619371-dac20a85 W719f6fb274fb  verified S=0.022 L0
 212/288 escape-dp10    icv1-f2m53-tm56619371-dac20a85 W719f6fb274fb  verified S=0.088 L0
 213/288 rho-strong     icv1-f2m53-tm56619371-dac20a85 Wd3e264a12fc3  verified S=0.112 L0
 214/288 escape-dp4     icv1-f2m53-tm56619371-dac20a85 Wd3e264a12fc3  verified S=0.113 L0
 215/288 escape-dp8     icv1-f2m53-tm56619371-dac20a85 Wd3e264a12fc3  verified S=0.105 L0
 216/288 escape-dp10    icv1-f2m53-tm56619371-dac20a85 Wd3e264a12fc3  verified S=0.241 L0
 217/288 rho-strong     icv1-f2m53-tm56619371-dac20a85 W127e4a88b0d8  verified S=0.162 L0
 218/288 escape-dp4     icv1-f2m53-tm56619371-dac20a85 W127e4a88b0d8  verified S=0.163 L0
 219/288 escape-dp8     icv1-f2m53-tm56619371-dac20a85 W127e4a88b0d8  verified S=0.301 L0
 220/288 escape-dp10    icv1-f2m53-tm56619371-dac20a85 W127e4a88b0d8  verified S=0.052 L0
 221/288 rho-strong     icv1-f2m53-tm56619371-dac20a85 W33d545f09c52  verified S=0.130 L0
 222/288 escape-dp4     icv1-f2m53-tm56619371-dac20a85 W33d545f09c52  verified S=0.131 L0
 223/288 escape-dp8     icv1-f2m53-tm56619371-dac20a85 W33d545f09c52  verified S=0.194 L0
 224/288 escape-dp10    icv1-f2m53-tm56619371-dac20a85 W33d545f09c52  verified S=0.173 L0
 225/288 rho-strong     icv1-f2m59-tm943548413-98844ecc Wd443e067c1d7  verified S=0.097 L0
 226/288 escape-dp4     icv1-f2m59-tm943548413-98844ecc Wd443e067c1d7  verified S=0.098 L0
 227/288 escape-dp8     icv1-f2m59-tm943548413-98844ecc Wd443e067c1d7  verified S=0.181 L0
 228/288 escape-dp10    icv1-f2m59-tm943548413-98844ecc Wd443e067c1d7  verified S=0.106 L0
 229/288 rho-strong     icv1-f2m59-tm943548413-98844ecc Wc589ff2996ee  verified S=0.224 L0
 230/288 escape-dp4     icv1-f2m59-tm943548413-98844ecc Wc589ff2996ee  verified S=0.225 L0
 231/288 escape-dp8     icv1-f2m59-tm943548413-98844ecc Wc589ff2996ee  verified S=0.193 L0
 232/288 escape-dp10    icv1-f2m59-tm943548413-98844ecc Wc589ff2996ee  verified S=0.067 L0
 233/288 rho-strong     icv1-f2m59-tm943548413-98844ecc W919038267985  verified S=0.113 L0
 234/288 escape-dp4     icv1-f2m59-tm943548413-98844ecc W919038267985  verified S=0.114 L0
 235/288 escape-dp8     icv1-f2m59-tm943548413-98844ecc W919038267985  verified S=0.050 L0
 236/288 escape-dp10    icv1-f2m59-tm943548413-98844ecc W919038267985  verified S=0.181 L0
 237/288 rho-strong     icv1-f2m59-tm943548413-98844ecc W072d93f63a22  verified S=0.052 L0
 238/288 escape-dp4     icv1-f2m59-tm943548413-98844ecc W072d93f63a22  verified S=0.052 L0
 239/288 escape-dp8     icv1-f2m59-tm943548413-98844ecc W072d93f63a22  verified S=0.222 L0
 240/288 escape-dp10    icv1-f2m59-tm943548413-98844ecc W072d93f63a22  verified S=0.122 L0
 241/288 rho-strong     icv1-f2m59-tm943548413-98844ecc W39c6e940e968  verified S=0.100 L0
 242/288 escape-dp4     icv1-f2m59-tm943548413-98844ecc W39c6e940e968  verified S=0.101 L0
 243/288 escape-dp8     icv1-f2m59-tm943548413-98844ecc W39c6e940e968  verified S=0.144 L0
 244/288 escape-dp10    icv1-f2m59-tm943548413-98844ecc W39c6e940e968  verified S=0.047 L0
 245/288 rho-strong     icv1-f2m59-tm943548413-98844ecc W2e566157da25  verified S=0.097 L0
 246/288 escape-dp4     icv1-f2m59-tm943548413-98844ecc W2e566157da25  verified S=0.098 L0
 247/288 escape-dp8     icv1-f2m59-tm943548413-98844ecc W2e566157da25  verified S=0.140 L0
 248/288 escape-dp10    icv1-f2m59-tm943548413-98844ecc W2e566157da25  verified S=0.158 L0
 249/288 rho-strong     icv1-f2m59-tm943548413-98844ecc Wead407d596ec  verified S=0.079 L0
 250/288 escape-dp4     icv1-f2m59-tm943548413-98844ecc Wead407d596ec  verified S=0.080 L0
 251/288 escape-dp8     icv1-f2m59-tm943548413-98844ecc Wead407d596ec  verified S=0.137 L0
 252/288 escape-dp10    icv1-f2m59-tm943548413-98844ecc Wead407d596ec  verified S=0.104 L0
 253/288 rho-strong     icv1-f2m59-tm943548413-98844ecc W5074f083f533  verified S=0.073 L0
 254/288 escape-dp4     icv1-f2m59-tm943548413-98844ecc W5074f083f533  verified S=0.074 L0
 255/288 escape-dp8     icv1-f2m59-tm943548413-98844ecc W5074f083f533  verified S=0.040 L0
 256/288 escape-dp10    icv1-f2m59-tm943548413-98844ecc W5074f083f533  verified S=0.154 L0
 257/288 rho-strong     icv1-f2m61-t158598901-ab42b6c5 Wfd6a608183a7  verified S=0.143 L0
 258/288 escape-dp4     icv1-f2m61-t158598901-ab42b6c5 Wfd6a608183a7  verified S=0.144 L0
 259/288 escape-dp8     icv1-f2m61-t158598901-ab42b6c5 Wfd6a608183a7  verified S=0.122 L0
 260/288 escape-dp10    icv1-f2m61-t158598901-ab42b6c5 Wfd6a608183a7  verified S=0.245 L0
 261/288 rho-strong     icv1-f2m61-t158598901-ab42b6c5 W93a570491ec9  verified S=0.133 L0
 262/288 escape-dp4     icv1-f2m61-t158598901-ab42b6c5 W93a570491ec9  verified S=0.134 L0
 263/288 escape-dp8     icv1-f2m61-t158598901-ab42b6c5 W93a570491ec9  verified S=0.170 L0
 264/288 escape-dp10    icv1-f2m61-t158598901-ab42b6c5 W93a570491ec9  verified S=0.150 L0
 265/288 rho-strong     icv1-f2m61-t158598901-ab42b6c5 Wa0a874e8c131  verified S=0.190 L0
 266/288 escape-dp4     icv1-f2m61-t158598901-ab42b6c5 Wa0a874e8c131  verified S=0.191 L0
 267/288 escape-dp8     icv1-f2m61-t158598901-ab42b6c5 Wa0a874e8c131  verified S=0.206 L0
 268/288 escape-dp10    icv1-f2m61-t158598901-ab42b6c5 Wa0a874e8c131  verified S=0.109 L0
 269/288 rho-strong     icv1-f2m61-t158598901-ab42b6c5 W2417bfa1d7de  verified S=0.202 L0
 270/288 escape-dp4     icv1-f2m61-t158598901-ab42b6c5 W2417bfa1d7de  verified S=0.203 L0
 271/288 escape-dp8     icv1-f2m61-t158598901-ab42b6c5 W2417bfa1d7de  verified S=0.182 L0
 272/288 escape-dp10    icv1-f2m61-t158598901-ab42b6c5 W2417bfa1d7de  verified S=0.053 L0
 273/288 rho-strong     icv1-f2m61-t158598901-ab42b6c5 W6a8a4b2068ff  verified S=0.065 L0
 274/288 escape-dp4     icv1-f2m61-t158598901-ab42b6c5 W6a8a4b2068ff  verified S=0.065 L0
 275/288 escape-dp8     icv1-f2m61-t158598901-ab42b6c5 W6a8a4b2068ff  verified S=0.034 L0
 276/288 escape-dp10    icv1-f2m61-t158598901-ab42b6c5 W6a8a4b2068ff  verified S=0.060 L0
 277/288 rho-strong     icv1-f2m61-t158598901-ab42b6c5 Wd53c32f96ec8  verified S=0.068 L0
 278/288 escape-dp4     icv1-f2m61-t158598901-ab42b6c5 Wd53c32f96ec8  verified S=0.068 L0
 279/288 escape-dp8     icv1-f2m61-t158598901-ab42b6c5 Wd53c32f96ec8  verified S=0.199 L0
 280/288 escape-dp10    icv1-f2m61-t158598901-ab42b6c5 Wd53c32f96ec8  verified S=0.093 L0
 281/288 rho-strong     icv1-f2m61-t158598901-ab42b6c5 Wbe990622eb83  verified S=0.069 L0
 282/288 escape-dp4     icv1-f2m61-t158598901-ab42b6c5 Wbe990622eb83  verified S=0.070 L0
 283/288 escape-dp8     icv1-f2m61-t158598901-ab42b6c5 Wbe990622eb83  verified S=0.116 L0
 284/288 escape-dp10    icv1-f2m61-t158598901-ab42b6c5 Wbe990622eb83  verified S=0.073 L0
 285/288 rho-strong     icv1-f2m61-t158598901-ab42b6c5 W85774eae9b40  verified S=0.088 L0
 286/288 escape-dp4     icv1-f2m61-t158598901-ab42b6c5 W85774eae9b40  verified S=0.088 L0
 287/288 escape-dp8     icv1-f2m61-t158598901-ab42b6c5 W85774eae9b40  verified S=0.153 L0
 288/288 escape-dp10    icv1-f2m61-t158598901-ab42b6c5 W85774eae9b40  verified S=0.038 L0
session ECBS1ha38a29e8e509 complete -> research/ecbench_m83_rho_20261005/sessions/calibration (288 records: {"verified": 288})
