probed a=0 K=64 policy="public_x_sequential" relations=0 lookups=339968
probed a=0 K=256 policy="public_x_sequential" relations=0 lookups=1359872
probed a=0 K=600 policy="public_x_sequential" relations=0 lookups=3187200
probed a=0 K=64 policy="public_x_sequential" relations=0 lookups=339968
probed a=0 K=256 policy="public_x_sequential" relations=0 lookups=1359872
probed a=0 K=600 policy="public_x_sequential" relations=0 lookups=3187200
probed a=0 K=64 policy="public_x_sequential" relations=0 lookups=339968
probed a=0 K=256 policy="public_x_sequential" relations=0 lookups=1359872
probed a=0 K=600 policy="public_x_sequential" relations=0 lookups=3187200
probed a=0 K=64 policy="public_x_hash" relations=0 lookups=339968
probed a=0 K=256 policy="public_x_hash" relations=0 lookups=1359872
probed a=0 K=600 policy="public_x_hash" relations=0 lookups=3187200
probed a=0 K=64 policy="public_x_hash" relations=0 lookups=339968
probed a=0 K=256 policy="public_x_hash" relations=0 lookups=1359872
probed a=0 K=600 policy="public_x_hash" relations=0 lookups=3187200
probed a=0 K=64 policy="public_x_hash" relations=0 lookups=339968
probed a=0 K=256 policy="public_x_hash" relations=0 lookups=1359872
probed a=0 K=600 policy="public_x_hash" relations=0 lookups=3187200
probed a=0 K=64 policy="public_x_gray_prefix" relations=0 lookups=339968
probed a=0 K=256 policy="public_x_gray_prefix" relations=0 lookups=1359872
probed a=0 K=600 policy="public_x_gray_prefix" relations=0 lookups=3187200
probed a=0 K=64 policy="public_x_gray_prefix" relations=0 lookups=339968
probed a=0 K=256 policy="public_x_gray_prefix" relations=0 lookups=1359872
probed a=0 K=600 policy="public_x_gray_prefix" relations=0 lookups=3187200
probed a=0 K=64 policy="public_x_gray_prefix" relations=0 lookups=339968
probed a=0 K=256 policy="public_x_gray_prefix" relations=0 lookups=1359872
probed a=0 K=600 policy="public_x_gray_prefix" relations=0 lookups=3187200
probed a=1 K=64 policy="public_x_sequential" relations=0 lookups=339968
probed a=1 K=256 policy="public_x_sequential" relations=0 lookups=1359872
probed a=1 K=600 policy="public_x_sequential" relations=0 lookups=3187200
probed a=1 K=64 policy="public_x_sequential" relations=0 lookups=339968
probed a=1 K=256 policy="public_x_sequential" relations=0 lookups=1359872
probed a=1 K=600 policy="public_x_sequential" relations=0 lookups=3187200
probed a=1 K=64 policy="public_x_sequential" relations=0 lookups=339968
probed a=1 K=256 policy="public_x_sequential" relations=0 lookups=1359872
probed a=1 K=600 policy="public_x_sequential" relations=0 lookups=3187200
probed a=1 K=64 policy="public_x_hash" relations=0 lookups=339968
probed a=1 K=256 policy="public_x_hash" relations=0 lookups=1359872
probed a=1 K=600 policy="public_x_hash" relations=0 lookups=3187200
probed a=1 K=64 policy="public_x_hash" relations=0 lookups=339968
probed a=1 K=256 policy="public_x_hash" relations=0 lookups=1359872
probed a=1 K=600 policy="public_x_hash" relations=0 lookups=3187200
probed a=1 K=64 policy="public_x_hash" relations=0 lookups=339968
probed a=1 K=256 policy="public_x_hash" relations=0 lookups=1359872
probed a=1 K=600 policy="public_x_hash" relations=0 lookups=3187200
probed a=1 K=64 policy="public_x_gray_prefix" relations=0 lookups=339968
probed a=1 K=256 policy="public_x_gray_prefix" relations=0 lookups=1359872
probed a=1 K=600 policy="public_x_gray_prefix" relations=0 lookups=3187200
probed a=1 K=64 policy="public_x_gray_prefix" relations=0 lookups=339968
probed a=1 K=256 policy="public_x_gray_prefix" relations=0 lookups=1359872
probed a=1 K=600 policy="public_x_gray_prefix" relations=0 lookups=3187200
probed a=1 K=64 policy="public_x_gray_prefix" relations=0 lookups=339968
probed a=1 K=256 policy="public_x_gray_prefix" relations=0 lookups=1359872
probed a=1 K=600 policy="public_x_gray_prefix" relations=0 lookups=3187200
real 225.24
user 161.39
sys 3.35
