[  1%] Building CXX object _deps/cadical-build/CMakeFiles/cadical.dir/src/analyze.cpp.o
[  2%] Building CXX object _deps/cadical-build/CMakeFiles/cadical.dir/contrib/craigtracer.cpp.o
[  2%] Building CXX object _deps/cadical-build/CMakeFiles/cadical.dir/src/arena.cpp.o
[  3%] Building CXX object _deps/cadical-build/CMakeFiles/cadical.dir/src/assume.cpp.o
[  3%] Building CXX object _deps/cadical-build/CMakeFiles/cadical.dir/src/averages.cpp.o
[  4%] Building CXX object _deps/cadical-build/CMakeFiles/cadical.dir/src/backbone.cpp.o
[  5%] Building CXX object _deps/cadical-build/CMakeFiles/cadical.dir/src/backtrack.cpp.o
[  6%] Building CXX object _deps/cadical-build/CMakeFiles/cadical.dir/src/backward.cpp.o
[  6%] Building CXX object _deps/cadical-build/CMakeFiles/cadical.dir/src/bins.cpp.o
[  7%] Building CXX object _deps/cadical-build/CMakeFiles/cadical.dir/src/block.cpp.o
[  7%] Building CXX object _deps/cadical-build/CMakeFiles/cadical.dir/src/ccadical.cpp.o
[  8%] Building CXX object _deps/cadical-build/CMakeFiles/cadical.dir/src/checker.cpp.o
[  8%] Building CXX object _deps/cadical-build/CMakeFiles/cadical.dir/src/clause.cpp.o
[  9%] Building CXX object _deps/cadical-build/CMakeFiles/cadical.dir/src/collect.cpp.o
[ 10%] Building CXX object _deps/cadical-build/CMakeFiles/cadical.dir/src/compact.cpp.o
[ 10%] Building CXX object _deps/cadical-build/CMakeFiles/cadical.dir/src/condition.cpp.o
[ 11%] Building CXX object _deps/cadical-build/CMakeFiles/cadical.dir/src/config.cpp.o
[ 12%] Building CXX object _deps/cadical-build/CMakeFiles/cadical.dir/src/congruence.cpp.o
[ 12%] Building CXX object _deps/cadical-build/CMakeFiles/cadical.dir/src/constrain.cpp.o
[ 13%] Building CXX object _deps/cadical-build/CMakeFiles/cadical.dir/src/contract.cpp.o
[ 13%] Building CXX object _deps/cadical-build/CMakeFiles/cadical.dir/src/cover.cpp.o
[ 14%] Building CXX object _deps/cadical-build/CMakeFiles/cadical.dir/src/decide.cpp.o
[ 15%] Building CXX object _deps/cadical-build/CMakeFiles/cadical.dir/src/decompose.cpp.o
[ 15%] Building CXX object _deps/cadical-build/CMakeFiles/cadical.dir/src/deduplicate.cpp.o
[ 16%] Building CXX object _deps/cadical-build/CMakeFiles/cadical.dir/src/definition.cpp.o
[ 17%] Building CXX object _deps/cadical-build/CMakeFiles/cadical.dir/src/drattracer.cpp.o
[ 17%] Building CXX object _deps/cadical-build/CMakeFiles/cadical.dir/src/elim.cpp.o
[ 18%] Building CXX object _deps/cadical-build/CMakeFiles/cadical.dir/src/elimfast.cpp.o
[ 20%] Building CXX object _deps/cadical-build/CMakeFiles/cadical.dir/src/ema.cpp.o
[ 20%] Building CXX object _deps/cadical-build/CMakeFiles/cadical.dir/src/extend.cpp.o
[ 21%] Building CXX object _deps/cadical-build/CMakeFiles/cadical.dir/src/external.cpp.o
[ 21%] Building CXX object _deps/cadical-build/CMakeFiles/cadical.dir/src/external_propagate.cpp.o
[ 22%] Building CXX object _deps/cadical-build/CMakeFiles/cadical.dir/src/factor.cpp.o
[ 23%] Building CXX object _deps/cadical-build/CMakeFiles/cadical.dir/src/file.cpp.o
[ 23%] Building CXX object _deps/cadical-build/CMakeFiles/cadical.dir/src/flags.cpp.o
[ 24%] Building CXX object _deps/cadical-build/CMakeFiles/cadical.dir/src/flip.cpp.o
[ 25%] Building CXX object _deps/cadical-build/CMakeFiles/cadical.dir/src/format.cpp.o
[ 25%] Building CXX object _deps/cadical-build/CMakeFiles/cadical.dir/src/frattracer.cpp.o
[ 26%] Building CXX object _deps/cadical-build/CMakeFiles/cadical.dir/src/gates.cpp.o
[ 26%] Building CXX object _deps/cadical-build/CMakeFiles/cadical.dir/src/idruptracer.cpp.o
[ 27%] Building CXX object _deps/cadical-build/CMakeFiles/cadical.dir/src/instantiate.cpp.o
[ 28%] Building CXX object _deps/cadical-build/CMakeFiles/cadical.dir/src/internal.cpp.o
[ 28%] Building CXX object _deps/cadical-build/CMakeFiles/cadical.dir/src/ipasir.cpp.o
[ 29%] Building C object _deps/cadical-build/CMakeFiles/cadical.dir/src/kitten.c.o
[ 30%] Building CXX object _deps/cadical-build/CMakeFiles/cadical.dir/src/lidruptracer.cpp.o
[ 30%] Building CXX object _deps/cadical-build/CMakeFiles/cadical.dir/src/limit.cpp.o
[ 31%] Building CXX object _deps/cadical-build/CMakeFiles/cadical.dir/src/logging.cpp.o
[ 31%] Building CXX object _deps/cadical-build/CMakeFiles/cadical.dir/src/lookahead.cpp.o
[ 32%] Building CXX object _deps/cadical-build/CMakeFiles/cadical.dir/src/lratchecker.cpp.o
[ 33%] Building CXX object _deps/cadical-build/CMakeFiles/cadical.dir/src/lrattracer.cpp.o
[ 33%] Building CXX object _deps/cadical-build/CMakeFiles/cadical.dir/src/lucky.cpp.o
[ 34%] Building CXX object _deps/cadical-build/CMakeFiles/cadical.dir/src/message.cpp.o
[ 35%] Building CXX object _deps/cadical-build/CMakeFiles/cadical.dir/src/minimize.cpp.o
[ 35%] Building CXX object _deps/cadical-build/CMakeFiles/cadical.dir/src/occs.cpp.o
[ 36%] Building CXX object _deps/cadical-build/CMakeFiles/cadical.dir/src/options.cpp.o
[ 36%] Building CXX object _deps/cadical-build/CMakeFiles/cadical.dir/src/parse.cpp.o
[ 37%] Building CXX object _deps/cadical-build/CMakeFiles/cadical.dir/src/phases.cpp.o
[ 38%] Building CXX object _deps/cadical-build/CMakeFiles/cadical.dir/src/probe.cpp.o
[ 38%] Building CXX object _deps/cadical-build/CMakeFiles/cadical.dir/src/profile.cpp.o
[ 40%] Building CXX object _deps/cadical-build/CMakeFiles/cadical.dir/src/proof.cpp.o
[ 41%] Building CXX object _deps/cadical-build/CMakeFiles/cadical.dir/src/propagate.cpp.o
[ 41%] Building CXX object _deps/cadical-build/CMakeFiles/cadical.dir/src/queue.cpp.o
[ 42%] Building CXX object _deps/cadical-build/CMakeFiles/cadical.dir/src/random.cpp.o
[ 43%] Building CXX object _deps/cadical-build/CMakeFiles/cadical.dir/src/reap.cpp.o
[ 43%] Building CXX object _deps/cadical-build/CMakeFiles/cadical.dir/src/reduce.cpp.o
[ 44%] Building CXX object _deps/cadical-build/CMakeFiles/cadical.dir/src/rephase.cpp.o
[ 44%] Building CXX object _deps/cadical-build/CMakeFiles/cadical.dir/src/report.cpp.o
[ 45%] Building CXX object _deps/cadical-build/CMakeFiles/cadical.dir/src/resources.cpp.o
[ 46%] Building CXX object _deps/cadical-build/CMakeFiles/cadical.dir/src/restart.cpp.o
[ 46%] Building CXX object _deps/cadical-build/CMakeFiles/cadical.dir/src/restore.cpp.o
[ 47%] Building CXX object _deps/cadical-build/CMakeFiles/cadical.dir/src/score.cpp.o
[ 48%] Building CXX object _deps/cadical-build/CMakeFiles/cadical.dir/src/shrink.cpp.o
[ 48%] Building CXX object _deps/cadical-build/CMakeFiles/cadical.dir/src/signal.cpp.o
[ 49%] Building CXX object _deps/cadical-build/CMakeFiles/cadical.dir/src/solution.cpp.o
[ 49%] Building CXX object _deps/cadical-build/CMakeFiles/cadical.dir/src/solver.cpp.o
[ 50%] Building CXX object _deps/cadical-build/CMakeFiles/cadical.dir/src/stable.cpp.o
[ 51%] Building CXX object _deps/cadical-build/CMakeFiles/cadical.dir/src/stats.cpp.o
[ 51%] Building CXX object _deps/cadical-build/CMakeFiles/cadical.dir/src/subsume.cpp.o
[ 52%] Building CXX object _deps/cadical-build/CMakeFiles/cadical.dir/src/sweep.cpp.o
[ 53%] Building CXX object _deps/cadical-build/CMakeFiles/cadical.dir/src/terminal.cpp.o
[ 53%] Building CXX object _deps/cadical-build/CMakeFiles/cadical.dir/src/ternary.cpp.o
[ 54%] Building CXX object _deps/cadical-build/CMakeFiles/cadical.dir/src/tier.cpp.o
[ 54%] Building CXX object _deps/cadical-build/CMakeFiles/cadical.dir/src/transred.cpp.o
[ 55%] Building CXX object _deps/cadical-build/CMakeFiles/cadical.dir/src/unstable.cpp.o
[ 56%] Building CXX object _deps/cadical-build/CMakeFiles/cadical.dir/src/util.cpp.o
[ 56%] Building CXX object _deps/cadical-build/CMakeFiles/cadical.dir/src/var.cpp.o
[ 57%] Building CXX object _deps/cadical-build/CMakeFiles/cadical.dir/src/veripbtracer.cpp.o
[ 58%] Building CXX object _deps/cadical-build/CMakeFiles/cadical.dir/src/version.cpp.o
[ 58%] Building CXX object _deps/cadical-build/CMakeFiles/cadical.dir/src/vivify.cpp.o
[ 60%] Building CXX object _deps/cadical-build/CMakeFiles/cadical.dir/src/walk.cpp.o
[ 61%] Building CXX object _deps/cadical-build/CMakeFiles/cadical.dir/src/walk_full_occs.cpp.o
[ 61%] Building CXX object _deps/cadical-build/CMakeFiles/cadical.dir/src/warmup.cpp.o
[ 62%] Building CXX object _deps/cadical-build/CMakeFiles/cadical.dir/src/watch.cpp.o
[ 62%] Building CXX object _deps/cadical-build/CMakeFiles/cadical.dir/cadical_gitsha1.cpp.o
[ 63%] Linking CXX static library libcadical.a
[ 63%] Built target cadical
[ 63%] Building CXX object _deps/cadiback-build/CMakeFiles/cadiback.dir/cadiback.cpp.o
[ 64%] Linking CXX static library libcadiback.a
[ 64%] Built target cadiback
[ 64%] Building CXX object cmsat5-src/CMakeFiles/cryptominisat5.dir/probe.cpp.o
[ 65%] Building CXX object cmsat5-src/CMakeFiles/cryptominisat5.dir/cnf.cpp.o
[ 66%] Building CXX object cmsat5-src/CMakeFiles/cryptominisat5.dir/oracle_use.cpp.o
[ 67%] Building CXX object cmsat5-src/CMakeFiles/cryptominisat5.dir/backbone.cpp.o
[ 67%] Building CXX object cmsat5-src/CMakeFiles/cryptominisat5.dir/propengine.cpp.o
[ 68%] Building CXX object cmsat5-src/CMakeFiles/cryptominisat5.dir/varreplacer.cpp.o
[ 68%] Building CXX object cmsat5-src/CMakeFiles/cryptominisat5.dir/clausecleaner.cpp.o
[ 69%] Building CXX object cmsat5-src/CMakeFiles/cryptominisat5.dir/occsimplifier.cpp.o
[ 70%] Building CXX object cmsat5-src/CMakeFiles/cryptominisat5.dir/gatefinder.cpp.o
[ 70%] Building CXX object cmsat5-src/CMakeFiles/cryptominisat5.dir/subsumestrengthen.cpp.o
[ 71%] Building CXX object cmsat5-src/CMakeFiles/cryptominisat5.dir/clauseallocator.cpp.o
[ 72%] Building CXX object cmsat5-src/CMakeFiles/cryptominisat5.dir/sccfinder.cpp.o
[ 72%] Building CXX object cmsat5-src/CMakeFiles/cryptominisat5.dir/solverconf.cpp.o
[ 73%] Building CXX object cmsat5-src/CMakeFiles/cryptominisat5.dir/distillerlong.cpp.o
[ 73%] Building CXX object cmsat5-src/CMakeFiles/cryptominisat5.dir/distillerlitrem.cpp.o
[ 74%] Building CXX object cmsat5-src/CMakeFiles/cryptominisat5.dir/distillerbin.cpp.o
[ 75%] Building CXX object cmsat5-src/CMakeFiles/cryptominisat5.dir/distillerlongwithimpl.cpp.o
[ 75%] Building CXX object cmsat5-src/CMakeFiles/cryptominisat5.dir/str_impl_w_impl.cpp.o
[ 76%] Building CXX object cmsat5-src/CMakeFiles/cryptominisat5.dir/solutionextender.cpp.o
[ 77%] Building CXX object cmsat5-src/CMakeFiles/cryptominisat5.dir/completedetachreattacher.cpp.o
[ 77%] Building CXX object cmsat5-src/CMakeFiles/cryptominisat5.dir/searcher.cpp.o
[ 78%] Building CXX object cmsat5-src/CMakeFiles/cryptominisat5.dir/solver.cpp.o
[ 78%] Building CXX object cmsat5-src/CMakeFiles/cryptominisat5.dir/hyperengine.cpp.o
[ 80%] Building CXX object cmsat5-src/CMakeFiles/cryptominisat5.dir/subsumeimplicit.cpp.o
[ 81%] Building CXX object cmsat5-src/CMakeFiles/cryptominisat5.dir/datasync.cpp.o
[ 81%] Building CXX object cmsat5-src/CMakeFiles/cryptominisat5.dir/reducedb.cpp.o
[ 82%] Building CXX object cmsat5-src/CMakeFiles/cryptominisat5.dir/intree.cpp.o
[ 83%] Building CXX object cmsat5-src/CMakeFiles/cryptominisat5.dir/searchstats.cpp.o
[ 83%] Building CXX object cmsat5-src/CMakeFiles/cryptominisat5.dir/xorfinder.cpp.o
[ 84%] Building CXX object cmsat5-src/CMakeFiles/cryptominisat5.dir/cardfinder.cpp.o
[ 85%] Building CXX object cmsat5-src/CMakeFiles/cryptominisat5.dir/cryptominisat_c.cpp.o
[ 85%] Building CXX object cmsat5-src/CMakeFiles/cryptominisat5.dir/sls.cpp.o
[ 86%] Building CXX object cmsat5-src/CMakeFiles/cryptominisat5.dir/yalsat_cms.cpp.o
[ 86%] Building C object cmsat5-src/CMakeFiles/cryptominisat5.dir/yals/yals.c.o
[ 87%] Building CXX object cmsat5-src/CMakeFiles/cryptominisat5.dir/sqlstats.cpp.o
[ 88%] Building CXX object cmsat5-src/CMakeFiles/cryptominisat5.dir/vardistgen.cpp.o
[ 88%] Building CXX object cmsat5-src/CMakeFiles/cryptominisat5.dir/ccnr_oracle.cpp.o
[ 89%] Building CXX object cmsat5-src/CMakeFiles/cryptominisat5.dir/ccnr_oracle_pre.cpp.o
[ 90%] Building CXX object cmsat5-src/CMakeFiles/cryptominisat5.dir/lucky.cpp.o
[ 90%] Building CXX object cmsat5-src/CMakeFiles/cryptominisat5.dir/get_clause_query.cpp.o
[ 91%] Building CXX object cmsat5-src/CMakeFiles/cryptominisat5.dir/gaussian.cpp.o
[ 91%] Building CXX object cmsat5-src/CMakeFiles/cryptominisat5.dir/packedrow.cpp.o
[ 92%] Building CXX object cmsat5-src/CMakeFiles/cryptominisat5.dir/matrixfinder.cpp.o
[ 93%] Building C object cmsat5-src/CMakeFiles/cryptominisat5.dir/mpicosat/mpicosat.c.o
[ 93%] Building C object cmsat5-src/CMakeFiles/cryptominisat5.dir/mpicosat/version.c.o
[ 94%] Building CXX object cmsat5-src/CMakeFiles/cryptominisat5.dir/oracle/oracle.cpp.o
[ 95%] Building CXX object cmsat5-src/CMakeFiles/cryptominisat5.dir/GitSHA1.cpp.o
[ 95%] Building CXX object cmsat5-src/CMakeFiles/cryptominisat5.dir/cryptominisat.cpp.o
[ 96%] Building CXX object cmsat5-src/CMakeFiles/cryptominisat5.dir/signalcode.cpp.o
[ 96%] Linking CXX static library ../lib/libcryptominisat5.a
[ 96%] Built target cryptominisat5
[ 97%] Building CXX object cmsat5-src/CMakeFiles/cryptominisat5-bin.dir/main_common.cpp.o
[ 98%] Building CXX object cmsat5-src/CMakeFiles/cryptominisat5-bin.dir/main.cpp.o
[ 98%] Building CXX object cmsat5-src/CMakeFiles/cryptominisat5-bin.dir/main_exe.cpp.o
[100%] Linking CXX executable ../cryptominisat5
[100%] Built target cryptominisat5-bin
