   1/160 rho-neg        icv1-f2m19-tm797-9c54981b Wcdd1622ffda3  verified S=2.059 L2
   2/160 mitm-blind     icv1-f2m19-tm797-9c54981b Wcdd1622ffda3  verified S=124.054 L2
   3/160 mitm-lifts     icv1-f2m19-tm797-9c54981b Wcdd1622ffda3  verified S=124.431 L2
   4/160 mitm-closed    icv1-f2m19-tm797-9c54981b Wcdd1622ffda3  verified S=243.978 L2
   5/160 frob-blind     icv1-f2m19-tm797-9c54981b Wcdd1622ffda3     error S=- L1
   6/160 frob-lifts     icv1-f2m19-tm797-9c54981b Wcdd1622ffda3     error S=- L1
   7/160 frob-closed    icv1-f2m19-tm797-9c54981b Wcdd1622ffda3     error S=- L1
   8/160 f4-blind       icv1-f2m19-tm797-9c54981b Wcdd1622ffda3  verified S=4.652 L1
   9/160 f4-lifts       icv1-f2m19-tm797-9c54981b Wcdd1622ffda3  verified S=5.145 L1
  10/160 rho-neg-aa     icv1-f2m19-tm797-9c54981b Wcdd1622ffda3  verified S=2.059 L2
  11/160 rho-neg        icv1-f2m19-tm797-9c54981b W9ecac1735f97  verified S=2.207 L1
  12/160 mitm-blind     icv1-f2m19-tm797-9c54981b W9ecac1735f97  verified S=123.809 L2
  13/160 mitm-lifts     icv1-f2m19-tm797-9c54981b W9ecac1735f97  verified S=123.585 L2
  14/160 mitm-closed    icv1-f2m19-tm797-9c54981b W9ecac1735f97  verified S=243.665 L2
  15/160 frob-blind     icv1-f2m19-tm797-9c54981b W9ecac1735f97     error S=- L1
  16/160 frob-lifts     icv1-f2m19-tm797-9c54981b W9ecac1735f97     error S=- L1
  17/160 frob-closed    icv1-f2m19-tm797-9c54981b W9ecac1735f97     error S=- L1
  18/160 f4-blind       icv1-f2m19-tm797-9c54981b W9ecac1735f97  verified S=4.420 L1
  19/160 f4-lifts       icv1-f2m19-tm797-9c54981b W9ecac1735f97  verified S=3.951 L1
  20/160 rho-neg-aa     icv1-f2m19-tm797-9c54981b W9ecac1735f97  verified S=2.207 L1
  21/160 rho-neg        icv1-f2m19-tm797-9c54981b W18265ef5fe6e  verified S=2.010 L2
  22/160 mitm-blind     icv1-f2m19-tm797-9c54981b W18265ef5fe6e  verified S=123.624 L2
  23/160 mitm-lifts     icv1-f2m19-tm797-9c54981b W18265ef5fe6e  verified S=124.232 L2
  24/160 mitm-closed    icv1-f2m19-tm797-9c54981b W18265ef5fe6e  verified S=244.187 L2
  25/160 frob-blind     icv1-f2m19-tm797-9c54981b W18265ef5fe6e     error S=- L1
  26/160 frob-lifts     icv1-f2m19-tm797-9c54981b W18265ef5fe6e     error S=- L1
  27/160 frob-closed    icv1-f2m19-tm797-9c54981b W18265ef5fe6e     error S=- L1
  28/160 f4-blind       icv1-f2m19-tm797-9c54981b W18265ef5fe6e  verified S=4.142 L1
  29/160 f4-lifts       icv1-f2m19-tm797-9c54981b W18265ef5fe6e  verified S=4.999 L1
  30/160 rho-neg-aa     icv1-f2m19-tm797-9c54981b W18265ef5fe6e  verified S=2.010 L1
  31/160 rho-neg        icv1-f2m19-tm797-9c54981b Wbad919892504  verified S=0.826 L1
  32/160 mitm-blind     icv1-f2m19-tm797-9c54981b Wbad919892504  verified S=123.231 L2
  33/160 mitm-lifts     icv1-f2m19-tm797-9c54981b Wbad919892504  verified S=123.709 L2
  34/160 mitm-closed    icv1-f2m19-tm797-9c54981b Wbad919892504  verified S=243.732 L2
  35/160 frob-blind     icv1-f2m19-tm797-9c54981b Wbad919892504     error S=- L1
  36/160 frob-lifts     icv1-f2m19-tm797-9c54981b Wbad919892504     error S=- L1
  37/160 frob-closed    icv1-f2m19-tm797-9c54981b Wbad919892504     error S=- L1
  38/160 f4-blind       icv1-f2m19-tm797-9c54981b Wbad919892504  verified S=3.302 L1
  39/160 f4-lifts       icv1-f2m19-tm797-9c54981b Wbad919892504  verified S=3.971 L1
  40/160 rho-neg-aa     icv1-f2m19-tm797-9c54981b Wbad919892504  verified S=0.826 L2
  41/160 rho-neg-aa     icv1-f2m19-tm797-9c54981b Wcdd1622ffda3  verified S=1.306 L1
  42/160 f4-lifts       icv1-f2m19-tm797-9c54981b Wcdd1622ffda3  verified S=4.323 L1
  43/160 f4-blind       icv1-f2m19-tm797-9c54981b Wcdd1622ffda3  verified S=4.693 L1
  44/160 frob-closed    icv1-f2m19-tm797-9c54981b Wcdd1622ffda3     error S=- L1
  45/160 frob-lifts     icv1-f2m19-tm797-9c54981b Wcdd1622ffda3     error S=- L1
  46/160 frob-blind     icv1-f2m19-tm797-9c54981b Wcdd1622ffda3     error S=- L1
  47/160 mitm-closed    icv1-f2m19-tm797-9c54981b Wcdd1622ffda3  verified S=243.962 L2
  48/160 mitm-lifts     icv1-f2m19-tm797-9c54981b Wcdd1622ffda3  verified S=123.906 L2
  49/160 mitm-blind     icv1-f2m19-tm797-9c54981b Wcdd1622ffda3  verified S=124.070 L2
  50/160 rho-neg        icv1-f2m19-tm797-9c54981b Wcdd1622ffda3  verified S=1.306 L1
  51/160 rho-neg-aa     icv1-f2m19-tm797-9c54981b W9ecac1735f97  verified S=0.509 L2
  52/160 f4-lifts       icv1-f2m19-tm797-9c54981b W9ecac1735f97  verified S=3.949 L1
  53/160 f4-blind       icv1-f2m19-tm797-9c54981b W9ecac1735f97  verified S=4.536 L1
  54/160 frob-closed    icv1-f2m19-tm797-9c54981b W9ecac1735f97     error S=- L1
  55/160 frob-lifts     icv1-f2m19-tm797-9c54981b W9ecac1735f97     error S=- L1
  56/160 frob-blind     icv1-f2m19-tm797-9c54981b W9ecac1735f97     error S=- L1
  57/160 mitm-closed    icv1-f2m19-tm797-9c54981b W9ecac1735f97  verified S=243.758 L2
  58/160 mitm-lifts     icv1-f2m19-tm797-9c54981b W9ecac1735f97  verified S=123.661 L2
  59/160 mitm-blind     icv1-f2m19-tm797-9c54981b W9ecac1735f97  verified S=123.905 L2
  60/160 rho-neg        icv1-f2m19-tm797-9c54981b W9ecac1735f97  verified S=0.509 L2
  61/160 rho-neg-aa     icv1-f2m19-tm797-9c54981b W18265ef5fe6e  verified S=2.172 L2
  62/160 f4-lifts       icv1-f2m19-tm797-9c54981b W18265ef5fe6e  verified S=4.829 L1
  63/160 f4-blind       icv1-f2m19-tm797-9c54981b W18265ef5fe6e  verified S=3.442 L1
  64/160 frob-closed    icv1-f2m19-tm797-9c54981b W18265ef5fe6e     error S=- L1
  65/160 frob-lifts     icv1-f2m19-tm797-9c54981b W18265ef5fe6e     error S=- L1
  66/160 frob-blind     icv1-f2m19-tm797-9c54981b W18265ef5fe6e     error S=- L1
  67/160 mitm-closed    icv1-f2m19-tm797-9c54981b W18265ef5fe6e  verified S=243.763 L2
  68/160 mitm-lifts     icv1-f2m19-tm797-9c54981b W18265ef5fe6e  verified S=124.222 L2
  69/160 mitm-blind     icv1-f2m19-tm797-9c54981b W18265ef5fe6e  verified S=123.248 L1
  70/160 rho-neg        icv1-f2m19-tm797-9c54981b W18265ef5fe6e  verified S=2.172 L2
  71/160 rho-neg-aa     icv1-f2m19-tm797-9c54981b Wbad919892504  verified S=1.218 L2
  72/160 f4-lifts       icv1-f2m19-tm797-9c54981b Wbad919892504  verified S=4.580 L1
  73/160 f4-blind       icv1-f2m19-tm797-9c54981b Wbad919892504  verified S=3.690 L1
  74/160 frob-closed    icv1-f2m19-tm797-9c54981b Wbad919892504     error S=- L1
  75/160 frob-lifts     icv1-f2m19-tm797-9c54981b Wbad919892504     error S=- L1
  76/160 frob-blind     icv1-f2m19-tm797-9c54981b Wbad919892504     error S=- L1
  77/160 mitm-closed    icv1-f2m19-tm797-9c54981b Wbad919892504  verified S=243.936 L2
  78/160 mitm-lifts     icv1-f2m19-tm797-9c54981b Wbad919892504  verified S=123.982 L2
  79/160 mitm-blind     icv1-f2m19-tm797-9c54981b Wbad919892504  verified S=123.386 L2
  80/160 rho-neg        icv1-f2m19-tm797-9c54981b Wbad919892504  verified S=1.218 L2
  81/160 rho-neg        icv1-f2m19-tm797-9c54981b Wcdd1622ffda3  verified S=1.347 L1
  82/160 mitm-blind     icv1-f2m19-tm797-9c54981b Wcdd1622ffda3  verified S=123.979 L2
  83/160 mitm-lifts     icv1-f2m19-tm797-9c54981b Wcdd1622ffda3  verified S=124.008 L2
  84/160 mitm-closed    icv1-f2m19-tm797-9c54981b Wcdd1622ffda3  verified S=243.956 L2
  85/160 frob-blind     icv1-f2m19-tm797-9c54981b Wcdd1622ffda3     error S=- L1
  86/160 frob-lifts     icv1-f2m19-tm797-9c54981b Wcdd1622ffda3     error S=- L1
  87/160 frob-closed    icv1-f2m19-tm797-9c54981b Wcdd1622ffda3     error S=- L1
  88/160 f4-blind       icv1-f2m19-tm797-9c54981b Wcdd1622ffda3  verified S=4.406 L1
  89/160 f4-lifts       icv1-f2m19-tm797-9c54981b Wcdd1622ffda3  verified S=4.386 L1
  90/160 rho-neg-aa     icv1-f2m19-tm797-9c54981b Wcdd1622ffda3  verified S=1.347 L1
  91/160 rho-neg        icv1-f2m19-tm797-9c54981b W9ecac1735f97  verified S=2.000 L1
  92/160 mitm-blind     icv1-f2m19-tm797-9c54981b W9ecac1735f97  verified S=124.033 L1
  93/160 mitm-lifts     icv1-f2m19-tm797-9c54981b W9ecac1735f97  verified S=123.930 L2
  94/160 mitm-closed    icv1-f2m19-tm797-9c54981b W9ecac1735f97  verified S=244.023 L2
  95/160 frob-blind     icv1-f2m19-tm797-9c54981b W9ecac1735f97     error S=- L1
  96/160 frob-lifts     icv1-f2m19-tm797-9c54981b W9ecac1735f97     error S=- L1
  97/160 frob-closed    icv1-f2m19-tm797-9c54981b W9ecac1735f97     error S=- L1
  98/160 f4-blind       icv1-f2m19-tm797-9c54981b W9ecac1735f97  verified S=4.657 L1
  99/160 f4-lifts       icv1-f2m19-tm797-9c54981b W9ecac1735f97  verified S=4.311 L1
 100/160 rho-neg-aa     icv1-f2m19-tm797-9c54981b W9ecac1735f97  verified S=2.000 L2
 101/160 rho-neg        icv1-f2m19-tm797-9c54981b W18265ef5fe6e  verified S=1.641 L1
 102/160 mitm-blind     icv1-f2m19-tm797-9c54981b W18265ef5fe6e  verified S=123.309 L2
 103/160 mitm-lifts     icv1-f2m19-tm797-9c54981b W18265ef5fe6e  verified S=124.198 L2
 104/160 mitm-closed    icv1-f2m19-tm797-9c54981b W18265ef5fe6e  verified S=244.095 L2
 105/160 frob-blind     icv1-f2m19-tm797-9c54981b W18265ef5fe6e     error S=- L1
 106/160 frob-lifts     icv1-f2m19-tm797-9c54981b W18265ef5fe6e     error S=- L1
 107/160 frob-closed    icv1-f2m19-tm797-9c54981b W18265ef5fe6e     error S=- L1
 108/160 f4-blind       icv1-f2m19-tm797-9c54981b W18265ef5fe6e  verified S=3.303 L1
 109/160 f4-lifts       icv1-f2m19-tm797-9c54981b W18265ef5fe6e  verified S=4.577 L1
 110/160 rho-neg-aa     icv1-f2m19-tm797-9c54981b W18265ef5fe6e  verified S=1.641 L1
 111/160 rho-neg        icv1-f2m19-tm797-9c54981b Wbad919892504  verified S=2.022 L1
 112/160 mitm-blind     icv1-f2m19-tm797-9c54981b Wbad919892504  verified S=123.625 L2
 113/160 mitm-lifts     icv1-f2m19-tm797-9c54981b Wbad919892504  verified S=124.160 L2
 114/160 mitm-closed    icv1-f2m19-tm797-9c54981b Wbad919892504  verified S=244.067 L2
 115/160 frob-blind     icv1-f2m19-tm797-9c54981b Wbad919892504     error S=- L1
 116/160 frob-lifts     icv1-f2m19-tm797-9c54981b Wbad919892504     error S=- L1
 117/160 frob-closed    icv1-f2m19-tm797-9c54981b Wbad919892504     error S=- L1
 118/160 f4-blind       icv1-f2m19-tm797-9c54981b Wbad919892504  verified S=3.907 L1
 119/160 f4-lifts       icv1-f2m19-tm797-9c54981b Wbad919892504  verified S=4.775 L1
 120/160 rho-neg-aa     icv1-f2m19-tm797-9c54981b Wbad919892504  verified S=2.022 L1
 121/160 rho-neg-aa     icv1-f2m19-tm797-9c54981b Wcdd1622ffda3  verified S=0.667 L2
 122/160 f4-lifts       icv1-f2m19-tm797-9c54981b Wcdd1622ffda3  verified S=5.745 L1
 123/160 f4-blind       icv1-f2m19-tm797-9c54981b Wcdd1622ffda3  verified S=4.561 L1
 124/160 frob-closed    icv1-f2m19-tm797-9c54981b Wcdd1622ffda3     error S=- L1
 125/160 frob-lifts     icv1-f2m19-tm797-9c54981b Wcdd1622ffda3     error S=- L1
 126/160 frob-blind     icv1-f2m19-tm797-9c54981b Wcdd1622ffda3     error S=- L1
 127/160 mitm-closed    icv1-f2m19-tm797-9c54981b Wcdd1622ffda3  verified S=244.469 L2
 128/160 mitm-lifts     icv1-f2m19-tm797-9c54981b Wcdd1622ffda3  verified S=124.905 L2
 129/160 mitm-blind     icv1-f2m19-tm797-9c54981b Wcdd1622ffda3  verified S=124.020 L2
 130/160 rho-neg        icv1-f2m19-tm797-9c54981b Wcdd1622ffda3  verified S=0.667 L1
 131/160 rho-neg-aa     icv1-f2m19-tm797-9c54981b W9ecac1735f97  verified S=1.286 L2
 132/160 f4-lifts       icv1-f2m19-tm797-9c54981b W9ecac1735f97  verified S=4.664 L1
 133/160 f4-blind       icv1-f2m19-tm797-9c54981b W9ecac1735f97  verified S=4.093 L1
 134/160 frob-closed    icv1-f2m19-tm797-9c54981b W9ecac1735f97     error S=- L1
 135/160 frob-lifts     icv1-f2m19-tm797-9c54981b W9ecac1735f97     error S=- L1
 136/160 frob-blind     icv1-f2m19-tm797-9c54981b W9ecac1735f97     error S=- L1
 137/160 mitm-closed    icv1-f2m19-tm797-9c54981b W9ecac1735f97  verified S=244.196 L2
 138/160 mitm-lifts     icv1-f2m19-tm797-9c54981b W9ecac1735f97  verified S=124.131 L2
 139/160 mitm-blind     icv1-f2m19-tm797-9c54981b W9ecac1735f97  verified S=123.654 L1
 140/160 rho-neg        icv1-f2m19-tm797-9c54981b W9ecac1735f97  verified S=1.286 L1
 141/160 rho-neg-aa     icv1-f2m19-tm797-9c54981b W18265ef5fe6e  verified S=1.345 L1
 142/160 f4-lifts       icv1-f2m19-tm797-9c54981b W18265ef5fe6e  verified S=5.099 L1
 143/160 f4-blind       icv1-f2m19-tm797-9c54981b W18265ef5fe6e  verified S=4.110 L1
 144/160 frob-closed    icv1-f2m19-tm797-9c54981b W18265ef5fe6e     error S=- L1
 145/160 frob-lifts     icv1-f2m19-tm797-9c54981b W18265ef5fe6e     error S=- L1
 146/160 frob-blind     icv1-f2m19-tm797-9c54981b W18265ef5fe6e     error S=- L1
 147/160 mitm-closed    icv1-f2m19-tm797-9c54981b W18265ef5fe6e  verified S=244.025 L2
 148/160 mitm-lifts     icv1-f2m19-tm797-9c54981b W18265ef5fe6e  verified S=124.360 L2
 149/160 mitm-blind     icv1-f2m19-tm797-9c54981b W18265ef5fe6e  verified S=123.750 L2
 150/160 rho-neg        icv1-f2m19-tm797-9c54981b W18265ef5fe6e  verified S=1.345 L2
 151/160 rho-neg-aa     icv1-f2m19-tm797-9c54981b Wbad919892504  verified S=1.598 L1
 152/160 f4-lifts       icv1-f2m19-tm797-9c54981b Wbad919892504  verified S=4.800 L1
 153/160 f4-blind       icv1-f2m19-tm797-9c54981b Wbad919892504  verified S=3.789 L1
 154/160 frob-closed    icv1-f2m19-tm797-9c54981b Wbad919892504     error S=- L1
 155/160 frob-lifts     icv1-f2m19-tm797-9c54981b Wbad919892504     error S=- L1
 156/160 frob-blind     icv1-f2m19-tm797-9c54981b Wbad919892504     error S=- L1
 157/160 mitm-closed    icv1-f2m19-tm797-9c54981b Wbad919892504  verified S=244.028 L2
 158/160 mitm-lifts     icv1-f2m19-tm797-9c54981b Wbad919892504  verified S=124.228 L1
 159/160 mitm-blind     icv1-f2m19-tm797-9c54981b Wbad919892504  verified S=123.463 L2
 160/160 rho-neg        icv1-f2m19-tm797-9c54981b Wbad919892504  verified S=1.598 L1
session ECBS1hb53c713208d3 complete -> research/isogeny_conductor_gap_ic_20261010/sessions/fiber_koblitz_k1_n19 (160 records: {"error": 48, "verified": 112})
