   1/160 rho-neg        icv1-f2m17-tm101-00378d4e W4c784055d83b  verified S=0.961 L2
   2/160 mitm-blind     icv1-f2m17-tm101-00378d4e W4c784055d83b  verified S=61.529 L2
   3/160 mitm-lifts     icv1-f2m17-tm101-00378d4e W4c784055d83b  verified S=62.435 L1
   4/160 mitm-closed    icv1-f2m17-tm101-00378d4e W4c784055d83b  verified S=118.366 L2
   5/160 frob-blind     icv1-f2m17-tm101-00378d4e W4c784055d83b  verified S=17.077 L1
   6/160 frob-lifts     icv1-f2m17-tm101-00378d4e W4c784055d83b  verified S=17.233 L1
   7/160 frob-closed    icv1-f2m17-tm101-00378d4e W4c784055d83b  verified S=33.052 L2
   8/160 f4-blind       icv1-f2m17-tm101-00378d4e W4c784055d83b  verified S=5.833 L1
   9/160 f4-lifts       icv1-f2m17-tm101-00378d4e W4c784055d83b  verified S=7.053 L1
  10/160 rho-neg-aa     icv1-f2m17-tm101-00378d4e W4c784055d83b  verified S=0.961 L1
  11/160 rho-neg        icv1-f2m17-tm101-00378d4e Wa111030c45d5  verified S=4.651 L2
  12/160 mitm-blind     icv1-f2m17-tm101-00378d4e Wa111030c45d5  verified S=60.491 L1
  13/160 mitm-lifts     icv1-f2m17-tm101-00378d4e Wa111030c45d5  verified S=61.577 L2
  14/160 mitm-closed    icv1-f2m17-tm101-00378d4e Wa111030c45d5  verified S=117.825 L1
  15/160 frob-blind     icv1-f2m17-tm101-00378d4e Wa111030c45d5  verified S=17.123 L1
  16/160 frob-lifts     icv1-f2m17-tm101-00378d4e Wa111030c45d5  verified S=17.248 L1
  17/160 frob-closed    icv1-f2m17-tm101-00378d4e Wa111030c45d5  verified S=33.042 L2
  18/160 f4-blind       icv1-f2m17-tm101-00378d4e Wa111030c45d5  verified S=4.370 L1
  19/160 f4-lifts       icv1-f2m17-tm101-00378d4e Wa111030c45d5  verified S=5.780 L1
  20/160 rho-neg-aa     icv1-f2m17-tm101-00378d4e Wa111030c45d5  verified S=4.651 L2
  21/160 rho-neg        icv1-f2m17-tm101-00378d4e Wfd7e906e3680  verified S=1.234 L1
  22/160 mitm-blind     icv1-f2m17-tm101-00378d4e Wfd7e906e3680  verified S=61.214 L1
  23/160 mitm-lifts     icv1-f2m17-tm101-00378d4e Wfd7e906e3680  verified S=61.983 L1
  24/160 mitm-closed    icv1-f2m17-tm101-00378d4e Wfd7e906e3680  verified S=118.006 L2
  25/160 frob-blind     icv1-f2m17-tm101-00378d4e Wfd7e906e3680  verified S=17.058 L1
  26/160 frob-lifts     icv1-f2m17-tm101-00378d4e Wfd7e906e3680  verified S=17.228 L2
  27/160 frob-closed    icv1-f2m17-tm101-00378d4e Wfd7e906e3680  verified S=33.035 L1
  28/160 f4-blind       icv1-f2m17-tm101-00378d4e Wfd7e906e3680  verified S=5.545 L1
  29/160 f4-lifts       icv1-f2m17-tm101-00378d4e Wfd7e906e3680  verified S=6.298 L1
  30/160 rho-neg-aa     icv1-f2m17-tm101-00378d4e Wfd7e906e3680  verified S=1.234 L1
  31/160 rho-neg        icv1-f2m17-tm101-00378d4e W54eb75823999  verified S=2.831 L2
  32/160 mitm-blind     icv1-f2m17-tm101-00378d4e W54eb75823999  verified S=61.837 L1
  33/160 mitm-lifts     icv1-f2m17-tm101-00378d4e W54eb75823999  verified S=62.180 L1
  34/160 mitm-closed    icv1-f2m17-tm101-00378d4e W54eb75823999  verified S=118.224 L2
  35/160 frob-blind     icv1-f2m17-tm101-00378d4e W54eb75823999  verified S=17.147 L2
  36/160 frob-lifts     icv1-f2m17-tm101-00378d4e W54eb75823999  verified S=17.303 L2
  37/160 frob-closed    icv1-f2m17-tm101-00378d4e W54eb75823999  verified S=33.108 L1
  38/160 f4-blind       icv1-f2m17-tm101-00378d4e W54eb75823999  verified S=6.399 L1
  39/160 f4-lifts       icv1-f2m17-tm101-00378d4e W54eb75823999  verified S=6.803 L1
  40/160 rho-neg-aa     icv1-f2m17-tm101-00378d4e W54eb75823999  verified S=2.831 L2
  41/160 rho-neg-aa     icv1-f2m17-tm101-00378d4e W4c784055d83b  verified S=2.046 L2
  42/160 f4-lifts       icv1-f2m17-tm101-00378d4e W4c784055d83b  verified S=5.538 L1
  43/160 f4-blind       icv1-f2m17-tm101-00378d4e W4c784055d83b  verified S=5.752 L1
  44/160 frob-closed    icv1-f2m17-tm101-00378d4e W4c784055d83b  verified S=32.990 L1
  45/160 frob-lifts     icv1-f2m17-tm101-00378d4e W4c784055d83b  verified S=17.094 L1
  46/160 frob-blind     icv1-f2m17-tm101-00378d4e W4c784055d83b  verified S=16.970 L1
  47/160 mitm-closed    icv1-f2m17-tm101-00378d4e W4c784055d83b  verified S=117.701 L2
  48/160 mitm-lifts     icv1-f2m17-tm101-00378d4e W4c784055d83b  verified S=61.544 L1
  49/160 mitm-blind     icv1-f2m17-tm101-00378d4e W4c784055d83b  verified S=61.382 L2
  50/160 rho-neg        icv1-f2m17-tm101-00378d4e W4c784055d83b  verified S=2.046 L2
  51/160 rho-neg-aa     icv1-f2m17-tm101-00378d4e Wa111030c45d5  verified S=2.999 L1
  52/160 f4-lifts       icv1-f2m17-tm101-00378d4e Wa111030c45d5  verified S=6.776 L1
  53/160 f4-blind       icv1-f2m17-tm101-00378d4e Wa111030c45d5  verified S=5.405 L1
  54/160 frob-closed    icv1-f2m17-tm101-00378d4e Wa111030c45d5  verified S=33.024 L1
  55/160 frob-lifts     icv1-f2m17-tm101-00378d4e Wa111030c45d5  verified S=17.185 L2
  56/160 frob-blind     icv1-f2m17-tm101-00378d4e Wa111030c45d5  verified S=17.039 L1
  57/160 mitm-closed    icv1-f2m17-tm101-00378d4e Wa111030c45d5  verified S=117.934 L2
  58/160 mitm-lifts     icv1-f2m17-tm101-00378d4e Wa111030c45d5  verified S=62.153 L2
  59/160 mitm-blind     icv1-f2m17-tm101-00378d4e Wa111030c45d5  verified S=61.114 L1
  60/160 rho-neg        icv1-f2m17-tm101-00378d4e Wa111030c45d5  verified S=2.999 L2
  61/160 rho-neg-aa     icv1-f2m17-tm101-00378d4e Wfd7e906e3680  verified S=0.902 L1
  62/160 f4-lifts       icv1-f2m17-tm101-00378d4e Wfd7e906e3680  verified S=5.914 L1
  63/160 f4-blind       icv1-f2m17-tm101-00378d4e Wfd7e906e3680  verified S=6.472 L1
  64/160 frob-closed    icv1-f2m17-tm101-00378d4e Wfd7e906e3680  verified S=33.103 L1
  65/160 frob-lifts     icv1-f2m17-tm101-00378d4e Wfd7e906e3680  verified S=17.270 L2
  66/160 frob-blind     icv1-f2m17-tm101-00378d4e Wfd7e906e3680  verified S=17.140 L1
  67/160 mitm-closed    icv1-f2m17-tm101-00378d4e Wfd7e906e3680  verified S=118.499 L1
  68/160 mitm-lifts     icv1-f2m17-tm101-00378d4e Wfd7e906e3680  verified S=61.654 L2
  69/160 mitm-blind     icv1-f2m17-tm101-00378d4e Wfd7e906e3680  verified S=61.883 L1
  70/160 rho-neg        icv1-f2m17-tm101-00378d4e Wfd7e906e3680  verified S=0.902 L2
  71/160 rho-neg-aa     icv1-f2m17-tm101-00378d4e W54eb75823999  verified S=1.363 L1
  72/160 f4-lifts       icv1-f2m17-tm101-00378d4e W54eb75823999  verified S=6.881 L1
  73/160 f4-blind       icv1-f2m17-tm101-00378d4e W54eb75823999  verified S=5.964 L1
  74/160 frob-closed    icv1-f2m17-tm101-00378d4e W54eb75823999  verified S=33.068 L2
  75/160 frob-lifts     icv1-f2m17-tm101-00378d4e W54eb75823999  verified S=17.197 L1
  76/160 frob-blind     icv1-f2m17-tm101-00378d4e W54eb75823999  verified S=17.062 L1
  77/160 mitm-closed    icv1-f2m17-tm101-00378d4e W54eb75823999  verified S=118.218 L2
  78/160 mitm-lifts     icv1-f2m17-tm101-00378d4e W54eb75823999  verified S=62.259 L1
  79/160 mitm-blind     icv1-f2m17-tm101-00378d4e W54eb75823999  verified S=61.536 L1
  80/160 rho-neg        icv1-f2m17-tm101-00378d4e W54eb75823999  verified S=1.363 L1
  81/160 rho-neg        icv1-f2m17-tm101-00378d4e W4c784055d83b  verified S=2.554 L2
  82/160 mitm-blind     icv1-f2m17-tm101-00378d4e W4c784055d83b  verified S=61.465 L1
  83/160 mitm-lifts     icv1-f2m17-tm101-00378d4e W4c784055d83b  verified S=62.240 L1
  84/160 mitm-closed    icv1-f2m17-tm101-00378d4e W4c784055d83b  verified S=118.356 L2
  85/160 frob-blind     icv1-f2m17-tm101-00378d4e W4c784055d83b  verified S=17.098 L1
  86/160 frob-lifts     icv1-f2m17-tm101-00378d4e W4c784055d83b  verified S=17.188 L1
  87/160 frob-closed    icv1-f2m17-tm101-00378d4e W4c784055d83b  verified S=32.999 L1
  88/160 f4-blind       icv1-f2m17-tm101-00378d4e W4c784055d83b  verified S=5.902 L1
  89/160 f4-lifts       icv1-f2m17-tm101-00378d4e W4c784055d83b  verified S=6.757 L1
  90/160 rho-neg-aa     icv1-f2m17-tm101-00378d4e W4c784055d83b  verified S=2.554 L1
  91/160 rho-neg        icv1-f2m17-tm101-00378d4e Wa111030c45d5  verified S=2.148 L2
  92/160 mitm-blind     icv1-f2m17-tm101-00378d4e Wa111030c45d5  verified S=61.046 L1
  93/160 mitm-lifts     icv1-f2m17-tm101-00378d4e Wa111030c45d5  verified S=60.790 L2
  94/160 mitm-closed    icv1-f2m17-tm101-00378d4e Wa111030c45d5  verified S=117.997 L2
  95/160 frob-blind     icv1-f2m17-tm101-00378d4e Wa111030c45d5  verified S=17.119 L2
  96/160 frob-lifts     icv1-f2m17-tm101-00378d4e Wa111030c45d5  verified S=17.253 L2
  97/160 frob-closed    icv1-f2m17-tm101-00378d4e Wa111030c45d5  verified S=33.092 L2
  98/160 f4-blind       icv1-f2m17-tm101-00378d4e Wa111030c45d5  verified S=5.197 L1
  99/160 f4-lifts       icv1-f2m17-tm101-00378d4e Wa111030c45d5  verified S=4.483 L1
 100/160 rho-neg-aa     icv1-f2m17-tm101-00378d4e Wa111030c45d5  verified S=2.148 L1
 101/160 rho-neg        icv1-f2m17-tm101-00378d4e Wfd7e906e3680  verified S=1.402 L2
 102/160 mitm-blind     icv1-f2m17-tm101-00378d4e Wfd7e906e3680  verified S=61.503 L1
 103/160 mitm-lifts     icv1-f2m17-tm101-00378d4e Wfd7e906e3680  verified S=62.303 L1
 104/160 mitm-closed    icv1-f2m17-tm101-00378d4e Wfd7e906e3680  verified S=118.343 L2
 105/160 frob-blind     icv1-f2m17-tm101-00378d4e Wfd7e906e3680  verified S=17.053 L2
 106/160 frob-lifts     icv1-f2m17-tm101-00378d4e Wfd7e906e3680  verified S=17.208 L1
 107/160 frob-closed    icv1-f2m17-tm101-00378d4e Wfd7e906e3680  verified S=33.031 L1
 108/160 f4-blind       icv1-f2m17-tm101-00378d4e Wfd7e906e3680  verified S=5.907 L1
 109/160 f4-lifts       icv1-f2m17-tm101-00378d4e Wfd7e906e3680  verified S=6.971 L1
 110/160 rho-neg-aa     icv1-f2m17-tm101-00378d4e Wfd7e906e3680  verified S=1.402 L2
 111/160 rho-neg        icv1-f2m17-tm101-00378d4e W54eb75823999  verified S=1.667 L2
 112/160 mitm-blind     icv1-f2m17-tm101-00378d4e W54eb75823999  verified S=61.402 L1
 113/160 mitm-lifts     icv1-f2m17-tm101-00378d4e W54eb75823999  verified S=61.456 L1
 114/160 mitm-closed    icv1-f2m17-tm101-00378d4e W54eb75823999  verified S=117.726 L2
 115/160 frob-blind     icv1-f2m17-tm101-00378d4e W54eb75823999  verified S=17.086 L2
 116/160 frob-lifts     icv1-f2m17-tm101-00378d4e W54eb75823999  verified S=17.212 L1
 117/160 frob-closed    icv1-f2m17-tm101-00378d4e W54eb75823999  verified S=33.067 L1
 118/160 f4-blind       icv1-f2m17-tm101-00378d4e W54eb75823999  verified S=5.698 L1
 119/160 f4-lifts       icv1-f2m17-tm101-00378d4e W54eb75823999  verified S=5.729 L1
 120/160 rho-neg-aa     icv1-f2m17-tm101-00378d4e W54eb75823999  verified S=1.667 L1
 121/160 rho-neg-aa     icv1-f2m17-tm101-00378d4e W4c784055d83b  verified S=1.976 L2
 122/160 f4-lifts       icv1-f2m17-tm101-00378d4e W4c784055d83b  verified S=6.074 L1
 123/160 f4-blind       icv1-f2m17-tm101-00378d4e W4c784055d83b  verified S=5.971 L1
 124/160 frob-closed    icv1-f2m17-tm101-00378d4e W4c784055d83b  verified S=32.968 L2
 125/160 frob-lifts     icv1-f2m17-tm101-00378d4e W4c784055d83b  verified S=17.107 L1
 126/160 frob-blind     icv1-f2m17-tm101-00378d4e W4c784055d83b  verified S=16.958 L2
 127/160 mitm-closed    icv1-f2m17-tm101-00378d4e W4c784055d83b  verified S=117.954 L2
 128/160 mitm-lifts     icv1-f2m17-tm101-00378d4e W4c784055d83b  verified S=61.742 L2
 129/160 mitm-blind     icv1-f2m17-tm101-00378d4e W4c784055d83b  verified S=61.533 L1
 130/160 rho-neg        icv1-f2m17-tm101-00378d4e W4c784055d83b  verified S=1.976 L2
 131/160 rho-neg-aa     icv1-f2m17-tm101-00378d4e Wa111030c45d5  verified S=1.562 L1
 132/160 f4-lifts       icv1-f2m17-tm101-00378d4e Wa111030c45d5  verified S=6.732 L1
 133/160 f4-blind       icv1-f2m17-tm101-00378d4e Wa111030c45d5  verified S=5.641 L1
 134/160 frob-closed    icv1-f2m17-tm101-00378d4e Wa111030c45d5  verified S=32.938 L1
 135/160 frob-lifts     icv1-f2m17-tm101-00378d4e Wa111030c45d5  verified S=17.082 L1
 136/160 frob-blind     icv1-f2m17-tm101-00378d4e Wa111030c45d5  verified S=16.986 L2
 137/160 mitm-closed    icv1-f2m17-tm101-00378d4e Wa111030c45d5  verified S=118.125 L2
 138/160 mitm-lifts     icv1-f2m17-tm101-00378d4e Wa111030c45d5  verified S=62.137 L1
 139/160 mitm-blind     icv1-f2m17-tm101-00378d4e Wa111030c45d5  verified S=61.340 L2
 140/160 rho-neg        icv1-f2m17-tm101-00378d4e Wa111030c45d5  verified S=1.562 L2
 141/160 rho-neg-aa     icv1-f2m17-tm101-00378d4e Wfd7e906e3680  verified S=1.742 L2
 142/160 f4-lifts       icv1-f2m17-tm101-00378d4e Wfd7e906e3680  verified S=5.005 L1
 143/160 f4-blind       icv1-f2m17-tm101-00378d4e Wfd7e906e3680  verified S=4.704 L1
 144/160 frob-closed    icv1-f2m17-tm101-00378d4e Wfd7e906e3680  verified S=33.006 L1
 145/160 frob-lifts     icv1-f2m17-tm101-00378d4e Wfd7e906e3680  verified S=17.205 L2
 146/160 frob-blind     icv1-f2m17-tm101-00378d4e Wfd7e906e3680  verified S=17.064 L1
 147/160 mitm-closed    icv1-f2m17-tm101-00378d4e Wfd7e906e3680  verified S=117.462 L1
 148/160 mitm-lifts     icv1-f2m17-tm101-00378d4e Wfd7e906e3680  verified S=61.168 L1
 149/160 mitm-blind     icv1-f2m17-tm101-00378d4e Wfd7e906e3680  verified S=60.707 L1
 150/160 rho-neg        icv1-f2m17-tm101-00378d4e Wfd7e906e3680  verified S=1.742 L2
 151/160 rho-neg-aa     icv1-f2m17-tm101-00378d4e W54eb75823999  verified S=4.287 L1
 152/160 f4-lifts       icv1-f2m17-tm101-00378d4e W54eb75823999  verified S=5.550 L1
 153/160 f4-blind       icv1-f2m17-tm101-00378d4e W54eb75823999  verified S=5.028 L1
 154/160 frob-closed    icv1-f2m17-tm101-00378d4e W54eb75823999  verified S=33.075 L1
 155/160 frob-lifts     icv1-f2m17-tm101-00378d4e W54eb75823999  verified S=17.262 L2
 156/160 frob-blind     icv1-f2m17-tm101-00378d4e W54eb75823999  verified S=17.102 L1
 157/160 mitm-closed    icv1-f2m17-tm101-00378d4e W54eb75823999  verified S=117.874 L1
 158/160 mitm-lifts     icv1-f2m17-tm101-00378d4e W54eb75823999  verified S=61.464 L1
 159/160 mitm-blind     icv1-f2m17-tm101-00378d4e W54eb75823999  verified S=60.895 L1
 160/160 rho-neg        icv1-f2m17-tm101-00378d4e W54eb75823999  verified S=4.287 L2
session ECBS1he74fe63a5a5a complete -> research/isogeny_conductor_gap_ic_20261010/sessions/fiber_koblitz_k1_n17 (160 records: {"verified": 160})
