receipt sha256 33028268fc2707ce4350b3e58cac503857c164eb90f670bbb05068e747be1146
{
  "schema": "ecbench.audit/v1",
  "session_id": "ECBS1he74fe63a5a5a",
  "session_status": "complete",
  "ok": true,
  "problems": [],
  "checks": {
    "arms": true,
    "env_class": true,
    "executions": true,
    "host_hash": true,
    "plan_hash": true,
    "record_count": true,
    "records": true,
    "records_hash": true,
    "replays": true,
    "session_complete": true,
    "spec_id": true,
    "workloads": true
  },
  "records": 160,
  "verified_records": 160,
  "regraded": true,
  "replays": [
    {
      "seq": 40,
      "record_id": "ECR1hedfeba2b2dcd",
      "reproduced": true,
      "detail": "identical"
    },
    {
      "seq": 50,
      "record_id": "ECR1h8c9c7f1e758b",
      "reproduced": true,
      "detail": "identical"
    },
    {
      "seq": 60,
      "record_id": "ECR1h2d7a1ae7ad65",
      "reproduced": true,
      "detail": "identical"
    },
    {
      "seq": 70,
      "record_id": "ECR1h7d08095ab29f",
      "reproduced": true,
      "detail": "identical"
    },
    {
      "seq": 80,
      "record_id": "ECR1he61275f1ac18",
      "reproduced": true,
      "detail": "identical"
    },
    {
      "seq": 90,
      "record_id": "ECR1h934bcf37f21b",
      "reproduced": true,
      "detail": "identical"
    },
    {
      "seq": 100,
      "record_id": "ECR1h473dcb60e0af",
      "reproduced": true,
      "detail": "identical"
    },
    {
      "seq": 110,
      "record_id": "ECR1h2d2d1b7d83a1",
      "reproduced": true,
      "detail": "identical"
    },
    {
      "seq": 120,
      "record_id": "ECR1h034d65d90140",
      "reproduced": true,
      "detail": "identical"
    },
    {
      "seq": 130,
      "record_id": "ECR1hede34bc6c25d",
      "reproduced": true,
      "detail": "identical"
    },
    {
      "seq": 140,
      "record_id": "ECR1hd72ed9ce2ef6",
      "reproduced": true,
      "detail": "identical"
    },
    {
      "seq": 150,
      "record_id": "ECR1hb0c7b82eef51",
      "reproduced": true,
      "detail": "identical"
    }
  ],
  "files": {
    "host.json": "7b5275581e95b5b7e8d642431943355218842a65da64cfd8f3fad9f903496b5b",
    "plan.json": "204baa81a0d225e09ba7ba1588cc6f4fb690f056b29d2806cb7b0c9fb20bf347",
    "records.jsonl": "5b5fb2749c5e53439664e19fe9f09a5a01e48347e0c35a53d6a908793384e2a5",
    "session.json": "16e5918806bc7473071248b5d3fd31bf5fce75b81f9b3325a3951bccdbfab6a3",
    "spec.json": "dcda4919b842e3bf292bcc02cac5c921fa8188f83c3e9dd8821c45e593f693bb"
  },
  "auditor_binary_sha256": "3e5c25e5b7abc74e0f886594f7bcb7a163b00ffd65aa609ff627abae560fce71",
  "auditor_env_class_id": "ECBENV2h7afc4b3009cd",
  "audited_unix_ms": 1791667006350
}
audit OK: 160 records, 160 verified, 12 replays reproduced, 0 problems
