   1/160 rho-neg        icv1-f2m19-t797-b6cf2467 W0ef9d840e1df  verified S=1.965 L2
   2/160 mitm-blind     icv1-f2m19-t797-b6cf2467 W0ef9d840e1df  verified S=195.973 L1
   3/160 mitm-lifts     icv1-f2m19-t797-b6cf2467 W0ef9d840e1df  verified S=197.419 L2
   4/160 mitm-closed    icv1-f2m19-t797-b6cf2467 W0ef9d840e1df  verified S=771.611 L2
   5/160 frob-blind     icv1-f2m19-t797-b6cf2467 W0ef9d840e1df     error S=- L1
   6/160 frob-lifts     icv1-f2m19-t797-b6cf2467 W0ef9d840e1df     error S=- L1
   7/160 frob-closed    icv1-f2m19-t797-b6cf2467 W0ef9d840e1df     error S=- L1
   8/160 f4-blind       icv1-f2m19-t797-b6cf2467 W0ef9d840e1df  verified S=5.365 L1
   9/160 f4-lifts       icv1-f2m19-t797-b6cf2467 W0ef9d840e1df  verified S=7.071 L1
  10/160 rho-neg-aa     icv1-f2m19-t797-b6cf2467 W0ef9d840e1df  verified S=1.965 L2
  11/160 rho-neg        icv1-f2m19-t797-b6cf2467 Wca8772d9d877  verified S=2.106 L1
  12/160 mitm-blind     icv1-f2m19-t797-b6cf2467 Wca8772d9d877  verified S=195.600 L2
  13/160 mitm-lifts     icv1-f2m19-t797-b6cf2467 Wca8772d9d877  verified S=196.720 L2
  14/160 mitm-closed    icv1-f2m19-t797-b6cf2467 Wca8772d9d877  verified S=771.340 L2
  15/160 frob-blind     icv1-f2m19-t797-b6cf2467 Wca8772d9d877     error S=- L1
  16/160 frob-lifts     icv1-f2m19-t797-b6cf2467 Wca8772d9d877     error S=- L1
  17/160 frob-closed    icv1-f2m19-t797-b6cf2467 Wca8772d9d877     error S=- L1
  18/160 f4-blind       icv1-f2m19-t797-b6cf2467 Wca8772d9d877  verified S=4.873 L1
  19/160 f4-lifts       icv1-f2m19-t797-b6cf2467 Wca8772d9d877  verified S=6.203 L1
  20/160 rho-neg-aa     icv1-f2m19-t797-b6cf2467 Wca8772d9d877  verified S=2.106 L1
  21/160 rho-neg        icv1-f2m19-t797-b6cf2467 Wf1eefcad1425  verified S=1.081 L1
  22/160 mitm-blind     icv1-f2m19-t797-b6cf2467 Wf1eefcad1425  verified S=196.844 L2
  23/160 mitm-lifts     icv1-f2m19-t797-b6cf2467 Wf1eefcad1425  verified S=197.010 L2
  24/160 mitm-closed    icv1-f2m19-t797-b6cf2467 Wf1eefcad1425  verified S=771.434 L2
  25/160 frob-blind     icv1-f2m19-t797-b6cf2467 Wf1eefcad1425     error S=- L1
  26/160 frob-lifts     icv1-f2m19-t797-b6cf2467 Wf1eefcad1425     error S=- L1
  27/160 frob-closed    icv1-f2m19-t797-b6cf2467 Wf1eefcad1425     error S=- L1
  28/160 f4-blind       icv1-f2m19-t797-b6cf2467 Wf1eefcad1425  verified S=6.714 L1
  29/160 f4-lifts       icv1-f2m19-t797-b6cf2467 Wf1eefcad1425  verified S=6.631 L1
  30/160 rho-neg-aa     icv1-f2m19-t797-b6cf2467 Wf1eefcad1425  verified S=1.081 L2
  31/160 rho-neg        icv1-f2m19-t797-b6cf2467 W61cb0b0ec053  verified S=1.031 L1
  32/160 mitm-blind     icv1-f2m19-t797-b6cf2467 W61cb0b0ec053  verified S=194.450 L2
  33/160 mitm-lifts     icv1-f2m19-t797-b6cf2467 W61cb0b0ec053  verified S=195.266 L2
  34/160 mitm-closed    icv1-f2m19-t797-b6cf2467 W61cb0b0ec053  verified S=770.508 L2
  35/160 frob-blind     icv1-f2m19-t797-b6cf2467 W61cb0b0ec053     error S=- L1
  36/160 frob-lifts     icv1-f2m19-t797-b6cf2467 W61cb0b0ec053     error S=- L1
  37/160 frob-closed    icv1-f2m19-t797-b6cf2467 W61cb0b0ec053     error S=- L1
  38/160 f4-blind       icv1-f2m19-t797-b6cf2467 W61cb0b0ec053  verified S=2.742 L1
  39/160 f4-lifts       icv1-f2m19-t797-b6cf2467 W61cb0b0ec053  verified S=3.793 L1
  40/160 rho-neg-aa     icv1-f2m19-t797-b6cf2467 W61cb0b0ec053  verified S=1.031 L2
  41/160 rho-neg-aa     icv1-f2m19-t797-b6cf2467 W0ef9d840e1df  verified S=1.493 L2
  42/160 f4-lifts       icv1-f2m19-t797-b6cf2467 W0ef9d840e1df  verified S=6.330 L1
  43/160 f4-blind       icv1-f2m19-t797-b6cf2467 W0ef9d840e1df  verified S=4.644 L1
  44/160 frob-closed    icv1-f2m19-t797-b6cf2467 W0ef9d840e1df     error S=- L1
  45/160 frob-lifts     icv1-f2m19-t797-b6cf2467 W0ef9d840e1df     error S=- L1
  46/160 frob-blind     icv1-f2m19-t797-b6cf2467 W0ef9d840e1df     error S=- L1
  47/160 mitm-closed    icv1-f2m19-t797-b6cf2467 W0ef9d840e1df  verified S=771.780 L2
  48/160 mitm-lifts     icv1-f2m19-t797-b6cf2467 W0ef9d840e1df  verified S=196.888 L2
  49/160 mitm-blind     icv1-f2m19-t797-b6cf2467 W0ef9d840e1df  verified S=195.595 L2
  50/160 rho-neg        icv1-f2m19-t797-b6cf2467 W0ef9d840e1df  verified S=1.493 L2
  51/160 rho-neg-aa     icv1-f2m19-t797-b6cf2467 Wca8772d9d877  verified S=1.755 L1
  52/160 f4-lifts       icv1-f2m19-t797-b6cf2467 Wca8772d9d877  verified S=6.800 L1
  53/160 f4-blind       icv1-f2m19-t797-b6cf2467 Wca8772d9d877  verified S=5.669 L1
  54/160 frob-closed    icv1-f2m19-t797-b6cf2467 Wca8772d9d877     error S=- L1
  55/160 frob-lifts     icv1-f2m19-t797-b6cf2467 Wca8772d9d877     error S=- L1
  56/160 frob-blind     icv1-f2m19-t797-b6cf2467 Wca8772d9d877     error S=- L1
  57/160 mitm-closed    icv1-f2m19-t797-b6cf2467 Wca8772d9d877  verified S=771.611 L2
  58/160 mitm-lifts     icv1-f2m19-t797-b6cf2467 Wca8772d9d877  verified S=197.261 L2
  59/160 mitm-blind     icv1-f2m19-t797-b6cf2467 Wca8772d9d877  verified S=196.161 L1
  60/160 rho-neg        icv1-f2m19-t797-b6cf2467 Wca8772d9d877  verified S=1.755 L2
  61/160 rho-neg-aa     icv1-f2m19-t797-b6cf2467 Wf1eefcad1425  verified S=0.802 L1
  62/160 f4-lifts       icv1-f2m19-t797-b6cf2467 Wf1eefcad1425  verified S=6.443 L1
  63/160 f4-blind       icv1-f2m19-t797-b6cf2467 Wf1eefcad1425  verified S=4.929 L1
  64/160 frob-closed    icv1-f2m19-t797-b6cf2467 Wf1eefcad1425     error S=- L1
  65/160 frob-lifts     icv1-f2m19-t797-b6cf2467 Wf1eefcad1425     error S=- L1
  66/160 frob-blind     icv1-f2m19-t797-b6cf2467 Wf1eefcad1425     error S=- L1
  67/160 mitm-closed    icv1-f2m19-t797-b6cf2467 Wf1eefcad1425  verified S=771.224 L2
  68/160 mitm-lifts     icv1-f2m19-t797-b6cf2467 Wf1eefcad1425  verified S=196.874 L2
  69/160 mitm-blind     icv1-f2m19-t797-b6cf2467 Wf1eefcad1425  verified S=195.755 L2
  70/160 rho-neg        icv1-f2m19-t797-b6cf2467 Wf1eefcad1425  verified S=0.802 L2
  71/160 rho-neg-aa     icv1-f2m19-t797-b6cf2467 W61cb0b0ec053  verified S=1.343 L1
  72/160 f4-lifts       icv1-f2m19-t797-b6cf2467 W61cb0b0ec053  verified S=6.963 L1
  73/160 f4-blind       icv1-f2m19-t797-b6cf2467 W61cb0b0ec053  verified S=4.702 L1
  74/160 frob-closed    icv1-f2m19-t797-b6cf2467 W61cb0b0ec053     error S=- L1
  75/160 frob-lifts     icv1-f2m19-t797-b6cf2467 W61cb0b0ec053     error S=- L1
  76/160 frob-blind     icv1-f2m19-t797-b6cf2467 W61cb0b0ec053     error S=- L1
  77/160 mitm-closed    icv1-f2m19-t797-b6cf2467 W61cb0b0ec053  verified S=771.448 L2
  78/160 mitm-lifts     icv1-f2m19-t797-b6cf2467 W61cb0b0ec053  verified S=197.189 L2
  79/160 mitm-blind     icv1-f2m19-t797-b6cf2467 W61cb0b0ec053  verified S=195.611 L2
  80/160 rho-neg        icv1-f2m19-t797-b6cf2467 W61cb0b0ec053  verified S=1.343 L2
  81/160 rho-neg        icv1-f2m19-t797-b6cf2467 W0ef9d840e1df  verified S=0.727 L2
  82/160 mitm-blind     icv1-f2m19-t797-b6cf2467 W0ef9d840e1df  verified S=195.769 L2
  83/160 mitm-lifts     icv1-f2m19-t797-b6cf2467 W0ef9d840e1df  verified S=196.825 L2
  84/160 mitm-closed    icv1-f2m19-t797-b6cf2467 W0ef9d840e1df  verified S=771.233 L2
  85/160 frob-blind     icv1-f2m19-t797-b6cf2467 W0ef9d840e1df     error S=- L1
  86/160 frob-lifts     icv1-f2m19-t797-b6cf2467 W0ef9d840e1df     error S=- L1
  87/160 frob-closed    icv1-f2m19-t797-b6cf2467 W0ef9d840e1df     error S=- L1
  88/160 f4-blind       icv1-f2m19-t797-b6cf2467 W0ef9d840e1df  verified S=5.089 L1
  89/160 f4-lifts       icv1-f2m19-t797-b6cf2467 W0ef9d840e1df  verified S=6.344 L1
  90/160 rho-neg-aa     icv1-f2m19-t797-b6cf2467 W0ef9d840e1df  verified S=0.727 L2
  91/160 rho-neg        icv1-f2m19-t797-b6cf2467 Wca8772d9d877  verified S=0.909 L1
  92/160 mitm-blind     icv1-f2m19-t797-b6cf2467 Wca8772d9d877  verified S=194.483 L2
  93/160 mitm-lifts     icv1-f2m19-t797-b6cf2467 Wca8772d9d877  verified S=195.603 L2
  94/160 mitm-closed    icv1-f2m19-t797-b6cf2467 Wca8772d9d877  verified S=770.594 L2
  95/160 frob-blind     icv1-f2m19-t797-b6cf2467 Wca8772d9d877     error S=- L1
  96/160 frob-lifts     icv1-f2m19-t797-b6cf2467 Wca8772d9d877     error S=- L1
  97/160 frob-closed    icv1-f2m19-t797-b6cf2467 Wca8772d9d877     error S=- L1
  98/160 f4-blind       icv1-f2m19-t797-b6cf2467 Wca8772d9d877  verified S=2.883 L1
  99/160 f4-lifts       icv1-f2m19-t797-b6cf2467 Wca8772d9d877  verified S=4.478 L1
 100/160 rho-neg-aa     icv1-f2m19-t797-b6cf2467 Wca8772d9d877  verified S=0.909 L2
 101/160 rho-neg        icv1-f2m19-t797-b6cf2467 Wf1eefcad1425  verified S=1.092 L2
 102/160 mitm-blind     icv1-f2m19-t797-b6cf2467 Wf1eefcad1425  verified S=195.816 L2
 103/160 mitm-lifts     icv1-f2m19-t797-b6cf2467 Wf1eefcad1425  verified S=196.592 L2
 104/160 mitm-closed    icv1-f2m19-t797-b6cf2467 Wf1eefcad1425  verified S=771.230 L2
 105/160 frob-blind     icv1-f2m19-t797-b6cf2467 Wf1eefcad1425     error S=- L1
 106/160 frob-lifts     icv1-f2m19-t797-b6cf2467 Wf1eefcad1425     error S=- L1
 107/160 frob-closed    icv1-f2m19-t797-b6cf2467 Wf1eefcad1425     error S=- L1
 108/160 f4-blind       icv1-f2m19-t797-b6cf2467 Wf1eefcad1425  verified S=5.070 L1
 109/160 f4-lifts       icv1-f2m19-t797-b6cf2467 Wf1eefcad1425  verified S=6.114 L1
 110/160 rho-neg-aa     icv1-f2m19-t797-b6cf2467 Wf1eefcad1425  verified S=1.092 L2
 111/160 rho-neg        icv1-f2m19-t797-b6cf2467 W61cb0b0ec053  verified S=1.692 L1
 112/160 mitm-blind     icv1-f2m19-t797-b6cf2467 W61cb0b0ec053  verified S=195.318 L1
 113/160 mitm-lifts     icv1-f2m19-t797-b6cf2467 W61cb0b0ec053  verified S=197.565 L2
 114/160 mitm-closed    icv1-f2m19-t797-b6cf2467 W61cb0b0ec053  verified S=771.490 L2
 115/160 frob-blind     icv1-f2m19-t797-b6cf2467 W61cb0b0ec053     error S=- L1
 116/160 frob-lifts     icv1-f2m19-t797-b6cf2467 W61cb0b0ec053     error S=- L1
 117/160 frob-closed    icv1-f2m19-t797-b6cf2467 W61cb0b0ec053     error S=- L1
 118/160 f4-blind       icv1-f2m19-t797-b6cf2467 W61cb0b0ec053  verified S=4.271 L1
 119/160 f4-lifts       icv1-f2m19-t797-b6cf2467 W61cb0b0ec053  verified S=7.552 L1
 120/160 rho-neg-aa     icv1-f2m19-t797-b6cf2467 W61cb0b0ec053  verified S=1.692 L2
 121/160 rho-neg-aa     icv1-f2m19-t797-b6cf2467 W0ef9d840e1df  verified S=1.241 L1
 122/160 f4-lifts       icv1-f2m19-t797-b6cf2467 W0ef9d840e1df  verified S=6.731 L1
 123/160 f4-blind       icv1-f2m19-t797-b6cf2467 W0ef9d840e1df  verified S=5.432 L1
 124/160 frob-closed    icv1-f2m19-t797-b6cf2467 W0ef9d840e1df     error S=- L1
 125/160 frob-lifts     icv1-f2m19-t797-b6cf2467 W0ef9d840e1df     error S=- L1
 126/160 frob-blind     icv1-f2m19-t797-b6cf2467 W0ef9d840e1df     error S=- L1
 127/160 mitm-closed    icv1-f2m19-t797-b6cf2467 W0ef9d840e1df  verified S=771.246 L2
 128/160 mitm-lifts     icv1-f2m19-t797-b6cf2467 W0ef9d840e1df  verified S=197.082 L2
 129/160 mitm-blind     icv1-f2m19-t797-b6cf2467 W0ef9d840e1df  verified S=195.954 L2
 130/160 rho-neg        icv1-f2m19-t797-b6cf2467 W0ef9d840e1df  verified S=1.241 L1
 131/160 rho-neg-aa     icv1-f2m19-t797-b6cf2467 Wca8772d9d877  verified S=0.915 L1
 132/160 f4-lifts       icv1-f2m19-t797-b6cf2467 Wca8772d9d877  verified S=6.612 L1
 133/160 f4-blind       icv1-f2m19-t797-b6cf2467 Wca8772d9d877  verified S=5.957 L1
 134/160 frob-closed    icv1-f2m19-t797-b6cf2467 Wca8772d9d877     error S=- L1
 135/160 frob-lifts     icv1-f2m19-t797-b6cf2467 Wca8772d9d877     error S=- L1
 136/160 frob-blind     icv1-f2m19-t797-b6cf2467 Wca8772d9d877     error S=- L1
 137/160 mitm-closed    icv1-f2m19-t797-b6cf2467 Wca8772d9d877  verified S=771.390 L2
 138/160 mitm-lifts     icv1-f2m19-t797-b6cf2467 Wca8772d9d877  verified S=197.013 L2
 139/160 mitm-blind     icv1-f2m19-t797-b6cf2467 Wca8772d9d877  verified S=196.247 L2
 140/160 rho-neg        icv1-f2m19-t797-b6cf2467 Wca8772d9d877  verified S=0.915 L1
 141/160 rho-neg-aa     icv1-f2m19-t797-b6cf2467 Wf1eefcad1425  verified S=1.576 L2
 142/160 f4-lifts       icv1-f2m19-t797-b6cf2467 Wf1eefcad1425  verified S=5.932 L1
 143/160 f4-blind       icv1-f2m19-t797-b6cf2467 Wf1eefcad1425  verified S=5.714 L1
 144/160 frob-closed    icv1-f2m19-t797-b6cf2467 Wf1eefcad1425     error S=- L1
 145/160 frob-lifts     icv1-f2m19-t797-b6cf2467 Wf1eefcad1425     error S=- L1
 146/160 frob-blind     icv1-f2m19-t797-b6cf2467 Wf1eefcad1425     error S=- L1
 147/160 mitm-closed    icv1-f2m19-t797-b6cf2467 Wf1eefcad1425  verified S=771.230 L2
 148/160 mitm-lifts     icv1-f2m19-t797-b6cf2467 Wf1eefcad1425  verified S=196.642 L2
 149/160 mitm-blind     icv1-f2m19-t797-b6cf2467 Wf1eefcad1425  verified S=196.161 L2
 150/160 rho-neg        icv1-f2m19-t797-b6cf2467 Wf1eefcad1425  verified S=1.576 L2
 151/160 rho-neg-aa     icv1-f2m19-t797-b6cf2467 W61cb0b0ec053  verified S=1.153 L1
 152/160 f4-lifts       icv1-f2m19-t797-b6cf2467 W61cb0b0ec053  verified S=7.538 L1
 153/160 f4-blind       icv1-f2m19-t797-b6cf2467 W61cb0b0ec053  verified S=6.244 L1
 154/160 frob-closed    icv1-f2m19-t797-b6cf2467 W61cb0b0ec053     error S=- L1
 155/160 frob-lifts     icv1-f2m19-t797-b6cf2467 W61cb0b0ec053     error S=- L1
 156/160 frob-blind     icv1-f2m19-t797-b6cf2467 W61cb0b0ec053     error S=- L1
 157/160 mitm-closed    icv1-f2m19-t797-b6cf2467 W61cb0b0ec053  verified S=770.561 L1
 158/160 mitm-lifts     icv1-f2m19-t797-b6cf2467 W61cb0b0ec053  verified S=197.662 L2
 159/160 mitm-blind     icv1-f2m19-t797-b6cf2467 W61cb0b0ec053  verified S=196.341 L2
 160/160 rho-neg        icv1-f2m19-t797-b6cf2467 W61cb0b0ec053  verified S=1.153 L2
session ECBS1h1df9dadd2590 complete -> research/isogeny_conductor_gap_ic_20261010/sessions/fiber_koblitz_k0_n19 (160 records: {"error": 48, "verified": 112})
