   1/2736 rho-neg        icv1-fp22-t512-faf1b320 Waf8f484efee0  verified S=1.605 L2
   2/2736 ic-mitm        icv1-fp22-t512-faf1b320 Waf8f484efee0  verified S=80.507 L2
   3/2736 rho-neg-aa     icv1-fp22-t512-faf1b320 Waf8f484efee0  verified S=1.605 L1
   4/2736 rho-neg        icv1-fp22-t512-faf1b320 W859d57a9fe9f  verified S=2.163 L2
   5/2736 ic-mitm        icv1-fp22-t512-faf1b320 W859d57a9fe9f  verified S=73.756 L2
   6/2736 rho-neg-aa     icv1-fp22-t512-faf1b320 W859d57a9fe9f  verified S=2.163 L2
   7/2736 rho-neg        icv1-fp22-t512-faf1b320 W61b989cba5d7  verified S=1.784 L2
   8/2736 ic-mitm        icv1-fp22-t512-faf1b320 W61b989cba5d7  verified S=63.040 L1
   9/2736 rho-neg-aa     icv1-fp22-t512-faf1b320 W61b989cba5d7  verified S=1.784 L2
  10/2736 rho-neg        icv1-fp22-t512-faf1b320 W1e640353912f  verified S=1.108 L1
  11/2736 ic-mitm        icv1-fp22-t512-faf1b320 W1e640353912f  verified S=33.927 L2
  12/2736 rho-neg-aa     icv1-fp22-t512-faf1b320 W1e640353912f  verified S=1.108 L1
  13/2736 rho-neg        icv1-fp22-t512-9f9a453b W4d258a80229d  verified S=1.771 L1
  14/2736 ic-mitm        icv1-fp22-t512-9f9a453b W4d258a80229d  verified S=74.545 L2
  15/2736 rho-neg-aa     icv1-fp22-t512-9f9a453b W4d258a80229d  verified S=1.771 L1
  16/2736 rho-neg        icv1-fp22-t512-9f9a453b W56d612307ed4  verified S=1.915 L1
  17/2736 ic-mitm        icv1-fp22-t512-9f9a453b W56d612307ed4  verified S=112.350 L1
  18/2736 rho-neg-aa     icv1-fp22-t512-9f9a453b W56d612307ed4  verified S=1.915 L2
  19/2736 rho-neg        icv1-fp22-t512-9f9a453b Wd59fdcce4573  verified S=2.591 L1
  20/2736 ic-mitm        icv1-fp22-t512-9f9a453b Wd59fdcce4573  verified S=68.609 L1
  21/2736 rho-neg-aa     icv1-fp22-t512-9f9a453b Wd59fdcce4573  verified S=2.591 L1
  22/2736 rho-neg        icv1-fp22-t512-9f9a453b W5a00469a973f  verified S=1.509 L1
  23/2736 ic-mitm        icv1-fp22-t512-9f9a453b W5a00469a973f  verified S=11.898 L1
  24/2736 rho-neg-aa     icv1-fp22-t512-9f9a453b W5a00469a973f  verified S=1.509 L1
  25/2736 rho-neg        icv1-fp22-t512-f84a548a We82d019a19e5  verified S=2.172 L2
  26/2736 ic-mitm        icv1-fp22-t512-f84a548a We82d019a19e5  verified S=115.320 L1
  27/2736 rho-neg-aa     icv1-fp22-t512-f84a548a We82d019a19e5  verified S=2.172 L2
  28/2736 rho-neg        icv1-fp22-t512-f84a548a We0b1d457914b  verified S=1.112 L2
  29/2736 ic-mitm        icv1-fp22-t512-f84a548a We0b1d457914b  verified S=72.317 L1
  30/2736 rho-neg-aa     icv1-fp22-t512-f84a548a We0b1d457914b  verified S=1.112 L2
  31/2736 rho-neg        icv1-fp22-t512-f84a548a Wc272b380a2ee  verified S=2.290 L1
  32/2736 ic-mitm        icv1-fp22-t512-f84a548a Wc272b380a2ee  verified S=31.341 L2
  33/2736 rho-neg-aa     icv1-fp22-t512-f84a548a Wc272b380a2ee  verified S=2.290 L1
  34/2736 rho-neg        icv1-fp22-t512-f84a548a W28cf0cb711dc  verified S=1.950 L1
  35/2736 ic-mitm        icv1-fp22-t512-f84a548a W28cf0cb711dc  verified S=45.062 L1
  36/2736 rho-neg-aa     icv1-fp22-t512-f84a548a W28cf0cb711dc  verified S=1.950 L2
  37/2736 rho-neg        icv1-fp25-t8292-f008415c W682e900a127f  verified S=3.264 L1
  38/2736 ic-mitm        icv1-fp25-t8292-f008415c W682e900a127f  verified S=89.803 L1
  39/2736 rho-neg-aa     icv1-fp25-t8292-f008415c W682e900a127f  verified S=3.264 L1
  40/2736 rho-neg        icv1-fp25-t8292-f008415c Wdf51c3c9dfed  verified S=2.925 L2
  41/2736 ic-mitm        icv1-fp25-t8292-f008415c Wdf51c3c9dfed  verified S=206.529 L2
  42/2736 rho-neg-aa     icv1-fp25-t8292-f008415c Wdf51c3c9dfed  verified S=2.925 L2
  43/2736 rho-neg        icv1-fp25-t8292-f008415c W6f805158942c  verified S=1.604 L2
  44/2736 ic-mitm        icv1-fp25-t8292-f008415c W6f805158942c  verified S=136.618 L2
  45/2736 rho-neg-aa     icv1-fp25-t8292-f008415c W6f805158942c  verified S=1.604 L2
  46/2736 rho-neg        icv1-fp25-t8292-f008415c We08a593a45fa  verified S=2.193 L1
  47/2736 ic-mitm        icv1-fp25-t8292-f008415c We08a593a45fa  verified S=60.195 L1
  48/2736 rho-neg-aa     icv1-fp25-t8292-f008415c We08a593a45fa  verified S=2.193 L2
  49/2736 rho-neg        icv1-fp25-t8292-86da464c W049382f6d965  verified S=1.372 L2
  50/2736 ic-mitm        icv1-fp25-t8292-86da464c W049382f6d965  verified S=47.500 L2
  51/2736 rho-neg-aa     icv1-fp25-t8292-86da464c W049382f6d965  verified S=1.372 L2
  52/2736 rho-neg        icv1-fp25-t8292-86da464c W296ad1d6fb33  verified S=2.323 L1
  53/2736 ic-mitm        icv1-fp25-t8292-86da464c W296ad1d6fb33  verified S=38.117 L2
  54/2736 rho-neg-aa     icv1-fp25-t8292-86da464c W296ad1d6fb33  verified S=2.323 L2
  55/2736 rho-neg        icv1-fp25-t8292-86da464c W227e393f42ec  verified S=1.800 L1
  56/2736 ic-mitm        icv1-fp25-t8292-86da464c W227e393f42ec  verified S=152.752 L2
  57/2736 rho-neg-aa     icv1-fp25-t8292-86da464c W227e393f42ec  verified S=1.800 L2
  58/2736 rho-neg        icv1-fp25-t8292-86da464c W97e1394bd761  verified S=0.982 L1
  59/2736 ic-mitm        icv1-fp25-t8292-86da464c W97e1394bd761  verified S=99.963 L2
  60/2736 rho-neg-aa     icv1-fp25-t8292-86da464c W97e1394bd761  verified S=0.982 L2
  61/2736 rho-neg        icv1-fp25-t8292-ac81ed16 W9aa8152beb3f  verified S=0.957 L1
  62/2736 ic-mitm        icv1-fp25-t8292-ac81ed16 W9aa8152beb3f  verified S=246.563 L2
  63/2736 rho-neg-aa     icv1-fp25-t8292-ac81ed16 W9aa8152beb3f  verified S=0.957 L1
  64/2736 rho-neg        icv1-fp25-t8292-ac81ed16 Wc0ad7e106e2f  verified S=1.356 L1
  65/2736 ic-mitm        icv1-fp25-t8292-ac81ed16 Wc0ad7e106e2f  verified S=289.135 L2
  66/2736 rho-neg-aa     icv1-fp25-t8292-ac81ed16 Wc0ad7e106e2f  verified S=1.356 L1
  67/2736 rho-neg        icv1-fp25-t8292-ac81ed16 W7ba62ea3d25d  verified S=1.515 L2
  68/2736 ic-mitm        icv1-fp25-t8292-ac81ed16 W7ba62ea3d25d  verified S=153.788 L2
  69/2736 rho-neg-aa     icv1-fp25-t8292-ac81ed16 W7ba62ea3d25d  verified S=1.515 L1
  70/2736 rho-neg        icv1-fp25-t8292-ac81ed16 Wdc705f36c527  verified S=0.827 L2
  71/2736 ic-mitm        icv1-fp25-t8292-ac81ed16 Wdc705f36c527  verified S=436.205 L2
  72/2736 rho-neg-aa     icv1-fp25-t8292-ac81ed16 Wdc705f36c527  verified S=0.827 L2
  73/2736 rho-neg        icv1-fp24-t6316-2e757e7a W6dbf03a5805d  verified S=1.952 L1
  74/2736 ic-mitm        icv1-fp24-t6316-2e757e7a W6dbf03a5805d exhausted S=852481.378 L1
  75/2736 rho-neg-aa     icv1-fp24-t6316-2e757e7a W6dbf03a5805d  verified S=1.952 L2
  76/2736 rho-neg        icv1-fp24-t6316-2e757e7a W58351512e751  verified S=2.387 L2
  77/2736 ic-mitm        icv1-fp24-t6316-2e757e7a W58351512e751 exhausted S=852480.909 L1
  78/2736 rho-neg-aa     icv1-fp24-t6316-2e757e7a W58351512e751  verified S=2.387 L2
  79/2736 rho-neg        icv1-fp24-t6316-2e757e7a Weee2d4cf19e3  verified S=1.807 L2
  80/2736 ic-mitm        icv1-fp24-t6316-2e757e7a Weee2d4cf19e3 exhausted S=852481.105 L1
  81/2736 rho-neg-aa     icv1-fp24-t6316-2e757e7a Weee2d4cf19e3  verified S=1.807 L2
  82/2736 rho-neg        icv1-fp24-t6316-2e757e7a W9895c75f7ca1  verified S=3.205 L1
  83/2736 ic-mitm        icv1-fp24-t6316-2e757e7a W9895c75f7ca1   crashed S=- L0
ecbench: interrupted by signal 15
