isogeny  m=2 tower  t= 1 N= 2 g= 1 planted Dmax=  4 reached=  4 cols_to_sol=      9 cols=      9      0.1 ms
isogeny  m=2 tower  t= 1 N= 2 g= 1 planted Dmax=  4 reached=  4 cols_to_sol=      9 cols=      9      0.0 ms
isogeny  m=2 tower  t= 1 N= 2 g= 1 random  Dmax=  4 reached=  4 cols_to_sol=      9 cols=      9      0.0 ms
isogeny  m=2 tower  t= 1 N= 2 g= 1 random  Dmax=  4 reached=  4 cols_to_sol=      9 cols=      9      0.0 ms
isogeny  m=2 tower  t= 2 N= 4 g= 1 planted Dmax=  5 reached=  5 cols_to_sol=     48 cols=     48      0.3 ms
isogeny  m=2 tower  t= 2 N= 4 g= 1 planted Dmax=  5 reached=  5 cols_to_sol=     48 cols=     48      0.3 ms
isogeny  m=2 tower  t= 2 N= 4 g= 1 random  Dmax=  5 reached=  5 cols_to_sol=     48 cols=     48      0.2 ms
isogeny  m=2 tower  t= 2 N= 4 g= 1 random  Dmax=  5 reached=  5 cols_to_sol=     48 cols=     48      0.3 ms
isogeny  m=2 tower  t= 3 N= 6 g= 1 planted Dmax=  5 reached=  6 cols_to_sol=    146 cols=    275      3.5 ms
isogeny  m=2 tower  t= 3 N= 6 g= 1 planted Dmax=  5 reached=  6 cols_to_sol=    146 cols=    291      3.0 ms
isogeny  m=2 tower  t= 3 N= 6 g= 1 random  Dmax=  5 reached=  5 cols_to_sol=    146 cols=    146      1.3 ms
isogeny  m=2 tower  t= 3 N= 6 g= 1 random  Dmax=  5 reached=  5 cols_to_sol=    146 cols=    146      1.3 ms
isogeny  m=2 tower  t= 4 N= 8 g= 1 planted Dmax=  5 reached=  7 cols_to_sol=    327 cols=   1031     19.1 ms
isogeny  m=2 tower  t= 4 N= 8 g= 1 planted Dmax=  5 reached=  7 cols_to_sol=    327 cols=    894     16.5 ms
isogeny  m=2 tower  t= 4 N= 8 g= 1 random  Dmax=  5 reached=  5 cols_to_sol=    327 cols=    327      5.8 ms
isogeny  m=2 tower  t= 4 N= 8 g= 1 random  Dmax=  5 reached=  5 cols_to_sol=    327 cols=    327      5.6 ms
isogeny  m=2 tower  t= 5 N=10 g= 1 planted Dmax=  5 reached=  7 cols_to_sol=    632 cols=   3465    164.4 ms
isogeny  m=2 tower  t= 5 N=10 g= 1 planted Dmax=  5 reached=  7 cols_to_sol=    632 cols=   3421    144.6 ms
isogeny  m=2 tower  t= 5 N=10 g= 1 random  Dmax=  5 reached=  5 cols_to_sol=    632 cols=    632     39.9 ms
isogeny  m=2 tower  t= 5 N=10 g= 1 random  Dmax=  5 reached=  5 cols_to_sol=    632 cols=    632     34.6 ms
isogeny  m=2 tower  t= 6 N=12 g= 1 planted Dmax=  5 reached=  8 cols_to_sol=   3172 cols=  13344   1581.7 ms
isogeny  m=2 tower  t= 6 N=12 g= 1 planted Dmax=  5 reached=  8 cols_to_sol=   3172 cols=  13344   1531.7 ms
isogeny  m=2 tower  t= 6 N=12 g= 1 random  Dmax=  5 reached=  5 cols_to_sol=   3172 cols=   3172    323.7 ms
isogeny  m=2 tower  t= 6 N=12 g= 1 random  Dmax=  5 reached=  5 cols_to_sol=   3172 cols=   3172    331.5 ms
isogeny  m=2 tower  t= 7 N=14 g= 1 planted Dmax=  5 reached=  9 cols_to_sol=   7225 cols=  42836  19050.9 ms
isogeny  m=2 tower  t= 7 N=14 g= 1 planted Dmax=  5 reached=  9 cols_to_sol=   7225 cols=  47606  20177.6 ms
isogeny  m=2 tower  t= 7 N=14 g= 1 random  Dmax=  5 reached=  5 cols_to_sol=   7225 cols=   7225   2584.2 ms
isogeny  m=2 tower  t= 7 N=14 g= 1 random  Dmax=  5 reached=  5 cols_to_sol=   7225 cols=   7225   2700.0 ms
isogeny  m=2 tower  t= 8 N=16 g= 1 random  Dmax=  5 reached=  5 cols_to_sol=  14138 cols=  14138  15508.4 ms
isogeny  m=2 tower  t= 8 N=16 g= 1 random  Dmax=  5 reached=  5 cols_to_sol=  14138 cols=  14138  15892.7 ms
{"budget_seconds":300,"p":786433,"planted_per_cell":2,"planted_violations":0,"random_per_cell":2,"rows":30,"seed":1347112276,"wall_seconds":154.249492763}
