kummer   m=2 null   t= 1 N= 2 g= 1 planted Dmax=  4 reached=  4 cols_to_sol=      9 cols=      9      0.1 ms
kummer   m=2 null   t= 1 N= 2 g= 1 planted Dmax=  4 reached=  4 cols_to_sol=      9 cols=      9      0.0 ms
kummer   m=2 null   t= 1 N= 2 g= 1 random  Dmax=  4 reached=  4 cols_to_sol=      9 cols=      9      0.0 ms
kummer   m=2 null   t= 1 N= 2 g= 1 random  Dmax=  4 reached=  4 cols_to_sol=      9 cols=      9      0.0 ms
kummer   m=2 null   t= 2 N= 4 g= 1 planted Dmax=  4 reached=  4 cols_to_sol=     37 cols=     37      0.3 ms
kummer   m=2 null   t= 2 N= 4 g= 1 planted Dmax=  4 reached=  4 cols_to_sol=     37 cols=     37      0.3 ms
kummer   m=2 null   t= 2 N= 4 g= 1 random  Dmax=  4 reached=  4 cols_to_sol=     37 cols=     37      0.3 ms
kummer   m=2 null   t= 2 N= 4 g= 1 random  Dmax=  4 reached=  4 cols_to_sol=     37 cols=     37      0.2 ms
kummer   m=2 null   t= 3 N= 6 g= 1 planted Dmax=  4 reached=  5 cols_to_sol=    137 cols=    167      2.0 ms
kummer   m=2 null   t= 3 N= 6 g= 1 planted Dmax=  4 reached=  5 cols_to_sol=    137 cols=    167      1.9 ms
kummer   m=2 null   t= 3 N= 6 g= 1 random  Dmax=  4 reached=  4 cols_to_sol=    137 cols=    137      1.3 ms
kummer   m=2 null   t= 3 N= 6 g= 1 random  Dmax=  4 reached=  4 cols_to_sol=    137 cols=    137      1.2 ms
kummer   m=2 null   t= 4 N= 8 g= 1 planted Dmax=  4 reached=  6 cols_to_sol=    282 cols=    627     13.9 ms
kummer   m=2 null   t= 4 N= 8 g= 1 planted Dmax=  4 reached=  6 cols_to_sol=    282 cols=    627     11.1 ms
kummer   m=2 null   t= 4 N= 8 g= 1 random  Dmax=  4 reached=  4 cols_to_sol=    282 cols=    282      4.9 ms
kummer   m=2 null   t= 4 N= 8 g= 1 random  Dmax=  4 reached=  4 cols_to_sol=    282 cols=    282      5.4 ms
kummer   m=2 null   t= 5 N=10 g= 1 planted Dmax=  4 reached=  7 cols_to_sol=    615 cols=   3666    171.2 ms
kummer   m=2 null   t= 5 N=10 g= 1 planted Dmax=  4 reached=  7 cols_to_sol=    615 cols=   3666    176.4 ms
kummer   m=2 null   t= 5 N=10 g= 1 random  Dmax=  4 reached=  4 cols_to_sol=    615 cols=    615     40.9 ms
kummer   m=2 null   t= 5 N=10 g= 1 random  Dmax=  4 reached=  4 cols_to_sol=    615 cols=    615     40.1 ms
kummer   m=2 null   t= 6 N=12 g= 1 planted Dmax=  5 reached=  7 cols_to_sol=   4427 cols=  11332   1314.5 ms
kummer   m=2 null   t= 6 N=12 g= 1 planted Dmax=  5 reached=  7 cols_to_sol=   4427 cols=  11332   1420.9 ms
kummer   m=2 null   t= 6 N=12 g= 1 random  Dmax=  5 reached=  5 cols_to_sol=   4427 cols=   4427    599.1 ms
kummer   m=2 null   t= 6 N=12 g= 1 random  Dmax=  5 reached=  5 cols_to_sol=   4427 cols=   4427    626.2 ms
kummer   m=2 null   t= 7 N=14 g= 1 planted Dmax=  5 reached=  8 cols_to_sol=   8348 cols=  32519  12794.8 ms
kummer   m=2 null   t= 7 N=14 g= 1 planted Dmax=  5 reached=  8 cols_to_sol=   8348 cols=  32519  11813.6 ms
kummer   m=2 null   t= 7 N=14 g= 1 random  Dmax=  5 reached=  5 cols_to_sol=   8348 cols=   8348   2648.3 ms
kummer   m=2 null   t= 7 N=14 g= 1 random  Dmax=  5 reached=  5 cols_to_sol=   8348 cols=   8348   2578.8 ms
kummer   m=2 null   t= 8 N=16 g= 1 random  Dmax=  5 reached=  7 cols_to_sol=   9427 cols=  90922 300970.2 ms  TIMEOUT
kummer   m=2 null   t= 8 N=16 g= 1 random  Dmax=  5 reached=  5 cols_to_sol=   9427 cols=   9427  11319.7 ms
memory allocation of 166824 bytes failed
stack backtrace:
memory allocation of 166824 bytes failed
skipping backtrace printing to avoid potential recursion
