kummer   m=2 ladder t= 6 N=12 g= 1 planted Dmax=  5 reached=  7 cols_to_sol=   4427 cols=  11978   1380.7 ms
kummer   m=2 ladder t= 6 N=12 g= 1 planted Dmax=  5 reached=  7 cols_to_sol=   4427 cols=  11905   1594.8 ms
kummer   m=2 ladder t= 6 N=12 g= 2 planted Dmax=  4 reached=  7 cols_to_sol=   1712 cols=  21320   2559.9 ms
kummer   m=2 ladder t= 6 N=12 g= 2 planted Dmax=  4 reached=  7 cols_to_sol=   1712 cols=  21320   2517.9 ms
kummer   m=2 ladder t= 6 N=12 g= 4 planted Dmax=  4 reached=  7 cols_to_sol=   1624 cols=  20505   3033.2 ms
kummer   m=2 ladder t= 6 N=12 g= 4 planted Dmax=  4 reached=  7 cols_to_sol=   1624 cols=  20505   2763.7 ms
kummer   m=2 ladder t= 6 N=12 g= 8 planted Dmax=  4 reached=  7 cols_to_sol=   1482 cols=  10088   1436.6 ms
kummer   m=2 ladder t= 6 N=12 g= 8 planted Dmax=  4 reached=  7 cols_to_sol=   1482 cols=  10088   1486.4 ms
kummer   m=2 ladder t= 6 N=12 g=12 planted Dmax=  4 reached=  7 cols_to_sol=   1353 cols=   3324    475.6 ms
kummer   m=2 ladder t= 6 N=12 g=12 planted Dmax=  4 reached=  7 cols_to_sol=   1353 cols=   3324    541.3 ms
isogeny  m=2 ladder t= 6 N=12 g= 1 planted Dmax=  5 reached=  8 cols_to_sol=   3172 cols=  13344   1537.1 ms
isogeny  m=2 ladder t= 6 N=12 g= 1 planted Dmax=  5 reached=  8 cols_to_sol=   3172 cols=  13344   1584.3 ms
isogeny  m=2 ladder t= 6 N=12 g= 2 planted Dmax=  5 reached=  9 cols_to_sol=   5324 cols=  24333   2601.8 ms
isogeny  m=2 ladder t= 6 N=12 g= 2 planted Dmax=  5 reached=  9 cols_to_sol=   5324 cols=  24333   2582.7 ms
isogeny  m=2 ladder t= 6 N=12 g= 4 planted Dmax=  5 reached=  9 cols_to_sol=   4714 cols=  32258   4585.4 ms
isogeny  m=2 ladder t= 6 N=12 g= 4 planted Dmax=  5 reached=  9 cols_to_sol=   4714 cols=  32258   4714.5 ms
isogeny  m=2 ladder t= 6 N=12 g= 8 planted Dmax=  5 reached=  7 cols_to_sol=   3863 cols=   9942   1222.7 ms
isogeny  m=2 ladder t= 6 N=12 g= 8 planted Dmax=  5 reached=  7 cols_to_sol=   3863 cols=   9942   1209.4 ms
isogeny  m=2 ladder t= 6 N=12 g=12 planted Dmax=  4 reached=  7 cols_to_sol=   1353 cols=   3324    514.8 ms
isogeny  m=2 ladder t= 6 N=12 g=12 planted Dmax=  4 reached=  7 cols_to_sol=   1353 cols=   3324    519.0 ms
{"budget_seconds":300,"p":786433,"planted_per_cell":2,"planted_violations":0,"random_per_cell":0,"rows":20,"seed":1347112276,"wall_seconds":75.79129885}
