f4: 17 polys in 16 vars over F_786433, degrees [4, 4, 2, 2, 2, 2, 2, 2, 2, 2, 2, 2, 2, 2, 2, 2, 2]
f4: 2 pairs pending, basis 17
f4 step 1: degree 4, 2 pairs, 11 rows × 29 cols, 11 pivots, basis 17
f4: 4 pairs pending, basis 19
f4 step 2: degree 4, 1 pairs, 9 rows × 21 cols, 9 pivots, basis 19
f4: 7 pairs pending, basis 20
f4 step 3: degree 4, 3 pairs, 16 rows × 33 cols, 15 pivots, basis 20
f4: 14 pairs pending, basis 22
f4 step 4: degree 5, 11 pairs, 61 rows × 134 cols, 55 pivots, basis 22
f4: 50 pairs pending, basis 27
f4 step 5: degree 5, 27 pairs, 219 rows × 406 cols, 204 pivots, basis 27
f4: 230 pairs pending, basis 39
f4 step 6: degree 5, 32 pairs, 363 rows × 699 cols, 348 pivots, basis 39
f4: 660 pairs pending, basis 55
f4 step 7: degree 5, 39 pairs, 496 rows × 914 cols, 477 pivots, basis 55
f4: 1549 pairs pending, basis 74
f4 step 8: degree 6, 498 pairs, 2487 rows × 3507 cols, 2190 pivots, basis 74
f4: 9959 pairs pending, basis 164
f4 step 9: degree 5, 13 pairs, 762 rows × 1784 cols, 759 pivots, basis 164
f4: 11206 pairs pending, basis 174
f4 step 10: degree 5, 12 pairs, 760 rows × 1771 cols, 759 pivots, basis 174
f4: 12670 pairs pending, basis 185
f4 step 11: degree 5, 12 pairs, 738 rows × 1627 cols, 734 pivots, basis 185
f4: 13801 pairs pending, basis 193
f4 step 12: degree 6, 1446 pairs, 7349 rows × 9479 cols, 6491 pivots, basis 193
f4: 61936 pairs pending, basis 405
f4 step 13: degree 6, 2209 pairs, 9806 rows × 12499 cols, 8505 pivots, basis 405
f4: 214024 pairs pending, basis 740
f4 step 14: degree 6, 2205 pairs, 10717 rows × 13735 cols, 9421 pivots, basis 740
f4: 464116 pairs pending, basis 1083
f4 step 15: degree 6, 1805 pairs, 17734 rows × 25647 cols, 16915 pivots, basis 1083
f4: 1117550 pairs pending, basis 1667
f4 step 16: degree 6, 1522 pairs, 18678 rows × 26448 cols, 17870 pivots, basis 1667
f4: 1729535 pairs pending, basis 2073
f4 step 17: degree 6, 668 pairs, 18948 rows × 27361 cols, 18604 pivots, basis 2073
f4: 2153680 pairs pending, basis 2316
f4 step 18: degree 6, 97 pairs, 18645 rows × 27379 cols, 18587 pivots, basis 2316
f4: 2226290 pairs pending, basis 2355
f4 step 19: degree 6, 21 pairs, 18369 rows × 27173 cols, 18363 pivots, basis 2355
f4: 2254055 pairs pending, basis 2370
memory allocation of 234888 bytes failed
stack backtrace:
note: Some details are omitted, run with `RUST_BACKTRACE=full` for a verbose backtrace.
