kummer   m=2 tower  t= 1 N= 2 g= 1 planted Dmax=  4 reached=  4 cols_to_sol=      9 cols=      9      0.0 ms
kummer   m=2 tower  t= 1 N= 2 g= 1 planted Dmax=  4 reached=  4 cols_to_sol=      9 cols=      9      0.0 ms
kummer   m=2 tower  t= 1 N= 2 g= 1 random  Dmax=  4 reached=  4 cols_to_sol=      9 cols=      9      0.0 ms
kummer   m=2 tower  t= 1 N= 2 g= 1 random  Dmax=  4 reached=  4 cols_to_sol=      9 cols=      9      0.0 ms
kummer   m=2 tower  t= 2 N= 4 g= 1 planted Dmax=  4 reached=  4 cols_to_sol=     37 cols=     37      0.3 ms
kummer   m=2 tower  t= 2 N= 4 g= 1 planted Dmax=  4 reached=  4 cols_to_sol=     37 cols=     37      0.3 ms
kummer   m=2 tower  t= 2 N= 4 g= 1 random  Dmax=  4 reached=  4 cols_to_sol=     37 cols=     37      0.2 ms
kummer   m=2 tower  t= 2 N= 4 g= 1 random  Dmax=  4 reached=  4 cols_to_sol=     37 cols=     37      0.2 ms
kummer   m=2 tower  t= 3 N= 6 g= 1 planted Dmax=  4 reached=  5 cols_to_sol=    137 cols=    182      2.1 ms
kummer   m=2 tower  t= 3 N= 6 g= 1 planted Dmax=  4 reached=  5 cols_to_sol=    137 cols=    182      1.6 ms
kummer   m=2 tower  t= 3 N= 6 g= 1 random  Dmax=  4 reached=  4 cols_to_sol=    137 cols=    137      0.9 ms
kummer   m=2 tower  t= 3 N= 6 g= 1 random  Dmax=  4 reached=  4 cols_to_sol=    137 cols=    137      0.9 ms
kummer   m=2 tower  t= 4 N= 8 g= 1 planted Dmax=  4 reached=  6 cols_to_sol=    282 cols=    693     11.7 ms
kummer   m=2 tower  t= 4 N= 8 g= 1 planted Dmax=  4 reached=  6 cols_to_sol=    282 cols=    693     10.7 ms
kummer   m=2 tower  t= 4 N= 8 g= 1 random  Dmax=  4 reached=  4 cols_to_sol=    282 cols=    282      4.9 ms
kummer   m=2 tower  t= 4 N= 8 g= 1 random  Dmax=  4 reached=  4 cols_to_sol=    282 cols=    282      6.7 ms
kummer   m=2 tower  t= 5 N=10 g= 1 planted Dmax=  4 reached=  7 cols_to_sol=    615 cols=   3459    172.4 ms
kummer   m=2 tower  t= 5 N=10 g= 1 planted Dmax=  4 reached=  7 cols_to_sol=    615 cols=   3459    229.8 ms
kummer   m=2 tower  t= 5 N=10 g= 1 random  Dmax=  4 reached=  4 cols_to_sol=    615 cols=    615     81.0 ms
kummer   m=2 tower  t= 5 N=10 g= 1 random  Dmax=  4 reached=  4 cols_to_sol=    615 cols=    615     68.5 ms
kummer   m=2 null   t= 1 N= 2 g= 1 planted Dmax=  4 reached=  4 cols_to_sol=      9 cols=      9      0.0 ms
kummer   m=2 null   t= 1 N= 2 g= 1 planted Dmax=  4 reached=  4 cols_to_sol=      9 cols=      9      0.0 ms
kummer   m=2 null   t= 1 N= 2 g= 1 random  Dmax=  4 reached=  4 cols_to_sol=      9 cols=      9      0.0 ms
kummer   m=2 null   t= 1 N= 2 g= 1 random  Dmax=  4 reached=  4 cols_to_sol=      9 cols=      9      0.0 ms
kummer   m=2 null   t= 2 N= 4 g= 1 planted Dmax=  4 reached=  4 cols_to_sol=     37 cols=     37      0.3 ms
kummer   m=2 null   t= 2 N= 4 g= 1 planted Dmax=  4 reached=  4 cols_to_sol=     37 cols=     37      0.2 ms
kummer   m=2 null   t= 2 N= 4 g= 1 random  Dmax=  4 reached=  4 cols_to_sol=     37 cols=     37      0.2 ms
kummer   m=2 null   t= 2 N= 4 g= 1 random  Dmax=  4 reached=  4 cols_to_sol=     37 cols=     37      0.2 ms
kummer   m=2 null   t= 3 N= 6 g= 1 planted Dmax=  4 reached=  5 cols_to_sol=    137 cols=    167      1.8 ms
kummer   m=2 null   t= 3 N= 6 g= 1 planted Dmax=  4 reached=  5 cols_to_sol=    137 cols=    167      1.6 ms
kummer   m=2 null   t= 3 N= 6 g= 1 random  Dmax=  4 reached=  4 cols_to_sol=    137 cols=    137      5.1 ms
kummer   m=2 null   t= 3 N= 6 g= 1 random  Dmax=  4 reached=  4 cols_to_sol=    137 cols=    137      1.0 ms
kummer   m=2 null   t= 4 N= 8 g= 1 planted Dmax=  4 reached=  6 cols_to_sol=    282 cols=    627     19.9 ms
kummer   m=2 null   t= 4 N= 8 g= 1 planted Dmax=  4 reached=  6 cols_to_sol=    282 cols=    627     15.1 ms
kummer   m=2 null   t= 4 N= 8 g= 1 random  Dmax=  4 reached=  4 cols_to_sol=    282 cols=    282     10.4 ms
kummer   m=2 null   t= 4 N= 8 g= 1 random  Dmax=  4 reached=  4 cols_to_sol=    282 cols=    282      5.8 ms
kummer   m=2 null   t= 5 N=10 g= 1 planted Dmax=  4 reached=  7 cols_to_sol=    615 cols=   3666    215.4 ms
kummer   m=2 null   t= 5 N=10 g= 1 planted Dmax=  4 reached=  7 cols_to_sol=    615 cols=   3666    221.9 ms
kummer   m=2 null   t= 5 N=10 g= 1 random  Dmax=  4 reached=  4 cols_to_sol=    615 cols=    615     57.2 ms
kummer   m=2 null   t= 5 N=10 g= 1 random  Dmax=  4 reached=  4 cols_to_sol=    615 cols=    615     45.6 ms
kummer   m=2 naive  t= 1 N= 2 g= 1 planted Dmax=  4 reached=  4 cols_to_sol=      9 cols=      9      0.0 ms
kummer   m=2 naive  t= 1 N= 2 g= 1 planted Dmax=  4 reached=  4 cols_to_sol=      9 cols=      9      0.0 ms
kummer   m=2 naive  t= 1 N= 2 g= 1 random  Dmax=  4 reached=  4 cols_to_sol=      9 cols=      9      0.0 ms
kummer   m=2 naive  t= 1 N= 2 g= 1 random  Dmax=  4 reached=  4 cols_to_sol=      9 cols=      9      0.0 ms
kummer   m=2 naive  t= 2 N= 4 g= 1 planted Dmax=  6 reached=  7 cols_to_sol=     21 cols=     28      0.2 ms
kummer   m=2 naive  t= 2 N= 4 g= 1 planted Dmax=  6 reached=  7 cols_to_sol=     21 cols=     28      0.2 ms
kummer   m=2 naive  t= 2 N= 4 g= 1 random  Dmax=  6 reached=  6 cols_to_sol=     21 cols=     21      0.1 ms
kummer   m=2 naive  t= 2 N= 4 g= 1 random  Dmax=  6 reached=  6 cols_to_sol=     21 cols=     21      0.1 ms
kummer   m=2 naive  t= 3 N= 6 g= 1 planted Dmax= 10 reached= 15 cols_to_sol=     45 cols=     91      1.1 ms
kummer   m=2 naive  t= 3 N= 6 g= 1 planted Dmax= 10 reached= 15 cols_to_sol=     45 cols=     91      0.9 ms
kummer   m=2 naive  t= 3 N= 6 g= 1 random  Dmax= 10 reached= 10 cols_to_sol=     45 cols=     45      0.3 ms
kummer   m=2 naive  t= 3 N= 6 g= 1 random  Dmax= 10 reached= 10 cols_to_sol=     45 cols=     45      0.3 ms
kummer   m=2 naive  t= 4 N= 8 g= 1 planted Dmax= 18 reached= 31 cols_to_sol=     93 cols=    339      6.3 ms
kummer   m=2 naive  t= 4 N= 8 g= 1 planted Dmax= 18 reached= 31 cols_to_sol=     93 cols=    339      6.2 ms
kummer   m=2 naive  t= 4 N= 8 g= 1 random  Dmax= 18 reached= 18 cols_to_sol=     93 cols=     93      1.2 ms
kummer   m=2 naive  t= 4 N= 8 g= 1 random  Dmax= 18 reached= 18 cols_to_sol=     93 cols=     93      1.1 ms
kummer   m=2 naive  t= 5 N=10 g= 1 planted Dmax= 34 reached= 63 cols_to_sol=    189 cols=   1315     46.4 ms
kummer   m=2 naive  t= 5 N=10 g= 1 planted Dmax= 34 reached= 63 cols_to_sol=    189 cols=   1315     44.7 ms
kummer   m=2 naive  t= 5 N=10 g= 1 random  Dmax= 34 reached= 34 cols_to_sol=    189 cols=    189      4.4 ms
kummer   m=2 naive  t= 5 N=10 g= 1 random  Dmax= 34 reached= 34 cols_to_sol=    189 cols=    189      4.5 ms
kummer   m=3 tower  t= 2 N= 6 g= 1 planted Dmax=  5 reached=  8 cols_to_sol=    368 cols=   1111     27.7 ms
kummer   m=3 tower  t= 2 N= 6 g= 1 planted Dmax=  5 reached=  8 cols_to_sol=    368 cols=   1111     22.0 ms
kummer   m=3 tower  t= 2 N= 6 g= 1 random  Dmax=  5 reached=  5 cols_to_sol=    368 cols=    368      5.7 ms
kummer   m=3 tower  t= 2 N= 6 g= 1 random  Dmax=  5 reached=  5 cols_to_sol=    368 cols=    368      5.0 ms
kummer   m=3 tower  t= 3 N= 9 g= 1 planted Dmax=  6 reached= 10 cols_to_sol=   4407 cols=  30441   3192.8 ms
kummer   m=3 tower  t= 3 N= 9 g= 1 planted Dmax=  6 reached= 10 cols_to_sol=   4407 cols=  30441   3428.7 ms
kummer   m=3 tower  t= 3 N= 9 g= 1 random  Dmax=  6 reached=  6 cols_to_sol=   4407 cols=   4407    685.2 ms
kummer   m=3 tower  t= 3 N= 9 g= 1 random  Dmax=  6 reached=  6 cols_to_sol=   4407 cols=   4407    855.2 ms
dickson  m=2 tower  t= 1 N= 2 g= 1 planted Dmax=  4 reached=  4 cols_to_sol=      9 cols=      9      0.0 ms
dickson  m=2 tower  t= 1 N= 2 g= 1 planted Dmax=  4 reached=  4 cols_to_sol=      9 cols=      9      0.0 ms
dickson  m=2 tower  t= 1 N= 2 g= 1 random  Dmax=  4 reached=  4 cols_to_sol=      9 cols=      9      0.0 ms
dickson  m=2 tower  t= 1 N= 2 g= 1 random  Dmax=  4 reached=  4 cols_to_sol=      9 cols=      9      0.0 ms
dickson  m=2 tower  t= 2 N= 4 g= 1 planted Dmax=  4 reached=  4 cols_to_sol=     37 cols=     37      0.3 ms
dickson  m=2 tower  t= 2 N= 4 g= 1 planted Dmax=  4 reached=  4 cols_to_sol=     37 cols=     37      0.2 ms
dickson  m=2 tower  t= 2 N= 4 g= 1 random  Dmax=  4 reached=  4 cols_to_sol=     37 cols=     37      0.2 ms
dickson  m=2 tower  t= 2 N= 4 g= 1 random  Dmax=  4 reached=  4 cols_to_sol=     37 cols=     37      0.2 ms
dickson  m=2 tower  t= 3 N= 6 g= 1 planted Dmax=  4 reached=  5 cols_to_sol=    137 cols=    183      1.7 ms
dickson  m=2 tower  t= 3 N= 6 g= 1 planted Dmax=  4 reached=  5 cols_to_sol=    137 cols=    182      1.6 ms
dickson  m=2 tower  t= 3 N= 6 g= 1 random  Dmax=  4 reached=  4 cols_to_sol=    137 cols=    137      1.0 ms
dickson  m=2 tower  t= 3 N= 6 g= 1 random  Dmax=  4 reached=  4 cols_to_sol=    137 cols=    137      0.9 ms
dickson  m=2 tower  t= 4 N= 8 g= 1 planted Dmax=  4 reached=  6 cols_to_sol=    282 cols=    654     14.4 ms
dickson  m=2 tower  t= 4 N= 8 g= 1 planted Dmax=  4 reached=  6 cols_to_sol=    282 cols=    644     11.7 ms
dickson  m=2 tower  t= 4 N= 8 g= 1 random  Dmax=  4 reached=  4 cols_to_sol=    282 cols=    282      5.6 ms
dickson  m=2 tower  t= 4 N= 8 g= 1 random  Dmax=  4 reached=  4 cols_to_sol=    282 cols=    282      9.5 ms
dickson  m=2 tower  t= 5 N=10 g= 1 planted Dmax=  4 reached=  7 cols_to_sol=    615 cols=   3540    237.8 ms
dickson  m=2 tower  t= 5 N=10 g= 1 planted Dmax=  4 reached=  7 cols_to_sol=    615 cols=   3540    195.5 ms
dickson  m=2 tower  t= 5 N=10 g= 1 random  Dmax=  4 reached=  4 cols_to_sol=    615 cols=    615     40.8 ms
dickson  m=2 tower  t= 5 N=10 g= 1 random  Dmax=  4 reached=  4 cols_to_sol=    615 cols=    615     38.7 ms
dickson  m=2 null   t= 1 N= 2 g= 1 planted Dmax=  4 reached=  4 cols_to_sol=      9 cols=      9      0.0 ms
dickson  m=2 null   t= 1 N= 2 g= 1 planted Dmax=  4 reached=  4 cols_to_sol=      9 cols=      9      0.0 ms
dickson  m=2 null   t= 1 N= 2 g= 1 random  Dmax=  4 reached=  4 cols_to_sol=      9 cols=      9      0.0 ms
dickson  m=2 null   t= 1 N= 2 g= 1 random  Dmax=  4 reached=  4 cols_to_sol=      9 cols=      9      0.0 ms
dickson  m=2 null   t= 2 N= 4 g= 1 planted Dmax=  4 reached=  4 cols_to_sol=     37 cols=     37      0.4 ms
dickson  m=2 null   t= 2 N= 4 g= 1 planted Dmax=  4 reached=  4 cols_to_sol=     37 cols=     37      0.2 ms
dickson  m=2 null   t= 2 N= 4 g= 1 random  Dmax=  4 reached=  4 cols_to_sol=     37 cols=     37      0.2 ms
dickson  m=2 null   t= 2 N= 4 g= 1 random  Dmax=  4 reached=  4 cols_to_sol=     37 cols=     37      0.2 ms
dickson  m=2 null   t= 3 N= 6 g= 1 planted Dmax=  4 reached=  5 cols_to_sol=    137 cols=    167      1.4 ms
dickson  m=2 null   t= 3 N= 6 g= 1 planted Dmax=  4 reached=  5 cols_to_sol=    137 cols=    167      1.5 ms
dickson  m=2 null   t= 3 N= 6 g= 1 random  Dmax=  4 reached=  4 cols_to_sol=    137 cols=    137      0.9 ms
dickson  m=2 null   t= 3 N= 6 g= 1 random  Dmax=  4 reached=  4 cols_to_sol=    137 cols=    137      0.9 ms
dickson  m=2 null   t= 4 N= 8 g= 1 planted Dmax=  4 reached=  6 cols_to_sol=    282 cols=    627     13.5 ms
dickson  m=2 null   t= 4 N= 8 g= 1 planted Dmax=  4 reached=  6 cols_to_sol=    282 cols=    627     10.1 ms
dickson  m=2 null   t= 4 N= 8 g= 1 random  Dmax=  4 reached=  4 cols_to_sol=    282 cols=    282      5.3 ms
dickson  m=2 null   t= 4 N= 8 g= 1 random  Dmax=  4 reached=  4 cols_to_sol=    282 cols=    282      5.3 ms
dickson  m=2 null   t= 5 N=10 g= 1 planted Dmax=  4 reached=  7 cols_to_sol=    615 cols=   3666    194.0 ms
dickson  m=2 null   t= 5 N=10 g= 1 planted Dmax=  4 reached=  7 cols_to_sol=    615 cols=   3666    179.0 ms
dickson  m=2 null   t= 5 N=10 g= 1 random  Dmax=  4 reached=  4 cols_to_sol=    615 cols=    615     54.4 ms
dickson  m=2 null   t= 5 N=10 g= 1 random  Dmax=  4 reached=  4 cols_to_sol=    615 cols=    615     61.0 ms
dickson  m=3 tower  t= 2 N= 6 g= 1 planted Dmax=  5 reached=  8 cols_to_sol=    368 cols=   1111     32.5 ms
dickson  m=3 tower  t= 2 N= 6 g= 1 planted Dmax=  5 reached=  8 cols_to_sol=    368 cols=   1111     37.5 ms
dickson  m=3 tower  t= 2 N= 6 g= 1 random  Dmax=  5 reached=  5 cols_to_sol=    368 cols=    368      9.7 ms
dickson  m=3 tower  t= 2 N= 6 g= 1 random  Dmax=  5 reached=  5 cols_to_sol=    368 cols=    368      5.6 ms
dickson  m=3 tower  t= 3 N= 9 g= 1 planted Dmax=  6 reached= 10 cols_to_sol=   4408 cols=  30504   3383.4 ms
dickson  m=3 tower  t= 3 N= 9 g= 1 planted Dmax=  6 reached= 10 cols_to_sol=   4408 cols=  30504   3019.9 ms
dickson  m=3 tower  t= 3 N= 9 g= 1 random  Dmax=  6 reached=  6 cols_to_sol=   4408 cols=   4408    827.6 ms
dickson  m=3 tower  t= 3 N= 9 g= 1 random  Dmax=  6 reached=  6 cols_to_sol=   4408 cols=   4408    883.6 ms
isogeny  m=2 tower  t= 1 N= 2 g= 1 planted Dmax=  4 reached=  4 cols_to_sol=      9 cols=      9      0.1 ms
isogeny  m=2 tower  t= 1 N= 2 g= 1 planted Dmax=  4 reached=  4 cols_to_sol=      9 cols=      9      0.0 ms
isogeny  m=2 tower  t= 1 N= 2 g= 1 random  Dmax=  4 reached=  4 cols_to_sol=      9 cols=      9      0.0 ms
isogeny  m=2 tower  t= 1 N= 2 g= 1 random  Dmax=  4 reached=  4 cols_to_sol=      9 cols=      9      0.0 ms
isogeny  m=2 tower  t= 2 N= 4 g= 1 planted Dmax=  5 reached=  5 cols_to_sol=     48 cols=     48      0.5 ms
isogeny  m=2 tower  t= 2 N= 4 g= 1 planted Dmax=  5 reached=  5 cols_to_sol=     48 cols=     48      0.3 ms
isogeny  m=2 tower  t= 2 N= 4 g= 1 random  Dmax=  5 reached=  5 cols_to_sol=     48 cols=     48      0.3 ms
isogeny  m=2 tower  t= 2 N= 4 g= 1 random  Dmax=  5 reached=  5 cols_to_sol=     48 cols=     48      0.3 ms
isogeny  m=2 tower  t= 3 N= 6 g= 1 planted Dmax=  5 reached=  6 cols_to_sol=    146 cols=    275      6.7 ms
isogeny  m=2 tower  t= 3 N= 6 g= 1 planted Dmax=  5 reached=  6 cols_to_sol=    146 cols=    291      2.7 ms
isogeny  m=2 tower  t= 3 N= 6 g= 1 random  Dmax=  5 reached=  5 cols_to_sol=    146 cols=    146      1.1 ms
isogeny  m=2 tower  t= 3 N= 6 g= 1 random  Dmax=  5 reached=  5 cols_to_sol=    146 cols=    146      1.1 ms
isogeny  m=2 tower  t= 4 N= 8 g= 1 planted Dmax=  5 reached=  7 cols_to_sol=    327 cols=   1031     23.9 ms
isogeny  m=2 tower  t= 4 N= 8 g= 1 planted Dmax=  5 reached=  7 cols_to_sol=    327 cols=    894     22.9 ms
isogeny  m=2 tower  t= 4 N= 8 g= 1 random  Dmax=  5 reached=  5 cols_to_sol=    327 cols=    327     18.2 ms
isogeny  m=2 tower  t= 4 N= 8 g= 1 random  Dmax=  5 reached=  5 cols_to_sol=    327 cols=    327     11.5 ms
isogeny  m=2 tower  t= 5 N=10 g= 1 planted Dmax=  5 reached=  7 cols_to_sol=    632 cols=   3465    245.4 ms
isogeny  m=2 tower  t= 5 N=10 g= 1 planted Dmax=  5 reached=  7 cols_to_sol=    632 cols=   3421    215.7 ms
isogeny  m=2 tower  t= 5 N=10 g= 1 random  Dmax=  5 reached=  5 cols_to_sol=    632 cols=    632     50.3 ms
isogeny  m=2 tower  t= 5 N=10 g= 1 random  Dmax=  5 reached=  5 cols_to_sol=    632 cols=    632     40.1 ms
isogeny  m=2 null   t= 1 N= 2 g= 1 planted Dmax=  4 reached=  4 cols_to_sol=      9 cols=      9      0.1 ms
isogeny  m=2 null   t= 1 N= 2 g= 1 planted Dmax=  4 reached=  4 cols_to_sol=      9 cols=      9      0.0 ms
isogeny  m=2 null   t= 1 N= 2 g= 1 random  Dmax=  4 reached=  4 cols_to_sol=      9 cols=      9      0.0 ms
isogeny  m=2 null   t= 1 N= 2 g= 1 random  Dmax=  4 reached=  4 cols_to_sol=      9 cols=      9      0.0 ms
isogeny  m=2 null   t= 2 N= 4 g= 1 planted Dmax=  5 reached=  5 cols_to_sol=     48 cols=     48      0.9 ms
isogeny  m=2 null   t= 2 N= 4 g= 1 planted Dmax=  5 reached=  5 cols_to_sol=     48 cols=     48      0.3 ms
isogeny  m=2 null   t= 2 N= 4 g= 1 random  Dmax=  5 reached=  5 cols_to_sol=     48 cols=     48      0.2 ms
isogeny  m=2 null   t= 2 N= 4 g= 1 random  Dmax=  5 reached=  5 cols_to_sol=     48 cols=     48      0.2 ms
isogeny  m=2 null   t= 3 N= 6 g= 1 planted Dmax=  5 reached=  6 cols_to_sol=    146 cols=    304      9.0 ms
isogeny  m=2 null   t= 3 N= 6 g= 1 planted Dmax=  5 reached=  6 cols_to_sol=    146 cols=    304      4.2 ms
isogeny  m=2 null   t= 3 N= 6 g= 1 random  Dmax=  5 reached=  5 cols_to_sol=    146 cols=    146      1.5 ms
isogeny  m=2 null   t= 3 N= 6 g= 1 random  Dmax=  5 reached=  5 cols_to_sol=    146 cols=    146      1.3 ms
isogeny  m=2 null   t= 4 N= 8 g= 1 planted Dmax=  5 reached=  7 cols_to_sol=    327 cols=    867     17.9 ms
isogeny  m=2 null   t= 4 N= 8 g= 1 planted Dmax=  5 reached=  7 cols_to_sol=    327 cols=    867     25.8 ms
isogeny  m=2 null   t= 4 N= 8 g= 1 random  Dmax=  5 reached=  5 cols_to_sol=    327 cols=    327     13.7 ms
isogeny  m=2 null   t= 4 N= 8 g= 1 random  Dmax=  5 reached=  5 cols_to_sol=    327 cols=    327     13.2 ms
isogeny  m=2 null   t= 5 N=10 g= 1 planted Dmax=  5 reached=  7 cols_to_sol=    632 cols=   3303    235.8 ms
isogeny  m=2 null   t= 5 N=10 g= 1 planted Dmax=  5 reached=  7 cols_to_sol=    632 cols=   3303    220.3 ms
isogeny  m=2 null   t= 5 N=10 g= 1 random  Dmax=  5 reached=  5 cols_to_sol=    632 cols=    632     42.8 ms
isogeny  m=2 null   t= 5 N=10 g= 1 random  Dmax=  5 reached=  5 cols_to_sol=    632 cols=    632     40.2 ms
isogeny  m=3 tower  t= 2 N= 6 g= 1 planted Dmax=  6 reached=  8 cols_to_sol=    399 cols=   1377     36.8 ms
isogeny  m=3 tower  t= 2 N= 6 g= 1 planted Dmax=  6 reached=  8 cols_to_sol=    399 cols=   1377     34.0 ms
isogeny  m=3 tower  t= 2 N= 6 g= 1 random  Dmax=  6 reached=  6 cols_to_sol=    399 cols=    399      9.5 ms
isogeny  m=3 tower  t= 2 N= 6 g= 1 random  Dmax=  6 reached=  6 cols_to_sol=    399 cols=    399      9.2 ms
isogeny  m=3 tower  t= 3 N= 9 g= 1 planted Dmax=  6 reached= 11 cols_to_sol=   3543 cols=  22304   3533.0 ms
isogeny  m=3 tower  t= 3 N= 9 g= 1 planted Dmax=  6 reached= 11 cols_to_sol=   3543 cols=  22304   3423.4 ms
isogeny  m=3 tower  t= 3 N= 9 g= 1 random  Dmax=  6 reached=  6 cols_to_sol=   3543 cols=   3543    924.2 ms
isogeny  m=3 tower  t= 3 N= 9 g= 1 random  Dmax=  6 reached=  6 cols_to_sol=   3543 cols=   3543    999.5 ms
kummer   m=2 ladder t= 4 N= 8 g= 1 planted Dmax=  4 reached=  6 cols_to_sol=    282 cols=    693     25.8 ms
kummer   m=2 ladder t= 4 N= 8 g= 1 planted Dmax=  4 reached=  6 cols_to_sol=    282 cols=    693     11.6 ms
kummer   m=2 ladder t= 4 N= 8 g= 4 planted Dmax=  4 reached=  7 cols_to_sol=    371 cols=    847     21.1 ms
kummer   m=2 ladder t= 4 N= 8 g= 4 planted Dmax=  4 reached=  7 cols_to_sol=    371 cols=    847     31.4 ms
dickson  m=2 ladder t= 4 N= 8 g= 1 planted Dmax=  4 reached=  6 cols_to_sol=    282 cols=    654     15.7 ms
dickson  m=2 ladder t= 4 N= 8 g= 1 planted Dmax=  4 reached=  6 cols_to_sol=    282 cols=    644     15.8 ms
dickson  m=2 ladder t= 4 N= 8 g= 4 planted Dmax=  4 reached=  7 cols_to_sol=    371 cols=    847     23.0 ms
dickson  m=2 ladder t= 4 N= 8 g= 4 planted Dmax=  4 reached=  7 cols_to_sol=    371 cols=    847     24.2 ms
isogeny  m=2 ladder t= 4 N= 8 g= 1 planted Dmax=  5 reached=  7 cols_to_sol=    327 cols=   1031     22.9 ms
isogeny  m=2 ladder t= 4 N= 8 g= 1 planted Dmax=  5 reached=  7 cols_to_sol=    327 cols=    894     22.6 ms
isogeny  m=2 ladder t= 4 N= 8 g= 4 planted Dmax=  4 reached=  7 cols_to_sol=    372 cols=    848     33.1 ms
isogeny  m=2 ladder t= 4 N= 8 g= 4 planted Dmax=  4 reached=  7 cols_to_sol=    372 cols=    848     26.6 ms
{"budget_seconds":60,"p":786433,"planted_per_cell":2,"planted_violations":0,"random_per_cell":2,"rows":176,"seed":1347112276,"wall_seconds":54.373503874}
