   Compiling proc-macro2 v1.0.107
   Compiling quote v1.0.47
   Compiling unicode-ident v1.0.24
   Compiling cfg-if v1.0.4
   Compiling libc v0.2.189
   Compiling crossbeam-utils v0.8.23
   Compiling zerocopy v0.8.57
   Compiling syn v3.0.5
   Compiling serde_core v1.0.229
   Compiling autocfg v1.5.1
   Compiling crossbeam-epoch v0.9.21
   Compiling num-traits v0.2.19
   Compiling getrandom v0.2.17
   Compiling find-msvc-tools v0.1.12
   Compiling crossbeam-deque v0.8.8
   Compiling utf8parse v0.2.2
   Compiling shlex v2.0.1
   Compiling cc v1.4.6
   Compiling anstyle-parse v1.0.0
   Compiling rand_core v0.6.4
   Compiling ppv-lite86 v0.2.21
   Compiling colorchoice v1.0.5
   Compiling serde v1.0.229
   Compiling anstyle v1.0.14
   Compiling rayon-core v1.13.0
   Compiling zmij v1.0.23
   Compiling anstyle-query v1.1.5
   Compiling is_terminal_polyfill v1.70.2
   Compiling crc32fast v1.5.2
   Compiling anstream v1.0.0
   Compiling rand_chacha v0.3.1
   Compiling blake3 v1.8.7
   Compiling serde_derive v1.0.229
   Compiling syn v2.0.119
   Compiling heck v0.5.0
   Compiling strsim v0.11.1
   Compiling clap_lex v1.1.0
   Compiling serde_json v1.0.151
   Compiling adler2 v2.0.1
   Compiling simd-adler32 v0.3.10
   Compiling miniz_oxide v0.9.1
   Compiling zeroize_derive v1.5.0
   Compiling clap_builder v4.6.6
   Compiling clap_derive v4.6.4
