   1/208 rho-strong     icv1-f2m13-t181-515ee569 W375390598731  verified S=14.318 L2
   2/208 sub6-subtract  icv1-f2m13-t181-515ee569 W375390598731  verified S=66.682 L2
   3/208 sub6-mitm      icv1-f2m13-t181-515ee569 W375390598731  verified S=58.946 L2
   4/208 sub6-da-sat    icv1-f2m13-t181-515ee569 W375390598731  verified S=14.044 L2
   5/208 sub6-da-buch   icv1-f2m13-t181-515ee569 W375390598731  verified S=14.133 L2
   6/208 sub6-da-f4     icv1-f2m13-t181-515ee569 W375390598731  verified S=14.133 L2
   7/208 sub6-da-crossbred icv1-f2m13-t181-515ee569 W375390598731  verified S=13.697 L2
   8/208 sub8-subtract  icv1-f2m13-t181-515ee569 W375390598731  verified S=41.797 L2
   9/208 sub8-mitm      icv1-f2m13-t181-515ee569 W375390598731  verified S=736.442 L1
  10/208 sub8-da-sat    icv1-f2m13-t181-515ee569 W375390598731  verified S=16.218 L1
  11/208 sub8-da-buch   icv1-f2m13-t181-515ee569 W375390598731  verified S=16.064 L1
  12/208 sub8-da-f4     icv1-f2m13-t181-515ee569 W375390598731  verified S=16.064 L1
  13/208 sub8-da-crossbred icv1-f2m13-t181-515ee569 W375390598731  verified S=15.974 L2
  14/208 rho-strong     icv1-f2m13-t181-515ee569 W5365a6be7941  verified S=14.341 L2
  15/208 sub6-subtract  icv1-f2m13-t181-515ee569 W5365a6be7941  verified S=78.158 L2
  16/208 sub6-mitm      icv1-f2m13-t181-515ee569 W5365a6be7941  verified S=61.041 L1
  17/208 sub6-da-sat    icv1-f2m13-t181-515ee569 W5365a6be7941  verified S=15.914 L2
  18/208 sub6-da-buch   icv1-f2m13-t181-515ee569 W5365a6be7941  verified S=15.870 L2
  19/208 sub6-da-f4     icv1-f2m13-t181-515ee569 W5365a6be7941  verified S=15.870 L2
  20/208 sub6-da-crossbred icv1-f2m13-t181-515ee569 W5365a6be7941  verified S=15.914 L2
  21/208 sub8-subtract  icv1-f2m13-t181-515ee569 W5365a6be7941  verified S=49.762 L2
  22/208 sub8-mitm      icv1-f2m13-t181-515ee569 W5365a6be7941  verified S=739.341 L1
  23/208 sub8-da-sat    icv1-f2m13-t181-515ee569 W5365a6be7941  verified S=20.152 L1
  24/208 sub8-da-buch   icv1-f2m13-t181-515ee569 W5365a6be7941  verified S=20.010 L1
  25/208 sub8-da-f4     icv1-f2m13-t181-515ee569 W5365a6be7941  verified S=20.010 L1
  26/208 sub8-da-crossbred icv1-f2m13-t181-515ee569 W5365a6be7941  verified S=20.099 L1
  27/208 rho-strong     icv1-f2m13-t181-515ee569 W91fd40e15c8f  verified S=13.603 L2
  28/208 sub6-subtract  icv1-f2m13-t181-515ee569 W91fd40e15c8f  verified S=58.220 L2
  29/208 sub6-mitm      icv1-f2m13-t181-515ee569 W91fd40e15c8f  verified S=58.465 L2
  30/208 sub6-da-sat    icv1-f2m13-t181-515ee569 W91fd40e15c8f  verified S=13.051 L2
  31/208 sub6-da-buch   icv1-f2m13-t181-515ee569 W91fd40e15c8f  verified S=13.141 L2
  32/208 sub6-da-f4     icv1-f2m13-t181-515ee569 W91fd40e15c8f  verified S=13.141 L2
  33/208 sub6-da-crossbred icv1-f2m13-t181-515ee569 W91fd40e15c8f  verified S=13.096 L2
  34/208 sub8-subtract  icv1-f2m13-t181-515ee569 W91fd40e15c8f  verified S=56.102 L2
  35/208 sub8-mitm      icv1-f2m13-t181-515ee569 W91fd40e15c8f  verified S=737.315 L2
  36/208 sub8-da-sat    icv1-f2m13-t181-515ee569 W91fd40e15c8f  verified S=21.416 L1
  37/208 sub8-da-buch   icv1-f2m13-t181-515ee569 W91fd40e15c8f  verified S=18.452 L1
  38/208 sub8-da-f4     icv1-f2m13-t181-515ee569 W91fd40e15c8f  verified S=18.452 L1
  39/208 sub8-da-crossbred icv1-f2m13-t181-515ee569 W91fd40e15c8f  verified S=18.363 L2
  40/208 rho-strong     icv1-f2m13-t181-515ee569 Wea9509e9e485  verified S=14.385 L2
  41/208 sub6-subtract  icv1-f2m13-t181-515ee569 Wea9509e9e485  verified S=48.874 L2
  42/208 sub6-mitm      icv1-f2m13-t181-515ee569 Wea9509e9e485  verified S=58.139 L2
  43/208 sub6-da-sat    icv1-f2m13-t181-515ee569 Wea9509e9e485  verified S=12.503 L1
  44/208 sub6-da-buch   icv1-f2m13-t181-515ee569 Wea9509e9e485  verified S=12.503 L2
  45/208 sub6-da-f4     icv1-f2m13-t181-515ee569 Wea9509e9e485  verified S=12.503 L2
  46/208 sub6-da-crossbred icv1-f2m13-t181-515ee569 Wea9509e9e485  verified S=12.597 L2
  47/208 sub8-subtract  icv1-f2m13-t181-515ee569 Wea9509e9e485  verified S=30.641 L2
  48/208 sub8-mitm      icv1-f2m13-t181-515ee569 Wea9509e9e485  verified S=735.821 L2
  49/208 sub8-da-sat    icv1-f2m13-t181-515ee569 Wea9509e9e485  verified S=15.203 L1
  50/208 sub8-da-buch   icv1-f2m13-t181-515ee569 Wea9509e9e485  verified S=14.686 L1
  51/208 sub8-da-f4     icv1-f2m13-t181-515ee569 Wea9509e9e485  verified S=14.686 L1
  52/208 sub8-da-crossbred icv1-f2m13-t181-515ee569 Wea9509e9e485  verified S=14.775 L2
  53/208 rho-strong     icv1-f2m17-tm101-00378d4e Wf05b1af12dbe  verified S=3.663 L2
  54/208 sub6-subtract  icv1-f2m17-tm101-00378d4e Wf05b1af12dbe  verified S=195.626 L1
  55/208 sub6-mitm      icv1-f2m17-tm101-00378d4e Wf05b1af12dbe  verified S=14.232 L2
  56/208 sub6-da-sat    icv1-f2m17-tm101-00378d4e Wf05b1af12dbe  verified S=6.784 L1
  57/208 sub6-da-buch   icv1-f2m17-tm101-00378d4e Wf05b1af12dbe  verified S=6.768 L1
  58/208 sub6-da-f4     icv1-f2m17-tm101-00378d4e Wf05b1af12dbe  verified S=6.768 L2
  59/208 sub6-da-crossbred icv1-f2m17-tm101-00378d4e Wf05b1af12dbe  verified S=6.776 L1
  60/208 sub8-subtract  icv1-f2m17-tm101-00378d4e Wf05b1af12dbe  verified S=265.583 L2
  61/208 sub8-mitm      icv1-f2m17-tm101-00378d4e Wf05b1af12dbe  verified S=117.707 L1
  62/208 sub8-da-sat    icv1-f2m17-tm101-00378d4e Wf05b1af12dbe  verified S=5.982 L1
  63/208 sub8-da-buch   icv1-f2m17-tm101-00378d4e Wf05b1af12dbe  verified S=5.995 L1
  64/208 sub8-da-f4     icv1-f2m17-tm101-00378d4e Wf05b1af12dbe  verified S=5.995 L1
  65/208 sub8-da-crossbred icv1-f2m17-tm101-00378d4e Wf05b1af12dbe  verified S=5.933 L1
  66/208 rho-strong     icv1-f2m17-tm101-00378d4e Wdc876c713c30  verified S=3.659 L2
  67/208 sub6-subtract  icv1-f2m17-tm101-00378d4e Wdc876c713c30  verified S=454.978 L1
  68/208 sub6-mitm      icv1-f2m17-tm101-00378d4e Wdc876c713c30  verified S=20.699 L2
  69/208 sub6-da-sat    icv1-f2m17-tm101-00378d4e Wdc876c713c30  verified S=13.337 L1
  70/208 sub6-da-buch   icv1-f2m17-tm101-00378d4e Wdc876c713c30  verified S=13.345 L2
  71/208 sub6-da-f4     icv1-f2m17-tm101-00378d4e Wdc876c713c30  verified S=13.345 L2
  72/208 sub6-da-crossbred icv1-f2m17-tm101-00378d4e Wdc876c713c30  verified S=13.322 L1
  73/208 sub8-subtract  icv1-f2m17-tm101-00378d4e Wdc876c713c30  verified S=347.329 L1
  74/208 sub8-mitm      icv1-f2m17-tm101-00378d4e Wdc876c713c30  verified S=118.180 L1
  75/208 sub8-da-sat    icv1-f2m17-tm101-00378d4e Wdc876c713c30  verified S=5.703 L1
  76/208 sub8-da-buch   icv1-f2m17-tm101-00378d4e Wdc876c713c30  verified S=6.351 L1
  77/208 sub8-da-f4     icv1-f2m17-tm101-00378d4e Wdc876c713c30  verified S=6.351 L1
  78/208 sub8-da-crossbred icv1-f2m17-tm101-00378d4e Wdc876c713c30  verified S=6.414 L1
  79/208 rho-strong     icv1-f2m17-tm101-00378d4e We9c794b855ce  verified S=4.159 L2
  80/208 sub6-subtract  icv1-f2m17-tm101-00378d4e We9c794b855ce  verified S=119.338 L1
  81/208 sub6-mitm      icv1-f2m17-tm101-00378d4e We9c794b855ce  verified S=12.980 L2
  82/208 sub6-da-sat    icv1-f2m17-tm101-00378d4e We9c794b855ce  verified S=5.401 L1
  83/208 sub6-da-buch   icv1-f2m17-tm101-00378d4e We9c794b855ce  verified S=5.417 L2
  84/208 sub6-da-f4     icv1-f2m17-tm101-00378d4e We9c794b855ce  verified S=5.417 L2
  85/208 sub6-da-crossbred icv1-f2m17-tm101-00378d4e We9c794b855ce  verified S=5.409 L1
  86/208 sub8-subtract  icv1-f2m17-tm101-00378d4e We9c794b855ce  verified S=247.764 L1
  87/208 sub8-mitm      icv1-f2m17-tm101-00378d4e We9c794b855ce  verified S=117.314 L2
  88/208 sub8-da-sat    icv1-f2m17-tm101-00378d4e We9c794b855ce  verified S=5.283 L1
  89/208 sub8-da-buch   icv1-f2m17-tm101-00378d4e We9c794b855ce  verified S=5.338 L1
  90/208 sub8-da-f4     icv1-f2m17-tm101-00378d4e We9c794b855ce  verified S=5.338 L1
  91/208 sub8-da-crossbred icv1-f2m17-tm101-00378d4e We9c794b855ce  verified S=5.345 L1
  92/208 rho-strong     icv1-f2m17-tm101-00378d4e Wa0c26be9dc69  verified S=3.909 L2
  93/208 sub6-subtract  icv1-f2m17-tm101-00378d4e Wa0c26be9dc69  verified S=141.820 L1
  94/208 sub6-mitm      icv1-f2m17-tm101-00378d4e Wa0c26be9dc69  verified S=13.272 L2
  95/208 sub6-da-sat    icv1-f2m17-tm101-00378d4e Wa0c26be9dc69  verified S=5.810 L1
  96/208 sub6-da-buch   icv1-f2m17-tm101-00378d4e Wa0c26be9dc69  verified S=5.826 L2
  97/208 sub6-da-f4     icv1-f2m17-tm101-00378d4e Wa0c26be9dc69  verified S=5.826 L2
  98/208 sub6-da-crossbred icv1-f2m17-tm101-00378d4e Wa0c26be9dc69  verified S=5.826 L1
  99/208 sub8-subtract  icv1-f2m17-tm101-00378d4e Wa0c26be9dc69  verified S=316.302 L1
 100/208 sub8-mitm      icv1-f2m17-tm101-00378d4e Wa0c26be9dc69  verified S=118.016 L2
 101/208 sub8-da-sat    icv1-f2m17-tm101-00378d4e Wa0c26be9dc69  verified S=6.220 L1
 102/208 sub8-da-buch   icv1-f2m17-tm101-00378d4e Wa0c26be9dc69  verified S=6.200 L1
 103/208 sub8-da-f4     icv1-f2m17-tm101-00378d4e Wa0c26be9dc69  verified S=6.200 L1
 104/208 sub8-da-crossbred icv1-f2m17-tm101-00378d4e Wa0c26be9dc69  verified S=6.192 L1
 105/208 rho-strong     icv1-f2m19-t797-b6cf2467 Wf1c6a9bc2a29  verified S=2.823 L2
 106/208 sub6-subtract  icv1-f2m19-t797-b6cf2467 Wf1c6a9bc2a29  verified S=577.357 L1
 107/208 sub6-mitm      icv1-f2m19-t797-b6cf2467 Wf1c6a9bc2a29  verified S=19.029 L2
 108/208 sub6-da-sat    icv1-f2m19-t797-b6cf2467 Wf1c6a9bc2a29  verified S=13.431 L1
 109/208 sub6-da-buch   icv1-f2m19-t797-b6cf2467 Wf1c6a9bc2a29  verified S=13.437 L2
 110/208 sub6-da-f4     icv1-f2m19-t797-b6cf2467 Wf1c6a9bc2a29  verified S=13.437 L1
 111/208 sub6-da-crossbred icv1-f2m19-t797-b6cf2467 Wf1c6a9bc2a29  verified S=13.431 L1
 112/208 sub8-subtract  icv1-f2m19-t797-b6cf2467 Wf1c6a9bc2a29  verified S=450.485 L2
 113/208 sub8-mitm      icv1-f2m19-t797-b6cf2467 Wf1c6a9bc2a29  verified S=111.523 L2
 114/208 sub8-da-sat    icv1-f2m19-t797-b6cf2467 Wf1c6a9bc2a29  verified S=4.951 L1
 115/208 sub8-da-buch   icv1-f2m19-t797-b6cf2467 Wf1c6a9bc2a29  verified S=4.945 L1
 116/208 sub8-da-f4     icv1-f2m19-t797-b6cf2467 Wf1c6a9bc2a29  verified S=4.945 L1
 117/208 sub8-da-crossbred icv1-f2m19-t797-b6cf2467 Wf1c6a9bc2a29  verified S=4.929 L1
 118/208 rho-strong     icv1-f2m19-t797-b6cf2467 Wc060f3226209  verified S=2.912 L2
 119/208 sub6-subtract  icv1-f2m19-t797-b6cf2467 Wc060f3226209  verified S=1050.158 L2
 120/208 sub6-mitm      icv1-f2m19-t797-b6cf2467 Wc060f3226209  verified S=26.454 L2
 121/208 sub6-da-sat    icv1-f2m19-t797-b6cf2467 Wc060f3226209  verified S=20.925 L1
 122/208 sub6-da-buch   icv1-f2m19-t797-b6cf2467 Wc060f3226209  verified S=20.942 L1
 123/208 sub6-da-f4     icv1-f2m19-t797-b6cf2467 Wc060f3226209  verified S=20.942 L2
 124/208 sub6-da-crossbred icv1-f2m19-t797-b6cf2467 Wc060f3226209  verified S=20.936 L1
 125/208 sub8-subtract  icv1-f2m19-t797-b6cf2467 Wc060f3226209  verified S=960.124 L2
 126/208 sub8-mitm      icv1-f2m19-t797-b6cf2467 Wc060f3226209  verified S=113.809 L2
 127/208 sub8-da-sat    icv1-f2m19-t797-b6cf2467 Wc060f3226209   timeout S=- L0
 128/208 sub8-da-buch   icv1-f2m19-t797-b6cf2467 Wc060f3226209  verified S=7.568 L1
 129/208 sub8-da-f4     icv1-f2m19-t797-b6cf2467 Wc060f3226209  verified S=7.568 L1
 130/208 sub8-da-crossbred icv1-f2m19-t797-b6cf2467 Wc060f3226209  verified S=7.607 L1
 131/208 rho-strong     icv1-f2m19-t797-b6cf2467 W498456f5ab7e  verified S=2.912 L2
 132/208 sub6-subtract  icv1-f2m19-t797-b6cf2467 W498456f5ab7e  verified S=870.485 L1
 133/208 sub6-mitm      icv1-f2m19-t797-b6cf2467 W498456f5ab7e  verified S=23.554 L2
 134/208 sub6-da-sat    icv1-f2m19-t797-b6cf2467 W498456f5ab7e  verified S=17.990 L1
 135/208 sub6-da-buch   icv1-f2m19-t797-b6cf2467 W498456f5ab7e  verified S=17.995 L1
 136/208 sub6-da-f4     icv1-f2m19-t797-b6cf2467 W498456f5ab7e  verified S=17.995 L2
 137/208 sub6-da-crossbred icv1-f2m19-t797-b6cf2467 W498456f5ab7e  verified S=18.001 L1
 138/208 sub8-subtract  icv1-f2m19-t797-b6cf2467 W498456f5ab7e  verified S=812.492 L2
 139/208 sub8-mitm      icv1-f2m19-t797-b6cf2467 W498456f5ab7e  verified S=112.999 L2
 140/208 sub8-da-sat    icv1-f2m19-t797-b6cf2467 W498456f5ab7e   timeout S=- L0
 141/208 sub8-da-buch   icv1-f2m19-t797-b6cf2467 W498456f5ab7e  verified S=6.626 L1
 142/208 sub8-da-f4     icv1-f2m19-t797-b6cf2467 W498456f5ab7e  verified S=6.626 L1
 143/208 sub8-da-crossbred icv1-f2m19-t797-b6cf2467 W498456f5ab7e  verified S=6.654 L1
 144/208 rho-strong     icv1-f2m19-t797-b6cf2467 Wd2b57f50ffc8  verified S=3.443 L2
 145/208 sub6-subtract  icv1-f2m19-t797-b6cf2467 Wd2b57f50ffc8  verified S=994.898 L2
 146/208 sub6-mitm      icv1-f2m19-t797-b6cf2467 Wd2b57f50ffc8  verified S=25.553 L2
 147/208 sub6-da-sat    icv1-f2m19-t797-b6cf2467 Wd2b57f50ffc8  verified S=19.969 L1
 148/208 sub6-da-buch   icv1-f2m19-t797-b6cf2467 Wd2b57f50ffc8  verified S=19.969 L2
 149/208 sub6-da-f4     icv1-f2m19-t797-b6cf2467 Wd2b57f50ffc8  verified S=19.969 L1
 150/208 sub6-da-crossbred icv1-f2m19-t797-b6cf2467 Wd2b57f50ffc8  verified S=19.985 L1
 151/208 sub8-subtract  icv1-f2m19-t797-b6cf2467 Wd2b57f50ffc8  verified S=646.510 L2
 152/208 sub8-mitm      icv1-f2m19-t797-b6cf2467 Wd2b57f50ffc8  verified S=112.258 L2
 153/208 sub8-da-sat    icv1-f2m19-t797-b6cf2467 Wd2b57f50ffc8   timeout S=- L0
 154/208 sub8-da-buch   icv1-f2m19-t797-b6cf2467 Wd2b57f50ffc8  verified S=5.683 L1
 155/208 sub8-da-f4     icv1-f2m19-t797-b6cf2467 Wd2b57f50ffc8  verified S=5.683 L1
 156/208 sub8-da-crossbred icv1-f2m19-t797-b6cf2467 Wd2b57f50ffc8  verified S=5.755 L1
 157/208 rho-strong     icv1-f2m23-t5197-69e76b73 W186e2ba1a128  verified S=1.204 L2
 158/208 sub6-subtract  icv1-f2m23-t5197-69e76b73 W186e2ba1a128  verified S=1141.650 L2
 159/208 sub6-mitm      icv1-f2m23-t5197-69e76b73 W186e2ba1a128  verified S=18.542 L2
 160/208 sub6-da-sat    icv1-f2m23-t5197-69e76b73 W186e2ba1a128   timeout S=- L0
 161/208 sub6-da-buch   icv1-f2m23-t5197-69e76b73 W186e2ba1a128  verified S=16.643 L1
 162/208 sub6-da-f4     icv1-f2m23-t5197-69e76b73 W186e2ba1a128  verified S=16.643 L1
 163/208 sub6-da-crossbred icv1-f2m23-t5197-69e76b73 W186e2ba1a128  verified S=16.644 L1
 164/208 sub8-subtract  icv1-f2m23-t5197-69e76b73 W186e2ba1a128  verified S=2505.731 L1
 165/208 sub8-mitm      icv1-f2m23-t5197-69e76b73 W186e2ba1a128  verified S=36.561 L1
 166/208 sub8-da-sat    icv1-f2m23-t5197-69e76b73 W186e2ba1a128   timeout S=- L0
 167/208 sub8-da-buch   icv1-f2m23-t5197-69e76b73 W186e2ba1a128  verified S=10.724 L1
 168/208 sub8-da-f4     icv1-f2m23-t5197-69e76b73 W186e2ba1a128  verified S=10.724 L1
 169/208 sub8-da-crossbred icv1-f2m23-t5197-69e76b73 W186e2ba1a128  verified S=10.738 L1
 170/208 rho-strong     icv1-f2m23-t5197-69e76b73 W821f84b41d0d  verified S=1.293 L1
 171/208 sub6-subtract  icv1-f2m23-t5197-69e76b73 W821f84b41d0d  verified S=2620.620 L1
 172/208 sub6-mitm      icv1-f2m23-t5197-69e76b73 W821f84b41d0d  verified S=38.589 L2
 173/208 sub6-da-sat    icv1-f2m23-t5197-69e76b73 W821f84b41d0d   timeout S=- L0
 174/208 sub6-da-buch   icv1-f2m23-t5197-69e76b73 W821f84b41d0d  verified S=36.725 L1
 175/208 sub6-da-f4     icv1-f2m23-t5197-69e76b73 W821f84b41d0d  verified S=36.725 L1
 176/208 sub6-da-crossbred icv1-f2m23-t5197-69e76b73 W821f84b41d0d  verified S=36.719 L1
 177/208 sub8-subtract  icv1-f2m23-t5197-69e76b73 W821f84b41d0d  verified S=2101.176 L1
 178/208 sub8-mitm      icv1-f2m23-t5197-69e76b73 W821f84b41d0d  verified S=35.058 L2
 179/208 sub8-da-sat    icv1-f2m23-t5197-69e76b73 W821f84b41d0d   timeout S=- L0
 180/208 sub8-da-buch   icv1-f2m23-t5197-69e76b73 W821f84b41d0d  verified S=9.168 L1
 181/208 sub8-da-f4     icv1-f2m23-t5197-69e76b73 W821f84b41d0d  verified S=9.168 L1
 182/208 sub8-da-crossbred icv1-f2m23-t5197-69e76b73 W821f84b41d0d  verified S=9.167 L1
 183/208 rho-strong     icv1-f2m23-t5197-69e76b73 Wb29116192761  verified S=1.116 L2
 184/208 sub6-subtract  icv1-f2m23-t5197-69e76b73 Wb29116192761  verified S=1457.757 L2
 185/208 sub6-mitm      icv1-f2m23-t5197-69e76b73 Wb29116192761  verified S=22.808 L1
 186/208 sub6-da-sat    icv1-f2m23-t5197-69e76b73 Wb29116192761   timeout S=- L0
 187/208 sub6-da-buch   icv1-f2m23-t5197-69e76b73 Wb29116192761  verified S=20.923 L1
 188/208 sub6-da-f4     icv1-f2m23-t5197-69e76b73 Wb29116192761  verified S=20.923 L1
 189/208 sub6-da-crossbred icv1-f2m23-t5197-69e76b73 Wb29116192761  verified S=20.923 L1
 190/208 sub8-subtract  icv1-f2m23-t5197-69e76b73 Wb29116192761  verified S=2657.445 L1
 191/208 sub8-mitm      icv1-f2m23-t5197-69e76b73 Wb29116192761  verified S=37.135 L2
 192/208 sub8-da-sat    icv1-f2m23-t5197-69e76b73 Wb29116192761   timeout S=- L0
 193/208 sub8-da-buch   icv1-f2m23-t5197-69e76b73 Wb29116192761  verified S=11.294 L1
 194/208 sub8-da-f4     icv1-f2m23-t5197-69e76b73 Wb29116192761  verified S=11.294 L1
 195/208 sub8-da-crossbred icv1-f2m23-t5197-69e76b73 Wb29116192761  verified S=11.291 L1
 196/208 rho-strong     icv1-f2m23-t5197-69e76b73 W493649838ea2  verified S=1.072 L2
 197/208 sub6-subtract  icv1-f2m23-t5197-69e76b73 W493649838ea2  verified S=2357.987 L1
 198/208 sub6-mitm      icv1-f2m23-t5197-69e76b73 W493649838ea2  verified S=35.015 L2
 199/208 sub6-da-sat    icv1-f2m23-t5197-69e76b73 W493649838ea2   timeout S=- L0
 200/208 sub6-da-buch   icv1-f2m23-t5197-69e76b73 W493649838ea2  verified S=33.154 L1
 201/208 sub6-da-f4     icv1-f2m23-t5197-69e76b73 W493649838ea2  verified S=33.154 L1
 202/208 sub6-da-crossbred icv1-f2m23-t5197-69e76b73 W493649838ea2  verified S=33.150 L1
 203/208 sub8-subtract  icv1-f2m23-t5197-69e76b73 W493649838ea2  verified S=2424.286 L2
 204/208 sub8-mitm      icv1-f2m23-t5197-69e76b73 W493649838ea2  verified S=36.267 L2
 205/208 sub8-da-sat    icv1-f2m23-t5197-69e76b73 W493649838ea2   timeout S=- L0
 206/208 sub8-da-buch   icv1-f2m23-t5197-69e76b73 W493649838ea2  verified S=10.394 L1
 207/208 sub8-da-f4     icv1-f2m23-t5197-69e76b73 W493649838ea2  verified S=10.394 L1
 208/208 sub8-da-crossbred icv1-f2m23-t5197-69e76b73 W493649838ea2  verified S=10.389 L1
session ECBS1h0d1ce1d04e54 complete -> research/ecbench_yield_sweep_20261004/sessions/koblitz (208 records: {"timeout": 11, "verified": 197})
koblitz exit 0
