    Updating crates.io index
 Downloading crates ...
  Downloaded zeroize_derive v1.5.0
  Downloaded quote v1.0.47
  Downloaded cfg-if v1.0.4
  Downloaded utf8_iter v1.0.4
  Downloaded heck v0.5.0
  Downloaded clap_lex v1.1.0
  Downloaded zmij v1.0.23
  Downloaded colorchoice v1.0.5
  Downloaded find-msvc-tools v0.1.12
  Downloaded anstyle-query v1.1.5
  Downloaded yoke v0.8.3
  Downloaded cpufeatures v0.3.1
  Downloaded arrayvec v0.7.8
  Downloaded wasi v0.11.1+wasi-snapshot-preview1
  Downloaded clap v4.6.6
  Downloaded base64 v0.21.7
  Downloaded zerocopy-derive v0.8.57
  Downloaded crossbeam-utils v0.8.23
  Downloaded flate2 v1.1.10
  Downloaded rand v0.8.8
  Downloaded clap_builder v4.6.6
  Downloaded blake3 v1.8.7
  Downloaded zlib-rs v0.6.7
  Downloaded idna v1.1.0
  Downloaded icu_properties_data v2.3.0
  Downloaded hex v0.4.3
  Downloaded serde_json v1.0.151
  Downloaded syn v3.0.5
  Downloaded zerocopy v0.8.57
  Downloaded syn v2.0.119
  Downloaded rayon v1.12.0
  Downloaded zerovec v0.11.8
  Downloaded redis v0.32.7
  Downloaded url v2.5.8
  Downloaded windows_aarch64_gnullvm v0.52.6
  Downloaded windows_x86_64_gnullvm v0.52.6
  Downloaded windows_i686_gnullvm v0.52.6
  Downloaded rustls v0.23.45
  Downloaded memchr v2.8.3
  Downloaded security-framework v3.7.0
  Downloaded bytes v1.12.1
  Downloaded combine v4.6.8
  Downloaded cc v1.4.5
  Downloaded icu_properties v2.3.0
  Downloaded icu_normalizer v2.3.0
  Downloaded serde v1.0.229
  Downloaded rayon-core v1.13.0
  Downloaded num-traits v0.2.19
  Downloaded num-bigint v0.4.8
  Downloaded getrandom v0.2.17
  Downloaded rustls-webpki v0.103.15
  Downloaded icu_locale_core v2.3.0
  Downloaded icu_provider v2.3.1
  Downloaded serde_derive v1.0.229
  Downloaded rustls-pki-types v1.15.1
  Downloaded schannel v0.1.29
  Downloaded core-foundation v0.10.1
  Downloaded windows_aarch64_msvc v0.52.6
  Downloaded windows_x86_64_gnu v0.52.6
  Downloaded windows_i686_gnu v0.52.6
  Downloaded windows_x86_64_msvc v0.52.6
  Downloaded windows_i686_msvc v0.52.6
  Downloaded libc v0.2.189
  Downloaded core-foundation-sys v0.8.7
  Downloaded socket2 v0.6.5
  Downloaded icu_collections v2.3.0
  Downloaded zerotrie v0.2.5
  Downloaded synstructure v0.14.0
  Downloaded smallvec v1.16.1
  Downloaded either v1.18.0
  Downloaded crossbeam-epoch v0.9.21
  Downloaded autocfg v1.5.1
  Downloaded rand_core v0.6.4
  Downloaded once_cell v1.21.4
  Downloaded ryu v1.0.23
  Downloaded icu_normalizer_data v2.3.0
  Downloaded tinystr v0.8.4
  Downloaded subtle v2.6.1
  Downloaded untrusted v0.9.0
  Downloaded openssl-probe v0.2.1
  Downloaded bitflags v2.13.2
  Downloaded rustls-native-certs v0.8.4
  Downloaded displaydoc v0.2.7
  Downloaded zerovec-derive v0.11.6
  Downloaded windows-targets v0.52.6
  Downloaded yoke-derive v0.8.3
  Downloaded constant_time_eq v0.4.2
  Downloaded anstyle v1.0.14
  Downloaded clap_derive v4.6.4
  Downloaded crc32fast v1.5.1
  Downloaded simd-adler32 v0.3.10
  Downloaded stable_deref_trait v1.2.1
  Downloaded proc-macro2 v1.0.107
  Downloaded anstyle-parse v1.0.0
  Downloaded ring v0.17.14
  Downloaded anstream v1.0.0
  Downloaded strsim v0.11.1
  Downloaded ppv-lite86 v0.2.21
  Downloaded shlex v2.0.1
  Downloaded form_urlencoded v1.2.2
  Downloaded potential_utf v0.1.6
  Downloaded idna_adapter v1.2.2
  Downloaded once_cell_polyfill v1.70.2
  Downloaded anstyle-wincon v3.0.11
  Downloaded windows-link v0.2.1
  Downloaded litemap v0.8.3
  Downloaded writeable v0.6.4
  Downloaded zerofrom-derive v0.1.8
  Downloaded serde_core v1.0.229
  Downloaded is_terminal_polyfill v1.70.2
  Downloaded utf8parse v0.2.2
  Downloaded crossbeam-deque v0.8.8
  Downloaded num-integer v0.1.47
  Downloaded security-framework-sys v2.17.0
  Downloaded unicode-ident v1.0.24
  Downloaded zeroize v1.9.0
  Downloaded adler2 v2.0.1
  Downloaded miniz_oxide v0.9.1
  Downloaded rand_chacha v0.3.1
  Downloaded zerofrom v0.1.8
  Downloaded itoa v1.0.18
  Downloaded percent-encoding v2.3.2
  Downloaded windows-sys v0.61.2
  Downloaded windows-sys v0.52.0
