{
  "curve": "y^2 + xy = x^3 + x^2 + 1",
  "curve_a": 1,
  "direct_meet_in_the_middle": {
    "reason": "run koblitz_pdp_backend direct-mitm under a separate process meter",
    "status": "not_run_in_export_process"
  },
  "ell": 5,
  "exports": {
    "cryptominisat_xor_dimacs": {
      "blake3": "27ce42b4d382d7886e1ebccd29638d53fb62751157f22310f2b87875fae435ec",
      "bytes": 42081,
      "cnf_clauses": 1505,
      "path": "instance.xor.cnf",
      "variables": 502,
      "xor_rows": 68
    },
    "magma_boolean_f4": {
      "blake3": "174cb55f3b56ae9fe22a4053f4124492cc46664e45026f79bf94c70ec38328ca",
      "bytes": 88584,
      "path": "instance.magma"
    },
    "wdsat_anf": {
      "blake3": "55069529719e9b7c753a45c1f68869a51377cdd1fcdc9057a259ab8402d44e0d",
      "bytes": 55457,
      "path": "instance.anf"
    }
  },
  "factor_base_basis_bitmasks": [
    "1",
    "2",
    "4",
    "8",
    "16"
  ],
  "factor_base_geometry": {
    "curve_points": 25,
    "distinct_curve_points": 25,
    "minimum_required": 3
  },
  "factor_base_predicate": {
    "definition": "x = sum(c_i z^i), c_i in F_2, 0 <= i < ell",
    "enumerates_target_subgroup": false,
    "kind": "polynomial_subspace",
    "uses_discrete_log_labels": false
  },
  "interpretation": "SAT is a witness only after source-system validation; Unknown is inconclusive and is never counted as UNSAT",
  "irreducible_low_terms": [
    0,
    3
  ],
  "kind": "binary_koblitz_pdp_cross_solver_instance",
  "m": 3,
  "n": 41,
  "native_sat": {
    "conflict_budget": 100000,
    "reason": "run koblitz_pdp_backend native-sat under a separate process meter",
    "status": "not_run_in_export_process"
  },
  "planted_points": [
    {
      "x": "3",
      "y": "1425167322643"
    },
    {
      "x": "30",
      "y": "543600355105"
    },
    {
      "x": "27",
      "y": "317175921978"
    }
  ],
  "representation": "symmetrised_s4",
  "scope": "standalone planted point-decomposition problem; not a completed index-calculus attack",
  "seed": 2026091303,
  "source_equations": 68,
  "source_instance": {
    "id_blake3": "11061d2bfb513787d20f80af99b80e7401d8e9078c16c14e399793c82e3b2ec0",
    "identity": {
      "curve_a": 1,
      "ell": 5,
      "exports": {
        "cryptominisat_xor_dimacs": {
          "blake3": "27ce42b4d382d7886e1ebccd29638d53fb62751157f22310f2b87875fae435ec",
          "bytes": 42081,
          "cnf_clauses": 1505,
          "path": "instance.xor.cnf",
          "variables": 502,
          "xor_rows": 68
        },
        "magma_boolean_f4": {
          "blake3": "174cb55f3b56ae9fe22a4053f4124492cc46664e45026f79bf94c70ec38328ca",
          "bytes": 88584,
          "path": "instance.magma"
        },
        "wdsat_anf": {
          "blake3": "55069529719e9b7c753a45c1f68869a51377cdd1fcdc9057a259ab8402d44e0d",
          "bytes": 55457,
          "path": "instance.anf"
        }
      },
      "factor_base_basis_bitmasks": [
        "1",
        "2",
        "4",
        "8",
        "16"
      ],
      "factor_base_predicate": {
        "definition": "x = sum(c_i z^i), c_i in F_2, 0 <= i < ell",
        "enumerates_target_subgroup": false,
        "kind": "polynomial_subspace",
        "uses_discrete_log_labels": false
      },
      "irreducible_low_terms": [
        0,
        3
      ],
      "m": 3,
      "n": 41,
      "representation": "symmetrised_s4",
      "schema": "koblitz_pdp_source_identity.v1",
      "seed": 2026091303,
      "source_equations": 68,
      "source_variables": 42,
      "target": {
        "x": "826125330274",
        "y": "441709354635"
      }
    },
    "schema": "koblitz_pdp_source_instance.v1"
  },
  "source_max_degree": 3,
  "source_max_monomials_per_equation": 168,
  "source_variables": 42,
  "target": {
    "x": "826125330274",
    "y": "441709354635"
  },
  "timing_ns": {
    "factor_base_predicate_construction": 192208,
    "native_encoding_and_solve": null,
    "planted_target_construction": 194458,
    "source_system_construction": 5381250,
    "whole_process_internal": 11956792
  }
}
