{
  "curve": "y^2 + xy = x^3 + x^2 + 1",
  "curve_a": 1,
  "direct_meet_in_the_middle": {
    "reason": "run koblitz_pdp_backend direct-mitm under a separate process meter",
    "status": "not_run_in_export_process"
  },
  "ell": 5,
  "exports": {
    "cryptominisat_xor_dimacs": {
      "blake3": "021fb254e991afbbac5395e4fd608c4ab2535ff44da81409a63c5ffbc15130e2",
      "bytes": 35559,
      "cnf_clauses": 1505,
      "path": "instance.xor.cnf",
      "variables": 502,
      "xor_rows": 58
    },
    "magma_boolean_f4": {
      "blake3": "014601f20c6f32c2c6de85641ee24f202ffe9ff2a1749a9070f91cf9a34d0a02",
      "bytes": 66132,
      "path": "instance.magma"
    },
    "wdsat_anf": {
      "blake3": "22e5744176f03f8a50793f0c31bcc4580959cf51964438c57373244f3c490494",
      "bytes": 41161,
      "path": "instance.anf"
    }
  },
  "factor_base_basis_bitmasks": [
    "1",
    "2",
    "4",
    "8",
    "16"
  ],
  "factor_base_geometry": {
    "curve_points": 31,
    "distinct_curve_points": 31,
    "minimum_required": 3
  },
  "factor_base_predicate": {
    "definition": "x = sum(c_i z^i), c_i in F_2, 0 <= i < ell",
    "enumerates_target_subgroup": false,
    "kind": "polynomial_subspace",
    "uses_discrete_log_labels": false
  },
  "interpretation": "SAT is a witness only after source-system validation; Unknown is inconclusive and is never counted as UNSAT",
  "irreducible_low_terms": [
    0,
    3
  ],
  "kind": "binary_koblitz_pdp_cross_solver_instance",
  "m": 3,
  "n": 31,
  "native_sat": {
    "conflict_budget": 100000,
    "reason": "run koblitz_pdp_backend native-sat under a separate process meter",
    "status": "not_run_in_export_process"
  },
  "planted_points": [
    {
      "x": "24",
      "y": "1515231995"
    },
    {
      "x": "19",
      "y": "2000051038"
    },
    {
      "x": "28",
      "y": "1384621962"
    }
  ],
  "representation": "symmetrised_s4",
  "scope": "standalone planted point-decomposition problem; not a completed index-calculus attack",
  "seed": 2026091305,
  "source_equations": 58,
  "source_instance": {
    "id_blake3": "700249c444634365f4a8623b225c980d810378fd882522023af417637468bb34",
    "identity": {
      "curve_a": 1,
      "ell": 5,
      "exports": {
        "cryptominisat_xor_dimacs": {
          "blake3": "021fb254e991afbbac5395e4fd608c4ab2535ff44da81409a63c5ffbc15130e2",
          "bytes": 35559,
          "cnf_clauses": 1505,
          "path": "instance.xor.cnf",
          "variables": 502,
          "xor_rows": 58
        },
        "magma_boolean_f4": {
          "blake3": "014601f20c6f32c2c6de85641ee24f202ffe9ff2a1749a9070f91cf9a34d0a02",
          "bytes": 66132,
          "path": "instance.magma"
        },
        "wdsat_anf": {
          "blake3": "22e5744176f03f8a50793f0c31bcc4580959cf51964438c57373244f3c490494",
          "bytes": 41161,
          "path": "instance.anf"
        }
      },
      "factor_base_basis_bitmasks": [
        "1",
        "2",
        "4",
        "8",
        "16"
      ],
      "factor_base_predicate": {
        "definition": "x = sum(c_i z^i), c_i in F_2, 0 <= i < ell",
        "enumerates_target_subgroup": false,
        "kind": "polynomial_subspace",
        "uses_discrete_log_labels": false
      },
      "irreducible_low_terms": [
        0,
        3
      ],
      "m": 3,
      "n": 31,
      "representation": "symmetrised_s4",
      "schema": "koblitz_pdp_source_identity.v1",
      "seed": 2026091305,
      "source_equations": 58,
      "source_variables": 42,
      "target": {
        "x": "1751441205",
        "y": "1777203589"
      }
    },
    "schema": "koblitz_pdp_source_instance.v1"
  },
  "source_max_degree": 3,
  "source_max_monomials_per_equation": 158,
  "source_variables": 42,
  "target": {
    "x": "1751441205",
    "y": "1777203589"
  },
  "timing_ns": {
    "factor_base_predicate_construction": 115834,
    "native_encoding_and_solve": null,
    "planted_target_construction": 208083,
    "source_system_construction": 7124791,
    "whole_process_internal": 15134000
  }
}
