{"cell": "wdsat_plain/s4/d5/uniform0/first", "status": "UNSAT_LINEAR", "wall": 0.003, "conflicts": null, "decisions": 0, "genuine_relations": 0, "planted_found": null}
{"cell": "wdsat_plain/s4/d5/uniform1/first", "status": "UNSAT_LINEAR", "wall": 0.003, "conflicts": null, "decisions": 0, "genuine_relations": 0, "planted_found": null}
{"cell": "wdsat_plain/s4/d5/uniform2/first", "status": "UNSAT_LINEAR", "wall": 0.003, "conflicts": null, "decisions": 0, "genuine_relations": 0, "planted_found": null}
{"cell": "wdsat_plain/s4/d5/uniform3/first", "status": "UNSAT_LINEAR", "wall": 0.003, "conflicts": null, "decisions": 0, "genuine_relations": 0, "planted_found": null}
{"cell": "wdsat_plain/s4/d5/planted0/first", "status": "SAT", "wall": 0.021, "conflicts": null, "decisions": 1440, "genuine_relations": 1, "planted_found": true}
{"cell": "wdsat_plain/s4/d5/planted1/first", "status": "SAT", "wall": 0.058, "conflicts": null, "decisions": 3975, "genuine_relations": 1, "planted_found": true}
{"cell": "wdsat_plain/s4/d5/planted2/first", "status": "SAT", "wall": 0.027, "conflicts": null, "decisions": 2018, "genuine_relations": 1, "planted_found": true}
{"cell": "wdsat_plain/s4/d5/planted3/first", "status": "SAT", "wall": 0.041, "conflicts": null, "decisions": 2938, "genuine_relations": 1, "planted_found": true}
{"cell": "wdsat_plain/s4/d5/planted0/enum", "status": "FALSE_SAT_PARTIAL_ASSIGNMENT", "wall": 0.093, "conflicts": null, "decisions": 5438, "genuine_relations": 0, "planted_found": false}
{"cell": "wdsat_plain/s4/d5/planted1/enum", "status": "FALSE_SAT_PARTIAL_ASSIGNMENT", "wall": 0.082, "conflicts": null, "decisions": 5420, "genuine_relations": 0, "planted_found": false}
{"cell": "wdsat_plain/s4/d5/planted2/enum", "status": "FALSE_SAT_PARTIAL_ASSIGNMENT", "wall": 0.082, "conflicts": null, "decisions": 5421, "genuine_relations": 0, "planted_found": false}
{"cell": "wdsat_plain/s4/d5/planted3/enum", "status": "FALSE_SAT_PARTIAL_ASSIGNMENT", "wall": 0.084, "conflicts": null, "decisions": 5434, "genuine_relations": 0, "planted_found": false}
{"cell": "wdsat_plain/s4/d6/uniform0/first", "status": "UNSAT", "wall": 0.992, "conflicts": null, "decisions": 43637, "genuine_relations": 0, "planted_found": null}
{"cell": "wdsat_plain/s4/d6/uniform1/first", "status": "UNSAT", "wall": 0.985, "conflicts": null, "decisions": 43643, "genuine_relations": 0, "planted_found": null}
{"cell": "wdsat_plain/s4/d6/uniform2/first", "status": "UNSAT_LINEAR", "wall": 0.004, "conflicts": null, "decisions": 0, "genuine_relations": 0, "planted_found": null}
{"cell": "wdsat_plain/s4/d6/uniform3/first", "status": "UNSAT_LINEAR", "wall": 0.005, "conflicts": null, "decisions": 0, "genuine_relations": 0, "planted_found": null}
{"cell": "wdsat_plain/s4/d6/planted0/first", "status": "SAT", "wall": 0.685, "conflicts": null, "decisions": 32861, "genuine_relations": 1, "planted_found": true}
{"cell": "wdsat_plain/s4/d6/planted1/first", "status": "SAT", "wall": 0.498, "conflicts": null, "decisions": 25731, "genuine_relations": 1, "planted_found": true}
{"cell": "wdsat_plain/s4/d6/planted2/first", "status": "SAT", "wall": 0.65, "conflicts": null, "decisions": 32594, "genuine_relations": 1, "planted_found": true}
{"cell": "wdsat_plain/s4/d6/planted3/first", "status": "SAT", "wall": 0.748, "conflicts": null, "decisions": 37607, "genuine_relations": 1, "planted_found": true}
{"cell": "wdsat_plain/s4/d6/planted0/enum", "status": "FALSE_SAT_PARTIAL_ASSIGNMENT", "wall": 1.005, "conflicts": null, "decisions": 43745, "genuine_relations": 0, "planted_found": false}
{"cell": "wdsat_plain/s4/d6/planted1/enum", "status": "FALSE_SAT_PARTIAL_ASSIGNMENT", "wall": 1.005, "conflicts": null, "decisions": 43648, "genuine_relations": 0, "planted_found": false}
{"cell": "wdsat_plain/s4/d6/planted2/enum", "status": "FALSE_SAT_PARTIAL_ASSIGNMENT", "wall": 0.976, "conflicts": null, "decisions": 43637, "genuine_relations": 0, "planted_found": false}
{"cell": "wdsat_plain/s4/d6/planted3/enum", "status": "FALSE_SAT_PARTIAL_ASSIGNMENT", "wall": 0.92, "conflicts": null, "decisions": 43738, "genuine_relations": 0, "planted_found": false}
{"cell": "wdsat_plain/s4/d7/uniform0/first", "status": "UNSAT", "wall": 10.57, "conflicts": null, "decisions": 349765, "genuine_relations": 0, "planted_found": null}
{"cell": "wdsat_plain/s4/d7/uniform1/first", "status": "UNSAT", "wall": 10.288, "conflicts": null, "decisions": 349452, "genuine_relations": 0, "planted_found": null}
{"cell": "wdsat_plain/s4/d7/uniform2/first", "status": "UNSAT", "wall": 10.361, "conflicts": null, "decisions": 350371, "genuine_relations": 0, "planted_found": null}
{"cell": "wdsat_plain/s4/d7/uniform3/first", "status": "UNSAT", "wall": 9.757, "conflicts": null, "decisions": 349770, "genuine_relations": 0, "planted_found": null}
{"cell": "wdsat_plain/s4/d7/planted0/first", "status": "SAT", "wall": 7.786, "conflicts": null, "decisions": 284561, "genuine_relations": 1, "planted_found": true}
{"cell": "wdsat_plain/s4/d7/planted1/first", "status": "SAT", "wall": 9.128, "conflicts": null, "decisions": 321339, "genuine_relations": 1, "planted_found": true}
{"cell": "wdsat_plain/s4/d7/planted2/first", "status": "SAT", "wall": 6.724, "conflicts": null, "decisions": 256503, "genuine_relations": 1, "planted_found": true}
{"cell": "wdsat_plain/s4/d7/planted3/first", "status": "SAT", "wall": 6.112, "conflicts": null, "decisions": 232903, "genuine_relations": 1, "planted_found": true}
{"cell": "wdsat_plain/s4/d7/planted0/enum", "status": "FALSE_SAT_PARTIAL_ASSIGNMENT", "wall": 10.58, "conflicts": null, "decisions": 349693, "genuine_relations": 0, "planted_found": false}
{"cell": "wdsat_plain/s4/d7/planted1/enum", "status": "FALSE_SAT_PARTIAL_ASSIGNMENT", "wall": 10.576, "conflicts": null, "decisions": 349583, "genuine_relations": 0, "planted_found": false}
{"cell": "wdsat_plain/s4/d7/planted2/enum", "status": "FALSE_SAT_PARTIAL_ASSIGNMENT", "wall": 10.46, "conflicts": null, "decisions": 349595, "genuine_relations": 0, "planted_found": false}
{"cell": "wdsat_plain/s4/d7/planted3/enum", "status": "FALSE_SAT_PARTIAL_ASSIGNMENT", "wall": 10.747, "conflicts": null, "decisions": 349792, "genuine_relations": 0, "planted_found": false}
{"cell": "wdsat_plain/s4/d8/uniform0/first", "status": "UNSAT", "wall": 118.969, "conflicts": null, "decisions": 2797416, "genuine_relations": 0, "planted_found": null}
{"cell": "wdsat_plain/s4/d8/uniform1/first", "status": "UNSAT", "wall": 116.166, "conflicts": null, "decisions": 2797301, "genuine_relations": 0, "planted_found": null}
{"cell": "wdsat_plain/s4/d8/uniform2/first", "status": "UNSAT", "wall": 112.231, "conflicts": null, "decisions": 2796983, "genuine_relations": 0, "planted_found": null}
{"cell": "wdsat_plain/s4/d8/uniform3/first", "status": "UNSAT", "wall": 114.8, "conflicts": null, "decisions": 2797924, "genuine_relations": 0, "planted_found": null}
{"cell": "wdsat_plain/s4/d8/planted0/first", "status": "SAT", "wall": 5.607, "conflicts": null, "decisions": 224071, "genuine_relations": 1, "planted_found": true}
{"cell": "wdsat_plain/s4/d8/planted1/first", "status": "SAT", "wall": 60.967, "conflicts": null, "decisions": 1713960, "genuine_relations": 1, "planted_found": true}
{"cell": "wdsat_plain/s4/d8/planted2/first", "status": "SAT", "wall": 9.241, "conflicts": null, "decisions": 336685, "genuine_relations": 1, "planted_found": true}
{"cell": "wdsat_plain/s4/d8/planted3/first", "status": "SAT", "wall": 21.124, "conflicts": null, "decisions": 677147, "genuine_relations": 1, "planted_found": true}
{"cell": "wdsat_plain/s4/d8/planted0/enum", "status": "FALSE_SAT_PARTIAL_ASSIGNMENT", "wall": 107.333, "conflicts": null, "decisions": 2797698, "genuine_relations": 0, "planted_found": false}
{"cell": "wdsat_plain/s4/d8/planted1/enum", "status": "FALSE_SAT_PARTIAL_ASSIGNMENT", "wall": 1180.899, "conflicts": null, "decisions": 2798168, "genuine_relations": 0, "planted_found": false}
{"cell": "wdsat_plain/s4/d8/planted2/enum", "status": "FALSE_SAT_PARTIAL_ASSIGNMENT", "wall": 110.853, "conflicts": null, "decisions": 2796841, "genuine_relations": 0, "planted_found": false}
{"cell": "wdsat_plain/s4/d8/planted3/enum", "status": "FALSE_SAT_PARTIAL_ASSIGNMENT", "wall": 112.172, "conflicts": null, "decisions": 2797022, "genuine_relations": 0, "planted_found": false}
done
{"cell": "wdsat_xg_audit/s4/d5/planted0/xb", "status": "SAT", "wall": 0.008, "conflicts": null, "decisions": null, "genuine_relations": 1, "planted_found": true}
{"cell": "wdsat_xg_audit/s4/d5/planted0/x", "status": "SAT", "wall": 0.004, "conflicts": null, "decisions": null, "genuine_relations": 1, "planted_found": true}
{"cell": "wdsat_xg_audit/s4/d5/planted1/xb", "status": "SAT", "wall": 0.004, "conflicts": null, "decisions": null, "genuine_relations": 1, "planted_found": true}
{"cell": "wdsat_xg_audit/s4/d5/planted1/x", "status": "SAT", "wall": 0.004, "conflicts": null, "decisions": null, "genuine_relations": 1, "planted_found": true}
{"cell": "wdsat_xg_audit/s4/d5/planted2/xb", "status": "SAT", "wall": 0.004, "conflicts": null, "decisions": null, "genuine_relations": 1, "planted_found": true}
{"cell": "wdsat_xg_audit/s4/d5/planted2/x", "status": "SAT", "wall": 0.003, "conflicts": null, "decisions": null, "genuine_relations": 1, "planted_found": true}
{"cell": "wdsat_xg_audit/s4/d5/planted3/xb", "status": "SAT", "wall": 0.004, "conflicts": null, "decisions": null, "genuine_relations": 1, "planted_found": true}
{"cell": "wdsat_xg_audit/s4/d5/planted3/x", "status": "SAT", "wall": 0.004, "conflicts": null, "decisions": null, "genuine_relations": 1, "planted_found": true}
{"cell": "wdsat_xg_audit/s4/d6/planted0/xb", "status": "SAT", "wall": 0.008, "conflicts": null, "decisions": null, "genuine_relations": 1, "planted_found": true}
{"cell": "wdsat_xg_audit/s4/d6/planted0/x", "status": "SAT", "wall": 0.005, "conflicts": null, "decisions": null, "genuine_relations": 1, "planted_found": true}
{"cell": "wdsat_xg_audit/s4/d6/planted1/xb", "status": "SAT", "wall": 0.006, "conflicts": null, "decisions": null, "genuine_relations": 1, "planted_found": true}
{"cell": "wdsat_xg_audit/s4/d6/planted1/x", "status": "SAT", "wall": 0.005, "conflicts": null, "decisions": null, "genuine_relations": 1, "planted_found": true}
{"cell": "wdsat_xg_audit/s4/d6/planted2/xb", "status": "SAT", "wall": 0.006, "conflicts": null, "decisions": null, "genuine_relations": 1, "planted_found": true}
{"cell": "wdsat_xg_audit/s4/d6/planted2/x", "status": "SAT", "wall": 0.005, "conflicts": null, "decisions": null, "genuine_relations": 1, "planted_found": true}
{"cell": "wdsat_xg_audit/s4/d6/planted3/xb", "status": "UNSAT", "wall": 0.016, "conflicts": null, "decisions": null, "genuine_relations": 0, "planted_found": false}
{"cell": "wdsat_xg_audit/s4/d6/planted3/x", "status": "SAT", "wall": 0.011, "conflicts": null, "decisions": null, "genuine_relations": 1, "planted_found": true}
{"cell": "wdsat_xg_audit/s4/d7/planted0/xb", "status": "SAT", "wall": 0.459, "conflicts": null, "decisions": null, "genuine_relations": 1, "planted_found": true}
{"cell": "wdsat_xg_audit/s4/d7/planted0/x", "status": "SAT", "wall": 0.504, "conflicts": null, "decisions": null, "genuine_relations": 1, "planted_found": true}
{"cell": "wdsat_xg_audit/s4/d7/planted1/xb", "status": "SAT", "wall": 0.651, "conflicts": null, "decisions": null, "genuine_relations": 1, "planted_found": true}
{"cell": "wdsat_xg_audit/s4/d7/planted1/x", "status": "SAT", "wall": 0.793, "conflicts": null, "decisions": null, "genuine_relations": 1, "planted_found": true}
{"cell": "wdsat_xg_audit/s4/d7/planted2/xb", "status": "SAT", "wall": 0.348, "conflicts": null, "decisions": null, "genuine_relations": 1, "planted_found": true}
{"cell": "wdsat_xg_audit/s4/d7/planted2/x", "status": "SAT", "wall": 0.37, "conflicts": null, "decisions": null, "genuine_relations": 1, "planted_found": true}
{"cell": "wdsat_xg_audit/s4/d7/planted3/xb", "status": "SAT", "wall": 0.29, "conflicts": null, "decisions": null, "genuine_relations": 1, "planted_found": true}
{"cell": "wdsat_xg_audit/s4/d7/planted3/x", "status": "SAT", "wall": 0.305, "conflicts": null, "decisions": null, "genuine_relations": 1, "planted_found": true}
{"cell": "wdsat_xg_audit/s4/d8/planted0/xb", "status": "SAT", "wall": 0.424, "conflicts": null, "decisions": null, "genuine_relations": 1, "planted_found": true}
{"cell": "wdsat_xg_audit/s4/d8/planted0/x", "status": "SAT", "wall": 0.416, "conflicts": null, "decisions": null, "genuine_relations": 1, "planted_found": true}
{"cell": "wdsat_xg_audit/s4/d8/planted1/xb", "status": "SAT", "wall": 7.384, "conflicts": null, "decisions": null, "genuine_relations": 1, "planted_found": true}
{"cell": "wdsat_xg_audit/s4/d8/planted1/x", "status": "SAT", "wall": 9.003, "conflicts": null, "decisions": null, "genuine_relations": 1, "planted_found": true}
{"cell": "wdsat_xg_audit/s4/d8/planted2/xb", "status": "SAT", "wall": 0.696, "conflicts": null, "decisions": null, "genuine_relations": 1, "planted_found": true}
{"cell": "wdsat_xg_audit/s4/d8/planted2/x", "status": "SAT", "wall": 0.693, "conflicts": null, "decisions": null, "genuine_relations": 1, "planted_found": true}
{"cell": "wdsat_xg_audit/s4/d8/planted3/xb", "status": "SAT", "wall": 1.813, "conflicts": null, "decisions": null, "genuine_relations": 1, "planted_found": true}
{"cell": "wdsat_xg_audit/s4/d8/planted3/x", "status": "SAT", "wall": 1.878, "conflicts": null, "decisions": null, "genuine_relations": 1, "planted_found": true}
done
