NVIDIA RTX PRO 6000 Blackwell Server Edition, GPU-d0d6311b-74da-213d-36ff-462e0b4e66d2, 610.57.04, 2430 MHz, 600.00 W, 97887 MiB, 12.0
Cuda compilation tools, release 13.3, V13.3.73
Build cuda_13.3.r13.3/compiler.38244171_0
source: origin/main 18ca29769 + sigma-table port
verify threads: 96256; benchmark threads: 385024; launches: 32; pairs: 5
=== build control THREADS=256 MINBLOCKS=2 PACKED_SIGMA_TABLE=0
    0 bytes stack frame, 0 bytes spill stores, 0 bytes spill loads
    0 bytes stack frame, 0 bytes spill stores, 0 bytes spill loads
    0 bytes stack frame, 0 bytes spill stores, 0 bytes spill loads
    0 bytes stack frame, 0 bytes spill stores, 0 bytes spill loads
    0 bytes stack frame, 0 bytes spill stores, 0 bytes spill loads
    0 bytes stack frame, 0 bytes spill stores, 0 bytes spill loads
    0 bytes stack frame, 0 bytes spill stores, 0 bytes spill loads
    0 bytes stack frame, 0 bytes spill stores, 0 bytes spill loads
    0 bytes stack frame, 0 bytes spill stores, 0 bytes spill loads
    0 bytes stack frame, 0 bytes spill stores, 0 bytes spill loads
    0 bytes stack frame, 0 bytes spill stores, 0 bytes spill loads
    0 bytes stack frame, 0 bytes spill stores, 0 bytes spill loads
=== arithmetic control
packed arithmetic sigma table: 0
PASS: 3120 GPU Frobenius vectors, every field basis vector for all selected powers plus dense cases
PASS: 2526 GPU polynomial reductions against long division, including ignored upper-word bits and canonical outputs
PASS: 18194 GPU polynomial products, including all 17161 basis pairs
PASS: 18194 GPU paired polynomial products against independent multiplication
PASS: 1157 GPU polynomial squares against independent multiplication and long division
PASS: 6240 GPU paired Frobenius vectors, both inputs against independent routing
=== integration control
PASS: DP replay across launch boundaries, restart and checkpoint resume
PASS: byte-identical resume, scalar iteration count, incompatible checkpoint preserved
PASS: overdue walks restart without false distinguished-point reports
=== build candidate THREADS=512 MINBLOCKS=1 PACKED_SIGMA_TABLE=1
    0 bytes stack frame, 0 bytes spill stores, 0 bytes spill loads
    0 bytes stack frame, 0 bytes spill stores, 0 bytes spill loads
    0 bytes stack frame, 0 bytes spill stores, 0 bytes spill loads
    0 bytes stack frame, 0 bytes spill stores, 0 bytes spill loads
    0 bytes stack frame, 0 bytes spill stores, 0 bytes spill loads
    0 bytes stack frame, 0 bytes spill stores, 0 bytes spill loads
    0 bytes stack frame, 0 bytes spill stores, 0 bytes spill loads
    0 bytes stack frame, 0 bytes spill stores, 0 bytes spill loads
    0 bytes stack frame, 0 bytes spill stores, 0 bytes spill loads
    0 bytes stack frame, 0 bytes spill stores, 0 bytes spill loads
    0 bytes stack frame, 0 bytes spill stores, 0 bytes spill loads
    0 bytes stack frame, 0 bytes spill stores, 0 bytes spill loads
=== arithmetic candidate
packed arithmetic sigma table: 1
PASS: 3120 GPU Frobenius vectors, every field basis vector for all selected powers plus dense cases
PASS: 2526 GPU polynomial reductions against long division, including ignored upper-word bits and canonical outputs
PASS: 18194 GPU polynomial products, including all 17161 basis pairs
PASS: 18194 GPU paired polynomial products against independent multiplication
PASS: 1157 GPU polynomial squares against independent multiplication and long division
PASS: 6240 GPU paired Frobenius vectors, both inputs against independent routing
PASS: 3112 GPU Frobenius table lookups through shared memory against the network path
=== integration candidate
PASS: DP replay across launch boundaries, restart and checkpoint resume
PASS: byte-identical resume, scalar iteration count, incompatible checkpoint preserved
PASS: overdue walks restart without false distinguished-point reports
packed kernel: 126 registers/thread, 0 local bytes/thread, 1792 shared bytes/block, single-product multiplier
packed sigma table: 0 (0 dynamic shared bytes)
packed sigma fused: 1
packed sigma fused late y: 0
  finished: 3.622 M it/s, 1709477 distinguished points (300 verified against the reference, 0 dropped)
packed kernel: 128 registers/thread, 0 local bytes/thread, 0 shared bytes/block, single-product multiplier
packed sigma table: 1 (68352 dynamic shared bytes)
packed sigma fused: 1
packed sigma fused late y: 0
  finished: 3.646 M it/s, 1709477 distinguished points (300 verified against the reference, 0 dropped)
control 1709477 records 54703264 bytes sha256 7e0e8c90a7a1256c4f2c7f5ad4f23d5334de025a82590639f25516c0be25de92
candidate 1709477 records 54703264 bytes sha256 7e0e8c90a7a1256c4f2c7f5ad4f23d5334de025a82590639f25516c0be25de92
PASS: sorted corpus identity
PASS: arithmetic, integration, replay and sorted corpus identity
warmup	0	1	control	15640.611	b8b59c1e22c302b3937f0b3bb6678860ee3e79b921316ca93da8d7869f80f97d	2392, 505.22, 42
warmup	0	2	candidate	16124.771	ac8ed2357c9c36541ae3edbb54153941e7f6788b5bc4311972e50815fec499c4	2310, 555.80, 47
warmup	0	3	candidate	16051.822	c88c29a74e5a4f5b602e097b07791d1f6add343423ac9f59a6b8af1fb3875b97	2325, 541.70, 50
warmup	0	4	control	15581.936	a933c0e20463ebc4dbacdfbb1a3f48f7b642229ab95f36e7b5e9b78150490c0a	2362, 564.31, 54
ab	1	1	control	15555.107	48230519aa3cab8bed89341649f9d27981d576d96ca90276ab6cb87b8e89c8ab	2377, 509.08, 53
ab	1	2	candidate	15946.285	e655e4a0c4f1ebd3bcf9d82ce3b7595ed97c06d58f9dd9af71065f1d3b06f0b9	2287, 533.25, 54
ab	2	1	candidate	15924.801	dc01f311f03f0aa6041b89732a81d0685dd94b1980b2b668043bcced76f6163b	2280, 532.30, 55
ab	2	2	control	15511.560	3cf4281b6d10a914b30dffcfb05978caf71f144cbe218f6cb980cc13068c3623	2377, 539.52, 57
ab	3	1	control	15533.519	52319782fb65dff850fc9639b314a6c0a1f9bce6ae31870b0b8bbdbdda6ae6c5	2392, 510.12, 56
ab	3	2	candidate	15904.710	111621918aad39d8dab905f2bd7c4e3e83124c3a7f65fc4b397c968c11a2592c	2287, 554.45, 59
ab	4	1	candidate	15902.108	e97e7b16f954aa09d5bec1ed2337576585b4f802b267bfafd1e62e1b35692509	2280, 533.41, 58
ab	4	2	control	15497.462	3f86f2d227a1c5d4143fb7488b363841067dad7de464bdf51fe7faf96832a815	2377, 524.11, 58
ab	5	1	control	15533.439	7455dd99a369895e0c194a1c39432d6bbe383384655c1a3f4bfef17d944d9e8f	2407, 526.64, 58
ab	5	2	candidate	15897.102	7ceb1920f04ffcffa47d53d3ab742ac07815b839b9d177bbc90262068021d7b8	2340, 488.56, 55
control median 15533.439 M/s, candidate median 15904.710 M/s
paired ratios ['1.025148', '1.026641', '1.023896', '1.026110', '1.023412'] median 1.025148 min 1.023412
=== done
