a0-pair_table-dense-r0 PASS 
a0-pair_table-dense-r1 PASS 
a0-pair_table-dense-r2 PASS 
a0-pair_table-sparse-r0 PASS 
a0-pair_table-sparse-r1 PASS 
a0-pair_table-sparse-r2 PASS 
a0-enumerate-dense-r0 PASS 
a0-enumerate-dense-r1 PASS 
a0-enumerate-dense-r2 PASS 
a0-enumerate-sparse-r0 PASS 
a0-enumerate-sparse-r1 PASS 
a0-enumerate-sparse-r2 PASS 
a0-f4-dense-r0 PASS 
a0-f4-dense-r1 PASS 
a0-f4-dense-r2 PASS 
a0-f4-sparse-r0 PASS 
a0-f4-sparse-r1 PASS 
a0-f4-sparse-r2 PASS 
a0-f5-dense-r0 PASS 
a0-f5-dense-r1 PASS 
a0-f5-dense-r2 PASS 
a0-f5-sparse-r0 PASS 
a0-f5-sparse-r1 PASS 
a0-f5-sparse-r2 PASS 
a0-inherited_f4-dense-r0 PASS 
a0-inherited_f4-dense-r1 PASS 
a0-inherited_f4-dense-r2 PASS 
a0-inherited_f4-sparse-r0 PASS 
a0-inherited_f4-sparse-r1 PASS 
a0-inherited_f4-sparse-r2 PASS 
a0-sat_xor-dense-r0 PASS 
a0-sat_xor-dense-r1 PASS 
a0-sat_xor-dense-r2 PASS 
a0-sat_xor-sparse-r0 PASS 
a0-sat_xor-sparse-r1 PASS 
a0-sat_xor-sparse-r2 PASS 
a0-sat_cnf-dense-r0 PASS 
a0-sat_cnf-dense-r1 PASS 
a0-sat_cnf-dense-r2 PASS 
a0-sat_cnf-sparse-r0 PASS 
a0-sat_cnf-sparse-r1 PASS 
a0-sat_cnf-sparse-r2 PASS 
a1-pair_table-dense-r0 PASS 
a1-pair_table-dense-r1 PASS 
a1-pair_table-dense-r2 PASS 
a1-pair_table-sparse-r0 PASS 
a1-pair_table-sparse-r1 PASS 
a1-pair_table-sparse-r2 PASS 
a1-enumerate-dense-r0 PASS 
a1-enumerate-dense-r1 PASS 
a1-enumerate-dense-r2 PASS 
a1-enumerate-sparse-r0 PASS 
a1-enumerate-sparse-r1 PASS 
a1-enumerate-sparse-r2 PASS 
a1-f4-dense-r0 PASS 
a1-f4-dense-r1 PASS 
a1-f4-dense-r2 PASS 
a1-f4-sparse-r0 PASS 
a1-f4-sparse-r1 PASS 
a1-f4-sparse-r2 PASS 
a1-f5-dense-r0 PASS 
a1-f5-dense-r1 PASS 
a1-f5-dense-r2 PASS 
a1-f5-sparse-r0 PASS 
a1-f5-sparse-r1 PASS 
a1-f5-sparse-r2 PASS 
a1-inherited_f4-dense-r0 PASS 
a1-inherited_f4-dense-r1 PASS 
a1-inherited_f4-dense-r2 PASS 
a1-inherited_f4-sparse-r0 PASS 
a1-inherited_f4-sparse-r1 PASS 
a1-inherited_f4-sparse-r2 PASS 
a1-sat_xor-dense-r0 PASS 
a1-sat_xor-dense-r1 PASS 
a1-sat_xor-dense-r2 PASS 
a1-sat_xor-sparse-r0 PASS 
a1-sat_xor-sparse-r1 PASS 
a1-sat_xor-sparse-r2 PASS 
a1-sat_cnf-dense-r0 PASS 
a1-sat_cnf-dense-r1 PASS 
a1-sat_cnf-dense-r2 PASS 
a1-sat_cnf-sparse-r0 PASS 
a1-sat_cnf-sparse-r1 PASS 
a1-sat_cnf-sparse-r2 PASS 
incomplete-pair_table-r0 PASS 
incomplete-pair_table-r1 PASS 
incomplete-pair_table-r2 PASS 
incomplete-enumerate-r0 PASS 
incomplete-enumerate-r1 PASS 
incomplete-enumerate-r2 PASS 
incomplete-f4-r0 PASS 
incomplete-f4-r1 PASS 
incomplete-f4-r2 PASS 
incomplete-f5-r0 PASS 
incomplete-f5-r1 PASS 
incomplete-f5-r2 PASS 
incomplete-inherited_f4-r0 PASS 
incomplete-inherited_f4-r1 PASS 
incomplete-inherited_f4-r2 PASS 
incomplete-sat_xor-r0 PASS 
incomplete-sat_xor-r1 PASS 
incomplete-sat_xor-r2 PASS 
incomplete-sat_cnf-r0 PASS 
incomplete-sat_cnf-r1 PASS 
incomplete-sat_cnf-r2 PASS 
n9-window0-dense-r0 PASS 
n9-window0-dense-r1 PASS 
n9-window0-dense-r2 PASS 
n9-window0-sparse-r0 PASS 
n9-window0-sparse-r1 PASS 
n9-window0-sparse-r2 PASS 
n9-window1-dense-r0 PASS 
n9-window1-dense-r1 PASS 
n9-window1-dense-r2 PASS 
n9-window1-sparse-r0 PASS 
n9-window1-sparse-r1 PASS 
n9-window1-sparse-r2 PASS 
n9-window1000-dense-r0 PASS 
n9-window1000-dense-r1 PASS 
n9-window1000-dense-r2 PASS 
n9-window1000-sparse-r0 PASS 
n9-window1000-sparse-r1 PASS 
n9-window1000-sparse-r2 PASS 
n13-window0-dense-r0 PASS 
n13-window0-dense-r1 PASS 
n13-window0-dense-r2 PASS 
n13-window0-sparse-r0 PASS 
n13-window0-sparse-r1 PASS 
n13-window0-sparse-r2 PASS 
n13-window1-dense-r0 PASS 
n13-window1-dense-r1 PASS 
n13-window1-dense-r2 PASS 
n13-window1-sparse-r0 PASS 
n13-window1-sparse-r1 PASS 
n13-window1-sparse-r2 PASS 
n13-window1000-dense-r0 PASS 
n13-window1000-dense-r1 PASS 
n13-window1000-dense-r2 PASS 
n13-window1000-sparse-r0 PASS 
n13-window1000-sparse-r1 PASS 
n13-window1000-sparse-r2 PASS 
rho-a0-r0 PASS 
rho-a0-r1 PASS 
rho-a0-r2 PASS 
rho-a1-r0 PASS 
rho-a1-r1 PASS 
rho-a1-r2 PASS 
