4k/k0n53-M1-T01/r1.price.json 0.0
thp/k0n53-M1-T01/r1.price.json 0.0
4k/k0n53-M1-T02/r1.price.json 3.0
thp/k0n53-M1-T02/r1.price.json 3.0
4k/k1n59-M1-T01/r1.price.json 4.0
thp/k1n59-M1-T01/r1.price.json 2.0
4k/k1n59-M1-T02/r1.price.json 2.0
thp/k1n59-M1-T02/r1.price.json 2.0
4k/k0n61-M1-T01/r1.price.json 2.0
thp/k0n61-M1-T01/r1.price.json 0.0
4k/k0n61-M1-T02/r1.price.json 0.0
thp/k0n61-M1-T02/r1.price.json 0.0
thp/k0n53-M1-T01/r2.price.json 0.0
4k/k0n53-M1-T01/r2.price.json 2.0
thp/k0n53-M1-T02/r2.price.json 2.0
4k/k0n53-M1-T02/r2.price.json 3.0
thp/k1n59-M1-T01/r2.price.json 3.0
4k/k1n59-M1-T01/r2.price.json 2.0
thp/k1n59-M1-T02/r2.price.json 3.0
4k/k1n59-M1-T02/r2.price.json 2.0
thp/k0n61-M1-T01/r2.price.json 3.0
4k/k0n61-M1-T01/r2.price.json 0.0
thp/k0n61-M1-T02/r2.price.json 0.0
4k/k0n61-M1-T02/r2.price.json 0.0
4k/k0n53-M1-T01/r3.price.json 0.0
thp/k0n53-M1-T01/r3.price.json 0.0
4k/k0n53-M1-T02/r3.price.json 4.0
thp/k0n53-M1-T02/r3.price.json 3.0
4k/k1n59-M1-T01/r3.price.json 3.0
thp/k1n59-M1-T01/r3.price.json 2.0
4k/k1n59-M1-T02/r3.price.json 3.0
thp/k1n59-M1-T02/r3.price.json 3.0
4k/k0n61-M1-T01/r3.price.json 2.0
thp/k0n61-M1-T01/r3.price.json 0.0
4k/k0n61-M1-T02/r3.price.json 0.0
thp/k0n61-M1-T02/r3.price.json 0.0
thp/k0n53-M1-T01/r4.price.json 0.0
4k/k0n53-M1-T01/r4.price.json 1.0
thp/k0n53-M1-T02/r4.price.json 4.0
4k/k0n53-M1-T02/r4.price.json 4.0
thp/k1n59-M1-T01/r4.price.json 3.0
4k/k1n59-M1-T01/r4.price.json 3.0
thp/k1n59-M1-T02/r4.price.json 2.0
4k/k1n59-M1-T02/r4.price.json 4.0
thp/k0n61-M1-T01/r4.price.json 2.0
4k/k0n61-M1-T01/r4.price.json 0.0
thp/k0n61-M1-T02/r4.price.json 0.0
4k/k0n61-M1-T02/r4.price.json 0.0
4k/k0n53-M1-T01/r5.price.json 0.0
thp/k0n53-M1-T01/r5.price.json 2.0
4k/k0n53-M1-T02/r5.price.json 3.0
thp/k0n53-M1-T02/r5.price.json 3.0
4k/k1n59-M1-T01/r5.price.json 5.0
thp/k1n59-M1-T01/r5.price.json 3.0
4k/k1n59-M1-T02/r5.price.json 1.0
thp/k1n59-M1-T02/r5.price.json 2.0
4k/k0n61-M1-T01/r5.price.json 3.0
thp/k0n61-M1-T01/r5.price.json 0.0
4k/k0n61-M1-T02/r5.price.json 0.0
thp/k0n61-M1-T02/r5.price.json 0.0
