   1/448 rho-strong     icv1-f2m19-t797-b6cf2467 W482c8c316fa5  verified S=3.089 L2
   2/448 rho-frob       icv1-f2m19-t797-b6cf2467 W482c8c316fa5  verified S=0.694 L2
   3/448 ic-sub6-mitm   icv1-f2m19-t797-b6cf2467 W482c8c316fa5  verified S=28.593 L2
   4/448 ic-sub6-subtract icv1-f2m19-t797-b6cf2467 W482c8c316fa5  verified S=1169.183 L2
   5/448 ic-sub8-mitm   icv1-f2m19-t797-b6cf2467 W482c8c316fa5  verified S=113.945 L1
   6/448 ic-sub8-subtract icv1-f2m19-t797-b6cf2467 W482c8c316fa5  verified S=818.266 L2
   7/448 rho-strong-aa  icv1-f2m19-t797-b6cf2467 W482c8c316fa5  verified S=3.089 L2
   8/448 rho-strong     icv1-f2m19-t797-b6cf2467 Wd4c4edcebfca  verified S=3.000 L1
   9/448 rho-frob       icv1-f2m19-t797-b6cf2467 Wd4c4edcebfca  verified S=0.553 L1
  10/448 ic-sub6-mitm   icv1-f2m19-t797-b6cf2467 Wd4c4edcebfca  verified S=26.689 L1
  11/448 ic-sub6-subtract icv1-f2m19-t797-b6cf2467 Wd4c4edcebfca  verified S=1062.917 L2
  12/448 ic-sub8-mitm   icv1-f2m19-t797-b6cf2467 Wd4c4edcebfca  verified S=111.910 L2
  13/448 ic-sub8-subtract icv1-f2m19-t797-b6cf2467 Wd4c4edcebfca  verified S=553.267 L2
  14/448 rho-strong-aa  icv1-f2m19-t797-b6cf2467 Wd4c4edcebfca  verified S=3.000 L2
  15/448 rho-strong     icv1-f2m19-t797-b6cf2467 Wfa436fbebcdb  verified S=3.357 L2
  16/448 rho-frob       icv1-f2m19-t797-b6cf2467 Wfa436fbebcdb  verified S=0.556 L1
  17/448 ic-sub6-mitm   icv1-f2m19-t797-b6cf2467 Wfa436fbebcdb  verified S=11.408 L1
  18/448 ic-sub6-subtract icv1-f2m19-t797-b6cf2467 Wfa436fbebcdb  verified S=189.372 L1
  19/448 ic-sub8-mitm   icv1-f2m19-t797-b6cf2467 Wfa436fbebcdb  verified S=111.675 L2
  20/448 ic-sub8-subtract icv1-f2m19-t797-b6cf2467 Wfa436fbebcdb  verified S=558.525 L2
  21/448 rho-strong-aa  icv1-f2m19-t797-b6cf2467 Wfa436fbebcdb  verified S=3.357 L2
  22/448 rho-strong     icv1-f2m19-t797-b6cf2467 W00a42d5424a1  verified S=3.177 L2
  23/448 rho-frob       icv1-f2m19-t797-b6cf2467 W00a42d5424a1  verified S=0.677 L2
  24/448 ic-sub6-mitm   icv1-f2m19-t797-b6cf2467 W00a42d5424a1  verified S=25.420 L1
  25/448 ic-sub6-subtract icv1-f2m19-t797-b6cf2467 W00a42d5424a1  verified S=974.647 L2
  26/448 ic-sub8-mitm   icv1-f2m19-t797-b6cf2467 W00a42d5424a1  verified S=111.357 L1
  27/448 ic-sub8-subtract icv1-f2m19-t797-b6cf2467 W00a42d5424a1  verified S=369.338 L2
  28/448 rho-strong-aa  icv1-f2m19-t797-b6cf2467 W00a42d5424a1  verified S=3.177 L2
  29/448 rho-strong     icv1-f2m19-t797-b6cf2467 Wc863147a02c6  verified S=3.177 L2
  30/448 rho-frob       icv1-f2m19-t797-b6cf2467 Wc863147a02c6  verified S=0.647 L1
  31/448 ic-sub6-mitm   icv1-f2m19-t797-b6cf2467 Wc863147a02c6  verified S=19.632 L1
  32/448 ic-sub6-subtract icv1-f2m19-t797-b6cf2467 Wc863147a02c6  verified S=611.526 L2
  33/448 ic-sub8-mitm   icv1-f2m19-t797-b6cf2467 Wc863147a02c6  verified S=113.093 L2
  34/448 ic-sub8-subtract icv1-f2m19-t797-b6cf2467 Wc863147a02c6  verified S=780.219 L2
  35/448 rho-strong-aa  icv1-f2m19-t797-b6cf2467 Wc863147a02c6  verified S=3.177 L2
  36/448 rho-strong     icv1-f2m19-t797-b6cf2467 W7a100f5d7c9c  verified S=2.915 L2
  37/448 rho-frob       icv1-f2m19-t797-b6cf2467 W7a100f5d7c9c  verified S=0.719 L1
  38/448 ic-sub6-mitm   icv1-f2m19-t797-b6cf2467 W7a100f5d7c9c  verified S=25.879 L1
  39/448 ic-sub6-subtract icv1-f2m19-t797-b6cf2467 W7a100f5d7c9c  verified S=1006.679 L2
  40/448 ic-sub8-mitm   icv1-f2m19-t797-b6cf2467 W7a100f5d7c9c  verified S=110.404 L2
  41/448 ic-sub8-subtract icv1-f2m19-t797-b6cf2467 W7a100f5d7c9c  verified S=252.037 L1
  42/448 rho-strong-aa  icv1-f2m19-t797-b6cf2467 W7a100f5d7c9c  verified S=2.915 L2
  43/448 rho-strong     icv1-f2m19-t797-b6cf2467 W9e8df35cda17  verified S=3.177 L2
  44/448 rho-frob       icv1-f2m19-t797-b6cf2467 W9e8df35cda17  verified S=0.768 L2
  45/448 ic-sub6-mitm   icv1-f2m19-t797-b6cf2467 W9e8df35cda17  verified S=21.860 L1
  46/448 ic-sub6-subtract icv1-f2m19-t797-b6cf2467 W9e8df35cda17  verified S=758.589 L1
  47/448 ic-sub8-mitm   icv1-f2m19-t797-b6cf2467 W9e8df35cda17  verified S=112.883 L2
  48/448 ic-sub8-subtract icv1-f2m19-t797-b6cf2467 W9e8df35cda17  verified S=769.676 L2
  49/448 rho-strong-aa  icv1-f2m19-t797-b6cf2467 W9e8df35cda17  verified S=3.177 L2
  50/448 rho-strong     icv1-f2m19-t797-b6cf2467 Wb460720278f7  verified S=3.089 L2
  51/448 rho-frob       icv1-f2m19-t797-b6cf2467 Wb460720278f7  verified S=0.542 L2
  52/448 ic-sub6-mitm   icv1-f2m19-t797-b6cf2467 Wb460720278f7  verified S=24.215 L1
  53/448 ic-sub6-subtract icv1-f2m19-t797-b6cf2467 Wb460720278f7  verified S=909.502 L2
  54/448 ic-sub8-mitm   icv1-f2m19-t797-b6cf2467 Wb460720278f7  verified S=110.943 L1
  55/448 ic-sub8-subtract icv1-f2m19-t797-b6cf2467 Wb460720278f7  verified S=385.898 L2
  56/448 rho-strong-aa  icv1-f2m19-t797-b6cf2467 Wb460720278f7  verified S=3.089 L2
  57/448 rho-strong     icv1-f2m29-tm40309-30c52b96 W1c9741ea0817  verified S=4.388 L1
  58/448 rho-frob       icv1-f2m29-tm40309-30c52b96 W1c9741ea0817  verified S=5.358 L1
  59/448 ic-sub6-mitm   icv1-f2m29-tm40309-30c52b96 W1c9741ea0817 exhausted S=489915.569 L1
  60/448 ic-sub6-subtract icv1-f2m29-tm40309-30c52b96 W1c9741ea0817 exhausted S=501137.723 L1
  61/448 ic-sub8-mitm   icv1-f2m29-tm40309-30c52b96 W1c9741ea0817  verified S=294.341 L2
  62/448 ic-sub8-subtract icv1-f2m29-tm40309-30c52b96 W1c9741ea0817  verified S=24859.005 L2
  63/448 rho-strong-aa  icv1-f2m29-tm40309-30c52b96 W1c9741ea0817  verified S=4.388 L2
  64/448 rho-strong     icv1-f2m29-tm40309-30c52b96 W8cd36b67a3b0  verified S=4.233 L2
  65/448 rho-frob       icv1-f2m29-tm40309-30c52b96 W8cd36b67a3b0  verified S=0.883 L2
  66/448 ic-sub6-mitm   icv1-f2m29-tm40309-30c52b96 W8cd36b67a3b0 exhausted S=489915.647 L1
  67/448 ic-sub6-subtract icv1-f2m29-tm40309-30c52b96 W8cd36b67a3b0 exhausted S=501137.800 L1
  68/448 ic-sub8-mitm   icv1-f2m29-tm40309-30c52b96 W8cd36b67a3b0  verified S=271.335 L2
  69/448 ic-sub8-subtract icv1-f2m29-tm40309-30c52b96 W8cd36b67a3b0  verified S=21651.058 L1
  70/448 rho-strong-aa  icv1-f2m29-tm40309-30c52b96 W8cd36b67a3b0  verified S=4.233 L2
  71/448 rho-strong     icv1-f2m29-tm40309-30c52b96 W23532bdccf72  verified S=4.388 L2
  72/448 rho-frob       icv1-f2m29-tm40309-30c52b96 W23532bdccf72  verified S=1.053 L2
  73/448 ic-sub6-mitm   icv1-f2m29-tm40309-30c52b96 W23532bdccf72 exhausted S=489915.525 L1
  74/448 ic-sub6-subtract icv1-f2m29-tm40309-30c52b96 W23532bdccf72 exhausted S=501137.679 L1
  75/448 ic-sub8-mitm   icv1-f2m29-tm40309-30c52b96 W23532bdccf72  verified S=468.875 L2
  76/448 ic-sub8-subtract icv1-f2m29-tm40309-30c52b96 W23532bdccf72  verified S=40802.701 L1
  77/448 rho-strong-aa  icv1-f2m29-tm40309-30c52b96 W23532bdccf72  verified S=4.388 L2
  78/448 rho-strong     icv1-f2m29-tm40309-30c52b96 W97bcc16da066  verified S=4.859 L2
  79/448 rho-frob       icv1-f2m29-tm40309-30c52b96 W97bcc16da066  verified S=1.034 L1
  80/448 ic-sub6-mitm   icv1-f2m29-tm40309-30c52b96 W97bcc16da066 exhausted S=489915.627 L1
