2026-09-26T03:45:00Z start, pending [('13:5:6', 'u0'), ('13:5:6', 'u1'), ('13:5:6', 'u2'), ('13:5:6', 'u3'), ('15:5:6', 'u0'), ('15:5:6', 'u1'), ('15:5:6', 'u2'), ('15:5:6', 'u3'), ('13:5:6', 'control'), ('15:5:6', 'control'), ('13:4:6', 'control')]
2026-09-26T03:45:00Z launch 13:5:6 u0 pid 5587
2026-09-26T03:45:00Z launch 13:5:6 u1 pid 5588
2026-09-26T04:16:30Z done 13:5:6 u0 exit 0 wall 1890s
2026-09-26T04:16:30Z launch 13:5:6 u2 pid 8048
2026-09-26T04:17:30Z done 13:5:6 u1 exit 0 wall 1950s
2026-09-26T04:17:30Z launch 13:5:6 u3 pid 8147
2026-09-26T04:18:08Z runner stopped by hand (pids 5580 5586 ) with (13,5) u2, u3 in flight, so (15,5) starts one at a time for memory; relaunched with --parallel 1 after they finish
2026-09-26T04:51:01Z start, pending [('15:5:6', 'u0'), ('15:5:6', 'u1'), ('15:5:6', 'u2'), ('15:5:6', 'u3'), ('13:5:6', 'control'), ('15:5:6', 'control'), ('13:4:6', 'control')]
2026-09-26T04:51:01Z launch 15:5:6 u0 pid 10771
2026-09-26T06:21:03Z container restart while idle: (15,5) u0 (launched 04:51) lost unfinished; relaunched with --parallel 1
2026-09-26T06:21:03Z start, pending [('15:5:6', 'u0'), ('15:5:6', 'u1'), ('15:5:6', 'u2'), ('15:5:6', 'u3'), ('13:5:6', 'control'), ('15:5:6', 'control'), ('13:4:6', 'control')]
2026-09-26T06:21:03Z launch 15:5:6 u0 pid 368
2026-09-26T07:57:03Z done 15:5:6 u0 exit 0 wall 5760s
2026-09-26T07:57:03Z launch 15:5:6 u1 pid 2087
2026-09-26T07:57:35Z runner stopped by hand (pids 361 367 ) with (15,5) u1 in flight; u2, u3 launched by hand with run_queue.py's command, staggered so dense phases do not overlap (peak ~6.7 GB a draw)
2026-09-26T08:36:23Z launch 15:5:6 u2 pid 2886 (by hand)
2026-09-26T09:35:31Z done 15:5:6 u1 (by hand); launch 15:5:6 u3 pid 3886 (by hand)
2026-09-26T10:21:07Z done 15:5:6 u2 (by hand)
2026-09-26T11:16:14Z done 15:5:6 u3 (by hand); runner relaunched --parallel 1 for the controls
2026-09-26T11:16:14Z start, pending [('13:5:6', 'control'), ('15:5:6', 'control'), ('13:4:6', 'control')]
2026-09-26T11:16:14Z launch 13:5:6 control pid 5671
