{
  "ell": 9,
  "interpretation": "The algebraic factor base, explicit affine target, source identity, and all exported equations were independently reconstructed without running a solver",
  "n": 59,
  "regenerated_source_exact": true,
  "schema": "koblitz_pdp_source_verification.v1",
  "source_artifacts": {
    "cryptominisat_xor_dimacs": {
      "blake3": "8f391678ebf0291096560a3253d07235fc614c593e73e553a25dd8bf87009f5c",
      "bytes": 208168,
      "path": "instance.xor.cnf",
      "valid": true
    },
    "magma_boolean_f4": {
      "blake3": "e783df23d28382b2e8b8147d511c8e09cdebc26171b04e419271d19e311759ef",
      "bytes": 373254,
      "path": "instance.magma",
      "valid": true
    },
    "wdsat_anf": {
      "blake3": "f58e8ae099c65ffbc3083c1fdf1929079b6e7fcf31b8658ff85b950cec92eb08",
      "bytes": 236183,
      "path": "instance.anf",
      "valid": true
    }
  },
  "source_instance_id": "954e10f8bf0280094fed195280b203d7cd613150b17339716eb469b88ffa9ac7",
  "source_instance_verified": true,
  "source_variables": 78,
  "status": "verified",
  "timing_ns": {
    "source_verification": 34689625
  }
}
