{
  "arguments": {
    "batch": 1,
    "control": false,
    "curve_a": 0,
    "curve_b": 1,
    "degree": 9,
    "factor_base": null,
    "factor_index": 0,
    "known_log": 7,
    "max_trials": 500,
    "random_target": false,
    "seed": 503,
    "solver": "sat",
    "subfield": 1,
    "summands": 2
  },
  "counts": {
    "algebra_cache_current_thread": [
      {
        "bytes_read": 0,
        "bytes_written": 0,
        "errors": 0,
        "invalid": 0,
        "local_hits": 0,
        "lookups": 0,
        "misses": 0,
        "overhead_ns": 0,
        "oversized": 0,
        "redis_hits": 0
      },
      {
        "bytes_read": 0,
        "bytes_written": 0,
        "errors": 0,
        "invalid": 0,
        "local_hits": 0,
        "lookups": 0,
        "misses": 0,
        "overhead_ns": 0,
        "oversized": 0,
        "redis_hits": 0
      },
      {
        "bytes_read": 0,
        "bytes_written": 0,
        "errors": 0,
        "invalid": 0,
        "local_hits": 0,
        "lookups": 0,
        "misses": 0,
        "overhead_ns": 0,
        "oversized": 0,
        "redis_hits": 0
      }
    ],
    "batches": 2,
    "cofactor_admissible": true,
    "columns": 3,
    "dependent_relations": 0,
    "f4_reductions": 0,
    "factor_base_points": 55,
    "inconsistent_relations": 0,
    "independent_relations": 2,
    "linear_solve_attempts": 1,
    "pair_table_entries": 0,
    "relations": 2,
    "sat_calls": 2,
    "sat_conflicts": 136,
    "sat_invalid_models": 0,
    "sat_unknowns": 0,
    "trials": 2,
    "verification_failures": 0
  },
  "elapsed_seconds": 0.001958356,
  "evidence_scope": "synthetic_known_answer",
  "factor_base": {
    "abscissae": 64,
    "columns": 3,
    "dimension": 6,
    "domain": "linear_subspace",
    "family": "factor",
    "points": 55,
    "signed_orbits": 4,
    "spec": {
      "index": 0,
      "kind": "factor"
    }
  },
  "limitations": [
    "No imported target was used.",
    "This run does not establish scaling or challenge readiness."
  ],
  "mode": {
    "batch": 1,
    "collapse_negation": true,
    "collapse_projected_orbits": true,
    "control": false,
    "early_solve": true
  },
  "operation": "run",
  "parameters": {
    "a": "0",
    "b": "1",
    "cofactor": "4",
    "field": {
      "degree": 9,
      "kind": "binary",
      "polynomial_terms": [
        0,
        1,
        9
      ]
    },
    "fixture": {
      "known_log": "7",
      "seed": 503
    },
    "generator": {
      "x": "0x160",
      "y": "0x1d2"
    },
    "name": "synthetic-k0-n9",
    "point": {
      "x": "0x11e",
      "y": "0x69"
    },
    "schema_version": 1,
    "subgroup_order": "127"
  },
  "resources": {
    "cpu_seconds": 0.003291,
    "peak_rss_bytes": 15712256,
    "scope": "process counters sampled before report emission; peak resident memory, not allocated bytes"
  },
  "result": {
    "expected": "7",
    "recovered": "7",
    "verified": true
  },
  "schema_version": 1,
  "software": {
    "arch": "x86_64",
    "binary_blake3": "921ea2b9bd1b4fb43f9d74cda8e33c7cd503c6ddcee3a557d78b08a7a9257515",
    "os": "linux",
    "version": "0.1.0"
  },
  "stages": [
    {
      "details": {},
      "elapsed_seconds": 4e-8,
      "stage": "factor_base",
      "status": "started"
    },
    {
      "details": {
        "columns": 3,
        "points": 55
      },
      "elapsed_seconds": 0.00065195,
      "stage": "factor_base",
      "status": "complete"
    },
    {
      "details": {
        "wanted": 7
      },
      "elapsed_seconds": 3e-8,
      "stage": "relation_collection",
      "status": "started"
    },
    {
      "details": {
        "collected": 2,
        "trials": 2
      },
      "elapsed_seconds": 0.001037471,
      "stage": "relation_collection",
      "status": "stopped"
    },
    {
      "details": {
        "columns": 4,
        "rows": 2
      },
      "elapsed_seconds": 3e-8,
      "stage": "linear_algebra",
      "status": "started"
    },
    {
      "details": {
        "candidate_produced": true,
        "columns": 4,
        "rank": 2,
        "rows": 2
      },
      "elapsed_seconds": 1.112e-6,
      "stage": "linear_algebra",
      "status": "rank"
    },
    {
      "details": {},
      "elapsed_seconds": 1.813e-6,
      "stage": "linear_algebra",
      "status": "complete"
    },
    {
      "details": {},
      "elapsed_seconds": 3e-8,
      "stage": "verification",
      "status": "started"
    },
    {
      "details": {},
      "elapsed_seconds": 0.000012619,
      "stage": "verification",
      "status": "pass"
    }
  ],
  "status": "complete",
  "timing_seconds": {
    "linear_algebra": 0.000016895,
    "pair_table": 0.0,
    "relation_collection": 0.001038072
  }
}
