{'all_affine_five_bit_targets': 43, 'per_branch_coefficients_equal': True, 'coefficient_occurrences': 444, 'complete_sets_equal': True, 'normalized_cached_field_counts_equal': True}
frozen 11 5 first s4-symmetric first 1 0.8842
frozen 11 5 first normalized-pullback first 1 0.0449
frozen 11 5 first cached-pullback first 1 0.0389
frozen 11 5 first coefficient-pullback first 1 0.0684
frozen 11 5 first chained-s3 first 1 0.8443
frozen 11 5 enumerate chained-s3 complete 1 0.8317
frozen 11 5 enumerate cached-pullback complete 1 0.0492
frozen 11 5 enumerate normalized-pullback complete 1 0.053
frozen 11 5 enumerate coefficient-pullback complete 1 0.083
frozen 11 5 enumerate s4-symmetric complete 1 0.8525
frozen 11 5 first cached-pullback first 1 0.029
frozen 11 5 first coefficient-pullback first 1 0.0517
frozen 11 5 first normalized-pullback first 1 0.0338
frozen 11 5 first s4-symmetric first 1 2.4701
frozen 11 5 first chained-s3 first 1 2.4336
frozen 11 5 enumerate coefficient-pullback complete 1 0.0877
frozen 11 5 enumerate normalized-pullback complete 1 0.0564
frozen 11 5 enumerate cached-pullback complete 1 0.0484
frozen 11 5 enumerate chained-s3 complete 1 2.4758
frozen 11 5 enumerate s4-symmetric complete 1 2.6504
frozen 11 5 first s4-symmetric first 1 0.3989
frozen 11 5 first normalized-pullback first 1 0.0143
frozen 11 5 first coefficient-pullback first 1 0.0238
frozen 11 5 first chained-s3 first 1 0.4242
frozen 11 5 first cached-pullback first 1 0.0114
frozen 11 5 enumerate coefficient-pullback complete 2 0.0892
frozen 11 5 enumerate s4-symmetric complete 2 1.1875
frozen 11 5 enumerate cached-pullback complete 2 0.0665
frozen 11 5 enumerate chained-s3 complete 2 1.3236
frozen 11 5 enumerate normalized-pullback complete 2 0.055
frozen 11 5 first coefficient-pullback first 1 0.0083
frozen 11 5 first normalized-pullback first 1 0.0061
frozen 11 5 first s4-symmetric first 1 0.2826
frozen 11 5 first chained-s3 first 1 0.2809
frozen 11 5 first cached-pullback first 1 0.0058
frozen 11 5 enumerate coefficient-pullback complete 3 0.132
frozen 11 5 enumerate cached-pullback complete 3 0.0464
frozen 11 5 enumerate chained-s3 complete 3 0.874
frozen 11 5 enumerate s4-symmetric complete 3 0.8176
frozen 11 5 enumerate normalized-pullback complete 3 0.0541
frozen 23 7 first cached-pullback complete 0 1.8286
frozen 23 7 first s4-symmetric timeout 0 3.0169
frozen 23 7 first coefficient-pullback timeout 0 3.0
frozen 23 7 first chained-s3 timeout 0 3.0656
frozen 23 7 first normalized-pullback complete 0 2.4605
frozen 23 7 enumerate cached-pullback complete 0 1.8393
frozen 23 7 enumerate coefficient-pullback timeout 0 3.0
frozen 23 7 enumerate chained-s3 timeout 0 3.0051
frozen 23 7 enumerate normalized-pullback complete 0 2.4973
frozen 23 7 enumerate s4-symmetric timeout 0 3.0551
frozen 23 7 first coefficient-pullback timeout 0 3.0
frozen 23 7 first normalized-pullback complete 0 2.3928
frozen 23 7 first chained-s3 timeout 0 3.0128
frozen 23 7 first s4-symmetric timeout 0 3.0147
frozen 23 7 first cached-pullback complete 0 1.7741
frozen 23 7 enumerate coefficient-pullback timeout 0 3.0001
frozen 23 7 enumerate cached-pullback complete 0 1.8738
frozen 23 7 enumerate s4-symmetric timeout 0 3.0077
frozen 23 7 enumerate chained-s3 timeout 0 3.0545
frozen 23 7 enumerate normalized-pullback complete 0 2.3874
frozen 23 7 first chained-s3 timeout 0 3.0153
frozen 23 7 first s4-symmetric timeout 0 3.0138
frozen 23 7 first cached-pullback first 1 1.394
frozen 23 7 first normalized-pullback first 1 1.8165
frozen 23 7 first coefficient-pullback first 1 2.5965
frozen 23 7 enumerate chained-s3 timeout 0 3.01
frozen 23 7 enumerate normalized-pullback complete 1 2.3631
frozen 23 7 enumerate cached-pullback complete 1 1.8082
frozen 23 7 enumerate coefficient-pullback timeout 1 3.0
frozen 23 7 enumerate s4-symmetric timeout 0 3.0094
frozen 23 7 first s4-symmetric timeout 0 3.0588
frozen 23 7 first chained-s3 timeout 0 3.0171
frozen 23 7 first cached-pullback first 1 0.9684
frozen 23 7 first normalized-pullback first 1 1.2868
frozen 23 7 first coefficient-pullback first 1 1.8677
frozen 23 7 enumerate normalized-pullback complete 1 2.4646
frozen 23 7 enumerate s4-symmetric timeout 0 3.0451
frozen 23 7 enumerate chained-s3 timeout 0 3.0457
frozen 23 7 enumerate cached-pullback complete 1 1.742
frozen 23 7 enumerate coefficient-pullback timeout 1 3.0003
frozen 29 8 first s4-symmetric timeout 0 3.0436
frozen 29 8 first normalized-pullback timeout 0 3.0
frozen 29 8 first coefficient-pullback timeout 0 3.0
frozen 29 8 first cached-pullback timeout 0 3.0
frozen 29 8 first chained-s3 timeout 0 3.027
frozen 29 8 enumerate cached-pullback timeout 0 3.0
frozen 29 8 enumerate normalized-pullback timeout 0 3.0
frozen 29 8 enumerate chained-s3 timeout 0 3.0226
frozen 29 8 enumerate s4-symmetric timeout 0 3.0846
frozen 29 8 enumerate coefficient-pullback timeout 0 3.0
frozen 29 8 first cached-pullback timeout 0 3.0
frozen 29 8 first chained-s3 timeout 0 3.029
frozen 29 8 first normalized-pullback timeout 0 3.0
frozen 29 8 first coefficient-pullback timeout 0 3.0
frozen 29 8 first s4-symmetric timeout 0 3.1645
frozen 29 8 enumerate cached-pullback timeout 0 3.0
frozen 29 8 enumerate s4-symmetric timeout 0 3.179
frozen 29 8 enumerate coefficient-pullback timeout 0 3.0001
frozen 29 8 enumerate normalized-pullback timeout 0 3.0
frozen 29 8 enumerate chained-s3 timeout 0 3.063
frozen 29 8 first s4-symmetric timeout 0 3.0591
frozen 29 8 first normalized-pullback timeout 0 3.0
frozen 29 8 first coefficient-pullback timeout 0 3.0
frozen 29 8 first chained-s3 timeout 0 3.0216
frozen 29 8 first cached-pullback first 1 2.4326
frozen 29 8 enumerate chained-s3 timeout 0 3.0494
frozen 29 8 enumerate normalized-pullback timeout 0 3.0
frozen 29 8 enumerate coefficient-pullback timeout 0 3.0
frozen 29 8 enumerate cached-pullback timeout 1 3.0004
frozen 29 8 enumerate s4-symmetric timeout 0 3.0137
frozen 29 8 first chained-s3 timeout 0 3.0068
frozen 29 8 first coefficient-pullback timeout 0 3.0001
frozen 29 8 first cached-pullback first 1 1.5738
frozen 29 8 first s4-symmetric timeout 0 3.0333
frozen 29 8 first normalized-pullback first 1 2.2805
frozen 29 8 enumerate normalized-pullback timeout 1 3.0
frozen 29 8 enumerate cached-pullback timeout 1 3.0
frozen 29 8 enumerate s4-symmetric timeout 0 3.0143
frozen 29 8 enumerate coefficient-pullback timeout 1 3.0
frozen 29 8 enumerate chained-s3 timeout 0 3.0049
fresh 11 5 first s4-symmetric first 1 1.3409
fresh 11 5 first cached-pullback first 1 0.0268
fresh 11 5 first chained-s3 first 1 1.2411
fresh 11 5 first normalized-pullback first 1 0.0332
fresh 11 5 first coefficient-pullback first 1 0.0483
fresh 11 5 enumerate normalized-pullback complete 1 0.055
fresh 11 5 enumerate cached-pullback complete 1 0.0468
fresh 11 5 enumerate coefficient-pullback complete 1 0.0851
fresh 11 5 enumerate chained-s3 complete 1 1.7552
fresh 11 5 enumerate s4-symmetric complete 1 1.7286
fresh 11 5 first s4-symmetric complete 0 0.9009
fresh 11 5 first cached-pullback complete 0 0.0463
fresh 11 5 first normalized-pullback complete 0 0.0533
fresh 11 5 first chained-s3 complete 0 0.9025
fresh 11 5 first coefficient-pullback complete 0 0.093
fresh 11 5 enumerate coefficient-pullback complete 0 0.0856
fresh 11 5 enumerate normalized-pullback complete 0 0.0527
fresh 11 5 enumerate s4-symmetric complete 0 0.9078
fresh 11 5 enumerate cached-pullback complete 0 0.0447
fresh 11 5 enumerate chained-s3 complete 0 0.943
fresh 11 5 first chained-s3 first 1 0.0406
fresh 11 5 first s4-symmetric first 1 0.0409
fresh 11 5 first normalized-pullback first 1 0.0098
fresh 11 5 first coefficient-pullback first 1 0.0141
fresh 11 5 first cached-pullback first 1 0.0092
fresh 11 5 enumerate normalized-pullback complete 1 0.0554
fresh 11 5 enumerate cached-pullback complete 1 0.0469
fresh 11 5 enumerate s4-symmetric complete 1 1.1979
fresh 11 5 enumerate coefficient-pullback complete 1 0.0852
fresh 11 5 enumerate chained-s3 complete 1 1.1465
fresh 11 5 first chained-s3 first 1 0.4051
fresh 11 5 first normalized-pullback first 1 0.047
fresh 11 5 first coefficient-pullback first 1 0.0746
fresh 11 5 first cached-pullback first 1 0.041
fresh 11 5 first s4-symmetric first 1 0.3942
fresh 11 5 enumerate coefficient-pullback complete 1 0.0861
fresh 11 5 enumerate chained-s3 complete 1 0.8995
fresh 11 5 enumerate normalized-pullback complete 1 0.0545
fresh 11 5 enumerate s4-symmetric complete 1 0.9087
fresh 11 5 enumerate cached-pullback complete 1 0.0475
fresh 23 7 first s4-symmetric timeout 0 3.0176
fresh 23 7 first cached-pullback complete 0 1.7298
fresh 23 7 first coefficient-pullback timeout 0 3.0
fresh 23 7 first normalized-pullback complete 0 2.3337
fresh 23 7 first chained-s3 timeout 0 3.0585
fresh 23 7 enumerate s4-symmetric timeout 0 3.0511
fresh 23 7 enumerate cached-pullback complete 0 1.8053
fresh 23 7 enumerate normalized-pullback complete 0 2.3787
fresh 23 7 enumerate chained-s3 timeout 0 3.0841
fresh 23 7 enumerate coefficient-pullback timeout 0 3.0
fresh 23 7 first s4-symmetric timeout 0 3.0197
fresh 23 7 first coefficient-pullback timeout 0 3.0
fresh 23 7 first chained-s3 timeout 0 3.0242
fresh 23 7 first cached-pullback complete 0 2.0308
fresh 23 7 first normalized-pullback complete 0 2.4142
fresh 23 7 enumerate chained-s3 timeout 0 3.0286
fresh 23 7 enumerate coefficient-pullback timeout 0 3.0
fresh 23 7 enumerate cached-pullback complete 0 1.8406
fresh 23 7 enumerate normalized-pullback complete 0 2.4097
fresh 23 7 enumerate s4-symmetric timeout 0 3.0506
fresh 23 7 first cached-pullback first 1 1.6444
fresh 23 7 first normalized-pullback first 1 2.2213
fresh 23 7 first s4-symmetric timeout 0 3.0104
fresh 23 7 first coefficient-pullback timeout 0 3.0
fresh 23 7 first chained-s3 timeout 0 3.0015
fresh 23 7 enumerate s4-symmetric timeout 0 3.0082
fresh 23 7 enumerate cached-pullback complete 1 1.8611
fresh 23 7 enumerate coefficient-pullback timeout 0 3.0001
fresh 23 7 enumerate chained-s3 timeout 0 3.0143
fresh 23 7 enumerate normalized-pullback complete 1 2.4315
fresh 23 7 first chained-s3 timeout 0 3.0204
fresh 23 7 first coefficient-pullback first 1 0.5274
fresh 23 7 first s4-symmetric timeout 0 3.0628
fresh 23 7 first cached-pullback first 1 0.2485
fresh 23 7 first normalized-pullback first 1 0.3138
fresh 23 7 enumerate chained-s3 timeout 0 3.0632
fresh 23 7 enumerate cached-pullback complete 1 1.776
fresh 23 7 enumerate s4-symmetric timeout 0 3.0075
fresh 23 7 enumerate coefficient-pullback timeout 1 3.0
fresh 23 7 enumerate normalized-pullback complete 1 2.6751
fresh 29 8 first cached-pullback timeout 0 3.0
fresh 29 8 first coefficient-pullback timeout 0 3.0
fresh 29 8 first chained-s3 timeout 0 3.0895
fresh 29 8 first normalized-pullback timeout 0 3.0
fresh 29 8 first s4-symmetric timeout 0 3.0026
fresh 29 8 enumerate coefficient-pullback timeout 0 3.0004
fresh 29 8 enumerate s4-symmetric timeout 0 3.1389
fresh 29 8 enumerate cached-pullback timeout 0 3.0
fresh 29 8 enumerate normalized-pullback timeout 0 3.0
fresh 29 8 enumerate chained-s3 timeout 0 3.0203
fresh 29 8 first coefficient-pullback timeout 0 3.0
fresh 29 8 first normalized-pullback timeout 0 3.0
fresh 29 8 first chained-s3 timeout 0 3.0121
fresh 29 8 first cached-pullback timeout 0 3.0
fresh 29 8 first s4-symmetric timeout 0 3.0053
fresh 29 8 enumerate coefficient-pullback timeout 0 3.0
fresh 29 8 enumerate s4-symmetric timeout 0 3.0099
fresh 29 8 enumerate cached-pullback timeout 0 3.0
fresh 29 8 enumerate normalized-pullback timeout 0 3.0003
fresh 29 8 enumerate chained-s3 timeout 0 3.0246
fresh 29 8 first normalized-pullback first 1 0.2883
fresh 29 8 first coefficient-pullback first 1 0.3616
fresh 29 8 first chained-s3 timeout 0 3.0091
fresh 29 8 first cached-pullback first 1 0.2246
fresh 29 8 first s4-symmetric timeout 0 3.0165
fresh 29 8 enumerate coefficient-pullback timeout 1 3.0003
fresh 29 8 enumerate chained-s3 timeout 0 3.0043
fresh 29 8 enumerate normalized-pullback timeout 1 3.0
fresh 29 8 enumerate s4-symmetric timeout 0 3.0063
fresh 29 8 enumerate cached-pullback timeout 1 3.0
fresh 29 8 first cached-pullback timeout 0 3.0
fresh 29 8 first normalized-pullback timeout 0 3.0
fresh 29 8 first s4-symmetric timeout 0 3.0336
fresh 29 8 first chained-s3 timeout 0 3.0658
fresh 29 8 first coefficient-pullback timeout 0 3.0001
fresh 29 8 enumerate s4-symmetric timeout 0 3.0414
fresh 29 8 enumerate normalized-pullback timeout 0 3.0
fresh 29 8 enumerate chained-s3 timeout 0 3.0017
fresh 29 8 enumerate cached-pullback timeout 0 3.0
fresh 29 8 enumerate coefficient-pullback timeout 0 3.0001
e2e 5 91 cached-pullback verified
e2e 5 91 normalized-pullback verified
e2e 5 91 rho verified
e2e 5 91 coefficient-pullback verified
e2e 5 137 cached-pullback verified
e2e 5 137 normalized-pullback verified
e2e 5 137 coefficient-pullback verified
e2e 5 137 rho verified
e2e 5 211 normalized-pullback verified
e2e 5 211 coefficient-pullback verified
e2e 5 211 rho verified
e2e 5 211 cached-pullback verified
e2e 5 307 cached-pullback verified
e2e 5 307 normalized-pullback verified
e2e 5 307 coefficient-pullback verified
e2e 5 307 rho verified
e2e 5 401 rho verified
e2e 5 401 coefficient-pullback verified
e2e 5 401 normalized-pullback verified
e2e 5 401 cached-pullback verified
e2e 5 503 normalized-pullback verified
e2e 5 503 rho verified
e2e 5 503 coefficient-pullback verified
e2e 5 503 cached-pullback verified
e2e 9 91 normalized-pullback verified
e2e 9 91 coefficient-pullback verified
e2e 9 91 rho verified
e2e 9 91 cached-pullback verified
e2e 9 137 rho verified
e2e 9 137 cached-pullback verified
e2e 9 137 normalized-pullback verified
e2e 9 137 coefficient-pullback verified
e2e 9 211 normalized-pullback verified
e2e 9 211 cached-pullback verified
e2e 9 211 coefficient-pullback verified
e2e 9 211 rho verified
e2e 9 307 rho verified
e2e 9 307 cached-pullback verified
e2e 9 307 normalized-pullback verified
e2e 9 307 coefficient-pullback verified
e2e 9 401 normalized-pullback verified
e2e 9 401 cached-pullback verified
e2e 9 401 rho verified
e2e 9 401 coefficient-pullback verified
e2e 9 503 rho verified
e2e 9 503 coefficient-pullback verified
e2e 9 503 cached-pullback verified
e2e 9 503 normalized-pullback verified
