{'all_affine_five_bit_targets': 43, 'per_branch_coefficients_equal': True, 'coefficient_occurrences': 444, 'complete_sets_equal': True, 'normalized_cached_field_counts_equal': True}
frozen 11 5 first s4-symmetric first 1 0.8486
frozen 11 5 first normalized-pullback first 1 0.0448
frozen 11 5 first cached-pullback first 1 0.0372
frozen 11 5 first coefficient-pullback first 1 0.0686
frozen 11 5 first chained-s3 first 1 0.8321
frozen 11 5 enumerate chained-s3 complete 1 0.8358
frozen 11 5 enumerate cached-pullback complete 1 0.0468
frozen 11 5 enumerate normalized-pullback complete 1 0.0539
frozen 11 5 enumerate coefficient-pullback complete 1 0.086
frozen 11 5 enumerate s4-symmetric complete 1 0.839
frozen 11 5 first cached-pullback first 1 0.032
frozen 11 5 first coefficient-pullback first 1 0.0545
frozen 11 5 first normalized-pullback first 1 0.0407
frozen 11 5 first s4-symmetric first 1 2.5311
frozen 11 5 first chained-s3 first 1 2.4894
frozen 11 5 enumerate coefficient-pullback complete 1 0.0866
frozen 11 5 enumerate normalized-pullback complete 1 0.057
frozen 11 5 enumerate cached-pullback complete 1 0.0467
frozen 11 5 enumerate chained-s3 complete 1 2.4516
frozen 11 5 enumerate s4-symmetric complete 1 2.4197
frozen 11 5 first s4-symmetric first 1 0.3809
frozen 11 5 first normalized-pullback first 1 0.0128
frozen 11 5 first coefficient-pullback first 1 0.019
frozen 11 5 first chained-s3 first 1 0.3872
frozen 11 5 first cached-pullback first 1 0.0115
frozen 11 5 enumerate coefficient-pullback complete 2 0.0869
frozen 11 5 enumerate s4-symmetric complete 2 1.1604
frozen 11 5 enumerate cached-pullback complete 2 0.0476
frozen 11 5 enumerate chained-s3 complete 2 1.1662
frozen 11 5 enumerate normalized-pullback complete 2 0.0546
frozen 11 5 first coefficient-pullback first 1 0.0081
frozen 11 5 first normalized-pullback first 1 0.006
frozen 11 5 first s4-symmetric first 1 0.2648
frozen 11 5 first chained-s3 first 1 0.2667
frozen 11 5 first cached-pullback first 1 0.0056
frozen 11 5 enumerate coefficient-pullback complete 3 0.0821
frozen 11 5 enumerate cached-pullback complete 3 0.047
frozen 11 5 enumerate chained-s3 complete 3 0.7821
frozen 11 5 enumerate s4-symmetric complete 3 0.7942
frozen 11 5 enumerate normalized-pullback complete 3 0.0582
frozen 23 7 first cached-pullback complete 0 1.8866
frozen 23 7 first s4-symmetric timeout 0 3.0671
frozen 23 7 first coefficient-pullback timeout 0 3.0001
frozen 23 7 first chained-s3 timeout 0 3.0389
frozen 23 7 first normalized-pullback complete 0 2.3123
frozen 23 7 enumerate cached-pullback complete 0 1.818
frozen 23 7 enumerate coefficient-pullback timeout 0 3.0
frozen 23 7 enumerate chained-s3 timeout 0 3.0107
frozen 23 7 enumerate normalized-pullback complete 0 2.33
frozen 23 7 enumerate s4-symmetric timeout 0 3.049
frozen 23 7 first coefficient-pullback timeout 0 3.0
frozen 23 7 first normalized-pullback complete 0 2.4227
frozen 23 7 first chained-s3 timeout 0 3.0131
frozen 23 7 first s4-symmetric timeout 0 3.0629
frozen 23 7 first cached-pullback complete 0 1.8334
frozen 23 7 enumerate coefficient-pullback timeout 0 3.0
frozen 23 7 enumerate cached-pullback complete 0 1.8127
frozen 23 7 enumerate s4-symmetric timeout 0 3.0589
frozen 23 7 enumerate chained-s3 timeout 0 3.0551
frozen 23 7 enumerate normalized-pullback complete 0 2.4038
frozen 23 7 first chained-s3 timeout 0 3.0148
frozen 23 7 first s4-symmetric timeout 0 3.0067
frozen 23 7 first cached-pullback first 1 1.4053
frozen 23 7 first normalized-pullback first 1 1.9535
frozen 23 7 first coefficient-pullback first 1 2.7046
frozen 23 7 enumerate chained-s3 timeout 0 3.0202
frozen 23 7 enumerate normalized-pullback complete 1 2.3146
frozen 23 7 enumerate cached-pullback complete 1 1.7716
frozen 23 7 enumerate coefficient-pullback timeout 1 3.0
frozen 23 7 enumerate s4-symmetric timeout 0 3.0132
frozen 23 7 first s4-symmetric timeout 0 3.0011
frozen 23 7 first chained-s3 timeout 0 3.0671
frozen 23 7 first cached-pullback first 1 1.1322
frozen 23 7 first normalized-pullback first 1 1.4021
frozen 23 7 first coefficient-pullback first 1 1.8832
frozen 23 7 enumerate normalized-pullback complete 1 2.3015
frozen 23 7 enumerate s4-symmetric timeout 0 3.0354
frozen 23 7 enumerate chained-s3 timeout 0 3.0123
frozen 23 7 enumerate cached-pullback complete 1 1.8153
frozen 23 7 enumerate coefficient-pullback timeout 1 3.0001
frozen 29 8 first s4-symmetric timeout 0 3.0252
frozen 29 8 first normalized-pullback timeout 0 3.0
frozen 29 8 first coefficient-pullback timeout 0 3.0
frozen 29 8 first cached-pullback timeout 0 3.0004
frozen 29 8 first chained-s3 timeout 0 3.0378
frozen 29 8 enumerate cached-pullback timeout 0 3.0
frozen 29 8 enumerate normalized-pullback timeout 0 3.0
frozen 29 8 enumerate chained-s3 timeout 0 3.1056
frozen 29 8 enumerate s4-symmetric timeout 0 3.0557
frozen 29 8 enumerate coefficient-pullback timeout 0 3.0001
frozen 29 8 first cached-pullback timeout 0 3.0
frozen 29 8 first chained-s3 timeout 0 3.056
frozen 29 8 first normalized-pullback timeout 0 3.0
frozen 29 8 first coefficient-pullback timeout 0 3.0
frozen 29 8 first s4-symmetric timeout 0 3.118
frozen 29 8 enumerate cached-pullback timeout 0 3.0
frozen 29 8 enumerate s4-symmetric timeout 0 3.0516
frozen 29 8 enumerate coefficient-pullback timeout 0 3.0
frozen 29 8 enumerate normalized-pullback timeout 0 3.0
frozen 29 8 enumerate chained-s3 timeout 0 3.0533
frozen 29 8 first s4-symmetric timeout 0 3.0378
frozen 29 8 first normalized-pullback timeout 0 3.0
frozen 29 8 first coefficient-pullback timeout 0 3.0
frozen 29 8 first chained-s3 timeout 0 3.0669
frozen 29 8 first cached-pullback first 1 2.6551
frozen 29 8 enumerate chained-s3 timeout 0 3.0078
frozen 29 8 enumerate normalized-pullback timeout 0 3.0
frozen 29 8 enumerate coefficient-pullback timeout 0 3.0
frozen 29 8 enumerate cached-pullback timeout 1 3.0
frozen 29 8 enumerate s4-symmetric timeout 0 3.0357
frozen 29 8 first chained-s3 timeout 0 3.0027
frozen 29 8 first coefficient-pullback first 1 2.8273
frozen 29 8 first cached-pullback first 1 1.4871
frozen 29 8 first s4-symmetric timeout 0 3.0089
frozen 29 8 first normalized-pullback first 1 2.2589
frozen 29 8 enumerate normalized-pullback timeout 1 3.0
frozen 29 8 enumerate cached-pullback timeout 1 3.0
frozen 29 8 enumerate s4-symmetric timeout 0 3.0085
frozen 29 8 enumerate coefficient-pullback timeout 1 3.0
frozen 29 8 enumerate chained-s3 timeout 0 3.0068
fresh 11 5 first s4-symmetric first 1 1.2529
fresh 11 5 first cached-pullback first 1 0.0267
fresh 11 5 first chained-s3 first 1 1.1894
fresh 11 5 first normalized-pullback first 1 0.0305
fresh 11 5 first coefficient-pullback first 1 0.0463
fresh 11 5 enumerate normalized-pullback complete 1 0.0537
fresh 11 5 enumerate cached-pullback complete 1 0.0476
fresh 11 5 enumerate coefficient-pullback complete 1 0.0851
fresh 11 5 enumerate chained-s3 complete 1 1.7013
fresh 11 5 enumerate s4-symmetric complete 1 1.6885
fresh 11 5 first s4-symmetric complete 0 0.9467
fresh 11 5 first cached-pullback complete 0 0.0479
fresh 11 5 first normalized-pullback complete 0 0.0529
fresh 11 5 first chained-s3 complete 0 0.9035
fresh 11 5 first coefficient-pullback complete 0 0.088
fresh 11 5 enumerate coefficient-pullback complete 0 0.0839
fresh 11 5 enumerate normalized-pullback complete 0 0.0539
fresh 11 5 enumerate s4-symmetric complete 0 0.9228
fresh 11 5 enumerate cached-pullback complete 0 0.0464
fresh 11 5 enumerate chained-s3 complete 0 0.9087
fresh 11 5 first chained-s3 first 1 0.0407
fresh 11 5 first s4-symmetric first 1 0.041
fresh 11 5 first normalized-pullback first 1 0.01
fresh 11 5 first coefficient-pullback first 1 0.0136
fresh 11 5 first cached-pullback first 1 0.011
fresh 11 5 enumerate normalized-pullback complete 1 0.0538
fresh 11 5 enumerate cached-pullback complete 1 0.0484
fresh 11 5 enumerate s4-symmetric complete 1 1.105
fresh 11 5 enumerate coefficient-pullback complete 1 0.082
fresh 11 5 enumerate chained-s3 complete 1 1.1157
fresh 11 5 first chained-s3 first 1 0.3899
fresh 11 5 first normalized-pullback first 1 0.0478
fresh 11 5 first coefficient-pullback first 1 0.0758
fresh 11 5 first cached-pullback first 1 0.0409
fresh 11 5 first s4-symmetric first 1 0.3947
fresh 11 5 enumerate coefficient-pullback complete 1 0.0831
fresh 11 5 enumerate chained-s3 complete 1 0.8957
fresh 11 5 enumerate normalized-pullback complete 1 0.0522
fresh 11 5 enumerate s4-symmetric complete 1 0.903
fresh 11 5 enumerate cached-pullback complete 1 0.0464
fresh 23 7 first s4-symmetric timeout 0 3.0354
fresh 23 7 first cached-pullback complete 0 1.7449
fresh 23 7 first coefficient-pullback timeout 0 3.0
fresh 23 7 first normalized-pullback complete 0 2.2738
fresh 23 7 first chained-s3 timeout 0 3.0671
fresh 23 7 enumerate s4-symmetric timeout 0 3.0301
fresh 23 7 enumerate cached-pullback complete 0 1.8105
fresh 23 7 enumerate normalized-pullback complete 0 2.3329
fresh 23 7 enumerate chained-s3 timeout 0 3.0738
fresh 23 7 enumerate coefficient-pullback timeout 0 3.0
fresh 23 7 first s4-symmetric timeout 0 3.0222
fresh 23 7 first coefficient-pullback timeout 0 3.0
fresh 23 7 first chained-s3 timeout 0 3.0181
fresh 23 7 first cached-pullback complete 0 1.7624
fresh 23 7 first normalized-pullback complete 0 2.3922
fresh 23 7 enumerate chained-s3 timeout 0 3.0362
fresh 23 7 enumerate coefficient-pullback timeout 0 3.0
fresh 23 7 enumerate cached-pullback complete 0 1.7736
fresh 23 7 enumerate normalized-pullback complete 0 2.3969
fresh 23 7 enumerate s4-symmetric timeout 0 3.0227
fresh 23 7 first cached-pullback first 1 1.6749
fresh 23 7 first normalized-pullback first 1 2.2529
fresh 23 7 first s4-symmetric timeout 0 3.0005
fresh 23 7 first coefficient-pullback timeout 0 3.0
fresh 23 7 first chained-s3 timeout 0 3.0049
fresh 23 7 enumerate s4-symmetric timeout 0 3.0019
fresh 23 7 enumerate cached-pullback complete 1 1.8079
fresh 23 7 enumerate coefficient-pullback timeout 0 3.0
fresh 23 7 enumerate chained-s3 timeout 0 3.0107
fresh 23 7 enumerate normalized-pullback complete 1 2.351
fresh 23 7 first chained-s3 timeout 0 3.064
fresh 23 7 first coefficient-pullback first 1 0.4453
fresh 23 7 first s4-symmetric timeout 0 3.063
fresh 23 7 first cached-pullback first 1 0.2448
fresh 23 7 first normalized-pullback first 1 0.327
fresh 23 7 enumerate chained-s3 timeout 0 3.046
fresh 23 7 enumerate cached-pullback complete 1 1.725
fresh 23 7 enumerate s4-symmetric timeout 0 3.0226
fresh 23 7 enumerate coefficient-pullback timeout 1 3.0
fresh 23 7 enumerate normalized-pullback complete 1 2.3327
fresh 29 8 first cached-pullback timeout 0 3.0
fresh 29 8 first coefficient-pullback timeout 0 3.0
fresh 29 8 first chained-s3 timeout 0 3.037
fresh 29 8 first normalized-pullback timeout 0 3.0
fresh 29 8 first s4-symmetric timeout 0 3.0462
fresh 29 8 enumerate coefficient-pullback timeout 0 3.0
fresh 29 8 enumerate s4-symmetric timeout 0 3.014
fresh 29 8 enumerate cached-pullback timeout 0 3.0
fresh 29 8 enumerate normalized-pullback timeout 0 3.0
fresh 29 8 enumerate chained-s3 timeout 0 3.0798
fresh 29 8 first coefficient-pullback timeout 0 3.0
fresh 29 8 first normalized-pullback timeout 0 3.0
fresh 29 8 first chained-s3 timeout 0 3.0048
fresh 29 8 first cached-pullback timeout 0 3.0
fresh 29 8 first s4-symmetric timeout 0 3.0037
fresh 29 8 enumerate coefficient-pullback timeout 0 3.0
fresh 29 8 enumerate s4-symmetric timeout 0 3.0129
fresh 29 8 enumerate cached-pullback timeout 0 3.0
fresh 29 8 enumerate normalized-pullback timeout 0 3.0
fresh 29 8 enumerate chained-s3 timeout 0 3.0047
fresh 29 8 first normalized-pullback first 1 0.2853
fresh 29 8 first coefficient-pullback first 1 0.3542
fresh 29 8 first chained-s3 timeout 0 3.0226
fresh 29 8 first cached-pullback first 1 0.2204
fresh 29 8 first s4-symmetric timeout 0 3.015
fresh 29 8 enumerate coefficient-pullback timeout 1 3.0005
fresh 29 8 enumerate chained-s3 timeout 0 3.0477
fresh 29 8 enumerate normalized-pullback timeout 1 3.0
fresh 29 8 enumerate s4-symmetric timeout 0 3.0041
fresh 29 8 enumerate cached-pullback timeout 1 3.0
fresh 29 8 first cached-pullback timeout 0 3.0
fresh 29 8 first normalized-pullback timeout 0 3.0
fresh 29 8 first s4-symmetric timeout 0 3.02
fresh 29 8 first chained-s3 timeout 0 3.0277
fresh 29 8 first coefficient-pullback timeout 0 3.0
fresh 29 8 enumerate s4-symmetric timeout 0 3.004
fresh 29 8 enumerate normalized-pullback timeout 0 3.0
fresh 29 8 enumerate chained-s3 timeout 0 3.0514
fresh 29 8 enumerate cached-pullback timeout 0 3.0
fresh 29 8 enumerate coefficient-pullback timeout 0 3.0001
e2e 5 91 cached-pullback verified
e2e 5 91 normalized-pullback verified
e2e 5 91 rho verified
e2e 5 91 coefficient-pullback verified
e2e 5 137 cached-pullback verified
e2e 5 137 normalized-pullback verified
e2e 5 137 coefficient-pullback verified
e2e 5 137 rho verified
e2e 5 211 normalized-pullback verified
e2e 5 211 coefficient-pullback verified
e2e 5 211 rho verified
e2e 5 211 cached-pullback verified
e2e 5 307 cached-pullback verified
e2e 5 307 normalized-pullback verified
e2e 5 307 coefficient-pullback verified
e2e 5 307 rho verified
e2e 5 401 rho verified
e2e 5 401 coefficient-pullback verified
e2e 5 401 normalized-pullback verified
e2e 5 401 cached-pullback verified
e2e 5 503 normalized-pullback verified
e2e 5 503 rho verified
e2e 5 503 coefficient-pullback verified
e2e 5 503 cached-pullback verified
e2e 9 91 normalized-pullback verified
e2e 9 91 coefficient-pullback verified
e2e 9 91 rho verified
e2e 9 91 cached-pullback verified
e2e 9 137 rho verified
e2e 9 137 cached-pullback verified
e2e 9 137 normalized-pullback verified
e2e 9 137 coefficient-pullback verified
e2e 9 211 normalized-pullback verified
e2e 9 211 cached-pullback verified
e2e 9 211 coefficient-pullback verified
e2e 9 211 rho verified
e2e 9 307 rho verified
e2e 9 307 cached-pullback verified
e2e 9 307 normalized-pullback verified
e2e 9 307 coefficient-pullback verified
e2e 9 401 normalized-pullback verified
e2e 9 401 cached-pullback verified
e2e 9 401 rho verified
e2e 9 401 coefficient-pullback verified
e2e 9 503 rho verified
e2e 9 503 coefficient-pullback verified
e2e 9 503 cached-pullback verified
e2e 9 503 normalized-pullback verified
