{'exhaustive_five_bit_solver_checks': 774, 'gf8_support_closure_checks': 4, 'all_passed': True}
stage binary5 2 2
dlp binary5 2 2 607 enumerate-last verified None
dlp binary5 2 2 607 pair-mitm verified None
dlp binary5 2 2 809 enumerate-last verified None
dlp binary5 2 2 809 pair-mitm verified None
stage binary5 2 3
dlp binary5 2 3 607 pair-mitm incomplete fewer admissible abscissae than summands
dlp binary5 2 3 607 enumerate-last incomplete fewer admissible abscissae than summands
dlp binary5 2 3 809 pair-mitm incomplete fewer admissible abscissae than summands
dlp binary5 2 3 809 enumerate-last incomplete fewer admissible abscissae than summands
stage binary5 2 4
dlp binary5 2 4 607 pair-mitm incomplete fewer admissible abscissae than summands
dlp binary5 2 4 607 enumerate-last incomplete fewer admissible abscissae than summands
dlp binary5 2 4 809 pair-mitm incomplete fewer admissible abscissae than summands
dlp binary5 2 4 809 enumerate-last incomplete fewer admissible abscissae than summands
stage binary5 3 2
dlp binary5 3 2 607 enumerate-last verified None
dlp binary5 3 2 607 pair-mitm verified None
dlp binary5 3 2 809 enumerate-last verified None
dlp binary5 3 2 809 pair-mitm verified None
stage binary5 3 3
dlp binary5 3 3 607 enumerate-last verified None
dlp binary5 3 3 607 pair-mitm verified None
dlp binary5 3 3 809 enumerate-last verified None
dlp binary5 3 3 809 pair-mitm verified None
stage binary5 3 4
dlp binary5 3 4 607 pair-mitm verified None
dlp binary5 3 4 607 enumerate-last verified None
dlp binary5 3 4 809 pair-mitm verified None
dlp binary5 3 4 809 enumerate-last verified None
stage binary5 4 2
dlp binary5 4 2 607 pair-mitm verified None
dlp binary5 4 2 607 enumerate-last verified None
dlp binary5 4 2 809 pair-mitm verified None
dlp binary5 4 2 809 enumerate-last verified None
stage binary5 4 3
dlp binary5 4 3 607 pair-mitm verified None
dlp binary5 4 3 607 enumerate-last verified None
dlp binary5 4 3 809 enumerate-last verified None
dlp binary5 4 3 809 pair-mitm verified None
stage binary5 4 4
dlp binary5 4 4 607 enumerate-last verified None
dlp binary5 4 4 607 pair-mitm verified None
dlp binary5 4 4 809 pair-mitm verified None
dlp binary5 4 4 809 enumerate-last verified None
stage binary9 2 2
dlp binary9 2 2 607 pair-mitm incomplete rank deficient
dlp binary9 2 2 607 enumerate-last incomplete rank deficient
dlp binary9 2 2 809 enumerate-last incomplete rank deficient
dlp binary9 2 2 809 pair-mitm incomplete rank deficient
stage binary9 2 3
dlp binary9 2 3 607 enumerate-last incomplete rank deficient
dlp binary9 2 3 607 pair-mitm incomplete rank deficient
dlp binary9 2 3 809 enumerate-last incomplete rank deficient
dlp binary9 2 3 809 pair-mitm incomplete rank deficient
stage binary9 2 4
dlp binary9 2 4 607 enumerate-last incomplete fewer admissible abscissae than summands
dlp binary9 2 4 607 pair-mitm incomplete fewer admissible abscissae than summands
dlp binary9 2 4 809 pair-mitm incomplete fewer admissible abscissae than summands
dlp binary9 2 4 809 enumerate-last incomplete fewer admissible abscissae than summands
stage binary9 3 2
dlp binary9 3 2 607 enumerate-last verified None
dlp binary9 3 2 607 pair-mitm verified None
dlp binary9 3 2 809 enumerate-last incomplete rank deficient
dlp binary9 3 2 809 pair-mitm incomplete rank deficient
stage binary9 3 3
dlp binary9 3 3 607 pair-mitm verified None
dlp binary9 3 3 607 enumerate-last verified None
dlp binary9 3 3 809 pair-mitm verified None
dlp binary9 3 3 809 enumerate-last verified None
stage binary9 3 4
dlp binary9 3 4 607 enumerate-last verified None
dlp binary9 3 4 607 pair-mitm verified None
dlp binary9 3 4 809 pair-mitm verified None
dlp binary9 3 4 809 enumerate-last verified None
stage binary9 4 2
dlp binary9 4 2 607 enumerate-last verified None
dlp binary9 4 2 607 pair-mitm verified None
dlp binary9 4 2 809 pair-mitm verified None
dlp binary9 4 2 809 enumerate-last verified None
stage binary9 4 3
dlp binary9 4 3 607 pair-mitm verified None
dlp binary9 4 3 607 enumerate-last verified None
dlp binary9 4 3 809 pair-mitm verified None
dlp binary9 4 3 809 enumerate-last verified None
stage binary9 4 4
dlp binary9 4 4 607 pair-mitm verified None
dlp binary9 4 4 607 enumerate-last verified None
dlp binary9 4 4 809 pair-mitm verified None
dlp binary9 4 4 809 enumerate-last verified None
stage binary9 5 2
dlp binary9 5 2 607 enumerate-last verified None
dlp binary9 5 2 607 pair-mitm verified None
dlp binary9 5 2 809 pair-mitm verified None
dlp binary9 5 2 809 enumerate-last verified None
stage binary9 5 3
dlp binary9 5 3 607 enumerate-last verified None
dlp binary9 5 3 607 pair-mitm verified None
dlp binary9 5 3 809 enumerate-last verified None
dlp binary9 5 3 809 pair-mitm verified None
stage binary9 5 4
dlp binary9 5 4 607 pair-mitm verified None
dlp binary9 5 4 607 enumerate-last verified None
dlp binary9 5 4 809 enumerate-last verified None
dlp binary9 5 4 809 pair-mitm verified None
stage subfield8-k0 1 2
dlp subfield8-k0 1 2 607 pair-mitm incomplete zero projected factor columns
dlp subfield8-k0 1 2 607 enumerate-last incomplete zero projected factor columns
dlp subfield8-k0 1 2 809 enumerate-last incomplete zero projected factor columns
dlp subfield8-k0 1 2 809 pair-mitm incomplete zero projected factor columns
stage subfield8-k0 1 3
dlp subfield8-k0 1 3 607 enumerate-last incomplete zero projected factor columns
dlp subfield8-k0 1 3 607 pair-mitm incomplete zero projected factor columns
dlp subfield8-k0 1 3 809 enumerate-last incomplete zero projected factor columns
dlp subfield8-k0 1 3 809 pair-mitm incomplete zero projected factor columns
stage subfield8-k0 1 4
dlp subfield8-k0 1 4 607 enumerate-last incomplete zero projected factor columns
dlp subfield8-k0 1 4 607 pair-mitm incomplete zero projected factor columns
dlp subfield8-k0 1 4 809 pair-mitm incomplete zero projected factor columns
dlp subfield8-k0 1 4 809 enumerate-last incomplete zero projected factor columns
stage subfield8-k0 2 2
dlp subfield8-k0 2 2 607 enumerate-last verified None
dlp subfield8-k0 2 2 607 pair-mitm verified None
dlp subfield8-k0 2 2 809 enumerate-last verified None
dlp subfield8-k0 2 2 809 pair-mitm verified None
stage subfield8-k0 2 3
dlp subfield8-k0 2 3 607 pair-mitm verified None
dlp subfield8-k0 2 3 607 enumerate-last verified None
dlp subfield8-k0 2 3 809 enumerate-last verified None
dlp subfield8-k0 2 3 809 pair-mitm verified None
stage subfield8-k0 2 4
dlp subfield8-k0 2 4 607 enumerate-last verified None
dlp subfield8-k0 2 4 607 pair-mitm verified None
dlp subfield8-k0 2 4 809 enumerate-last verified None
dlp subfield8-k0 2 4 809 pair-mitm verified None
stage subfield8-b22 1 2
dlp subfield8-b22 1 2 607 pair-mitm incomplete zero projected factor columns
dlp subfield8-b22 1 2 607 enumerate-last incomplete zero projected factor columns
dlp subfield8-b22 1 2 809 enumerate-last incomplete zero projected factor columns
dlp subfield8-b22 1 2 809 pair-mitm incomplete zero projected factor columns
stage subfield8-b22 1 3
dlp subfield8-b22 1 3 607 pair-mitm incomplete zero projected factor columns
dlp subfield8-b22 1 3 607 enumerate-last incomplete zero projected factor columns
dlp subfield8-b22 1 3 809 enumerate-last incomplete zero projected factor columns
dlp subfield8-b22 1 3 809 pair-mitm incomplete zero projected factor columns
stage subfield8-b22 1 4
dlp subfield8-b22 1 4 607 enumerate-last incomplete zero projected factor columns
dlp subfield8-b22 1 4 607 pair-mitm incomplete zero projected factor columns
dlp subfield8-b22 1 4 809 pair-mitm incomplete zero projected factor columns
dlp subfield8-b22 1 4 809 enumerate-last incomplete zero projected factor columns
stage subfield8-b22 2 2
dlp subfield8-b22 2 2 607 enumerate-last verified None
dlp subfield8-b22 2 2 607 pair-mitm verified None
dlp subfield8-b22 2 2 809 pair-mitm verified None
dlp subfield8-b22 2 2 809 enumerate-last verified None
stage subfield8-b22 2 3
dlp subfield8-b22 2 3 607 pair-mitm verified None
dlp subfield8-b22 2 3 607 enumerate-last verified None
dlp subfield8-b22 2 3 809 pair-mitm verified None
dlp subfield8-b22 2 3 809 enumerate-last verified None
stage subfield8-b22 2 4
dlp subfield8-b22 2 4 607 enumerate-last verified None
dlp subfield8-b22 2 4 607 pair-mitm verified None
dlp subfield8-b22 2 4 809 pair-mitm verified None
dlp subfield8-b22 2 4 809 enumerate-last verified None
