k1n47/T01-R1.price.json 0.0
k1n47/T02-R1.price.json 11.0
k1n47/T03-R1.price.json 13.0
k1n47/T03-R1-retry1.price.json 0.0
k1n47/T04-R1.price.json 6.0
k1n47/T05-R1.price.json 0.0
k1n47/T06-R1.price.json 10.0
k1n47/T07-R1.price.json 13.0
k1n47/T08-R1.price.json 0.0
k1n47/T09-R1.price.json 11.0
k1n47/T10-R1.price.json 13.0
k1n47/T11-R1.price.json 12.0
k1n47/T12-R1.price.json 13.0
k1n47/T13-R1.price.json 0.0
k1n47/T14-R1.price.json 5.0
k1n47/T15-R1.price.json 13.0
k1n47/T16-R1.price.json 13.0
k1n47/T17-R1.price.json 13.0
k1n47/T18-R1.price.json 13.0
k1n47/T19-R1.price.json 0.0
k1n47/T20-R1.price.json 14.0
k1n47/T21-R1.price.json 13.0
k1n47/T22-R1.price.json 13.0
k1n47/T23-R1.price.json 12.0
k1n47/T24-R1.price.json 14.0
k1n47/T25-R1.price.json 4.0
k1n47/T26-R1.price.json 0.0
k1n47/T27-R1.price.json 14.0
k1n47/T28-R1.price.json 13.0
k1n47/T29-R1.price.json 12.0
k1n47/T30-R1.price.json 13.0
k1n47/T31-R1.price.json 13.0
k1n47/T32-R1.price.json 12.0
k1n47/T33-R1.price.json 0.0
k1n47/T34-R1.price.json 11.0
k1n47/T35-R1.price.json 13.0
k1n47/T36-R1.price.json 13.0
k1n47/T37-R1.price.json 12.0
k1n47/T38-R1.price.json 0.0
k1n47/T39-R1.price.json 14.0
k1n47/T40-R1.price.json 13.0
k1n47/T40-R1-retry1.price.json 0.0
k1n47/T41-R1.price.json 6.0
k1n47/T42-R1.price.json 4.0
k1n47/T43-R1.price.json 13.0
k1n47/T44-R1.price.json 4.0
k1n47/T45-R1.price.json 13.0
k1n47/T46-R1.price.json 0.0
k1n47/T47-R1.price.json 6.0
k1n47/T48-R1.price.json 13.0
k1n47/T49-R1.price.json 4.0
k1n47/T50-R1.price.json 13.0
k1n47/T51-R1.price.json 0.0
k1n47/T52-R1.price.json 14.0
k1n47/T53-R1.price.json 13.0
k1n47/T54-R1.price.json 13.0
k1n47/T55-R1.price.json 13.0
k1n47/T56-R1.price.json 12.0
k1n47/T57-R1.price.json 0.0
k1n47/T58-R1.price.json 11.0
k1n47/T59-R1.price.json 4.0
k1n47/T60-R1.price.json 0.0
k1n47/T61-R1.price.json 14.0
k1n47/T62-R1.price.json 13.0
k1n47/T63-R1.price.json 4.0
k1n47/T64-R1.price.json 13.0
k1n47/T01-R2.price.json 13.0
k1n47/T02-R2.price.json 4.0
k1n47/T03-R2.price.json 0.0
k1n47/T04-R2.price.json 0.0
k0n57/T01-R1.price.json 0.0
k0n57/T02-R1.price.json 0.0
k0n57/T03-R1.price.json 4.0
k0n57/T04-R1.price.json 4.0
k0n57/T05-R1.price.json 4.0
k0n57/T06-R1.price.json 4.0
k0n57/T07-R1.price.json 4.0
k0n57/T08-R1.price.json 4.0
k0n57/T09-R1.price.json 4.0
k0n57/T10-R1.price.json 4.0
k0n57/T11-R1.price.json 4.0
k0n57/T12-R1.price.json 3.0
k0n57/T13-R1.price.json 4.0
k0n57/T14-R1.price.json 4.0
k0n57/T15-R1.price.json 4.0
k0n57/T16-R1.price.json 4.0
k0n57/T17-R1.price.json 4.0
k0n57/T18-R1.price.json 4.0
k0n57/T19-R1.price.json 3.0
k0n57/T20-R1.price.json 4.0
k0n57/T21-R1.price.json 4.0
k0n57/T22-R1.price.json 4.0
k0n57/T23-R1.price.json 4.0
k0n57/T24-R1.price.json 4.0
k0n57/T25-R1.price.json 4.0
k0n57/T26-R1.price.json 4.0
k0n57/T27-R1.price.json 4.0
k0n57/T28-R1.price.json 4.0
k0n57/T29-R1.price.json 4.0
k0n57/T30-R1.price.json 4.0
k0n57/T31-R1.price.json 4.0
k0n57/T32-R1.price.json 4.0
k0n57/T33-R1.price.json 4.0
k0n57/T34-R1.price.json 4.0
k0n57/T35-R1.price.json 3.0
k0n57/T36-R1.price.json 4.0
k0n57/T37-R1.price.json 4.0
k0n57/T38-R1.price.json 4.0
k0n57/T39-R1.price.json 0.0
k0n57/T40-R1.price.json 6.0
k0n57/T41-R1.price.json 4.0
k0n57/T42-R1.price.json 4.0
k0n57/T43-R1.price.json 4.0
k0n57/T44-R1.price.json 4.0
k0n57/T45-R1.price.json 4.0
k0n57/T46-R1.price.json 4.0
k0n57/T47-R1.price.json 4.0
k0n57/T48-R1.price.json 4.0
k0n57/T49-R1.price.json 4.0
k0n57/T50-R1.price.json 3.0
k0n57/T51-R1.price.json 4.0
k0n57/T52-R1.price.json 4.0
k0n57/T53-R1.price.json 4.0
k0n57/T54-R1.price.json 4.0
k0n57/T55-R1.price.json 4.0
k0n57/T56-R1.price.json 4.0
k0n57/T57-R1.price.json 4.0
k0n57/T58-R1.price.json 4.0
k0n57/T59-R1.price.json 3.0
k0n57/T60-R1.price.json 4.0
k0n57/T61-R1.price.json 4.0
k0n57/T62-R1.price.json 4.0
k0n57/T63-R1.price.json 4.0
k0n57/T64-R1.price.json 4.0
k0n57/T01-R2.price.json 3.0
k0n57/T02-R2.price.json 2.0
k0n57/T03-R2.price.json 4.0
k0n57/T04-R2.price.json 4.0
k0n41/T01-R1.price.json 4.0
k0n41/T02-R1.price.json 4.0
k0n41/T03-R1.price.json 0.0
k0n41/T04-R1.price.json 5.0
k0n41/T05-R1.price.json 0.0
k0n41/T06-R1.price.json 0.0
k0n41/T07-R1.price.json 0.0
k0n41/T08-R1.price.json 0.0
k0n41/T09-R1.price.json 0.0
k0n41/T10-R1.price.json 6.0
k0n41/T11-R1.price.json 4.0
k0n41/T12-R1.price.json 0.0
k0n41/T13-R1.price.json 5.0
k0n41/T14-R1.price.json 0.0
k0n41/T15-R1.price.json 0.0
k0n41/T16-R1.price.json 4.0
k0n41/T17-R1.price.json 4.0
k0n41/T18-R1.price.json 0.0
k0n41/T19-R1.price.json 6.0
k0n41/T20-R1.price.json 4.0
k0n41/T21-R1.price.json 0.0
k0n41/T22-R1.price.json 0.0
k0n41/T23-R1.price.json 0.0
k0n41/T24-R1.price.json 0.0
k0n41/T25-R1.price.json 0.0
k0n41/T26-R1.price.json 0.0
k0n41/T27-R1.price.json 0.0
k0n41/T28-R1.price.json 0.0
k0n41/T29-R1.price.json 0.0
k0n41/T30-R1.price.json 0.0
k0n41/T31-R1.price.json 0.0
k0n41/T32-R1.price.json 0.0
k0n41/T33-R1.price.json 5.0
k0n41/T34-R1.price.json 0.0
k0n41/T35-R1.price.json 0.0
k0n41/T36-R1.price.json 0.0
k0n41/T37-R1.price.json 0.0
k0n41/T38-R1.price.json 0.0
k0n41/T39-R1.price.json 0.0
k0n41/T40-R1.price.json 0.0
k0n41/T41-R1.price.json 5.0
k0n41/T42-R1.price.json 0.0
k0n41/T43-R1.price.json 0.0
k0n41/T44-R1.price.json 0.0
k0n41/T45-R1.price.json 0.0
k0n41/T46-R1.price.json 0.0
k0n41/T47-R1.price.json 6.0
k0n41/T48-R1.price.json 4.0
k0n41/T49-R1.price.json 4.0
k0n41/T50-R1.price.json 0.0
k0n41/T51-R1.price.json 0.0
k0n41/T52-R1.price.json 0.0
k0n41/T53-R1.price.json 6.0
k0n41/T54-R1.price.json 4.0
k0n41/T55-R1.price.json 0.0
k0n41/T56-R1.price.json 7.0
k0n41/T57-R1.price.json 4.0
k0n41/T58-R1.price.json 0.0
k0n41/T59-R1.price.json 5.0
k0n41/T60-R1.price.json 0.0
k0n41/T61-R1.price.json 0.0
k0n41/T62-R1.price.json 0.0
k0n41/T63-R1.price.json 0.0
k0n41/T64-R1.price.json 4.0
k0n41/T01-R2.price.json 0.0
k0n41/T02-R2.price.json 0.0
k0n41/T03-R2.price.json 4.0
k0n41/T04-R2.price.json 0.0
k0n53/T01-R1.price.json 0.0
k0n53/T02-R1.price.json 0.0
k0n53/T03-R1.price.json 3.0
k0n53/T04-R1.price.json 4.0
k0n53/T05-R1.price.json 3.0
k0n53/T06-R1.price.json 4.0
k0n53/T07-R1.price.json 3.0
k0n53/T08-R1.price.json 4.0
k0n53/T09-R1.price.json 3.0
k0n53/T10-R1.price.json 4.0
k0n53/T11-R1.price.json 3.0
k0n53/T12-R1.price.json 4.0
k0n53/T13-R1.price.json 3.0
k0n53/T14-R1.price.json 3.0
k0n53/T15-R1.price.json 4.0
k0n53/T16-R1.price.json 3.0
k0n53/T17-R1.price.json 3.0
k0n53/T18-R1.price.json 4.0
k0n53/T19-R1.price.json 2.0
k0n53/T20-R1.price.json 3.0
k0n53/T21-R1.price.json 4.0
k0n53/T22-R1.price.json 4.0
k0n53/T23-R1.price.json 3.0
k0n53/T24-R1.price.json 4.0
k0n53/T25-R1.price.json 3.0
k0n53/T26-R1.price.json 3.0
k0n53/T27-R1.price.json 4.0
k0n53/T28-R1.price.json 3.0
k0n53/T29-R1.price.json 3.0
k0n53/T30-R1.price.json 4.0
k0n53/T31-R1.price.json 3.0
k0n53/T32-R1.price.json 3.0
k0n53/T33-R1.price.json 0.0
k0n53/T34-R1.price.json 0.0
k0n53/T35-R1.price.json 3.0
k0n53/T36-R1.price.json 4.0
k0n53/T37-R1.price.json 3.0
k0n53/T38-R1.price.json 3.0
k0n53/T39-R1.price.json 4.0
k0n53/T40-R1.price.json 3.0
k0n53/T41-R1.price.json 3.0
k0n53/T42-R1.price.json 3.0
k0n53/T43-R1.price.json 4.0
k0n53/T44-R1.price.json 3.0
k0n53/T45-R1.price.json 4.0
k0n53/T46-R1.price.json 3.0
k0n53/T47-R1.price.json 3.0
k0n53/T48-R1.price.json 3.0
k0n53/T49-R1.price.json 4.0
k0n53/T50-R1.price.json 3.0
k0n53/T51-R1.price.json 3.0
k0n53/T52-R1.price.json 3.0
k0n53/T53-R1.price.json 3.0
k0n53/T54-R1.price.json 3.0
k0n53/T55-R1.price.json 3.0
k0n53/T56-R1.price.json 3.0
k0n53/T57-R1.price.json 4.0
k0n53/T58-R1.price.json 3.0
k0n53/T59-R1.price.json 3.0
k0n53/T60-R1.price.json 3.0
k0n53/T61-R1.price.json 3.0
k0n53/T62-R1.price.json 3.0
k0n53/T63-R1.price.json 4.0
k0n53/T64-R1.price.json 2.0
k0n53/T01-R2.price.json 4.0
k0n53/T02-R2.price.json 2.0
k0n53/T03-R2.price.json 4.0
k0n53/T04-R2.price.json 3.0
k1n59/T01-R1.price.json 3.0
k1n59/T02-R1.price.json 1.0
k1n59/T03-R1.price.json 3.0
k1n59/T04-R1.price.json 4.0
k1n59/T05-R1.price.json 1.0
k1n59/T06-R1.price.json 3.0
k1n59/T07-R1.price.json 2.0
k1n59/T08-R1.price.json 2.0
k1n59/T09-R1.price.json 3.0
k1n59/T10-R1.price.json 1.0
k1n59/T11-R1.price.json 3.0
k1n59/T12-R1.price.json 3.0
k1n59/T13-R1.price.json 2.0
k1n59/T14-R1.price.json 2.0
k1n59/T15-R1.price.json 3.0
k1n59/T16-R1.price.json 2.0
k1n59/T17-R1.price.json 0.0
k1n59/T18-R1.price.json 0.0
k1n59/T19-R1.price.json 0.0
k1n59/T20-R1.price.json 3.0
k1n59/T21-R1.price.json 2.0
k1n59/T22-R1.price.json 2.0
k1n59/T23-R1.price.json 2.0
k1n59/T24-R1.price.json 3.0
k1n59/T25-R1.price.json 2.0
k1n59/T26-R1.price.json 2.0
k1n59/T27-R1.price.json 2.0
k1n59/T28-R1.price.json 2.0
k1n59/T29-R1.price.json 2.0
k1n59/T30-R1.price.json 2.0
k1n59/T31-R1.price.json 3.0
k1n59/T32-R1.price.json 3.0
k1n59/T33-R1.price.json 2.0
k1n59/T34-R1.price.json 2.0
k1n59/T35-R1.price.json 2.0
k1n59/T36-R1.price.json 2.0
k1n59/T37-R1.price.json 2.0
k1n59/T38-R1.price.json 2.0
k1n59/T39-R1.price.json 2.0
k1n59/T40-R1.price.json 3.0
k1n59/T41-R1.price.json 3.0
k1n59/T42-R1.price.json 2.0
k1n59/T43-R1.price.json 1.0
k1n59/T44-R1.price.json 3.0
k1n59/T45-R1.price.json 2.0
k1n59/T46-R1.price.json 0.0
k1n59/T47-R1.price.json 0.0
k1n59/T48-R1.price.json 2.0
k1n59/T49-R1.price.json 0.0
k1n59/T50-R1.price.json 0.0
k1n59/T51-R1.price.json 0.0
k1n59/T52-R1.price.json 4.0
k1n59/T53-R1.price.json 3.0
k1n59/T54-R1.price.json 2.0
k1n59/T55-R1.price.json 2.0
k1n59/T56-R1.price.json 3.0
k1n59/T57-R1.price.json 2.0
k1n59/T58-R1.price.json 2.0
k1n59/T59-R1.price.json 2.0
k1n59/T60-R1.price.json 2.0
k1n59/T61-R1.price.json 3.0
k1n59/T62-R1.price.json 2.0
k1n59/T63-R1.price.json 2.0
k1n59/T64-R1.price.json 2.0
k1n59/T01-R2.price.json 0.0
k1n59/T02-R2.price.json 0.0
k1n59/T03-R2.price.json 0.0
k1n59/T04-R2.price.json 0.0
k0n61/T01-R1.price.json 0.0
k0n61/T02-R1.price.json 0.0
k0n61/T03-R1.price.json 0.0
k0n61/T04-R1.price.json 0.0
k0n61/T05-R1.price.json 0.0
k0n61/T06-R1.price.json 0.0
k0n61/T07-R1.price.json 0.0
k0n61/T08-R1.price.json 0.0
k0n61/T09-R1.price.json 0.0
k0n61/T10-R1.price.json 0.0
k0n61/T11-R1.price.json 0.0
k0n61/T12-R1.price.json 0.0
k0n61/T13-R1.price.json 0.0
k0n61/T14-R1.price.json 0.0
k0n61/T15-R1.price.json 0.0
k0n61/T16-R1.price.json 0.0
k0n61/T17-R1.price.json 0.0
k0n61/T18-R1.price.json 0.0
k0n61/T19-R1.price.json 0.0
k0n61/T20-R1.price.json 0.0
k0n61/T21-R1.price.json 0.0
k0n61/T22-R1.price.json 0.0
k0n61/T23-R1.price.json 0.0
k0n61/T24-R1.price.json 0.0
k0n61/T25-R1.price.json 0.0
k0n61/T26-R1.price.json 0.0
k0n61/T27-R1.price.json 0.0
k0n61/T28-R1.price.json 0.0
k0n61/T29-R1.price.json 0.0
k0n61/T30-R1.price.json 0.0
k0n61/T31-R1.price.json 0.0
k0n61/T32-R1.price.json 0.0
k0n61/T33-R1.price.json 0.0
k0n61/T34-R1.price.json 0.0
k0n61/T35-R1.price.json 0.0
k0n61/T36-R1.price.json 0.0
k0n61/T37-R1.price.json 0.0
k0n61/T38-R1.price.json 0.0
k0n61/T39-R1.price.json 0.0
k0n61/T40-R1.price.json 0.0
k0n61/T41-R1.price.json 0.0
k0n61/T42-R1.price.json 0.0
k0n61/T43-R1.price.json 0.0
k0n61/T44-R1.price.json 0.0
k0n61/T45-R1.price.json 0.0
k0n61/T46-R1.price.json 0.0
k0n61/T47-R1.price.json 0.0
k0n61/T48-R1.price.json 0.0
k0n61/T49-R1.price.json 0.0
k0n61/T50-R1.price.json 0.0
k0n61/T51-R1.price.json 0.0
k0n61/T52-R1.price.json 0.0
k0n61/T53-R1.price.json 0.0
k0n61/T54-R1.price.json 0.0
k0n61/T55-R1.price.json 0.0
k0n61/T56-R1.price.json 0.0
k0n61/T57-R1.price.json 0.0
k0n61/T58-R1.price.json 0.0
k0n61/T59-R1.price.json 0.0
k0n61/T60-R1.price.json 0.0
k0n61/T61-R1.price.json 0.0
k0n61/T62-R1.price.json 0.0
k0n61/T63-R1.price.json 0.0
k0n61/T64-R1.price.json 0.0
k0n61/T01-R2.price.json 0.0
k0n61/T02-R2.price.json 0.0
k0n61/T03-R2.price.json 0.0
k0n61/T04-R2.price.json 0.0
