backend cpu: 1 threads x 32 slots x 512 lanes = 16384 walks, dp weight 44, 1024 steps per launch
no checkpoint at /tmp/ecc2k130-max-iters/30002-ref.ck, starting fresh
WARNING: --verify 4 replays reports on the CPU; campaign collection uses --verify 0 so a cutoff-32 trail cannot stall the GPU
       2.4 s       7.039 M it/s    16777216 iterations      2223 dp      2223 stored         0 dropped
       5.1 s       9.818 M it/s    50331648 iterations      6804 dp      6804 stored         0 dropped
       7.9 s      10.656 M it/s    83886080 iterations     11331 dp     11331 stored         0 dropped
      10.6 s      11.055 M it/s   117440512 iterations     15916 dp     15916 stored         0 dropped
      13.4 s      11.286 M it/s   150994944 iterations     20377 dp     20377 stored         0 dropped
      16.1 s      11.436 M it/s   184549376 iterations     24731 dp     24731 stored         0 dropped
      18.9 s      11.529 M it/s   218103808 iterations     29275 dp     29275 stored         0 dropped
      21.7 s      11.609 M it/s   251658240 iterations     33691 dp     33691 stored         0 dropped
      24.5 s      11.657 M it/s   285212672 iterations     38322 dp     38322 stored         0 dropped
      27.2 s      11.709 M it/s   318767104 iterations     42870 dp     42870 stored         0 dropped
      30.0 s      11.747 M it/s   352321536 iterations     47401 dp     47401 stored         0 dropped
      32.7 s      11.784 M it/s   385875968 iterations     51897 dp     51897 stored         0 dropped
      35.5 s      11.824 M it/s   419430400 iterations     56336 dp     56336 stored         0 dropped
      38.2 s      11.848 M it/s   452984832 iterations     60968 dp     60968 stored         0 dropped
      41.0 s      11.875 M it/s   486539264 iterations     65545 dp     65545 stored         0 dropped
      43.7 s      11.898 M it/s   520093696 iterations     70043 dp     70043 stored         0 dropped
      46.5 s      11.918 M it/s   553648128 iterations     74501 dp     74501 stored         0 dropped
      49.2 s      11.939 M it/s   587202560 iterations     79000 dp     79000 stored         0 dropped
      51.9 s      11.957 M it/s   620756992 iterations     83514 dp     83514 stored         0 dropped
      54.7 s      11.970 M it/s   654311424 iterations     88060 dp     88060 stored         0 dropped
      57.5 s      11.960 M it/s   687865856 iterations     92534 dp     92534 stored         0 dropped
      60.3 s      11.959 M it/s   721420288 iterations     97024 dp     97024 stored         0 dropped
      63.1 s      11.962 M it/s   754974720 iterations    101499 dp    101499 stored         0 dropped
      65.9 s      11.963 M it/s   788529152 iterations    106010 dp    106010 stored         0 dropped
      68.7 s      11.968 M it/s   822083584 iterations    110631 dp    110631 stored         0 dropped
      71.4 s      11.977 M it/s   855638016 iterations    115103 dp    115103 stored         0 dropped
      74.2 s      11.983 M it/s   889192448 iterations    119658 dp    119658 stored         0 dropped
      77.0 s      11.981 M it/s   922746880 iterations    124214 dp    124214 stored         0 dropped
      79.8 s      11.982 M it/s   956301312 iterations    128710 dp    128710 stored         0 dropped
      82.6 s      11.986 M it/s   989855744 iterations    133337 dp    133337 stored         0 dropped
      85.4 s      11.988 M it/s  1023410176 iterations    137766 dp    137766 stored         0 dropped
      88.2 s      11.987 M it/s  1056964608 iterations    142415 dp    142415 stored         0 dropped
      90.9 s      11.992 M it/s  1090519040 iterations    146909 dp    146909 stored         0 dropped
      93.7 s      11.996 M it/s  1124073472 iterations    151478 dp    151478 stored         0 dropped
      96.5 s      12.000 M it/s  1157627904 iterations    155953 dp    155953 stored         0 dropped
      99.2 s      12.007 M it/s  1191182336 iterations    160512 dp    160512 stored         0 dropped
     102.2 s      11.982 M it/s  1224736768 iterations    165157 dp    165157 stored         0 dropped
     105.3 s      11.946 M it/s  1258291200 iterations    169733 dp    169733 stored         0 dropped
     108.4 s      11.916 M it/s  1291845632 iterations    174198 dp    174198 stored         0 dropped
     111.3 s      11.907 M it/s  1325400064 iterations    178694 dp    178694 stored         0 dropped
     114.2 s      11.901 M it/s  1358954496 iterations    183152 dp    183152 stored         0 dropped
     117.1 s      11.894 M it/s  1392508928 iterations    187658 dp    187658 stored         0 dropped
     120.0 s      11.888 M it/s  1426063360 iterations    192209 dp    192209 stored         0 dropped
     122.9 s      11.874 M it/s  1459617792 iterations    196702 dp    196702 stored         0 dropped
     125.9 s      11.856 M it/s  1493172224 iterations    201226 dp    201226 stored         0 dropped
     128.8 s      11.852 M it/s  1526726656 iterations    205715 dp    205715 stored         0 dropped
     131.7 s      11.846 M it/s  1560281088 iterations    210296 dp    210296 stored         0 dropped
     134.6 s      11.840 M it/s  1593835520 iterations    214879 dp    214879 stored         0 dropped
     137.6 s      11.830 M it/s  1627389952 iterations    219446 dp    219446 stored         0 dropped
     140.4 s      11.831 M it/s  1660944384 iterations    223968 dp    223968 stored         0 dropped
     143.3 s      11.829 M it/s  1694498816 iterations    228403 dp    228403 stored         0 dropped
     146.2 s      11.816 M it/s  1728053248 iterations    232840 dp    232840 stored         0 dropped
     149.1 s      11.813 M it/s  1761607680 iterations    237319 dp    237319 stored         0 dropped
     152.0 s      11.808 M it/s  1795162112 iterations    241753 dp    241753 stored         0 dropped
     152.5 s      11.882 M it/s  1811939328 iterations    244012 dp    244012 stored         0 dropped
  finished: 11.881 M it/s, 244012 distinguished points (4 verified against the reference, 0 dropped)
