backend cpu: 1 threads x 32 slots x 512 lanes = 16384 walks, dp weight 44, 1024 steps per launch
no checkpoint at /tmp/ecc2k130-max-iters/30003-c31.ck, starting fresh
WARNING: --verify 4 replays reports on the CPU; campaign collection uses --verify 0 so a cutoff-32 trail cannot stall the GPU
       2.4 s       6.915 M it/s    16777216 iterations      2269 dp      2269 stored         0 dropped
       5.2 s       9.631 M it/s    50331648 iterations      6735 dp      6735 stored         0 dropped
       8.0 s      10.427 M it/s    83886080 iterations     11205 dp     11205 stored         0 dropped
      10.9 s      10.745 M it/s   117440512 iterations     15730 dp     15730 stored         0 dropped
      13.8 s      10.966 M it/s   150994944 iterations     20161 dp     20161 stored         0 dropped
      16.6 s      11.096 M it/s   184549376 iterations     24717 dp     24717 stored         0 dropped
      19.7 s      11.094 M it/s   218103808 iterations     29127 dp     29127 stored         0 dropped
      22.7 s      11.106 M it/s   251658240 iterations     33681 dp     33681 stored         0 dropped
      25.7 s      11.103 M it/s   285212672 iterations     38235 dp     38235 stored         0 dropped
      28.7 s      11.108 M it/s   318767104 iterations     42746 dp     42746 stored         0 dropped
      31.8 s      11.092 M it/s   352321536 iterations     47260 dp     47260 stored         0 dropped
      34.8 s      11.097 M it/s   385875968 iterations     51650 dp     51650 stored         0 dropped
      37.7 s      11.119 M it/s   419430400 iterations     56187 dp     56187 stored         0 dropped
      40.6 s      11.146 M it/s   452984832 iterations     60611 dp     60611 stored         0 dropped
      43.6 s      11.169 M it/s   486539264 iterations     65137 dp     65137 stored         0 dropped
      46.5 s      11.195 M it/s   520093696 iterations     69695 dp     69695 stored         0 dropped
      49.3 s      11.223 M it/s   553648128 iterations     74236 dp     74236 stored         0 dropped
      52.1 s      11.269 M it/s   587202560 iterations     78697 dp     78697 stored         0 dropped
      54.9 s      11.309 M it/s   620756992 iterations     83251 dp     83251 stored         0 dropped
      57.7 s      11.348 M it/s   654311424 iterations     87671 dp     87671 stored         0 dropped
      60.4 s      11.382 M it/s   687865856 iterations     92201 dp     92201 stored         0 dropped
      63.2 s      11.423 M it/s   721420288 iterations     96675 dp     96675 stored         0 dropped
      65.9 s      11.460 M it/s   754974720 iterations    101196 dp    101196 stored         0 dropped
      68.6 s      11.493 M it/s   788529152 iterations    105675 dp    105675 stored         0 dropped
      71.4 s      11.516 M it/s   822083584 iterations    110356 dp    110356 stored         0 dropped
      74.1 s      11.542 M it/s   855638016 iterations    114934 dp    114934 stored         0 dropped
      76.9 s      11.570 M it/s   889192448 iterations    119368 dp    119368 stored         0 dropped
      79.6 s      11.594 M it/s   922746880 iterations    123826 dp    123826 stored         0 dropped
      82.3 s      11.618 M it/s   956301312 iterations    128312 dp    128312 stored         0 dropped
      85.0 s      11.639 M it/s   989855744 iterations    132861 dp    132861 stored         0 dropped
      87.8 s      11.658 M it/s  1023410176 iterations    137404 dp    137404 stored         0 dropped
      90.5 s      11.676 M it/s  1056964608 iterations    141967 dp    141967 stored         0 dropped
      93.3 s      11.693 M it/s  1090519040 iterations    146584 dp    146584 stored         0 dropped
      96.0 s      11.711 M it/s  1124073472 iterations    151082 dp    151082 stored         0 dropped
      98.7 s      11.728 M it/s  1157627904 iterations    155565 dp    155565 stored         0 dropped
     101.4 s      11.745 M it/s  1191182336 iterations    160015 dp    160015 stored         0 dropped
     104.2 s      11.759 M it/s  1224736768 iterations    164516 dp    164516 stored         0 dropped
     106.9 s      11.773 M it/s  1258291200 iterations    169049 dp    169049 stored         0 dropped
     109.6 s      11.784 M it/s  1291845632 iterations    173649 dp    173649 stored         0 dropped
     112.4 s      11.797 M it/s  1325400064 iterations    178209 dp    178209 stored         0 dropped
     115.1 s      11.808 M it/s  1358954496 iterations    182746 dp    182746 stored         0 dropped
     117.8 s      11.819 M it/s  1392508928 iterations    187300 dp    187300 stored         0 dropped
     120.6 s      11.829 M it/s  1426063360 iterations    191824 dp    191824 stored         0 dropped
     123.3 s      11.840 M it/s  1459617792 iterations    196323 dp    196323 stored         0 dropped
     126.0 s      11.850 M it/s  1493172224 iterations    200787 dp    200787 stored         0 dropped
     128.7 s      11.860 M it/s  1526726656 iterations    205231 dp    205231 stored         0 dropped
     131.5 s      11.864 M it/s  1560281088 iterations    209723 dp    209723 stored         0 dropped
     134.2 s      11.872 M it/s  1593835520 iterations    214241 dp    214241 stored         0 dropped
     137.0 s      11.880 M it/s  1627389952 iterations    218752 dp    218752 stored         0 dropped
     139.7 s      11.888 M it/s  1660944384 iterations    223260 dp    223260 stored         0 dropped
     142.4 s      11.897 M it/s  1694498816 iterations    227617 dp    227617 stored         0 dropped
     145.2 s      11.904 M it/s  1728053248 iterations    232154 dp    232154 stored         0 dropped
     147.9 s      11.912 M it/s  1761607680 iterations    236664 dp    236664 stored         0 dropped
     150.6 s      11.919 M it/s  1795162112 iterations    241143 dp    241143 stored         0 dropped
     151.1 s      11.995 M it/s  1811939328 iterations    243461 dp    243461 stored         0 dropped
  finished: 11.993 M it/s, 243461 distinguished points (4 verified against the reference, 0 dropped)
