backend cpu: 1 threads x 32 slots x 512 lanes = 16384 walks, dp weight 44, 1024 steps per launch
no checkpoint at /tmp/ecc2k130-max-iters/30002-c30.ck, starting fresh
WARNING: --verify 4 replays reports on the CPU; campaign collection uses --verify 0 so a cutoff-32 trail cannot stall the GPU
       2.4 s       6.955 M it/s    16777216 iterations      2223 dp      2223 stored         0 dropped
       5.2 s       9.748 M it/s    50331648 iterations      6804 dp      6804 stored         0 dropped
       7.9 s      10.596 M it/s    83886080 iterations     11331 dp     11331 stored         0 dropped
      10.7 s      11.004 M it/s   117440512 iterations     15916 dp     15916 stored         0 dropped
      13.4 s      11.258 M it/s   150994944 iterations     20377 dp     20377 stored         0 dropped
      16.1 s      11.433 M it/s   184549376 iterations     24731 dp     24731 stored         0 dropped
      18.9 s      11.539 M it/s   218103808 iterations     29275 dp     29275 stored         0 dropped
      21.6 s      11.627 M it/s   251658240 iterations     33691 dp     33691 stored         0 dropped
      24.4 s      11.688 M it/s   285212672 iterations     38322 dp     38322 stored         0 dropped
      27.2 s      11.734 M it/s   318767104 iterations     42870 dp     42870 stored         0 dropped
      29.9 s      11.772 M it/s   352321536 iterations     47316 dp     47316 stored         0 dropped
      32.7 s      11.804 M it/s   385875968 iterations     51790 dp     51790 stored         0 dropped
      35.4 s      11.839 M it/s   419430400 iterations     56211 dp     56211 stored         0 dropped
      38.2 s      11.859 M it/s   452984832 iterations     60828 dp     60828 stored         0 dropped
      41.0 s      11.879 M it/s   486539264 iterations     65349 dp     65349 stored         0 dropped
      43.7 s      11.898 M it/s   520093696 iterations     69831 dp     69831 stored         0 dropped
      46.5 s      11.915 M it/s   553648128 iterations     74222 dp     74222 stored         0 dropped
      49.2 s      11.933 M it/s   587202560 iterations     78738 dp     78738 stored         0 dropped
      52.0 s      11.948 M it/s   620756992 iterations     83259 dp     83259 stored         0 dropped
      54.7 s      11.959 M it/s   654311424 iterations     87814 dp     87814 stored         0 dropped
      57.6 s      11.945 M it/s   687865856 iterations     92294 dp     92294 stored         0 dropped
      60.4 s      11.945 M it/s   721420288 iterations     96743 dp     96743 stored         0 dropped
      63.2 s      11.947 M it/s   754974720 iterations    101155 dp    101155 stored         0 dropped
      66.0 s      11.948 M it/s   788529152 iterations    105620 dp    105620 stored         0 dropped
      68.8 s      11.953 M it/s   822083584 iterations    110199 dp    110199 stored         0 dropped
      71.5 s      11.962 M it/s   855638016 iterations    114676 dp    114676 stored         0 dropped
      74.3 s      11.963 M it/s   889192448 iterations    119203 dp    119203 stored         0 dropped
      77.2 s      11.956 M it/s   922746880 iterations    123757 dp    123757 stored         0 dropped
      80.0 s      11.957 M it/s   956301312 iterations    128228 dp    128228 stored         0 dropped
      82.8 s      11.960 M it/s   989855744 iterations    132784 dp    132784 stored         0 dropped
      85.6 s      11.960 M it/s  1023410176 iterations    137280 dp    137280 stored         0 dropped
      88.4 s      11.957 M it/s  1056964608 iterations    141833 dp    141833 stored         0 dropped
      91.2 s      11.956 M it/s  1090519040 iterations    146311 dp    146311 stored         0 dropped
      94.0 s      11.956 M it/s  1124073472 iterations    150892 dp    150892 stored         0 dropped
      96.8 s      11.962 M it/s  1157627904 iterations    155435 dp    155435 stored         0 dropped
      99.5 s      11.966 M it/s  1191182336 iterations    159910 dp    159910 stored         0 dropped
     102.9 s      11.902 M it/s  1224736768 iterations    164519 dp    164519 stored         0 dropped
     106.2 s      11.844 M it/s  1258291200 iterations    169011 dp    169011 stored         0 dropped
     109.3 s      11.824 M it/s  1291845632 iterations    173348 dp    173348 stored         0 dropped
     112.1 s      11.818 M it/s  1325400064 iterations    177877 dp    177877 stored         0 dropped
     115.0 s      11.815 M it/s  1358954496 iterations    182297 dp    182297 stored         0 dropped
     117.8 s      11.819 M it/s  1392508928 iterations    186760 dp    186760 stored         0 dropped
     120.6 s      11.820 M it/s  1426063360 iterations    191217 dp    191217 stored         0 dropped
     123.5 s      11.821 M it/s  1459617792 iterations    195799 dp    195799 stored         0 dropped
     126.3 s      11.823 M it/s  1493172224 iterations    200323 dp    200323 stored         0 dropped
     129.2 s      11.819 M it/s  1526726656 iterations    204794 dp    204794 stored         0 dropped
     132.0 s      11.818 M it/s  1560281088 iterations    209346 dp    209346 stored         0 dropped
     134.9 s      11.815 M it/s  1593835520 iterations    213838 dp    213838 stored         0 dropped
     137.8 s      11.811 M it/s  1627389952 iterations    218370 dp    218370 stored         0 dropped
     140.6 s      11.812 M it/s  1660944384 iterations    222872 dp    222872 stored         0 dropped
     143.5 s      11.805 M it/s  1694498816 iterations    227298 dp    227298 stored         0 dropped
     146.4 s      11.800 M it/s  1728053248 iterations    231763 dp    231763 stored         0 dropped
     149.3 s      11.801 M it/s  1761607680 iterations    236288 dp    236288 stored         0 dropped
     152.1 s      11.804 M it/s  1795162112 iterations    240741 dp    240741 stored         0 dropped
     152.6 s      11.878 M it/s  1811939328 iterations    243022 dp    243022 stored         0 dropped
  finished: 11.875 M it/s, 243022 distinguished points (4 verified against the reference, 0 dropped)
