backend cpu: 1 threads x 32 slots x 512 lanes = 16384 walks, dp weight 44, 1024 steps per launch
no checkpoint at /tmp/ecc2k130-max-iters/30002-c31.ck, starting fresh
WARNING: --verify 4 replays reports on the CPU; campaign collection uses --verify 0 so a cutoff-32 trail cannot stall the GPU
       2.4 s       6.994 M it/s    16777216 iterations      2223 dp      2223 stored         0 dropped
       5.2 s       9.755 M it/s    50331648 iterations      6804 dp      6804 stored         0 dropped
       7.9 s      10.585 M it/s    83886080 iterations     11331 dp     11331 stored         0 dropped
      10.7 s      10.987 M it/s   117440512 iterations     15916 dp     15916 stored         0 dropped
      13.4 s      11.234 M it/s   150994944 iterations     20377 dp     20377 stored         0 dropped
      16.2 s      11.405 M it/s   184549376 iterations     24731 dp     24731 stored         0 dropped
      19.0 s      11.509 M it/s   218103808 iterations     29275 dp     29275 stored         0 dropped
      21.7 s      11.596 M it/s   251658240 iterations     33691 dp     33691 stored         0 dropped
      24.5 s      11.652 M it/s   285212672 iterations     38322 dp     38322 stored         0 dropped
      27.3 s      11.696 M it/s   318767104 iterations     42870 dp     42870 stored         0 dropped
      30.0 s      11.726 M it/s   352321536 iterations     47401 dp     47401 stored         0 dropped
      32.9 s      11.746 M it/s   385875968 iterations     51897 dp     51897 stored         0 dropped
      35.6 s      11.770 M it/s   419430400 iterations     56336 dp     56336 stored         0 dropped
      38.4 s      11.783 M it/s   452984832 iterations     60968 dp     60968 stored         0 dropped
      41.2 s      11.799 M it/s   486539264 iterations     65545 dp     65545 stored         0 dropped
      44.0 s      11.823 M it/s   520093696 iterations     70043 dp     70043 stored         0 dropped
      46.7 s      11.843 M it/s   553648128 iterations     74501 dp     74501 stored         0 dropped
      49.5 s      11.863 M it/s   587202560 iterations     79000 dp     79000 stored         0 dropped
      52.2 s      11.881 M it/s   620756992 iterations     83514 dp     83514 stored         0 dropped
      55.0 s      11.888 M it/s   654311424 iterations     88060 dp     88060 stored         0 dropped
      58.1 s      11.833 M it/s   687865856 iterations     92528 dp     92528 stored         0 dropped
      61.0 s      11.832 M it/s   721420288 iterations     97011 dp     97011 stored         0 dropped
      63.8 s      11.833 M it/s   754974720 iterations    101488 dp    101488 stored         0 dropped
      66.6 s      11.837 M it/s   788529152 iterations    105998 dp    105998 stored         0 dropped
      69.4 s      11.846 M it/s   822083584 iterations    110620 dp    110620 stored         0 dropped
      72.2 s      11.859 M it/s   855638016 iterations    115102 dp    115102 stored         0 dropped
      74.9 s      11.864 M it/s   889192448 iterations    119665 dp    119665 stored         0 dropped
      77.8 s      11.864 M it/s   922746880 iterations    124215 dp    124215 stored         0 dropped
      80.6 s      11.868 M it/s   956301312 iterations    128708 dp    128708 stored         0 dropped
      83.4 s      11.869 M it/s   989855744 iterations    133339 dp    133339 stored         0 dropped
      86.2 s      11.874 M it/s  1023410176 iterations    137760 dp    137760 stored         0 dropped
      89.0 s      11.877 M it/s  1056964608 iterations    142414 dp    142414 stored         0 dropped
      91.8 s      11.880 M it/s  1090519040 iterations    146906 dp    146906 stored         0 dropped
      94.6 s      11.881 M it/s  1124073472 iterations    151473 dp    151473 stored         0 dropped
      97.4 s      11.890 M it/s  1157627904 iterations    155972 dp    155972 stored         0 dropped
     100.2 s      11.886 M it/s  1191182336 iterations    160521 dp    160521 stored         0 dropped
     103.3 s      11.856 M it/s  1224736768 iterations    165163 dp    165163 stored         0 dropped
     106.5 s      11.817 M it/s  1258291200 iterations    169737 dp    169737 stored         0 dropped
     109.5 s      11.797 M it/s  1291845632 iterations    174178 dp    174178 stored         0 dropped
     112.4 s      11.796 M it/s  1325400064 iterations    178676 dp    178676 stored         0 dropped
     115.2 s      11.794 M it/s  1358954496 iterations    183138 dp    183138 stored         0 dropped
     118.0 s      11.797 M it/s  1392508928 iterations    187663 dp    187663 stored         0 dropped
     120.9 s      11.797 M it/s  1426063360 iterations    192188 dp    192188 stored         0 dropped
     123.7 s      11.798 M it/s  1459617792 iterations    196675 dp    196675 stored         0 dropped
     126.5 s      11.799 M it/s  1493172224 iterations    201202 dp    201202 stored         0 dropped
     129.4 s      11.795 M it/s  1526726656 iterations    205707 dp    205707 stored         0 dropped
     132.3 s      11.797 M it/s  1560281088 iterations    210293 dp    210293 stored         0 dropped
     135.1 s      11.796 M it/s  1593835520 iterations    214868 dp    214868 stored         0 dropped
     138.0 s      11.796 M it/s  1627389952 iterations    219417 dp    219417 stored         0 dropped
     140.8 s      11.801 M it/s  1660944384 iterations    223937 dp    223937 stored         0 dropped
     143.6 s      11.802 M it/s  1694498816 iterations    228377 dp    228377 stored         0 dropped
     146.4 s      11.805 M it/s  1728053248 iterations    232815 dp    232815 stored         0 dropped
     149.2 s      11.809 M it/s  1761607680 iterations    237304 dp    237304 stored         0 dropped
     151.9 s      11.815 M it/s  1795162112 iterations    241737 dp    241737 stored         0 dropped
     152.4 s      11.889 M it/s  1811939328 iterations    243998 dp    243998 stored         0 dropped
  finished: 11.888 M it/s, 243998 distinguished points (4 verified against the reference, 0 dropped)
