backend cpu: 1 threads x 32 slots x 512 lanes = 16384 walks, dp weight 44, 1024 steps per launch
no checkpoint at /tmp/ecc2k130-max-iters/30003-c32.ck, starting fresh
WARNING: --verify 4 replays reports on the CPU; campaign collection uses --verify 0 so a cutoff-32 trail cannot stall the GPU
       2.5 s       6.801 M it/s    16777216 iterations      2269 dp      2269 stored         0 dropped
       5.4 s       9.363 M it/s    50331648 iterations      6735 dp      6735 stored         0 dropped
       8.3 s      10.150 M it/s    83886080 iterations     11205 dp     11205 stored         0 dropped
      11.2 s      10.449 M it/s   117440512 iterations     15730 dp     15730 stored         0 dropped
      14.1 s      10.692 M it/s   150994944 iterations     20161 dp     20161 stored         0 dropped
      17.0 s      10.826 M it/s   184549376 iterations     24717 dp     24717 stored         0 dropped
      20.0 s      10.900 M it/s   218103808 iterations     29127 dp     29127 stored         0 dropped
      23.0 s      10.925 M it/s   251658240 iterations     33681 dp     33681 stored         0 dropped
      26.0 s      10.952 M it/s   285212672 iterations     38235 dp     38235 stored         0 dropped
      29.1 s      10.942 M it/s   318767104 iterations     42746 dp     42746 stored         0 dropped
      32.1 s      10.976 M it/s   352321536 iterations     47260 dp     47260 stored         0 dropped
      35.0 s      11.014 M it/s   385875968 iterations     51650 dp     51650 stored         0 dropped
      38.0 s      11.046 M it/s   419430400 iterations     56187 dp     56187 stored         0 dropped
      40.9 s      11.085 M it/s   452984832 iterations     60611 dp     60611 stored         0 dropped
      43.7 s      11.122 M it/s   486539264 iterations     65137 dp     65137 stored         0 dropped
      46.6 s      11.170 M it/s   520093696 iterations     69695 dp     69695 stored         0 dropped
      49.3 s      11.226 M it/s   553648128 iterations     74236 dp     74236 stored         0 dropped
      52.1 s      11.270 M it/s   587202560 iterations     78697 dp     78697 stored         0 dropped
      54.9 s      11.312 M it/s   620756992 iterations     83251 dp     83251 stored         0 dropped
      57.7 s      11.346 M it/s   654311424 iterations     87671 dp     87671 stored         0 dropped
      60.4 s      11.387 M it/s   687865856 iterations     92203 dp     92203 stored         0 dropped
      63.1 s      11.428 M it/s   721420288 iterations     96682 dp     96682 stored         0 dropped
      65.9 s      11.463 M it/s   754974720 iterations    101203 dp    101203 stored         0 dropped
      68.6 s      11.497 M it/s   788529152 iterations    105676 dp    105676 stored         0 dropped
      71.4 s      11.521 M it/s   822083584 iterations    110361 dp    110361 stored         0 dropped
      74.1 s      11.547 M it/s   855638016 iterations    114939 dp    114939 stored         0 dropped
      76.8 s      11.574 M it/s   889192448 iterations    119371 dp    119371 stored         0 dropped
      79.6 s      11.597 M it/s   922746880 iterations    123835 dp    123835 stored         0 dropped
      82.3 s      11.621 M it/s   956301312 iterations    128312 dp    128312 stored         0 dropped
      85.0 s      11.641 M it/s   989855744 iterations    132863 dp    132863 stored         0 dropped
      87.8 s      11.660 M it/s  1023410176 iterations    137410 dp    137410 stored         0 dropped
      90.6 s      11.667 M it/s  1056964608 iterations    141971 dp    141971 stored         0 dropped
      93.3 s      11.683 M it/s  1090519040 iterations    146592 dp    146592 stored         0 dropped
      96.1 s      11.701 M it/s  1124073472 iterations    151093 dp    151093 stored         0 dropped
      98.8 s      11.718 M it/s  1157627904 iterations    155581 dp    155581 stored         0 dropped
     101.5 s      11.735 M it/s  1191182336 iterations    160036 dp    160036 stored         0 dropped
     104.2 s      11.749 M it/s  1224736768 iterations    164534 dp    164534 stored         0 dropped
     107.0 s      11.763 M it/s  1258291200 iterations    169068 dp    169068 stored         0 dropped
     109.7 s      11.774 M it/s  1291845632 iterations    173679 dp    173679 stored         0 dropped
     112.5 s      11.786 M it/s  1325400064 iterations    178241 dp    178241 stored         0 dropped
     115.2 s      11.798 M it/s  1358954496 iterations    182788 dp    182788 stored         0 dropped
     117.9 s      11.808 M it/s  1392508928 iterations    187338 dp    187338 stored         0 dropped
     120.7 s      11.819 M it/s  1426063360 iterations    191852 dp    191852 stored         0 dropped
     123.4 s      11.829 M it/s  1459617792 iterations    196346 dp    196346 stored         0 dropped
     126.1 s      11.840 M it/s  1493172224 iterations    200820 dp    200820 stored         0 dropped
     128.8 s      11.849 M it/s  1526726656 iterations    205266 dp    205266 stored         0 dropped
     131.6 s      11.856 M it/s  1560281088 iterations    209768 dp    209768 stored         0 dropped
     134.3 s      11.864 M it/s  1593835520 iterations    214269 dp    214269 stored         0 dropped
     137.1 s      11.872 M it/s  1627389952 iterations    218774 dp    218774 stored         0 dropped
     139.8 s      11.880 M it/s  1660944384 iterations    223292 dp    223292 stored         0 dropped
     142.5 s      11.889 M it/s  1694498816 iterations    227664 dp    227664 stored         0 dropped
     145.3 s      11.896 M it/s  1728053248 iterations    232214 dp    232214 stored         0 dropped
     148.0 s      11.904 M it/s  1761607680 iterations    236701 dp    236701 stored         0 dropped
     150.7 s      11.911 M it/s  1795162112 iterations    241189 dp    241189 stored         0 dropped
     151.2 s      11.986 M it/s  1811939328 iterations    243512 dp    243512 stored         0 dropped
  finished: 11.985 M it/s, 243512 distinguished points (4 verified against the reference, 0 dropped)
