backend cpu: 1 threads x 32 slots x 512 lanes = 16384 walks, dp weight 44, 1024 steps per launch
no checkpoint at /tmp/ecc2k130-max-iters/30003-ref.ck, starting fresh
WARNING: --verify 4 replays reports on the CPU; campaign collection uses --verify 0 so a cutoff-32 trail cannot stall the GPU
       2.4 s       6.916 M it/s    16777216 iterations      2269 dp      2269 stored         0 dropped
       5.2 s       9.632 M it/s    50331648 iterations      6735 dp      6735 stored         0 dropped
       8.0 s      10.436 M it/s    83886080 iterations     11205 dp     11205 stored         0 dropped
      10.9 s      10.759 M it/s   117440512 iterations     15730 dp     15730 stored         0 dropped
      13.8 s      10.946 M it/s   150994944 iterations     20161 dp     20161 stored         0 dropped
      16.7 s      11.051 M it/s   184549376 iterations     24717 dp     24717 stored         0 dropped
      19.7 s      11.052 M it/s   218103808 iterations     29127 dp     29127 stored         0 dropped
      22.9 s      10.989 M it/s   251658240 iterations     33681 dp     33681 stored         0 dropped
      26.1 s      10.915 M it/s   285212672 iterations     38235 dp     38235 stored         0 dropped
      29.1 s      10.938 M it/s   318767104 iterations     42746 dp     42746 stored         0 dropped
      32.1 s      10.961 M it/s   352321536 iterations     47260 dp     47260 stored         0 dropped
      35.1 s      11.002 M it/s   385875968 iterations     51650 dp     51650 stored         0 dropped
      38.1 s      11.016 M it/s   419430400 iterations     56187 dp     56187 stored         0 dropped
      41.0 s      11.045 M it/s   452984832 iterations     60611 dp     60611 stored         0 dropped
      43.9 s      11.083 M it/s   486539264 iterations     65137 dp     65137 stored         0 dropped
      46.8 s      11.122 M it/s   520093696 iterations     69695 dp     69695 stored         0 dropped
      49.5 s      11.178 M it/s   553648128 iterations     74236 dp     74236 stored         0 dropped
      52.3 s      11.225 M it/s   587202560 iterations     78697 dp     78697 stored         0 dropped
      55.1 s      11.260 M it/s   620756992 iterations     83251 dp     83251 stored         0 dropped
      58.0 s      11.290 M it/s   654311424 iterations     87671 dp     87671 stored         0 dropped
      60.8 s      11.319 M it/s   687865856 iterations     92203 dp     92203 stored         0 dropped
      63.5 s      11.360 M it/s   721420288 iterations     96682 dp     96682 stored         0 dropped
      66.2 s      11.398 M it/s   754974720 iterations    101203 dp    101203 stored         0 dropped
      69.0 s      11.433 M it/s   788529152 iterations    105676 dp    105676 stored         0 dropped
      71.7 s      11.459 M it/s   822083584 iterations    110361 dp    110361 stored         0 dropped
      74.5 s      11.486 M it/s   855638016 iterations    114939 dp    114939 stored         0 dropped
      77.2 s      11.516 M it/s   889192448 iterations    119371 dp    119371 stored         0 dropped
      80.0 s      11.539 M it/s   922746880 iterations    123835 dp    123835 stored         0 dropped
      82.7 s      11.558 M it/s   956301312 iterations    128312 dp    128312 stored         0 dropped
      85.5 s      11.577 M it/s   989855744 iterations    132863 dp    132863 stored         0 dropped
      88.2 s      11.598 M it/s  1023410176 iterations    137410 dp    137410 stored         0 dropped
      91.0 s      11.617 M it/s  1056964608 iterations    141971 dp    141971 stored         0 dropped
      93.7 s      11.635 M it/s  1090519040 iterations    146592 dp    146592 stored         0 dropped
      96.5 s      11.654 M it/s  1124073472 iterations    151093 dp    151093 stored         0 dropped
      99.2 s      11.672 M it/s  1157627904 iterations    155581 dp    155581 stored         0 dropped
     101.9 s      11.690 M it/s  1191182336 iterations    160036 dp    160036 stored         0 dropped
     104.6 s      11.706 M it/s  1224736768 iterations    164534 dp    164534 stored         0 dropped
     107.4 s      11.721 M it/s  1258291200 iterations    169068 dp    169068 stored         0 dropped
     110.1 s      11.733 M it/s  1291845632 iterations    173679 dp    173679 stored         0 dropped
     112.8 s      11.746 M it/s  1325400064 iterations    178241 dp    178241 stored         0 dropped
     115.6 s      11.758 M it/s  1358954496 iterations    182788 dp    182788 stored         0 dropped
     118.3 s      11.768 M it/s  1392508928 iterations    187338 dp    187338 stored         0 dropped
     121.1 s      11.778 M it/s  1426063360 iterations    191852 dp    191852 stored         0 dropped
     123.8 s      11.789 M it/s  1459617792 iterations    196346 dp    196346 stored         0 dropped
     126.5 s      11.799 M it/s  1493172224 iterations    200820 dp    200820 stored         0 dropped
     129.3 s      11.808 M it/s  1526726656 iterations    205266 dp    205266 stored         0 dropped
     132.1 s      11.814 M it/s  1560281088 iterations    209768 dp    209768 stored         0 dropped
     134.8 s      11.823 M it/s  1593835520 iterations    214269 dp    214269 stored         0 dropped
     137.6 s      11.831 M it/s  1627389952 iterations    218774 dp    218774 stored         0 dropped
     140.3 s      11.840 M it/s  1660944384 iterations    223291 dp    223291 stored         0 dropped
     143.0 s      11.849 M it/s  1694498816 iterations    227662 dp    227662 stored         0 dropped
     145.7 s      11.856 M it/s  1728053248 iterations    232212 dp    232212 stored         0 dropped
     148.5 s      11.865 M it/s  1761607680 iterations    236698 dp    236698 stored         0 dropped
     151.2 s      11.872 M it/s  1795162112 iterations    241186 dp    241186 stored         0 dropped
     151.7 s      11.947 M it/s  1811939328 iterations    243510 dp    243510 stored         0 dropped
  finished: 11.946 M it/s, 243510 distinguished points (4 verified against the reference, 0 dropped)
