backend cpu: 1 threads x 32 slots x 512 lanes = 16384 walks, dp weight 44, 1024 steps per launch
no checkpoint at /tmp/ecc2k130-max-iters/30001-ref.ck, starting fresh
WARNING: --verify 4 replays reports on the CPU; campaign collection uses --verify 0 so a cutoff-32 trail cannot stall the GPU
       2.5 s       6.772 M it/s    16777216 iterations      2281 dp      2281 stored         0 dropped
       5.3 s       9.510 M it/s    50331648 iterations      6812 dp      6812 stored         0 dropped
       8.1 s      10.393 M it/s    83886080 iterations     11424 dp     11424 stored         0 dropped
      10.8 s      10.850 M it/s   117440512 iterations     15912 dp     15912 stored         0 dropped
      13.6 s      11.093 M it/s   150994944 iterations     20463 dp     20463 stored         0 dropped
      16.5 s      11.198 M it/s   184549376 iterations     24742 dp     24742 stored         0 dropped
      19.4 s      11.262 M it/s   218103808 iterations     29128 dp     29128 stored         0 dropped
      22.3 s      11.306 M it/s   251658240 iterations     33610 dp     33610 stored         0 dropped
      25.1 s      11.366 M it/s   285212672 iterations     38242 dp     38242 stored         0 dropped
      27.8 s      11.446 M it/s   318767104 iterations     42741 dp     42741 stored         0 dropped
      30.6 s      11.518 M it/s   352321536 iterations     47222 dp     47222 stored         0 dropped
      33.4 s      11.565 M it/s   385875968 iterations     51704 dp     51704 stored         0 dropped
      36.2 s      11.596 M it/s   419430400 iterations     56199 dp     56199 stored         0 dropped
      39.0 s      11.614 M it/s   452984832 iterations     60820 dp     60820 stored         0 dropped
      41.8 s      11.648 M it/s   486539264 iterations     65307 dp     65307 stored         0 dropped
      44.5 s      11.675 M it/s   520093696 iterations     69824 dp     69824 stored         0 dropped
      47.3 s      11.705 M it/s   553648128 iterations     74287 dp     74287 stored         0 dropped
      50.1 s      11.718 M it/s   587202560 iterations     78759 dp     78759 stored         0 dropped
      52.9 s      11.743 M it/s   620756992 iterations     83270 dp     83270 stored         0 dropped
      55.6 s      11.766 M it/s   654311424 iterations     87762 dp     87762 stored         0 dropped
      58.3 s      11.790 M it/s   687865856 iterations     92204 dp     92204 stored         0 dropped
      61.1 s      11.810 M it/s   721420288 iterations     96578 dp     96578 stored         0 dropped
      63.8 s      11.829 M it/s   754974720 iterations    101046 dp    101046 stored         0 dropped
      66.6 s      11.843 M it/s   788529152 iterations    105696 dp    105696 stored         0 dropped
      69.3 s      11.858 M it/s   822083584 iterations    110131 dp    110131 stored         0 dropped
      72.1 s      11.869 M it/s   855638016 iterations    114696 dp    114696 stored         0 dropped
      74.9 s      11.877 M it/s   889192448 iterations    119383 dp    119383 stored         0 dropped
      77.6 s      11.889 M it/s   922746880 iterations    123900 dp    123900 stored         0 dropped
      80.4 s      11.900 M it/s   956301312 iterations    128351 dp    128351 stored         0 dropped
      83.1 s      11.911 M it/s   989855744 iterations    132769 dp    132769 stored         0 dropped
      85.9 s      11.920 M it/s  1023410176 iterations    137310 dp    137310 stored         0 dropped
      88.6 s      11.931 M it/s  1056964608 iterations    141763 dp    141763 stored         0 dropped
      91.4 s      11.937 M it/s  1090519040 iterations    146380 dp    146380 stored         0 dropped
      94.1 s      11.946 M it/s  1124073472 iterations    150830 dp    150830 stored         0 dropped
      96.8 s      11.955 M it/s  1157627904 iterations    155274 dp    155274 stored         0 dropped
      99.6 s      11.962 M it/s  1191182336 iterations    159840 dp    159840 stored         0 dropped
     102.3 s      11.969 M it/s  1224736768 iterations    164280 dp    164280 stored         0 dropped
     105.1 s      11.973 M it/s  1258291200 iterations    168845 dp    168845 stored         0 dropped
     107.9 s      11.976 M it/s  1291845632 iterations    173456 dp    173456 stored         0 dropped
     110.6 s      11.979 M it/s  1325400064 iterations    177941 dp    177941 stored         0 dropped
     113.4 s      11.982 M it/s  1358954496 iterations    182554 dp    182554 stored         0 dropped
     116.2 s      11.986 M it/s  1392508928 iterations    187140 dp    187140 stored         0 dropped
     118.9 s      11.993 M it/s  1426063360 iterations    191661 dp    191661 stored         0 dropped
     121.6 s      11.999 M it/s  1459617792 iterations    196146 dp    196146 stored         0 dropped
     124.4 s      12.004 M it/s  1493172224 iterations    200692 dp    200692 stored         0 dropped
     127.1 s      12.010 M it/s  1526726656 iterations    205160 dp    205160 stored         0 dropped
     129.9 s      12.015 M it/s  1560281088 iterations    209620 dp    209620 stored         0 dropped
     132.6 s      12.020 M it/s  1593835520 iterations    214107 dp    214107 stored         0 dropped
     135.3 s      12.026 M it/s  1627389952 iterations    218586 dp    218586 stored         0 dropped
     138.1 s      12.031 M it/s  1660944384 iterations    223055 dp    223055 stored         0 dropped
     140.8 s      12.035 M it/s  1694498816 iterations    227538 dp    227538 stored         0 dropped
     143.5 s      12.039 M it/s  1728053248 iterations    232024 dp    232024 stored         0 dropped
     146.3 s      12.043 M it/s  1761607680 iterations    236493 dp    236493 stored         0 dropped
     149.0 s      12.044 M it/s  1795162112 iterations    241040 dp    241040 stored         0 dropped
     149.5 s      12.120 M it/s  1811939328 iterations    243357 dp    243357 stored         0 dropped
  finished: 12.118 M it/s, 243357 distinguished points (4 verified against the reference, 0 dropped)
