backend cpu: 1 threads x 32 slots x 512 lanes = 16384 walks, dp weight 44, 1024 steps per launch
no checkpoint at /tmp/ecc2k130-max-iters/30003-c30.ck, starting fresh
WARNING: --verify 4 replays reports on the CPU; campaign collection uses --verify 0 so a cutoff-32 trail cannot stall the GPU
       2.5 s       6.668 M it/s    16777216 iterations      2269 dp      2269 stored         0 dropped
       5.5 s       9.185 M it/s    50331648 iterations      6735 dp      6735 stored         0 dropped
       8.5 s       9.832 M it/s    83886080 iterations     11205 dp     11205 stored         0 dropped
      11.6 s      10.138 M it/s   117440512 iterations     15730 dp     15730 stored         0 dropped
      14.5 s      10.390 M it/s   150994944 iterations     20161 dp     20161 stored         0 dropped
      17.6 s      10.480 M it/s   184549376 iterations     24717 dp     24717 stored         0 dropped
      20.5 s      10.654 M it/s   218103808 iterations     29127 dp     29127 stored         0 dropped
      23.5 s      10.714 M it/s   251658240 iterations     33681 dp     33681 stored         0 dropped
      26.6 s      10.739 M it/s   285212672 iterations     38235 dp     38235 stored         0 dropped
      29.6 s      10.787 M it/s   318767104 iterations     42746 dp     42746 stored         0 dropped
      32.5 s      10.836 M it/s   352321536 iterations     47174 dp     47174 stored         0 dropped
      35.4 s      10.886 M it/s   385875968 iterations     51527 dp     51527 stored         0 dropped
      38.5 s      10.885 M it/s   419430400 iterations     56098 dp     56098 stored         0 dropped
      41.7 s      10.875 M it/s   452984832 iterations     60520 dp     60520 stored         0 dropped
      44.6 s      10.899 M it/s   486539264 iterations     65033 dp     65033 stored         0 dropped
      47.6 s      10.933 M it/s   520093696 iterations     69587 dp     69587 stored         0 dropped
      50.5 s      10.953 M it/s   553648128 iterations     74068 dp     74068 stored         0 dropped
      53.4 s      10.992 M it/s   587202560 iterations     78449 dp     78449 stored         0 dropped
      56.3 s      11.029 M it/s   620756992 iterations     82990 dp     82990 stored         0 dropped
      59.2 s      11.057 M it/s   654311424 iterations     87385 dp     87385 stored         0 dropped
      61.9 s      11.109 M it/s   687865856 iterations     91928 dp     91928 stored         0 dropped
      64.7 s      11.156 M it/s   721420288 iterations     96402 dp     96402 stored         0 dropped
      67.4 s      11.201 M it/s   754974720 iterations    100955 dp    100955 stored         0 dropped
      70.1 s      11.242 M it/s   788529152 iterations    105390 dp    105390 stored         0 dropped
      72.9 s      11.278 M it/s   822083584 iterations    109991 dp    109991 stored         0 dropped
      75.6 s      11.314 M it/s   855638016 iterations    114497 dp    114497 stored         0 dropped
      78.4 s      11.347 M it/s   889192448 iterations    118976 dp    118976 stored         0 dropped
      81.1 s      11.376 M it/s   922746880 iterations    123438 dp    123438 stored         0 dropped
      83.8 s      11.405 M it/s   956301312 iterations    127926 dp    127926 stored         0 dropped
      86.6 s      11.430 M it/s   989855744 iterations    132515 dp    132515 stored         0 dropped
      89.3 s      11.455 M it/s  1023410176 iterations    137020 dp    137020 stored         0 dropped
      92.1 s      11.479 M it/s  1056964608 iterations    141476 dp    141476 stored         0 dropped
      94.8 s      11.501 M it/s  1090519040 iterations    146037 dp    146037 stored         0 dropped
      97.6 s      11.523 M it/s  1124073472 iterations    150595 dp    150595 stored         0 dropped
     100.3 s      11.546 M it/s  1157627904 iterations    154967 dp    154967 stored         0 dropped
     103.0 s      11.566 M it/s  1191182336 iterations    159400 dp    159400 stored         0 dropped
     105.7 s      11.586 M it/s  1224736768 iterations    163843 dp    163843 stored         0 dropped
     108.4 s      11.603 M it/s  1258291200 iterations    168352 dp    168352 stored         0 dropped
     111.2 s      11.617 M it/s  1291845632 iterations    172968 dp    172968 stored         0 dropped
     113.9 s      11.632 M it/s  1325400064 iterations    177522 dp    177522 stored         0 dropped
     116.7 s      11.647 M it/s  1358954496 iterations    182018 dp    182018 stored         0 dropped
     119.4 s      11.661 M it/s  1392508928 iterations    186520 dp    186520 stored         0 dropped
     122.2 s      11.674 M it/s  1426063360 iterations    191044 dp    191044 stored         0 dropped
     124.9 s      11.687 M it/s  1459617792 iterations    195530 dp    195530 stored         0 dropped
     127.6 s      11.700 M it/s  1493172224 iterations    199969 dp    199969 stored         0 dropped
     130.4 s      11.711 M it/s  1526726656 iterations    204468 dp    204468 stored         0 dropped
     133.1 s      11.721 M it/s  1560281088 iterations    208939 dp    208939 stored         0 dropped
     135.9 s      11.732 M it/s  1593835520 iterations    213310 dp    213310 stored         0 dropped
     138.6 s      11.741 M it/s  1627389952 iterations    217836 dp    217836 stored         0 dropped
     141.3 s      11.752 M it/s  1660944384 iterations    222266 dp    222266 stored         0 dropped
     144.1 s      11.762 M it/s  1694498816 iterations    226657 dp    226657 stored         0 dropped
     146.8 s      11.770 M it/s  1728053248 iterations    231175 dp    231175 stored         0 dropped
     149.6 s      11.778 M it/s  1761607680 iterations    235684 dp    235684 stored         0 dropped
     152.3 s      11.786 M it/s  1795162112 iterations    240133 dp    240133 stored         0 dropped
     152.8 s      11.860 M it/s  1811939328 iterations    242473 dp    242473 stored         0 dropped
  finished: 11.858 M it/s, 242473 distinguished points (4 verified against the reference, 0 dropped)
