backend cpu: 1 threads x 32 slots x 512 lanes = 16384 walks, dp weight 44, 1024 steps per launch
no checkpoint at /tmp/ecc2k130-max-iters/30001-c30.ck, starting fresh
WARNING: --verify 4 replays reports on the CPU; campaign collection uses --verify 0 so a cutoff-32 trail cannot stall the GPU
       2.5 s       6.766 M it/s    16777216 iterations      2281 dp      2281 stored         0 dropped
       5.3 s       9.512 M it/s    50331648 iterations      6812 dp      6812 stored         0 dropped
       8.1 s      10.387 M it/s    83886080 iterations     11424 dp     11424 stored         0 dropped
      10.8 s      10.829 M it/s   117440512 iterations     15912 dp     15912 stored         0 dropped
      13.6 s      11.064 M it/s   150994944 iterations     20463 dp     20463 stored         0 dropped
      16.5 s      11.171 M it/s   184549376 iterations     24742 dp     24742 stored         0 dropped
      19.4 s      11.236 M it/s   218103808 iterations     29128 dp     29128 stored         0 dropped
      22.3 s      11.283 M it/s   251658240 iterations     33610 dp     33610 stored         0 dropped
      25.1 s      11.345 M it/s   285212672 iterations     38242 dp     38242 stored         0 dropped
      27.9 s      11.425 M it/s   318767104 iterations     42741 dp     42741 stored         0 dropped
      30.6 s      11.500 M it/s   352321536 iterations     47150 dp     47150 stored         0 dropped
      33.4 s      11.548 M it/s   385875968 iterations     51603 dp     51603 stored         0 dropped
      36.2 s      11.572 M it/s   419430400 iterations     56109 dp     56109 stored         0 dropped
      39.1 s      11.599 M it/s   452984832 iterations     60707 dp     60707 stored         0 dropped
      41.8 s      11.632 M it/s   486539264 iterations     65155 dp     65155 stored         0 dropped
      44.6 s      11.657 M it/s   520093696 iterations     69638 dp     69638 stored         0 dropped
      47.4 s      11.685 M it/s   553648128 iterations     74095 dp     74095 stored         0 dropped
      50.2 s      11.701 M it/s   587202560 iterations     78528 dp     78528 stored         0 dropped
      52.9 s      11.727 M it/s   620756992 iterations     83003 dp     83003 stored         0 dropped
      55.7 s      11.748 M it/s   654311424 iterations     87482 dp     87482 stored         0 dropped
      58.4 s      11.773 M it/s   687865856 iterations     91906 dp     91906 stored         0 dropped
      61.2 s      11.792 M it/s   721420288 iterations     96290 dp     96290 stored         0 dropped
      63.9 s      11.812 M it/s   754974720 iterations    100720 dp    100720 stored         0 dropped
      66.7 s      11.827 M it/s   788529152 iterations    105278 dp    105278 stored         0 dropped
      69.4 s      11.843 M it/s   822083584 iterations    109729 dp    109729 stored         0 dropped
      72.2 s      11.854 M it/s   855638016 iterations    114323 dp    114323 stored         0 dropped
      75.0 s      11.862 M it/s   889192448 iterations    118978 dp    118978 stored         0 dropped
      77.7 s      11.876 M it/s   922746880 iterations    123351 dp    123351 stored         0 dropped
      80.5 s      11.885 M it/s   956301312 iterations    127894 dp    127894 stored         0 dropped
      83.2 s      11.896 M it/s   989855744 iterations    132302 dp    132302 stored         0 dropped
      86.0 s      11.906 M it/s  1023410176 iterations    136823 dp    136823 stored         0 dropped
      88.7 s      11.915 M it/s  1056964608 iterations    141293 dp    141293 stored         0 dropped
      91.5 s      11.922 M it/s  1090519040 iterations    145806 dp    145806 stored         0 dropped
      94.2 s      11.930 M it/s  1124073472 iterations    150276 dp    150276 stored         0 dropped
      97.0 s      11.938 M it/s  1157627904 iterations    154703 dp    154703 stored         0 dropped
      99.7 s      11.946 M it/s  1191182336 iterations    159206 dp    159206 stored         0 dropped
     102.5 s      11.952 M it/s  1224736768 iterations    163668 dp    163668 stored         0 dropped
     105.2 s      11.959 M it/s  1258291200 iterations    168184 dp    168184 stored         0 dropped
     108.0 s      11.963 M it/s  1291845632 iterations    172780 dp    172780 stored         0 dropped
     110.7 s      11.968 M it/s  1325400064 iterations    177167 dp    177167 stored         0 dropped
     113.5 s      11.973 M it/s  1358954496 iterations    181750 dp    181750 stored         0 dropped
     116.3 s      11.977 M it/s  1392508928 iterations    186340 dp    186340 stored         0 dropped
     119.0 s      11.983 M it/s  1426063360 iterations    190870 dp    190870 stored         0 dropped
     121.8 s      11.988 M it/s  1459617792 iterations    195367 dp    195367 stored         0 dropped
     124.5 s      11.994 M it/s  1493172224 iterations    199884 dp    199884 stored         0 dropped
     127.2 s      11.999 M it/s  1526726656 iterations    204363 dp    204363 stored         0 dropped
     130.0 s      12.005 M it/s  1560281088 iterations    208838 dp    208838 stored         0 dropped
     132.7 s      12.011 M it/s  1593835520 iterations    213271 dp    213271 stored         0 dropped
     135.4 s      12.016 M it/s  1627389952 iterations    217764 dp    217764 stored         0 dropped
     138.2 s      12.021 M it/s  1660944384 iterations    222176 dp    222176 stored         0 dropped
     140.9 s      12.025 M it/s  1694498816 iterations    226646 dp    226646 stored         0 dropped
     143.7 s      12.029 M it/s  1728053248 iterations    231164 dp    231164 stored         0 dropped
     146.4 s      12.033 M it/s  1761607680 iterations    235633 dp    235633 stored         0 dropped
     149.2 s      12.035 M it/s  1795162112 iterations    240143 dp    240143 stored         0 dropped
     149.6 s      12.111 M it/s  1811939328 iterations    242381 dp    242381 stored         0 dropped
  finished: 12.109 M it/s, 242381 distinguished points (4 verified against the reference, 0 dropped)
