backend cpu: 1 threads x 32 slots x 512 lanes = 16384 walks, dp weight 44, 1024 steps per launch
no checkpoint at /tmp/ecc2k130-max-iters/30001-c32.ck, starting fresh
WARNING: --verify 4 replays reports on the CPU; campaign collection uses --verify 0 so a cutoff-32 trail cannot stall the GPU
       2.5 s       6.811 M it/s    16777216 iterations      2281 dp      2281 stored         0 dropped
       5.3 s       9.542 M it/s    50331648 iterations      6812 dp      6812 stored         0 dropped
       8.1 s      10.392 M it/s    83886080 iterations     11424 dp     11424 stored         0 dropped
      10.8 s      10.836 M it/s   117440512 iterations     15912 dp     15912 stored         0 dropped
      13.6 s      11.081 M it/s   150994944 iterations     20463 dp     20463 stored         0 dropped
      16.5 s      11.186 M it/s   184549376 iterations     24742 dp     24742 stored         0 dropped
      19.4 s      11.251 M it/s   218103808 iterations     29128 dp     29128 stored         0 dropped
      22.3 s      11.295 M it/s   251658240 iterations     33610 dp     33610 stored         0 dropped
      25.1 s      11.355 M it/s   285212672 iterations     38242 dp     38242 stored         0 dropped
      27.9 s      11.432 M it/s   318767104 iterations     42741 dp     42741 stored         0 dropped
      30.6 s      11.502 M it/s   352321536 iterations     47222 dp     47222 stored         0 dropped
      33.4 s      11.545 M it/s   385875968 iterations     51704 dp     51704 stored         0 dropped
      36.2 s      11.576 M it/s   419430400 iterations     56199 dp     56199 stored         0 dropped
      39.0 s      11.602 M it/s   452984832 iterations     60820 dp     60820 stored         0 dropped
      41.8 s      11.629 M it/s   486539264 iterations     65307 dp     65307 stored         0 dropped
      44.7 s      11.647 M it/s   520093696 iterations     69824 dp     69824 stored         0 dropped
      47.4 s      11.676 M it/s   553648128 iterations     74287 dp     74287 stored         0 dropped
      50.3 s      11.683 M it/s   587202560 iterations     78759 dp     78759 stored         0 dropped
      53.0 s      11.708 M it/s   620756992 iterations     83270 dp     83270 stored         0 dropped
      55.8 s      11.727 M it/s   654311424 iterations     87762 dp     87762 stored         0 dropped
      58.5 s      11.753 M it/s   687865856 iterations     92204 dp     92204 stored         0 dropped
      61.3 s      11.773 M it/s   721420288 iterations     96578 dp     96578 stored         0 dropped
      64.0 s      11.794 M it/s   754974720 iterations    101046 dp    101046 stored         0 dropped
      66.8 s      11.808 M it/s   788529152 iterations    105696 dp    105696 stored         0 dropped
      69.5 s      11.824 M it/s   822083584 iterations    110131 dp    110131 stored         0 dropped
      72.3 s      11.835 M it/s   855638016 iterations    114696 dp    114696 stored         0 dropped
      75.1 s      11.845 M it/s   889192448 iterations    119383 dp    119383 stored         0 dropped
      77.8 s      11.858 M it/s   922746880 iterations    123900 dp    123900 stored         0 dropped
      80.6 s      11.870 M it/s   956301312 iterations    128351 dp    128351 stored         0 dropped
      83.3 s      11.882 M it/s   989855744 iterations    132769 dp    132769 stored         0 dropped
      86.1 s      11.893 M it/s  1023410176 iterations    137310 dp    137310 stored         0 dropped
      88.8 s      11.904 M it/s  1056964608 iterations    141763 dp    141763 stored         0 dropped
      91.5 s      11.913 M it/s  1090519040 iterations    146380 dp    146380 stored         0 dropped
      94.3 s      11.924 M it/s  1124073472 iterations    150830 dp    150830 stored         0 dropped
      97.0 s      11.933 M it/s  1157627904 iterations    155274 dp    155274 stored         0 dropped
      99.8 s      11.941 M it/s  1191182336 iterations    159840 dp    159840 stored         0 dropped
     102.5 s      11.949 M it/s  1224736768 iterations    164280 dp    164280 stored         0 dropped
     105.3 s      11.955 M it/s  1258291200 iterations    168845 dp    168845 stored         0 dropped
     108.0 s      11.958 M it/s  1291845632 iterations    173456 dp    173456 stored         0 dropped
     110.8 s      11.964 M it/s  1325400064 iterations    177941 dp    177941 stored         0 dropped
     113.5 s      11.970 M it/s  1358954496 iterations    182554 dp    182554 stored         0 dropped
     116.3 s      11.976 M it/s  1392508928 iterations    187140 dp    187140 stored         0 dropped
     119.0 s      11.982 M it/s  1426063360 iterations    191661 dp    191661 stored         0 dropped
     121.7 s      11.989 M it/s  1459617792 iterations    196146 dp    196146 stored         0 dropped
     124.5 s      11.995 M it/s  1493172224 iterations    200692 dp    200692 stored         0 dropped
     127.2 s      12.001 M it/s  1526726656 iterations    205160 dp    205160 stored         0 dropped
     129.9 s      12.007 M it/s  1560281088 iterations    209620 dp    209620 stored         0 dropped
     132.7 s      12.013 M it/s  1593835520 iterations    214107 dp    214107 stored         0 dropped
     135.4 s      12.018 M it/s  1627389952 iterations    218586 dp    218586 stored         0 dropped
     138.1 s      12.024 M it/s  1660944384 iterations    223055 dp    223055 stored         0 dropped
     140.9 s      12.028 M it/s  1694498816 iterations    227538 dp    227538 stored         0 dropped
     143.6 s      12.033 M it/s  1728053248 iterations    232024 dp    232024 stored         0 dropped
     146.4 s      12.036 M it/s  1761607680 iterations    236493 dp    236493 stored         0 dropped
     149.1 s      12.038 M it/s  1795162112 iterations    241040 dp    241040 stored         0 dropped
     149.6 s      12.114 M it/s  1811939328 iterations    243357 dp    243357 stored         0 dropped
  finished: 12.112 M it/s, 243357 distinguished points (4 verified against the reference, 0 dropped)
