Initial seed for pseudo-random number generator is 0

--------------- INPUT DATA ---------------
#variables                       6
#equations                       7
#invalid equations               0
field characteristic            17
homogeneous input?               0
signature-based computation      0
monomial order                 DRL
basis hash table resetting     OFF
linear algebra option            2
initial hash table size     131072 (2^17)
max pair selection             ALL
reduce gb                        1
#threads                         1
info level                       2
generate pbm files               0
------------------------------------------

Legend for f4 information
--------------------------------------------------------
deg       current degree of pairs selected in this round
sel       number of pairs selected in this round
pairs     total number of pairs in pair list
mat       matrix dimensions (# rows x # columns)
density   density of the matrix
new data  # new elements for basis in this round
          # zero reductions during linear algebra
time(rd)  time of the current f4 round in seconds given
          for real and cpu time
--------------------------------------------------------

deg     sel   pairs        mat          density            new data         time(rd) in sec (real|cpu)
------------------------------------------------------------------------------------------------------
  5       2       4       6 x 33         23.23%        2 new       0 zero         0.00 | 0.00         
  5       2       8      16 x 53         15.57%        2 new       0 zero         0.00 | 0.00         
  5       4      10      38 x 73         11.97%        2 new       2 zero         0.00 | 0.00         
  6      12      12      74 x 168         5.76%       12 new       0 zero         0.00 | 0.00         
  5      18      34      58 x 77         14.64%        6 new      12 zero         0.00 | 0.00         
  4      10      34      40 x 61         20.08%        2 new       8 zero         0.00 | 0.00         
  4       4      28      34 x 59         20.44%        0 new       4 zero         0.00 | 0.00         
  5       8      24      59 x 127        10.08%        4 new       4 zero         0.00 | 0.00         
  6      34      40     169 x 344         5.23%       22 new      12 zero         0.00 | 0.00         
  5      60     110     187 x 292         7.18%       30 new      30 zero         0.00 | 0.00         
  5      47     148     224 x 310        10.96%       23 new      25 zero         0.00 | 0.00         
  4      12     171      99 x 177        19.25%       12 new       0 zero         0.00 | 0.00         
  4      24     187     120 x 174        22.09%       18 new       6 zero         0.00 | 0.00         
  4      46     212     167 x 188        19.97%       42 new       4 zero         0.00 | 0.00         
  3      24     222      83 x 84         28.28%       20 new       4 zero         0.00 | 0.00         
  2      15     170      38 x 28         18.52%        5 new      10 zero         0.00 | 0.00         
------------------------------------------------------------------------------------------------------
reduce final basis        1 x 1         100.00%        1 new       0 zero         0.00 | 0.00         
------------------------------------------------------------------------------------------------------

---------------- TIMINGS ----------------
overall(elapsed)        0.00 sec
overall(cpu)            0.00 sec
select                  0.00 sec   7.9%
symbolic prep.          0.00 sec   5.1%
update                  0.00 sec  67.5%
convert                 0.00 sec   5.1%
linear algebra          0.00 sec  10.7%
reduce gb               0.00 sec   0.0%
-----------------------------------------

---------- COMPUTATIONAL DATA -----------
size of basis                     1
#terms in basis                   1
#pairs reduced                  322
#GM criterion                 21281
#redundant elements             208
#rows reduced                   647
#zero reductions                121
max. matrix data                224 x 310 (10.956%)
max. symbolic hash table size  2^11
max. basis hash table size     2^16
-----------------------------------------

Grobner basis has a single element
No solution

---------------- TIMINGS ----------------
rational param(elapsed)         0.00 sec
rational param(cpu)             0.00 sec
-----------------------------------------
[-1]:


------------------------------------------------------------------------------------
msolve overall time           0.00 sec (elapsed) /  0.00 sec (cpu)
------------------------------------------------------------------------------------
