Initial seed for pseudo-random number generator is 0

--------------- INPUT DATA ---------------
#variables                       6
#equations                       7
#invalid equations               0
field characteristic            17
homogeneous input?               0
signature-based computation      0
monomial order                 DRL
basis hash table resetting     OFF
linear algebra option            2
initial hash table size     131072 (2^17)
max pair selection             ALL
reduce gb                        1
#threads                         1
info level                       2
generate pbm files               0
------------------------------------------

Legend for f4 information
--------------------------------------------------------
deg       current degree of pairs selected in this round
sel       number of pairs selected in this round
pairs     total number of pairs in pair list
mat       matrix dimensions (# rows x # columns)
density   density of the matrix
new data  # new elements for basis in this round
          # zero reductions during linear algebra
time(rd)  time of the current f4 round in seconds given
          for real and cpu time
--------------------------------------------------------

deg     sel   pairs        mat          density            new data         time(rd) in sec (real|cpu)
------------------------------------------------------------------------------------------------------
  5       2       4       6 x 33         23.23%        2 new       0 zero         0.00 | 0.00         
  5       2       8      16 x 53         15.57%        2 new       0 zero         0.00 | 0.00         
  5       4      10      38 x 73         11.97%        2 new       2 zero         0.00 | 0.00         
  6      12      12      74 x 168         5.76%       12 new       0 zero         0.00 | 0.00         
  5      18      34      58 x 77         14.64%        6 new      12 zero         0.00 | 0.00         
  4      10      34      40 x 61         20.08%        2 new       8 zero         0.00 | 0.00         
  4       4      28      34 x 59         20.44%        0 new       4 zero         0.00 | 0.00         
  5       8      24      59 x 127        10.10%        4 new       4 zero         0.00 | 0.00         
  6      34      40     169 x 344         5.22%       22 new      12 zero         0.00 | 0.00         
  5      60     110     179 x 284         7.37%       30 new      30 zero         0.00 | 0.00         
  5      47     148     224 x 310        11.41%       23 new      25 zero         0.00 | 0.00         
  4      12     170      99 x 177        19.65%       12 new       0 zero         0.00 | 0.00         
  4      24     188     120 x 174        22.30%       18 new       6 zero         0.00 | 0.00         
  4      46     213     167 x 188        20.29%       42 new       4 zero         0.00 | 0.00         
  3      24     222      83 x 84         27.83%       19 new       5 zero         0.00 | 0.00         
  2      11     176      33 x 28         23.81%        3 new       8 zero         0.00 | 0.00         
  2       7     147      18 x 14         30.95%        0 new       7 zero         0.00 | 0.00         
  3      54     140     128 x 77         14.61%        0 new      54 zero         0.00 | 0.00         
  4      48      86     170 x 125        15.73%        0 new      48 zero         0.00 | 0.00         
  5      26      38     273 x 250         8.66%        0 new      26 zero         0.00 | 0.00         
  6      12      12     360 x 351         3.12%        0 new      12 zero         0.00 | 0.00         
------------------------------------------------------------------------------------------------------
reduce final basis        7 x 10         37.14%        7 new       0 zero         0.00 | 0.00         
------------------------------------------------------------------------------------------------------

---------------- TIMINGS ----------------
overall(elapsed)        0.00 sec
overall(cpu)            0.00 sec
select                  0.00 sec  10.3%
symbolic prep.          0.00 sec   5.7%
update                  0.00 sec  61.5%
convert                 0.00 sec   6.0%
linear algebra          0.00 sec  11.5%
reduce gb               0.00 sec   0.0%
-----------------------------------------

---------- COMPUTATIONAL DATA -----------
size of basis                     7
#terms in basis                  22
#pairs reduced                  465
#GM criterion                 20650
#redundant elements             199
#rows reduced                   939
#zero reductions                267
max. matrix data                360 x 351 (3.116%)
max. symbolic hash table size  2^11
max. basis hash table size     2^16
-----------------------------------------


fglm steps                                               time(rd) in sec (real|cpu)
------------------------------------------------------------------------------------------------------
multiplication matrix                                          0.00 | 0.00         
scalar sequence                                                0.00 | 0.00         
elimination polynomial                                         0.00 | 0.00         
parametrizations                                               0.00
------------------------------------------------------------------------------------------------------

---------------- TIMINGS ----------------
overall(elapsed)        0.00 sec
overall(cpu)            0.00 sec
-----------------------------------------

---------- COMPUTATIONAL DATA -----------
degree of ideal                   3
#dense rows                       2
#normal forms                     0
total density                    83.3%
density of the free part         83.3%
deg. elim. pol.                   2
deg. sqfr. elim. pol.             2
-----------------------------------------


---------------- TIMINGS ----------------
overall(elapsed)        0.00 sec
overall(cpu)            0.00 sec
-----------------------------------------

---------- COMPUTATIONAL DATA -----------
degree of ideal                   3
#dense rows                       2
#normal forms                     0
total density                    83.3%
density of the free part         83.3%
deg. elim. pol.                   2
deg. sqfr. elim. pol.             2
-----------------------------------------


---------------- TIMINGS ----------------
rational param(elapsed)         0.01 sec
rational param(cpu)             0.01 sec
-----------------------------------------

Changing variable order for possibly more generic staircase:
s2, v, t1, t2, s1, u

--------------- INPUT DATA ---------------
#variables                       6
#equations                       7
#invalid equations               0
field characteristic            17
homogeneous input?               0
signature-based computation      0
monomial order                 DRL
basis hash table resetting     OFF
linear algebra option            2
initial hash table size     131072 (2^17)
max pair selection             ALL
reduce gb                        1
#threads                         1
info level                       2
generate pbm files               0
------------------------------------------

Legend for f4 information
--------------------------------------------------------
deg       current degree of pairs selected in this round
sel       number of pairs selected in this round
pairs     total number of pairs in pair list
mat       matrix dimensions (# rows x # columns)
density   density of the matrix
new data  # new elements for basis in this round
          # zero reductions during linear algebra
time(rd)  time of the current f4 round in seconds given
          for real and cpu time
--------------------------------------------------------

deg     sel   pairs        mat          density            new data         time(rd) in sec (real|cpu)
------------------------------------------------------------------------------------------------------
  4       1       6       4 x 10         50.00%        1 new       0 zero         0.00 | 0.00         
  5       4       6      14 x 47         13.22%        4 new       0 zero         0.00 | 0.00         
  5       4      10      23 x 64         13.25%        4 new       0 zero         0.00 | 0.00         
  5       6      16      39 x 80         12.34%        4 new       2 zero         0.00 | 0.00         
  6      16      21      80 x 158         7.26%        9 new       7 zero         0.00 | 0.00         
  5      18      36      57 x 78         16.26%        6 new      12 zero         0.00 | 0.00         
  4      12      33      42 x 63         19.27%        4 new       8 zero         0.00 | 0.00         
  4       5      32      34 x 59         21.14%        1 new       4 zero         0.00 | 0.00         
  5      10      30      51 x 96         14.26%        3 new       7 zero         0.00 | 0.00         
  6      22      46     133 x 278         5.59%       16 new       6 zero         0.00 | 0.00         
  5      54      97     169 x 268         8.24%       24 new      30 zero         0.00 | 0.00         
  5      44     117     192 x 272        10.39%       20 new      25 zero         0.00 | 0.00         
  4      12     139      95 x 173        19.38%       12 new       0 zero         0.00 | 0.00         
  4      24     157     113 x 167        22.05%       18 new       6 zero         0.00 | 0.00         
  4      44     191     174 x 194        19.10%       40 new       5 zero         0.00 | 0.00         
  3      24     218      83 x 84         28.36%       19 new       5 zero         0.00 | 0.00         
  2      11     157      33 x 28         23.81%        3 new       8 zero         0.00 | 0.00         
  2       7     129      18 x 14         30.95%        0 new       7 zero         0.00 | 0.00         
  3      56     122     127 x 74         15.48%        0 new      56 zero         0.00 | 0.00         
  4      45      66     165 x 123        15.31%        0 new      45 zero         0.00 | 0.00         
  5      16      21     283 x 270         4.95%        0 new      16 zero         0.00 | 0.00         
  6       5       5     295 x 293         2.42%        0 new       5 zero         0.00 | 0.00         
------------------------------------------------------------------------------------------------------
reduce final basis        7 x 10         44.29%        7 new       0 zero         0.00 | 0.00         
------------------------------------------------------------------------------------------------------

---------------- TIMINGS ----------------
overall(elapsed)        0.00 sec
overall(cpu)            0.00 sec
select                  0.00 sec  11.3%
symbolic prep.          0.00 sec   6.6%
update                  0.00 sec  58.1%
convert                 0.00 sec   6.7%
linear algebra          0.00 sec  11.4%
reduce gb               0.00 sec   0.0%
-----------------------------------------

---------- COMPUTATIONAL DATA -----------
size of basis                     7
#terms in basis                  21
#pairs reduced                  440
#GM criterion                 18475
#redundant elements             188
#rows reduced                   891
#zero reductions                254
max. matrix data                295 x 293 (2.419%)
max. symbolic hash table size  2^11
max. basis hash table size     2^16
-----------------------------------------


fglm steps                                               time(rd) in sec (real|cpu)
------------------------------------------------------------------------------------------------------
multiplication matrix                                          0.00 | 0.00         
scalar sequence                                                0.00 | 0.00         
elimination polynomial                                         0.00 | 0.00         
parametrizations                                               0.00
------------------------------------------------------------------------------------------------------

---------------- TIMINGS ----------------
overall(elapsed)        0.00 sec
overall(cpu)            0.00 sec
-----------------------------------------

---------- COMPUTATIONAL DATA -----------
degree of ideal                   3
#dense rows                       2
#normal forms                     0
total density                    83.3%
density of the free part         83.3%
deg. elim. pol.                   1
deg. sqfr. elim. pol.             1
-----------------------------------------


---------------- TIMINGS ----------------
overall(elapsed)        0.00 sec
overall(cpu)            0.00 sec
-----------------------------------------

---------- COMPUTATIONAL DATA -----------
degree of ideal                   3
#dense rows                       2
#normal forms                     0
total density                    83.3%
density of the free part         83.3%
deg. elim. pol.                   2
deg. sqfr. elim. pol.             2
-----------------------------------------


---------------- TIMINGS ----------------
rational param(elapsed)         0.00 sec
rational param(cpu)             0.00 sec
-----------------------------------------

Changing variable order for possibly more generic staircase:
u, s2, t1, t2, s1, v

--------------- INPUT DATA ---------------
#variables                       6
#equations                       7
#invalid equations               0
field characteristic            17
homogeneous input?               0
signature-based computation      0
monomial order                 DRL
basis hash table resetting     OFF
linear algebra option            2
initial hash table size     131072 (2^17)
max pair selection             ALL
reduce gb                        1
#threads                         1
info level                       2
generate pbm files               0
------------------------------------------

Legend for f4 information
--------------------------------------------------------
deg       current degree of pairs selected in this round
sel       number of pairs selected in this round
pairs     total number of pairs in pair list
mat       matrix dimensions (# rows x # columns)
density   density of the matrix
new data  # new elements for basis in this round
          # zero reductions during linear algebra
time(rd)  time of the current f4 round in seconds given
          for real and cpu time
--------------------------------------------------------

deg     sel   pairs        mat          density            new data         time(rd) in sec (real|cpu)
------------------------------------------------------------------------------------------------------
  4       1       6       4 x 10         50.00%        1 new       0 zero         0.00 | 0.00         
  5       4       6      14 x 47         13.22%        4 new       0 zero         0.00 | 0.00         
  5       4      10      23 x 64         13.38%        4 new       0 zero         0.00 | 0.00         
  5       5      14      38 x 76         13.05%        3 new       2 zero         0.00 | 0.00         
  6      13      17      69 x 149         7.60%       10 new       3 zero         0.00 | 0.00         
  5      18      34      58 x 77         16.26%        6 new      13 zero         0.00 | 0.00         
  4      11      35      41 x 62         19.83%        3 new       8 zero         0.00 | 0.00         
  4       5      31      34 x 59         20.89%        1 new       4 zero         0.00 | 0.00         
  5      11      30      62 x 126        10.57%        3 new       8 zero         0.00 | 0.00         
  6      23      43     157 x 337         4.97%       16 new       7 zero         0.00 | 0.00         
  5      54      91     168 x 267         8.22%       24 new      30 zero         0.00 | 0.00         
  5      44     122     196 x 276        10.22%       20 new      25 zero         0.00 | 0.00         
  4      12     144      95 x 173        19.20%       12 new       0 zero         0.00 | 0.00         
  4      24     169     113 x 167        21.45%       18 new       6 zero         0.00 | 0.00         
  4      45     188     171 x 191        19.84%       41 new       5 zero         0.00 | 0.00         
  3      24     224      83 x 84         28.18%       19 new       5 zero         0.00 | 0.00         
  2      11     160      33 x 28         24.13%        3 new       8 zero         0.00 | 0.00         
  2       7     129      19 x 15         31.23%        0 new       7 zero         0.00 | 0.00         
  3      52     122     120 x 71         16.80%        0 new      52 zero         0.00 | 0.00         
  4      49      70     169 x 123        16.00%        0 new      49 zero         0.00 | 0.00         
  5      16      21     272 x 259         5.28%        0 new      16 zero         0.00 | 0.00         
  6       5       5     281 x 279         2.57%        0 new       5 zero         0.00 | 0.00         
------------------------------------------------------------------------------------------------------
reduce final basis        7 x 10         42.86%        7 new       0 zero         0.00 | 0.00         
------------------------------------------------------------------------------------------------------

---------------- TIMINGS ----------------
overall(elapsed)        0.00 sec
overall(cpu)            0.00 sec
select                  0.00 sec  10.9%
symbolic prep.          0.00 sec   6.7%
update                  0.00 sec  56.6%
convert                 0.00 sec   8.2%
linear algebra          0.00 sec  11.1%
reduce gb               0.00 sec   0.0%
-----------------------------------------

---------- COMPUTATIONAL DATA -----------
size of basis                     7
#terms in basis                  22
#pairs reduced                  438
#GM criterion                 18477
#redundant elements             188
#rows reduced                   889
#zero reductions                253
max. matrix data                281 x 279 (2.574%)
max. symbolic hash table size  2^11
max. basis hash table size     2^16
-----------------------------------------


fglm steps                                               time(rd) in sec (real|cpu)
------------------------------------------------------------------------------------------------------
multiplication matrix                                          0.00 | 0.00         
scalar sequence                                                0.00 | 0.00         
elimination polynomial                                         0.00 | 0.00         
parametrizations                                               0.00
------------------------------------------------------------------------------------------------------

---------------- TIMINGS ----------------
overall(elapsed)        0.00 sec
overall(cpu)            0.00 sec
-----------------------------------------

---------- COMPUTATIONAL DATA -----------
degree of ideal                   3
#dense rows                       2
#normal forms                     0
total density                    83.3%
density of the free part         83.3%
deg. elim. pol.                   2
deg. sqfr. elim. pol.             2
-----------------------------------------


---------------- TIMINGS ----------------
overall(elapsed)        0.00 sec
overall(cpu)            0.00 sec
-----------------------------------------

---------- COMPUTATIONAL DATA -----------
degree of ideal                   3
#dense rows                       2
#normal forms                     0
total density                    83.3%
density of the free part         83.3%
deg. elim. pol.                   1
deg. sqfr. elim. pol.             1
-----------------------------------------


---------------- TIMINGS ----------------
rational param(elapsed)         0.00 sec
rational param(cpu)             0.00 sec
-----------------------------------------

Changing variable order for possibly more generic staircase:
u, v, s2, t2, s1, t1

--------------- INPUT DATA ---------------
#variables                       6
#equations                       7
#invalid equations               0
field characteristic            17
homogeneous input?               0
signature-based computation      0
monomial order                 DRL
basis hash table resetting     OFF
linear algebra option            2
initial hash table size     131072 (2^17)
max pair selection             ALL
reduce gb                        1
#threads                         1
info level                       2
generate pbm files               0
------------------------------------------

Legend for f4 information
--------------------------------------------------------
deg       current degree of pairs selected in this round
sel       number of pairs selected in this round
pairs     total number of pairs in pair list
mat       matrix dimensions (# rows x # columns)
density   density of the matrix
new data  # new elements for basis in this round
          # zero reductions during linear algebra
time(rd)  time of the current f4 round in seconds given
          for real and cpu time
--------------------------------------------------------

deg     sel   pairs        mat          density            new data         time(rd) in sec (real|cpu)
------------------------------------------------------------------------------------------------------
  4       2       8       8 x 20         25.00%        2 new       0 zero         0.00 | 0.00         
  5       6       8      22 x 61          9.54%        6 new       0 zero         0.00 | 0.00         
  5       4      12      28 x 67         12.26%        4 new       0 zero         0.00 | 0.00         
  5       4      18      34 x 69         13.81%        2 new       2 zero         0.00 | 0.00         
  6      18      18      78 x 166         6.09%       12 new       6 zero         0.00 | 0.00         
  5      18      50      56 x 75         15.48%        6 new      12 zero         0.00 | 0.00         
  4      12      31      42 x 63         19.12%        4 new       8 zero         0.00 | 0.00         
  4       4      27      34 x 59         20.84%        0 new       4 zero         0.00 | 0.00         
  5       8      23      73 x 143         8.78%        6 new       2 zero         0.00 | 0.00         
  6      35      43     184 x 358         5.15%       22 new      13 zero         0.00 | 0.00         
  5      60     112     187 x 292         7.51%       30 new      30 zero         0.00 | 0.00         
  5      46     155     221 x 306        11.67%       22 new      26 zero         0.00 | 0.00         
  4      12     178      99 x 177        19.75%       12 new       0 zero         0.00 | 0.00         
  4      24     192     120 x 174        22.27%       18 new       6 zero         0.00 | 0.00         
  4      48     199     167 x 188        20.89%       44 new       4 zero         0.00 | 0.00         
  3      24     231      83 x 84         28.14%       19 new       5 zero         0.00 | 0.00         
  2      11     180      33 x 28         23.48%        3 new       8 zero         0.00 | 0.00         
  2       7     154      19 x 15         29.12%        0 new       7 zero         0.00 | 0.00         
  3      58     147     135 x 80         14.56%        0 new      58 zero         0.00 | 0.00         
  4      51      89     173 x 125        14.03%        0 new      51 zero         0.00 | 0.00         
  5      26      38     267 x 244         8.58%        0 new      26 zero         0.00 | 0.00         
  6      12      12     350 x 341         3.19%        0 new      12 zero         0.00 | 0.00         
------------------------------------------------------------------------------------------------------
reduce final basis        7 x 10         38.57%        7 new       0 zero         0.00 | 0.00         
------------------------------------------------------------------------------------------------------

---------------- TIMINGS ----------------
overall(elapsed)        0.00 sec
overall(cpu)            0.00 sec
select                  0.00 sec  10.7%
symbolic prep.          0.00 sec   5.9%
update                  0.00 sec  60.1%
convert                 0.00 sec   6.2%
linear algebra          0.00 sec  12.0%
reduce gb               0.00 sec   0.0%
-----------------------------------------

---------- COMPUTATIONAL DATA -----------
size of basis                     7
#terms in basis                  20
#pairs reduced                  490
#GM criterion                 23381
#redundant elements             212
#rows reduced                   991
#zero reductions                280
max. matrix data                350 x 341 (3.187%)
max. symbolic hash table size  2^11
max. basis hash table size     2^16
-----------------------------------------


fglm steps                                               time(rd) in sec (real|cpu)
------------------------------------------------------------------------------------------------------
multiplication matrix                                          0.00 | 0.00         
scalar sequence                                                0.00 | 0.00         
elimination polynomial                                         0.00 | 0.00         
parametrizations                                               0.00
------------------------------------------------------------------------------------------------------

---------------- TIMINGS ----------------
overall(elapsed)        0.00 sec
overall(cpu)            0.00 sec
-----------------------------------------

---------- COMPUTATIONAL DATA -----------
degree of ideal                   3
#dense rows                       2
#normal forms                     0
total density                    66.7%
density of the free part         66.7%
deg. elim. pol.                   2
deg. sqfr. elim. pol.             2
-----------------------------------------


---------------- TIMINGS ----------------
overall(elapsed)        0.00 sec
overall(cpu)            0.00 sec
-----------------------------------------

---------- COMPUTATIONAL DATA -----------
degree of ideal                   3
#dense rows                       2
#normal forms                     0
total density                    66.7%
density of the free part         66.7%
deg. elim. pol.                   2
deg. sqfr. elim. pol.             2
-----------------------------------------


---------------- TIMINGS ----------------
rational param(elapsed)         0.00 sec
rational param(cpu)             0.00 sec
-----------------------------------------

Changing variable order for possibly more generic staircase:
u, v, t1, s2, s1, t2

--------------- INPUT DATA ---------------
#variables                       6
#equations                       7
#invalid equations               0
field characteristic            17
homogeneous input?               0
signature-based computation      0
monomial order                 DRL
basis hash table resetting     OFF
linear algebra option            2
initial hash table size     131072 (2^17)
max pair selection             ALL
reduce gb                        1
#threads                         1
info level                       2
generate pbm files               0
------------------------------------------

Legend for f4 information
--------------------------------------------------------
deg       current degree of pairs selected in this round
sel       number of pairs selected in this round
pairs     total number of pairs in pair list
mat       matrix dimensions (# rows x # columns)
density   density of the matrix
new data  # new elements for basis in this round
          # zero reductions during linear algebra
time(rd)  time of the current f4 round in seconds given
          for real and cpu time
--------------------------------------------------------

deg     sel   pairs        mat          density            new data         time(rd) in sec (real|cpu)
------------------------------------------------------------------------------------------------------
  4       1       6       4 x 10         50.00%        1 new       0 zero         0.00 | 0.00         
  5       4       6      14 x 47         13.22%        4 new       0 zero         0.00 | 0.00         
  5       3      10      22 x 60         13.71%        3 new       0 zero         0.00 | 0.00         
  5       4      14      36 x 71         12.83%        2 new       2 zero         0.00 | 0.00         
  6      15      15      76 x 167         5.92%       12 new       3 zero         0.00 | 0.00         
  5      18      42      57 x 76         15.05%        6 new      12 zero         0.00 | 0.00         
  4      11      33      41 x 62         19.59%        3 new       8 zero         0.00 | 0.00         
  4       4      28      34 x 59         20.64%        0 new       4 zero         0.00 | 0.00         
  5       8      24      66 x 135         9.39%        5 new       3 zero         0.00 | 0.00         
  6      35      42     185 x 359         5.04%       22 new      13 zero         0.00 | 0.00         
  5      60     111     183 x 288         7.45%       30 new      30 zero         0.00 | 0.00         
  5      47     150     223 x 308        11.61%       23 new      26 zero         0.00 | 0.00         
  4      12     182      99 x 177        19.65%       12 new       0 zero         0.00 | 0.00         
  4      24     199     120 x 174        22.15%       18 new       6 zero         0.00 | 0.00         
  4      45     209     167 x 188        20.45%       41 new       4 zero         0.00 | 0.00         
  3      24     233      83 x 84         28.14%       19 new       5 zero         0.00 | 0.00         
  2      11     179      33 x 28         23.59%        3 new       8 zero         0.00 | 0.00         
  2       7     150      18 x 14         30.16%        0 new       7 zero         0.00 | 0.00         
  3      54     143     128 x 77         14.83%        0 new      54 zero         0.00 | 0.00         
  4      50      89     172 x 125        16.48%        0 new      50 zero         0.00 | 0.00         
  5      27      39     265 x 241         9.24%        0 new      27 zero         0.00 | 0.00         
  6      12      12     363 x 354         3.12%        0 new      12 zero         0.00 | 0.00         
------------------------------------------------------------------------------------------------------
reduce final basis        7 x 10         40.00%        7 new       0 zero         0.00 | 0.00         
------------------------------------------------------------------------------------------------------

---------------- TIMINGS ----------------
overall(elapsed)        0.00 sec
overall(cpu)            0.00 sec
select                  0.00 sec  11.4%
symbolic prep.          0.00 sec   6.3%
update                  0.00 sec  58.5%
convert                 0.00 sec   6.5%
linear algebra          0.00 sec  12.5%
reduce gb               0.00 sec   0.0%
-----------------------------------------

---------- COMPUTATIONAL DATA -----------
size of basis                     7
#terms in basis                  21
#pairs reduced                  476
#GM criterion                 21679
#redundant elements             204
#rows reduced                   963
#zero reductions                274
max. matrix data                363 x 354 (3.118%)
max. symbolic hash table size  2^11
max. basis hash table size     2^16
-----------------------------------------


fglm steps                                               time(rd) in sec (real|cpu)
------------------------------------------------------------------------------------------------------
multiplication matrix                                          0.00 | 0.00         
scalar sequence                                                0.00 | 0.00         
elimination polynomial                                         0.00 | 0.00         
parametrizations                                               0.00
------------------------------------------------------------------------------------------------------

---------------- TIMINGS ----------------
overall(elapsed)        0.00 sec
overall(cpu)            0.00 sec
-----------------------------------------

---------- COMPUTATIONAL DATA -----------
degree of ideal                   3
#dense rows                       2
#normal forms                     0
total density                    66.7%
density of the free part         66.7%
deg. elim. pol.                   2
deg. sqfr. elim. pol.             2
-----------------------------------------


---------------- TIMINGS ----------------
overall(elapsed)        0.00 sec
overall(cpu)            0.00 sec
-----------------------------------------

---------- COMPUTATIONAL DATA -----------
degree of ideal                   3
#dense rows                       2
#normal forms                     0
total density                    66.7%
density of the free part         66.7%
deg. elim. pol.                   2
deg. sqfr. elim. pol.             2
-----------------------------------------


---------------- TIMINGS ----------------
rational param(elapsed)         0.00 sec
rational param(cpu)             0.00 sec
-----------------------------------------

Changing variable order for possibly more generic staircase:
u, v, t1, t2, s2, s1

--------------- INPUT DATA ---------------
#variables                       6
#equations                       7
#invalid equations               0
field characteristic            17
homogeneous input?               0
signature-based computation      0
monomial order                 DRL
basis hash table resetting     OFF
linear algebra option            2
initial hash table size     131072 (2^17)
max pair selection             ALL
reduce gb                        1
#threads                         1
info level                       2
generate pbm files               0
------------------------------------------

Legend for f4 information
--------------------------------------------------------
deg       current degree of pairs selected in this round
sel       number of pairs selected in this round
pairs     total number of pairs in pair list
mat       matrix dimensions (# rows x # columns)
density   density of the matrix
new data  # new elements for basis in this round
          # zero reductions during linear algebra
time(rd)  time of the current f4 round in seconds given
          for real and cpu time
--------------------------------------------------------

deg     sel   pairs        mat          density            new data         time(rd) in sec (real|cpu)
------------------------------------------------------------------------------------------------------
  5       2       4       6 x 33         23.23%        2 new       0 zero         0.00 | 0.00         
  5       2       8      16 x 53         15.57%        2 new       0 zero         0.00 | 0.00         
  5       4      10      38 x 73         11.97%        2 new       2 zero         0.00 | 0.00         
  6      12      12      74 x 168         5.76%       12 new       0 zero         0.00 | 0.00         
  5      18      34      58 x 77         14.64%        6 new      12 zero         0.00 | 0.00         
  4      10      34      40 x 61         20.08%        2 new       8 zero         0.00 | 0.00         
  4       4      28      34 x 59         20.44%        0 new       4 zero         0.00 | 0.00         
  5       8      24      59 x 127        10.10%        4 new       4 zero         0.00 | 0.00         
  6      34      40     169 x 344         5.22%       22 new      12 zero         0.00 | 0.00         
  5      60     110     179 x 284         7.37%       30 new      30 zero         0.00 | 0.00         
  5      47     148     224 x 310        11.41%       23 new      25 zero         0.00 | 0.00         
  4      12     170      99 x 177        19.65%       12 new       0 zero         0.00 | 0.00         
  4      24     187     120 x 174        22.35%       18 new       6 zero         0.00 | 0.00         
  4      46     209     167 x 188        21.17%       42 new       4 zero         0.00 | 0.00         
  3      24     218      83 x 84         28.33%       19 new       5 zero         0.00 | 0.00         
  2      11     176      33 x 28         24.13%        3 new       8 zero         0.00 | 0.00         
  2       7     147      19 x 15         29.82%        0 new       7 zero         0.00 | 0.00         
  3      55     140     129 x 77         14.99%        0 new      55 zero         0.00 | 0.00         
  4      47      85     170 x 126        15.39%        0 new      47 zero         0.00 | 0.00         
  5      26      38     277 x 254         8.42%        0 new      26 zero         0.00 | 0.00         
  6      12      12     361 x 352         3.05%        0 new      12 zero         0.00 | 0.00         
------------------------------------------------------------------------------------------------------
reduce final basis        7 x 10         37.14%        7 new       0 zero         0.00 | 0.00         
------------------------------------------------------------------------------------------------------

---------------- TIMINGS ----------------
overall(elapsed)        0.00 sec
overall(cpu)            0.00 sec
select                  0.00 sec  11.2%
symbolic prep.          0.00 sec   6.3%
update                  0.00 sec  57.2%
convert                 0.00 sec   7.5%
linear algebra          0.00 sec  12.9%
reduce gb               0.00 sec   0.0%
-----------------------------------------

---------- COMPUTATIONAL DATA -----------
size of basis                     7
#terms in basis                  22
#pairs reduced                  465
#GM criterion                 20650
#redundant elements             199
#rows reduced                   939
#zero reductions                267
max. matrix data                361 x 352 (3.054%)
max. symbolic hash table size  2^11
max. basis hash table size     2^16
-----------------------------------------


fglm steps                                               time(rd) in sec (real|cpu)
------------------------------------------------------------------------------------------------------
multiplication matrix                                          0.00 | 0.00         
scalar sequence                                                0.00 | 0.00         
elimination polynomial                                         0.00 | 0.00         
parametrizations                                               0.00
------------------------------------------------------------------------------------------------------

---------------- TIMINGS ----------------
overall(elapsed)        0.00 sec
overall(cpu)            0.00 sec
-----------------------------------------

---------- COMPUTATIONAL DATA -----------
degree of ideal                   3
#dense rows                       2
#normal forms                     0
total density                    83.3%
density of the free part         83.3%
deg. elim. pol.                   2
deg. sqfr. elim. pol.             2
-----------------------------------------


---------------- TIMINGS ----------------
overall(elapsed)        0.00 sec
overall(cpu)            0.00 sec
-----------------------------------------

---------- COMPUTATIONAL DATA -----------
degree of ideal                   3
#dense rows                       2
#normal forms                     0
total density                    83.3%
density of the free part         83.3%
deg. elim. pol.                   2
deg. sqfr. elim. pol.             2
-----------------------------------------


---------------- TIMINGS ----------------
rational param(elapsed)         0.00 sec
rational param(cpu)             0.00 sec
-----------------------------------------

Adding a linear form with an extra variable (lowest w.r.t. monomial order)
[coefficients of linear form are k^0 for k looping over variable index 1...n]

--------------- INPUT DATA ---------------
#variables                       7
#equations                       8
#invalid equations               0
field characteristic            17
homogeneous input?               0
signature-based computation      0
monomial order                 DRL
basis hash table resetting     OFF
linear algebra option            2
initial hash table size     131072 (2^17)
max pair selection             ALL
reduce gb                        1
#threads                         1
info level                       2
generate pbm files               0
------------------------------------------

Legend for f4 information
--------------------------------------------------------
deg       current degree of pairs selected in this round
sel       number of pairs selected in this round
pairs     total number of pairs in pair list
mat       matrix dimensions (# rows x # columns)
density   density of the matrix
new data  # new elements for basis in this round
          # zero reductions during linear algebra
time(rd)  time of the current f4 round in seconds given
          for real and cpu time
--------------------------------------------------------

deg     sel   pairs        mat          density            new data         time(rd) in sec (real|cpu)
------------------------------------------------------------------------------------------------------
  4       2       3      46 x 144         4.71%        2 new       0 zero         0.00 | 0.00         
  5       2       5      28 x 117         7.45%        2 new       0 zero         0.00 | 0.00         
  5       2      12      27 x 143         9.66%        2 new       0 zero         0.00 | 0.00         
  5       4      19      55 x 177         7.64%        2 new       2 zero         0.00 | 0.00         
  6      21      22     334 x 697         2.80%       21 new       0 zero         0.00 | 0.00         
  5      19      54      82 x 253        10.08%        7 new      12 zero         0.00 | 0.00         
  4      11      54      59 x 180        13.73%        3 new       8 zero         0.00 | 0.00         
  4       9      46      66 x 201        14.65%        5 new       4 zero         0.00 | 0.00         
  5      32      54     215 x 398         9.95%       24 new       8 zero         0.00 | 0.00         
  6     140     140     606 x 706         9.75%       56 new      87 zero         0.00 | 0.00         
  5      68     264     266 x 371        18.83%       38 new      30 zero         0.00 | 0.00         
  5      48     254     245 x 332        21.69%       24 new      24 zero         0.00 | 0.00         
  4      12     265     111 x 198        29.99%       12 new       0 zero         0.00 | 0.00         
  4      24     281     132 x 195        30.32%       18 new       6 zero         0.00 | 0.00         
  4      48     271     167 x 188        30.06%       44 new       4 zero         0.00 | 0.00         
  3      24     271      82 x 83         34.35%       19 new       5 zero         0.00 | 0.00         
  2      11     224      33 x 28         25.87%        3 new       8 zero         0.00 | 0.00         
  2       7     195      19 x 15         32.98%        0 new       7 zero         0.00 | 0.00         
  3      54     188     126 x 75         16.65%        0 new      54 zero         0.00 | 0.00         
  4      50     134     171 x 124        18.80%        0 new      50 zero         0.00 | 0.00         
  5      36      84     241 x 208        16.37%        0 new      36 zero         0.00 | 0.00         
  6      48      48     362 x 317        12.47%        0 new      48 zero         0.00 | 0.00         
------------------------------------------------------------------------------------------------------
reduce final basis        8 x 11         45.45%        8 new       0 zero         0.00 | 0.00         
------------------------------------------------------------------------------------------------------

---------------- TIMINGS ----------------
overall(elapsed)        0.01 sec
overall(cpu)            0.01 sec
select                  0.00 sec  12.4%
symbolic prep.          0.00 sec   7.1%
update                  0.01 sec  51.3%
convert                 0.00 sec   5.3%
linear algebra          0.00 sec  20.9%
reduce gb               0.00 sec   0.0%
-----------------------------------------

---------- COMPUTATIONAL DATA -----------
size of basis                     8
#terms in basis                  28
#pairs reduced                  672
#GM criterion                 41233
#redundant elements             282
#rows reduced                  1358
#zero reductions                393
max. matrix data                606 x 706 (9.747%)
max. symbolic hash table size  2^11
max. basis hash table size     2^16
-----------------------------------------


fglm steps                                               time(rd) in sec (real|cpu)
------------------------------------------------------------------------------------------------------
multiplication matrix                                          0.00 | 0.00         
scalar sequence                                                0.00 | 0.00         
elimination polynomial                                         0.00 | 0.00         
parametrizations                                               0.00
------------------------------------------------------------------------------------------------------

---------------- TIMINGS ----------------
overall(elapsed)        0.00 sec
overall(cpu)            0.00 sec
-----------------------------------------

---------- COMPUTATIONAL DATA -----------
degree of ideal                   3
#dense rows                       2
#normal forms                     0
total density                    83.3%
density of the free part         83.3%
deg. elim. pol.                   2
deg. sqfr. elim. pol.             2
-----------------------------------------


---------------- TIMINGS ----------------
overall(elapsed)        0.00 sec
overall(cpu)            0.00 sec
-----------------------------------------

---------- COMPUTATIONAL DATA -----------
degree of ideal                   3
#dense rows                       2
#normal forms                     0
total density                    83.3%
density of the free part         83.3%
deg. elim. pol.                   1
deg. sqfr. elim. pol.             1
-----------------------------------------


---------------- TIMINGS ----------------
rational param(elapsed)         0.01 sec
rational param(cpu)             0.01 sec
-----------------------------------------

Adding a linear form with an extra variable (lowest w.r.t. monomial order)
[coefficients of linear form are k^1 for k looping over variable index 1...n]

--------------- INPUT DATA ---------------
#variables                       7
#equations                       8
#invalid equations               0
field characteristic            17
homogeneous input?               0
signature-based computation      0
monomial order                 DRL
basis hash table resetting     OFF
linear algebra option            2
initial hash table size     131072 (2^17)
max pair selection             ALL
reduce gb                        1
#threads                         1
info level                       2
generate pbm files               0
------------------------------------------

Legend for f4 information
--------------------------------------------------------
deg       current degree of pairs selected in this round
sel       number of pairs selected in this round
pairs     total number of pairs in pair list
mat       matrix dimensions (# rows x # columns)
density   density of the matrix
new data  # new elements for basis in this round
          # zero reductions during linear algebra
time(rd)  time of the current f4 round in seconds given
          for real and cpu time
--------------------------------------------------------

deg     sel   pairs        mat          density            new data         time(rd) in sec (real|cpu)
------------------------------------------------------------------------------------------------------
  4       2       3      46 x 144         4.71%        2 new       0 zero         0.00 | 0.00         
  5       2       5      28 x 117         7.63%        2 new       0 zero         0.00 | 0.00         
  5       2      12      31 x 147         8.93%        2 new       0 zero         0.00 | 0.00         
  5       4      19      59 x 181         7.40%        2 new       2 zero         0.00 | 0.00         
  6      21      22     334 x 697         2.89%       21 new       0 zero         0.00 | 0.00         
  5      19      54      82 x 253         9.96%        7 new      12 zero         0.00 | 0.00         
  4      11      54      59 x 180        13.68%        3 new       8 zero         0.00 | 0.00         
  4       9      46      66 x 201        14.59%        5 new       4 zero         0.00 | 0.00         
  5      31      55     217 x 400         9.74%       23 new       8 zero         0.00 | 0.00         
  6     138     138     624 x 727         9.04%       56 new      84 zero         0.00 | 0.00         
  5      68     264     267 x 372        18.79%       38 new      30 zero         0.00 | 0.00         
  5      48     251     245 x 332        21.80%       24 new      24 zero         0.00 | 0.00         
  4      12     264     110 x 197        30.48%       12 new       0 zero         0.00 | 0.00         
  4      24     279     132 x 195        30.51%       18 new       6 zero         0.00 | 0.00         
  4      48     272     167 x 188        30.13%       44 new       4 zero         0.00 | 0.00         
  3      24     276      83 x 84         34.77%       19 new       5 zero         0.00 | 0.00         
  2      11     224      33 x 28         26.84%        3 new       8 zero         0.00 | 0.00         
  2       7     195      19 x 15         33.33%        0 new       7 zero         0.00 | 0.00         
  3      53     188     122 x 72         18.37%        0 new      53 zero         0.00 | 0.00         
  4      50     135     170 x 123        19.07%        0 new      50 zero         0.00 | 0.00         
  5      37      85     256 x 222        15.15%        0 new      37 zero         0.00 | 0.00         
  6      48      48     363 x 318        12.41%        0 new      48 zero         0.00 | 0.00         
------------------------------------------------------------------------------------------------------
reduce final basis        8 x 11         46.59%        8 new       0 zero         0.00 | 0.00         
------------------------------------------------------------------------------------------------------

---------------- TIMINGS ----------------
overall(elapsed)        0.01 sec
overall(cpu)            0.01 sec
select                  0.00 sec  12.5%
symbolic prep.          0.00 sec   7.3%
update                  0.00 sec  51.4%
convert                 0.00 sec   5.3%
linear algebra          0.00 sec  20.4%
reduce gb               0.00 sec   0.0%
-----------------------------------------

---------- COMPUTATIONAL DATA -----------
size of basis                     8
#terms in basis                  29
#pairs reduced                  669
#GM criterion                 40947
#redundant elements             281
#rows reduced                  1350
#zero reductions                390
max. matrix data                624 x 727 (9.036%)
max. symbolic hash table size  2^11
max. basis hash table size     2^16
-----------------------------------------


fglm steps                                               time(rd) in sec (real|cpu)
------------------------------------------------------------------------------------------------------
multiplication matrix                                          0.00 | 0.00         
scalar sequence                                                0.00 | 0.00         
elimination polynomial                                         0.00 | 0.00         
parametrizations                                               0.00 | 0.00         
------------------------------------------------------------------------------------------------------

---------------- TIMINGS ----------------
overall(elapsed)        0.00 sec
overall(cpu)            0.00 sec
-----------------------------------------

---------- COMPUTATIONAL DATA -----------
degree of ideal                   3
#dense rows                       2
#normal forms                     0
total density                   100.0%
density of the free part        100.0%
deg. elim. pol.                   3
deg. sqfr. elim. pol.             3
-----------------------------------------


---------------- TIMINGS ----------------
rational param(elapsed)         0.01 sec
rational param(cpu)             0.01 sec
-----------------------------------------
[0, [17, 
7, 
3, 
['u', 'v', 't1', 't2', 's1', 's2', 'A'],
[1,2,3,4,5,6,1],
[1,
[[3,
[8, 9, 12, 1]],
[0,
[1]],
[
[[2,
[16, 2, 12]]],
[[2,
[1, 6, 1]]],
[[2,
[5, 12, 4]]],
[[2,
[0, 2, 6]]],
[[2,
[13, 16, 11]]],
[[2,
[12, 14, 8]]]
]]]]]:


------------------------------------------------------------------------------------
msolve overall time           0.05 sec (elapsed) /  0.05 sec (cpu)
------------------------------------------------------------------------------------
