{
  "algebraic_roots": 2,
  "backend": "native-f4",
  "budget_seconds": 650,
  "conflicts": null,
  "cost": {
    "degree_reached": 6,
    "extra": {
      "basis_len": 17,
      "build_ns": 63907240787,
      "divisor_tests": 2405451614,
      "eliminate_ns": 53709031296,
      "extraction_tests": 119560,
      "f4_calls": 138,
      "field_pairs_reduced": 376555,
      "matrix_cols_max": 29308,
      "matrix_rows_max": 39756,
      "matrix_rows_sum": 2761975,
      "new_elements": 563919,
      "oversize": 0,
      "pairs_chain_skipped": 487633494,
      "pairs_left": 0,
      "pairs_product_skipped": 150710950,
      "pairs_reduced": 875540,
      "reducer_rows": 1022867,
      "steps": 688,
      "symbolic_bytes_estimate_max": 495286352,
      "symbolic_cap_hit": 0
    },
    "op_unit": "word XORs (elimination only)",
    "ops": 182734162061,
    "peak_bytes": 145665984,
    "solving_degree": 5,
    "timed_out": false,
    "wall_ns": 151764318294
  },
  "exhaustive": true,
  "factor_base_contract": {
    "discrete_log_labels_used": false,
    "target_subgroup_enumerated": false
  },
  "fixed_x1_systems_completed": 138,
  "fixed_x1_systems_constructed": 138,
  "fixed_x1_values": 512,
  "interpretation": "Budget and size caps are inconclusive; SAT requires an exact curve-group lift; UNSAT requires every fixed-X1 F4 system and root lift to complete",
  "regenerated_source_exact": true,
  "same_instance_fields": [
    "n",
    "ell",
    "m",
    "curve",
    "algebraic_factor_base",
    "affine_target"
  ],
  "schema": "koblitz_pdp_isolated_backend.v1",
  "single_thread_requested": true,
  "solver": "f4-f2",
  "solver_description": "F4 over F_2[v]/(v²−v): normal strategy, Gebauer–Möller, field pairs, bit-packed elimination, reduced basis",
  "solver_equations_blake3": "99f8640afee15a5b95d4ec2ddd8717f591c470f452423e78ce69230af805aa2f",
  "solver_equations_total": 8142,
  "solver_max_degree": 4,
  "solver_representation": "fixed_x1_direct_symmetrised_s4_boolean",
  "solver_schedule": "enumerate x1 coefficients in ascending bitmask order; run full f4-f2 on x2,x3",
  "solver_terms_max_per_system": 61922,
  "solver_terms_total": 8277818,
  "solver_variables": 18,
  "source_artifacts": {
    "cryptominisat_xor_dimacs": {
      "blake3": "7949b7fb8f7304d0ffd055be4b24e6147a16be2b5e377de55cc6a9717fab5e39",
      "bytes": 219207,
      "path": "instance.xor.cnf",
      "valid": true
    },
    "magma_boolean_f4": {
      "blake3": "7f6662aa2d4be2cf7c5f0022f37494e60414441d50809723365dece0aaf26de8",
      "bytes": 404158,
      "path": "instance.magma",
      "valid": true
    },
    "wdsat_anf": {
      "blake3": "3ecc08e6dfe9c612b220bf9ae5f58d8f4605d6b3febf3db53bb6450f9d1174ab",
      "bytes": 255940,
      "path": "instance.anf",
      "valid": true
    }
  },
  "source_instance_id": "fb0ea6bb30be3dea841c609a2668939128b4b799d4c0e051b0b52dc6da05f0fa",
  "source_instance_verified": true,
  "source_model_valid": true,
  "source_representation": "symmetrised_s4",
  "source_variables": 78,
  "source_witness_valid": true,
  "status": "sat",
  "timing_ns": {
    "fixed_x1_s4_construction": 53707516491,
    "native_f4_whole": 205625702750,
    "source_verification": 39465042
  },
  "witness_points": [
    {
      "x": "137",
      "y": "164288105115948905"
    },
    {
      "x": "286",
      "y": "349643848945327627"
    },
    {
      "x": "159",
      "y": "15349584312879311"
    }
  ]
}
