c CMS SHA1: 7ae1b4a74259cdce223a584281fb8f090bbd3eed
c CryptoMiniSat version 5.14.7
c CMS compilation env CMAKE_CXX_COMPILER = /usr/bin/c++ | CMAKE_CXX_FLAGS =  -fno-stack-protector -msse4.2 -Wno-bitfield-constant-conversion -Wnull-dereference -Wdouble-promotion -Wshadow -Wformat=2 -Wextra-semi -pedantic | COMPILE_DEFINES =  -DNDEBUG -D_FORTIFY_SOURCE=0 | BUILD_SHARED_LIBS = OFF | ONLY_SIMPLE =  | STATS = OFF | SQLITE3_FOUND =  | ZLIB_FOUND = FALSE | VALGRIND_FOUND =  | ENABLE_TESTING = OFF | SLOW_DEBUG = OFF | ENABLE_ASSERTIONS = OFF | PYTHON_EXECUTABLE =  | PYTHON_LIBRARY =  | PYTHON_INCLUDE_DIRS =  | MY_TARGETS =  | LARGEMEM = OFF | LIMITMEM = OFF | BREAKID_LIBRARIES =  | BREAKID-VER = . | 
c Using VMTF, picosat, CaDiCaL, and CadiBack code by Armin Biere
c CMS is MIT licensed
c Using code from 'When Boolean Satisfiability Meets Gauss-E. in a Simplex Way'
c       by C.-S. Han and J.-H. Roland Jiang in CAV 2012. Fixes by M. Soos
c Using CCAnr from 'CCAnr: A Conf. Checking Based Local Search Solver [...]'
c       by Shaowei Cai, Chuan Luo, and Kaile Su, SAT 2015
c Using Oracle code from 'Integrating Tree Decompositions [...]'
c       by Tuukka Korhonen and Matti Jarvisalo, CP 2021
c Executed with command line: /Volumes/SSD990/cryptominisat-koblitz-20260909/build/cryptominisat5 --verb 1 --threads 1 /Volumes/SSD990/koblitz-stage13-panel-20260909/tasks/seed-2026091304/n31-l5-m3-standard-a1-f0/matrix/n31-l5-m3-standard-a1-f0/instance.xor.cnf
c Reading file '/Volumes/SSD990/koblitz-stage13-panel-20260909/tasks/seed-2026091304/n31-l5-m3-standard-a1-f0/matrix/n31-l5-m3-standard-a1-f0/instance.xor.cnf'
c o -- header says num vars:            502
c o -- header says num clauses:        1563
c -- added: 1505 clauses, 58 xor clauses, 502 vars
c Parsing time: 0.00 s
c [sls] 1565 cls, minimum 8 (new global minimum) T: 0.00
c [sls] 1565 cls, minimum 7 (new global minimum) T: 0.00
c --> Executing strategy token: sub-impl
c [impl-sub] bin: 0 T: 0.00 T-out: N w-visit: 1004
c Executing OCC strategy token(s): 'occ-backw-sub'
c [occ] Linked in IRRED BIN by default: 1049
c [occ] Linked in RED   BIN by default: 0
c Executing OCC strategy token: occ-backw-sub
c [occ-backw-sub-long-w-long] rem cl: 0 tried: 460/460 (100.0%) T: 0.00 T-out: N T-r: 100.00%
c --> Executing strategy token: scc-vrepl
c [scc] new: 2 BP 0M T: 0.00
c [vrep] vars 2 lits 200 rem-bin-cls 8 rem-long-cls 0 BP 0M T: 0.00
c --> Executing strategy token: breakid
c Executing OCC strategy token(s): 'occ-bve,occ-xor'
c [occ] Linked in IRRED BIN by default: 1045
c [occ] Linked in RED   BIN by default: 0
c Executing OCC strategy token: occ-bve
c [occ-empty-res] Empty resolvent elimed: 0 T: 0.00 T-out: N
c [occ-bve] tried:     0 v-elim:     0 free-vars: 500 T: 0.00 T-out: N T-r: 100.00%
c [occur] link-in T: 0.00 cleanup T: 0.00 overhead T: 0.00
c [occ-xor-bve] elimed: 0 T: 0.00 T-out: N
c Executing OCC strategy token: occ-xor
c [occ-xor] sort occur list T: 0.00
c [occ-xor] found      0 T: 0.00 T-out: N T-r: 100.00%
c [mem] consolidate mini T: 0.00
c [timeout] global_timeout_multiplier: 3.3000
c [branch] rebuilding order heap for all branchings. Current branching: vsids
c [lucky] no luck T: 0.00
c [gauss] clauses deleted that are represented by XORs: 0 xorclauses: 56 GJ matrices: 0 T: 0.00
c [matrix] performing matrix init
c [matrix] Good   matrix  0     56 x  500  density:0.1687  xorlen avg: 84.36
c [matrix] Using 1 matrices recovered from 56 xors T: 0.00 T-out: N
c [branch] adjusting to: vmtf (from: vsids) var_decay:0.95
c  res  pol bran  nres  conf freevar  IrrL  IrrB l/longC  l/allC RedL0 RedL1 RedL2  RedB l/longC  l/allC
c rst   stb    -  vmt     1  2025     500   460  1045    3.27    2.39  1285     0     0     3   42.03   41.94
c [branch] adjusting to: vsids (from: vmtf) var_decay:0.95
c rst   stb    O   vs     2  7048     500   460  1045    3.27    2.39  3020     0     0     3   25.39   25.37
c [distill-long-red0] cls tried: 6/1823 T: 0.00 T-out: Y T-r: -217.91%
c rst   stb    I   vs     3  9097     500   460  1045    3.27    2.39  3144     0     0     4   18.21   18.19
c rst   stb    B   vs     5 11145     500   460  1045    3.27    2.39  3362     0     0     5   16.98   16.96
c [distill-bin] useful/checked/potential: 0/1045/1045 lits-rem: 0 cl-rem: 0 0-depth-assigns: 0 T: 0.00 T-out: N
c rst   stb    B   vs     7   33K     500   460  1045    3.27    2.39  7743     0     0     5   16.19   16.18
c [distill-long-red0] cls tried: 4/590 T: 0.00 T-out: Y T-r: -69.00%
c [full-probe] bin_only: 1 set: 0 repl: 0 T: 0.00 T-out: N T-r: 99.94%
c [distill-bin] useful/checked/potential: 3/1049/1049 lits-rem: 0 cl-rem: 3 0-depth-assigns: 0 T: 0.00 T-out: N
c [distill] watch-based irred-- cl tried      916 cl-sh     0 cl-rem    4 lit-rem      0 T: 0.00 T-out: N
c [distill] watch-based   red-- cl tried     1192 cl-sh   509 cl-rem    0 lit-rem   3145 T: 0.00 T-out: N
c [sls] 1562 cls, minimum 7 T: 0.00
c rst   stb    W   vs     8   34K     500   456  1050    3.27    2.39  6230     0     0     1   18.73   18.72
c rst   stb    O   vs    12   39K     500   456  1050    3.27    2.39  8525     0     0     1   17.79   17.79
c [impl-str] lit bin: 0 set-var: 0 T: 0.00 T-out: N T-r: 99.99% w-visit: 1004
c [impl-sub] bin: 1 T: 0.00 T-out: N w-visit: 1004
c rst   stb    B   vs    15   53K     500   456  1049    3.27    2.39  9926     0     0     1   14.68   14.68
c [distill-long-red0] cls tried: 3/917 T: 0.00 T-out: Y T-r: -146.07%
c [full-probe] bin_only: 0 set: 0 repl: 0 T: 0.00 T-out: N T-r: 99.63%
c [distill-bin] useful/checked/potential: 1/1049/1049 lits-rem: 0 cl-rem: 1 0-depth-assigns: 0 T: 0.00 T-out: N
c [sls] 1560 cls, minimum 9 T: 0.00
c rst   stb    W   vs    16   54K     500   456  1048    3.27    2.39  7273     0     0     1   17.69   17.69
c recursive minimization cost OK: 122K cost/(% lits removed)
c [g 0] 56x500 dens: 0.1250 find: 712K (prop 46.5% confl 4.4%) elim: 469K (prop 12.7% confl 0.7%)
c --> Executing strategy token: scc-vrepl
c [scc] new: 5 BP 0M T: 0.00
c [vrep] vars 4 lits 1888 rem-bin-cls 17 rem-long-cls 0 BP 0M T: 0.00
c --> Executing strategy token: sub-impl
c [impl-sub] bin: 0 T: 0.00 T-out: N w-visit: 1004
c --> Executing strategy token: breakid
c Executing OCC strategy token(s): 'occ-backw-sub-str,occ-clean-implicit,occ-bve,occ-bva,occ-ternary-res,occ-xor'
c [occ] Linked in IRRED BIN by default: 1041
c [occ] Linked in RED   BIN by default: 1
c Executing OCC strategy token: occ-backw-sub-str
c [occ-backw-sub-str-long-w-bins] subs: 0 str: 1659 tried: 1042 0-depth-assigns: 0 T: 0.00 T-out: N T-r: 99.14%
c [occ-backw-sub-long-w-long] rem cl: 402 tried: 8938/8938 (100.0%) T: 0.00 T-out: N T-r: 99.12%
c [occ-backw-sub-str-long-w-long] sub: 14 str: 99 tried: 26814/8938 (300.0%) T: 0.01 T-out: N T-r: 97.68%
c Executing OCC strategy token: occ-clean-implicit
c Executing OCC strategy token: occ-bve
c [occ-empty-res] Empty resolvent elimed: 0 T: 0.00 T-out: N
c [occ-bve] tried:     0 v-elim:     0 free-vars: 496 T: 0.00 T-out: N T-r: 100.00%
c [occur] link-in T: 0.00 cleanup T: 0.00 overhead T: 0.00
c [occ-xor-bve] elimed: 0 T: 0.00 T-out: N
c Executing OCC strategy token: occ-bva
c Executing OCC strategy token: occ-ternary-res
c [occ-ternary-res] Ternary res-tri: 0 res-bin: 0 sub: 0 str: 0 T: 0.00 T-out: N T-r: 99.81%
c Executing OCC strategy token: occ-xor
c [occ-xor] sort occur list T: 0.00
c [occ-xor] found      0 T: 0.00 T-out: N T-r: 100.00%
c --> Executing strategy token: card-find
c --> Executing strategy token: cl-consolidate
c [mem] consolidate old-sz: 1115K new-sz:  824K new bits offs: 17 T: 0.00
c --> Executing strategy token: scc-vrepl
c [scc] new: 0 BP 0M T: 0.00
c [vrep] vars 0 lits 0 rem-bin-cls 0 rem-long-cls 0 BP 0M T: 0.00
c --> Executing strategy token: renumber
c --> Executing strategy token: louvain-comms
c [mem] consolidate mini T: 0.00
c [timeout] global_timeout_multiplier: 3.6300
c [branch] rebuilding order heap for all branchings. Current branching: vsids
c [gauss] clauses deleted that are represented by XORs: 0 xorclauses: 56 GJ matrices: 0 T: 0.00
c [matrix] performing matrix init
c [matrix] Good   matrix  0     56 x  496  density:0.1678  xorlen avg: 83.25
c [matrix] Using 1 matrices recovered from 56 xors T: 0.00 T-out: N
c [distill] watch-based irred-- cl tried      912 cl-sh     0 cl-rem    0 lit-rem      0 T: 0.00 T-out: N
c [distill] watch-based   red-- cl tried     3666 cl-sh   468 cl-rem    0 lit-rem   1577 T: 0.01 T-out: N
c rst   foc    I   vs    23   82K     496   456  1041    3.27    2.39 15406     0     0     3   15.62   15.62
c [branch] adjusting to: vmtf (from: vsids) var_decay:0.95
c [distill-long-red0] cls tried: 2/1697 T: 0.01 T-out: Y T-r: -287.20%
c [full-probe] bin_only: 1 set: 0 repl: 0 T: 0.00 T-out: N T-r: 99.93%
c [distill-bin] useful/checked/potential: 0/1041/1041 lits-rem: 0 cl-rem: 0 0-depth-assigns: 0 T: 0.00 T-out: N
c rst   foc    F  vmt    24   82K     496   456  1041    3.27    2.39  7258     0     0     3   20.05   20.05
c rst   foc    F  vmt    48   91K     496   456  1041    3.27    2.39 10302     0     0     6   16.57   16.56
c [distill] watch-based irred-- cl tried      912 cl-sh     1 cl-rem    0 lit-rem      1 T: 0.00 T-out: N
c [distill] watch-based   red-- cl tried     9247 cl-sh   522 cl-rem 6583 lit-rem   3303 T: 0.02 T-out: N
c rst   foc    #  vmt    51   96K     496   455  1042    3.27    2.39  8628     0     0     7   16.79   16.77
c [distill-long-red0] cls tried: 6/521 T: 0.00 T-out: Y T-r: -20.07%
c [full-probe] bin_only: 0 set: 0 repl: 0 T: 0.00 T-out: N T-r: 99.68%
c [distill-bin] useful/checked/potential: 1/991/991 lits-rem: 0 cl-rem: 1 0-depth-assigns: 0 T: 0.00 T-out: N
c [impl-str] lit bin: 0 set-var: 0 T: 0.00 T-out: N T-r: 99.99% w-visit: 1004
c [impl-sub] bin: 1 T: 0.00 T-out: N w-visit: 1004
c ------- FINAL TOTAL SEARCH STATS ---------
c UIP search time          : 1.54        (96.66     % time)
c All times are for this thread only except if explicitly specified
c restarts                 : 105         (994.24    confls per restart)
c time                     : 1.54        
c decisions                : 105883      (0.00      % random)
c propagations             : 3201K       (2077K     props/s)
c decisions/conflicts      : 1.01        
c conflicts                : 104395      
c LEARNT stats
c units learnt             : 1           (0.00      % of conflicts)
c bins learnt              : 26          (0.02      % of conflicts)
c long learnt              : 104807      (100.39    % of conflicts)
c SEAMLESS HYPERBIN&TRANS-RED stats
c advProp called           : 0           
c hyper-bin add bin        : 0           (0.00      bin/call)
c trans-red rem irred bin  : 0           (0.00      bin/call)
c trans-red rem red bin    : 0           (0.00      bin/call)
c CONFL LITS stats
c orig                     : 12710391    (121.75    lit/confl)
c recurs-min effective     : 104267      (99.88     % attempt successful)
c recurs-min lits          : 10440421    (82.14     % less overall)
c shrink effective         : 36855       (35.30     % attempt successful)
c shrink lits              : 466975      (3.67      % less overall)
c otfs str/driving         : 52          (48        strengthened/driving)
c permDiff call%           : 0.00        (0.00      % attempt successful)
c permDiff lits-rem        : 0           (0.00      less lits/cl on attempts)
c further-min call%        : 0.53        (40.93     % attempt successful)
c bintri-min lits          : 351         (0.00      % less overall)
c final avg                : 17.27       
c all-threads sum CPU time : 1.54         s
c PROP stats
c Mbogo-props              : 6.31        (4.10      / sec)
c MHyper-props             : 0.00        (0.00      / sec)
c Mprops                   : 3.20        (2.08      / sec)
c -------- OccSimplifier STATS ----------
c time                     : 0.01        (0.00      % var-elim)
c called                   : 3           (0.00      s per call)
c 0-depth assigns          : 0           (0.00      % vars)
c -------- OccSimplifier STATS END ----------
c -------- SubsumeStrengthen STATS ----------
c cl-subs                  : 416          Clauses
c cl-str rem lit           : 1758         Lits
c cl-sub T                 : 0.00         s
c cl-str T                 : 0.01         s
c -------- SubsumeStrengthen STATS END ----------
c ----- SCC STATS --------
c time                     : 0.00        (0.00      per call)
c called                   : 3           (2.33      new found per call)
c found                    : 7           (58.33     % of all found)
c bogoprops                : 12540       % of all found
c ----- SCC STATS END --------
c --------- VAR REPLACE STATS ----------
c time                     : 0.00        (0.00      per call)
c trees' crown             : 6           (1.20      % of vars)
c 0-depth assigns          : 0           (0.00      % vars)
c lits replaced            : 2088        
c bin cls removed          : 25          
c long cls removed         : 0           
c long lits removed        : 141         
c bogoprops                : 76663       
c --------- VAR REPLACE STATS END ----------
c vrep replace time        : 0.00        (0.07      % time)
c vrep tree roots          : 2           
c vrep trees' crown        : 6           (3.00      leafs/tree)
c -------- DISTILL-BIN STATS --------
c time                     : 0.01        (0.00      per call)
c timed out                : 0           (0.00      % of calls)
c distill/checked/potential: 0          /5175/5175
c lits-rem                 : 0           
c 0-depth-assigns          : 0           (0.00      % of vars)
c -------- DISTILL STATS END --------
c -------- STRENGTHEN STATS --------
c --> watch-based on irred cls
c time                     : 0.00        (0.00      s/call)
c shrinked/tried/total     : 1          /2740/2740
c subsumed/tried/total     : 4          /2740/2740
c lits-rem                 : 1           (0.01      % of lits tried)
c called                   : 6           (0.00      % ran out of time)
c --> watch-based on red cls
c time                     : 0.03        (0.00      s/call)
c shrinked/tried/total     : 1499       /14105/40137
c subsumed/tried/total     : 6583       /14105/40137
c lits-rem                 : 8025        (3.05      % of lits tried)
c called                   : 6           (0.00      % ran out of time)
c -------- STRENGTHEN STATS END --------
c -------- IMPLICIT SUB  STATS --------
c time                     : 0.00        (0.00      per call)
c timed out                : 0           (0.00      % of calls)
c rem bins                 : 2           
c -------- IMPLICIT SUB STATS END --------
c Mem used                 : 0           MB
c Mem for longclauses      : 2           MB (0.00      %)
c [mem] watch alloc        : 1           MB (0.00      %)
c [mem] watch array        : 0           MB (0.00      %)
c Mem for assings&vardata  : 0           MB (0.00      %)
c Mem for search&solve     : 0           MB (0.00      %)
c Mem for renumberer       : 0           MB (0.00      %)
c Mem for occsimplifier    : 0           MB (0.00      %)
c Mem for varReplacer&SCC  : 0           MB (0.00      %)
c Mem for impl subsume     : 0           MB (0.00      %)
c Mem for 3 distills       : 0           MB (0.00      %)
c Accounted for mem (rss)  : 0.00        %
c Accounted for mem (vm)   : 0.00        %
c restarts                 : 105         (994.24    confls per restart)
c time                     : 1.54        
c decisions                : 105883      (0.00      % random)
c propagations             : 3201K       (2077K     props/s)
c decisions/conflicts      : 1.01        
c conflicts                : 104395      
c conf lits non-minim      : 12710391    (121.75    lit/confl)
c conf lits final          : 17.27       
c props/decision           : 0.00        
c props/conflict           : 0.00        
c 0-depth assigns          : 27          (5.38      % vars)
c 0-depth assigns by CNF   : 0           (0.00      % vars)
c reduceDB time            : 0.01        (0.58      % time)
c OccSimplifier time       : 0.01        (0.65      % time)
c [occur] link-in T: 0.00 cleanup T: 0.00 overhead T: 0.00
c [occ-substr] long subBySub: 402 subByStr: 14 lits-rem-str: 1758 T: 0.01
c SCC time                 : 0.00        (0.00      % time)
c [scc] new: 7 BP 0M T: 0.00
c vrep replace time        : 0.00        (0.07      % time)
c vrep tree roots          : 2           
c vrep trees' crown        : 6           (3.00      leafs/tree)
c distill long time        : 0.02        (0.99      % time)
c distill bin time         : 0.01        (0.42      % time)
c strength cache-irred time: 0.00        (0.03      % time)
c strength cache-red time  : 0.03        (1.61      % time)
c avg cls in red 0         : 7619.58     
c avg cls in red 1         : 0.00        
c avg cls in red 2         : 0.00        
c Conflicts in UIP         : 104395      (65468.12  confl/time_this_thread)
c Mem used                 : 0.00        MB
c Total time (this thread) : 1.59        
s SATISFIABLE
v 1 2 3 -4 -5 -6 7 8 9 -10 -11 -12 -13 14 15 16 -17 -18 -19 20 -21 22 -23 -24 25 
v 26 27 28 -29 -30 -31 -32 -33 34 35 36 37 38 39 -40 -41 -42 -43 -44 -45 -46 
v -47 -48 49 -50 -51 -52 53 54 55 -56 -57 -58 59 60 61 -62 -63 -64 65 66 -67 
v -68 -69 -70 -71 -72 -73 -74 -75 76 77 -78 -79 -80 -81 -82 -83 84 -85 -86 -87 
v 88 89 90 -91 -92 -93 94 95 96 -97 -98 -99 100 101 -102 -103 -104 -105 -106 
v -107 -108 -109 -110 111 112 -113 -114 -115 -116 -117 -118 119 -120 -121 -122 
v 123 124 125 -126 -127 -128 129 130 131 -132 -133 -134 135 136 -137 -138 -139 
v -140 -141 -142 -143 -144 -145 146 147 -148 -149 -150 -151 -152 -153 -154 -155 
v -156 -157 -158 -159 -160 -161 -162 -163 -164 -165 -166 -167 -168 -169 -170 
v -171 -172 -173 -174 -175 -176 -177 -178 -179 -180 -181 -182 -183 -184 -185 
v -186 -187 -188 -189 -190 -191 -192 -193 -194 -195 -196 -197 -198 -199 -200 
v -201 -202 -203 -204 -205 -206 -207 -208 -209 -210 -211 -212 -213 -214 -215 
v -216 -217 -218 -219 -220 -221 -222 -223 -224 -225 226 227 -228 -229 -230 231 
v 232 -233 -234 -235 236 237 -238 -239 -240 -241 -242 -243 -244 -245 -246 247 
v 248 249 250 251 252 -253 -254 -255 -256 -257 -258 -259 -260 -261 -262 -263 
v -264 -265 -266 -267 -268 -269 -270 -271 -272 -273 -274 -275 -276 -277 -278 
v -279 -280 -281 -282 -283 -284 -285 -286 -287 -288 -289 -290 -291 -292 -293 
v -294 -295 -296 -297 -298 299 300 301 302 303 304 -305 -306 -307 -308 -309 
v -310 -311 -312 -313 -314 -315 -316 -317 -318 -319 -320 -321 -322 -323 -324 
v 325 326 327 328 329 330 -331 -332 -333 -334 -335 -336 -337 -338 -339 -340 
v -341 -342 -343 -344 -345 -346 -347 -348 -349 -350 -351 -352 -353 -354 -355 
v -356 -357 -358 -359 -360 -361 -362 -363 364 365 366 367 368 369 -370 -371 
v -372 -373 -374 -375 -376 377 378 379 380 381 382 -383 -384 -385 -386 -387 
v -388 -389 390 391 392 393 394 395 -396 -397 -398 -399 -400 -401 -402 403 404 
v 405 406 407 408 -409 -410 -411 -412 -413 -414 -415 -416 -417 -418 -419 -420 
v -421 -422 -423 -424 -425 -426 -427 -428 -429 -430 -431 -432 -433 -434 -435 
v -436 -437 -438 -439 -440 -441 -442 -443 -444 -445 -446 -447 -448 -449 -450 
v -451 -452 -453 -454 -455 -456 -457 -458 -459 -460 -461 -462 -463 -464 -465 
v -466 467 468 469 470 471 -472 -473 -474 475 476 477 478 -479 -480 -481 482 
v 483 484 -485 -486 -487 488 489 -490 -491 -492 493 -494 -495 -496 -497 -498 
v -499 -500 -501 -502 0
c [g 0] 56x496 dens: 0.1299 find: 598K (prop 51.4% confl 4.4%) elim: 255K (prop 13.7% confl 0.7%)
