test_algorithm_and_controller_source_change_candidate (test_f5_runtime_v1.F5RuntimeV1Tests.test_algorithm_and_controller_source_change_candidate) ... ok
test_changed_native_worker_source_or_target_leak_fails_admission (test_f5_runtime_v1.F5RuntimeV1Tests.test_changed_native_worker_source_or_target_leak_fails_admission) ... ok
test_known_scalar_freshness_wrong_subgroup_and_boolean_resources_fail_closed (test_f5_runtime_v1.F5RuntimeV1Tests.test_known_scalar_freshness_wrong_subgroup_and_boolean_resources_fail_closed) ... ok
test_new_registration_seals_controller_packages_and_assets_without_worker (test_f5_runtime_v1.F5RuntimeV1Tests.test_new_registration_seals_controller_packages_and_assets_without_worker) ... ok
test_retained_natural_queries_keep_failed_feasible_cases_and_reject_bad_witness (test_f5_runtime_v1.F5RuntimeV1Tests.test_retained_natural_queries_keep_failed_feasible_cases_and_reject_bad_witness) ... ok
test_target_and_seed_change_workload_without_changing_candidate (test_f5_runtime_v1.F5RuntimeV1Tests.test_target_and_seed_change_workload_without_changing_candidate) ... ERROR
test_child_receipts_survive_transport_and_reject_command_changes (test_static_sat_native_v3.StaticSatNativeV3Tests.test_child_receipts_survive_transport_and_reject_command_changes) ... ok
test_native_timeout_is_retained_with_complete_wrapper_gates (test_static_sat_native_v3.StaticSatNativeV3Tests.test_native_timeout_is_retained_with_complete_wrapper_gates) ... ok
test_outer_watchdog_kills_inherited_native_group (test_static_sat_native_v3.StaticSatNativeV3Tests.test_outer_watchdog_kills_inherited_native_group) ... ok
test_registered_json_stdin_survives_transport_and_rejects_byte_changes (test_static_sat_native_v3.StaticSatNativeV3Tests.test_registered_json_stdin_survives_transport_and_rejects_byte_changes) ... ok
test_stdin_requires_explicit_bounded_registered_job (test_static_sat_native_v3.StaticSatNativeV3Tests.test_stdin_requires_explicit_bounded_registered_job) ... ok

======================================================================
ERROR: test_target_and_seed_change_workload_without_changing_candidate (test_f5_runtime_v1.F5RuntimeV1Tests.test_target_and_seed_change_workload_without_changing_candidate)
----------------------------------------------------------------------
Traceback (most recent call last):
  File "/Volumes/SSD990/crypto/worktrees/ic-f5-source-bound-pipeline-v1-20260930/research/ic_candidate_tournament_20260915/test_f5_runtime_v1.py", line 57, in test_target_and_seed_change_workload_without_changing_candidate
    self.assertEqual(first['candidate']['record']['factor_base']['inventory']['actual_usable_points'], 62)
                     ~~~~~~~~~~~~~~~~~~~~~~~~~~~~~~~~~~~~~~~~~~~~~~~~~~~~~~~~^^^^^^^^^^^^^^^^^^^^^^^^
KeyError: 'actual_usable_points'

----------------------------------------------------------------------
Ran 11 tests in 38.964s

FAILED (errors=1)
