   Compiling proc-macro2 v1.0.107
   Compiling quote v1.0.47
   Compiling unicode-ident v1.0.26
   Compiling cfg-if v1.0.5
   Compiling libc v0.2.189
   Compiling crossbeam-utils v0.8.23
   Compiling zerocopy v0.8.57
   Compiling crossbeam-epoch v0.9.21
   Compiling autocfg v1.5.1
   Compiling syn v3.0.6
   Compiling num-traits v0.2.19
   Compiling getrandom v0.2.17
   Compiling find-msvc-tools v0.1.13
   Compiling serde_core v1.0.229
   Compiling utf8parse v0.2.2
   Compiling shlex v2.0.1
   Compiling crossbeam-deque v0.8.8
   Compiling cc v1.4.7
   Compiling anstyle-parse v1.0.0
   Compiling rand_core v0.6.4
   Compiling is_terminal_polyfill v1.70.2
   Compiling anstyle v1.0.14
   Compiling crc32fast v1.5.2
   Compiling zmij v1.0.23
   Compiling anstyle-query v1.1.5
   Compiling rayon-core v1.13.0
   Compiling colorchoice v1.0.5
   Compiling anstream v1.0.0
   Compiling blake3 v1.8.7
   Compiling ppv-lite86 v0.2.21
   Compiling syn v2.0.119
   Compiling rand_chacha v0.3.1
   Compiling serde_json v1.0.151
   Compiling simd-adler32 v0.3.10
   Compiling heck v0.5.0
   Compiling clap_lex v1.1.1
   Compiling strsim v0.11.1
   Compiling adler2 v2.0.1
   Compiling serde v1.0.229
   Compiling clap_builder v4.6.7
   Compiling miniz_oxide v0.9.1
   Compiling clap_derive v4.6.7
   Compiling rand v0.8.8
   Compiling serde_derive v1.0.229
   Compiling zeroize_derive v1.5.0
   Compiling num-integer v0.1.47
   Compiling itoa v1.0.18
   Compiling memchr v2.8.3
   Compiling arrayvec v0.7.8
   Compiling cpufeatures v0.3.1
   Compiling constant_time_eq v0.4.2
   Compiling either v1.18.0
   Compiling rayon v1.12.0
   Compiling flate2 v1.1.10
   Compiling zeroize v1.9.0
   Compiling num-bigint v0.4.8
   Compiling clap v4.6.7
   Compiling base64 v0.21.7
   Compiling hex v0.4.3
   Compiling subtle v2.6.1
   Compiling crypto v0.1.0 (/tmp/ic-generic-765c3c5f)
    Finished `release` profile [optimized] target(s) in 1m 25s
