{
  "candidates": {
    "orbits2": {
      "comparisons": {
        "confirmation": {
          "candidate": "orbits2",
          "candidate_over_baseline": 1.1520322404625483,
          "ci95": [
            1.0569038248993683,
            1.2816089650364448
          ],
          "eligible": true,
          "independent_curve_blocks": 5,
          "native_wall_candidate_over_baseline": 1.100814635462103,
          "native_wall_ci95": [
            1.0710875049873299,
            1.1469251895028603
          ],
          "native_wall_per_cell": {
            "n13a0": 1.1118512395516138,
            "n17a1": 1.0746183323630343,
            "n19a0": 1.0733298831529026,
            "n19a1": 1.0719815504838701,
            "n23a0": 1.1758434737795922
          },
          "native_wall_status": "paired cold-process timing; nested curve/target bootstrap",
          "paired_cases": 60,
          "per_cell": {
            "n13a0": 1.2483434198175465,
            "n17a1": 1.0579157663121326,
            "n19a0": 1.0596399169152346,
            "n19a1": 1.0604796472236453,
            "n23a0": 1.3673426256392192
          },
          "speedup": 0.8680312623876686
        },
        "replay": {
          "candidate": "orbits2",
          "candidate_over_baseline": 1.152028239517908,
          "ci95": [
            1.056898243454399,
            1.2816001972444366
          ],
          "eligible": true,
          "independent_curve_blocks": 5,
          "native_wall_candidate_over_baseline": 1.0933528729428061,
          "native_wall_ci95": [
            1.0649139897111202,
            1.1419276756327945
          ],
          "native_wall_per_cell": {
            "n13a0": 1.0973870471088283,
            "n17a1": 1.066541750655926,
            "n19a0": 1.063870112260085,
            "n19a1": 1.0680791420183848,
            "n23a0": 1.1748218612345993
          },
          "native_wall_status": "paired cold-process timing; nested curve/target bootstrap",
          "paired_cases": 60,
          "per_cell": {
            "n13a0": 1.2483491862287344,
            "n17a1": 1.0579041139377676,
            "n19a0": 1.0596340974456002,
            "n19a1": 1.0604769935580869,
            "n23a0": 1.367338557532883
          },
          "speedup": 0.8680342770229942
        }
      },
      "strict_beats_rho": false
    }
  },
  "definition": "Both metric upper paired 95% limits and every cell ratio <1, confirmation AND replay.",
  "promotion_winner": "orbits2",
  "round": "round-0007-single-policy",
  "scope": "Same-host bounded engineering measurement on five small Koblitz cells; no complexity claim.",
  "target_count": 1
}
