specialized_xor True timeout 2.1954
specialized_cnf True timeout 2.113
subgroup_xor True timeout 2.0522
line_xor True timeout 2.0942
line_subgroup True timeout 2.0681
line_subgroup_cnf True timeout 2.1215
specialized_xor True timeout 2.0424
specialized_cnf True timeout 2.1126
subgroup_xor True timeout 2.0688
line_xor True timeout 2.0256
line_subgroup True timeout 2.0643
line_subgroup_cnf True timeout 2.1468
specialized_xor True timeout 2.032
specialized_cnf True timeout 2.1093
subgroup_xor True timeout 2.0255
line_xor True timeout 2.015
line_subgroup True timeout 2.0317
line_subgroup_cnf True timeout 2.1187
specialized_xor True timeout 2.0512
specialized_cnf True timeout 2.126
subgroup_xor True timeout 2.0519
line_xor True timeout 2.0207
line_subgroup True timeout 2.0634
line_subgroup_cnf True timeout 2.1339
specialized_xor False timeout 2.042
specialized_cnf False timeout 2.1144
subgroup_xor False timeout 2.0274
line_xor False timeout 2.0387
line_subgroup False timeout 2.0595
line_subgroup_cnf False timeout 2.091
specialized_xor False timeout 2.1002
specialized_cnf False timeout 2.1286
subgroup_xor False timeout 2.0299
line_xor False timeout 2.0177
line_subgroup False timeout 2.0336
line_subgroup_cnf False timeout 2.1508
specialized_xor False timeout 2.0325
specialized_cnf False timeout 2.1154
subgroup_xor False timeout 2.0483
line_xor False timeout 2.0529
line_subgroup False timeout 2.0867
line_subgroup_cnf False timeout 2.1043
specialized_xor False timeout 2.0639
specialized_cnf False timeout 2.1205
subgroup_xor False timeout 2.0552
line_xor False timeout 2.0746
line_subgroup False timeout 2.0575
line_subgroup_cnf False timeout 2.1345
