specialized_xor True verified 15.1528
specialized_cnf True verified 10.1237
subgroup_xor True verified 2.1671
line_xor True verified 30.6656
line_subgroup True verified 16.601
line_subgroup_cnf True verified 5.0671
specialized_xor True verified 8.1204
specialized_cnf True verified 19.2613
subgroup_xor True verified 2.6379
line_xor True verified 10.1032
line_subgroup True verified 13.3001
line_subgroup_cnf True verified 1.9076
specialized_xor True verified 10.2476
specialized_cnf True verified 39.1645
subgroup_xor True verified 8.6893
line_xor True verified 3.6158
line_subgroup True verified 16.6281
line_subgroup_cnf True verified 9.2044
specialized_xor True verified 3.7964
specialized_cnf True verified 4.95
subgroup_xor True verified 2.5071
line_xor True verified 11.2689
line_subgroup True verified 13.7341
line_subgroup_cnf True verified 10.1312
specialized_xor False unsat 116.8448
specialized_cnf False unsat 127.0688
subgroup_xor False unsat 19.8911
line_xor False unsat 132.956
line_subgroup False unsat 38.1636
line_subgroup_cnf False unsat 61.6416
specialized_xor False unsat 131.3004
specialized_cnf False unsat 317.1034
subgroup_xor False unsat 14.0132
line_xor False unsat 124.3227
line_subgroup False unsat 25.5939
line_subgroup_cnf False unsat 30.1586
specialized_xor False unsat 79.2165
specialized_cnf False unsat 196.5712
subgroup_xor False unsat 31.9741
line_xor False unsat 128.7179
line_subgroup False unsat 24.0348
line_subgroup_cnf False unsat 79.2824
specialized_xor False unsat 137.5502
specialized_cnf False unsat 368.1103
subgroup_xor False unsat 25.4126
line_xor False unsat 126.9253
line_subgroup False unsat 30.3839
line_subgroup_cnf False unsat 42.2529
