   1/960 rho-strong     icv1-f2m43-tm998717-e2e742b0 W7c6b4bd635a0  verified S=0.252 L0
   2/960 claw-c1        icv1-f2m43-tm998717-e2e742b0 W7c6b4bd635a0  verified S=0.229 L0
   3/960 claw-pr        icv1-f2m43-tm998717-e2e742b0 W7c6b4bd635a0  verified S=0.508 L0
   4/960 bsgs-neg       icv1-f2m43-tm998717-e2e742b0 W7c6b4bd635a0  verified S=1.229 L0
   5/960 rho-strong-aa  icv1-f2m43-tm998717-e2e742b0 W7c6b4bd635a0  verified S=0.252 L0
   6/960 rho-strong     icv1-f2m43-tm998717-e2e742b0 W87ea00c9049e  verified S=0.214 L0
   7/960 claw-c1        icv1-f2m43-tm998717-e2e742b0 W87ea00c9049e  verified S=0.675 L0
   8/960 claw-pr        icv1-f2m43-tm998717-e2e742b0 W87ea00c9049e  verified S=9.197 L0
   9/960 bsgs-neg       icv1-f2m43-tm998717-e2e742b0 W87ea00c9049e  verified S=1.071 L0
  10/960 rho-strong-aa  icv1-f2m43-tm998717-e2e742b0 W87ea00c9049e  verified S=0.214 L0
  11/960 rho-strong     icv1-f2m43-tm998717-e2e742b0 W4635770ca189  verified S=0.149 L0
  12/960 claw-c1        icv1-f2m43-tm998717-e2e742b0 W4635770ca189  verified S=0.201 L0
  13/960 claw-pr        icv1-f2m43-tm998717-e2e742b0 W4635770ca189  verified S=3.820 L0
  14/960 bsgs-neg       icv1-f2m43-tm998717-e2e742b0 W4635770ca189  verified S=1.348 L0
  15/960 rho-strong-aa  icv1-f2m43-tm998717-e2e742b0 W4635770ca189  verified S=0.149 L0
  16/960 rho-strong     icv1-f2m43-tm998717-e2e742b0 W155849b06552  verified S=0.077 L0
  17/960 claw-c1        icv1-f2m43-tm998717-e2e742b0 W155849b06552  verified S=0.607 L0
  18/960 claw-pr        icv1-f2m43-tm998717-e2e742b0 W155849b06552  verified S=3.507 L0
  19/960 bsgs-neg       icv1-f2m43-tm998717-e2e742b0 W155849b06552  verified S=0.674 L0
  20/960 rho-strong-aa  icv1-f2m43-tm998717-e2e742b0 W155849b06552  verified S=0.077 L0
  21/960 rho-strong     icv1-f2m43-tm998717-e2e742b0 W5f00f1b399a9  verified S=0.216 L0
  22/960 claw-c1        icv1-f2m43-tm998717-e2e742b0 W5f00f1b399a9  verified S=0.230 L0
  23/960 claw-pr        icv1-f2m43-tm998717-e2e742b0 W5f00f1b399a9  verified S=0.572 L0
  24/960 bsgs-neg       icv1-f2m43-tm998717-e2e742b0 W5f00f1b399a9  verified S=1.001 L0
  25/960 rho-strong-aa  icv1-f2m43-tm998717-e2e742b0 W5f00f1b399a9  verified S=0.216 L0
  26/960 rho-strong     icv1-f2m43-tm998717-e2e742b0 Wd0cac4b93fa5  verified S=0.221 L0
  27/960 claw-c1        icv1-f2m43-tm998717-e2e742b0 Wd0cac4b93fa5  verified S=0.248 L0
  28/960 claw-pr        icv1-f2m43-tm998717-e2e742b0 Wd0cac4b93fa5  verified S=1.171 L0
  29/960 bsgs-neg       icv1-f2m43-tm998717-e2e742b0 Wd0cac4b93fa5  verified S=0.680 L0
  30/960 rho-strong-aa  icv1-f2m43-tm998717-e2e742b0 Wd0cac4b93fa5  verified S=0.221 L0
  31/960 rho-strong     icv1-f2m43-tm998717-e2e742b0 We9f73ed106ef  verified S=0.175 L0
  32/960 claw-c1        icv1-f2m43-tm998717-e2e742b0 We9f73ed106ef  verified S=0.431 L0
  33/960 claw-pr        icv1-f2m43-tm998717-e2e742b0 We9f73ed106ef  verified S=7.809 L0
  34/960 bsgs-neg       icv1-f2m43-tm998717-e2e742b0 We9f73ed106ef  verified S=0.527 L0
  35/960 rho-strong-aa  icv1-f2m43-tm998717-e2e742b0 We9f73ed106ef  verified S=0.175 L0
  36/960 rho-strong     icv1-f2m43-tm998717-e2e742b0 W3d56b9a2cc0a  verified S=0.151 L0
  37/960 claw-c1        icv1-f2m43-tm998717-e2e742b0 W3d56b9a2cc0a  verified S=0.285 L0
  38/960 claw-pr        icv1-f2m43-tm998717-e2e742b0 W3d56b9a2cc0a  verified S=1.677 L0
  39/960 bsgs-neg       icv1-f2m43-tm998717-e2e742b0 W3d56b9a2cc0a  verified S=0.751 L0
  40/960 rho-strong-aa  icv1-f2m43-tm998717-e2e742b0 W3d56b9a2cc0a  verified S=0.151 L0
  41/960 rho-strong     icv1-f2m47-t22705043-f4e44623 W2440c5afb645  verified S=0.032 L0
  42/960 claw-c1        icv1-f2m47-t22705043-f4e44623 W2440c5afb645  verified S=0.174 L0
  43/960 claw-pr        icv1-f2m47-t22705043-f4e44623 W2440c5afb645  verified S=0.193 L0
  44/960 bsgs-neg       icv1-f2m47-t22705043-f4e44623 W2440c5afb645  verified S=0.505 L0
  45/960 rho-strong-aa  icv1-f2m47-t22705043-f4e44623 W2440c5afb645  verified S=0.032 L0
  46/960 rho-strong     icv1-f2m47-t22705043-f4e44623 Wa5ba9217264c  verified S=0.064 L0
  47/960 claw-c1        icv1-f2m47-t22705043-f4e44623 Wa5ba9217264c  verified S=0.389 L0
  48/960 claw-pr        icv1-f2m47-t22705043-f4e44623 Wa5ba9217264c  verified S=3.968 L0
  49/960 bsgs-neg       icv1-f2m47-t22705043-f4e44623 Wa5ba9217264c  verified S=1.374 L0
  50/960 rho-strong-aa  icv1-f2m47-t22705043-f4e44623 Wa5ba9217264c  verified S=0.064 L0
  51/960 rho-strong     icv1-f2m47-t22705043-f4e44623 Wa782142e793d  verified S=0.034 L0
  52/960 claw-c1        icv1-f2m47-t22705043-f4e44623 Wa782142e793d  verified S=0.542 L0
  53/960 claw-pr        icv1-f2m47-t22705043-f4e44623 Wa782142e793d  verified S=8.764 L0
  54/960 bsgs-neg       icv1-f2m47-t22705043-f4e44623 Wa782142e793d  verified S=1.141 L0
  55/960 rho-strong-aa  icv1-f2m47-t22705043-f4e44623 Wa782142e793d  verified S=0.034 L0
  56/960 rho-strong     icv1-f2m47-t22705043-f4e44623 Wa53b46bb19ed  verified S=0.105 L0
  57/960 claw-c1        icv1-f2m47-t22705043-f4e44623 Wa53b46bb19ed  verified S=0.310 L0
  58/960 claw-pr        icv1-f2m47-t22705043-f4e44623 Wa53b46bb19ed  verified S=0.081 L0
  59/960 bsgs-neg       icv1-f2m47-t22705043-f4e44623 Wa53b46bb19ed  verified S=1.022 L0
  60/960 rho-strong-aa  icv1-f2m47-t22705043-f4e44623 Wa53b46bb19ed  verified S=0.105 L0
  61/960 rho-strong     icv1-f2m47-t22705043-f4e44623 Wcddd3828e0fb  verified S=0.155 L0
  62/960 claw-c1        icv1-f2m47-t22705043-f4e44623 Wcddd3828e0fb  verified S=0.597 L0
  63/960 claw-pr        icv1-f2m47-t22705043-f4e44623 Wcddd3828e0fb  verified S=2.264 L0
  64/960 bsgs-neg       icv1-f2m47-t22705043-f4e44623 Wcddd3828e0fb  verified S=0.796 L0
  65/960 rho-strong-aa  icv1-f2m47-t22705043-f4e44623 Wcddd3828e0fb  verified S=0.155 L0
  66/960 rho-strong     icv1-f2m47-t22705043-f4e44623 W369541526a70  verified S=0.208 L0
  67/960 claw-c1        icv1-f2m47-t22705043-f4e44623 W369541526a70  verified S=0.703 L0
  68/960 claw-pr        icv1-f2m47-t22705043-f4e44623 W369541526a70  verified S=1.568 L0
  69/960 bsgs-neg       icv1-f2m47-t22705043-f4e44623 W369541526a70  verified S=1.478 L0
  70/960 rho-strong-aa  icv1-f2m47-t22705043-f4e44623 W369541526a70  verified S=0.208 L0
  71/960 rho-strong     icv1-f2m47-t22705043-f4e44623 W0c2ddaa7ca5d  verified S=0.087 L0
  72/960 claw-c1        icv1-f2m47-t22705043-f4e44623 W0c2ddaa7ca5d  verified S=0.232 L0
  73/960 claw-pr        icv1-f2m47-t22705043-f4e44623 W0c2ddaa7ca5d  verified S=2.287 L0
  74/960 bsgs-neg       icv1-f2m47-t22705043-f4e44623 W0c2ddaa7ca5d  verified S=0.961 L0
  75/960 rho-strong-aa  icv1-f2m47-t22705043-f4e44623 W0c2ddaa7ca5d  verified S=0.087 L0
  76/960 rho-strong     icv1-f2m47-t22705043-f4e44623 W0bc43eb49e91  verified S=0.097 L0
  77/960 claw-c1        icv1-f2m47-t22705043-f4e44623 W0bc43eb49e91  verified S=0.384 L0
  78/960 claw-pr        icv1-f2m47-t22705043-f4e44623 W0bc43eb49e91  verified S=2.922 L0
  79/960 bsgs-neg       icv1-f2m47-t22705043-f4e44623 W0bc43eb49e91  verified S=0.889 L0
  80/960 rho-strong-aa  icv1-f2m47-t22705043-f4e44623 W0bc43eb49e91  verified S=0.097 L0
  81/960 rho-strong     icv1-f2m41-tm2308219-7f48b14a W8801317d8543  verified S=0.133 L0
  82/960 claw-c1        icv1-f2m41-tm2308219-7f48b14a W8801317d8543  verified S=0.329 L0
  83/960 claw-pr        icv1-f2m41-tm2308219-7f48b14a W8801317d8543  verified S=6.401 L0
  84/960 bsgs-neg       icv1-f2m41-tm2308219-7f48b14a W8801317d8543  verified S=1.460 L0
  85/960 rho-strong-aa  icv1-f2m41-tm2308219-7f48b14a W8801317d8543  verified S=0.133 L0
  86/960 rho-strong     icv1-f2m41-tm2308219-7f48b14a W4ff75f31d875  verified S=0.218 L0
  87/960 claw-c1        icv1-f2m41-tm2308219-7f48b14a W4ff75f31d875  verified S=0.341 L0
  88/960 claw-pr        icv1-f2m41-tm2308219-7f48b14a W4ff75f31d875  verified S=10.271 L0
  89/960 bsgs-neg       icv1-f2m41-tm2308219-7f48b14a W4ff75f31d875  verified S=1.442 L0
  90/960 rho-strong-aa  icv1-f2m41-tm2308219-7f48b14a W4ff75f31d875  verified S=0.218 L0
  91/960 rho-strong     icv1-f2m41-tm2308219-7f48b14a W2d67093825fe  verified S=0.171 L0
  92/960 claw-c1        icv1-f2m41-tm2308219-7f48b14a W2d67093825fe  verified S=0.402 L0
  93/960 claw-pr        icv1-f2m41-tm2308219-7f48b14a W2d67093825fe  verified S=3.062 L0
  94/960 bsgs-neg       icv1-f2m41-tm2308219-7f48b14a W2d67093825fe  verified S=1.154 L0
  95/960 rho-strong-aa  icv1-f2m41-tm2308219-7f48b14a W2d67093825fe  verified S=0.171 L0
  96/960 rho-strong     icv1-f2m41-tm2308219-7f48b14a Wd9e69f3bb95e  verified S=0.183 L0
  97/960 claw-c1        icv1-f2m41-tm2308219-7f48b14a Wd9e69f3bb95e  verified S=0.200 L0
  98/960 claw-pr        icv1-f2m41-tm2308219-7f48b14a Wd9e69f3bb95e  verified S=0.996 L0
  99/960 bsgs-neg       icv1-f2m41-tm2308219-7f48b14a Wd9e69f3bb95e  verified S=0.682 L0
 100/960 rho-strong-aa  icv1-f2m41-tm2308219-7f48b14a Wd9e69f3bb95e  verified S=0.183 L0
 101/960 rho-strong     icv1-f2m41-tm2308219-7f48b14a W8ecafc43bab1  verified S=0.051 L0
 102/960 claw-c1        icv1-f2m41-tm2308219-7f48b14a W8ecafc43bab1  verified S=0.451 L0
 103/960 claw-pr        icv1-f2m41-tm2308219-7f48b14a W8ecafc43bab1  verified S=0.494 L0
 104/960 bsgs-neg       icv1-f2m41-tm2308219-7f48b14a W8ecafc43bab1  verified S=1.015 L0
 105/960 rho-strong-aa  icv1-f2m41-tm2308219-7f48b14a W8ecafc43bab1  verified S=0.051 L0
 106/960 rho-strong     icv1-f2m41-tm2308219-7f48b14a W989f177acf00  verified S=0.228 L0
 107/960 claw-c1        icv1-f2m41-tm2308219-7f48b14a W989f177acf00  verified S=0.217 L0
 108/960 claw-pr        icv1-f2m41-tm2308219-7f48b14a W989f177acf00  verified S=0.624 L0
 109/960 bsgs-neg       icv1-f2m41-tm2308219-7f48b14a W989f177acf00  verified S=0.518 L0
 110/960 rho-strong-aa  icv1-f2m41-tm2308219-7f48b14a W989f177acf00  verified S=0.228 L0
 111/960 rho-strong     icv1-f2m41-tm2308219-7f48b14a W223ee4e3883f  verified S=0.309 L0
 112/960 claw-c1        icv1-f2m41-tm2308219-7f48b14a W223ee4e3883f  verified S=0.207 L0
 113/960 claw-pr        icv1-f2m41-tm2308219-7f48b14a W223ee4e3883f  verified S=12.801 L0
 114/960 bsgs-neg       icv1-f2m41-tm2308219-7f48b14a W223ee4e3883f  verified S=0.549 L0
 115/960 rho-strong-aa  icv1-f2m41-tm2308219-7f48b14a W223ee4e3883f  verified S=0.309 L0
 116/960 rho-strong     icv1-f2m41-tm2308219-7f48b14a Wfb452dbbe81c  verified S=0.277 L0
 117/960 claw-c1        icv1-f2m41-tm2308219-7f48b14a Wfb452dbbe81c  verified S=0.227 L0
 118/960 claw-pr        icv1-f2m41-tm2308219-7f48b14a Wfb452dbbe81c  verified S=10.344 L0
 119/960 bsgs-neg       icv1-f2m41-tm2308219-7f48b14a Wfb452dbbe81c  verified S=0.500 L0
 120/960 rho-strong-aa  icv1-f2m41-tm2308219-7f48b14a Wfb452dbbe81c  verified S=0.277 L0
 121/960 rho-strong     icv1-f2m53-tm56619371-dac20a85 Wc3d23f1437e1  verified S=0.133 L0
 122/960 claw-c1        icv1-f2m53-tm56619371-dac20a85 Wc3d23f1437e1  verified S=0.480 L0
 123/960 claw-pr        icv1-f2m53-tm56619371-dac20a85 Wc3d23f1437e1  verified S=2.292 L0
 124/960 bsgs-neg       icv1-f2m53-tm56619371-dac20a85 Wc3d23f1437e1  verified S=0.764 L0
 125/960 rho-strong-aa  icv1-f2m53-tm56619371-dac20a85 Wc3d23f1437e1  verified S=0.133 L0
 126/960 rho-strong     icv1-f2m53-tm56619371-dac20a85 Wb315464bf88d  verified S=0.102 L0
 127/960 claw-c1        icv1-f2m53-tm56619371-dac20a85 Wb315464bf88d  verified S=0.144 L0
 128/960 claw-pr        icv1-f2m53-tm56619371-dac20a85 Wb315464bf88d  verified S=3.949 L0
 129/960 bsgs-neg       icv1-f2m53-tm56619371-dac20a85 Wb315464bf88d  verified S=1.343 L0
 130/960 rho-strong-aa  icv1-f2m53-tm56619371-dac20a85 Wb315464bf88d  verified S=0.102 L0
 131/960 rho-strong     icv1-f2m53-tm56619371-dac20a85 W2161da065326  verified S=0.061 L0
 132/960 claw-c1        icv1-f2m53-tm56619371-dac20a85 W2161da065326  verified S=0.149 L0
 133/960 claw-pr        icv1-f2m53-tm56619371-dac20a85 W2161da065326  verified S=4.565 L0
 134/960 bsgs-neg       icv1-f2m53-tm56619371-dac20a85 W2161da065326  verified S=1.256 L0
 135/960 rho-strong-aa  icv1-f2m53-tm56619371-dac20a85 W2161da065326  verified S=0.061 L0
 136/960 rho-strong     icv1-f2m53-tm56619371-dac20a85 W3329fff26768  verified S=0.233 L0
 137/960 claw-c1        icv1-f2m53-tm56619371-dac20a85 W3329fff26768  verified S=0.613 L0
 138/960 claw-pr        icv1-f2m53-tm56619371-dac20a85 W3329fff26768  verified S=7.874 L0
 139/960 bsgs-neg       icv1-f2m53-tm56619371-dac20a85 W3329fff26768  verified S=0.695 L0
 140/960 rho-strong-aa  icv1-f2m53-tm56619371-dac20a85 W3329fff26768  verified S=0.233 L0
 141/960 rho-strong     icv1-f2m53-tm56619371-dac20a85 Wec2e6ee52a9d  verified S=0.187 L0
 142/960 claw-c1        icv1-f2m53-tm56619371-dac20a85 Wec2e6ee52a9d  verified S=0.170 L0
 143/960 claw-pr        icv1-f2m53-tm56619371-dac20a85 Wec2e6ee52a9d  verified S=0.535 L0
 144/960 bsgs-neg       icv1-f2m53-tm56619371-dac20a85 Wec2e6ee52a9d  verified S=0.618 L0
 145/960 rho-strong-aa  icv1-f2m53-tm56619371-dac20a85 Wec2e6ee52a9d  verified S=0.187 L0
 146/960 rho-strong     icv1-f2m53-tm56619371-dac20a85 Wd3b482e8ba48  verified S=0.153 L0
 147/960 claw-c1        icv1-f2m53-tm56619371-dac20a85 Wd3b482e8ba48  verified S=0.770 L0
 148/960 claw-pr        icv1-f2m53-tm56619371-dac20a85 Wd3b482e8ba48  verified S=2.339 L0
 149/960 bsgs-neg       icv1-f2m53-tm56619371-dac20a85 Wd3b482e8ba48  verified S=1.030 L0
 150/960 rho-strong-aa  icv1-f2m53-tm56619371-dac20a85 Wd3b482e8ba48  verified S=0.153 L0
 151/960 rho-strong     icv1-f2m53-tm56619371-dac20a85 Wb649c5df75d0  verified S=0.122 L0
 152/960 claw-c1        icv1-f2m53-tm56619371-dac20a85 Wb649c5df75d0  verified S=0.297 L0
 153/960 claw-pr        icv1-f2m53-tm56619371-dac20a85 Wb649c5df75d0  verified S=4.571 L0
 154/960 bsgs-neg       icv1-f2m53-tm56619371-dac20a85 Wb649c5df75d0  verified S=1.417 L0
 155/960 rho-strong-aa  icv1-f2m53-tm56619371-dac20a85 Wb649c5df75d0  verified S=0.122 L0
 156/960 rho-strong     icv1-f2m53-tm56619371-dac20a85 W6fbe5c6730eb  verified S=0.194 L0
 157/960 claw-c1        icv1-f2m53-tm56619371-dac20a85 W6fbe5c6730eb  verified S=0.560 L0
 158/960 claw-pr        icv1-f2m53-tm56619371-dac20a85 W6fbe5c6730eb  verified S=8.311 L0
 159/960 bsgs-neg       icv1-f2m53-tm56619371-dac20a85 W6fbe5c6730eb  verified S=1.328 L0
 160/960 rho-strong-aa  icv1-f2m53-tm56619371-dac20a85 W6fbe5c6730eb  verified S=0.194 L0
 161/960 rho-strong     icv1-f2m59-tm943548413-98844ecc W3157b0d2790d  verified S=0.160 L0
 162/960 claw-c1        icv1-f2m59-tm943548413-98844ecc W3157b0d2790d  verified S=0.207 L0
 163/960 claw-pr        icv1-f2m59-tm943548413-98844ecc W3157b0d2790d  verified S=2.849 L0
 164/960 bsgs-neg       icv1-f2m59-tm943548413-98844ecc W3157b0d2790d  verified S=1.156 L0
 165/960 rho-strong-aa  icv1-f2m59-tm943548413-98844ecc W3157b0d2790d  verified S=0.160 L0
 166/960 rho-strong     icv1-f2m59-tm943548413-98844ecc Wc43ce85a2dab  verified S=0.046 L0
 167/960 claw-c1        icv1-f2m59-tm943548413-98844ecc Wc43ce85a2dab  verified S=0.147 L0
 168/960 claw-pr        icv1-f2m59-tm943548413-98844ecc Wc43ce85a2dab  verified S=2.680 L0
 169/960 bsgs-neg       icv1-f2m59-tm943548413-98844ecc Wc43ce85a2dab  verified S=0.525 L0
 170/960 rho-strong-aa  icv1-f2m59-tm943548413-98844ecc Wc43ce85a2dab  verified S=0.046 L0
 171/960 rho-strong     icv1-f2m59-tm943548413-98844ecc W86e058abed86  verified S=0.084 L0
 172/960 claw-c1        icv1-f2m59-tm943548413-98844ecc W86e058abed86  verified S=0.156 L0
 173/960 claw-pr        icv1-f2m59-tm943548413-98844ecc W86e058abed86  verified S=1.112 L0
 174/960 bsgs-neg       icv1-f2m59-tm943548413-98844ecc W86e058abed86  verified S=1.263 L0
 175/960 rho-strong-aa  icv1-f2m59-tm943548413-98844ecc W86e058abed86  verified S=0.084 L0
 176/960 rho-strong     icv1-f2m59-tm943548413-98844ecc We94ced23c490  verified S=0.039 L0
 177/960 claw-c1        icv1-f2m59-tm943548413-98844ecc We94ced23c490  verified S=0.486 L0
 178/960 claw-pr        icv1-f2m59-tm943548413-98844ecc We94ced23c490  verified S=3.488 L0
 179/960 bsgs-neg       icv1-f2m59-tm943548413-98844ecc We94ced23c490  verified S=1.151 L0
 180/960 rho-strong-aa  icv1-f2m59-tm943548413-98844ecc We94ced23c490  verified S=0.039 L0
 181/960 rho-strong     icv1-f2m59-tm943548413-98844ecc Wc543e7ea85ad  verified S=0.103 L0
 182/960 claw-c1        icv1-f2m59-tm943548413-98844ecc Wc543e7ea85ad  verified S=0.426 L0
 183/960 claw-pr        icv1-f2m59-tm943548413-98844ecc Wc543e7ea85ad  verified S=0.547 L0
 184/960 bsgs-neg       icv1-f2m59-tm943548413-98844ecc Wc543e7ea85ad  verified S=0.690 L0
 185/960 rho-strong-aa  icv1-f2m59-tm943548413-98844ecc Wc543e7ea85ad  verified S=0.103 L0
 186/960 rho-strong     icv1-f2m59-tm943548413-98844ecc W45cc39917600  verified S=0.116 L0
 187/960 claw-c1        icv1-f2m59-tm943548413-98844ecc W45cc39917600  verified S=0.156 L0
 188/960 claw-pr        icv1-f2m59-tm943548413-98844ecc W45cc39917600  verified S=0.645 L0
 189/960 bsgs-neg       icv1-f2m59-tm943548413-98844ecc W45cc39917600  verified S=0.878 L0
 190/960 rho-strong-aa  icv1-f2m59-tm943548413-98844ecc W45cc39917600  verified S=0.116 L0
 191/960 rho-strong     icv1-f2m59-tm943548413-98844ecc W227847c047b8  verified S=0.147 L0
 192/960 claw-c1        icv1-f2m59-tm943548413-98844ecc W227847c047b8  verified S=0.217 L0
 193/960 claw-pr        icv1-f2m59-tm943548413-98844ecc W227847c047b8  verified S=12.084 L0
 194/960 bsgs-neg       icv1-f2m59-tm943548413-98844ecc W227847c047b8  verified S=0.871 L0
 195/960 rho-strong-aa  icv1-f2m59-tm943548413-98844ecc W227847c047b8  verified S=0.147 L0
 196/960 rho-strong     icv1-f2m59-tm943548413-98844ecc We6641f362dd4  verified S=0.182 L0
 197/960 claw-c1        icv1-f2m59-tm943548413-98844ecc We6641f362dd4  verified S=0.293 L0
 198/960 claw-pr        icv1-f2m59-tm943548413-98844ecc We6641f362dd4  verified S=0.263 L0
 199/960 bsgs-neg       icv1-f2m59-tm943548413-98844ecc We6641f362dd4  verified S=0.963 L0
 200/960 rho-strong-aa  icv1-f2m59-tm943548413-98844ecc We6641f362dd4  verified S=0.182 L0
 201/960 rho-strong     icv1-f2m61-t158598901-ab42b6c5 W72186b6bd41d  verified S=0.056 L0
 202/960 claw-c1        icv1-f2m61-t158598901-ab42b6c5 W72186b6bd41d  verified S=0.145 L0
 203/960 claw-pr        icv1-f2m61-t158598901-ab42b6c5 W72186b6bd41d  verified S=0.055 L0
 204/960 bsgs-neg       icv1-f2m61-t158598901-ab42b6c5 W72186b6bd41d  verified S=0.993 L0
 205/960 rho-strong-aa  icv1-f2m61-t158598901-ab42b6c5 W72186b6bd41d  verified S=0.056 L0
 206/960 rho-strong     icv1-f2m61-t158598901-ab42b6c5 W197871c54b8d  verified S=0.130 L0
 207/960 claw-c1        icv1-f2m61-t158598901-ab42b6c5 W197871c54b8d  verified S=0.184 L0
 208/960 claw-pr        icv1-f2m61-t158598901-ab42b6c5 W197871c54b8d  verified S=16.048 L0
 209/960 bsgs-neg       icv1-f2m61-t158598901-ab42b6c5 W197871c54b8d  verified S=0.576 L0
 210/960 rho-strong-aa  icv1-f2m61-t158598901-ab42b6c5 W197871c54b8d  verified S=0.130 L0
 211/960 rho-strong     icv1-f2m61-t158598901-ab42b6c5 Wbdf80ab39dd2  verified S=0.123 L0
 212/960 claw-c1        icv1-f2m61-t158598901-ab42b6c5 Wbdf80ab39dd2  verified S=0.292 L0
 213/960 claw-pr        icv1-f2m61-t158598901-ab42b6c5 Wbdf80ab39dd2  verified S=0.410 L0
 214/960 bsgs-neg       icv1-f2m61-t158598901-ab42b6c5 Wbdf80ab39dd2  verified S=1.185 L0
 215/960 rho-strong-aa  icv1-f2m61-t158598901-ab42b6c5 Wbdf80ab39dd2  verified S=0.123 L0
 216/960 rho-strong     icv1-f2m61-t158598901-ab42b6c5 W186016f13a05  verified S=0.075 L0
 217/960 claw-c1        icv1-f2m61-t158598901-ab42b6c5 W186016f13a05  verified S=0.254 L0
 218/960 claw-pr        icv1-f2m61-t158598901-ab42b6c5 W186016f13a05  verified S=18.321 L0
 219/960 bsgs-neg       icv1-f2m61-t158598901-ab42b6c5 W186016f13a05  verified S=1.010 L0
 220/960 rho-strong-aa  icv1-f2m61-t158598901-ab42b6c5 W186016f13a05  verified S=0.075 L0
 221/960 rho-strong     icv1-f2m61-t158598901-ab42b6c5 Wadcd4784c98b  verified S=0.042 L0
 222/960 claw-c1        icv1-f2m61-t158598901-ab42b6c5 Wadcd4784c98b  verified S=0.474 L0
 223/960 claw-pr        icv1-f2m61-t158598901-ab42b6c5 Wadcd4784c98b  verified S=1.140 L0
 224/960 bsgs-neg       icv1-f2m61-t158598901-ab42b6c5 Wadcd4784c98b  verified S=0.963 L0
 225/960 rho-strong-aa  icv1-f2m61-t158598901-ab42b6c5 Wadcd4784c98b  verified S=0.042 L0
 226/960 rho-strong     icv1-f2m61-t158598901-ab42b6c5 Wc19870560ac3  verified S=0.193 L0
 227/960 claw-c1        icv1-f2m61-t158598901-ab42b6c5 Wc19870560ac3  verified S=0.205 L0
 228/960 claw-pr        icv1-f2m61-t158598901-ab42b6c5 Wc19870560ac3  verified S=5.322 L0
 229/960 bsgs-neg       icv1-f2m61-t158598901-ab42b6c5 Wc19870560ac3  verified S=0.568 L0
 230/960 rho-strong-aa  icv1-f2m61-t158598901-ab42b6c5 Wc19870560ac3  verified S=0.193 L0
 231/960 rho-strong     icv1-f2m61-t158598901-ab42b6c5 W4ab4b8aa389e  verified S=0.254 L0
 232/960 claw-c1        icv1-f2m61-t158598901-ab42b6c5 W4ab4b8aa389e  verified S=0.152 L0
 233/960 claw-pr        icv1-f2m61-t158598901-ab42b6c5 W4ab4b8aa389e  verified S=25.890 L0
 234/960 bsgs-neg       icv1-f2m61-t158598901-ab42b6c5 W4ab4b8aa389e  verified S=1.089 L0
 235/960 rho-strong-aa  icv1-f2m61-t158598901-ab42b6c5 W4ab4b8aa389e  verified S=0.254 L0
 236/960 rho-strong     icv1-f2m61-t158598901-ab42b6c5 W08e3253c2709  verified S=0.148 L0
 237/960 claw-c1        icv1-f2m61-t158598901-ab42b6c5 W08e3253c2709  verified S=0.155 L0
 238/960 claw-pr        icv1-f2m61-t158598901-ab42b6c5 W08e3253c2709  verified S=13.181 L0
 239/960 bsgs-neg       icv1-f2m61-t158598901-ab42b6c5 W08e3253c2709  verified S=0.851 L0
 240/960 rho-strong-aa  icv1-f2m61-t158598901-ab42b6c5 W08e3253c2709  verified S=0.148 L0
 241/960 rho-strong-aa  icv1-f2m43-tm998717-e2e742b0 W7c6b4bd635a0  verified S=0.125 L0
 242/960 bsgs-neg       icv1-f2m43-tm998717-e2e742b0 W7c6b4bd635a0  verified S=1.229 L0
 243/960 claw-pr        icv1-f2m43-tm998717-e2e742b0 W7c6b4bd635a0  verified S=5.894 L0
 244/960 claw-c1        icv1-f2m43-tm998717-e2e742b0 W7c6b4bd635a0  verified S=0.218 L0
 245/960 rho-strong     icv1-f2m43-tm998717-e2e742b0 W7c6b4bd635a0  verified S=0.125 L0
 246/960 rho-strong-aa  icv1-f2m43-tm998717-e2e742b0 W87ea00c9049e  verified S=0.111 L0
 247/960 bsgs-neg       icv1-f2m43-tm998717-e2e742b0 W87ea00c9049e  verified S=1.071 L0
 248/960 claw-pr        icv1-f2m43-tm998717-e2e742b0 W87ea00c9049e  verified S=5.476 L0
 249/960 claw-c1        icv1-f2m43-tm998717-e2e742b0 W87ea00c9049e  verified S=0.234 L0
 250/960 rho-strong     icv1-f2m43-tm998717-e2e742b0 W87ea00c9049e  verified S=0.111 L0
 251/960 rho-strong-aa  icv1-f2m43-tm998717-e2e742b0 W4635770ca189  verified S=0.224 L0
 252/960 bsgs-neg       icv1-f2m43-tm998717-e2e742b0 W4635770ca189  verified S=1.348 L0
 253/960 claw-pr        icv1-f2m43-tm998717-e2e742b0 W4635770ca189  verified S=4.167 L0
 254/960 claw-c1        icv1-f2m43-tm998717-e2e742b0 W4635770ca189  verified S=0.251 L0
 255/960 rho-strong     icv1-f2m43-tm998717-e2e742b0 W4635770ca189  verified S=0.224 L0
 256/960 rho-strong-aa  icv1-f2m43-tm998717-e2e742b0 W155849b06552  verified S=0.169 L0
 257/960 bsgs-neg       icv1-f2m43-tm998717-e2e742b0 W155849b06552  verified S=0.674 L0
 258/960 claw-pr        icv1-f2m43-tm998717-e2e742b0 W155849b06552  verified S=0.836 L0
 259/960 claw-c1        icv1-f2m43-tm998717-e2e742b0 W155849b06552  verified S=0.221 L0
 260/960 rho-strong     icv1-f2m43-tm998717-e2e742b0 W155849b06552  verified S=0.169 L0
 261/960 rho-strong-aa  icv1-f2m43-tm998717-e2e742b0 W5f00f1b399a9  verified S=0.074 L0
 262/960 bsgs-neg       icv1-f2m43-tm998717-e2e742b0 W5f00f1b399a9  verified S=1.001 L0
 263/960 claw-pr        icv1-f2m43-tm998717-e2e742b0 W5f00f1b399a9  verified S=1.269 L0
 264/960 claw-c1        icv1-f2m43-tm998717-e2e742b0 W5f00f1b399a9  verified S=0.314 L0
 265/960 rho-strong     icv1-f2m43-tm998717-e2e742b0 W5f00f1b399a9  verified S=0.074 L0
 266/960 rho-strong-aa  icv1-f2m43-tm998717-e2e742b0 Wd0cac4b93fa5  verified S=0.177 L0
 267/960 bsgs-neg       icv1-f2m43-tm998717-e2e742b0 Wd0cac4b93fa5  verified S=0.680 L0
 268/960 claw-pr        icv1-f2m43-tm998717-e2e742b0 Wd0cac4b93fa5  verified S=1.067 L0
 269/960 claw-c1        icv1-f2m43-tm998717-e2e742b0 Wd0cac4b93fa5  verified S=0.428 L0
 270/960 rho-strong     icv1-f2m43-tm998717-e2e742b0 Wd0cac4b93fa5  verified S=0.177 L0
 271/960 rho-strong-aa  icv1-f2m43-tm998717-e2e742b0 We9f73ed106ef  verified S=0.144 L0
 272/960 bsgs-neg       icv1-f2m43-tm998717-e2e742b0 We9f73ed106ef  verified S=0.527 L0
 273/960 claw-pr        icv1-f2m43-tm998717-e2e742b0 We9f73ed106ef  verified S=3.420 L0
 274/960 claw-c1        icv1-f2m43-tm998717-e2e742b0 We9f73ed106ef  verified S=0.522 L0
 275/960 rho-strong     icv1-f2m43-tm998717-e2e742b0 We9f73ed106ef  verified S=0.144 L0
 276/960 rho-strong-aa  icv1-f2m43-tm998717-e2e742b0 W3d56b9a2cc0a  verified S=0.068 L0
 277/960 bsgs-neg       icv1-f2m43-tm998717-e2e742b0 W3d56b9a2cc0a  verified S=0.751 L0
 278/960 claw-pr        icv1-f2m43-tm998717-e2e742b0 W3d56b9a2cc0a  verified S=1.388 L0
 279/960 claw-c1        icv1-f2m43-tm998717-e2e742b0 W3d56b9a2cc0a  verified S=0.199 L0
 280/960 rho-strong     icv1-f2m43-tm998717-e2e742b0 W3d56b9a2cc0a  verified S=0.068 L0
 281/960 rho-strong-aa  icv1-f2m47-t22705043-f4e44623 W2440c5afb645  verified S=0.150 L0
 282/960 bsgs-neg       icv1-f2m47-t22705043-f4e44623 W2440c5afb645  verified S=0.505 L0
 283/960 claw-pr        icv1-f2m47-t22705043-f4e44623 W2440c5afb645  verified S=9.318 L0
 284/960 claw-c1        icv1-f2m47-t22705043-f4e44623 W2440c5afb645  verified S=0.260 L0
 285/960 rho-strong     icv1-f2m47-t22705043-f4e44623 W2440c5afb645  verified S=0.150 L0
 286/960 rho-strong-aa  icv1-f2m47-t22705043-f4e44623 Wa5ba9217264c  verified S=0.114 L0
 287/960 bsgs-neg       icv1-f2m47-t22705043-f4e44623 Wa5ba9217264c  verified S=1.374 L0
 288/960 claw-pr        icv1-f2m47-t22705043-f4e44623 Wa5ba9217264c  verified S=6.203 L0
 289/960 claw-c1        icv1-f2m47-t22705043-f4e44623 Wa5ba9217264c  verified S=0.192 L0
 290/960 rho-strong     icv1-f2m47-t22705043-f4e44623 Wa5ba9217264c  verified S=0.114 L0
 291/960 rho-strong-aa  icv1-f2m47-t22705043-f4e44623 Wa782142e793d  verified S=0.110 L0
 292/960 bsgs-neg       icv1-f2m47-t22705043-f4e44623 Wa782142e793d  verified S=1.141 L0
 293/960 claw-pr        icv1-f2m47-t22705043-f4e44623 Wa782142e793d  verified S=0.040 L0
 294/960 claw-c1        icv1-f2m47-t22705043-f4e44623 Wa782142e793d  verified S=0.377 L0
 295/960 rho-strong     icv1-f2m47-t22705043-f4e44623 Wa782142e793d  verified S=0.110 L0
 296/960 rho-strong-aa  icv1-f2m47-t22705043-f4e44623 Wa53b46bb19ed  verified S=0.095 L0
 297/960 bsgs-neg       icv1-f2m47-t22705043-f4e44623 Wa53b46bb19ed  verified S=1.022 L0
 298/960 claw-pr        icv1-f2m47-t22705043-f4e44623 Wa53b46bb19ed  verified S=3.126 L0
 299/960 claw-c1        icv1-f2m47-t22705043-f4e44623 Wa53b46bb19ed  verified S=0.169 L0
 300/960 rho-strong     icv1-f2m47-t22705043-f4e44623 Wa53b46bb19ed  verified S=0.095 L0
 301/960 rho-strong-aa  icv1-f2m47-t22705043-f4e44623 Wcddd3828e0fb  verified S=0.148 L0
 302/960 bsgs-neg       icv1-f2m47-t22705043-f4e44623 Wcddd3828e0fb  verified S=0.796 L0
 303/960 claw-pr        icv1-f2m47-t22705043-f4e44623 Wcddd3828e0fb  verified S=5.091 L0
 304/960 claw-c1        icv1-f2m47-t22705043-f4e44623 Wcddd3828e0fb  verified S=0.214 L0
 305/960 rho-strong     icv1-f2m47-t22705043-f4e44623 Wcddd3828e0fb  verified S=0.148 L0
 306/960 rho-strong-aa  icv1-f2m47-t22705043-f4e44623 W369541526a70  verified S=0.171 L0
 307/960 bsgs-neg       icv1-f2m47-t22705043-f4e44623 W369541526a70  verified S=1.478 L0
 308/960 claw-pr        icv1-f2m47-t22705043-f4e44623 W369541526a70  verified S=1.494 L0
 309/960 claw-c1        icv1-f2m47-t22705043-f4e44623 W369541526a70  verified S=0.190 L0
 310/960 rho-strong     icv1-f2m47-t22705043-f4e44623 W369541526a70  verified S=0.171 L0
 311/960 rho-strong-aa  icv1-f2m47-t22705043-f4e44623 W0c2ddaa7ca5d  verified S=0.104 L0
 312/960 bsgs-neg       icv1-f2m47-t22705043-f4e44623 W0c2ddaa7ca5d  verified S=0.961 L0
 313/960 claw-pr        icv1-f2m47-t22705043-f4e44623 W0c2ddaa7ca5d  verified S=3.281 L0
 314/960 claw-c1        icv1-f2m47-t22705043-f4e44623 W0c2ddaa7ca5d  verified S=0.434 L0
 315/960 rho-strong     icv1-f2m47-t22705043-f4e44623 W0c2ddaa7ca5d  verified S=0.104 L0
 316/960 rho-strong-aa  icv1-f2m47-t22705043-f4e44623 W0bc43eb49e91  verified S=0.126 L0
 317/960 bsgs-neg       icv1-f2m47-t22705043-f4e44623 W0bc43eb49e91  verified S=0.889 L0
 318/960 claw-pr        icv1-f2m47-t22705043-f4e44623 W0bc43eb49e91  verified S=0.481 L0
 319/960 claw-c1        icv1-f2m47-t22705043-f4e44623 W0bc43eb49e91  verified S=0.386 L0
 320/960 rho-strong     icv1-f2m47-t22705043-f4e44623 W0bc43eb49e91  verified S=0.126 L0
 321/960 rho-strong-aa  icv1-f2m41-tm2308219-7f48b14a W8801317d8543  verified S=0.158 L0
 322/960 bsgs-neg       icv1-f2m41-tm2308219-7f48b14a W8801317d8543  verified S=1.460 L0
 323/960 claw-pr        icv1-f2m41-tm2308219-7f48b14a W8801317d8543  verified S=2.752 L0
 324/960 claw-c1        icv1-f2m41-tm2308219-7f48b14a W8801317d8543  verified S=0.182 L0
 325/960 rho-strong     icv1-f2m41-tm2308219-7f48b14a W8801317d8543  verified S=0.158 L0
 326/960 rho-strong-aa  icv1-f2m41-tm2308219-7f48b14a W4ff75f31d875  verified S=0.105 L0
 327/960 bsgs-neg       icv1-f2m41-tm2308219-7f48b14a W4ff75f31d875  verified S=1.442 L0
 328/960 claw-pr        icv1-f2m41-tm2308219-7f48b14a W4ff75f31d875  verified S=6.123 L0
 329/960 claw-c1        icv1-f2m41-tm2308219-7f48b14a W4ff75f31d875  verified S=0.208 L0
 330/960 rho-strong     icv1-f2m41-tm2308219-7f48b14a W4ff75f31d875  verified S=0.105 L0
 331/960 rho-strong-aa  icv1-f2m41-tm2308219-7f48b14a W2d67093825fe  verified S=0.129 L0
 332/960 bsgs-neg       icv1-f2m41-tm2308219-7f48b14a W2d67093825fe  verified S=1.154 L0
 333/960 claw-pr        icv1-f2m41-tm2308219-7f48b14a W2d67093825fe  verified S=8.787 L0
 334/960 claw-c1        icv1-f2m41-tm2308219-7f48b14a W2d67093825fe  verified S=0.283 L0
 335/960 rho-strong     icv1-f2m41-tm2308219-7f48b14a W2d67093825fe  verified S=0.129 L0
 336/960 rho-strong-aa  icv1-f2m41-tm2308219-7f48b14a Wd9e69f3bb95e  verified S=0.113 L0
 337/960 bsgs-neg       icv1-f2m41-tm2308219-7f48b14a Wd9e69f3bb95e  verified S=0.682 L0
 338/960 claw-pr        icv1-f2m41-tm2308219-7f48b14a Wd9e69f3bb95e  verified S=6.095 L0
 339/960 claw-c1        icv1-f2m41-tm2308219-7f48b14a Wd9e69f3bb95e  verified S=0.263 L0
 340/960 rho-strong     icv1-f2m41-tm2308219-7f48b14a Wd9e69f3bb95e  verified S=0.113 L0
 341/960 rho-strong-aa  icv1-f2m41-tm2308219-7f48b14a W8ecafc43bab1  verified S=0.154 L0
 342/960 bsgs-neg       icv1-f2m41-tm2308219-7f48b14a W8ecafc43bab1  verified S=1.015 L0
 343/960 claw-pr        icv1-f2m41-tm2308219-7f48b14a W8ecafc43bab1  verified S=0.325 L0
 344/960 claw-c1        icv1-f2m41-tm2308219-7f48b14a W8ecafc43bab1  verified S=0.247 L0
 345/960 rho-strong     icv1-f2m41-tm2308219-7f48b14a W8ecafc43bab1  verified S=0.154 L0
 346/960 rho-strong-aa  icv1-f2m41-tm2308219-7f48b14a W989f177acf00  verified S=0.079 L0
 347/960 bsgs-neg       icv1-f2m41-tm2308219-7f48b14a W989f177acf00  verified S=0.518 L0
 348/960 claw-pr        icv1-f2m41-tm2308219-7f48b14a W989f177acf00  verified S=2.038 L0
 349/960 claw-c1        icv1-f2m41-tm2308219-7f48b14a W989f177acf00  verified S=0.221 L0
 350/960 rho-strong     icv1-f2m41-tm2308219-7f48b14a W989f177acf00  verified S=0.079 L0
 351/960 rho-strong-aa  icv1-f2m41-tm2308219-7f48b14a W223ee4e3883f  verified S=0.166 L0
 352/960 bsgs-neg       icv1-f2m41-tm2308219-7f48b14a W223ee4e3883f  verified S=0.549 L0
 353/960 claw-pr        icv1-f2m41-tm2308219-7f48b14a W223ee4e3883f  verified S=4.717 L0
 354/960 claw-c1        icv1-f2m41-tm2308219-7f48b14a W223ee4e3883f  verified S=0.389 L0
 355/960 rho-strong     icv1-f2m41-tm2308219-7f48b14a W223ee4e3883f  verified S=0.166 L0
 356/960 rho-strong-aa  icv1-f2m41-tm2308219-7f48b14a Wfb452dbbe81c  verified S=0.157 L0
 357/960 bsgs-neg       icv1-f2m41-tm2308219-7f48b14a Wfb452dbbe81c  verified S=0.500 L0
 358/960 claw-pr        icv1-f2m41-tm2308219-7f48b14a Wfb452dbbe81c  verified S=3.114 L0
 359/960 claw-c1        icv1-f2m41-tm2308219-7f48b14a Wfb452dbbe81c  verified S=0.320 L0
 360/960 rho-strong     icv1-f2m41-tm2308219-7f48b14a Wfb452dbbe81c  verified S=0.157 L0
 361/960 rho-strong-aa  icv1-f2m53-tm56619371-dac20a85 Wc3d23f1437e1  verified S=0.110 L0
 362/960 bsgs-neg       icv1-f2m53-tm56619371-dac20a85 Wc3d23f1437e1  verified S=0.764 L0
 363/960 claw-pr        icv1-f2m53-tm56619371-dac20a85 Wc3d23f1437e1  verified S=1.995 L0
 364/960 claw-c1        icv1-f2m53-tm56619371-dac20a85 Wc3d23f1437e1  verified S=0.328 L0
 365/960 rho-strong     icv1-f2m53-tm56619371-dac20a85 Wc3d23f1437e1  verified S=0.110 L0
 366/960 rho-strong-aa  icv1-f2m53-tm56619371-dac20a85 Wb315464bf88d  verified S=0.103 L0
 367/960 bsgs-neg       icv1-f2m53-tm56619371-dac20a85 Wb315464bf88d  verified S=1.343 L0
 368/960 claw-pr        icv1-f2m53-tm56619371-dac20a85 Wb315464bf88d  verified S=2.365 L0
 369/960 claw-c1        icv1-f2m53-tm56619371-dac20a85 Wb315464bf88d  verified S=0.352 L0
 370/960 rho-strong     icv1-f2m53-tm56619371-dac20a85 Wb315464bf88d  verified S=0.103 L0
 371/960 rho-strong-aa  icv1-f2m53-tm56619371-dac20a85 W2161da065326  verified S=0.036 L0
 372/960 bsgs-neg       icv1-f2m53-tm56619371-dac20a85 W2161da065326  verified S=1.256 L0
 373/960 claw-pr        icv1-f2m53-tm56619371-dac20a85 W2161da065326  verified S=9.632 L0
 374/960 claw-c1        icv1-f2m53-tm56619371-dac20a85 W2161da065326  verified S=0.264 L0
 375/960 rho-strong     icv1-f2m53-tm56619371-dac20a85 W2161da065326  verified S=0.036 L0
 376/960 rho-strong-aa  icv1-f2m53-tm56619371-dac20a85 W3329fff26768  verified S=0.073 L0
 377/960 bsgs-neg       icv1-f2m53-tm56619371-dac20a85 W3329fff26768  verified S=0.695 L0
 378/960 claw-pr        icv1-f2m53-tm56619371-dac20a85 W3329fff26768  verified S=7.560 L0
 379/960 claw-c1        icv1-f2m53-tm56619371-dac20a85 W3329fff26768  verified S=0.191 L0
 380/960 rho-strong     icv1-f2m53-tm56619371-dac20a85 W3329fff26768  verified S=0.073 L0
 381/960 rho-strong-aa  icv1-f2m53-tm56619371-dac20a85 Wec2e6ee52a9d  verified S=0.076 L0
 382/960 bsgs-neg       icv1-f2m53-tm56619371-dac20a85 Wec2e6ee52a9d  verified S=0.618 L0
 383/960 claw-pr        icv1-f2m53-tm56619371-dac20a85 Wec2e6ee52a9d  verified S=1.125 L0
 384/960 claw-c1        icv1-f2m53-tm56619371-dac20a85 Wec2e6ee52a9d  verified S=0.534 L0
 385/960 rho-strong     icv1-f2m53-tm56619371-dac20a85 Wec2e6ee52a9d  verified S=0.076 L0
 386/960 rho-strong-aa  icv1-f2m53-tm56619371-dac20a85 Wd3b482e8ba48  verified S=0.106 L0
 387/960 bsgs-neg       icv1-f2m53-tm56619371-dac20a85 Wd3b482e8ba48  verified S=1.030 L0
 388/960 claw-pr        icv1-f2m53-tm56619371-dac20a85 Wd3b482e8ba48  verified S=0.729 L0
 389/960 claw-c1        icv1-f2m53-tm56619371-dac20a85 Wd3b482e8ba48  verified S=0.281 L0
 390/960 rho-strong     icv1-f2m53-tm56619371-dac20a85 Wd3b482e8ba48  verified S=0.106 L0
 391/960 rho-strong-aa  icv1-f2m53-tm56619371-dac20a85 Wb649c5df75d0  verified S=0.109 L0
 392/960 bsgs-neg       icv1-f2m53-tm56619371-dac20a85 Wb649c5df75d0  verified S=1.417 L0
 393/960 claw-pr        icv1-f2m53-tm56619371-dac20a85 Wb649c5df75d0  verified S=0.400 L0
 394/960 claw-c1        icv1-f2m53-tm56619371-dac20a85 Wb649c5df75d0  verified S=0.209 L0
 395/960 rho-strong     icv1-f2m53-tm56619371-dac20a85 Wb649c5df75d0  verified S=0.109 L0
 396/960 rho-strong-aa  icv1-f2m53-tm56619371-dac20a85 W6fbe5c6730eb  verified S=0.071 L0
 397/960 bsgs-neg       icv1-f2m53-tm56619371-dac20a85 W6fbe5c6730eb  verified S=1.328 L0
 398/960 claw-pr        icv1-f2m53-tm56619371-dac20a85 W6fbe5c6730eb  verified S=4.476 L0
 399/960 claw-c1        icv1-f2m53-tm56619371-dac20a85 W6fbe5c6730eb  verified S=0.145 L0
 400/960 rho-strong     icv1-f2m53-tm56619371-dac20a85 W6fbe5c6730eb  verified S=0.071 L0
 401/960 rho-strong-aa  icv1-f2m59-tm943548413-98844ecc W3157b0d2790d  verified S=0.190 L0
 402/960 bsgs-neg       icv1-f2m59-tm943548413-98844ecc W3157b0d2790d  verified S=1.156 L0
 403/960 claw-pr        icv1-f2m59-tm943548413-98844ecc W3157b0d2790d  verified S=9.879 L0
 404/960 claw-c1        icv1-f2m59-tm943548413-98844ecc W3157b0d2790d  verified S=0.163 L0
 405/960 rho-strong     icv1-f2m59-tm943548413-98844ecc W3157b0d2790d  verified S=0.190 L0
 406/960 rho-strong-aa  icv1-f2m59-tm943548413-98844ecc Wc43ce85a2dab  verified S=0.044 L0
 407/960 bsgs-neg       icv1-f2m59-tm943548413-98844ecc Wc43ce85a2dab  verified S=0.525 L0
 408/960 claw-pr        icv1-f2m59-tm943548413-98844ecc Wc43ce85a2dab  verified S=2.539 L0
 409/960 claw-c1        icv1-f2m59-tm943548413-98844ecc Wc43ce85a2dab  verified S=0.173 L0
 410/960 rho-strong     icv1-f2m59-tm943548413-98844ecc Wc43ce85a2dab  verified S=0.044 L0
 411/960 rho-strong-aa  icv1-f2m59-tm943548413-98844ecc W86e058abed86  verified S=0.107 L0
 412/960 bsgs-neg       icv1-f2m59-tm943548413-98844ecc W86e058abed86  verified S=1.263 L0
 413/960 claw-pr        icv1-f2m59-tm943548413-98844ecc W86e058abed86  verified S=21.825 L0
 414/960 claw-c1        icv1-f2m59-tm943548413-98844ecc W86e058abed86  verified S=0.222 L0
 415/960 rho-strong     icv1-f2m59-tm943548413-98844ecc W86e058abed86  verified S=0.107 L0
 416/960 rho-strong-aa  icv1-f2m59-tm943548413-98844ecc We94ced23c490  verified S=0.061 L0
 417/960 bsgs-neg       icv1-f2m59-tm943548413-98844ecc We94ced23c490  verified S=1.151 L0
 418/960 claw-pr        icv1-f2m59-tm943548413-98844ecc We94ced23c490  verified S=2.599 L0
 419/960 claw-c1        icv1-f2m59-tm943548413-98844ecc We94ced23c490  verified S=0.511 L0
 420/960 rho-strong     icv1-f2m59-tm943548413-98844ecc We94ced23c490  verified S=0.061 L0
 421/960 rho-strong-aa  icv1-f2m59-tm943548413-98844ecc Wc543e7ea85ad  verified S=0.101 L0
 422/960 bsgs-neg       icv1-f2m59-tm943548413-98844ecc Wc543e7ea85ad  verified S=0.690 L0
 423/960 claw-pr        icv1-f2m59-tm943548413-98844ecc Wc543e7ea85ad  verified S=4.667 L0
 424/960 claw-c1        icv1-f2m59-tm943548413-98844ecc Wc543e7ea85ad  verified S=0.350 L0
 425/960 rho-strong     icv1-f2m59-tm943548413-98844ecc Wc543e7ea85ad  verified S=0.101 L0
 426/960 rho-strong-aa  icv1-f2m59-tm943548413-98844ecc W45cc39917600  verified S=0.098 L0
 427/960 bsgs-neg       icv1-f2m59-tm943548413-98844ecc W45cc39917600  verified S=0.878 L0
 428/960 claw-pr        icv1-f2m59-tm943548413-98844ecc W45cc39917600  verified S=2.867 L0
 429/960 claw-c1        icv1-f2m59-tm943548413-98844ecc W45cc39917600  verified S=0.323 L0
 430/960 rho-strong     icv1-f2m59-tm943548413-98844ecc W45cc39917600  verified S=0.098 L0
 431/960 rho-strong-aa  icv1-f2m59-tm943548413-98844ecc W227847c047b8  verified S=0.278 L0
 432/960 bsgs-neg       icv1-f2m59-tm943548413-98844ecc W227847c047b8  verified S=0.871 L0
 433/960 claw-pr        icv1-f2m59-tm943548413-98844ecc W227847c047b8  verified S=0.855 L0
 434/960 claw-c1        icv1-f2m59-tm943548413-98844ecc W227847c047b8  verified S=0.162 L0
 435/960 rho-strong     icv1-f2m59-tm943548413-98844ecc W227847c047b8  verified S=0.278 L0
 436/960 rho-strong-aa  icv1-f2m59-tm943548413-98844ecc We6641f362dd4  verified S=0.009 L0
 437/960 bsgs-neg       icv1-f2m59-tm943548413-98844ecc We6641f362dd4  verified S=0.963 L0
 438/960 claw-pr        icv1-f2m59-tm943548413-98844ecc We6641f362dd4  verified S=0.260 L0
 439/960 claw-c1        icv1-f2m59-tm943548413-98844ecc We6641f362dd4  verified S=0.162 L0
 440/960 rho-strong     icv1-f2m59-tm943548413-98844ecc We6641f362dd4  verified S=0.009 L0
 441/960 rho-strong-aa  icv1-f2m61-t158598901-ab42b6c5 W72186b6bd41d  verified S=0.131 L0
 442/960 bsgs-neg       icv1-f2m61-t158598901-ab42b6c5 W72186b6bd41d  verified S=0.993 L0
 443/960 claw-pr        icv1-f2m61-t158598901-ab42b6c5 W72186b6bd41d  verified S=0.285 L0
 444/960 claw-c1        icv1-f2m61-t158598901-ab42b6c5 W72186b6bd41d  verified S=0.172 L0
 445/960 rho-strong     icv1-f2m61-t158598901-ab42b6c5 W72186b6bd41d  verified S=0.131 L0
 446/960 rho-strong-aa  icv1-f2m61-t158598901-ab42b6c5 W197871c54b8d  verified S=0.145 L0
 447/960 bsgs-neg       icv1-f2m61-t158598901-ab42b6c5 W197871c54b8d  verified S=0.576 L0
 448/960 claw-pr        icv1-f2m61-t158598901-ab42b6c5 W197871c54b8d  verified S=9.658 L0
 449/960 claw-c1        icv1-f2m61-t158598901-ab42b6c5 W197871c54b8d  verified S=0.481 L0
 450/960 rho-strong     icv1-f2m61-t158598901-ab42b6c5 W197871c54b8d  verified S=0.145 L0
 451/960 rho-strong-aa  icv1-f2m61-t158598901-ab42b6c5 Wbdf80ab39dd2  verified S=0.062 L0
 452/960 bsgs-neg       icv1-f2m61-t158598901-ab42b6c5 Wbdf80ab39dd2  verified S=1.185 L0
 453/960 claw-pr        icv1-f2m61-t158598901-ab42b6c5 Wbdf80ab39dd2  verified S=3.956 L0
 454/960 claw-c1        icv1-f2m61-t158598901-ab42b6c5 Wbdf80ab39dd2  verified S=0.165 L0
 455/960 rho-strong     icv1-f2m61-t158598901-ab42b6c5 Wbdf80ab39dd2  verified S=0.062 L0
 456/960 rho-strong-aa  icv1-f2m61-t158598901-ab42b6c5 W186016f13a05  verified S=0.037 L0
 457/960 bsgs-neg       icv1-f2m61-t158598901-ab42b6c5 W186016f13a05  verified S=1.010 L0
 458/960 claw-pr        icv1-f2m61-t158598901-ab42b6c5 W186016f13a05  verified S=7.919 L0
 459/960 claw-c1        icv1-f2m61-t158598901-ab42b6c5 W186016f13a05  verified S=0.248 L0
 460/960 rho-strong     icv1-f2m61-t158598901-ab42b6c5 W186016f13a05  verified S=0.037 L0
 461/960 rho-strong-aa  icv1-f2m61-t158598901-ab42b6c5 Wadcd4784c98b  verified S=0.187 L0
 462/960 bsgs-neg       icv1-f2m61-t158598901-ab42b6c5 Wadcd4784c98b  verified S=0.963 L0
 463/960 claw-pr        icv1-f2m61-t158598901-ab42b6c5 Wadcd4784c98b  verified S=1.529 L0
 464/960 claw-c1        icv1-f2m61-t158598901-ab42b6c5 Wadcd4784c98b  verified S=0.307 L0
 465/960 rho-strong     icv1-f2m61-t158598901-ab42b6c5 Wadcd4784c98b  verified S=0.187 L0
 466/960 rho-strong-aa  icv1-f2m61-t158598901-ab42b6c5 Wc19870560ac3  verified S=0.153 L0
 467/960 bsgs-neg       icv1-f2m61-t158598901-ab42b6c5 Wc19870560ac3  verified S=0.568 L0
 468/960 claw-pr        icv1-f2m61-t158598901-ab42b6c5 Wc19870560ac3  verified S=4.346 L0
 469/960 claw-c1        icv1-f2m61-t158598901-ab42b6c5 Wc19870560ac3  verified S=0.583 L0
 470/960 rho-strong     icv1-f2m61-t158598901-ab42b6c5 Wc19870560ac3  verified S=0.153 L0
 471/960 rho-strong-aa  icv1-f2m61-t158598901-ab42b6c5 W4ab4b8aa389e  verified S=0.089 L0
 472/960 bsgs-neg       icv1-f2m61-t158598901-ab42b6c5 W4ab4b8aa389e  verified S=1.089 L0
 473/960 claw-pr        icv1-f2m61-t158598901-ab42b6c5 W4ab4b8aa389e  verified S=0.404 L0
 474/960 claw-c1        icv1-f2m61-t158598901-ab42b6c5 W4ab4b8aa389e  verified S=0.148 L0
 475/960 rho-strong     icv1-f2m61-t158598901-ab42b6c5 W4ab4b8aa389e  verified S=0.089 L0
 476/960 rho-strong-aa  icv1-f2m61-t158598901-ab42b6c5 W08e3253c2709  verified S=0.132 L0
 477/960 bsgs-neg       icv1-f2m61-t158598901-ab42b6c5 W08e3253c2709  verified S=0.851 L0
 478/960 claw-pr        icv1-f2m61-t158598901-ab42b6c5 W08e3253c2709  verified S=0.305 L0
 479/960 claw-c1        icv1-f2m61-t158598901-ab42b6c5 W08e3253c2709  verified S=0.166 L0
 480/960 rho-strong     icv1-f2m61-t158598901-ab42b6c5 W08e3253c2709  verified S=0.132 L0
 481/960 rho-strong     icv1-f2m43-tm998717-e2e742b0 W7c6b4bd635a0  verified S=0.228 L0
 482/960 claw-c1        icv1-f2m43-tm998717-e2e742b0 W7c6b4bd635a0  verified S=0.488 L0
 483/960 claw-pr        icv1-f2m43-tm998717-e2e742b0 W7c6b4bd635a0  verified S=1.063 L0
 484/960 bsgs-neg       icv1-f2m43-tm998717-e2e742b0 W7c6b4bd635a0  verified S=1.229 L0
 485/960 rho-strong-aa  icv1-f2m43-tm998717-e2e742b0 W7c6b4bd635a0  verified S=0.228 L0
 486/960 rho-strong     icv1-f2m43-tm998717-e2e742b0 W87ea00c9049e  verified S=0.210 L0
 487/960 claw-c1        icv1-f2m43-tm998717-e2e742b0 W87ea00c9049e  verified S=0.280 L0
 488/960 claw-pr        icv1-f2m43-tm998717-e2e742b0 W87ea00c9049e  verified S=1.817 L0
 489/960 bsgs-neg       icv1-f2m43-tm998717-e2e742b0 W87ea00c9049e  verified S=1.071 L0
 490/960 rho-strong-aa  icv1-f2m43-tm998717-e2e742b0 W87ea00c9049e  verified S=0.210 L0
 491/960 rho-strong     icv1-f2m43-tm998717-e2e742b0 W4635770ca189  verified S=0.068 L0
 492/960 claw-c1        icv1-f2m43-tm998717-e2e742b0 W4635770ca189  verified S=0.247 L0
 493/960 claw-pr        icv1-f2m43-tm998717-e2e742b0 W4635770ca189  verified S=10.304 L0
 494/960 bsgs-neg       icv1-f2m43-tm998717-e2e742b0 W4635770ca189  verified S=1.348 L0
 495/960 rho-strong-aa  icv1-f2m43-tm998717-e2e742b0 W4635770ca189  verified S=0.068 L0
 496/960 rho-strong     icv1-f2m43-tm998717-e2e742b0 W155849b06552  verified S=0.309 L0
 497/960 claw-c1        icv1-f2m43-tm998717-e2e742b0 W155849b06552  verified S=0.396 L0
 498/960 claw-pr        icv1-f2m43-tm998717-e2e742b0 W155849b06552  verified S=1.124 L0
 499/960 bsgs-neg       icv1-f2m43-tm998717-e2e742b0 W155849b06552  verified S=0.674 L0
 500/960 rho-strong-aa  icv1-f2m43-tm998717-e2e742b0 W155849b06552  verified S=0.309 L0
 501/960 rho-strong     icv1-f2m43-tm998717-e2e742b0 W5f00f1b399a9  verified S=0.293 L0
 502/960 claw-c1        icv1-f2m43-tm998717-e2e742b0 W5f00f1b399a9  verified S=0.464 L0
 503/960 claw-pr        icv1-f2m43-tm998717-e2e742b0 W5f00f1b399a9  verified S=0.372 L0
 504/960 bsgs-neg       icv1-f2m43-tm998717-e2e742b0 W5f00f1b399a9  verified S=1.001 L0
 505/960 rho-strong-aa  icv1-f2m43-tm998717-e2e742b0 W5f00f1b399a9  verified S=0.293 L0
 506/960 rho-strong     icv1-f2m43-tm998717-e2e742b0 Wd0cac4b93fa5  verified S=0.184 L0
 507/960 claw-c1        icv1-f2m43-tm998717-e2e742b0 Wd0cac4b93fa5  verified S=0.432 L0
 508/960 claw-pr        icv1-f2m43-tm998717-e2e742b0 Wd0cac4b93fa5  verified S=0.896 L0
 509/960 bsgs-neg       icv1-f2m43-tm998717-e2e742b0 Wd0cac4b93fa5  verified S=0.680 L0
 510/960 rho-strong-aa  icv1-f2m43-tm998717-e2e742b0 Wd0cac4b93fa5  verified S=0.184 L0
 511/960 rho-strong     icv1-f2m43-tm998717-e2e742b0 We9f73ed106ef  verified S=0.033 L0
 512/960 claw-c1        icv1-f2m43-tm998717-e2e742b0 We9f73ed106ef  verified S=0.433 L0
 513/960 claw-pr        icv1-f2m43-tm998717-e2e742b0 We9f73ed106ef  verified S=8.000 L0
 514/960 bsgs-neg       icv1-f2m43-tm998717-e2e742b0 We9f73ed106ef  verified S=0.527 L0
 515/960 rho-strong-aa  icv1-f2m43-tm998717-e2e742b0 We9f73ed106ef  verified S=0.033 L0
 516/960 rho-strong     icv1-f2m43-tm998717-e2e742b0 W3d56b9a2cc0a  verified S=0.316 L0
 517/960 claw-c1        icv1-f2m43-tm998717-e2e742b0 W3d56b9a2cc0a  verified S=0.309 L0
 518/960 claw-pr        icv1-f2m43-tm998717-e2e742b0 W3d56b9a2cc0a  verified S=1.748 L0
 519/960 bsgs-neg       icv1-f2m43-tm998717-e2e742b0 W3d56b9a2cc0a  verified S=0.751 L0
 520/960 rho-strong-aa  icv1-f2m43-tm998717-e2e742b0 W3d56b9a2cc0a  verified S=0.316 L0
 521/960 rho-strong     icv1-f2m47-t22705043-f4e44623 W2440c5afb645  verified S=0.141 L0
 522/960 claw-c1        icv1-f2m47-t22705043-f4e44623 W2440c5afb645  verified S=0.416 L0
 523/960 claw-pr        icv1-f2m47-t22705043-f4e44623 W2440c5afb645  verified S=8.654 L0
 524/960 bsgs-neg       icv1-f2m47-t22705043-f4e44623 W2440c5afb645  verified S=0.505 L0
 525/960 rho-strong-aa  icv1-f2m47-t22705043-f4e44623 W2440c5afb645  verified S=0.141 L0
 526/960 rho-strong     icv1-f2m47-t22705043-f4e44623 Wa5ba9217264c  verified S=0.330 L0
 527/960 claw-c1        icv1-f2m47-t22705043-f4e44623 Wa5ba9217264c  verified S=0.200 L0
 528/960 claw-pr        icv1-f2m47-t22705043-f4e44623 Wa5ba9217264c  verified S=5.548 L0
 529/960 bsgs-neg       icv1-f2m47-t22705043-f4e44623 Wa5ba9217264c  verified S=1.374 L0
 530/960 rho-strong-aa  icv1-f2m47-t22705043-f4e44623 Wa5ba9217264c  verified S=0.330 L0
 531/960 rho-strong     icv1-f2m47-t22705043-f4e44623 Wa782142e793d  verified S=0.174 L0
 532/960 claw-c1        icv1-f2m47-t22705043-f4e44623 Wa782142e793d  verified S=0.172 L0
 533/960 claw-pr        icv1-f2m47-t22705043-f4e44623 Wa782142e793d  verified S=4.482 L0
 534/960 bsgs-neg       icv1-f2m47-t22705043-f4e44623 Wa782142e793d  verified S=1.141 L0
 535/960 rho-strong-aa  icv1-f2m47-t22705043-f4e44623 Wa782142e793d  verified S=0.174 L0
 536/960 rho-strong     icv1-f2m47-t22705043-f4e44623 Wa53b46bb19ed  verified S=0.246 L0
 537/960 claw-c1        icv1-f2m47-t22705043-f4e44623 Wa53b46bb19ed  verified S=0.802 L0
 538/960 claw-pr        icv1-f2m47-t22705043-f4e44623 Wa53b46bb19ed  verified S=0.653 L0
 539/960 bsgs-neg       icv1-f2m47-t22705043-f4e44623 Wa53b46bb19ed  verified S=1.022 L0
 540/960 rho-strong-aa  icv1-f2m47-t22705043-f4e44623 Wa53b46bb19ed  verified S=0.246 L0
 541/960 rho-strong     icv1-f2m47-t22705043-f4e44623 Wcddd3828e0fb  verified S=0.118 L0
 542/960 claw-c1        icv1-f2m47-t22705043-f4e44623 Wcddd3828e0fb  verified S=0.368 L0
 543/960 claw-pr        icv1-f2m47-t22705043-f4e44623 Wcddd3828e0fb  verified S=6.751 L0
 544/960 bsgs-neg       icv1-f2m47-t22705043-f4e44623 Wcddd3828e0fb  verified S=0.796 L0
 545/960 rho-strong-aa  icv1-f2m47-t22705043-f4e44623 Wcddd3828e0fb  verified S=0.118 L0
 546/960 rho-strong     icv1-f2m47-t22705043-f4e44623 W369541526a70  verified S=0.302 L0
 547/960 claw-c1        icv1-f2m47-t22705043-f4e44623 W369541526a70  verified S=0.168 L0
 548/960 claw-pr        icv1-f2m47-t22705043-f4e44623 W369541526a70  verified S=2.260 L0
 549/960 bsgs-neg       icv1-f2m47-t22705043-f4e44623 W369541526a70  verified S=1.478 L0
 550/960 rho-strong-aa  icv1-f2m47-t22705043-f4e44623 W369541526a70  verified S=0.302 L0
 551/960 rho-strong     icv1-f2m47-t22705043-f4e44623 W0c2ddaa7ca5d  verified S=0.204 L0
 552/960 claw-c1        icv1-f2m47-t22705043-f4e44623 W0c2ddaa7ca5d  verified S=0.372 L0
 553/960 claw-pr        icv1-f2m47-t22705043-f4e44623 W0c2ddaa7ca5d  verified S=1.067 L0
 554/960 bsgs-neg       icv1-f2m47-t22705043-f4e44623 W0c2ddaa7ca5d  verified S=0.961 L0
 555/960 rho-strong-aa  icv1-f2m47-t22705043-f4e44623 W0c2ddaa7ca5d  verified S=0.204 L0
 556/960 rho-strong     icv1-f2m47-t22705043-f4e44623 W0bc43eb49e91  verified S=0.182 L0
 557/960 claw-c1        icv1-f2m47-t22705043-f4e44623 W0bc43eb49e91  verified S=0.378 L0
 558/960 claw-pr        icv1-f2m47-t22705043-f4e44623 W0bc43eb49e91  verified S=11.438 L0
 559/960 bsgs-neg       icv1-f2m47-t22705043-f4e44623 W0bc43eb49e91  verified S=0.889 L0
 560/960 rho-strong-aa  icv1-f2m47-t22705043-f4e44623 W0bc43eb49e91  verified S=0.182 L0
 561/960 rho-strong     icv1-f2m41-tm2308219-7f48b14a W8801317d8543  verified S=0.105 L0
 562/960 claw-c1        icv1-f2m41-tm2308219-7f48b14a W8801317d8543  verified S=0.337 L0
 563/960 claw-pr        icv1-f2m41-tm2308219-7f48b14a W8801317d8543  verified S=2.918 L0
 564/960 bsgs-neg       icv1-f2m41-tm2308219-7f48b14a W8801317d8543  verified S=1.460 L0
 565/960 rho-strong-aa  icv1-f2m41-tm2308219-7f48b14a W8801317d8543  verified S=0.105 L0
 566/960 rho-strong     icv1-f2m41-tm2308219-7f48b14a W4ff75f31d875  verified S=0.028 L0
 567/960 claw-c1        icv1-f2m41-tm2308219-7f48b14a W4ff75f31d875  verified S=0.363 L0
 568/960 claw-pr        icv1-f2m41-tm2308219-7f48b14a W4ff75f31d875  verified S=0.543 L0
 569/960 bsgs-neg       icv1-f2m41-tm2308219-7f48b14a W4ff75f31d875  verified S=1.442 L0
 570/960 rho-strong-aa  icv1-f2m41-tm2308219-7f48b14a W4ff75f31d875  verified S=0.028 L0
 571/960 rho-strong     icv1-f2m41-tm2308219-7f48b14a W2d67093825fe  verified S=0.312 L0
 572/960 claw-c1        icv1-f2m41-tm2308219-7f48b14a W2d67093825fe  verified S=0.211 L0
 573/960 claw-pr        icv1-f2m41-tm2308219-7f48b14a W2d67093825fe  verified S=8.690 L0
 574/960 bsgs-neg       icv1-f2m41-tm2308219-7f48b14a W2d67093825fe  verified S=1.154 L0
 575/960 rho-strong-aa  icv1-f2m41-tm2308219-7f48b14a W2d67093825fe  verified S=0.312 L0
 576/960 rho-strong     icv1-f2m41-tm2308219-7f48b14a Wd9e69f3bb95e  verified S=0.175 L0
 577/960 claw-c1        icv1-f2m41-tm2308219-7f48b14a Wd9e69f3bb95e  verified S=0.249 L0
 578/960 claw-pr        icv1-f2m41-tm2308219-7f48b14a Wd9e69f3bb95e  verified S=13.710 L0
 579/960 bsgs-neg       icv1-f2m41-tm2308219-7f48b14a Wd9e69f3bb95e  verified S=0.682 L0
 580/960 rho-strong-aa  icv1-f2m41-tm2308219-7f48b14a Wd9e69f3bb95e  verified S=0.175 L0
 581/960 rho-strong     icv1-f2m41-tm2308219-7f48b14a W8ecafc43bab1  verified S=0.102 L0
 582/960 claw-c1        icv1-f2m41-tm2308219-7f48b14a W8ecafc43bab1  verified S=0.263 L0
 583/960 claw-pr        icv1-f2m41-tm2308219-7f48b14a W8ecafc43bab1  verified S=14.542 L0
 584/960 bsgs-neg       icv1-f2m41-tm2308219-7f48b14a W8ecafc43bab1  verified S=1.015 L0
 585/960 rho-strong-aa  icv1-f2m41-tm2308219-7f48b14a W8ecafc43bab1  verified S=0.102 L0
 586/960 rho-strong     icv1-f2m41-tm2308219-7f48b14a W989f177acf00  verified S=0.086 L0
 587/960 claw-c1        icv1-f2m41-tm2308219-7f48b14a W989f177acf00  verified S=0.205 L0
 588/960 claw-pr        icv1-f2m41-tm2308219-7f48b14a W989f177acf00  verified S=11.158 L0
 589/960 bsgs-neg       icv1-f2m41-tm2308219-7f48b14a W989f177acf00  verified S=0.518 L0
 590/960 rho-strong-aa  icv1-f2m41-tm2308219-7f48b14a W989f177acf00  verified S=0.086 L0
 591/960 rho-strong     icv1-f2m41-tm2308219-7f48b14a W223ee4e3883f  verified S=0.036 L0
 592/960 claw-c1        icv1-f2m41-tm2308219-7f48b14a W223ee4e3883f  verified S=0.695 L0
 593/960 claw-pr        icv1-f2m41-tm2308219-7f48b14a W223ee4e3883f  verified S=2.725 L0
 594/960 bsgs-neg       icv1-f2m41-tm2308219-7f48b14a W223ee4e3883f  verified S=0.549 L0
 595/960 rho-strong-aa  icv1-f2m41-tm2308219-7f48b14a W223ee4e3883f  verified S=0.036 L0
 596/960 rho-strong     icv1-f2m41-tm2308219-7f48b14a Wfb452dbbe81c  verified S=0.073 L0
 597/960 claw-c1        icv1-f2m41-tm2308219-7f48b14a Wfb452dbbe81c  verified S=0.643 L0
 598/960 claw-pr        icv1-f2m41-tm2308219-7f48b14a Wfb452dbbe81c  verified S=1.816 L0
 599/960 bsgs-neg       icv1-f2m41-tm2308219-7f48b14a Wfb452dbbe81c  verified S=0.500 L0
 600/960 rho-strong-aa  icv1-f2m41-tm2308219-7f48b14a Wfb452dbbe81c  verified S=0.073 L0
 601/960 rho-strong     icv1-f2m53-tm56619371-dac20a85 Wc3d23f1437e1  verified S=0.152 L0
 602/960 claw-c1        icv1-f2m53-tm56619371-dac20a85 Wc3d23f1437e1  verified S=0.389 L0
 603/960 claw-pr        icv1-f2m53-tm56619371-dac20a85 Wc3d23f1437e1  verified S=8.934 L0
 604/960 bsgs-neg       icv1-f2m53-tm56619371-dac20a85 Wc3d23f1437e1  verified S=0.764 L0
 605/960 rho-strong-aa  icv1-f2m53-tm56619371-dac20a85 Wc3d23f1437e1  verified S=0.152 L0
 606/960 rho-strong     icv1-f2m53-tm56619371-dac20a85 Wb315464bf88d  verified S=0.221 L0
 607/960 claw-c1        icv1-f2m53-tm56619371-dac20a85 Wb315464bf88d  verified S=0.453 L0
 608/960 claw-pr        icv1-f2m53-tm56619371-dac20a85 Wb315464bf88d  verified S=0.619 L0
 609/960 bsgs-neg       icv1-f2m53-tm56619371-dac20a85 Wb315464bf88d  verified S=1.343 L0
 610/960 rho-strong-aa  icv1-f2m53-tm56619371-dac20a85 Wb315464bf88d  verified S=0.221 L0
 611/960 rho-strong     icv1-f2m53-tm56619371-dac20a85 W2161da065326  verified S=0.071 L0
 612/960 claw-c1        icv1-f2m53-tm56619371-dac20a85 W2161da065326  verified S=0.314 L0
 613/960 claw-pr        icv1-f2m53-tm56619371-dac20a85 W2161da065326  verified S=12.252 L0
 614/960 bsgs-neg       icv1-f2m53-tm56619371-dac20a85 W2161da065326  verified S=1.256 L0
 615/960 rho-strong-aa  icv1-f2m53-tm56619371-dac20a85 W2161da065326  verified S=0.071 L0
 616/960 rho-strong     icv1-f2m53-tm56619371-dac20a85 W3329fff26768  verified S=0.117 L0
 617/960 claw-c1        icv1-f2m53-tm56619371-dac20a85 W3329fff26768  verified S=0.271 L0
 618/960 claw-pr        icv1-f2m53-tm56619371-dac20a85 W3329fff26768  verified S=1.824 L0
 619/960 bsgs-neg       icv1-f2m53-tm56619371-dac20a85 W3329fff26768  verified S=0.695 L0
 620/960 rho-strong-aa  icv1-f2m53-tm56619371-dac20a85 W3329fff26768  verified S=0.117 L0
 621/960 rho-strong     icv1-f2m53-tm56619371-dac20a85 Wec2e6ee52a9d  verified S=0.109 L0
 622/960 claw-c1        icv1-f2m53-tm56619371-dac20a85 Wec2e6ee52a9d  verified S=0.160 L0
 623/960 claw-pr        icv1-f2m53-tm56619371-dac20a85 Wec2e6ee52a9d  verified S=0.284 L0
 624/960 bsgs-neg       icv1-f2m53-tm56619371-dac20a85 Wec2e6ee52a9d  verified S=0.618 L0
 625/960 rho-strong-aa  icv1-f2m53-tm56619371-dac20a85 Wec2e6ee52a9d  verified S=0.109 L0
 626/960 rho-strong     icv1-f2m53-tm56619371-dac20a85 Wd3b482e8ba48  verified S=0.149 L0
 627/960 claw-c1        icv1-f2m53-tm56619371-dac20a85 Wd3b482e8ba48  verified S=0.170 L0
 628/960 claw-pr        icv1-f2m53-tm56619371-dac20a85 Wd3b482e8ba48  verified S=1.439 L0
 629/960 bsgs-neg       icv1-f2m53-tm56619371-dac20a85 Wd3b482e8ba48  verified S=1.030 L0
 630/960 rho-strong-aa  icv1-f2m53-tm56619371-dac20a85 Wd3b482e8ba48  verified S=0.149 L0
 631/960 rho-strong     icv1-f2m53-tm56619371-dac20a85 Wb649c5df75d0  verified S=0.134 L0
 632/960 claw-c1        icv1-f2m53-tm56619371-dac20a85 Wb649c5df75d0  verified S=0.192 L0
 633/960 claw-pr        icv1-f2m53-tm56619371-dac20a85 Wb649c5df75d0  verified S=4.386 L0
 634/960 bsgs-neg       icv1-f2m53-tm56619371-dac20a85 Wb649c5df75d0  verified S=1.417 L0
 635/960 rho-strong-aa  icv1-f2m53-tm56619371-dac20a85 Wb649c5df75d0  verified S=0.134 L0
 636/960 rho-strong     icv1-f2m53-tm56619371-dac20a85 W6fbe5c6730eb  verified S=0.076 L0
 637/960 claw-c1        icv1-f2m53-tm56619371-dac20a85 W6fbe5c6730eb  verified S=0.514 L0
 638/960 claw-pr        icv1-f2m53-tm56619371-dac20a85 W6fbe5c6730eb  verified S=0.430 L0
 639/960 bsgs-neg       icv1-f2m53-tm56619371-dac20a85 W6fbe5c6730eb  verified S=1.328 L0
 640/960 rho-strong-aa  icv1-f2m53-tm56619371-dac20a85 W6fbe5c6730eb  verified S=0.076 L0
 641/960 rho-strong     icv1-f2m59-tm943548413-98844ecc W3157b0d2790d  verified S=0.116 L0
 642/960 claw-c1        icv1-f2m59-tm943548413-98844ecc W3157b0d2790d  verified S=0.255 L0
 643/960 claw-pr        icv1-f2m59-tm943548413-98844ecc W3157b0d2790d  verified S=2.050 L0
 644/960 bsgs-neg       icv1-f2m59-tm943548413-98844ecc W3157b0d2790d  verified S=1.156 L0
 645/960 rho-strong-aa  icv1-f2m59-tm943548413-98844ecc W3157b0d2790d  verified S=0.116 L0
 646/960 rho-strong     icv1-f2m59-tm943548413-98844ecc Wc43ce85a2dab  verified S=0.121 L0
 647/960 claw-c1        icv1-f2m59-tm943548413-98844ecc Wc43ce85a2dab  verified S=0.176 L0
 648/960 claw-pr        icv1-f2m59-tm943548413-98844ecc Wc43ce85a2dab  verified S=3.790 L0
 649/960 bsgs-neg       icv1-f2m59-tm943548413-98844ecc Wc43ce85a2dab  verified S=0.525 L0
 650/960 rho-strong-aa  icv1-f2m59-tm943548413-98844ecc Wc43ce85a2dab  verified S=0.121 L0
 651/960 rho-strong     icv1-f2m59-tm943548413-98844ecc W86e058abed86  verified S=0.168 L0
 652/960 claw-c1        icv1-f2m59-tm943548413-98844ecc W86e058abed86  verified S=0.137 L0
 653/960 claw-pr        icv1-f2m59-tm943548413-98844ecc W86e058abed86  verified S=2.354 L0
 654/960 bsgs-neg       icv1-f2m59-tm943548413-98844ecc W86e058abed86  verified S=1.263 L0
 655/960 rho-strong-aa  icv1-f2m59-tm943548413-98844ecc W86e058abed86  verified S=0.168 L0
 656/960 rho-strong     icv1-f2m59-tm943548413-98844ecc We94ced23c490  verified S=0.149 L0
 657/960 claw-c1        icv1-f2m59-tm943548413-98844ecc We94ced23c490  verified S=0.184 L0
 658/960 claw-pr        icv1-f2m59-tm943548413-98844ecc We94ced23c490  verified S=2.285 L0
 659/960 bsgs-neg       icv1-f2m59-tm943548413-98844ecc We94ced23c490  verified S=1.151 L0
 660/960 rho-strong-aa  icv1-f2m59-tm943548413-98844ecc We94ced23c490  verified S=0.149 L0
 661/960 rho-strong     icv1-f2m59-tm943548413-98844ecc Wc543e7ea85ad  verified S=0.140 L0
 662/960 claw-c1        icv1-f2m59-tm943548413-98844ecc Wc543e7ea85ad  verified S=0.515 L0
 663/960 claw-pr        icv1-f2m59-tm943548413-98844ecc Wc543e7ea85ad  verified S=0.627 L0
 664/960 bsgs-neg       icv1-f2m59-tm943548413-98844ecc Wc543e7ea85ad  verified S=0.690 L0
 665/960 rho-strong-aa  icv1-f2m59-tm943548413-98844ecc Wc543e7ea85ad  verified S=0.140 L0
 666/960 rho-strong     icv1-f2m59-tm943548413-98844ecc W45cc39917600  verified S=0.087 L0
 667/960 claw-c1        icv1-f2m59-tm943548413-98844ecc W45cc39917600  verified S=0.203 L0
 668/960 claw-pr        icv1-f2m59-tm943548413-98844ecc W45cc39917600  verified S=12.075 L0
 669/960 bsgs-neg       icv1-f2m59-tm943548413-98844ecc W45cc39917600  verified S=0.878 L0
 670/960 rho-strong-aa  icv1-f2m59-tm943548413-98844ecc W45cc39917600  verified S=0.087 L0
 671/960 rho-strong     icv1-f2m59-tm943548413-98844ecc W227847c047b8  verified S=0.047 L0
 672/960 claw-c1        icv1-f2m59-tm943548413-98844ecc W227847c047b8  verified S=0.154 L0
 673/960 claw-pr        icv1-f2m59-tm943548413-98844ecc W227847c047b8  verified S=3.327 L0
 674/960 bsgs-neg       icv1-f2m59-tm943548413-98844ecc W227847c047b8  verified S=0.871 L0
 675/960 rho-strong-aa  icv1-f2m59-tm943548413-98844ecc W227847c047b8  verified S=0.047 L0
 676/960 rho-strong     icv1-f2m59-tm943548413-98844ecc We6641f362dd4  verified S=0.095 L0
 677/960 claw-c1        icv1-f2m59-tm943548413-98844ecc We6641f362dd4  verified S=0.139 L0
 678/960 claw-pr        icv1-f2m59-tm943548413-98844ecc We6641f362dd4  verified S=1.591 L0
 679/960 bsgs-neg       icv1-f2m59-tm943548413-98844ecc We6641f362dd4  verified S=0.963 L0
 680/960 rho-strong-aa  icv1-f2m59-tm943548413-98844ecc We6641f362dd4  verified S=0.095 L0
 681/960 rho-strong     icv1-f2m61-t158598901-ab42b6c5 W72186b6bd41d  verified S=0.072 L0
 682/960 claw-c1        icv1-f2m61-t158598901-ab42b6c5 W72186b6bd41d  verified S=0.243 L0
 683/960 claw-pr        icv1-f2m61-t158598901-ab42b6c5 W72186b6bd41d  verified S=3.295 L0
 684/960 bsgs-neg       icv1-f2m61-t158598901-ab42b6c5 W72186b6bd41d  verified S=0.993 L0
 685/960 rho-strong-aa  icv1-f2m61-t158598901-ab42b6c5 W72186b6bd41d  verified S=0.072 L0
 686/960 rho-strong     icv1-f2m61-t158598901-ab42b6c5 W197871c54b8d  verified S=0.174 L0
 687/960 claw-c1        icv1-f2m61-t158598901-ab42b6c5 W197871c54b8d  verified S=0.315 L0
 688/960 claw-pr        icv1-f2m61-t158598901-ab42b6c5 W197871c54b8d  verified S=0.144 L0
 689/960 bsgs-neg       icv1-f2m61-t158598901-ab42b6c5 W197871c54b8d  verified S=0.576 L0
 690/960 rho-strong-aa  icv1-f2m61-t158598901-ab42b6c5 W197871c54b8d  verified S=0.174 L0
 691/960 rho-strong     icv1-f2m61-t158598901-ab42b6c5 Wbdf80ab39dd2  verified S=0.208 L0
 692/960 claw-c1        icv1-f2m61-t158598901-ab42b6c5 Wbdf80ab39dd2  verified S=0.217 L0
 693/960 claw-pr        icv1-f2m61-t158598901-ab42b6c5 Wbdf80ab39dd2  verified S=1.573 L0
 694/960 bsgs-neg       icv1-f2m61-t158598901-ab42b6c5 Wbdf80ab39dd2  verified S=1.185 L0
 695/960 rho-strong-aa  icv1-f2m61-t158598901-ab42b6c5 Wbdf80ab39dd2  verified S=0.208 L0
 696/960 rho-strong     icv1-f2m61-t158598901-ab42b6c5 W186016f13a05  verified S=0.130 L0
 697/960 claw-c1        icv1-f2m61-t158598901-ab42b6c5 W186016f13a05  verified S=0.175 L0
 698/960 claw-pr        icv1-f2m61-t158598901-ab42b6c5 W186016f13a05  verified S=2.311 L0
 699/960 bsgs-neg       icv1-f2m61-t158598901-ab42b6c5 W186016f13a05  verified S=1.010 L0
 700/960 rho-strong-aa  icv1-f2m61-t158598901-ab42b6c5 W186016f13a05  verified S=0.130 L0
 701/960 rho-strong     icv1-f2m61-t158598901-ab42b6c5 Wadcd4784c98b  verified S=0.080 L0
 702/960 claw-c1        icv1-f2m61-t158598901-ab42b6c5 Wadcd4784c98b  verified S=0.165 L0
 703/960 claw-pr        icv1-f2m61-t158598901-ab42b6c5 Wadcd4784c98b  verified S=0.761 L0
 704/960 bsgs-neg       icv1-f2m61-t158598901-ab42b6c5 Wadcd4784c98b  verified S=0.963 L0
 705/960 rho-strong-aa  icv1-f2m61-t158598901-ab42b6c5 Wadcd4784c98b  verified S=0.080 L0
 706/960 rho-strong     icv1-f2m61-t158598901-ab42b6c5 Wc19870560ac3  verified S=0.135 L0
 707/960 claw-c1        icv1-f2m61-t158598901-ab42b6c5 Wc19870560ac3  verified S=0.569 L0
 708/960 claw-pr        icv1-f2m61-t158598901-ab42b6c5 Wc19870560ac3  verified S=1.098 L0
 709/960 bsgs-neg       icv1-f2m61-t158598901-ab42b6c5 Wc19870560ac3  verified S=0.568 L0
 710/960 rho-strong-aa  icv1-f2m61-t158598901-ab42b6c5 Wc19870560ac3  verified S=0.135 L0
 711/960 rho-strong     icv1-f2m61-t158598901-ab42b6c5 W4ab4b8aa389e  verified S=0.121 L0
 712/960 claw-c1        icv1-f2m61-t158598901-ab42b6c5 W4ab4b8aa389e  verified S=0.158 L0
 713/960 claw-pr        icv1-f2m61-t158598901-ab42b6c5 W4ab4b8aa389e  verified S=5.483 L0
 714/960 bsgs-neg       icv1-f2m61-t158598901-ab42b6c5 W4ab4b8aa389e  verified S=1.089 L0
 715/960 rho-strong-aa  icv1-f2m61-t158598901-ab42b6c5 W4ab4b8aa389e  verified S=0.121 L0
 716/960 rho-strong     icv1-f2m61-t158598901-ab42b6c5 W08e3253c2709  verified S=0.048 L0
 717/960 claw-c1        icv1-f2m61-t158598901-ab42b6c5 W08e3253c2709  verified S=0.353 L0
 718/960 claw-pr        icv1-f2m61-t158598901-ab42b6c5 W08e3253c2709  verified S=11.543 L0
 719/960 bsgs-neg       icv1-f2m61-t158598901-ab42b6c5 W08e3253c2709  verified S=0.851 L0
 720/960 rho-strong-aa  icv1-f2m61-t158598901-ab42b6c5 W08e3253c2709  verified S=0.048 L0
 721/960 rho-strong-aa  icv1-f2m43-tm998717-e2e742b0 W7c6b4bd635a0  verified S=0.239 L0
 722/960 bsgs-neg       icv1-f2m43-tm998717-e2e742b0 W7c6b4bd635a0  verified S=1.229 L0
 723/960 claw-pr        icv1-f2m43-tm998717-e2e742b0 W7c6b4bd635a0  verified S=0.727 L0
 724/960 claw-c1        icv1-f2m43-tm998717-e2e742b0 W7c6b4bd635a0  verified S=0.208 L0
 725/960 rho-strong     icv1-f2m43-tm998717-e2e742b0 W7c6b4bd635a0  verified S=0.239 L0
 726/960 rho-strong-aa  icv1-f2m43-tm998717-e2e742b0 W87ea00c9049e  verified S=0.363 L0
 727/960 bsgs-neg       icv1-f2m43-tm998717-e2e742b0 W87ea00c9049e  verified S=1.071 L0
 728/960 claw-pr        icv1-f2m43-tm998717-e2e742b0 W87ea00c9049e  verified S=2.865 L0
 729/960 claw-c1        icv1-f2m43-tm998717-e2e742b0 W87ea00c9049e  verified S=0.194 L0
 730/960 rho-strong     icv1-f2m43-tm998717-e2e742b0 W87ea00c9049e  verified S=0.363 L0
 731/960 rho-strong-aa  icv1-f2m43-tm998717-e2e742b0 W4635770ca189  verified S=0.070 L0
 732/960 bsgs-neg       icv1-f2m43-tm998717-e2e742b0 W4635770ca189  verified S=1.348 L0
 733/960 claw-pr        icv1-f2m43-tm998717-e2e742b0 W4635770ca189  verified S=5.679 L0
 734/960 claw-c1        icv1-f2m43-tm998717-e2e742b0 W4635770ca189  verified S=0.231 L0
 735/960 rho-strong     icv1-f2m43-tm998717-e2e742b0 W4635770ca189  verified S=0.070 L0
 736/960 rho-strong-aa  icv1-f2m43-tm998717-e2e742b0 W155849b06552  verified S=0.217 L0
 737/960 bsgs-neg       icv1-f2m43-tm998717-e2e742b0 W155849b06552  verified S=0.674 L0
 738/960 claw-pr        icv1-f2m43-tm998717-e2e742b0 W155849b06552  verified S=30.029 L0
 739/960 claw-c1        icv1-f2m43-tm998717-e2e742b0 W155849b06552  verified S=0.514 L0
 740/960 rho-strong     icv1-f2m43-tm998717-e2e742b0 W155849b06552  verified S=0.217 L0
 741/960 rho-strong-aa  icv1-f2m43-tm998717-e2e742b0 W5f00f1b399a9  verified S=0.329 L0
 742/960 bsgs-neg       icv1-f2m43-tm998717-e2e742b0 W5f00f1b399a9  verified S=1.001 L0
 743/960 claw-pr        icv1-f2m43-tm998717-e2e742b0 W5f00f1b399a9  verified S=1.189 L0
 744/960 claw-c1        icv1-f2m43-tm998717-e2e742b0 W5f00f1b399a9  verified S=0.195 L0
 745/960 rho-strong     icv1-f2m43-tm998717-e2e742b0 W5f00f1b399a9  verified S=0.329 L0
 746/960 rho-strong-aa  icv1-f2m43-tm998717-e2e742b0 Wd0cac4b93fa5  verified S=0.175 L0
 747/960 bsgs-neg       icv1-f2m43-tm998717-e2e742b0 Wd0cac4b93fa5  verified S=0.680 L0
 748/960 claw-pr        icv1-f2m43-tm998717-e2e742b0 Wd0cac4b93fa5  verified S=3.573 L0
 749/960 claw-c1        icv1-f2m43-tm998717-e2e742b0 Wd0cac4b93fa5  verified S=0.406 L0
 750/960 rho-strong     icv1-f2m43-tm998717-e2e742b0 Wd0cac4b93fa5  verified S=0.175 L0
 751/960 rho-strong-aa  icv1-f2m43-tm998717-e2e742b0 We9f73ed106ef  verified S=0.169 L0
 752/960 bsgs-neg       icv1-f2m43-tm998717-e2e742b0 We9f73ed106ef  verified S=0.527 L0
 753/960 claw-pr        icv1-f2m43-tm998717-e2e742b0 We9f73ed106ef  verified S=20.805 L0
 754/960 claw-c1        icv1-f2m43-tm998717-e2e742b0 We9f73ed106ef  verified S=0.724 L0
 755/960 rho-strong     icv1-f2m43-tm998717-e2e742b0 We9f73ed106ef  verified S=0.169 L0
 756/960 rho-strong-aa  icv1-f2m43-tm998717-e2e742b0 W3d56b9a2cc0a  verified S=0.094 L0
 757/960 bsgs-neg       icv1-f2m43-tm998717-e2e742b0 W3d56b9a2cc0a  verified S=0.751 L0
 758/960 claw-pr        icv1-f2m43-tm998717-e2e742b0 W3d56b9a2cc0a  verified S=1.323 L0
 759/960 claw-c1        icv1-f2m43-tm998717-e2e742b0 W3d56b9a2cc0a  verified S=0.204 L0
 760/960 rho-strong     icv1-f2m43-tm998717-e2e742b0 W3d56b9a2cc0a  verified S=0.094 L0
 761/960 rho-strong-aa  icv1-f2m47-t22705043-f4e44623 W2440c5afb645  verified S=0.199 L0
 762/960 bsgs-neg       icv1-f2m47-t22705043-f4e44623 W2440c5afb645  verified S=0.505 L0
 763/960 claw-pr        icv1-f2m47-t22705043-f4e44623 W2440c5afb645  verified S=0.982 L0
 764/960 claw-c1        icv1-f2m47-t22705043-f4e44623 W2440c5afb645  verified S=0.206 L0
 765/960 rho-strong     icv1-f2m47-t22705043-f4e44623 W2440c5afb645  verified S=0.199 L0
 766/960 rho-strong-aa  icv1-f2m47-t22705043-f4e44623 Wa5ba9217264c  verified S=0.148 L0
 767/960 bsgs-neg       icv1-f2m47-t22705043-f4e44623 Wa5ba9217264c  verified S=1.374 L0
 768/960 claw-pr        icv1-f2m47-t22705043-f4e44623 Wa5ba9217264c  verified S=0.032 L0
 769/960 claw-c1        icv1-f2m47-t22705043-f4e44623 Wa5ba9217264c  verified S=0.256 L0
 770/960 rho-strong     icv1-f2m47-t22705043-f4e44623 Wa5ba9217264c  verified S=0.148 L0
 771/960 rho-strong-aa  icv1-f2m47-t22705043-f4e44623 Wa782142e793d  verified S=0.067 L0
 772/960 bsgs-neg       icv1-f2m47-t22705043-f4e44623 Wa782142e793d  verified S=1.141 L0
 773/960 claw-pr        icv1-f2m47-t22705043-f4e44623 Wa782142e793d  verified S=8.092 L0
 774/960 claw-c1        icv1-f2m47-t22705043-f4e44623 Wa782142e793d  verified S=0.253 L0
 775/960 rho-strong     icv1-f2m47-t22705043-f4e44623 Wa782142e793d  verified S=0.067 L0
 776/960 rho-strong-aa  icv1-f2m47-t22705043-f4e44623 Wa53b46bb19ed  verified S=0.171 L0
 777/960 bsgs-neg       icv1-f2m47-t22705043-f4e44623 Wa53b46bb19ed  verified S=1.022 L0
 778/960 claw-pr        icv1-f2m47-t22705043-f4e44623 Wa53b46bb19ed  verified S=4.020 L0
 779/960 claw-c1        icv1-f2m47-t22705043-f4e44623 Wa53b46bb19ed  verified S=0.186 L0
 780/960 rho-strong     icv1-f2m47-t22705043-f4e44623 Wa53b46bb19ed  verified S=0.171 L0
 781/960 rho-strong-aa  icv1-f2m47-t22705043-f4e44623 Wcddd3828e0fb  verified S=0.230 L0
 782/960 bsgs-neg       icv1-f2m47-t22705043-f4e44623 Wcddd3828e0fb  verified S=0.796 L0
 783/960 claw-pr        icv1-f2m47-t22705043-f4e44623 Wcddd3828e0fb  verified S=8.814 L0
 784/960 claw-c1        icv1-f2m47-t22705043-f4e44623 Wcddd3828e0fb  verified S=1.062 L0
 785/960 rho-strong     icv1-f2m47-t22705043-f4e44623 Wcddd3828e0fb  verified S=0.230 L0
 786/960 rho-strong-aa  icv1-f2m47-t22705043-f4e44623 W369541526a70  verified S=0.083 L0
 787/960 bsgs-neg       icv1-f2m47-t22705043-f4e44623 W369541526a70  verified S=1.478 L0
 788/960 claw-pr        icv1-f2m47-t22705043-f4e44623 W369541526a70  verified S=10.635 L0
 789/960 claw-c1        icv1-f2m47-t22705043-f4e44623 W369541526a70  verified S=0.236 L0
 790/960 rho-strong     icv1-f2m47-t22705043-f4e44623 W369541526a70  verified S=0.083 L0
 791/960 rho-strong-aa  icv1-f2m47-t22705043-f4e44623 W0c2ddaa7ca5d  verified S=0.191 L0
 792/960 bsgs-neg       icv1-f2m47-t22705043-f4e44623 W0c2ddaa7ca5d  verified S=0.961 L0
 793/960 claw-pr        icv1-f2m47-t22705043-f4e44623 W0c2ddaa7ca5d  verified S=4.720 L0
 794/960 claw-c1        icv1-f2m47-t22705043-f4e44623 W0c2ddaa7ca5d  verified S=0.234 L0
 795/960 rho-strong     icv1-f2m47-t22705043-f4e44623 W0c2ddaa7ca5d  verified S=0.191 L0
 796/960 rho-strong-aa  icv1-f2m47-t22705043-f4e44623 W0bc43eb49e91  verified S=0.121 L0
 797/960 bsgs-neg       icv1-f2m47-t22705043-f4e44623 W0bc43eb49e91  verified S=0.889 L0
 798/960 claw-pr        icv1-f2m47-t22705043-f4e44623 W0bc43eb49e91  verified S=1.358 L0
 799/960 claw-c1        icv1-f2m47-t22705043-f4e44623 W0bc43eb49e91  verified S=0.579 L0
 800/960 rho-strong     icv1-f2m47-t22705043-f4e44623 W0bc43eb49e91  verified S=0.121 L0
 801/960 rho-strong-aa  icv1-f2m41-tm2308219-7f48b14a W8801317d8543  verified S=0.346 L0
 802/960 bsgs-neg       icv1-f2m41-tm2308219-7f48b14a W8801317d8543  verified S=1.460 L0
 803/960 claw-pr        icv1-f2m41-tm2308219-7f48b14a W8801317d8543  verified S=22.488 L0
 804/960 claw-c1        icv1-f2m41-tm2308219-7f48b14a W8801317d8543  verified S=0.444 L0
 805/960 rho-strong     icv1-f2m41-tm2308219-7f48b14a W8801317d8543  verified S=0.346 L0
 806/960 rho-strong-aa  icv1-f2m41-tm2308219-7f48b14a W4ff75f31d875  verified S=0.091 L0
 807/960 bsgs-neg       icv1-f2m41-tm2308219-7f48b14a W4ff75f31d875  verified S=1.442 L0
 808/960 claw-pr        icv1-f2m41-tm2308219-7f48b14a W4ff75f31d875  verified S=0.342 L0
 809/960 claw-c1        icv1-f2m41-tm2308219-7f48b14a W4ff75f31d875  verified S=0.285 L0
 810/960 rho-strong     icv1-f2m41-tm2308219-7f48b14a W4ff75f31d875  verified S=0.091 L0
 811/960 rho-strong-aa  icv1-f2m41-tm2308219-7f48b14a W2d67093825fe  verified S=0.100 L0
 812/960 bsgs-neg       icv1-f2m41-tm2308219-7f48b14a W2d67093825fe  verified S=1.154 L0
 813/960 claw-pr        icv1-f2m41-tm2308219-7f48b14a W2d67093825fe  verified S=7.069 L0
 814/960 claw-c1        icv1-f2m41-tm2308219-7f48b14a W2d67093825fe  verified S=0.369 L0
 815/960 rho-strong     icv1-f2m41-tm2308219-7f48b14a W2d67093825fe  verified S=0.100 L0
 816/960 rho-strong-aa  icv1-f2m41-tm2308219-7f48b14a Wd9e69f3bb95e  verified S=0.092 L0
 817/960 bsgs-neg       icv1-f2m41-tm2308219-7f48b14a Wd9e69f3bb95e  verified S=0.682 L0
 818/960 claw-pr        icv1-f2m41-tm2308219-7f48b14a Wd9e69f3bb95e  verified S=1.271 L0
 819/960 claw-c1        icv1-f2m41-tm2308219-7f48b14a Wd9e69f3bb95e  verified S=0.527 L0
 820/960 rho-strong     icv1-f2m41-tm2308219-7f48b14a Wd9e69f3bb95e  verified S=0.092 L0
 821/960 rho-strong-aa  icv1-f2m41-tm2308219-7f48b14a W8ecafc43bab1  verified S=0.212 L0
 822/960 bsgs-neg       icv1-f2m41-tm2308219-7f48b14a W8ecafc43bab1  verified S=1.015 L0
 823/960 claw-pr        icv1-f2m41-tm2308219-7f48b14a W8ecafc43bab1  verified S=2.005 L0
 824/960 claw-c1        icv1-f2m41-tm2308219-7f48b14a W8ecafc43bab1  verified S=0.362 L0
 825/960 rho-strong     icv1-f2m41-tm2308219-7f48b14a W8ecafc43bab1  verified S=0.212 L0
 826/960 rho-strong-aa  icv1-f2m41-tm2308219-7f48b14a W989f177acf00  verified S=0.136 L0
 827/960 bsgs-neg       icv1-f2m41-tm2308219-7f48b14a W989f177acf00  verified S=0.518 L0
 828/960 claw-pr        icv1-f2m41-tm2308219-7f48b14a W989f177acf00  verified S=1.144 L0
 829/960 claw-c1        icv1-f2m41-tm2308219-7f48b14a W989f177acf00  verified S=0.321 L0
 830/960 rho-strong     icv1-f2m41-tm2308219-7f48b14a W989f177acf00  verified S=0.136 L0
 831/960 rho-strong-aa  icv1-f2m41-tm2308219-7f48b14a W223ee4e3883f  verified S=0.109 L0
 832/960 bsgs-neg       icv1-f2m41-tm2308219-7f48b14a W223ee4e3883f  verified S=0.549 L0
 833/960 claw-pr        icv1-f2m41-tm2308219-7f48b14a W223ee4e3883f  verified S=12.105 L0
 834/960 claw-c1        icv1-f2m41-tm2308219-7f48b14a W223ee4e3883f  verified S=0.450 L0
 835/960 rho-strong     icv1-f2m41-tm2308219-7f48b14a W223ee4e3883f  verified S=0.109 L0
 836/960 rho-strong-aa  icv1-f2m41-tm2308219-7f48b14a Wfb452dbbe81c  verified S=0.254 L0
 837/960 bsgs-neg       icv1-f2m41-tm2308219-7f48b14a Wfb452dbbe81c  verified S=0.500 L0
 838/960 claw-pr        icv1-f2m41-tm2308219-7f48b14a Wfb452dbbe81c  verified S=2.100 L0
 839/960 claw-c1        icv1-f2m41-tm2308219-7f48b14a Wfb452dbbe81c  verified S=0.485 L0
 840/960 rho-strong     icv1-f2m41-tm2308219-7f48b14a Wfb452dbbe81c  verified S=0.254 L0
 841/960 rho-strong-aa  icv1-f2m53-tm56619371-dac20a85 Wc3d23f1437e1  verified S=0.138 L0
 842/960 bsgs-neg       icv1-f2m53-tm56619371-dac20a85 Wc3d23f1437e1  verified S=0.764 L0
 843/960 claw-pr        icv1-f2m53-tm56619371-dac20a85 Wc3d23f1437e1  verified S=3.421 L0
 844/960 claw-c1        icv1-f2m53-tm56619371-dac20a85 Wc3d23f1437e1  verified S=0.237 L0
 845/960 rho-strong     icv1-f2m53-tm56619371-dac20a85 Wc3d23f1437e1  verified S=0.138 L0
 846/960 rho-strong-aa  icv1-f2m53-tm56619371-dac20a85 Wb315464bf88d  verified S=0.044 L0
 847/960 bsgs-neg       icv1-f2m53-tm56619371-dac20a85 Wb315464bf88d  verified S=1.343 L0
 848/960 claw-pr        icv1-f2m53-tm56619371-dac20a85 Wb315464bf88d  verified S=2.366 L0
 849/960 claw-c1        icv1-f2m53-tm56619371-dac20a85 Wb315464bf88d  verified S=0.152 L0
 850/960 rho-strong     icv1-f2m53-tm56619371-dac20a85 Wb315464bf88d  verified S=0.044 L0
 851/960 rho-strong-aa  icv1-f2m53-tm56619371-dac20a85 W2161da065326  verified S=0.093 L0
 852/960 bsgs-neg       icv1-f2m53-tm56619371-dac20a85 W2161da065326  verified S=1.256 L0
 853/960 claw-pr        icv1-f2m53-tm56619371-dac20a85 W2161da065326  verified S=1.770 L0
 854/960 claw-c1        icv1-f2m53-tm56619371-dac20a85 W2161da065326  verified S=0.178 L0
 855/960 rho-strong     icv1-f2m53-tm56619371-dac20a85 W2161da065326  verified S=0.093 L0
 856/960 rho-strong-aa  icv1-f2m53-tm56619371-dac20a85 W3329fff26768  verified S=0.032 L0
 857/960 bsgs-neg       icv1-f2m53-tm56619371-dac20a85 W3329fff26768  verified S=0.695 L0
 858/960 claw-pr        icv1-f2m53-tm56619371-dac20a85 W3329fff26768  verified S=1.165 L0
 859/960 claw-c1        icv1-f2m53-tm56619371-dac20a85 W3329fff26768  verified S=0.441 L0
 860/960 rho-strong     icv1-f2m53-tm56619371-dac20a85 W3329fff26768  verified S=0.032 L0
 861/960 rho-strong-aa  icv1-f2m53-tm56619371-dac20a85 Wec2e6ee52a9d  verified S=0.162 L0
 862/960 bsgs-neg       icv1-f2m53-tm56619371-dac20a85 Wec2e6ee52a9d  verified S=0.618 L0
 863/960 claw-pr        icv1-f2m53-tm56619371-dac20a85 Wec2e6ee52a9d  verified S=0.258 L0
 864/960 claw-c1        icv1-f2m53-tm56619371-dac20a85 Wec2e6ee52a9d  verified S=0.247 L0
 865/960 rho-strong     icv1-f2m53-tm56619371-dac20a85 Wec2e6ee52a9d  verified S=0.162 L0
 866/960 rho-strong-aa  icv1-f2m53-tm56619371-dac20a85 Wd3b482e8ba48  verified S=0.053 L0
 867/960 bsgs-neg       icv1-f2m53-tm56619371-dac20a85 Wd3b482e8ba48  verified S=1.030 L0
 868/960 claw-pr        icv1-f2m53-tm56619371-dac20a85 Wd3b482e8ba48  verified S=1.473 L0
 869/960 claw-c1        icv1-f2m53-tm56619371-dac20a85 Wd3b482e8ba48  verified S=0.468 L0
 870/960 rho-strong     icv1-f2m53-tm56619371-dac20a85 Wd3b482e8ba48  verified S=0.053 L0
 871/960 rho-strong-aa  icv1-f2m53-tm56619371-dac20a85 Wb649c5df75d0  verified S=0.062 L0
 872/960 bsgs-neg       icv1-f2m53-tm56619371-dac20a85 Wb649c5df75d0  verified S=1.417 L0
 873/960 claw-pr        icv1-f2m53-tm56619371-dac20a85 Wb649c5df75d0  verified S=11.616 L0
 874/960 claw-c1        icv1-f2m53-tm56619371-dac20a85 Wb649c5df75d0  verified S=0.239 L0
 875/960 rho-strong     icv1-f2m53-tm56619371-dac20a85 Wb649c5df75d0  verified S=0.062 L0
 876/960 rho-strong-aa  icv1-f2m53-tm56619371-dac20a85 W6fbe5c6730eb  verified S=0.077 L0
 877/960 bsgs-neg       icv1-f2m53-tm56619371-dac20a85 W6fbe5c6730eb  verified S=1.328 L0
 878/960 claw-pr        icv1-f2m53-tm56619371-dac20a85 W6fbe5c6730eb  verified S=0.676 L0
 879/960 claw-c1        icv1-f2m53-tm56619371-dac20a85 W6fbe5c6730eb  verified S=0.292 L0
 880/960 rho-strong     icv1-f2m53-tm56619371-dac20a85 W6fbe5c6730eb  verified S=0.077 L0
 881/960 rho-strong-aa  icv1-f2m59-tm943548413-98844ecc W3157b0d2790d  verified S=0.124 L0
 882/960 bsgs-neg       icv1-f2m59-tm943548413-98844ecc W3157b0d2790d  verified S=1.156 L0
 883/960 claw-pr        icv1-f2m59-tm943548413-98844ecc W3157b0d2790d  verified S=3.169 L0
 884/960 claw-c1        icv1-f2m59-tm943548413-98844ecc W3157b0d2790d  verified S=0.230 L0
 885/960 rho-strong     icv1-f2m59-tm943548413-98844ecc W3157b0d2790d  verified S=0.124 L0
 886/960 rho-strong-aa  icv1-f2m59-tm943548413-98844ecc Wc43ce85a2dab  verified S=0.201 L0
 887/960 bsgs-neg       icv1-f2m59-tm943548413-98844ecc Wc43ce85a2dab  verified S=0.525 L0
 888/960 claw-pr        icv1-f2m59-tm943548413-98844ecc Wc43ce85a2dab  verified S=1.452 L0
 889/960 claw-c1        icv1-f2m59-tm943548413-98844ecc Wc43ce85a2dab  verified S=0.200 L0
 890/960 rho-strong     icv1-f2m59-tm943548413-98844ecc Wc43ce85a2dab  verified S=0.201 L0
 891/960 rho-strong-aa  icv1-f2m59-tm943548413-98844ecc W86e058abed86  verified S=0.146 L0
 892/960 bsgs-neg       icv1-f2m59-tm943548413-98844ecc W86e058abed86  verified S=1.263 L0
 893/960 claw-pr        icv1-f2m59-tm943548413-98844ecc W86e058abed86  verified S=0.293 L0
 894/960 claw-c1        icv1-f2m59-tm943548413-98844ecc W86e058abed86  verified S=0.151 L0
 895/960 rho-strong     icv1-f2m59-tm943548413-98844ecc W86e058abed86  verified S=0.146 L0
 896/960 rho-strong-aa  icv1-f2m59-tm943548413-98844ecc We94ced23c490  verified S=0.085 L0
 897/960 bsgs-neg       icv1-f2m59-tm943548413-98844ecc We94ced23c490  verified S=1.151 L0
 898/960 claw-pr        icv1-f2m59-tm943548413-98844ecc We94ced23c490  verified S=3.021 L0
 899/960 claw-c1        icv1-f2m59-tm943548413-98844ecc We94ced23c490  verified S=0.242 L0
 900/960 rho-strong     icv1-f2m59-tm943548413-98844ecc We94ced23c490  verified S=0.085 L0
 901/960 rho-strong-aa  icv1-f2m59-tm943548413-98844ecc Wc543e7ea85ad  verified S=0.097 L0
 902/960 bsgs-neg       icv1-f2m59-tm943548413-98844ecc Wc543e7ea85ad  verified S=0.690 L0
 903/960 claw-pr        icv1-f2m59-tm943548413-98844ecc Wc543e7ea85ad  verified S=8.490 L0
 904/960 claw-c1        icv1-f2m59-tm943548413-98844ecc Wc543e7ea85ad  verified S=0.324 L0
 905/960 rho-strong     icv1-f2m59-tm943548413-98844ecc Wc543e7ea85ad  verified S=0.097 L0
 906/960 rho-strong-aa  icv1-f2m59-tm943548413-98844ecc W45cc39917600  verified S=0.106 L0
 907/960 bsgs-neg       icv1-f2m59-tm943548413-98844ecc W45cc39917600  verified S=0.878 L0
 908/960 claw-pr        icv1-f2m59-tm943548413-98844ecc W45cc39917600  verified S=9.415 L0
 909/960 claw-c1        icv1-f2m59-tm943548413-98844ecc W45cc39917600  verified S=0.181 L0
 910/960 rho-strong     icv1-f2m59-tm943548413-98844ecc W45cc39917600  verified S=0.106 L0
 911/960 rho-strong-aa  icv1-f2m59-tm943548413-98844ecc W227847c047b8  verified S=0.108 L0
 912/960 bsgs-neg       icv1-f2m59-tm943548413-98844ecc W227847c047b8  verified S=0.871 L0
 913/960 claw-pr        icv1-f2m59-tm943548413-98844ecc W227847c047b8  verified S=14.331 L0
 914/960 claw-c1        icv1-f2m59-tm943548413-98844ecc W227847c047b8  verified S=0.244 L0
 915/960 rho-strong     icv1-f2m59-tm943548413-98844ecc W227847c047b8  verified S=0.108 L0
 916/960 rho-strong-aa  icv1-f2m59-tm943548413-98844ecc We6641f362dd4  verified S=0.052 L0
 917/960 bsgs-neg       icv1-f2m59-tm943548413-98844ecc We6641f362dd4  verified S=0.963 L0
 918/960 claw-pr        icv1-f2m59-tm943548413-98844ecc We6641f362dd4  verified S=1.392 L0
 919/960 claw-c1        icv1-f2m59-tm943548413-98844ecc We6641f362dd4  verified S=0.258 L0
 920/960 rho-strong     icv1-f2m59-tm943548413-98844ecc We6641f362dd4  verified S=0.052 L0
 921/960 rho-strong-aa  icv1-f2m61-t158598901-ab42b6c5 W72186b6bd41d  verified S=0.129 L0
 922/960 bsgs-neg       icv1-f2m61-t158598901-ab42b6c5 W72186b6bd41d  verified S=0.993 L0
 923/960 claw-pr        icv1-f2m61-t158598901-ab42b6c5 W72186b6bd41d  verified S=6.022 L0
 924/960 claw-c1        icv1-f2m61-t158598901-ab42b6c5 W72186b6bd41d  verified S=0.141 L0
 925/960 rho-strong     icv1-f2m61-t158598901-ab42b6c5 W72186b6bd41d  verified S=0.129 L0
 926/960 rho-strong-aa  icv1-f2m61-t158598901-ab42b6c5 W197871c54b8d  verified S=0.029 L0
 927/960 bsgs-neg       icv1-f2m61-t158598901-ab42b6c5 W197871c54b8d  verified S=0.576 L0
 928/960 claw-pr        icv1-f2m61-t158598901-ab42b6c5 W197871c54b8d  verified S=8.494 L0
 929/960 claw-c1        icv1-f2m61-t158598901-ab42b6c5 W197871c54b8d  verified S=0.136 L0
 930/960 rho-strong     icv1-f2m61-t158598901-ab42b6c5 W197871c54b8d  verified S=0.029 L0
 931/960 rho-strong-aa  icv1-f2m61-t158598901-ab42b6c5 Wbdf80ab39dd2  verified S=0.151 L0
 932/960 bsgs-neg       icv1-f2m61-t158598901-ab42b6c5 Wbdf80ab39dd2  verified S=1.185 L0
 933/960 claw-pr        icv1-f2m61-t158598901-ab42b6c5 Wbdf80ab39dd2  verified S=1.167 L0
 934/960 claw-c1        icv1-f2m61-t158598901-ab42b6c5 Wbdf80ab39dd2  verified S=0.150 L0
 935/960 rho-strong     icv1-f2m61-t158598901-ab42b6c5 Wbdf80ab39dd2  verified S=0.151 L0
 936/960 rho-strong-aa  icv1-f2m61-t158598901-ab42b6c5 W186016f13a05  verified S=0.126 L0
 937/960 bsgs-neg       icv1-f2m61-t158598901-ab42b6c5 W186016f13a05  verified S=1.010 L0
 938/960 claw-pr        icv1-f2m61-t158598901-ab42b6c5 W186016f13a05  verified S=5.041 L0
 939/960 claw-c1        icv1-f2m61-t158598901-ab42b6c5 W186016f13a05  verified S=0.194 L0
 940/960 rho-strong     icv1-f2m61-t158598901-ab42b6c5 W186016f13a05  verified S=0.126 L0
 941/960 rho-strong-aa  icv1-f2m61-t158598901-ab42b6c5 Wadcd4784c98b  verified S=0.167 L0
 942/960 bsgs-neg       icv1-f2m61-t158598901-ab42b6c5 Wadcd4784c98b  verified S=0.963 L0
 943/960 claw-pr        icv1-f2m61-t158598901-ab42b6c5 Wadcd4784c98b  verified S=2.707 L0
 944/960 claw-c1        icv1-f2m61-t158598901-ab42b6c5 Wadcd4784c98b  verified S=0.157 L0
 945/960 rho-strong     icv1-f2m61-t158598901-ab42b6c5 Wadcd4784c98b  verified S=0.167 L0
 946/960 rho-strong-aa  icv1-f2m61-t158598901-ab42b6c5 Wc19870560ac3  verified S=0.289 L0
 947/960 bsgs-neg       icv1-f2m61-t158598901-ab42b6c5 Wc19870560ac3  verified S=0.568 L0
 948/960 claw-pr        icv1-f2m61-t158598901-ab42b6c5 Wc19870560ac3  verified S=3.593 L0
 949/960 claw-c1        icv1-f2m61-t158598901-ab42b6c5 Wc19870560ac3  verified S=0.294 L0
 950/960 rho-strong     icv1-f2m61-t158598901-ab42b6c5 Wc19870560ac3  verified S=0.289 L0
 951/960 rho-strong-aa  icv1-f2m61-t158598901-ab42b6c5 W4ab4b8aa389e  verified S=0.127 L0
 952/960 bsgs-neg       icv1-f2m61-t158598901-ab42b6c5 W4ab4b8aa389e  verified S=1.089 L0
 953/960 claw-pr        icv1-f2m61-t158598901-ab42b6c5 W4ab4b8aa389e  verified S=2.070 L0
 954/960 claw-c1        icv1-f2m61-t158598901-ab42b6c5 W4ab4b8aa389e  verified S=0.273 L0
 955/960 rho-strong     icv1-f2m61-t158598901-ab42b6c5 W4ab4b8aa389e  verified S=0.127 L0
 956/960 rho-strong-aa  icv1-f2m61-t158598901-ab42b6c5 W08e3253c2709  verified S=0.116 L0
 957/960 bsgs-neg       icv1-f2m61-t158598901-ab42b6c5 W08e3253c2709  verified S=0.851 L0
 958/960 claw-pr        icv1-f2m61-t158598901-ab42b6c5 W08e3253c2709  verified S=3.532 L0
 959/960 claw-c1        icv1-f2m61-t158598901-ab42b6c5 W08e3253c2709  verified S=0.383 L0
 960/960 rho-strong     icv1-f2m61-t158598901-ab42b6c5 W08e3253c2709  verified S=0.116 L0
session ECBS1ha960fa84a3c2 complete -> research/ecbench_pair_claw_20261003/sessions/koblitz (960 records: {"verified": 960})
