{
  "algebraic_roots": 2,
  "backend": "native-f4",
  "budget_seconds": 300,
  "conflicts": null,
  "cost": {
    "degree_reached": 6,
    "extra": {
      "active_candidate_visits": 186027586,
      "active_deactivation_tests": 186027586,
      "basis_len": 17,
      "batch_insert_elements": 164451,
      "batch_insert_groups": 196,
      "build_ns": 7260892747,
      "dense_column_bytes_max": 1048576,
      "dense_column_matrices": 241,
      "dense_mul_calls": 838230,
      "dense_mul_cancelled_terms": 103983458,
      "dense_mul_input_terms": 667370026,
      "dense_mul_output_terms": 563386568,
      "dense_mul_scratch_bytes_max": 1067584,
      "divisor_linear_tests": 34,
      "divisor_submask_lookups": 18378102,
      "divisor_tests": 18378136,
      "eliminate_ns": 12426184581,
      "extraction_tests": 119560,
      "f4_calls": 40,
      "field_pairs_reduced": 121104,
      "m4ri_block_width_max": 8,
      "m4ri_blocks": 76825,
      "m4ri_consecutive_blocks": 72042,
      "m4ri_matrices": 122,
      "m4ri_scratch_bytes_max": 967424,
      "m4ri_table_copy_words": 9202208,
      "m4ri_table_word_xors": 1552544721,
      "m4ri_table_zero_word_xors_avoided": 9202208,
      "m4ri_trimmed_word_xors_avoided": 2220683329,
      "matrix_cols_max": 29308,
      "matrix_rows_max": 39756,
      "matrix_rows_sum": 838244,
      "new_elements": 162150,
      "oversize": 0,
      "pair_cover_lookups": 113060818,
      "pair_dense_scratch_bytes_max": 4472832,
      "pair_dense_select_calls": 164412,
      "pair_lcm_groups": 96462198,
      "pair_prune_linear_tests": 543954,
      "pair_prune_passes": 196,
      "pair_prune_submask_lookups": 12845411,
      "pair_prune_tests": 13389365,
      "pair_sorted_select_calls": 0,
      "pair_update_ns": 1533047456,
      "pairs_chain_skipped": 141696938,
      "pairs_left": 0,
      "pairs_product_skipped": 43740388,
      "pairs_reduced": 252848,
      "reducer_rows": 322438,
      "steps": 200,
      "symbolic_bytes_estimate_max": 494849232,
      "symbolic_cap_hit": 0
    },
    "op_unit": "word XORs (elimination, including M4RI tables)",
    "ops": 17220308469,
    "peak_bytes": 145665984,
    "solving_degree": 5,
    "timed_out": false,
    "wall_ns": 22425437539
  },
  "exhaustive": true,
  "factor_base_contract": {
    "discrete_log_labels_used": false,
    "target_subgroup_enumerated": false
  },
  "fixed_x1_masks_visited": 86,
  "fixed_x1_nonrational_skipped": 46,
  "fixed_x1_systems_completed": 40,
  "fixed_x1_systems_constructed": 40,
  "fixed_x1_values": 512,
  "interpretation": "Budget and size caps are inconclusive; SAT requires an exact curve-group lift; UNSAT requires every fixed-X1 F4 system and root lift to complete",
  "regenerated_source_exact": true,
  "same_instance_fields": [
    "n",
    "ell",
    "m",
    "curve",
    "algebraic_factor_base",
    "affine_target"
  ],
  "schema": "koblitz_pdp_isolated_backend.v1",
  "single_thread_requested": false,
  "solver": "f4-f2",
  "solver_column_index": "dense_monomial_domain_to_20_variables_else_splitmix64_hash",
  "solver_constructor": "fixed_x1_constant_linear_specialisation",
  "solver_description": "F4 over F_2[v]/(v²−v): normal strategy, Gebauer–Möller, dense duplicate-cancelling monomial products, indexed exact-submask reducers, field pairs, shape-selected block-8 M4RI/streaming bit-packed elimination, reduced basis",
  "solver_echelon_policy": "shape_selected_m4ri_default_block8_env_PQ_F4_M4RI_BLOCK_2_to_10_else_streaming",
  "solver_equations_blake3": "bc299cf78d24ae70688e57abf7d7b19d552549009b60dd8d8c583fe7c2156521",
  "solver_equations_total": 2360,
  "solver_internal_mask_hasher": "splitmix64_for_trusted_u64_masks_with_exact_key_equality",
  "solver_m4ri_table_builder": "xor_nonzero_pivot_prefix_then_copy_zero_tail",
  "solver_m4ri_table_builder_control": "PQ_F4_DISABLE_M4RI_TABLE_COPY=1",
  "solver_max_degree": 4,
  "solver_monomial_multiply": "epoch_dense_parity_cancel_then_encoded_u32_order_sort",
  "solver_monomial_multiply_control": "PQ_F4_DISABLE_DENSE_MUL=1",
  "solver_pair_installer": "order_preserving_batch_update_env_PQ_F4_DISABLE_BATCH_INSERT",
  "solver_pair_selector": "epoch_dense_lcm_groups_to_20_variables_else_sorted_lcm_exact_submask_equivalent_to_quadratic_update",
  "solver_rayon_threads_requested": 2,
  "solver_representation": "fixed_x1_direct_symmetrised_s4_boolean",
  "solver_schedule": "enumerate x1 coefficients in hamming_weight_then_mask; solve rational systems in deterministic batches of 2; inspect completed batch results in schedule order",
  "solver_symbolic_reducer_selector": "exact_submask_index_when_cheaper_else_linear_scan_with_shortest_reducer_and_index_tie_break",
  "solver_terms_max_per_system": 61922,
  "solver_terms_total": 2355349,
  "solver_variables": 18,
  "solver_x1_batch_control": "PQ_F4_X1_BATCH=1",
  "solver_x1_batch_size": 2,
  "solver_x1_batches_completed": 20,
  "solver_x1_order": "hamming_weight_then_mask",
  "solver_x1_order_control": "PQ_F4_X1_ORDER=ascending",
  "solver_x1_order_target_independent": true,
  "solver_x1_speculative_systems_completed": 1,
  "source_artifacts": {
    "cryptominisat_xor_dimacs": {
      "blake3": "7949b7fb8f7304d0ffd055be4b24e6147a16be2b5e377de55cc6a9717fab5e39",
      "bytes": 219207,
      "path": "instance.xor.cnf",
      "valid": true
    },
    "magma_boolean_f4": {
      "blake3": "7f6662aa2d4be2cf7c5f0022f37494e60414441d50809723365dece0aaf26de8",
      "bytes": 404158,
      "path": "instance.magma",
      "valid": true
    },
    "wdsat_anf": {
      "blake3": "3ecc08e6dfe9c612b220bf9ae5f58d8f4605d6b3febf3db53bb6450f9d1174ab",
      "bytes": 255940,
      "path": "instance.anf",
      "valid": true
    }
  },
  "source_instance_id": "fb0ea6bb30be3dea841c609a2668939128b4b799d4c0e051b0b52dc6da05f0fa",
  "source_instance_verified": true,
  "source_model_valid": true,
  "source_representation": "symmetrised_s4",
  "source_variables": 78,
  "source_witness_valid": true,
  "status": "sat",
  "timing_ns": {
    "factor_base_x1_membership": 5257128,
    "fixed_x1_s4_construction": 465243961,
    "native_f4_whole": 13126691667,
    "source_verification": 40049500
  },
  "witness_points": [
    {
      "x": "137",
      "y": "164288105115948905"
    },
    {
      "x": "286",
      "y": "349643848945327627"
    },
    {
      "x": "159",
      "y": "15349584312879311"
    }
  ]
}
