{
  "algebraic_roots": 2,
  "backend": "native-f4",
  "budget_seconds": 300,
  "conflicts": null,
  "cost": {
    "degree_reached": 6,
    "extra": {
      "active_candidate_visits": 195453154,
      "active_deactivation_tests": 195453154,
      "basis_len": 17,
      "batch_insert_elements": 172866,
      "batch_insert_groups": 206,
      "build_ns": 10018671830,
      "dense_column_bytes_max": 1048576,
      "dense_column_matrices": 253,
      "dense_mul_calls": 877928,
      "dense_mul_cancelled_terms": 108725860,
      "dense_mul_input_terms": 698640243,
      "dense_mul_output_terms": 589914383,
      "dense_mul_scratch_bytes_max": 1067584,
      "divisor_linear_tests": 34,
      "divisor_submask_lookups": 19236684,
      "divisor_tests": 19236718,
      "eliminate_ns": 27905925709,
      "extraction_tests": 119560,
      "f4_calls": 42,
      "field_pairs_reduced": 126381,
      "m4ri_block_width_max": 8,
      "m4ri_blocks": 80471,
      "m4ri_consecutive_blocks": 75447,
      "m4ri_matrices": 128,
      "m4ri_scratch_bytes_max": 967424,
      "m4ri_table_copy_words": 9496539,
      "m4ri_table_word_xors": 1628402496,
      "m4ri_table_zero_word_xors_avoided": 9496539,
      "m4ri_trimmed_word_xors_avoided": 2221771583,
      "matrix_cols_max": 29308,
      "matrix_rows_max": 39756,
      "matrix_rows_sum": 877942,
      "new_elements": 170447,
      "oversize": 0,
      "pair_cover_lookups": 118820029,
      "pair_dense_scratch_bytes_max": 4472832,
      "pair_dense_select_calls": 172825,
      "pair_lcm_groups": 101368959,
      "pair_prune_linear_tests": 568057,
      "pair_prune_passes": 206,
      "pair_prune_submask_lookups": 13500555,
      "pair_prune_tests": 14068612,
      "pair_sorted_select_calls": 0,
      "pair_update_ns": 1796844261,
      "pairs_chain_skipped": 148876831,
      "pairs_left": 0,
      "pairs_product_skipped": 45955572,
      "pairs_reduced": 265762,
      "reducer_rows": 336790,
      "steps": 210,
      "symbolic_bytes_estimate_max": 494849232,
      "symbolic_cap_hit": 0
    },
    "op_unit": "word XORs (elimination, including M4RI tables)",
    "ops": 18044328027,
    "peak_bytes": 145665984,
    "solving_degree": 5,
    "timed_out": false,
    "wall_ns": 41622618710
  },
  "exhaustive": true,
  "factor_base_contract": {
    "discrete_log_labels_used": false,
    "target_subgroup_enumerated": false
  },
  "fixed_x1_masks_visited": 89,
  "fixed_x1_nonrational_skipped": 47,
  "fixed_x1_systems_completed": 42,
  "fixed_x1_systems_constructed": 42,
  "fixed_x1_values": 512,
  "interpretation": "Budget and size caps are inconclusive; SAT requires an exact curve-group lift; UNSAT requires every fixed-X1 F4 system and root lift to complete",
  "regenerated_source_exact": true,
  "same_instance_fields": [
    "n",
    "ell",
    "m",
    "curve",
    "algebraic_factor_base",
    "affine_target"
  ],
  "schema": "koblitz_pdp_isolated_backend.v1",
  "single_thread_requested": false,
  "solver": "f4-f2",
  "solver_column_index": "dense_monomial_domain_to_20_variables_else_splitmix64_hash",
  "solver_constructor": "fixed_x1_constant_linear_specialisation",
  "solver_description": "F4 over F_2[v]/(v²−v): normal strategy, Gebauer–Möller, dense duplicate-cancelling monomial products, indexed exact-submask reducers, field pairs, shape-selected block-8 M4RI/streaming bit-packed elimination, reduced basis",
  "solver_echelon_policy": "shape_selected_m4ri_default_block8_env_PQ_F4_M4RI_BLOCK_2_to_10_else_streaming",
  "solver_equations_blake3": "a7e149b34b489655100c6d9b3630661f6cbd9f9544280862c4764c9e6d89116f",
  "solver_equations_total": 2478,
  "solver_internal_mask_hasher": "splitmix64_for_trusted_u64_masks_with_exact_key_equality",
  "solver_m4ri_table_builder": "xor_nonzero_pivot_prefix_then_copy_zero_tail",
  "solver_m4ri_table_builder_control": "PQ_F4_DISABLE_M4RI_TABLE_COPY=1",
  "solver_max_degree": 4,
  "solver_monomial_multiply": "epoch_dense_parity_cancel_then_encoded_u32_order_sort",
  "solver_monomial_multiply_control": "PQ_F4_DISABLE_DENSE_MUL=1",
  "solver_pair_installer": "order_preserving_batch_update_env_PQ_F4_DISABLE_BATCH_INSERT",
  "solver_pair_selector": "epoch_dense_lcm_groups_to_20_variables_else_sorted_lcm_exact_submask_equivalent_to_quadratic_update",
  "solver_rayon_threads_requested": 14,
  "solver_representation": "fixed_x1_direct_symmetrised_s4_boolean",
  "solver_schedule": "enumerate x1 coefficients in hamming_weight_then_mask; solve rational systems in deterministic batches of 14; inspect completed batch results in schedule order",
  "solver_symbolic_reducer_selector": "exact_submask_index_when_cheaper_else_linear_scan_with_shortest_reducer_and_index_tie_break",
  "solver_terms_max_per_system": 61922,
  "solver_terms_total": 2477646,
  "solver_variables": 18,
  "solver_x1_batch_control": "PQ_F4_X1_BATCH=1",
  "solver_x1_batch_size": 14,
  "solver_x1_batches_completed": 3,
  "solver_x1_order": "hamming_weight_then_mask",
  "solver_x1_order_control": "PQ_F4_X1_ORDER=ascending",
  "solver_x1_order_target_independent": true,
  "solver_x1_speculative_systems_completed": 3,
  "source_artifacts": {
    "cryptominisat_xor_dimacs": {
      "blake3": "7949b7fb8f7304d0ffd055be4b24e6147a16be2b5e377de55cc6a9717fab5e39",
      "bytes": 219207,
      "path": "instance.xor.cnf",
      "valid": true
    },
    "magma_boolean_f4": {
      "blake3": "7f6662aa2d4be2cf7c5f0022f37494e60414441d50809723365dece0aaf26de8",
      "bytes": 404158,
      "path": "instance.magma",
      "valid": true
    },
    "wdsat_anf": {
      "blake3": "3ecc08e6dfe9c612b220bf9ae5f58d8f4605d6b3febf3db53bb6450f9d1174ab",
      "bytes": 255940,
      "path": "instance.anf",
      "valid": true
    }
  },
  "source_instance_id": "fb0ea6bb30be3dea841c609a2668939128b4b799d4c0e051b0b52dc6da05f0fa",
  "source_instance_verified": true,
  "source_model_valid": true,
  "source_representation": "symmetrised_s4",
  "source_variables": 78,
  "source_witness_valid": true,
  "status": "sat",
  "timing_ns": {
    "factor_base_x1_membership": 5350121,
    "fixed_x1_s4_construction": 496985374,
    "native_f4_whole": 5666121208,
    "source_verification": 38206125
  },
  "witness_points": [
    {
      "x": "137",
      "y": "164288105115948905"
    },
    {
      "x": "286",
      "y": "349643848945327627"
    },
    {
      "x": "159",
      "y": "15349584312879311"
    }
  ]
}
