{
  "schema": "ecbench.audit/v1",
  "session_id": "ECBS1hd395a1344225",
  "session_status": "complete",
  "ok": true,
  "problems": [],
  "checks": {
    "arms": true,
    "env_class": true,
    "executions": true,
    "host_hash": true,
    "plan_hash": true,
    "record_count": true,
    "records": true,
    "records_hash": true,
    "replays": true,
    "session_complete": true,
    "spec_id": true,
    "workloads": true
  },
  "records": 80,
  "verified_records": 80,
  "regraded": true,
  "replays": [
    {
      "seq": 0,
      "record_id": "ECR1h90c35077ae6d",
      "reproduced": true,
      "detail": "identical"
    },
    {
      "seq": 1,
      "record_id": "ECR1h9a66cf860bb9",
      "reproduced": true,
      "detail": "identical"
    },
    {
      "seq": 2,
      "record_id": "ECR1h1eb2154a7122",
      "reproduced": true,
      "detail": "identical"
    },
    {
      "seq": 3,
      "record_id": "ECR1h39626213faa2",
      "reproduced": true,
      "detail": "identical"
    },
    {
      "seq": 4,
      "record_id": "ECR1hef6f78255797",
      "reproduced": true,
      "detail": "identical"
    },
    {
      "seq": 5,
      "record_id": "ECR1h9e18dd034b67",
      "reproduced": true,
      "detail": "identical"
    },
    {
      "seq": 6,
      "record_id": "ECR1h6f89dfa9aa40",
      "reproduced": true,
      "detail": "identical"
    },
    {
      "seq": 7,
      "record_id": "ECR1hcb6e9df43203",
      "reproduced": true,
      "detail": "identical"
    },
    {
      "seq": 8,
      "record_id": "ECR1hd9c601179166",
      "reproduced": true,
      "detail": "identical"
    },
    {
      "seq": 9,
      "record_id": "ECR1h955008294660",
      "reproduced": true,
      "detail": "identical"
    },
    {
      "seq": 10,
      "record_id": "ECR1hfdc276be29d6",
      "reproduced": true,
      "detail": "identical"
    },
    {
      "seq": 11,
      "record_id": "ECR1he8659e9ab7e5",
      "reproduced": true,
      "detail": "identical"
    },
    {
      "seq": 12,
      "record_id": "ECR1h902c40e1f083",
      "reproduced": true,
      "detail": "identical"
    },
    {
      "seq": 13,
      "record_id": "ECR1hbdce8a5271d8",
      "reproduced": true,
      "detail": "identical"
    },
    {
      "seq": 14,
      "record_id": "ECR1h8cb42f33ae24",
      "reproduced": true,
      "detail": "identical"
    },
    {
      "seq": 15,
      "record_id": "ECR1h91bde5ad3616",
      "reproduced": true,
      "detail": "identical"
    },
    {
      "seq": 16,
      "record_id": "ECR1h78ca5739ff9a",
      "reproduced": true,
      "detail": "identical"
    },
    {
      "seq": 17,
      "record_id": "ECR1h8e9be93b9b69",
      "reproduced": true,
      "detail": "identical"
    },
    {
      "seq": 18,
      "record_id": "ECR1h8695569cc3d8",
      "reproduced": true,
      "detail": "identical"
    },
    {
      "seq": 19,
      "record_id": "ECR1h4eb6c1aeb767",
      "reproduced": true,
      "detail": "identical"
    },
    {
      "seq": 20,
      "record_id": "ECR1he2942d7f17ff",
      "reproduced": true,
      "detail": "identical"
    },
    {
      "seq": 21,
      "record_id": "ECR1hdfaec1d0f80e",
      "reproduced": true,
      "detail": "identical"
    },
    {
      "seq": 22,
      "record_id": "ECR1h404a508deb90",
      "reproduced": true,
      "detail": "identical"
    },
    {
      "seq": 23,
      "record_id": "ECR1h793787b4acbb",
      "reproduced": true,
      "detail": "identical"
    },
    {
      "seq": 24,
      "record_id": "ECR1h42dffe820acc",
      "reproduced": true,
      "detail": "identical"
    },
    {
      "seq": 25,
      "record_id": "ECR1hf31463e90d7c",
      "reproduced": true,
      "detail": "identical"
    },
    {
      "seq": 26,
      "record_id": "ECR1hf6f1f40b9bae",
      "reproduced": true,
      "detail": "identical"
    },
    {
      "seq": 27,
      "record_id": "ECR1h66a28896ee2f",
      "reproduced": true,
      "detail": "identical"
    },
    {
      "seq": 28,
      "record_id": "ECR1h5ce2b0f1aa7f",
      "reproduced": true,
      "detail": "identical"
    },
    {
      "seq": 29,
      "record_id": "ECR1h38d29741dcac",
      "reproduced": true,
      "detail": "identical"
    },
    {
      "seq": 30,
      "record_id": "ECR1h76f4f7c158d4",
      "reproduced": true,
      "detail": "identical"
    },
    {
      "seq": 31,
      "record_id": "ECR1h5d6bc945162a",
      "reproduced": true,
      "detail": "identical"
    },
    {
      "seq": 32,
      "record_id": "ECR1ha10109078de3",
      "reproduced": true,
      "detail": "identical"
    },
    {
      "seq": 33,
      "record_id": "ECR1h3cb36a37fd84",
      "reproduced": true,
      "detail": "identical"
    },
    {
      "seq": 34,
      "record_id": "ECR1h2acb903e0616",
      "reproduced": true,
      "detail": "identical"
    },
    {
      "seq": 35,
      "record_id": "ECR1hdad66176a3de",
      "reproduced": true,
      "detail": "identical"
    },
    {
      "seq": 36,
      "record_id": "ECR1h9df575399b16",
      "reproduced": true,
      "detail": "identical"
    },
    {
      "seq": 37,
      "record_id": "ECR1hc0cd0f9d8526",
      "reproduced": true,
      "detail": "identical"
    },
    {
      "seq": 38,
      "record_id": "ECR1h55f86937ff21",
      "reproduced": true,
      "detail": "identical"
    },
    {
      "seq": 39,
      "record_id": "ECR1h20e3d154f91f",
      "reproduced": true,
      "detail": "identical"
    },
    {
      "seq": 40,
      "record_id": "ECR1h0e9f8c635a81",
      "reproduced": true,
      "detail": "identical"
    },
    {
      "seq": 41,
      "record_id": "ECR1h9971fcbeb011",
      "reproduced": true,
      "detail": "identical"
    },
    {
      "seq": 42,
      "record_id": "ECR1h5707f7fe6ff3",
      "reproduced": true,
      "detail": "identical"
    },
    {
      "seq": 43,
      "record_id": "ECR1hd601b2f50f74",
      "reproduced": true,
      "detail": "identical"
    },
    {
      "seq": 44,
      "record_id": "ECR1h75f2e7c8b474",
      "reproduced": true,
      "detail": "identical"
    },
    {
      "seq": 45,
      "record_id": "ECR1h92f5c86e3eb5",
      "reproduced": true,
      "detail": "identical"
    },
    {
      "seq": 46,
      "record_id": "ECR1h51110598fb2e",
      "reproduced": true,
      "detail": "identical"
    },
    {
      "seq": 47,
      "record_id": "ECR1h0fd9d1c521fa",
      "reproduced": true,
      "detail": "identical"
    },
    {
      "seq": 48,
      "record_id": "ECR1h363313374df7",
      "reproduced": true,
      "detail": "identical"
    },
    {
      "seq": 49,
      "record_id": "ECR1h9edc63a1d368",
      "reproduced": true,
      "detail": "identical"
    },
    {
      "seq": 50,
      "record_id": "ECR1hfbfccbbb91f4",
      "reproduced": true,
      "detail": "identical"
    },
    {
      "seq": 51,
      "record_id": "ECR1h2e0b8b3c1adf",
      "reproduced": true,
      "detail": "identical"
    },
    {
      "seq": 52,
      "record_id": "ECR1h623a4c48784e",
      "reproduced": true,
      "detail": "identical"
    },
    {
      "seq": 53,
      "record_id": "ECR1he6ae4b45db98",
      "reproduced": true,
      "detail": "identical"
    },
    {
      "seq": 54,
      "record_id": "ECR1he4833eca2a90",
      "reproduced": true,
      "detail": "identical"
    },
    {
      "seq": 55,
      "record_id": "ECR1h1ccb160e110c",
      "reproduced": true,
      "detail": "identical"
    },
    {
      "seq": 56,
      "record_id": "ECR1h1e0393fafcc3",
      "reproduced": true,
      "detail": "identical"
    },
    {
      "seq": 57,
      "record_id": "ECR1h85557c124744",
      "reproduced": true,
      "detail": "identical"
    },
    {
      "seq": 58,
      "record_id": "ECR1hcc67556144f5",
      "reproduced": true,
      "detail": "identical"
    },
    {
      "seq": 59,
      "record_id": "ECR1h58d188f15c2e",
      "reproduced": true,
      "detail": "identical"
    },
    {
      "seq": 60,
      "record_id": "ECR1h5279b787ed84",
      "reproduced": true,
      "detail": "identical"
    },
    {
      "seq": 61,
      "record_id": "ECR1h5b46040fbf06",
      "reproduced": true,
      "detail": "identical"
    },
    {
      "seq": 62,
      "record_id": "ECR1hd8454f2cc25f",
      "reproduced": true,
      "detail": "identical"
    },
    {
      "seq": 63,
      "record_id": "ECR1h96ad8331c108",
      "reproduced": true,
      "detail": "identical"
    },
    {
      "seq": 64,
      "record_id": "ECR1h8769a76d0221",
      "reproduced": true,
      "detail": "identical"
    },
    {
      "seq": 65,
      "record_id": "ECR1ha91aada1436b",
      "reproduced": true,
      "detail": "identical"
    },
    {
      "seq": 66,
      "record_id": "ECR1hb3f296f2a7a1",
      "reproduced": true,
      "detail": "identical"
    },
    {
      "seq": 67,
      "record_id": "ECR1h805bbab1d1b7",
      "reproduced": true,
      "detail": "identical"
    },
    {
      "seq": 68,
      "record_id": "ECR1h0fba45b9111d",
      "reproduced": true,
      "detail": "identical"
    },
    {
      "seq": 69,
      "record_id": "ECR1h347032acbf63",
      "reproduced": true,
      "detail": "identical"
    },
    {
      "seq": 70,
      "record_id": "ECR1h3e280507c5fa",
      "reproduced": true,
      "detail": "identical"
    },
    {
      "seq": 71,
      "record_id": "ECR1h83ca1e91ba6f",
      "reproduced": true,
      "detail": "identical"
    },
    {
      "seq": 72,
      "record_id": "ECR1h02eebc0088de",
      "reproduced": true,
      "detail": "identical"
    },
    {
      "seq": 73,
      "record_id": "ECR1h6ce93a543cd2",
      "reproduced": true,
      "detail": "identical"
    },
    {
      "seq": 74,
      "record_id": "ECR1h79c364324ab9",
      "reproduced": true,
      "detail": "identical"
    },
    {
      "seq": 75,
      "record_id": "ECR1hb68571b09e31",
      "reproduced": true,
      "detail": "identical"
    },
    {
      "seq": 76,
      "record_id": "ECR1hb5aa0f5f0f50",
      "reproduced": true,
      "detail": "identical"
    },
    {
      "seq": 77,
      "record_id": "ECR1hc5e96f874d36",
      "reproduced": true,
      "detail": "identical"
    },
    {
      "seq": 78,
      "record_id": "ECR1h818430b13cfe",
      "reproduced": true,
      "detail": "identical"
    },
    {
      "seq": 79,
      "record_id": "ECR1h6517549177a4",
      "reproduced": true,
      "detail": "identical"
    }
  ],
  "files": {
    "host.json": "19b5c85483b660ecc078ccfa86cba476cc596387450408ed7be1b952515e376f",
    "plan.json": "b3a9ef924c05bc23bfb8cf32b1e347b93226db947b289824e0ad2aca0daf6f61",
    "records.jsonl": "3119d2c4a686e820824c1c95de6cee629fb2c9ab136f5026e62ade283ef0b45c",
    "session.json": "cf7ccf15cdf736ed6b307589d7f3f32f7a738b2b930a5754e2a4010de0d479a8",
    "spec.json": "766d97561d9ccb406e4027451c55a438a44bd0851c416c3c7c7f5d90292b2567"
  },
  "auditor_binary_sha256": "1b0fcfe12d8af391d56a79929dea1a3dbc65c65869647ceaa5847cdc34a08c2d",
  "auditor_env_class_id": "ECBENV2hd82681268e96",
  "audited_unix_ms": 1791584454178
}
