{
  "audited_ordinary_queries": 512,
  "audited_role_calls": 0,
  "audited_worker_calls": 1,
  "checker_sha256": "d91874905c02431504e3e530388a70e48ab6a9ebfcb09cb4ca1ccc4099d7f14d",
  "exclusive_preparation_phases_ns": {
    "factor_base": 128083,
    "matrix_build": 3724459,
    "pdp": 3643843454787,
    "precompute": 142333,
    "queries": 7437796,
    "relation_check": 4394497,
    "relation_la": 14158708,
    "setup": 39774974004
  },
  "fresh_paired_qualification": false,
  "full_goal_complete": false,
  "headline_eligible": false,
  "independent_audit_wall_ns": "5887000791",
  "mathematical_preparation_complete": true,
  "mathematics": {
    "accepted_rows": 127,
    "accounting": "mathematical input replay only; native execution, source-model custody, costs and rates need separate evidence",
    "audited_queries": 512,
    "column_points": [
      [
        471,
        57570
      ],
      [
        731,
        20518
      ],
      [
        829,
        20614
      ],
      [
        985,
        26841
      ],
      [
        1129,
        41552
      ],
      [
        1391,
        127363
      ],
      [
        2655,
        98654
      ],
      [
        2731,
        8581
      ],
      [
        2777,
        21372
      ],
      [
        3023,
        53794
      ],
      [
        3175,
        115860
      ],
      [
        3421,
        90551
      ],
      [
        3681,
        42918
      ],
      [
        3773,
        54163
      ],
      [
        5119,
        100649
      ],
      [
        7111,
        60995
      ],
      [
        7159,
        18374
      ],
      [
        7811,
        52278
      ],
      [
        9099,
        1429
      ],
      [
        10143,
        18204
      ],
      [
        10199,
        19284
      ],
      [
        12063,
        105083
      ],
      [
        12091,
        102062
      ],
      [
        13087,
        36345
      ],
      [
        14073,
        3990
      ],
      [
        14203,
        51661
      ],
      [
        18915,
        34422
      ],
      [
        18941,
        32935
      ],
      [
        39617,
        72163
      ]
    ],
    "declared_family": "matrix_f5",
    "dependent_relations": 98,
    "duplicate_relations": 2,
    "feasible_inconclusive_queries": 0,
    "folded_columns": 29,
    "fresh_paired_qualification": false,
    "full_goal_complete": false,
    "geometric_order_sha256": "bec87229df1e344b84b9075e8af273dfd2c0ea7ebbfee6277e851d7a6ca5e72a",
    "geometric_points": 63,
    "headline_eligible": false,
    "independently_recovered_column_logs": [
      63339,
      4377,
      65416,
      51034,
      19569,
      48468,
      56224,
      55591,
      50531,
      14472,
      61582,
      16657,
      44888,
      41533,
      48375,
      43107,
      38770,
      2895,
      58938,
      45617,
      57054,
      19961,
      5522,
      52742,
      33022,
      14807,
      44336,
      18617,
      35813
    ],
    "input_sha256": "3384136534557911ff9d25070a8ad592e8f3d7a766f7f82378f7ec741294d5a9",
    "mathematical_preparation_complete": true,
    "native_solvers_executed": 0,
    "new_queries": 0,
    "online_speedup": null,
    "online_wall_ns": null,
    "ordinary_outcome_mix": {
      "proved_unsat": 383,
      "witness": 129
    },
    "panel_complete": true,
    "planned_queries": 512,
    "projection": [
      null,
      [
        28,
        14021
      ],
      [
        28,
        51566
      ],
      [
        28,
        35813
      ],
      [
        28,
        29774
      ],
      [
        4,
        51550
      ],
      [
        4,
        14037
      ],
      [
        5,
        20335
      ],
      [
        5,
        45252
      ],
      [
        8,
        65586
      ],
      [
        8,
        1
      ],
      [
        28,
        7771
      ],
      [
        28,
        57816
      ],
      [
        16,
        13810
      ],
      [
        16,
        51777
      ],
      [
        2,
        1
      ],
      [
        2,
        65586
      ],
      [
        1,
        54691
      ],
      [
        1,
        10896
      ],
      [
        15,
        55241
      ],
      [
        15,
        10346
      ],
      [
        23,
        44894
      ],
      [
        23,
        20693
      ],
      [
        21,
        35813
      ],
      [
        21,
        29774
      ],
      [
        3,
        1
      ],
      [
        3,
        65586
      ],
      [
        19,
        17186
      ],
      [
        19,
        48401
      ],
      [
        24,
        20693
      ],
      [
        24,
        44894
      ],
      [
        9,
        24202
      ],
      [
        9,
        41385
      ],
      [
        11,
        10896
      ],
      [
        11,
        54691
      ],
      [
        18,
        48313
      ],
      [
        18,
        17274
      ],
      [
        14,
        48403
      ],
      [
        14,
        17184
      ],
      [
        10,
        17182
      ],
      [
        10,
        48405
      ],
      [
        0,
        14021
      ],
      [
        0,
        51566
      ],
      [
        27,
        51777
      ],
      [
        27,
        13810
      ],
      [
        6,
        35813
      ],
      [
        6,
        29774
      ],
      [
        7,
        17178
      ],
      [
        7,
        48409
      ],
      [
        26,
        44894
      ],
      [
        26,
        20693
      ],
      [
        13,
        14021
      ],
      [
        13,
        51566
      ],
      [
        22,
        57816
      ],
      [
        22,
        7771
      ],
      [
        12,
        54691
      ],
      [
        12,
        10896
      ],
      [
        25,
        55241
      ],
      [
        25,
        10346
      ],
      [
        20,
        41385
      ],
      [
        20,
        24202
      ],
      [
        17,
        57816
      ],
      [
        17,
        7771
      ]
    ],
    "promotion_eligible": false,
    "query_law": "independent-probe-scalar-rand08-v1",
    "rank": 29,
    "rank_trajectory": [
      0,
      0,
      0,
      0,
      0,
      0,
      0,
      0,
      0,
      0,
      0,
      0,
      0,
      0,
      0,
      1,
      1,
      2,
      2,
      3,
      3,
      3,
      3,
      3,
      3,
      3,
      3,
      3,
      3,
      4,
      4,
      4,
      4,
      4,
      5,
      5,
      5,
      5,
      5,
      5,
      5,
      5,
      6,
      6,
      7,
      7,
      7,
      7,
      7,
      7,
      7,
      8,
      8,
      9,
      9,
      9,
      10,
      11,
      11,
      12,
      12,
      12,
      13,
      13,
      13,
      14,
      15,
      15,
      16,
      16,
      16,
      17,
      17,
      17,
      18,
      18,
      18,
      18,
      18,
      19,
      19,
      19,
      19,
      20,
      21,
      21,
      22,
      23,
      23,
      23,
      23,
      23,
      23,
      23,
      24,
      24,
      24,
      24,
      24,
      24,
      24,
      24,
      25,
      25,
      25,
      25,
      25,
      25,
      25,
      25,
      25,
      25,
      25,
      25,
      25,
      25,
      25,
      25,
      25,
      26,
      26,
      26,
      26,
      27,
      27,
      27,
      27,
      27,
      27,
      27,
      28,
      29,
      29,
      29,
      29,
      29,
      29,
      29,
      29,
      29,
      29,
      29,
      29,
      29,
      29,
      29,
      29,
      29,
      29,
      29,
      29,
      29,
      29,
      29,
      29,
      29,
      29,
      29,
      29,
      29,
      29,
      29,
      29,
      29,
      29,
      29,
      29,
      29,
      29,
      29,
      29,
      29,
      29,
      29,
      29,
      29,
      29,
      29,
      29,
      29,
      29,
      29,
      29,
      29,
      29,
      29,
      29,
      29,
      29,
      29,
      29,
      29,
      29,
      29,
      29,
      29,
      29,
      29,
      29,
      29,
      29,
      29,
      29,
      29,
      29,
      29,
      29,
      29,
      29,
      29,
      29,
      29,
      29,
      29,
      29,
      29,
      29,
      29,
      29,
      29,
      29,
      29,
      29,
      29,
      29,
      29,
      29,
      29,
      29,
      29,
      29,
      29,
      29,
      29,
      29,
      29,
      29,
      29,
      29,
      29,
      29,
      29,
      29,
      29,
      29,
      29,
      29,
      29,
      29,
      29,
      29,
      29,
      29,
      29,
      29,
      29,
      29,
      29,
      29,
      29,
      29,
      29,
      29,
      29,
      29,
      29,
      29,
      29,
      29,
      29,
      29,
      29,
      29,
      29,
      29,
      29,
      29,
      29,
      29,
      29,
      29,
      29,
      29,
      29,
      29,
      29,
      29,
      29,
      29,
      29,
      29,
      29,
      29,
      29,
      29,
      29,
      29,
      29,
      29,
      29,
      29,
      29,
      29,
      29,
      29,
      29,
      29,
      29,
      29,
      29,
      29,
      29,
      29,
      29,
      29,
      29,
      29,
      29,
      29,
      29,
      29,
      29,
      29,
      29,
      29,
      29,
      29,
      29,
      29,
      29,
      29,
      29,
      29,
      29,
      29,
      29,
      29,
      29,
      29,
      29,
      29,
      29,
      29,
      29,
      29,
      29,
      29,
      29,
      29,
      29,
      29,
      29,
      29,
      29,
      29,
      29,
      29,
      29,
      29,
      29,
      29,
      29,
      29,
      29,
      29,
      29,
      29,
      29,
      29,
      29,
      29,
      29,
      29,
      29,
      29,
      29,
      29,
      29,
      29,
      29,
      29,
      29,
      29,
      29,
      29,
      29,
      29,
      29,
      29,
      29,
      29,
      29,
      29,
      29,
      29,
      29,
      29,
      29,
      29,
      29,
      29,
      29,
      29,
      29,
      29,
      29,
      29,
      29,
      29,
      29,
      29,
      29,
      29,
      29,
      29,
      29,
      29,
      29,
      29,
      29,
      29,
      29,
      29,
      29,
      29,
      29,
      29,
      29,
      29,
      29,
      29,
      29,
      29,
      29,
      29,
      29,
      29,
      29,
      29,
      29,
      29,
      29,
      29,
      29,
      29,
      29,
      29,
      29,
      29,
      29,
      29,
      29,
      29,
      29,
      29,
      29,
      29,
      29,
      29,
      29,
      29,
      29,
      29,
      29,
      29,
      29,
      29,
      29,
      29,
      29,
      29,
      29,
      29,
      29,
      29,
      29,
      29,
      29,
      29,
      29,
      29,
      29,
      29,
      29,
      29,
      29,
      29,
      29,
      29,
      29,
      29,
      29,
      29,
      29,
      29,
      29,
      29,
      29,
      29,
      29,
      29,
      29,
      29,
      29,
      29,
      29,
      29,
      29,
      29,
      29,
      29,
      29
    ],
    "repeated_projected_rows": 0,
    "rows_sha256": "6b5b4b12087a81c2953f3e962abc008f67bb315f4d582bbe807bf6eecbd4567b",
    "schema_version": 1,
    "source_bound_execution_admitted": false,
    "status": "PASS_ORDINARY_PREPARATION_MATHEMATICS",
    "usable_points": 62,
    "verified_witnesses": 129
  },
  "native_children_executed_by_auditor": 0,
  "online_speedup": null,
  "online_wall_ns": null,
  "operation_counts": null,
  "outer_worker_wall_ns": 3743024744833,
  "peak_memory": null,
  "preparation_wall_ns": 3683648414667,
  "producer_sha256": "80ae276765bc094cb52b43c118ce8910575c9d591c0954fc5f766e37415daecb",
  "promotion_eligible": false,
  "publication_preflight": {
    "archive_sha256": "010b4ceb0db720168f90b99166ce2be9b5e5a7a5c4233f94210b2f9faa235293",
    "execution_admitted": false,
    "publication_descriptor_sha256": "4bf84c8e16d83e53ce3a5e698c50b2a66db91ad7e3687991ba4b8b00e583f9be",
    "publication_root": "/Volumes/SSD990/crypto/worktrees/ic-native-ordinary-registration-20261005/research/ic_candidate_tournament_20260915/goal_20260924/native-ordinary-registration-v1/f5-publication-v1",
    "question": "ordinary-scientific-registration-custody-n17-v1",
    "registration_sha256": "89de6a771df622536b83ae15744f47a429c3e63063a696c6b9012e8ca0fcca97",
    "schema_version": 1,
    "scientific_worker_calls": 0,
    "source_manifest_sha256": "61a1f8e33b30e4a1234490acfde4fa482622779d3037e3bf639963a8f3735375",
    "stage": "scientific-registered-not-dispatched"
  },
  "registration_sha256": "89de6a771df622536b83ae15744f47a429c3e63063a696c6b9012e8ca0fcca97",
  "schema_version": 1,
  "source_bound_execution_admitted": true,
  "status": "PASS_NATIVE_SOURCE_BOUND_ORDINARY_PREPARATION_AUDIT",
  "wall_timing_class": "ordinary-host-stage-diagnostic",
  "worker_pid": 80013,
  "worker_setup_and_tail_ns": 59376330166
}
