   Vendoring adler2 v2.0.1 (/Volumes/SSD990/koblitz-native-f4-cargo-home-6560f4c0/registry/src/index.crates.io-1949cf8c6b5b557f/adler2-2.0.1) to /Volumes/SSD990/koblitz-native-f4-build7-3cb24b82/vendor/adler2-2.0.1
   Vendoring anstream v1.0.0 (/Volumes/SSD990/koblitz-native-f4-cargo-home-6560f4c0/registry/src/index.crates.io-1949cf8c6b5b557f/anstream-1.0.0) to /Volumes/SSD990/koblitz-native-f4-build7-3cb24b82/vendor/anstream-1.0.0
   Vendoring anstyle v1.0.14 (/Volumes/SSD990/koblitz-native-f4-cargo-home-6560f4c0/registry/src/index.crates.io-1949cf8c6b5b557f/anstyle-1.0.14) to /Volumes/SSD990/koblitz-native-f4-build7-3cb24b82/vendor/anstyle-1.0.14
   Vendoring anstyle-parse v1.0.0 (/Volumes/SSD990/koblitz-native-f4-cargo-home-6560f4c0/registry/src/index.crates.io-1949cf8c6b5b557f/anstyle-parse-1.0.0) to /Volumes/SSD990/koblitz-native-f4-build7-3cb24b82/vendor/anstyle-parse-1.0.0
   Vendoring anstyle-query v1.1.5 (/Volumes/SSD990/koblitz-native-f4-cargo-home-6560f4c0/registry/src/index.crates.io-1949cf8c6b5b557f/anstyle-query-1.1.5) to /Volumes/SSD990/koblitz-native-f4-build7-3cb24b82/vendor/anstyle-query-1.1.5
   Vendoring anstyle-wincon v3.0.11 (/Volumes/SSD990/koblitz-native-f4-cargo-home-6560f4c0/registry/src/index.crates.io-1949cf8c6b5b557f/anstyle-wincon-3.0.11) to /Volumes/SSD990/koblitz-native-f4-build7-3cb24b82/vendor/anstyle-wincon-3.0.11
   Vendoring arrayvec v0.7.8 (/Volumes/SSD990/koblitz-native-f4-cargo-home-6560f4c0/registry/src/index.crates.io-1949cf8c6b5b557f/arrayvec-0.7.8) to /Volumes/SSD990/koblitz-native-f4-build7-3cb24b82/vendor/arrayvec-0.7.8
   Vendoring autocfg v1.5.1 (/Volumes/SSD990/koblitz-native-f4-cargo-home-6560f4c0/registry/src/index.crates.io-1949cf8c6b5b557f/autocfg-1.5.1) to /Volumes/SSD990/koblitz-native-f4-build7-3cb24b82/vendor/autocfg-1.5.1
   Vendoring base64 v0.21.7 (/Volumes/SSD990/koblitz-native-f4-cargo-home-6560f4c0/registry/src/index.crates.io-1949cf8c6b5b557f/base64-0.21.7) to /Volumes/SSD990/koblitz-native-f4-build7-3cb24b82/vendor/base64-0.21.7
   Vendoring bitflags v2.13.2 (/Volumes/SSD990/koblitz-native-f4-cargo-home-6560f4c0/registry/src/index.crates.io-1949cf8c6b5b557f/bitflags-2.13.2) to /Volumes/SSD990/koblitz-native-f4-build7-3cb24b82/vendor/bitflags-2.13.2
   Vendoring blake3 v1.8.7 (/Volumes/SSD990/koblitz-native-f4-cargo-home-6560f4c0/registry/src/index.crates.io-1949cf8c6b5b557f/blake3-1.8.7) to /Volumes/SSD990/koblitz-native-f4-build7-3cb24b82/vendor/blake3-1.8.7
   Vendoring bytes v1.12.1 (/Volumes/SSD990/koblitz-native-f4-cargo-home-6560f4c0/registry/src/index.crates.io-1949cf8c6b5b557f/bytes-1.12.1) to /Volumes/SSD990/koblitz-native-f4-build7-3cb24b82/vendor/bytes-1.12.1
   Vendoring cc v1.4.5 (/Volumes/SSD990/koblitz-native-f4-cargo-home-6560f4c0/registry/src/index.crates.io-1949cf8c6b5b557f/cc-1.4.5) to /Volumes/SSD990/koblitz-native-f4-build7-3cb24b82/vendor/cc-1.4.5
   Vendoring cfg-if v1.0.4 (/Volumes/SSD990/koblitz-native-f4-cargo-home-6560f4c0/registry/src/index.crates.io-1949cf8c6b5b557f/cfg-if-1.0.4) to /Volumes/SSD990/koblitz-native-f4-build7-3cb24b82/vendor/cfg-if-1.0.4
   Vendoring clap v4.6.6 (/Volumes/SSD990/koblitz-native-f4-cargo-home-6560f4c0/registry/src/index.crates.io-1949cf8c6b5b557f/clap-4.6.6) to /Volumes/SSD990/koblitz-native-f4-build7-3cb24b82/vendor/clap-4.6.6
   Vendoring clap_builder v4.6.6 (/Volumes/SSD990/koblitz-native-f4-cargo-home-6560f4c0/registry/src/index.crates.io-1949cf8c6b5b557f/clap_builder-4.6.6) to /Volumes/SSD990/koblitz-native-f4-build7-3cb24b82/vendor/clap_builder-4.6.6
   Vendoring clap_derive v4.6.4 (/Volumes/SSD990/koblitz-native-f4-cargo-home-6560f4c0/registry/src/index.crates.io-1949cf8c6b5b557f/clap_derive-4.6.4) to /Volumes/SSD990/koblitz-native-f4-build7-3cb24b82/vendor/clap_derive-4.6.4
   Vendoring clap_lex v1.1.0 (/Volumes/SSD990/koblitz-native-f4-cargo-home-6560f4c0/registry/src/index.crates.io-1949cf8c6b5b557f/clap_lex-1.1.0) to /Volumes/SSD990/koblitz-native-f4-build7-3cb24b82/vendor/clap_lex-1.1.0
   Vendoring colorchoice v1.0.5 (/Volumes/SSD990/koblitz-native-f4-cargo-home-6560f4c0/registry/src/index.crates.io-1949cf8c6b5b557f/colorchoice-1.0.5) to /Volumes/SSD990/koblitz-native-f4-build7-3cb24b82/vendor/colorchoice-1.0.5
   Vendoring combine v4.6.8 (/Volumes/SSD990/koblitz-native-f4-cargo-home-6560f4c0/registry/src/index.crates.io-1949cf8c6b5b557f/combine-4.6.8) to /Volumes/SSD990/koblitz-native-f4-build7-3cb24b82/vendor/combine-4.6.8
   Vendoring constant_time_eq v0.4.2 (/Volumes/SSD990/koblitz-native-f4-cargo-home-6560f4c0/registry/src/index.crates.io-1949cf8c6b5b557f/constant_time_eq-0.4.2) to /Volumes/SSD990/koblitz-native-f4-build7-3cb24b82/vendor/constant_time_eq-0.4.2
   Vendoring core-foundation v0.10.1 (/Volumes/SSD990/koblitz-native-f4-cargo-home-6560f4c0/registry/src/index.crates.io-1949cf8c6b5b557f/core-foundation-0.10.1) to /Volumes/SSD990/koblitz-native-f4-build7-3cb24b82/vendor/core-foundation-0.10.1
   Vendoring core-foundation-sys v0.8.7 (/Volumes/SSD990/koblitz-native-f4-cargo-home-6560f4c0/registry/src/index.crates.io-1949cf8c6b5b557f/core-foundation-sys-0.8.7) to /Volumes/SSD990/koblitz-native-f4-build7-3cb24b82/vendor/core-foundation-sys-0.8.7
   Vendoring cpufeatures v0.3.1 (/Volumes/SSD990/koblitz-native-f4-cargo-home-6560f4c0/registry/src/index.crates.io-1949cf8c6b5b557f/cpufeatures-0.3.1) to /Volumes/SSD990/koblitz-native-f4-build7-3cb24b82/vendor/cpufeatures-0.3.1
   Vendoring crc32fast v1.5.1 (/Volumes/SSD990/koblitz-native-f4-cargo-home-6560f4c0/registry/src/index.crates.io-1949cf8c6b5b557f/crc32fast-1.5.1) to /Volumes/SSD990/koblitz-native-f4-build7-3cb24b82/vendor/crc32fast-1.5.1
   Vendoring crossbeam-deque v0.8.8 (/Volumes/SSD990/koblitz-native-f4-cargo-home-6560f4c0/registry/src/index.crates.io-1949cf8c6b5b557f/crossbeam-deque-0.8.8) to /Volumes/SSD990/koblitz-native-f4-build7-3cb24b82/vendor/crossbeam-deque-0.8.8
   Vendoring crossbeam-epoch v0.9.21 (/Volumes/SSD990/koblitz-native-f4-cargo-home-6560f4c0/registry/src/index.crates.io-1949cf8c6b5b557f/crossbeam-epoch-0.9.21) to /Volumes/SSD990/koblitz-native-f4-build7-3cb24b82/vendor/crossbeam-epoch-0.9.21
   Vendoring crossbeam-utils v0.8.23 (/Volumes/SSD990/koblitz-native-f4-cargo-home-6560f4c0/registry/src/index.crates.io-1949cf8c6b5b557f/crossbeam-utils-0.8.23) to /Volumes/SSD990/koblitz-native-f4-build7-3cb24b82/vendor/crossbeam-utils-0.8.23
   Vendoring displaydoc v0.2.7 (/Volumes/SSD990/koblitz-native-f4-cargo-home-6560f4c0/registry/src/index.crates.io-1949cf8c6b5b557f/displaydoc-0.2.7) to /Volumes/SSD990/koblitz-native-f4-build7-3cb24b82/vendor/displaydoc-0.2.7
   Vendoring either v1.18.0 (/Volumes/SSD990/koblitz-native-f4-cargo-home-6560f4c0/registry/src/index.crates.io-1949cf8c6b5b557f/either-1.18.0) to /Volumes/SSD990/koblitz-native-f4-build7-3cb24b82/vendor/either-1.18.0
   Vendoring find-msvc-tools v0.1.12 (/Volumes/SSD990/koblitz-native-f4-cargo-home-6560f4c0/registry/src/index.crates.io-1949cf8c6b5b557f/find-msvc-tools-0.1.12) to /Volumes/SSD990/koblitz-native-f4-build7-3cb24b82/vendor/find-msvc-tools-0.1.12
   Vendoring flate2 v1.1.10 (/Volumes/SSD990/koblitz-native-f4-cargo-home-6560f4c0/registry/src/index.crates.io-1949cf8c6b5b557f/flate2-1.1.10) to /Volumes/SSD990/koblitz-native-f4-build7-3cb24b82/vendor/flate2-1.1.10
   Vendoring form_urlencoded v1.2.2 (/Volumes/SSD990/koblitz-native-f4-cargo-home-6560f4c0/registry/src/index.crates.io-1949cf8c6b5b557f/form_urlencoded-1.2.2) to /Volumes/SSD990/koblitz-native-f4-build7-3cb24b82/vendor/form_urlencoded-1.2.2
   Vendoring getrandom v0.2.17 (/Volumes/SSD990/koblitz-native-f4-cargo-home-6560f4c0/registry/src/index.crates.io-1949cf8c6b5b557f/getrandom-0.2.17) to /Volumes/SSD990/koblitz-native-f4-build7-3cb24b82/vendor/getrandom-0.2.17
   Vendoring heck v0.5.0 (/Volumes/SSD990/koblitz-native-f4-cargo-home-6560f4c0/registry/src/index.crates.io-1949cf8c6b5b557f/heck-0.5.0) to /Volumes/SSD990/koblitz-native-f4-build7-3cb24b82/vendor/heck-0.5.0
   Vendoring hex v0.4.3 (/Volumes/SSD990/koblitz-native-f4-cargo-home-6560f4c0/registry/src/index.crates.io-1949cf8c6b5b557f/hex-0.4.3) to /Volumes/SSD990/koblitz-native-f4-build7-3cb24b82/vendor/hex-0.4.3
   Vendoring icu_collections v2.3.0 (/Volumes/SSD990/koblitz-native-f4-cargo-home-6560f4c0/registry/src/index.crates.io-1949cf8c6b5b557f/icu_collections-2.3.0) to /Volumes/SSD990/koblitz-native-f4-build7-3cb24b82/vendor/icu_collections-2.3.0
   Vendoring icu_locale_core v2.3.0 (/Volumes/SSD990/koblitz-native-f4-cargo-home-6560f4c0/registry/src/index.crates.io-1949cf8c6b5b557f/icu_locale_core-2.3.0) to /Volumes/SSD990/koblitz-native-f4-build7-3cb24b82/vendor/icu_locale_core-2.3.0
   Vendoring icu_normalizer v2.3.0 (/Volumes/SSD990/koblitz-native-f4-cargo-home-6560f4c0/registry/src/index.crates.io-1949cf8c6b5b557f/icu_normalizer-2.3.0) to /Volumes/SSD990/koblitz-native-f4-build7-3cb24b82/vendor/icu_normalizer-2.3.0
   Vendoring icu_normalizer_data v2.3.0 (/Volumes/SSD990/koblitz-native-f4-cargo-home-6560f4c0/registry/src/index.crates.io-1949cf8c6b5b557f/icu_normalizer_data-2.3.0) to /Volumes/SSD990/koblitz-native-f4-build7-3cb24b82/vendor/icu_normalizer_data-2.3.0
   Vendoring icu_properties v2.3.0 (/Volumes/SSD990/koblitz-native-f4-cargo-home-6560f4c0/registry/src/index.crates.io-1949cf8c6b5b557f/icu_properties-2.3.0) to /Volumes/SSD990/koblitz-native-f4-build7-3cb24b82/vendor/icu_properties-2.3.0
   Vendoring icu_properties_data v2.3.0 (/Volumes/SSD990/koblitz-native-f4-cargo-home-6560f4c0/registry/src/index.crates.io-1949cf8c6b5b557f/icu_properties_data-2.3.0) to /Volumes/SSD990/koblitz-native-f4-build7-3cb24b82/vendor/icu_properties_data-2.3.0
   Vendoring icu_provider v2.3.1 (/Volumes/SSD990/koblitz-native-f4-cargo-home-6560f4c0/registry/src/index.crates.io-1949cf8c6b5b557f/icu_provider-2.3.1) to /Volumes/SSD990/koblitz-native-f4-build7-3cb24b82/vendor/icu_provider-2.3.1
   Vendoring idna v1.1.0 (/Volumes/SSD990/koblitz-native-f4-cargo-home-6560f4c0/registry/src/index.crates.io-1949cf8c6b5b557f/idna-1.1.0) to /Volumes/SSD990/koblitz-native-f4-build7-3cb24b82/vendor/idna-1.1.0
   Vendoring idna_adapter v1.2.2 (/Volumes/SSD990/koblitz-native-f4-cargo-home-6560f4c0/registry/src/index.crates.io-1949cf8c6b5b557f/idna_adapter-1.2.2) to /Volumes/SSD990/koblitz-native-f4-build7-3cb24b82/vendor/idna_adapter-1.2.2
   Vendoring is_terminal_polyfill v1.70.2 (/Volumes/SSD990/koblitz-native-f4-cargo-home-6560f4c0/registry/src/index.crates.io-1949cf8c6b5b557f/is_terminal_polyfill-1.70.2) to /Volumes/SSD990/koblitz-native-f4-build7-3cb24b82/vendor/is_terminal_polyfill-1.70.2
   Vendoring itoa v1.0.18 (/Volumes/SSD990/koblitz-native-f4-cargo-home-6560f4c0/registry/src/index.crates.io-1949cf8c6b5b557f/itoa-1.0.18) to /Volumes/SSD990/koblitz-native-f4-build7-3cb24b82/vendor/itoa-1.0.18
   Vendoring libc v0.2.189 (/Volumes/SSD990/koblitz-native-f4-cargo-home-6560f4c0/registry/src/index.crates.io-1949cf8c6b5b557f/libc-0.2.189) to /Volumes/SSD990/koblitz-native-f4-build7-3cb24b82/vendor/libc-0.2.189
   Vendoring litemap v0.8.3 (/Volumes/SSD990/koblitz-native-f4-cargo-home-6560f4c0/registry/src/index.crates.io-1949cf8c6b5b557f/litemap-0.8.3) to /Volumes/SSD990/koblitz-native-f4-build7-3cb24b82/vendor/litemap-0.8.3
   Vendoring memchr v2.8.3 (/Volumes/SSD990/koblitz-native-f4-cargo-home-6560f4c0/registry/src/index.crates.io-1949cf8c6b5b557f/memchr-2.8.3) to /Volumes/SSD990/koblitz-native-f4-build7-3cb24b82/vendor/memchr-2.8.3
   Vendoring miniz_oxide v0.9.1 (/Volumes/SSD990/koblitz-native-f4-cargo-home-6560f4c0/registry/src/index.crates.io-1949cf8c6b5b557f/miniz_oxide-0.9.1) to /Volumes/SSD990/koblitz-native-f4-build7-3cb24b82/vendor/miniz_oxide-0.9.1
   Vendoring num-bigint v0.4.8 (/Volumes/SSD990/koblitz-native-f4-cargo-home-6560f4c0/registry/src/index.crates.io-1949cf8c6b5b557f/num-bigint-0.4.8) to /Volumes/SSD990/koblitz-native-f4-build7-3cb24b82/vendor/num-bigint-0.4.8
   Vendoring num-integer v0.1.47 (/Volumes/SSD990/koblitz-native-f4-cargo-home-6560f4c0/registry/src/index.crates.io-1949cf8c6b5b557f/num-integer-0.1.47) to /Volumes/SSD990/koblitz-native-f4-build7-3cb24b82/vendor/num-integer-0.1.47
   Vendoring num-traits v0.2.19 (/Volumes/SSD990/koblitz-native-f4-cargo-home-6560f4c0/registry/src/index.crates.io-1949cf8c6b5b557f/num-traits-0.2.19) to /Volumes/SSD990/koblitz-native-f4-build7-3cb24b82/vendor/num-traits-0.2.19
   Vendoring once_cell v1.21.4 (/Volumes/SSD990/koblitz-native-f4-cargo-home-6560f4c0/registry/src/index.crates.io-1949cf8c6b5b557f/once_cell-1.21.4) to /Volumes/SSD990/koblitz-native-f4-build7-3cb24b82/vendor/once_cell-1.21.4
   Vendoring once_cell_polyfill v1.70.2 (/Volumes/SSD990/koblitz-native-f4-cargo-home-6560f4c0/registry/src/index.crates.io-1949cf8c6b5b557f/once_cell_polyfill-1.70.2) to /Volumes/SSD990/koblitz-native-f4-build7-3cb24b82/vendor/once_cell_polyfill-1.70.2
   Vendoring openssl-probe v0.2.1 (/Volumes/SSD990/koblitz-native-f4-cargo-home-6560f4c0/registry/src/index.crates.io-1949cf8c6b5b557f/openssl-probe-0.2.1) to /Volumes/SSD990/koblitz-native-f4-build7-3cb24b82/vendor/openssl-probe-0.2.1
   Vendoring percent-encoding v2.3.2 (/Volumes/SSD990/koblitz-native-f4-cargo-home-6560f4c0/registry/src/index.crates.io-1949cf8c6b5b557f/percent-encoding-2.3.2) to /Volumes/SSD990/koblitz-native-f4-build7-3cb24b82/vendor/percent-encoding-2.3.2
   Vendoring potential_utf v0.1.6 (/Volumes/SSD990/koblitz-native-f4-cargo-home-6560f4c0/registry/src/index.crates.io-1949cf8c6b5b557f/potential_utf-0.1.6) to /Volumes/SSD990/koblitz-native-f4-build7-3cb24b82/vendor/potential_utf-0.1.6
   Vendoring ppv-lite86 v0.2.21 (/Volumes/SSD990/koblitz-native-f4-cargo-home-6560f4c0/registry/src/index.crates.io-1949cf8c6b5b557f/ppv-lite86-0.2.21) to /Volumes/SSD990/koblitz-native-f4-build7-3cb24b82/vendor/ppv-lite86-0.2.21
   Vendoring proc-macro2 v1.0.107 (/Volumes/SSD990/koblitz-native-f4-cargo-home-6560f4c0/registry/src/index.crates.io-1949cf8c6b5b557f/proc-macro2-1.0.107) to /Volumes/SSD990/koblitz-native-f4-build7-3cb24b82/vendor/proc-macro2-1.0.107
   Vendoring quote v1.0.47 (/Volumes/SSD990/koblitz-native-f4-cargo-home-6560f4c0/registry/src/index.crates.io-1949cf8c6b5b557f/quote-1.0.47) to /Volumes/SSD990/koblitz-native-f4-build7-3cb24b82/vendor/quote-1.0.47
   Vendoring rand v0.8.8 (/Volumes/SSD990/koblitz-native-f4-cargo-home-6560f4c0/registry/src/index.crates.io-1949cf8c6b5b557f/rand-0.8.8) to /Volumes/SSD990/koblitz-native-f4-build7-3cb24b82/vendor/rand-0.8.8
   Vendoring rand_chacha v0.3.1 (/Volumes/SSD990/koblitz-native-f4-cargo-home-6560f4c0/registry/src/index.crates.io-1949cf8c6b5b557f/rand_chacha-0.3.1) to /Volumes/SSD990/koblitz-native-f4-build7-3cb24b82/vendor/rand_chacha-0.3.1
   Vendoring rand_core v0.6.4 (/Volumes/SSD990/koblitz-native-f4-cargo-home-6560f4c0/registry/src/index.crates.io-1949cf8c6b5b557f/rand_core-0.6.4) to /Volumes/SSD990/koblitz-native-f4-build7-3cb24b82/vendor/rand_core-0.6.4
   Vendoring rayon v1.12.0 (/Volumes/SSD990/koblitz-native-f4-cargo-home-6560f4c0/registry/src/index.crates.io-1949cf8c6b5b557f/rayon-1.12.0) to /Volumes/SSD990/koblitz-native-f4-build7-3cb24b82/vendor/rayon-1.12.0
   Vendoring rayon-core v1.13.0 (/Volumes/SSD990/koblitz-native-f4-cargo-home-6560f4c0/registry/src/index.crates.io-1949cf8c6b5b557f/rayon-core-1.13.0) to /Volumes/SSD990/koblitz-native-f4-build7-3cb24b82/vendor/rayon-core-1.13.0
   Vendoring redis v0.32.7 (/Volumes/SSD990/koblitz-native-f4-cargo-home-6560f4c0/registry/src/index.crates.io-1949cf8c6b5b557f/redis-0.32.7) to /Volumes/SSD990/koblitz-native-f4-build7-3cb24b82/vendor/redis-0.32.7
   Vendoring ring v0.17.14 (/Volumes/SSD990/koblitz-native-f4-cargo-home-6560f4c0/registry/src/index.crates.io-1949cf8c6b5b557f/ring-0.17.14) to /Volumes/SSD990/koblitz-native-f4-build7-3cb24b82/vendor/ring-0.17.14
   Vendoring rustls v0.23.45 (/Volumes/SSD990/koblitz-native-f4-cargo-home-6560f4c0/registry/src/index.crates.io-1949cf8c6b5b557f/rustls-0.23.45) to /Volumes/SSD990/koblitz-native-f4-build7-3cb24b82/vendor/rustls-0.23.45
   Vendoring rustls-native-certs v0.8.4 (/Volumes/SSD990/koblitz-native-f4-cargo-home-6560f4c0/registry/src/index.crates.io-1949cf8c6b5b557f/rustls-native-certs-0.8.4) to /Volumes/SSD990/koblitz-native-f4-build7-3cb24b82/vendor/rustls-native-certs-0.8.4
   Vendoring rustls-pki-types v1.15.1 (/Volumes/SSD990/koblitz-native-f4-cargo-home-6560f4c0/registry/src/index.crates.io-1949cf8c6b5b557f/rustls-pki-types-1.15.1) to /Volumes/SSD990/koblitz-native-f4-build7-3cb24b82/vendor/rustls-pki-types-1.15.1
   Vendoring rustls-webpki v0.103.15 (/Volumes/SSD990/koblitz-native-f4-cargo-home-6560f4c0/registry/src/index.crates.io-1949cf8c6b5b557f/rustls-webpki-0.103.15) to /Volumes/SSD990/koblitz-native-f4-build7-3cb24b82/vendor/rustls-webpki-0.103.15
   Vendoring ryu v1.0.23 (/Volumes/SSD990/koblitz-native-f4-cargo-home-6560f4c0/registry/src/index.crates.io-1949cf8c6b5b557f/ryu-1.0.23) to /Volumes/SSD990/koblitz-native-f4-build7-3cb24b82/vendor/ryu-1.0.23
   Vendoring schannel v0.1.29 (/Volumes/SSD990/koblitz-native-f4-cargo-home-6560f4c0/registry/src/index.crates.io-1949cf8c6b5b557f/schannel-0.1.29) to /Volumes/SSD990/koblitz-native-f4-build7-3cb24b82/vendor/schannel-0.1.29
   Vendoring security-framework v3.7.0 (/Volumes/SSD990/koblitz-native-f4-cargo-home-6560f4c0/registry/src/index.crates.io-1949cf8c6b5b557f/security-framework-3.7.0) to /Volumes/SSD990/koblitz-native-f4-build7-3cb24b82/vendor/security-framework-3.7.0
   Vendoring security-framework-sys v2.17.0 (/Volumes/SSD990/koblitz-native-f4-cargo-home-6560f4c0/registry/src/index.crates.io-1949cf8c6b5b557f/security-framework-sys-2.17.0) to /Volumes/SSD990/koblitz-native-f4-build7-3cb24b82/vendor/security-framework-sys-2.17.0
   Vendoring serde v1.0.229 (/Volumes/SSD990/koblitz-native-f4-cargo-home-6560f4c0/registry/src/index.crates.io-1949cf8c6b5b557f/serde-1.0.229) to /Volumes/SSD990/koblitz-native-f4-build7-3cb24b82/vendor/serde-1.0.229
   Vendoring serde_core v1.0.229 (/Volumes/SSD990/koblitz-native-f4-cargo-home-6560f4c0/registry/src/index.crates.io-1949cf8c6b5b557f/serde_core-1.0.229) to /Volumes/SSD990/koblitz-native-f4-build7-3cb24b82/vendor/serde_core-1.0.229
   Vendoring serde_derive v1.0.229 (/Volumes/SSD990/koblitz-native-f4-cargo-home-6560f4c0/registry/src/index.crates.io-1949cf8c6b5b557f/serde_derive-1.0.229) to /Volumes/SSD990/koblitz-native-f4-build7-3cb24b82/vendor/serde_derive-1.0.229
   Vendoring serde_json v1.0.151 (/Volumes/SSD990/koblitz-native-f4-cargo-home-6560f4c0/registry/src/index.crates.io-1949cf8c6b5b557f/serde_json-1.0.151) to /Volumes/SSD990/koblitz-native-f4-build7-3cb24b82/vendor/serde_json-1.0.151
   Vendoring shlex v2.0.1 (/Volumes/SSD990/koblitz-native-f4-cargo-home-6560f4c0/registry/src/index.crates.io-1949cf8c6b5b557f/shlex-2.0.1) to /Volumes/SSD990/koblitz-native-f4-build7-3cb24b82/vendor/shlex-2.0.1
   Vendoring simd-adler32 v0.3.10 (/Volumes/SSD990/koblitz-native-f4-cargo-home-6560f4c0/registry/src/index.crates.io-1949cf8c6b5b557f/simd-adler32-0.3.10) to /Volumes/SSD990/koblitz-native-f4-build7-3cb24b82/vendor/simd-adler32-0.3.10
   Vendoring smallvec v1.16.1 (/Volumes/SSD990/koblitz-native-f4-cargo-home-6560f4c0/registry/src/index.crates.io-1949cf8c6b5b557f/smallvec-1.16.1) to /Volumes/SSD990/koblitz-native-f4-build7-3cb24b82/vendor/smallvec-1.16.1
   Vendoring socket2 v0.6.5 (/Volumes/SSD990/koblitz-native-f4-cargo-home-6560f4c0/registry/src/index.crates.io-1949cf8c6b5b557f/socket2-0.6.5) to /Volumes/SSD990/koblitz-native-f4-build7-3cb24b82/vendor/socket2-0.6.5
   Vendoring stable_deref_trait v1.2.1 (/Volumes/SSD990/koblitz-native-f4-cargo-home-6560f4c0/registry/src/index.crates.io-1949cf8c6b5b557f/stable_deref_trait-1.2.1) to /Volumes/SSD990/koblitz-native-f4-build7-3cb24b82/vendor/stable_deref_trait-1.2.1
   Vendoring strsim v0.11.1 (/Volumes/SSD990/koblitz-native-f4-cargo-home-6560f4c0/registry/src/index.crates.io-1949cf8c6b5b557f/strsim-0.11.1) to /Volumes/SSD990/koblitz-native-f4-build7-3cb24b82/vendor/strsim-0.11.1
   Vendoring subtle v2.6.1 (/Volumes/SSD990/koblitz-native-f4-cargo-home-6560f4c0/registry/src/index.crates.io-1949cf8c6b5b557f/subtle-2.6.1) to /Volumes/SSD990/koblitz-native-f4-build7-3cb24b82/vendor/subtle-2.6.1
   Vendoring syn v2.0.119 (/Volumes/SSD990/koblitz-native-f4-cargo-home-6560f4c0/registry/src/index.crates.io-1949cf8c6b5b557f/syn-2.0.119) to /Volumes/SSD990/koblitz-native-f4-build7-3cb24b82/vendor/syn-2.0.119
   Vendoring syn v3.0.5 (/Volumes/SSD990/koblitz-native-f4-cargo-home-6560f4c0/registry/src/index.crates.io-1949cf8c6b5b557f/syn-3.0.5) to /Volumes/SSD990/koblitz-native-f4-build7-3cb24b82/vendor/syn-3.0.5
   Vendoring synstructure v0.14.0 (/Volumes/SSD990/koblitz-native-f4-cargo-home-6560f4c0/registry/src/index.crates.io-1949cf8c6b5b557f/synstructure-0.14.0) to /Volumes/SSD990/koblitz-native-f4-build7-3cb24b82/vendor/synstructure-0.14.0
   Vendoring tinystr v0.8.4 (/Volumes/SSD990/koblitz-native-f4-cargo-home-6560f4c0/registry/src/index.crates.io-1949cf8c6b5b557f/tinystr-0.8.4) to /Volumes/SSD990/koblitz-native-f4-build7-3cb24b82/vendor/tinystr-0.8.4
   Vendoring unicode-ident v1.0.24 (/Volumes/SSD990/koblitz-native-f4-cargo-home-6560f4c0/registry/src/index.crates.io-1949cf8c6b5b557f/unicode-ident-1.0.24) to /Volumes/SSD990/koblitz-native-f4-build7-3cb24b82/vendor/unicode-ident-1.0.24
   Vendoring untrusted v0.9.0 (/Volumes/SSD990/koblitz-native-f4-cargo-home-6560f4c0/registry/src/index.crates.io-1949cf8c6b5b557f/untrusted-0.9.0) to /Volumes/SSD990/koblitz-native-f4-build7-3cb24b82/vendor/untrusted-0.9.0
   Vendoring url v2.5.8 (/Volumes/SSD990/koblitz-native-f4-cargo-home-6560f4c0/registry/src/index.crates.io-1949cf8c6b5b557f/url-2.5.8) to /Volumes/SSD990/koblitz-native-f4-build7-3cb24b82/vendor/url-2.5.8
   Vendoring utf8_iter v1.0.4 (/Volumes/SSD990/koblitz-native-f4-cargo-home-6560f4c0/registry/src/index.crates.io-1949cf8c6b5b557f/utf8_iter-1.0.4) to /Volumes/SSD990/koblitz-native-f4-build7-3cb24b82/vendor/utf8_iter-1.0.4
   Vendoring utf8parse v0.2.2 (/Volumes/SSD990/koblitz-native-f4-cargo-home-6560f4c0/registry/src/index.crates.io-1949cf8c6b5b557f/utf8parse-0.2.2) to /Volumes/SSD990/koblitz-native-f4-build7-3cb24b82/vendor/utf8parse-0.2.2
   Vendoring wasi v0.11.1+wasi-snapshot-preview1 (/Volumes/SSD990/koblitz-native-f4-cargo-home-6560f4c0/registry/src/index.crates.io-1949cf8c6b5b557f/wasi-0.11.1+wasi-snapshot-preview1) to /Volumes/SSD990/koblitz-native-f4-build7-3cb24b82/vendor/wasi-0.11.1+wasi-snapshot-preview1
   Vendoring windows-link v0.2.1 (/Volumes/SSD990/koblitz-native-f4-cargo-home-6560f4c0/registry/src/index.crates.io-1949cf8c6b5b557f/windows-link-0.2.1) to /Volumes/SSD990/koblitz-native-f4-build7-3cb24b82/vendor/windows-link-0.2.1
   Vendoring windows-sys v0.52.0 (/Volumes/SSD990/koblitz-native-f4-cargo-home-6560f4c0/registry/src/index.crates.io-1949cf8c6b5b557f/windows-sys-0.52.0) to /Volumes/SSD990/koblitz-native-f4-build7-3cb24b82/vendor/windows-sys-0.52.0
   Vendoring windows-sys v0.61.2 (/Volumes/SSD990/koblitz-native-f4-cargo-home-6560f4c0/registry/src/index.crates.io-1949cf8c6b5b557f/windows-sys-0.61.2) to /Volumes/SSD990/koblitz-native-f4-build7-3cb24b82/vendor/windows-sys-0.61.2
   Vendoring windows-targets v0.52.6 (/Volumes/SSD990/koblitz-native-f4-cargo-home-6560f4c0/registry/src/index.crates.io-1949cf8c6b5b557f/windows-targets-0.52.6) to /Volumes/SSD990/koblitz-native-f4-build7-3cb24b82/vendor/windows-targets-0.52.6
   Vendoring windows_aarch64_gnullvm v0.52.6 (/Volumes/SSD990/koblitz-native-f4-cargo-home-6560f4c0/registry/src/index.crates.io-1949cf8c6b5b557f/windows_aarch64_gnullvm-0.52.6) to /Volumes/SSD990/koblitz-native-f4-build7-3cb24b82/vendor/windows_aarch64_gnullvm-0.52.6
   Vendoring windows_aarch64_msvc v0.52.6 (/Volumes/SSD990/koblitz-native-f4-cargo-home-6560f4c0/registry/src/index.crates.io-1949cf8c6b5b557f/windows_aarch64_msvc-0.52.6) to /Volumes/SSD990/koblitz-native-f4-build7-3cb24b82/vendor/windows_aarch64_msvc-0.52.6
   Vendoring windows_i686_gnu v0.52.6 (/Volumes/SSD990/koblitz-native-f4-cargo-home-6560f4c0/registry/src/index.crates.io-1949cf8c6b5b557f/windows_i686_gnu-0.52.6) to /Volumes/SSD990/koblitz-native-f4-build7-3cb24b82/vendor/windows_i686_gnu-0.52.6
   Vendoring windows_i686_gnullvm v0.52.6 (/Volumes/SSD990/koblitz-native-f4-cargo-home-6560f4c0/registry/src/index.crates.io-1949cf8c6b5b557f/windows_i686_gnullvm-0.52.6) to /Volumes/SSD990/koblitz-native-f4-build7-3cb24b82/vendor/windows_i686_gnullvm-0.52.6
   Vendoring windows_i686_msvc v0.52.6 (/Volumes/SSD990/koblitz-native-f4-cargo-home-6560f4c0/registry/src/index.crates.io-1949cf8c6b5b557f/windows_i686_msvc-0.52.6) to /Volumes/SSD990/koblitz-native-f4-build7-3cb24b82/vendor/windows_i686_msvc-0.52.6
   Vendoring windows_x86_64_gnu v0.52.6 (/Volumes/SSD990/koblitz-native-f4-cargo-home-6560f4c0/registry/src/index.crates.io-1949cf8c6b5b557f/windows_x86_64_gnu-0.52.6) to /Volumes/SSD990/koblitz-native-f4-build7-3cb24b82/vendor/windows_x86_64_gnu-0.52.6
   Vendoring windows_x86_64_gnullvm v0.52.6 (/Volumes/SSD990/koblitz-native-f4-cargo-home-6560f4c0/registry/src/index.crates.io-1949cf8c6b5b557f/windows_x86_64_gnullvm-0.52.6) to /Volumes/SSD990/koblitz-native-f4-build7-3cb24b82/vendor/windows_x86_64_gnullvm-0.52.6
   Vendoring windows_x86_64_msvc v0.52.6 (/Volumes/SSD990/koblitz-native-f4-cargo-home-6560f4c0/registry/src/index.crates.io-1949cf8c6b5b557f/windows_x86_64_msvc-0.52.6) to /Volumes/SSD990/koblitz-native-f4-build7-3cb24b82/vendor/windows_x86_64_msvc-0.52.6
   Vendoring writeable v0.6.4 (/Volumes/SSD990/koblitz-native-f4-cargo-home-6560f4c0/registry/src/index.crates.io-1949cf8c6b5b557f/writeable-0.6.4) to /Volumes/SSD990/koblitz-native-f4-build7-3cb24b82/vendor/writeable-0.6.4
   Vendoring yoke v0.8.3 (/Volumes/SSD990/koblitz-native-f4-cargo-home-6560f4c0/registry/src/index.crates.io-1949cf8c6b5b557f/yoke-0.8.3) to /Volumes/SSD990/koblitz-native-f4-build7-3cb24b82/vendor/yoke-0.8.3
   Vendoring yoke-derive v0.8.3 (/Volumes/SSD990/koblitz-native-f4-cargo-home-6560f4c0/registry/src/index.crates.io-1949cf8c6b5b557f/yoke-derive-0.8.3) to /Volumes/SSD990/koblitz-native-f4-build7-3cb24b82/vendor/yoke-derive-0.8.3
   Vendoring zerocopy v0.8.57 (/Volumes/SSD990/koblitz-native-f4-cargo-home-6560f4c0/registry/src/index.crates.io-1949cf8c6b5b557f/zerocopy-0.8.57) to /Volumes/SSD990/koblitz-native-f4-build7-3cb24b82/vendor/zerocopy-0.8.57
   Vendoring zerocopy-derive v0.8.57 (/Volumes/SSD990/koblitz-native-f4-cargo-home-6560f4c0/registry/src/index.crates.io-1949cf8c6b5b557f/zerocopy-derive-0.8.57) to /Volumes/SSD990/koblitz-native-f4-build7-3cb24b82/vendor/zerocopy-derive-0.8.57
   Vendoring zerofrom v0.1.8 (/Volumes/SSD990/koblitz-native-f4-cargo-home-6560f4c0/registry/src/index.crates.io-1949cf8c6b5b557f/zerofrom-0.1.8) to /Volumes/SSD990/koblitz-native-f4-build7-3cb24b82/vendor/zerofrom-0.1.8
   Vendoring zerofrom-derive v0.1.8 (/Volumes/SSD990/koblitz-native-f4-cargo-home-6560f4c0/registry/src/index.crates.io-1949cf8c6b5b557f/zerofrom-derive-0.1.8) to /Volumes/SSD990/koblitz-native-f4-build7-3cb24b82/vendor/zerofrom-derive-0.1.8
   Vendoring zeroize v1.9.0 (/Volumes/SSD990/koblitz-native-f4-cargo-home-6560f4c0/registry/src/index.crates.io-1949cf8c6b5b557f/zeroize-1.9.0) to /Volumes/SSD990/koblitz-native-f4-build7-3cb24b82/vendor/zeroize-1.9.0
   Vendoring zeroize_derive v1.5.0 (/Volumes/SSD990/koblitz-native-f4-cargo-home-6560f4c0/registry/src/index.crates.io-1949cf8c6b5b557f/zeroize_derive-1.5.0) to /Volumes/SSD990/koblitz-native-f4-build7-3cb24b82/vendor/zeroize_derive-1.5.0
   Vendoring zerotrie v0.2.5 (/Volumes/SSD990/koblitz-native-f4-cargo-home-6560f4c0/registry/src/index.crates.io-1949cf8c6b5b557f/zerotrie-0.2.5) to /Volumes/SSD990/koblitz-native-f4-build7-3cb24b82/vendor/zerotrie-0.2.5
   Vendoring zerovec v0.11.8 (/Volumes/SSD990/koblitz-native-f4-cargo-home-6560f4c0/registry/src/index.crates.io-1949cf8c6b5b557f/zerovec-0.11.8) to /Volumes/SSD990/koblitz-native-f4-build7-3cb24b82/vendor/zerovec-0.11.8
   Vendoring zerovec-derive v0.11.6 (/Volumes/SSD990/koblitz-native-f4-cargo-home-6560f4c0/registry/src/index.crates.io-1949cf8c6b5b557f/zerovec-derive-0.11.6) to /Volumes/SSD990/koblitz-native-f4-build7-3cb24b82/vendor/zerovec-derive-0.11.6
   Vendoring zlib-rs v0.6.7 (/Volumes/SSD990/koblitz-native-f4-cargo-home-6560f4c0/registry/src/index.crates.io-1949cf8c6b5b557f/zlib-rs-0.6.7) to /Volumes/SSD990/koblitz-native-f4-build7-3cb24b82/vendor/zlib-rs-0.6.7
   Vendoring zmij v1.0.23 (/Volumes/SSD990/koblitz-native-f4-cargo-home-6560f4c0/registry/src/index.crates.io-1949cf8c6b5b557f/zmij-1.0.23) to /Volumes/SSD990/koblitz-native-f4-build7-3cb24b82/vendor/zmij-1.0.23
To use vendored sources, add this to your .cargo/config.toml for this project:

