make -B build/test-sigma-fused-shared-scratch-cuda-2 ARCH="-gencode arch=compute_120,code=sm_120" BATCH=16 THREADS=256 MINBLOCKS=2 PACKED_SINGLE_PRODUCT=1 PACKED_CACHE_DENOM=1 PACKED_BY_VALUE=1 PACKED_PERM_SIGMA=3 PACKED_POLY_CHAIN=1 PACKED_UNROLL_INV=1 PACKED_PAIR_PRODUCTS=1 PACKED_POLY_STATE=1 PACKED_DIRECT_REDUCE=1 PACKED_GENERATED_PRODUCT=1 PACKED_CLMAD=1 PACKED_STATE_TILE=256 PACKED_WEIGHTED_PREFIX=2 PACKED_COMPACT_STATE=1 PACKED_SHARED_SIGMA=1 PACKED_INLINE_POLY=3 SIGMA_FUSED=1 WITNESS=0 WALK_TABLE=0
make[1]: Entering directory '/__w/crypto/crypto/ecc2k130'
mkdir -p build
nvcc -O3 -std=c++17 -gencode arch=compute_120,code=sm_120 -DECC_BATCH=16 -DECC_THREADS=256 -DECC_MINBLOCKS=2 -DECC_STREAM_KARAT=0 -DECC_SMEM_SPILL=0 -DECC_PACKED_SINGLE_PRODUCT=1 -DECC_PACKED_CACHE_DENOM=1 -DECC_PACKED_BY_VALUE=1 -DECC_PACKED_PERM_SIGMA=3 -DECC_PACKED_POLY_CHAIN=1 -DECC_PACKED_UNROLL_INV=1 -DECC_PACKED_PAIR_PRODUCTS=1 -DECC_PACKED_POLY_STATE=1 -DECC_PACKED_DIRECT_REDUCE=1 -DECC_PACKED_GENERATED_PRODUCT=1 -DECC_PACKED_INLINE_POLY=3 -DECC_PACKED_CLMAD=1 -DECC_PACKED_CLMAD_SQUARE=0 -DECC_PACKED_KARAT3=0 -DECC_PACKED_WEIGHTED_PREFIX=2 -DECC_PACKED_COMPACT_STATE=1 -DECC_PACKED_SHARED_SIGMA=1 -DECC_PACKED_TOP_CLMAD=0 -DECC_PACKED_STATE_TILE=256 -DECC_PACKED_ADD_COMBINE=0 -DECC_PACKED_PAIR_ILP=0 -DECC_UNROLL_SLOTS=1 -DECC_PACKED_SLOT_PREFETCH=0 -DECC_PACKED_SLOT_PIPELINE=0 -DECC_SIGMA_FUSED=1 -DECC_SIGMA_FUSED_LATE_Y=0 -DECC_SIGMA_FUSED_SHARED_SLOTS=2 -DECC_PACKED_L2_PERSIST=0 -DECC_PACKED_TOP_HOIST=0 -DECC_PACKED_ONB_INV=0 -DECC_PACKED_FROM_REDUCED=0 -DECC_PACKED_CLMUL_FLAT=0 -DECC_PACKED_PAIR_CLMUL=0 -DECC_PACKED_ALU_SQR=0 -DECC_WALK_TABLE=0 -DECC_TABLE_BRANCHES=8 -DECC_TABLE_PIVOT_BYTES=0 -DECC_TABLE_PHASE_POPC=0 -DECC_TABLE_TAG_DENOM=0 -DECC_TABLE_FUSED=0 -DECC_TABLE_FUSED_PIPE=0 -DECC_PHASE_PROFILE=0 -DECC_TABLE_PIPE_SELECT=0 -DECC_TABLE_SPLIT_FORWARD=0 -DECC_TABLE_BATCH_HINTS=0 -DECC_TABLE_BLOCK_HINTS=0 -DECC_TABLE_HINT_QUEUE=512 -DECC_CYCLE_FAST2=0 -DECC_CYCLE_PROFILE=0 -DECC_PACKED_CHAIN_FIRST=0 -DECC_PACKED_CHAINS=1 -DECC_TABLE_GLOBAL_HINTS=0 -DECC_TABLE_GLOBAL=0 -DECC_TABLE_ADDEND_GLOBAL=0 -DECC_PACKED_ALU_SQUARE=0 -DECC_PACKED_SQUARE_TABLE=0 -DECC_PACKED_INV_POLY=0 -DECC_WITNESS=0 -Xptxas -v -lineinfo src/testsigmasharedscratchcuda.cu -o build/test-sigma-fused-shared-scratch-cuda-2
ptxas info    : 1792 bytes gmem
ptxas info    : Compiling entry function '_ZN58_GLOBAL__N__69164f8c_29_testsigmasharedscratchcuda_cu_main19scratchRoutingProbeEPKjS1_PjS2_PN12eccPacked1314P131Ei' for 'sm_120'
ptxas info    : Function properties for _ZN58_GLOBAL__N__69164f8c_29_testsigmasharedscratchcuda_cu_main19scratchRoutingProbeEPKjS1_PjS2_PN12eccPacked1314P131Ei
    0 bytes stack frame, 0 bytes spill stores, 0 bytes spill loads
ptxas info    : Used 42 registers, used 0 barriers, 20480 bytes smem
ptxas info    : Compile time = 8.139 ms
ptxas info    : Compiling entry function '_ZN12eccPacked1314walkE10WalkParamsIjEPj' for 'sm_120'
ptxas info    : Function properties for _ZN12eccPacked1314walkE10WalkParamsIjEPj
    0 bytes stack frame, 0 bytes spill stores, 0 bytes spill loads
ptxas info    : Used 126 registers, used 1 barriers, 22272 bytes smem
ptxas info    : Compile time = 194.864 ms
ptxas info    : Function properties for _ZN56_INTERNAL_69164f8c_29_testsigmasharedscratchcuda_cu_main12eccPacked13118sigmaInvNetwork131ENS0_4P131Ei_$_specialized_$_3
    0 bytes stack frame, 0 bytes spill stores, 0 bytes spill loads
ptxas info    : Function properties for _ZN56_INTERNAL_69164f8c_29_testsigmasharedscratchcuda_cu_main12eccPacked13118sigmaInvNetwork131ENS0_4P131Ei_$_specialized_$_4
    0 bytes stack frame, 0 bytes spill stores, 0 bytes spill loads
ptxas info    : Function properties for _ZN56_INTERNAL_69164f8c_29_testsigmasharedscratchcuda_cu_main12eccPacked13118sigmaInvNetwork131ENS0_4P131Ei_$_specialized_$_5
    0 bytes stack frame, 0 bytes spill stores, 0 bytes spill loads
ptxas info    : Function properties for _ZN56_INTERNAL_69164f8c_29_testsigmasharedscratchcuda_cu_main12eccPacked13119sigmaWalkNetwork131ENS0_4P131Ei_$_specialized_$_1
    0 bytes stack frame, 0 bytes spill stores, 0 bytes spill loads
ptxas info    : Function properties for _ZN56_INTERNAL_69164f8c_29_testsigmasharedscratchcuda_cu_main12eccPacked13119sigmaWalkNetwork131ENS0_4P131Ei_$_specialized_$_2
    0 bytes stack frame, 0 bytes spill stores, 0 bytes spill loads
ptxas info    : Function properties for _ZN56_INTERNAL_69164f8c_29_testsigmasharedscratchcuda_cu_main12eccPacked13129sigmaWalkNetworkPairShared131ENS0_4P131ES1_i
    0 bytes stack frame, 0 bytes spill stores, 0 bytes spill loads
ptxas info    : Function properties for _ZN56_INTERNAL_69164f8c_29_testsigmasharedscratchcuda_cu_main12eccPacked1316mul131ENS0_4P131ES1_
    0 bytes stack frame, 0 bytes spill stores, 0 bytes spill loads
ptxas info    : Compiling entry function '_ZN12eccPacked1314initE10WalkParamsIjEb' for 'sm_120'
ptxas info    : Function properties for _ZN12eccPacked1314initE10WalkParamsIjEb
    0 bytes stack frame, 0 bytes spill stores, 0 bytes spill loads
ptxas info    : Used 101 registers, used 0 barriers
ptxas info    : Compile time = 81.139 ms
ptxas info    : Function properties for _ZN56_INTERNAL_69164f8c_29_testsigmasharedscratchcuda_cu_main12eccPacked13118sigmaInvNetwork131ENS0_4P131Ei_$_specialized_$_3
    0 bytes stack frame, 0 bytes spill stores, 0 bytes spill loads
ptxas info    : Function properties for _ZN56_INTERNAL_69164f8c_29_testsigmasharedscratchcuda_cu_main12eccPacked13118sigmaInvNetwork131ENS0_4P131Ei_$_specialized_$_4
    0 bytes stack frame, 0 bytes spill stores, 0 bytes spill loads
ptxas info    : Function properties for _ZN56_INTERNAL_69164f8c_29_testsigmasharedscratchcuda_cu_main12eccPacked13118sigmaInvNetwork131ENS0_4P131Ei_$_specialized_$_5
    0 bytes stack frame, 0 bytes spill stores, 0 bytes spill loads
ptxas info    : Function properties for _ZN56_INTERNAL_69164f8c_29_testsigmasharedscratchcuda_cu_main12eccPacked13119sigmaWalkNetwork131ENS0_4P131Ei_$_specialized_$_1
    0 bytes stack frame, 0 bytes spill stores, 0 bytes spill loads
ptxas info    : Function properties for _ZN56_INTERNAL_69164f8c_29_testsigmasharedscratchcuda_cu_main12eccPacked13119sigmaWalkNetwork131ENS0_4P131Ei_$_specialized_$_2
    0 bytes stack frame, 0 bytes spill stores, 0 bytes spill loads
ptxas info    : Function properties for _ZN56_INTERNAL_69164f8c_29_testsigmasharedscratchcuda_cu_main12eccPacked1316mul131ENS0_4P131ES1_
    0 bytes stack frame, 0 bytes spill stores, 0 bytes spill loads
make[1]: Leaving directory '/__w/crypto/crypto/ecc2k130'
make -B build/test-sigma-fused-shared-scratch-cuda-3 ARCH="-gencode arch=compute_120,code=sm_120" BATCH=16 THREADS=256 MINBLOCKS=2 PACKED_SINGLE_PRODUCT=1 PACKED_CACHE_DENOM=1 PACKED_BY_VALUE=1 PACKED_PERM_SIGMA=3 PACKED_POLY_CHAIN=1 PACKED_UNROLL_INV=1 PACKED_PAIR_PRODUCTS=1 PACKED_POLY_STATE=1 PACKED_DIRECT_REDUCE=1 PACKED_GENERATED_PRODUCT=1 PACKED_CLMAD=1 PACKED_STATE_TILE=256 PACKED_WEIGHTED_PREFIX=2 PACKED_COMPACT_STATE=1 PACKED_SHARED_SIGMA=1 PACKED_INLINE_POLY=3 SIGMA_FUSED=1 WITNESS=0 WALK_TABLE=0
make[1]: Entering directory '/__w/crypto/crypto/ecc2k130'
mkdir -p build
nvcc -O3 -std=c++17 -gencode arch=compute_120,code=sm_120 -DECC_BATCH=16 -DECC_THREADS=256 -DECC_MINBLOCKS=2 -DECC_STREAM_KARAT=0 -DECC_SMEM_SPILL=0 -DECC_PACKED_SINGLE_PRODUCT=1 -DECC_PACKED_CACHE_DENOM=1 -DECC_PACKED_BY_VALUE=1 -DECC_PACKED_PERM_SIGMA=3 -DECC_PACKED_POLY_CHAIN=1 -DECC_PACKED_UNROLL_INV=1 -DECC_PACKED_PAIR_PRODUCTS=1 -DECC_PACKED_POLY_STATE=1 -DECC_PACKED_DIRECT_REDUCE=1 -DECC_PACKED_GENERATED_PRODUCT=1 -DECC_PACKED_INLINE_POLY=3 -DECC_PACKED_CLMAD=1 -DECC_PACKED_CLMAD_SQUARE=0 -DECC_PACKED_KARAT3=0 -DECC_PACKED_WEIGHTED_PREFIX=2 -DECC_PACKED_COMPACT_STATE=1 -DECC_PACKED_SHARED_SIGMA=1 -DECC_PACKED_TOP_CLMAD=0 -DECC_PACKED_STATE_TILE=256 -DECC_PACKED_ADD_COMBINE=0 -DECC_PACKED_PAIR_ILP=0 -DECC_UNROLL_SLOTS=1 -DECC_PACKED_SLOT_PREFETCH=0 -DECC_PACKED_SLOT_PIPELINE=0 -DECC_SIGMA_FUSED=1 -DECC_SIGMA_FUSED_LATE_Y=0 -DECC_SIGMA_FUSED_SHARED_SLOTS=3 -DECC_PACKED_L2_PERSIST=0 -DECC_PACKED_TOP_HOIST=0 -DECC_PACKED_ONB_INV=0 -DECC_PACKED_FROM_REDUCED=0 -DECC_PACKED_CLMUL_FLAT=0 -DECC_PACKED_PAIR_CLMUL=0 -DECC_PACKED_ALU_SQR=0 -DECC_WALK_TABLE=0 -DECC_TABLE_BRANCHES=8 -DECC_TABLE_PIVOT_BYTES=0 -DECC_TABLE_PHASE_POPC=0 -DECC_TABLE_TAG_DENOM=0 -DECC_TABLE_FUSED=0 -DECC_TABLE_FUSED_PIPE=0 -DECC_PHASE_PROFILE=0 -DECC_TABLE_PIPE_SELECT=0 -DECC_TABLE_SPLIT_FORWARD=0 -DECC_TABLE_BATCH_HINTS=0 -DECC_TABLE_BLOCK_HINTS=0 -DECC_TABLE_HINT_QUEUE=512 -DECC_CYCLE_FAST2=0 -DECC_CYCLE_PROFILE=0 -DECC_PACKED_CHAIN_FIRST=0 -DECC_PACKED_CHAINS=1 -DECC_TABLE_GLOBAL_HINTS=0 -DECC_TABLE_GLOBAL=0 -DECC_TABLE_ADDEND_GLOBAL=0 -DECC_PACKED_ALU_SQUARE=0 -DECC_PACKED_SQUARE_TABLE=0 -DECC_PACKED_INV_POLY=0 -DECC_WITNESS=0 -Xptxas -v -lineinfo src/testsigmasharedscratchcuda.cu -o build/test-sigma-fused-shared-scratch-cuda-3
ptxas info    : 1792 bytes gmem
ptxas info    : Compiling entry function '_ZN58_GLOBAL__N__69164f8c_29_testsigmasharedscratchcuda_cu_main19scratchRoutingProbeEPKjS1_PjS2_PN12eccPacked1314P131Ei' for 'sm_120'
ptxas info    : Function properties for _ZN58_GLOBAL__N__69164f8c_29_testsigmasharedscratchcuda_cu_main19scratchRoutingProbeEPKjS1_PjS2_PN12eccPacked1314P131Ei
    0 bytes stack frame, 0 bytes spill stores, 0 bytes spill loads
ptxas info    : Used 56 registers, used 0 barriers, 30720 bytes smem
ptxas info    : Compile time = 8.383 ms
ptxas info    : Compiling entry function '_ZN12eccPacked1314walkE10WalkParamsIjEPj' for 'sm_120'
ptxas info    : Function properties for _ZN12eccPacked1314walkE10WalkParamsIjEPj
    0 bytes stack frame, 0 bytes spill stores, 0 bytes spill loads
ptxas info    : Used 126 registers, used 1 barriers, 32512 bytes smem
ptxas info    : Compile time = 194.148 ms
ptxas info    : Function properties for _ZN56_INTERNAL_69164f8c_29_testsigmasharedscratchcuda_cu_main12eccPacked13118sigmaInvNetwork131ENS0_4P131Ei_$_specialized_$_3
    0 bytes stack frame, 0 bytes spill stores, 0 bytes spill loads
ptxas info    : Function properties for _ZN56_INTERNAL_69164f8c_29_testsigmasharedscratchcuda_cu_main12eccPacked13118sigmaInvNetwork131ENS0_4P131Ei_$_specialized_$_4
    0 bytes stack frame, 0 bytes spill stores, 0 bytes spill loads
ptxas info    : Function properties for _ZN56_INTERNAL_69164f8c_29_testsigmasharedscratchcuda_cu_main12eccPacked13118sigmaInvNetwork131ENS0_4P131Ei_$_specialized_$_5
    0 bytes stack frame, 0 bytes spill stores, 0 bytes spill loads
ptxas info    : Function properties for _ZN56_INTERNAL_69164f8c_29_testsigmasharedscratchcuda_cu_main12eccPacked13119sigmaWalkNetwork131ENS0_4P131Ei_$_specialized_$_1
    0 bytes stack frame, 0 bytes spill stores, 0 bytes spill loads
ptxas info    : Function properties for _ZN56_INTERNAL_69164f8c_29_testsigmasharedscratchcuda_cu_main12eccPacked13119sigmaWalkNetwork131ENS0_4P131Ei_$_specialized_$_2
    0 bytes stack frame, 0 bytes spill stores, 0 bytes spill loads
ptxas info    : Function properties for _ZN56_INTERNAL_69164f8c_29_testsigmasharedscratchcuda_cu_main12eccPacked13129sigmaWalkNetworkPairShared131ENS0_4P131ES1_i
    0 bytes stack frame, 0 bytes spill stores, 0 bytes spill loads
ptxas info    : Function properties for _ZN56_INTERNAL_69164f8c_29_testsigmasharedscratchcuda_cu_main12eccPacked1316mul131ENS0_4P131ES1_
    0 bytes stack frame, 0 bytes spill stores, 0 bytes spill loads
ptxas info    : Compiling entry function '_ZN12eccPacked1314initE10WalkParamsIjEb' for 'sm_120'
ptxas info    : Function properties for _ZN12eccPacked1314initE10WalkParamsIjEb
    0 bytes stack frame, 0 bytes spill stores, 0 bytes spill loads
ptxas info    : Used 101 registers, used 0 barriers
ptxas info    : Compile time = 78.815 ms
ptxas info    : Function properties for _ZN56_INTERNAL_69164f8c_29_testsigmasharedscratchcuda_cu_main12eccPacked13118sigmaInvNetwork131ENS0_4P131Ei_$_specialized_$_3
    0 bytes stack frame, 0 bytes spill stores, 0 bytes spill loads
ptxas info    : Function properties for _ZN56_INTERNAL_69164f8c_29_testsigmasharedscratchcuda_cu_main12eccPacked13118sigmaInvNetwork131ENS0_4P131Ei_$_specialized_$_4
    0 bytes stack frame, 0 bytes spill stores, 0 bytes spill loads
ptxas info    : Function properties for _ZN56_INTERNAL_69164f8c_29_testsigmasharedscratchcuda_cu_main12eccPacked13118sigmaInvNetwork131ENS0_4P131Ei_$_specialized_$_5
    0 bytes stack frame, 0 bytes spill stores, 0 bytes spill loads
ptxas info    : Function properties for _ZN56_INTERNAL_69164f8c_29_testsigmasharedscratchcuda_cu_main12eccPacked13119sigmaWalkNetwork131ENS0_4P131Ei_$_specialized_$_1
    0 bytes stack frame, 0 bytes spill stores, 0 bytes spill loads
ptxas info    : Function properties for _ZN56_INTERNAL_69164f8c_29_testsigmasharedscratchcuda_cu_main12eccPacked13119sigmaWalkNetwork131ENS0_4P131Ei_$_specialized_$_2
    0 bytes stack frame, 0 bytes spill stores, 0 bytes spill loads
ptxas info    : Function properties for _ZN56_INTERNAL_69164f8c_29_testsigmasharedscratchcuda_cu_main12eccPacked1316mul131ENS0_4P131ES1_
    0 bytes stack frame, 0 bytes spill stores, 0 bytes spill loads
make[1]: Leaving directory '/__w/crypto/crypto/ecc2k130'
make -B build/test-sigma-fused-shared-scratch-cuda-4 ARCH="-gencode arch=compute_120,code=sm_120" BATCH=16 THREADS=256 MINBLOCKS=2 PACKED_SINGLE_PRODUCT=1 PACKED_CACHE_DENOM=1 PACKED_BY_VALUE=1 PACKED_PERM_SIGMA=3 PACKED_POLY_CHAIN=1 PACKED_UNROLL_INV=1 PACKED_PAIR_PRODUCTS=1 PACKED_POLY_STATE=1 PACKED_DIRECT_REDUCE=1 PACKED_GENERATED_PRODUCT=1 PACKED_CLMAD=1 PACKED_STATE_TILE=256 PACKED_WEIGHTED_PREFIX=2 PACKED_COMPACT_STATE=1 PACKED_SHARED_SIGMA=1 PACKED_INLINE_POLY=3 SIGMA_FUSED=1 WITNESS=0 WALK_TABLE=0
make[1]: Entering directory '/__w/crypto/crypto/ecc2k130'
mkdir -p build
nvcc -O3 -std=c++17 -gencode arch=compute_120,code=sm_120 -DECC_BATCH=16 -DECC_THREADS=256 -DECC_MINBLOCKS=2 -DECC_STREAM_KARAT=0 -DECC_SMEM_SPILL=0 -DECC_PACKED_SINGLE_PRODUCT=1 -DECC_PACKED_CACHE_DENOM=1 -DECC_PACKED_BY_VALUE=1 -DECC_PACKED_PERM_SIGMA=3 -DECC_PACKED_POLY_CHAIN=1 -DECC_PACKED_UNROLL_INV=1 -DECC_PACKED_PAIR_PRODUCTS=1 -DECC_PACKED_POLY_STATE=1 -DECC_PACKED_DIRECT_REDUCE=1 -DECC_PACKED_GENERATED_PRODUCT=1 -DECC_PACKED_INLINE_POLY=3 -DECC_PACKED_CLMAD=1 -DECC_PACKED_CLMAD_SQUARE=0 -DECC_PACKED_KARAT3=0 -DECC_PACKED_WEIGHTED_PREFIX=2 -DECC_PACKED_COMPACT_STATE=1 -DECC_PACKED_SHARED_SIGMA=1 -DECC_PACKED_TOP_CLMAD=0 -DECC_PACKED_STATE_TILE=256 -DECC_PACKED_ADD_COMBINE=0 -DECC_PACKED_PAIR_ILP=0 -DECC_UNROLL_SLOTS=1 -DECC_PACKED_SLOT_PREFETCH=0 -DECC_PACKED_SLOT_PIPELINE=0 -DECC_SIGMA_FUSED=1 -DECC_SIGMA_FUSED_LATE_Y=0 -DECC_SIGMA_FUSED_SHARED_SLOTS=4 -DECC_PACKED_L2_PERSIST=0 -DECC_PACKED_TOP_HOIST=0 -DECC_PACKED_ONB_INV=0 -DECC_PACKED_FROM_REDUCED=0 -DECC_PACKED_CLMUL_FLAT=0 -DECC_PACKED_PAIR_CLMUL=0 -DECC_PACKED_ALU_SQR=0 -DECC_WALK_TABLE=0 -DECC_TABLE_BRANCHES=8 -DECC_TABLE_PIVOT_BYTES=0 -DECC_TABLE_PHASE_POPC=0 -DECC_TABLE_TAG_DENOM=0 -DECC_TABLE_FUSED=0 -DECC_TABLE_FUSED_PIPE=0 -DECC_PHASE_PROFILE=0 -DECC_TABLE_PIPE_SELECT=0 -DECC_TABLE_SPLIT_FORWARD=0 -DECC_TABLE_BATCH_HINTS=0 -DECC_TABLE_BLOCK_HINTS=0 -DECC_TABLE_HINT_QUEUE=512 -DECC_CYCLE_FAST2=0 -DECC_CYCLE_PROFILE=0 -DECC_PACKED_CHAIN_FIRST=0 -DECC_PACKED_CHAINS=1 -DECC_TABLE_GLOBAL_HINTS=0 -DECC_TABLE_GLOBAL=0 -DECC_TABLE_ADDEND_GLOBAL=0 -DECC_PACKED_ALU_SQUARE=0 -DECC_PACKED_SQUARE_TABLE=0 -DECC_PACKED_INV_POLY=0 -DECC_WITNESS=0 -Xptxas -v -lineinfo src/testsigmasharedscratchcuda.cu -o build/test-sigma-fused-shared-scratch-cuda-4
ptxas info    : 1792 bytes gmem
ptxas info    : Compiling entry function '_ZN58_GLOBAL__N__69164f8c_29_testsigmasharedscratchcuda_cu_main19scratchRoutingProbeEPKjS1_PjS2_PN12eccPacked1314P131Ei' for 'sm_120'
ptxas info    : Function properties for _ZN58_GLOBAL__N__69164f8c_29_testsigmasharedscratchcuda_cu_main19scratchRoutingProbeEPKjS1_PjS2_PN12eccPacked1314P131Ei
    0 bytes stack frame, 0 bytes spill stores, 0 bytes spill loads
ptxas info    : Used 48 registers, used 0 barriers, 40960 bytes smem
ptxas info    : Compile time = 8.416 ms
ptxas info    : Compiling entry function '_ZN12eccPacked1314walkE10WalkParamsIjEPj' for 'sm_120'
ptxas info    : Function properties for _ZN12eccPacked1314walkE10WalkParamsIjEPj
    0 bytes stack frame, 0 bytes spill stores, 0 bytes spill loads
ptxas info    : Used 126 registers, used 1 barriers, 42752 bytes smem
ptxas info    : Compile time = 194.413 ms
ptxas info    : Function properties for _ZN56_INTERNAL_69164f8c_29_testsigmasharedscratchcuda_cu_main12eccPacked13118sigmaInvNetwork131ENS0_4P131Ei_$_specialized_$_3
    0 bytes stack frame, 0 bytes spill stores, 0 bytes spill loads
ptxas info    : Function properties for _ZN56_INTERNAL_69164f8c_29_testsigmasharedscratchcuda_cu_main12eccPacked13118sigmaInvNetwork131ENS0_4P131Ei_$_specialized_$_4
    0 bytes stack frame, 0 bytes spill stores, 0 bytes spill loads
ptxas info    : Function properties for _ZN56_INTERNAL_69164f8c_29_testsigmasharedscratchcuda_cu_main12eccPacked13118sigmaInvNetwork131ENS0_4P131Ei_$_specialized_$_5
    0 bytes stack frame, 0 bytes spill stores, 0 bytes spill loads
ptxas info    : Function properties for _ZN56_INTERNAL_69164f8c_29_testsigmasharedscratchcuda_cu_main12eccPacked13119sigmaWalkNetwork131ENS0_4P131Ei_$_specialized_$_1
    0 bytes stack frame, 0 bytes spill stores, 0 bytes spill loads
ptxas info    : Function properties for _ZN56_INTERNAL_69164f8c_29_testsigmasharedscratchcuda_cu_main12eccPacked13119sigmaWalkNetwork131ENS0_4P131Ei_$_specialized_$_2
    0 bytes stack frame, 0 bytes spill stores, 0 bytes spill loads
ptxas info    : Function properties for _ZN56_INTERNAL_69164f8c_29_testsigmasharedscratchcuda_cu_main12eccPacked13129sigmaWalkNetworkPairShared131ENS0_4P131ES1_i
    0 bytes stack frame, 0 bytes spill stores, 0 bytes spill loads
ptxas info    : Function properties for _ZN56_INTERNAL_69164f8c_29_testsigmasharedscratchcuda_cu_main12eccPacked1316mul131ENS0_4P131ES1_
    0 bytes stack frame, 0 bytes spill stores, 0 bytes spill loads
ptxas info    : Compiling entry function '_ZN12eccPacked1314initE10WalkParamsIjEb' for 'sm_120'
ptxas info    : Function properties for _ZN12eccPacked1314initE10WalkParamsIjEb
    0 bytes stack frame, 0 bytes spill stores, 0 bytes spill loads
ptxas info    : Used 101 registers, used 0 barriers
ptxas info    : Compile time = 80.429 ms
ptxas info    : Function properties for _ZN56_INTERNAL_69164f8c_29_testsigmasharedscratchcuda_cu_main12eccPacked13118sigmaInvNetwork131ENS0_4P131Ei_$_specialized_$_3
    0 bytes stack frame, 0 bytes spill stores, 0 bytes spill loads
ptxas info    : Function properties for _ZN56_INTERNAL_69164f8c_29_testsigmasharedscratchcuda_cu_main12eccPacked13118sigmaInvNetwork131ENS0_4P131Ei_$_specialized_$_4
    0 bytes stack frame, 0 bytes spill stores, 0 bytes spill loads
ptxas info    : Function properties for _ZN56_INTERNAL_69164f8c_29_testsigmasharedscratchcuda_cu_main12eccPacked13118sigmaInvNetwork131ENS0_4P131Ei_$_specialized_$_5
    0 bytes stack frame, 0 bytes spill stores, 0 bytes spill loads
ptxas info    : Function properties for _ZN56_INTERNAL_69164f8c_29_testsigmasharedscratchcuda_cu_main12eccPacked13119sigmaWalkNetwork131ENS0_4P131Ei_$_specialized_$_1
    0 bytes stack frame, 0 bytes spill stores, 0 bytes spill loads
ptxas info    : Function properties for _ZN56_INTERNAL_69164f8c_29_testsigmasharedscratchcuda_cu_main12eccPacked13119sigmaWalkNetwork131ENS0_4P131Ei_$_specialized_$_2
    0 bytes stack frame, 0 bytes spill stores, 0 bytes spill loads
ptxas info    : Function properties for _ZN56_INTERNAL_69164f8c_29_testsigmasharedscratchcuda_cu_main12eccPacked1316mul131ENS0_4P131ES1_
    0 bytes stack frame, 0 bytes spill stores, 0 bytes spill loads
make[1]: Leaving directory '/__w/crypto/crypto/ecc2k130'
