packed L2 persist window: 78544896 of 78544896 field bytes, cap 83886080
packed kernel: 116 registers/thread, 0 local bytes/thread, 0 shared bytes/block, single-product multiplier
packed driver reserved shared bytes/block: 1024, device 0
packed denominator cache: 1
packed multiply by value: 1
packed Frobenius network: 3
packed polynomial chain: 1
packed polynomial state: 1
packed unrolled inversion: 1
packed paired products: 1
packed pair ilp: 1
packed pair clmul: 0
packed clmul flat: 0
packed top hoist: 0
packed onb inv: 0
packed from reduced: 1
packed slot unroll: 1
packed chains: 1
packed slot prefetch: 0
packed slot pipeline: 0
packed L2 persist: 1
packed direct reduction: 1
packed generated product: 1
packed native carryless multiply: 1
packed native carryless square: 0
packed three-limb Karatsuba: 0
packed weighted prefix: 2
packed compact state: 1
packed shared sigma: 1
packed top clmad: 0
packed state tile: 256
packed add combine: 0
packed alu square: 1
packed alu onb square: 0
packed profile ranges: 0
packed geometry: batch 16, 512 threads/block, min blocks 1
packed inline poly: 3
packed inline sigma: 0
packed chain first: 1
packed sigma pipe select: 0
packed sigma fused: 0
packed witness: 0
packed table pivot bytes: 1, table shared bytes 48732
packed table global: 0
packed table addend global: 0
packed table walk: 1 (8 branches, 48732 shared bytes)
backend cuda-packed131: 96256 threads x 16 slots x 1 lanes = 1540096 walks, dp weight 48, 96 steps per launch
WARNING: --verify 300 replays reports on the CPU; campaign collection uses --verify 0 so a cutoff-32 trail cannot stall the GPU
      47.3 s       3.123 M it/s   147849216 iterations    246397 dp    246397 stored         0 dropped
      85.8 s       3.445 M it/s   295698432 iterations    492947 dp    492947 stored         0 dropped
     124.5 s       3.561 M it/s   443547648 iterations    740585 dp    740585 stored         0 dropped
     163.2 s       3.623 M it/s   591396864 iterations    987560 dp    987560 stored         0 dropped
     203.2 s       3.638 M it/s   739246080 iterations   1234204 dp   1234204 stored         0 dropped
     242.1 s       3.664 M it/s   887095296 iterations   1480482 dp   1480482 stored         0 dropped
  finished: 3.664 M it/s, 1480482 distinguished points (300 verified against the reference, 0 dropped)
