KS=/Volumes/SSD990/crypto/target/release/examples/koblitz_rho_batch_ks_v2_n61 IC=/Volumes/SSD990/crypto/target/release/examples/koblitz_orbit_dlp_fast L=4096 N=61 2026-09-26T05:53:05Z
corpus n61-ks-growing-tune-4096-v1
    4096 scalars_n61-ks-growing-tune-4096-v1.txt
corpus n61-ks-growing-4096-v1
    4096 scalars_n61-ks-growing-4096-v1.txt
tune K=600 start 2026-09-26T06:15:51Z
tune n=61 K=600 wall=169.59
tune K=800 start 2026-09-26T06:18:40Z
tune n=61 K=800 wall=122.51
tune K=1000 start 2026-09-26T06:20:43Z
tune n=61 K=1000 wall=128.62
tune K=1200 start 2026-09-26T06:22:52Z
tune n=61 K=1200 wall=165.77
chosen n=61 K=800 wall=122.51
ic b=0 K=800 start 2026-09-26T06:25:37Z load=20.84 18.50 20.04
ic n=61 K=800 b=0 rc=0 wall=128.97 load=20.84 18.50 20.04
ks b=0 start 2026-09-26T06:27:47Z load=18.79 17.71 19.46
ks n=61 b=0 rc=0 wall=581.39 load=18.79 17.71 19.46
ks b=1 start 2026-09-26T06:37:28Z load=14.78 14.94 16.89
ks n=61 b=1 rc=0 wall=1257.41 load=14.78 14.94 16.89
ic b=1 K=800 start 2026-09-26T06:58:26Z load=51.50 39.47 32.31
ic n=61 K=800 b=1 rc=0 wall=528.95 load=51.50 39.47 32.31
ic b=2 K=800 start 2026-09-26T07:07:15Z load=96.09 75.36 52.64
ic n=61 K=800 b=2 rc=0 wall=425.70 load=96.09 75.36 52.64
ks b=2 start 2026-09-26T07:14:21Z load=42.09 59.62 55.02
ks n=61 b=2 rc=0 wall=672.46 load=42.09 59.62 55.02
replay start 2026-09-26T07:25:33Z
n=61 file=ic_n61_b0.jsonl cumulative pass=4096 fail=0
n=61 file=ic_n61_b1.jsonl cumulative pass=8192 fail=0
n=61 file=ic_n61_b2.jsonl cumulative pass=12288 fail=0
{
  "61": {
    "pass": 12288,
    "fail": 0
  }
}
all_pass True
DONE 2026-09-26T07:44:58Z
