{
  "backend": "direct-mitm",
  "exhaustive": true,
  "factor_points": 483,
  "group_additions": 117105,
  "interpretation": "SAT is accepted only after the factor-point sum equals the exact manifest target",
  "pair_entries": 116635,
  "regenerated_source_exact": true,
  "schema": "koblitz_pdp_isolated_backend.v1",
  "source_artifacts": {
    "cryptominisat_xor_dimacs": {
      "blake3": "6fbbfb0499909c77214310e1c87d80f956fb43c088ffbab26d2625e9446e2154",
      "bytes": 222363,
      "path": "instance.xor.cnf",
      "valid": true
    },
    "magma_boolean_f4": {
      "blake3": "6bea06dfc5b4a1c3e5c63fc7227920da0eb67b1293e318c25854962c6e58c881",
      "bytes": 413036,
      "path": "instance.magma",
      "valid": true
    },
    "wdsat_anf": {
      "blake3": "4ba941c9c4898651771127c51b3bf6b43f55a94328508b0c12098066375bce72",
      "bytes": 261704,
      "path": "instance.anf",
      "valid": true
    }
  },
  "source_instance_id": "2cb92f96c89bbc35f22769b6d3e9f2c7c65e9a14c5ba07a427f925284d27f937",
  "source_instance_verified": true,
  "source_witness_valid": true,
  "status": "sat",
  "timing_ns": {
    "factor_base_materialisation": 46724125,
    "search": 4778322250,
    "source_verification": 54602958
  },
  "witness_indices": [
    250,
    379,
    218
  ]
}
