{
  "backend": "native-sat",
  "conflict_budget": 100000,
  "initial_cnf_clauses": 6495,
  "interpretation": "Unknown is inconclusive; SAT is accepted only after exact source-row and rational point-witness validation",
  "manifest_conflict_budget": 100000,
  "max_models": 64,
  "models_examined": 0,
  "native_xor_rows": 110,
  "nonlifting_models_blocked": 0,
  "regenerated_source_exact": true,
  "schema": "koblitz_pdp_isolated_backend.v1",
  "solver_variables": 2000,
  "source_artifacts": {
    "cryptominisat_xor_dimacs": {
      "blake3": "6fbbfb0499909c77214310e1c87d80f956fb43c088ffbab26d2625e9446e2154",
      "bytes": 222363,
      "path": "instance.xor.cnf",
      "valid": true
    },
    "magma_boolean_f4": {
      "blake3": "6bea06dfc5b4a1c3e5c63fc7227920da0eb67b1293e318c25854962c6e58c881",
      "bytes": 413036,
      "path": "instance.magma",
      "valid": true
    },
    "wdsat_anf": {
      "blake3": "4ba941c9c4898651771127c51b3bf6b43f55a94328508b0c12098066375bce72",
      "bytes": 261704,
      "path": "instance.anf",
      "valid": true
    }
  },
  "source_instance_id": "2cb92f96c89bbc35f22769b6d3e9f2c7c65e9a14c5ba07a427f925284d27f937",
  "source_instance_verified": true,
  "source_model_valid": null,
  "source_variables": 78,
  "source_witness_valid": null,
  "stats": {
    "analyze_lit_visits": 297462420,
    "clause_lit_visits": 112023320,
    "clause_visits": 105298133,
    "conflicts": 100000,
    "decisions": 105240,
    "learnt_clauses": 99999,
    "learnt_lits_kept": 29945155,
    "learnt_lits_raw": 91951196,
    "max_level": 27,
    "phase_ns": {
      "analyze": 6313938710,
      "minimize": 2445361985,
      "propagate_clauses": 4999342586,
      "propagate_xors": 4190232111,
      "reduce_db": 3112749
    },
    "propagations": 80932461,
    "restarts": 254,
    "xor_conflicts": 99678,
    "xor_passes": 399936,
    "xor_propagations": 3146080,
    "xor_reason_lits": 89683924,
    "xor_repivots": 8076280,
    "xor_row_ops": 40611237,
    "xor_row_scans": 27242333
  },
  "status": "unknown_inconclusive",
  "timing_ns": {
    "encoding": 39821583,
    "solve": 15779201917,
    "source_verification": 50374333
  }
}
