packed L2 persist window: 61833216 of 61833216 field bytes, cap 82903040
packed kernel: 182 registers/thread, 40 local bytes/thread, 0 shared bytes/block, single-product multiplier
packed driver reserved shared bytes/block: 1024, device 0
packed denominator cache: 1
packed multiply by value: 1
packed Frobenius network: 3
packed polynomial chain: 1
packed polynomial state: 1
packed unrolled inversion: 1
packed paired products: 1
packed pair ilp: 1
packed pair clmul: 0
packed clmul flat: 0
packed top hoist: 0
packed onb inv: 0
packed from reduced: 1
packed slot unroll: 1
packed chains: 2
packed slot prefetch: 0
packed slot pipeline: 0
packed L2 persist: 1
packed direct reduction: 1
packed generated product: 1
packed native carryless multiply: 1
packed native carryless square: 0
packed three-limb Karatsuba: 0
packed weighted prefix: 2
packed compact state: 1
packed shared sigma: 1
packed top clmad: 0
packed state tile: 256
packed add combine: 0
packed alu square: 1
packed alu onb square: 0
packed profile ranges: 0
packed table pivot bytes: 1, table shared bytes 48732
packed table global: 0
packed table addend global: 0
packed table walk: 1 (8 branches, 48732 shared bytes)
backend cuda-packed131: 37888 threads x 32 slots x 1 lanes = 1212416 walks, dp weight 48, 96 steps per launch
WARNING: --verify 300 replays reports on the CPU; campaign collection uses --verify 0 so a cutoff-32 trail cannot stall the GPU
      24.5 s       4.750 M it/s   116391936 iterations    193843 dp    193843 stored         0 dropped
      42.1 s       5.525 M it/s   232783872 iterations    387706 dp    387706 stored         0 dropped
      60.0 s       5.823 M it/s   349175808 iterations    583028 dp    583028 stored         0 dropped
      77.8 s       5.986 M it/s   465567744 iterations    777301 dp    777301 stored         0 dropped
      95.5 s       6.095 M it/s   581959680 iterations    971487 dp    971487 stored         0 dropped
     113.3 s       6.163 M it/s   698351616 iterations   1165426 dp   1165426 stored         0 dropped
  finished: 6.163 M it/s, 1165426 distinguished points (300 verified against the reference, 0 dropped)
