ptxas info    : 1792 bytes gmem
ptxas info    : Compiling entry function '_ZN12eccPacked1314walkE10WalkParamsIjEPj' for 'sm_100'
ptxas info    : Function properties for _ZN12eccPacked1314walkE10WalkParamsIjEPj
    0 bytes stack frame, 0 bytes spill stores, 0 bytes spill loads
ptxas info    : Used 106 registers, used 1 barriers
ptxas info    : Compile time = 212.181 ms
ptxas info    : Function properties for _ZN33_INTERNAL_77c3753b_7_main_cu_main12eccPacked13118sigmaInvNetwork131ENS0_4P131Ei_$_specialized_$_3
    0 bytes stack frame, 0 bytes spill stores, 0 bytes spill loads
ptxas info    : Function properties for _ZN33_INTERNAL_77c3753b_7_main_cu_main12eccPacked13118sigmaInvNetwork131ENS0_4P131Ei_$_specialized_$_4
    0 bytes stack frame, 0 bytes spill stores, 0 bytes spill loads
ptxas info    : Function properties for _ZN33_INTERNAL_77c3753b_7_main_cu_main12eccPacked13118sigmaInvNetwork131ENS0_4P131Ei_$_specialized_$_5
    0 bytes stack frame, 0 bytes spill stores, 0 bytes spill loads
ptxas info    : Function properties for _ZN33_INTERNAL_77c3753b_7_main_cu_main12eccPacked13119sigmaWalkNetwork131ENS0_4P131Ei_$_specialized_$_1
    0 bytes stack frame, 0 bytes spill stores, 0 bytes spill loads
ptxas info    : Function properties for _ZN33_INTERNAL_77c3753b_7_main_cu_main12eccPacked13119sigmaWalkNetwork131ENS0_4P131Ei_$_specialized_$_2
    0 bytes stack frame, 0 bytes spill stores, 0 bytes spill loads
ptxas info    : Function properties for _ZN33_INTERNAL_77c3753b_7_main_cu_main12eccPacked1319mulOnb131ENS0_4P131ES1_
    0 bytes stack frame, 0 bytes spill stores, 0 bytes spill loads
ptxas info    : Compiling entry function '_ZN12eccPacked1314initE10WalkParamsIjEb' for 'sm_100'
ptxas info    : Function properties for _ZN12eccPacked1314initE10WalkParamsIjEb
    0 bytes stack frame, 0 bytes spill stores, 0 bytes spill loads
ptxas info    : Used 102 registers, used 0 barriers
ptxas info    : Compile time = 115.739 ms
ptxas info    : Function properties for _ZN33_INTERNAL_77c3753b_7_main_cu_main12eccPacked13118sigmaInvNetwork131ENS0_4P131Ei_$_specialized_$_3
    0 bytes stack frame, 0 bytes spill stores, 0 bytes spill loads
ptxas info    : Function properties for _ZN33_INTERNAL_77c3753b_7_main_cu_main12eccPacked13118sigmaInvNetwork131ENS0_4P131Ei_$_specialized_$_4
    0 bytes stack frame, 0 bytes spill stores, 0 bytes spill loads
ptxas info    : Function properties for _ZN33_INTERNAL_77c3753b_7_main_cu_main12eccPacked13118sigmaInvNetwork131ENS0_4P131Ei_$_specialized_$_5
    0 bytes stack frame, 0 bytes spill stores, 0 bytes spill loads
ptxas info    : Function properties for _ZN33_INTERNAL_77c3753b_7_main_cu_main12eccPacked13119sigmaWalkNetwork131ENS0_4P131Ei_$_specialized_$_1
    0 bytes stack frame, 0 bytes spill stores, 0 bytes spill loads
ptxas info    : Function properties for _ZN33_INTERNAL_77c3753b_7_main_cu_main12eccPacked13119sigmaWalkNetwork131ENS0_4P131Ei_$_specialized_$_2
    0 bytes stack frame, 0 bytes spill stores, 0 bytes spill loads
ptxas info    : Function properties for _ZN33_INTERNAL_77c3753b_7_main_cu_main12eccPacked1316mul131ENS0_4P131ES1_
    0 bytes stack frame, 0 bytes spill stores, 0 bytes spill loads
ptxas info    : Function properties for _ZN33_INTERNAL_77c3753b_7_main_cu_main12eccPacked1319mulOnb131ENS0_4P131ES1_
    0 bytes stack frame, 0 bytes spill stores, 0 bytes spill loads
ptxas info    : Compiling entry function '_Z15eccReseedKernelI6CfgP97jEv10WalkParamsIT0_E' for 'sm_100'
ptxas info    : Function properties for _Z15eccReseedKernelI6CfgP97jEv10WalkParamsIT0_E
    13376 bytes stack frame, 28 bytes spill stores, 60 bytes spill loads
ptxas info    : Used 255 registers, used 0 barriers, 13376 bytes cumulative stack size
ptxas info    : Compile time = 2410.081 ms
ptxas info    : Function properties for _ZN4WalkI6CfgP97jE10startPointEPKyRK11CurveConstsPjS7_
    0 bytes stack frame, 316 bytes spill stores, 332 bytes spill loads
ptxas info    : Function properties for _ZN4WalkI6CfgP97jE11reseedLanesEjPyRK11CurveConstsPjS6_
    0 bytes stack frame, 8 bytes spill stores, 0 bytes spill loads
ptxas info    : Function properties for _ZN4WalkI6CfgP97jE8pointAddEPKjS3_S3_S3_PjS4_
    0 bytes stack frame, 416 bytes spill stores, 424 bytes spill loads
ptxas info    : Function properties for _ZN6CfgP973sqrIjEEvPKT_PS1_
    0 bytes stack frame, 0 bytes spill stores, 0 bytes spill loads
ptxas info    : Function properties for _ZN6CfgP976reduceIjEEvPKT_PS1_
    0 bytes stack frame, 0 bytes spill stores, 8 bytes spill loads
ptxas info    : Function properties for _ZN6CfgP977mulLeafIjEEvPKT_S3_PS1_
    0 bytes stack frame, 0 bytes spill stores, 0 bytes spill loads
ptxas info    : Function properties for _ZN6eccP973sqrIjEEvPKT_PS1_
    0 bytes stack frame, 0 bytes spill stores, 0 bytes spill loads
ptxas info    : Function properties for _ZN6eccP976reduceIjEEvPKT_PS1_
    0 bytes stack frame, 0 bytes spill stores, 0 bytes spill loads
ptxas info    : Function properties for _ZN6eccP977mulLeafIjEEvPKT_S3_PS1_
    0 bytes stack frame, 156 bytes spill stores, 160 bytes spill loads
ptxas info    : Function properties for _ZN7FieldPbI6CfgP97jE3invEPKjPj
    0 bytes stack frame, 0 bytes spill stores, 0 bytes spill loads
ptxas info    : Function properties for _ZN7FieldPbI6CfgP97jE3mulEPKjS3_Pj
    0 bytes stack frame, 12 bytes spill stores, 4 bytes spill loads
ptxas info    : Compiling entry function '_Z13eccInitKernelI6CfgP97jEv10WalkParamsIT0_E' for 'sm_100'
ptxas info    : Function properties for _Z13eccInitKernelI6CfgP97jEv10WalkParamsIT0_E
    12464 bytes stack frame, 20 bytes spill stores, 36 bytes spill loads
ptxas info    : Used 255 registers, used 0 barriers, 12464 bytes cumulative stack size
ptxas info    : Compile time = 2218.975 ms
ptxas info    : Function properties for _ZN4WalkI6CfgP97jE10startPointEPKyRK11CurveConstsPjS7_
    0 bytes stack frame, 244 bytes spill stores, 248 bytes spill loads
ptxas info    : Function properties for _ZN4WalkI6CfgP97jE8pointAddEPKjS3_S3_S3_PjS4_
    0 bytes stack frame, 408 bytes spill stores, 408 bytes spill loads
ptxas info    : Function properties for _ZN6CfgP973sqrIjEEvPKT_PS1_
    0 bytes stack frame, 0 bytes spill stores, 0 bytes spill loads
ptxas info    : Function properties for _ZN6CfgP976reduceIjEEvPKT_PS1_
    0 bytes stack frame, 0 bytes spill stores, 0 bytes spill loads
ptxas info    : Function properties for _ZN6CfgP977mulLeafIjEEvPKT_S3_PS1_
    0 bytes stack frame, 0 bytes spill stores, 0 bytes spill loads
ptxas info    : Function properties for _ZN6eccP973sqrIjEEvPKT_PS1_
    0 bytes stack frame, 0 bytes spill stores, 0 bytes spill loads
ptxas info    : Function properties for _ZN6eccP976reduceIjEEvPKT_PS1_
    0 bytes stack frame, 0 bytes spill stores, 0 bytes spill loads
ptxas info    : Function properties for _ZN6eccP977mulLeafIjEEvPKT_S3_PS1_
    0 bytes stack frame, 100 bytes spill stores, 100 bytes spill loads
ptxas info    : Function properties for _ZN7FieldPbI6CfgP97jE3invEPKjPj
    0 bytes stack frame, 0 bytes spill stores, 0 bytes spill loads
ptxas info    : Function properties for _ZN7FieldPbI6CfgP97jE3mulEPKjS3_Pj
    0 bytes stack frame, 0 bytes spill stores, 0 bytes spill loads
ptxas info    : Compiling entry function '_Z13eccWalkKernelI6CfgP97jEv10WalkParamsIT0_E' for 'sm_100'
ptxas info    : Function properties for _Z13eccWalkKernelI6CfgP97jEv10WalkParamsIT0_E
    9632 bytes stack frame, 228 bytes spill stores, 228 bytes spill loads
ptxas info    : Used 255 registers, used 0 barriers, 9632 bytes cumulative stack size
ptxas info    : Compile time = 1780.032 ms
ptxas info    : Function properties for _ZN4WalkI6CfgP97jE6sigmaJEPKjS3_Pj
    0 bytes stack frame, 0 bytes spill stores, 0 bytes spill loads
ptxas info    : Function properties for _ZN6CfgP973sqrIjEEvPKT_PS1_
    0 bytes stack frame, 0 bytes spill stores, 0 bytes spill loads
ptxas info    : Function properties for _ZN6CfgP976reduceIjEEvPKT_PS1_
    0 bytes stack frame, 0 bytes spill stores, 0 bytes spill loads
ptxas info    : Function properties for _ZN6CfgP977hammingIjEEvPKT_PS1_
    0 bytes stack frame, 0 bytes spill stores, 0 bytes spill loads
ptxas info    : Function properties for _ZN6CfgP977mulLeafIjEEvPKT_S3_PS1_
    0 bytes stack frame, 0 bytes spill stores, 0 bytes spill loads
ptxas info    : Function properties for _ZN6KernelI6CfgP97jE12overdueLanesEiiRK10WalkParamsIjEy
    0 bytes stack frame, 0 bytes spill stores, 0 bytes spill loads
ptxas info    : Function properties for _ZN6KernelI6CfgP97jE19handleDistinguishedEiijRK10WalkParamsIjEyPKjS7_
    0 bytes stack frame, 0 bytes spill stores, 0 bytes spill loads
ptxas info    : Function properties for _ZN6eccP973sqrIjEEvPKT_PS1_
    0 bytes stack frame, 0 bytes spill stores, 0 bytes spill loads
ptxas info    : Function properties for _ZN6eccP976reduceIjEEvPKT_PS1_
    0 bytes stack frame, 0 bytes spill stores, 0 bytes spill loads
ptxas info    : Function properties for _ZN6eccP977hammingIjEEvPKT_PS1_
    0 bytes stack frame, 340 bytes spill stores, 340 bytes spill loads
ptxas info    : Function properties for _ZN6eccP977mulLeafIjEEvPKT_S3_PS1_
    0 bytes stack frame, 0 bytes spill stores, 0 bytes spill loads
ptxas info    : Function properties for _ZN7FieldPbI6CfgP97jE3invEPKjPj
    0 bytes stack frame, 0 bytes spill stores, 0 bytes spill loads
ptxas info    : Function properties for _ZN7FieldPbI6CfgP97jE3mulEPKjS3_Pj
    0 bytes stack frame, 0 bytes spill stores, 0 bytes spill loads
ptxas info    : Compiling entry function '_Z15eccReseedKernelI6CfgP41jEv10WalkParamsIT0_E' for 'sm_100'
ptxas info    : Function properties for _Z15eccReseedKernelI6CfgP41jEv10WalkParamsIT0_E
    5824 bytes stack frame, 28 bytes spill stores, 60 bytes spill loads
ptxas info    : Used 255 registers, used 0 barriers, 5824 bytes cumulative stack size
ptxas info    : Compile time = 904.684 ms
ptxas info    : Function properties for _ZN4WalkI6CfgP41jE10startPointEPKyRK11CurveConstsPjS7_
    0 bytes stack frame, 256 bytes spill stores, 264 bytes spill loads
ptxas info    : Function properties for _ZN4WalkI6CfgP41jE11reseedLanesEjPyRK11CurveConstsPjS6_
    0 bytes stack frame, 12 bytes spill stores, 4 bytes spill loads
ptxas info    : Function properties for _ZN4WalkI6CfgP41jE8pointAddEPKjS3_S3_S3_PjS4_
    0 bytes stack frame, 0 bytes spill stores, 8 bytes spill loads
ptxas info    : Function properties for _ZN6CfgP413sqrIjEEvPKT_PS1_
    0 bytes stack frame, 0 bytes spill stores, 0 bytes spill loads
ptxas info    : Function properties for _ZN6CfgP416reduceIjEEvPKT_PS1_
    0 bytes stack frame, 0 bytes spill stores, 0 bytes spill loads
ptxas info    : Function properties for _ZN6CfgP417mulLeafIjEEvPKT_S3_PS1_
    0 bytes stack frame, 0 bytes spill stores, 0 bytes spill loads
ptxas info    : Function properties for _ZN6eccP413sqrIjEEvPKT_PS1_
    0 bytes stack frame, 0 bytes spill stores, 0 bytes spill loads
ptxas info    : Function properties for _ZN6eccP416reduceIjEEvPKT_PS1_
    0 bytes stack frame, 0 bytes spill stores, 0 bytes spill loads
ptxas info    : Function properties for _ZN6eccP417mulLeafIjEEvPKT_S3_PS1_
    0 bytes stack frame, 0 bytes spill stores, 0 bytes spill loads
ptxas info    : Function properties for _ZN7FieldPbI6CfgP41jE3invEPKjPj
    0 bytes stack frame, 0 bytes spill stores, 0 bytes spill loads
ptxas info    : Function properties for _ZN7FieldPbI6CfgP41jE3mulEPKjS3_Pj
    0 bytes stack frame, 0 bytes spill stores, 0 bytes spill loads
ptxas info    : Compiling entry function '_Z13eccInitKernelI6CfgP41jEv10WalkParamsIT0_E' for 'sm_100'
ptxas info    : Function properties for _Z13eccInitKernelI6CfgP41jEv10WalkParamsIT0_E
    5456 bytes stack frame, 20 bytes spill stores, 36 bytes spill loads
ptxas info    : Used 255 registers, used 0 barriers, 5456 bytes cumulative stack size
ptxas info    : Compile time = 863.528 ms
ptxas info    : Function properties for _ZN4WalkI6CfgP41jE10startPointEPKyRK11CurveConstsPjS7_
    0 bytes stack frame, 244 bytes spill stores, 248 bytes spill loads
ptxas info    : Function properties for _ZN4WalkI6CfgP41jE8pointAddEPKjS3_S3_S3_PjS4_
    0 bytes stack frame, 0 bytes spill stores, 0 bytes spill loads
ptxas info    : Function properties for _ZN6CfgP413sqrIjEEvPKT_PS1_
    0 bytes stack frame, 0 bytes spill stores, 0 bytes spill loads
ptxas info    : Function properties for _ZN6CfgP416reduceIjEEvPKT_PS1_
    0 bytes stack frame, 0 bytes spill stores, 0 bytes spill loads
ptxas info    : Function properties for _ZN6CfgP417mulLeafIjEEvPKT_S3_PS1_
    0 bytes stack frame, 0 bytes spill stores, 0 bytes spill loads
ptxas info    : Function properties for _ZN6eccP413sqrIjEEvPKT_PS1_
    0 bytes stack frame, 0 bytes spill stores, 0 bytes spill loads
ptxas info    : Function properties for _ZN6eccP416reduceIjEEvPKT_PS1_
    0 bytes stack frame, 0 bytes spill stores, 0 bytes spill loads
ptxas info    : Function properties for _ZN6eccP417mulLeafIjEEvPKT_S3_PS1_
    0 bytes stack frame, 0 bytes spill stores, 0 bytes spill loads
ptxas info    : Function properties for _ZN7FieldPbI6CfgP41jE3invEPKjPj
    0 bytes stack frame, 0 bytes spill stores, 0 bytes spill loads
ptxas info    : Function properties for _ZN7FieldPbI6CfgP41jE3mulEPKjS3_Pj
    0 bytes stack frame, 0 bytes spill stores, 0 bytes spill loads
ptxas info    : Compiling entry function '_Z13eccWalkKernelI6CfgP41jEv10WalkParamsIT0_E' for 'sm_100'
ptxas info    : Function properties for _Z13eccWalkKernelI6CfgP41jEv10WalkParamsIT0_E
    3328 bytes stack frame, 0 bytes spill stores, 0 bytes spill loads
ptxas info    : Used 255 registers, used 0 barriers, 3328 bytes cumulative stack size
ptxas info    : Compile time = 634.340 ms
ptxas info    : Function properties for _ZN4WalkI6CfgP41jE6sigmaJEPKjS3_Pj
    0 bytes stack frame, 0 bytes spill stores, 0 bytes spill loads
ptxas info    : Function properties for _ZN6CfgP413sqrIjEEvPKT_PS1_
    0 bytes stack frame, 0 bytes spill stores, 0 bytes spill loads
ptxas info    : Function properties for _ZN6CfgP416reduceIjEEvPKT_PS1_
    0 bytes stack frame, 0 bytes spill stores, 0 bytes spill loads
ptxas info    : Function properties for _ZN6CfgP417hammingIjEEvPKT_PS1_
    0 bytes stack frame, 0 bytes spill stores, 0 bytes spill loads
ptxas info    : Function properties for _ZN6CfgP417mulLeafIjEEvPKT_S3_PS1_
    0 bytes stack frame, 0 bytes spill stores, 0 bytes spill loads
ptxas info    : Function properties for _ZN6KernelI6CfgP41jE12overdueLanesEiiRK10WalkParamsIjEy
    0 bytes stack frame, 0 bytes spill stores, 0 bytes spill loads
ptxas info    : Function properties for _ZN6KernelI6CfgP41jE19handleDistinguishedEiijRK10WalkParamsIjEyPKjS7_
    0 bytes stack frame, 0 bytes spill stores, 0 bytes spill loads
ptxas info    : Function properties for _ZN6eccP413sqrIjEEvPKT_PS1_
    0 bytes stack frame, 0 bytes spill stores, 0 bytes spill loads
ptxas info    : Function properties for _ZN6eccP416reduceIjEEvPKT_PS1_
    0 bytes stack frame, 0 bytes spill stores, 0 bytes spill loads
ptxas info    : Function properties for _ZN6eccP417hammingIjEEvPKT_PS1_
    0 bytes stack frame, 0 bytes spill stores, 0 bytes spill loads
ptxas info    : Function properties for _ZN6eccP417mulLeafIjEEvPKT_S3_PS1_
    0 bytes stack frame, 0 bytes spill stores, 0 bytes spill loads
ptxas info    : Function properties for _ZN7FieldPbI6CfgP41jE3invEPKjPj
    0 bytes stack frame, 0 bytes spill stores, 0 bytes spill loads
ptxas info    : Function properties for _ZN7FieldPbI6CfgP41jE3mulEPKjS3_Pj
    0 bytes stack frame, 0 bytes spill stores, 0 bytes spill loads
ptxas info    : Compiling entry function '_Z15eccReseedKernelI6CfgP19jEv10WalkParamsIT0_E' for 'sm_100'
ptxas info    : Function properties for _Z15eccReseedKernelI6CfgP19jEv10WalkParamsIT0_E
    3952 bytes stack frame, 28 bytes spill stores, 60 bytes spill loads
ptxas info    : Used 255 registers, used 0 barriers, 3952 bytes cumulative stack size
ptxas info    : Compile time = 446.395 ms
ptxas info    : Function properties for _ZN4WalkI6CfgP19jE10startPointEPKyRK11CurveConstsPjS7_
    0 bytes stack frame, 236 bytes spill stores, 252 bytes spill loads
ptxas info    : Function properties for _ZN4WalkI6CfgP19jE11reseedLanesEjPyRK11CurveConstsPjS6_
    0 bytes stack frame, 12 bytes spill stores, 4 bytes spill loads
ptxas info    : Function properties for _ZN4WalkI6CfgP19jE8pointAddEPKjS3_S3_S3_PjS4_
    0 bytes stack frame, 0 bytes spill stores, 0 bytes spill loads
ptxas info    : Function properties for _ZN6CfgP193sqrIjEEvPKT_PS1_
    0 bytes stack frame, 0 bytes spill stores, 0 bytes spill loads
ptxas info    : Function properties for _ZN6CfgP196reduceIjEEvPKT_PS1_
    0 bytes stack frame, 0 bytes spill stores, 0 bytes spill loads
ptxas info    : Function properties for _ZN6CfgP197mulLeafIjEEvPKT_S3_PS1_
    0 bytes stack frame, 0 bytes spill stores, 0 bytes spill loads
ptxas info    : Function properties for _ZN6eccP193sqrIjEEvPKT_PS1_
    0 bytes stack frame, 0 bytes spill stores, 0 bytes spill loads
ptxas info    : Function properties for _ZN6eccP196reduceIjEEvPKT_PS1_
    0 bytes stack frame, 0 bytes spill stores, 0 bytes spill loads
ptxas info    : Function properties for _ZN6eccP197mulLeafIjEEvPKT_S3_PS1_
    0 bytes stack frame, 0 bytes spill stores, 0 bytes spill loads
ptxas info    : Function properties for _ZN7FieldPbI6CfgP19jE3invEPKjPj
    0 bytes stack frame, 0 bytes spill stores, 0 bytes spill loads
ptxas info    : Function properties for _ZN7FieldPbI6CfgP19jE3mulEPKjS3_Pj
    0 bytes stack frame, 0 bytes spill stores, 0 bytes spill loads
ptxas info    : Compiling entry function '_Z13eccInitKernelI6CfgP19jEv10WalkParamsIT0_E' for 'sm_100'
ptxas info    : Function properties for _Z13eccInitKernelI6CfgP19jEv10WalkParamsIT0_E
    3792 bytes stack frame, 16 bytes spill stores, 32 bytes spill loads
ptxas info    : Used 255 registers, used 0 barriers, 3792 bytes cumulative stack size
ptxas info    : Compile time = 449.723 ms
ptxas info    : Function properties for _ZN4WalkI6CfgP19jE10startPointEPKyRK11CurveConstsPjS7_
    0 bytes stack frame, 252 bytes spill stores, 256 bytes spill loads
ptxas info    : Function properties for _ZN4WalkI6CfgP19jE8pointAddEPKjS3_S3_S3_PjS4_
    0 bytes stack frame, 0 bytes spill stores, 0 bytes spill loads
ptxas info    : Function properties for _ZN6CfgP193sqrIjEEvPKT_PS1_
    0 bytes stack frame, 0 bytes spill stores, 0 bytes spill loads
ptxas info    : Function properties for _ZN6CfgP196reduceIjEEvPKT_PS1_
    0 bytes stack frame, 0 bytes spill stores, 0 bytes spill loads
ptxas info    : Function properties for _ZN6CfgP197mulLeafIjEEvPKT_S3_PS1_
    0 bytes stack frame, 0 bytes spill stores, 0 bytes spill loads
ptxas info    : Function properties for _ZN6eccP193sqrIjEEvPKT_PS1_
    0 bytes stack frame, 0 bytes spill stores, 0 bytes spill loads
ptxas info    : Function properties for _ZN6eccP196reduceIjEEvPKT_PS1_
    0 bytes stack frame, 0 bytes spill stores, 0 bytes spill loads
ptxas info    : Function properties for _ZN6eccP197mulLeafIjEEvPKT_S3_PS1_
    0 bytes stack frame, 0 bytes spill stores, 0 bytes spill loads
ptxas info    : Function properties for _ZN7FieldPbI6CfgP19jE3invEPKjPj
    0 bytes stack frame, 0 bytes spill stores, 0 bytes spill loads
ptxas info    : Function properties for _ZN7FieldPbI6CfgP19jE3mulEPKjS3_Pj
    0 bytes stack frame, 0 bytes spill stores, 0 bytes spill loads
ptxas info    : Compiling entry function '_Z13eccWalkKernelI6CfgP19jEv10WalkParamsIT0_E' for 'sm_100'
ptxas info    : Function properties for _Z13eccWalkKernelI6CfgP19jEv10WalkParamsIT0_E
    1984 bytes stack frame, 0 bytes spill stores, 0 bytes spill loads
ptxas info    : Used 127 registers, used 0 barriers, 1984 bytes cumulative stack size
ptxas info    : Compile time = 239.214 ms
ptxas info    : Function properties for _ZN4WalkI6CfgP19jE6sigmaJEPKjS3_Pj
    0 bytes stack frame, 0 bytes spill stores, 0 bytes spill loads
ptxas info    : Function properties for _ZN6CfgP193sqrIjEEvPKT_PS1_
    0 bytes stack frame, 0 bytes spill stores, 0 bytes spill loads
ptxas info    : Function properties for _ZN6CfgP196reduceIjEEvPKT_PS1_
    0 bytes stack frame, 0 bytes spill stores, 0 bytes spill loads
ptxas info    : Function properties for _ZN6CfgP197hammingIjEEvPKT_PS1_
    0 bytes stack frame, 0 bytes spill stores, 0 bytes spill loads
ptxas info    : Function properties for _ZN6CfgP197mulLeafIjEEvPKT_S3_PS1_
    0 bytes stack frame, 0 bytes spill stores, 0 bytes spill loads
ptxas info    : Function properties for _ZN6KernelI6CfgP19jE12overdueLanesEiiRK10WalkParamsIjEy
    0 bytes stack frame, 0 bytes spill stores, 0 bytes spill loads
ptxas info    : Function properties for _ZN6KernelI6CfgP19jE19handleDistinguishedEiijRK10WalkParamsIjEyPKjS7_
    0 bytes stack frame, 0 bytes spill stores, 0 bytes spill loads
ptxas info    : Function properties for _ZN6eccP193sqrIjEEvPKT_PS1_
    0 bytes stack frame, 0 bytes spill stores, 0 bytes spill loads
ptxas info    : Function properties for _ZN6eccP196reduceIjEEvPKT_PS1_
    0 bytes stack frame, 0 bytes spill stores, 0 bytes spill loads
ptxas info    : Function properties for _ZN6eccP197hammingIjEEvPKT_PS1_
    0 bytes stack frame, 0 bytes spill stores, 0 bytes spill loads
ptxas info    : Function properties for _ZN6eccP197mulLeafIjEEvPKT_S3_PS1_
    0 bytes stack frame, 0 bytes spill stores, 0 bytes spill loads
ptxas info    : Function properties for _ZN7FieldPbI6CfgP19jE3invEPKjPj
    0 bytes stack frame, 0 bytes spill stores, 0 bytes spill loads
ptxas info    : Function properties for _ZN7FieldPbI6CfgP19jE3mulEPKjS3_Pj
    0 bytes stack frame, 0 bytes spill stores, 0 bytes spill loads
ptxas info    : Compiling entry function '_Z15eccReseedKernelI6CfgP13jEv10WalkParamsIT0_E' for 'sm_100'
ptxas info    : Function properties for _Z15eccReseedKernelI6CfgP13jEv10WalkParamsIT0_E
    3664 bytes stack frame, 360 bytes spill stores, 360 bytes spill loads
ptxas info    : Used 255 registers, used 0 barriers, 3664 bytes cumulative stack size
ptxas info    : Compile time = 364.006 ms
ptxas info    : Function properties for _ZN4WalkI6CfgP13jE10startPointEPKyRK11CurveConstsPjS7_
    0 bytes stack frame, 252 bytes spill stores, 268 bytes spill loads
ptxas info    : Function properties for _ZN4WalkI6CfgP13jE11reseedLanesEjPyRK11CurveConstsPjS6_
    0 bytes stack frame, 12 bytes spill stores, 4 bytes spill loads
ptxas info    : Function properties for _ZN4WalkI6CfgP13jE8pointAddEPKjS3_S3_S3_PjS4_
    0 bytes stack frame, 0 bytes spill stores, 0 bytes spill loads
ptxas info    : Function properties for _ZN6CfgP133sqrIjEEvPKT_PS1_
    0 bytes stack frame, 0 bytes spill stores, 0 bytes spill loads
ptxas info    : Function properties for _ZN6CfgP136reduceIjEEvPKT_PS1_
    0 bytes stack frame, 0 bytes spill stores, 0 bytes spill loads
ptxas info    : Function properties for _ZN6CfgP137mulLeafIjEEvPKT_S3_PS1_
    0 bytes stack frame, 0 bytes spill stores, 0 bytes spill loads
ptxas info    : Function properties for _ZN6eccP133sqrIjEEvPKT_PS1_
    0 bytes stack frame, 0 bytes spill stores, 0 bytes spill loads
ptxas info    : Function properties for _ZN6eccP136reduceIjEEvPKT_PS1_
    0 bytes stack frame, 0 bytes spill stores, 0 bytes spill loads
ptxas info    : Function properties for _ZN6eccP137mulLeafIjEEvPKT_S3_PS1_
    0 bytes stack frame, 0 bytes spill stores, 0 bytes spill loads
ptxas info    : Function properties for _ZN7FieldPbI6CfgP13jE3invEPKjPj
    0 bytes stack frame, 0 bytes spill stores, 0 bytes spill loads
ptxas info    : Function properties for _ZN7FieldPbI6CfgP13jE3mulEPKjS3_Pj
    0 bytes stack frame, 0 bytes spill stores, 0 bytes spill loads
ptxas info    : Compiling entry function '_Z13eccInitKernelI6CfgP13jEv10WalkParamsIT0_E' for 'sm_100'
ptxas info    : Function properties for _Z13eccInitKernelI6CfgP13jEv10WalkParamsIT0_E
    3280 bytes stack frame, 152 bytes spill stores, 128 bytes spill loads
ptxas info    : Used 255 registers, used 0 barriers, 3280 bytes cumulative stack size
ptxas info    : Compile time = 350.155 ms
ptxas info    : Function properties for _ZN4WalkI6CfgP13jE10startPointEPKyRK11CurveConstsPjS7_
    0 bytes stack frame, 248 bytes spill stores, 252 bytes spill loads
ptxas info    : Function properties for _ZN4WalkI6CfgP13jE8pointAddEPKjS3_S3_S3_PjS4_
    0 bytes stack frame, 0 bytes spill stores, 0 bytes spill loads
ptxas info    : Function properties for _ZN6CfgP133sqrIjEEvPKT_PS1_
    0 bytes stack frame, 0 bytes spill stores, 0 bytes spill loads
ptxas info    : Function properties for _ZN6CfgP136reduceIjEEvPKT_PS1_
    0 bytes stack frame, 0 bytes spill stores, 0 bytes spill loads
ptxas info    : Function properties for _ZN6CfgP137mulLeafIjEEvPKT_S3_PS1_
    0 bytes stack frame, 0 bytes spill stores, 0 bytes spill loads
ptxas info    : Function properties for _ZN6eccP133sqrIjEEvPKT_PS1_
    0 bytes stack frame, 0 bytes spill stores, 0 bytes spill loads
ptxas info    : Function properties for _ZN6eccP136reduceIjEEvPKT_PS1_
    0 bytes stack frame, 0 bytes spill stores, 0 bytes spill loads
ptxas info    : Function properties for _ZN6eccP137mulLeafIjEEvPKT_S3_PS1_
    0 bytes stack frame, 0 bytes spill stores, 0 bytes spill loads
ptxas info    : Function properties for _ZN7FieldPbI6CfgP13jE3invEPKjPj
    0 bytes stack frame, 0 bytes spill stores, 0 bytes spill loads
ptxas info    : Function properties for _ZN7FieldPbI6CfgP13jE3mulEPKjS3_Pj
    0 bytes stack frame, 0 bytes spill stores, 0 bytes spill loads
ptxas info    : Compiling entry function '_Z13eccWalkKernelI6CfgP13jEv10WalkParamsIT0_E' for 'sm_100'
ptxas info    : Function properties for _Z13eccWalkKernelI6CfgP13jEv10WalkParamsIT0_E
    1536 bytes stack frame, 0 bytes spill stores, 0 bytes spill loads
ptxas info    : Used 161 registers, used 0 barriers, 1536 bytes cumulative stack size
ptxas info    : Compile time = 152.289 ms
ptxas info    : Function properties for _ZN4WalkI6CfgP13jE6sigmaJEPKjS3_Pj
    0 bytes stack frame, 0 bytes spill stores, 0 bytes spill loads
ptxas info    : Function properties for _ZN6CfgP133sqrIjEEvPKT_PS1_
    0 bytes stack frame, 0 bytes spill stores, 0 bytes spill loads
ptxas info    : Function properties for _ZN6CfgP136reduceIjEEvPKT_PS1_
    0 bytes stack frame, 0 bytes spill stores, 0 bytes spill loads
ptxas info    : Function properties for _ZN6CfgP137hammingIjEEvPKT_PS1_
    0 bytes stack frame, 0 bytes spill stores, 0 bytes spill loads
ptxas info    : Function properties for _ZN6CfgP137mulLeafIjEEvPKT_S3_PS1_
    0 bytes stack frame, 0 bytes spill stores, 0 bytes spill loads
ptxas info    : Function properties for _ZN6KernelI6CfgP13jE12overdueLanesEiiRK10WalkParamsIjEy
    0 bytes stack frame, 0 bytes spill stores, 0 bytes spill loads
ptxas info    : Function properties for _ZN6KernelI6CfgP13jE19handleDistinguishedEiijRK10WalkParamsIjEyPKjS7_
    0 bytes stack frame, 0 bytes spill stores, 0 bytes spill loads
ptxas info    : Function properties for _ZN6eccP133sqrIjEEvPKT_PS1_
    0 bytes stack frame, 0 bytes spill stores, 0 bytes spill loads
ptxas info    : Function properties for _ZN6eccP136reduceIjEEvPKT_PS1_
    0 bytes stack frame, 0 bytes spill stores, 0 bytes spill loads
ptxas info    : Function properties for _ZN6eccP137hammingIjEEvPKT_PS1_
    0 bytes stack frame, 0 bytes spill stores, 0 bytes spill loads
ptxas info    : Function properties for _ZN6eccP137mulLeafIjEEvPKT_S3_PS1_
    0 bytes stack frame, 0 bytes spill stores, 0 bytes spill loads
ptxas info    : Function properties for _ZN7FieldPbI6CfgP13jE3invEPKjPj
    0 bytes stack frame, 0 bytes spill stores, 0 bytes spill loads
ptxas info    : Function properties for _ZN7FieldPbI6CfgP13jE3mulEPKjS3_Pj
    0 bytes stack frame, 0 bytes spill stores, 0 bytes spill loads
ptxas info    : Compiling entry function '_Z15eccReseedKernelI7CfgF131jEv10WalkParamsIT0_E' for 'sm_100'
ptxas info    : Function properties for _Z15eccReseedKernelI7CfgF131jEv10WalkParamsIT0_E
    15856 bytes stack frame, 28 bytes spill stores, 60 bytes spill loads
ptxas info    : Used 255 registers, used 0 barriers, 15856 bytes cumulative stack size
ptxas info    : Compile time = 2949.555 ms
ptxas info    : Function properties for _ZN4WalkI7CfgF131jE10startPointEPKyRK11CurveConstsPjS7_
    0 bytes stack frame, 284 bytes spill stores, 304 bytes spill loads
ptxas info    : Function properties for _ZN4WalkI7CfgF131jE11reseedLanesEjPyRK11CurveConstsPjS6_
    0 bytes stack frame, 12 bytes spill stores, 4 bytes spill loads
ptxas info    : Function properties for _ZN4WalkI7CfgF131jE8pointAddEPKjS3_S3_S3_PjS4_
    0 bytes stack frame, 540 bytes spill stores, 548 bytes spill loads
ptxas info    : Function properties for _ZN7CfgF1315toOnbIjEEvPKT_PS1_
    0 bytes stack frame, 0 bytes spill stores, 8 bytes spill loads
ptxas info    : Function properties for _ZN7CfgF1317mulLeafIjEEvPKT_S3_PS1_
    0 bytes stack frame, 0 bytes spill stores, 0 bytes spill loads
ptxas info    : Function properties for _ZN7CfgF1318multPrepIjEEvPKT_PS1_
    0 bytes stack frame, 0 bytes spill stores, 0 bytes spill loads
ptxas info    : Function properties for _ZN7FieldBsI7CfgF131jE3invEPKjPj
    0 bytes stack frame, 20 bytes spill stores, 8 bytes spill loads
ptxas info    : Function properties for _ZN7FieldBsI7CfgF131jE3mulEPKjS3_Pj
    0 bytes stack frame, 8 bytes spill stores, 4 bytes spill loads
ptxas info    : Function properties for _ZN7eccF1315toOnbIjEEvPKT_PS1_
    0 bytes stack frame, 0 bytes spill stores, 0 bytes spill loads
ptxas info    : Function properties for _ZN7eccF1317mulLeafIjEEvPKT_S3_PS1_
    0 bytes stack frame, 328 bytes spill stores, 344 bytes spill loads
ptxas info    : Function properties for _ZN7eccF1318multPrepIjEEvPKT_PS1_
    0 bytes stack frame, 0 bytes spill stores, 0 bytes spill loads
ptxas info    : Compiling entry function '_Z13eccInitKernelI7CfgF131jEv10WalkParamsIT0_E' for 'sm_100'
ptxas info    : Function properties for _Z13eccInitKernelI7CfgF131jEv10WalkParamsIT0_E
    14880 bytes stack frame, 20 bytes spill stores, 36 bytes spill loads
ptxas info    : Used 255 registers, used 0 barriers, 14880 bytes cumulative stack size
ptxas info    : Compile time = 2700.986 ms
ptxas info    : Function properties for _ZN4WalkI7CfgF131jE10startPointEPKyRK11CurveConstsPjS7_
    0 bytes stack frame, 244 bytes spill stores, 248 bytes spill loads
ptxas info    : Function properties for _ZN4WalkI7CfgF131jE8pointAddEPKjS3_S3_S3_PjS4_
    0 bytes stack frame, 532 bytes spill stores, 524 bytes spill loads
ptxas info    : Function properties for _ZN7CfgF1315toOnbIjEEvPKT_PS1_
    0 bytes stack frame, 0 bytes spill stores, 0 bytes spill loads
ptxas info    : Function properties for _ZN7CfgF1317mulLeafIjEEvPKT_S3_PS1_
    0 bytes stack frame, 0 bytes spill stores, 0 bytes spill loads
ptxas info    : Function properties for _ZN7CfgF1318multPrepIjEEvPKT_PS1_
    0 bytes stack frame, 0 bytes spill stores, 0 bytes spill loads
ptxas info    : Function properties for _ZN7FieldBsI7CfgF131jE3invEPKjPj
    0 bytes stack frame, 8 bytes spill stores, 0 bytes spill loads
ptxas info    : Function properties for _ZN7FieldBsI7CfgF131jE3mulEPKjS3_Pj
    0 bytes stack frame, 0 bytes spill stores, 4 bytes spill loads
ptxas info    : Function properties for _ZN7eccF1315toOnbIjEEvPKT_PS1_
    0 bytes stack frame, 0 bytes spill stores, 0 bytes spill loads
ptxas info    : Function properties for _ZN7eccF1317mulLeafIjEEvPKT_S3_PS1_
    0 bytes stack frame, 436 bytes spill stores, 452 bytes spill loads
ptxas info    : Function properties for _ZN7eccF1318multPrepIjEEvPKT_PS1_
    0 bytes stack frame, 0 bytes spill stores, 0 bytes spill loads
ptxas info    : Compiling entry function '_Z13eccWalkKernelI7CfgF131jEv10WalkParamsIT0_E' for 'sm_100'
ptxas info    : Function properties for _Z13eccWalkKernelI7CfgF131jEv10WalkParamsIT0_E
    12448 bytes stack frame, 16 bytes spill stores, 16 bytes spill loads
ptxas info    : Used 255 registers, used 0 barriers, 12448 bytes cumulative stack size
ptxas info    : Compile time = 1577.365 ms
ptxas info    : Function properties for _ZN4WalkI7CfgF131jE6sigmaJEPKjS3_Pj
    0 bytes stack frame, 0 bytes spill stores, 0 bytes spill loads
ptxas info    : Function properties for _ZN6KernelI7CfgF131jE12overdueLanesEiiRK10WalkParamsIjEy
    0 bytes stack frame, 0 bytes spill stores, 0 bytes spill loads
ptxas info    : Function properties for _ZN6KernelI7CfgF131jE19handleDistinguishedEiijRK10WalkParamsIjEyPKjS7_
    0 bytes stack frame, 0 bytes spill stores, 0 bytes spill loads
ptxas info    : Function properties for _ZN7CfgF1315toOnbIjEEvPKT_PS1_
    0 bytes stack frame, 0 bytes spill stores, 8 bytes spill loads
ptxas info    : Function properties for _ZN7CfgF1317hammingIjEEvPKT_PS1_
    0 bytes stack frame, 0 bytes spill stores, 0 bytes spill loads
ptxas info    : Function properties for _ZN7CfgF1317mulLeafIjEEvPKT_S3_PS1_
    0 bytes stack frame, 0 bytes spill stores, 0 bytes spill loads
ptxas info    : Function properties for _ZN7CfgF1318multPrepIjEEvPKT_PS1_
    0 bytes stack frame, 0 bytes spill stores, 0 bytes spill loads
ptxas info    : Function properties for _ZN7FieldBsI7CfgF131jE3invEPKjPj
    0 bytes stack frame, 0 bytes spill stores, 0 bytes spill loads
ptxas info    : Function properties for _ZN7FieldBsI7CfgF131jE3mulEPKjS3_Pj
    0 bytes stack frame, 8 bytes spill stores, 0 bytes spill loads
ptxas info    : Function properties for _ZN7eccF1315toOnbIjEEvPKT_PS1_
    0 bytes stack frame, 0 bytes spill stores, 0 bytes spill loads
ptxas info    : Function properties for _ZN7eccF1317hammingIjEEvPKT_PS1_
    0 bytes stack frame, 0 bytes spill stores, 0 bytes spill loads
ptxas info    : Function properties for _ZN7eccF1317mulLeafIjEEvPKT_S3_PS1_
    0 bytes stack frame, 336 bytes spill stores, 348 bytes spill loads
ptxas info    : Function properties for _ZN7eccF1318multPrepIjEEvPKT_PS1_
    0 bytes stack frame, 0 bytes spill stores, 0 bytes spill loads
ptxas info    : Compiling entry function '_Z15eccReseedKernelI6CfgF83jEv10WalkParamsIT0_E' for 'sm_100'
ptxas info    : Function properties for _Z15eccReseedKernelI6CfgF83jEv10WalkParamsIT0_E
    10336 bytes stack frame, 28 bytes spill stores, 60 bytes spill loads
ptxas info    : Used 255 registers, used 0 barriers, 10336 bytes cumulative stack size
ptxas info    : Compile time = 1832.750 ms
ptxas info    : Function properties for _ZN4WalkI6CfgF83jE10startPointEPKyRK11CurveConstsPjS7_
    0 bytes stack frame, 248 bytes spill stores, 260 bytes spill loads
ptxas info    : Function properties for _ZN4WalkI6CfgF83jE11reseedLanesEjPyRK11CurveConstsPjS6_
    0 bytes stack frame, 8 bytes spill stores, 0 bytes spill loads
ptxas info    : Function properties for _ZN4WalkI6CfgF83jE8pointAddEPKjS3_S3_S3_PjS4_
    0 bytes stack frame, 4 bytes spill stores, 12 bytes spill loads
ptxas info    : Function properties for _ZN6CfgF835toOnbIjEEvPKT_PS1_
    0 bytes stack frame, 0 bytes spill stores, 0 bytes spill loads
ptxas info    : Function properties for _ZN6CfgF837mulLeafIjEEvPKT_S3_PS1_
    0 bytes stack frame, 0 bytes spill stores, 0 bytes spill loads
ptxas info    : Function properties for _ZN6CfgF838multPrepIjEEvPKT_PS1_
    0 bytes stack frame, 0 bytes spill stores, 0 bytes spill loads
ptxas info    : Function properties for _ZN6eccF835toOnbIjEEvPKT_PS1_
    0 bytes stack frame, 0 bytes spill stores, 0 bytes spill loads
ptxas info    : Function properties for _ZN6eccF837mulLeafIjEEvPKT_S3_PS1_
    0 bytes stack frame, 0 bytes spill stores, 0 bytes spill loads
ptxas info    : Function properties for _ZN6eccF838multPrepIjEEvPKT_PS1_
    0 bytes stack frame, 0 bytes spill stores, 0 bytes spill loads
ptxas info    : Function properties for _ZN7FieldBsI6CfgF83jE3invEPKjPj
    0 bytes stack frame, 0 bytes spill stores, 0 bytes spill loads
ptxas info    : Function properties for _ZN7FieldBsI6CfgF83jE3mulEPKjS3_Pj
    0 bytes stack frame, 0 bytes spill stores, 0 bytes spill loads
ptxas info    : Compiling entry function '_Z13eccInitKernelI6CfgF83jEv10WalkParamsIT0_E' for 'sm_100'
ptxas info    : Function properties for _Z13eccInitKernelI6CfgF83jEv10WalkParamsIT0_E
    9648 bytes stack frame, 20 bytes spill stores, 36 bytes spill loads
ptxas info    : Used 255 registers, used 0 barriers, 9648 bytes cumulative stack size
ptxas info    : Compile time = 1694.262 ms
ptxas info    : Function properties for _ZN4WalkI6CfgF83jE10startPointEPKyRK11CurveConstsPjS7_
    0 bytes stack frame, 244 bytes spill stores, 248 bytes spill loads
ptxas info    : Function properties for _ZN4WalkI6CfgF83jE8pointAddEPKjS3_S3_S3_PjS4_
    0 bytes stack frame, 0 bytes spill stores, 0 bytes spill loads
ptxas info    : Function properties for _ZN6CfgF835toOnbIjEEvPKT_PS1_
    0 bytes stack frame, 0 bytes spill stores, 0 bytes spill loads
ptxas info    : Function properties for _ZN6CfgF837mulLeafIjEEvPKT_S3_PS1_
    0 bytes stack frame, 0 bytes spill stores, 0 bytes spill loads
ptxas info    : Function properties for _ZN6CfgF838multPrepIjEEvPKT_PS1_
    0 bytes stack frame, 0 bytes spill stores, 0 bytes spill loads
ptxas info    : Function properties for _ZN6eccF835toOnbIjEEvPKT_PS1_
    0 bytes stack frame, 0 bytes spill stores, 0 bytes spill loads
ptxas info    : Function properties for _ZN6eccF837mulLeafIjEEvPKT_S3_PS1_
    0 bytes stack frame, 0 bytes spill stores, 0 bytes spill loads
ptxas info    : Function properties for _ZN6eccF838multPrepIjEEvPKT_PS1_
    0 bytes stack frame, 0 bytes spill stores, 0 bytes spill loads
ptxas info    : Function properties for _ZN7FieldBsI6CfgF83jE3invEPKjPj
    0 bytes stack frame, 0 bytes spill stores, 0 bytes spill loads
ptxas info    : Function properties for _ZN7FieldBsI6CfgF83jE3mulEPKjS3_Pj
    0 bytes stack frame, 0 bytes spill stores, 0 bytes spill loads
ptxas info    : Compiling entry function '_Z13eccWalkKernelI6CfgF83jEv10WalkParamsIT0_E' for 'sm_100'
ptxas info    : Function properties for _Z13eccWalkKernelI6CfgF83jEv10WalkParamsIT0_E
    7872 bytes stack frame, 0 bytes spill stores, 0 bytes spill loads
ptxas info    : Used 255 registers, used 0 barriers, 7872 bytes cumulative stack size
ptxas info    : Compile time = 986.698 ms
ptxas info    : Function properties for _ZN4WalkI6CfgF83jE6sigmaJEPKjS3_Pj
    0 bytes stack frame, 0 bytes spill stores, 0 bytes spill loads
ptxas info    : Function properties for _ZN6CfgF835toOnbIjEEvPKT_PS1_
    0 bytes stack frame, 0 bytes spill stores, 0 bytes spill loads
ptxas info    : Function properties for _ZN6CfgF837hammingIjEEvPKT_PS1_
    0 bytes stack frame, 0 bytes spill stores, 0 bytes spill loads
ptxas info    : Function properties for _ZN6CfgF837mulLeafIjEEvPKT_S3_PS1_
    0 bytes stack frame, 0 bytes spill stores, 0 bytes spill loads
ptxas info    : Function properties for _ZN6CfgF838multPrepIjEEvPKT_PS1_
    0 bytes stack frame, 0 bytes spill stores, 0 bytes spill loads
ptxas info    : Function properties for _ZN6KernelI6CfgF83jE12overdueLanesEiiRK10WalkParamsIjEy
    0 bytes stack frame, 0 bytes spill stores, 0 bytes spill loads
ptxas info    : Function properties for _ZN6KernelI6CfgF83jE19handleDistinguishedEiijRK10WalkParamsIjEyPKjS7_
    0 bytes stack frame, 0 bytes spill stores, 0 bytes spill loads
ptxas info    : Function properties for _ZN6eccF835toOnbIjEEvPKT_PS1_
    0 bytes stack frame, 0 bytes spill stores, 0 bytes spill loads
ptxas info    : Function properties for _ZN6eccF837hammingIjEEvPKT_PS1_
    0 bytes stack frame, 0 bytes spill stores, 0 bytes spill loads
ptxas info    : Function properties for _ZN6eccF837mulLeafIjEEvPKT_S3_PS1_
    0 bytes stack frame, 0 bytes spill stores, 0 bytes spill loads
ptxas info    : Function properties for _ZN6eccF838multPrepIjEEvPKT_PS1_
    0 bytes stack frame, 0 bytes spill stores, 0 bytes spill loads
ptxas info    : Function properties for _ZN7FieldBsI6CfgF83jE3invEPKjPj
    0 bytes stack frame, 0 bytes spill stores, 0 bytes spill loads
ptxas info    : Function properties for _ZN7FieldBsI6CfgF83jE3mulEPKjS3_Pj
    0 bytes stack frame, 0 bytes spill stores, 0 bytes spill loads
ptxas info    : Compiling entry function '_Z15eccReseedKernelI6CfgF41jEv10WalkParamsIT0_E' for 'sm_100'
ptxas info    : Function properties for _Z15eccReseedKernelI6CfgF41jEv10WalkParamsIT0_E
    5328 bytes stack frame, 28 bytes spill stores, 60 bytes spill loads
ptxas info    : Used 255 registers, used 0 barriers, 5328 bytes cumulative stack size
ptxas info    : Compile time = 1008.420 ms
ptxas info    : Function properties for _ZN4WalkI6CfgF41jE10startPointEPKyRK11CurveConstsPjS7_
    0 bytes stack frame, 248 bytes spill stores, 264 bytes spill loads
ptxas info    : Function properties for _ZN4WalkI6CfgF41jE11reseedLanesEjPyRK11CurveConstsPjS6_
    0 bytes stack frame, 8 bytes spill stores, 0 bytes spill loads
ptxas info    : Function properties for _ZN4WalkI6CfgF41jE8pointAddEPKjS3_S3_S3_PjS4_
    0 bytes stack frame, 0 bytes spill stores, 0 bytes spill loads
ptxas info    : Function properties for _ZN6CfgF415toOnbIjEEvPKT_PS1_
    0 bytes stack frame, 0 bytes spill stores, 0 bytes spill loads
ptxas info    : Function properties for _ZN6CfgF417mulLeafIjEEvPKT_S3_PS1_
    0 bytes stack frame, 0 bytes spill stores, 0 bytes spill loads
ptxas info    : Function properties for _ZN6CfgF418multPrepIjEEvPKT_PS1_
    0 bytes stack frame, 0 bytes spill stores, 0 bytes spill loads
ptxas info    : Function properties for _ZN6eccF415toOnbIjEEvPKT_PS1_
    0 bytes stack frame, 0 bytes spill stores, 0 bytes spill loads
ptxas info    : Function properties for _ZN6eccF417mulLeafIjEEvPKT_S3_PS1_
    0 bytes stack frame, 0 bytes spill stores, 0 bytes spill loads
ptxas info    : Function properties for _ZN6eccF418multPrepIjEEvPKT_PS1_
    0 bytes stack frame, 0 bytes spill stores, 0 bytes spill loads
ptxas info    : Function properties for _ZN7FieldBsI6CfgF41jE3invEPKjPj
    0 bytes stack frame, 0 bytes spill stores, 0 bytes spill loads
ptxas info    : Function properties for _ZN7FieldBsI6CfgF41jE3mulEPKjS3_Pj
    0 bytes stack frame, 0 bytes spill stores, 0 bytes spill loads
ptxas info    : Compiling entry function '_Z13eccInitKernelI6CfgF41jEv10WalkParamsIT0_E' for 'sm_100'
ptxas info    : Function properties for _Z13eccInitKernelI6CfgF41jEv10WalkParamsIT0_E
    4960 bytes stack frame, 16 bytes spill stores, 32 bytes spill loads
ptxas info    : Used 255 registers, used 0 barriers, 4960 bytes cumulative stack size
ptxas info    : Compile time = 942.348 ms
ptxas info    : Function properties for _ZN4WalkI6CfgF41jE10startPointEPKyRK11CurveConstsPjS7_
    0 bytes stack frame, 252 bytes spill stores, 256 bytes spill loads
ptxas info    : Function properties for _ZN4WalkI6CfgF41jE8pointAddEPKjS3_S3_S3_PjS4_
    0 bytes stack frame, 0 bytes spill stores, 0 bytes spill loads
ptxas info    : Function properties for _ZN6CfgF415toOnbIjEEvPKT_PS1_
    0 bytes stack frame, 0 bytes spill stores, 0 bytes spill loads
ptxas info    : Function properties for _ZN6CfgF417mulLeafIjEEvPKT_S3_PS1_
    0 bytes stack frame, 0 bytes spill stores, 0 bytes spill loads
ptxas info    : Function properties for _ZN6CfgF418multPrepIjEEvPKT_PS1_
    0 bytes stack frame, 0 bytes spill stores, 0 bytes spill loads
ptxas info    : Function properties for _ZN6eccF415toOnbIjEEvPKT_PS1_
    0 bytes stack frame, 0 bytes spill stores, 0 bytes spill loads
ptxas info    : Function properties for _ZN6eccF417mulLeafIjEEvPKT_S3_PS1_
    0 bytes stack frame, 0 bytes spill stores, 0 bytes spill loads
ptxas info    : Function properties for _ZN6eccF418multPrepIjEEvPKT_PS1_
    0 bytes stack frame, 0 bytes spill stores, 0 bytes spill loads
ptxas info    : Function properties for _ZN7FieldBsI6CfgF41jE3invEPKjPj
    0 bytes stack frame, 0 bytes spill stores, 0 bytes spill loads
ptxas info    : Function properties for _ZN7FieldBsI6CfgF41jE3mulEPKjS3_Pj
    0 bytes stack frame, 0 bytes spill stores, 0 bytes spill loads
ptxas info    : Compiling entry function '_Z13eccWalkKernelI6CfgF41jEv10WalkParamsIT0_E' for 'sm_100'
ptxas info    : Function properties for _Z13eccWalkKernelI6CfgF41jEv10WalkParamsIT0_E
    3328 bytes stack frame, 0 bytes spill stores, 0 bytes spill loads
ptxas info    : Used 220 registers, used 0 barriers, 3328 bytes cumulative stack size
ptxas info    : Compile time = 623.733 ms
ptxas info    : Function properties for _ZN4WalkI6CfgF41jE6sigmaJEPKjS3_Pj
    0 bytes stack frame, 0 bytes spill stores, 0 bytes spill loads
ptxas info    : Function properties for _ZN6CfgF415toOnbIjEEvPKT_PS1_
    0 bytes stack frame, 0 bytes spill stores, 0 bytes spill loads
ptxas info    : Function properties for _ZN6CfgF417hammingIjEEvPKT_PS1_
    0 bytes stack frame, 0 bytes spill stores, 0 bytes spill loads
ptxas info    : Function properties for _ZN6CfgF417mulLeafIjEEvPKT_S3_PS1_
    0 bytes stack frame, 0 bytes spill stores, 0 bytes spill loads
ptxas info    : Function properties for _ZN6CfgF418multPrepIjEEvPKT_PS1_
    0 bytes stack frame, 0 bytes spill stores, 0 bytes spill loads
ptxas info    : Function properties for _ZN6KernelI6CfgF41jE12overdueLanesEiiRK10WalkParamsIjEy
    0 bytes stack frame, 0 bytes spill stores, 0 bytes spill loads
ptxas info    : Function properties for _ZN6KernelI6CfgF41jE19handleDistinguishedEiijRK10WalkParamsIjEyPKjS7_
    0 bytes stack frame, 0 bytes spill stores, 0 bytes spill loads
ptxas info    : Function properties for _ZN6eccF415toOnbIjEEvPKT_PS1_
    0 bytes stack frame, 0 bytes spill stores, 0 bytes spill loads
ptxas info    : Function properties for _ZN6eccF417hammingIjEEvPKT_PS1_
    0 bytes stack frame, 0 bytes spill stores, 0 bytes spill loads
ptxas info    : Function properties for _ZN6eccF417mulLeafIjEEvPKT_S3_PS1_
    0 bytes stack frame, 0 bytes spill stores, 0 bytes spill loads
ptxas info    : Function properties for _ZN6eccF418multPrepIjEEvPKT_PS1_
    0 bytes stack frame, 0 bytes spill stores, 0 bytes spill loads
ptxas info    : Function properties for _ZN7FieldBsI6CfgF41jE3invEPKjPj
    0 bytes stack frame, 0 bytes spill stores, 0 bytes spill loads
ptxas info    : Function properties for _ZN7FieldBsI6CfgF41jE3mulEPKjS3_Pj
    0 bytes stack frame, 0 bytes spill stores, 0 bytes spill loads
ptxas info    : Compiling entry function '_Z15eccReseedKernelI6CfgF23jEv10WalkParamsIT0_E' for 'sm_100'
ptxas info    : Function properties for _Z15eccReseedKernelI6CfgF23jEv10WalkParamsIT0_E
    3872 bytes stack frame, 24 bytes spill stores, 40 bytes spill loads
ptxas info    : Used 255 registers, used 0 barriers, 3872 bytes cumulative stack size
ptxas info    : Compile time = 594.572 ms
ptxas info    : Function properties for _ZN4WalkI6CfgF23jE10startPointEPKyRK11CurveConstsPjS7_
    0 bytes stack frame, 244 bytes spill stores, 260 bytes spill loads
ptxas info    : Function properties for _ZN4WalkI6CfgF23jE11reseedLanesEjPyRK11CurveConstsPjS6_
    0 bytes stack frame, 12 bytes spill stores, 4 bytes spill loads
ptxas info    : Function properties for _ZN4WalkI6CfgF23jE8pointAddEPKjS3_S3_S3_PjS4_
    0 bytes stack frame, 0 bytes spill stores, 0 bytes spill loads
ptxas info    : Function properties for _ZN6CfgF235toOnbIjEEvPKT_PS1_
    0 bytes stack frame, 0 bytes spill stores, 0 bytes spill loads
ptxas info    : Function properties for _ZN6CfgF237mulLeafIjEEvPKT_S3_PS1_
    0 bytes stack frame, 0 bytes spill stores, 0 bytes spill loads
ptxas info    : Function properties for _ZN6CfgF238multPrepIjEEvPKT_PS1_
    0 bytes stack frame, 0 bytes spill stores, 0 bytes spill loads
ptxas info    : Function properties for _ZN6eccF235toOnbIjEEvPKT_PS1_
    0 bytes stack frame, 0 bytes spill stores, 0 bytes spill loads
ptxas info    : Function properties for _ZN6eccF237mulLeafIjEEvPKT_S3_PS1_
    0 bytes stack frame, 0 bytes spill stores, 0 bytes spill loads
ptxas info    : Function properties for _ZN6eccF238multPrepIjEEvPKT_PS1_
    0 bytes stack frame, 0 bytes spill stores, 0 bytes spill loads
ptxas info    : Function properties for _ZN7FieldBsI6CfgF23jE3invEPKjPj
    0 bytes stack frame, 0 bytes spill stores, 0 bytes spill loads
ptxas info    : Function properties for _ZN7FieldBsI6CfgF23jE3mulEPKjS3_Pj
    0 bytes stack frame, 0 bytes spill stores, 0 bytes spill loads
ptxas info    : Compiling entry function '_Z13eccInitKernelI6CfgF23jEv10WalkParamsIT0_E' for 'sm_100'
ptxas info    : Function properties for _Z13eccInitKernelI6CfgF23jEv10WalkParamsIT0_E
    3680 bytes stack frame, 16 bytes spill stores, 32 bytes spill loads
ptxas info    : Used 255 registers, used 0 barriers, 3680 bytes cumulative stack size
ptxas info    : Compile time = 588.495 ms
ptxas info    : Function properties for _ZN4WalkI6CfgF23jE10startPointEPKyRK11CurveConstsPjS7_
    0 bytes stack frame, 252 bytes spill stores, 256 bytes spill loads
ptxas info    : Function properties for _ZN4WalkI6CfgF23jE8pointAddEPKjS3_S3_S3_PjS4_
    0 bytes stack frame, 0 bytes spill stores, 0 bytes spill loads
ptxas info    : Function properties for _ZN6CfgF235toOnbIjEEvPKT_PS1_
    0 bytes stack frame, 0 bytes spill stores, 0 bytes spill loads
ptxas info    : Function properties for _ZN6CfgF237mulLeafIjEEvPKT_S3_PS1_
    0 bytes stack frame, 0 bytes spill stores, 0 bytes spill loads
ptxas info    : Function properties for _ZN6CfgF238multPrepIjEEvPKT_PS1_
    0 bytes stack frame, 0 bytes spill stores, 0 bytes spill loads
ptxas info    : Function properties for _ZN6eccF235toOnbIjEEvPKT_PS1_
    0 bytes stack frame, 0 bytes spill stores, 0 bytes spill loads
ptxas info    : Function properties for _ZN6eccF237mulLeafIjEEvPKT_S3_PS1_
    0 bytes stack frame, 0 bytes spill stores, 0 bytes spill loads
ptxas info    : Function properties for _ZN6eccF238multPrepIjEEvPKT_PS1_
    0 bytes stack frame, 0 bytes spill stores, 0 bytes spill loads
ptxas info    : Function properties for _ZN7FieldBsI6CfgF23jE3invEPKjPj
    0 bytes stack frame, 0 bytes spill stores, 0 bytes spill loads
ptxas info    : Function properties for _ZN7FieldBsI6CfgF23jE3mulEPKjS3_Pj
    0 bytes stack frame, 0 bytes spill stores, 0 bytes spill loads
ptxas info    : Compiling entry function '_Z13eccWalkKernelI6CfgF23jEv10WalkParamsIT0_E' for 'sm_100'
ptxas info    : Function properties for _Z13eccWalkKernelI6CfgF23jEv10WalkParamsIT0_E
    2096 bytes stack frame, 0 bytes spill stores, 0 bytes spill loads
ptxas info    : Used 144 registers, used 0 barriers, 2096 bytes cumulative stack size
ptxas info    : Compile time = 288.815 ms
ptxas info    : Function properties for _ZN4WalkI6CfgF23jE6sigmaJEPKjS3_Pj
    0 bytes stack frame, 0 bytes spill stores, 0 bytes spill loads
ptxas info    : Function properties for _ZN6CfgF235toOnbIjEEvPKT_PS1_
    0 bytes stack frame, 0 bytes spill stores, 0 bytes spill loads
ptxas info    : Function properties for _ZN6CfgF237hammingIjEEvPKT_PS1_
    0 bytes stack frame, 0 bytes spill stores, 0 bytes spill loads
ptxas info    : Function properties for _ZN6CfgF237mulLeafIjEEvPKT_S3_PS1_
    0 bytes stack frame, 0 bytes spill stores, 0 bytes spill loads
ptxas info    : Function properties for _ZN6CfgF238multPrepIjEEvPKT_PS1_
    0 bytes stack frame, 0 bytes spill stores, 0 bytes spill loads
ptxas info    : Function properties for _ZN6KernelI6CfgF23jE12overdueLanesEiiRK10WalkParamsIjEy
    0 bytes stack frame, 0 bytes spill stores, 0 bytes spill loads
ptxas info    : Function properties for _ZN6KernelI6CfgF23jE19handleDistinguishedEiijRK10WalkParamsIjEyPKjS7_
    0 bytes stack frame, 0 bytes spill stores, 0 bytes spill loads
ptxas info    : Function properties for _ZN6eccF235toOnbIjEEvPKT_PS1_
    0 bytes stack frame, 0 bytes spill stores, 0 bytes spill loads
ptxas info    : Function properties for _ZN6eccF237hammingIjEEvPKT_PS1_
    0 bytes stack frame, 0 bytes spill stores, 0 bytes spill loads
ptxas info    : Function properties for _ZN6eccF237mulLeafIjEEvPKT_S3_PS1_
    0 bytes stack frame, 0 bytes spill stores, 0 bytes spill loads
ptxas info    : Function properties for _ZN6eccF238multPrepIjEEvPKT_PS1_
    0 bytes stack frame, 0 bytes spill stores, 0 bytes spill loads
ptxas info    : Function properties for _ZN7FieldBsI6CfgF23jE3invEPKjPj
    0 bytes stack frame, 0 bytes spill stores, 0 bytes spill loads
ptxas info    : Function properties for _ZN7FieldBsI6CfgF23jE3mulEPKjS3_Pj
    0 bytes stack frame, 0 bytes spill stores, 0 bytes spill loads
