ptxas info    : 1792 bytes gmem
ptxas info    : Compiling entry function '_ZN12eccPacked1314walkE10WalkParamsIjEPj' for 'sm_100'
ptxas info    : Function properties for _ZN12eccPacked1314walkE10WalkParamsIjEPj
    0 bytes stack frame, 0 bytes spill stores, 0 bytes spill loads
ptxas info    : Used 118 registers, used 1 barriers
ptxas info    : Compile time = 272.189 ms
ptxas info    : Function properties for _ZN33_INTERNAL_77c3753b_7_main_cu_main12eccPacked13118sigmaInvNetwork131ENS0_4P131Ei_$_specialized_$_3
    0 bytes stack frame, 0 bytes spill stores, 0 bytes spill loads
ptxas info    : Function properties for _ZN33_INTERNAL_77c3753b_7_main_cu_main12eccPacked13118sigmaInvNetwork131ENS0_4P131Ei_$_specialized_$_4
    0 bytes stack frame, 0 bytes spill stores, 0 bytes spill loads
ptxas info    : Function properties for _ZN33_INTERNAL_77c3753b_7_main_cu_main12eccPacked13118sigmaInvNetwork131ENS0_4P131Ei_$_specialized_$_5
    0 bytes stack frame, 0 bytes spill stores, 0 bytes spill loads
ptxas info    : Function properties for _ZN33_INTERNAL_77c3753b_7_main_cu_main12eccPacked13119sigmaWalkNetwork131ENS0_4P131Ei_$_specialized_$_1
    0 bytes stack frame, 0 bytes spill stores, 0 bytes spill loads
ptxas info    : Function properties for _ZN33_INTERNAL_77c3753b_7_main_cu_main12eccPacked13119sigmaWalkNetwork131ENS0_4P131Ei_$_specialized_$_2
    0 bytes stack frame, 0 bytes spill stores, 0 bytes spill loads
ptxas info    : Function properties for _ZN33_INTERNAL_77c3753b_7_main_cu_main12eccPacked1319mulOnb131ENS0_4P131ES1_
    0 bytes stack frame, 0 bytes spill stores, 0 bytes spill loads
ptxas info    : Compiling entry function '_ZN12eccPacked1314initE10WalkParamsIjEb' for 'sm_100'
ptxas info    : Function properties for _ZN12eccPacked1314initE10WalkParamsIjEb
    0 bytes stack frame, 0 bytes spill stores, 0 bytes spill loads
ptxas info    : Used 102 registers, used 0 barriers
ptxas info    : Compile time = 117.056 ms
ptxas info    : Function properties for _ZN33_INTERNAL_77c3753b_7_main_cu_main12eccPacked13118sigmaInvNetwork131ENS0_4P131Ei_$_specialized_$_3
    0 bytes stack frame, 0 bytes spill stores, 0 bytes spill loads
ptxas info    : Function properties for _ZN33_INTERNAL_77c3753b_7_main_cu_main12eccPacked13118sigmaInvNetwork131ENS0_4P131Ei_$_specialized_$_4
    0 bytes stack frame, 0 bytes spill stores, 0 bytes spill loads
ptxas info    : Function properties for _ZN33_INTERNAL_77c3753b_7_main_cu_main12eccPacked13118sigmaInvNetwork131ENS0_4P131Ei_$_specialized_$_5
    0 bytes stack frame, 0 bytes spill stores, 0 bytes spill loads
ptxas info    : Function properties for _ZN33_INTERNAL_77c3753b_7_main_cu_main12eccPacked13119sigmaWalkNetwork131ENS0_4P131Ei_$_specialized_$_1
    0 bytes stack frame, 0 bytes spill stores, 0 bytes spill loads
ptxas info    : Function properties for _ZN33_INTERNAL_77c3753b_7_main_cu_main12eccPacked13119sigmaWalkNetwork131ENS0_4P131Ei_$_specialized_$_2
    0 bytes stack frame, 0 bytes spill stores, 0 bytes spill loads
ptxas info    : Function properties for _ZN33_INTERNAL_77c3753b_7_main_cu_main12eccPacked1316mul131ENS0_4P131ES1_
    0 bytes stack frame, 0 bytes spill stores, 0 bytes spill loads
ptxas info    : Function properties for _ZN33_INTERNAL_77c3753b_7_main_cu_main12eccPacked1319mulOnb131ENS0_4P131ES1_
    0 bytes stack frame, 0 bytes spill stores, 0 bytes spill loads
ptxas info    : Compiling entry function '_Z15eccReseedKernelI6CfgP97jEv10WalkParamsIT0_E' for 'sm_100'
ptxas info    : Function properties for _Z15eccReseedKernelI6CfgP97jEv10WalkParamsIT0_E
    14576 bytes stack frame, 28 bytes spill stores, 60 bytes spill loads
ptxas info    : Used 128 registers, used 0 barriers, 14576 bytes cumulative stack size
ptxas info    : Compile time = 2413.284 ms
ptxas info    : Function properties for _ZN4WalkI6CfgP97jE10startPointEPKyRK11CurveConstsPjS7_
    0 bytes stack frame, 2432 bytes spill stores, 2448 bytes spill loads
ptxas info    : Function properties for _ZN4WalkI6CfgP97jE11reseedLanesEjPyRK11CurveConstsPjS6_
    0 bytes stack frame, 12 bytes spill stores, 4 bytes spill loads
ptxas info    : Function properties for _ZN4WalkI6CfgP97jE8pointAddEPKjS3_S3_S3_PjS4_
    0 bytes stack frame, 1156 bytes spill stores, 1164 bytes spill loads
ptxas info    : Function properties for _ZN6CfgP973sqrIjEEvPKT_PS1_
    0 bytes stack frame, 0 bytes spill stores, 0 bytes spill loads
ptxas info    : Function properties for _ZN6CfgP976reduceIjEEvPKT_PS1_
    0 bytes stack frame, 0 bytes spill stores, 8 bytes spill loads
ptxas info    : Function properties for _ZN6CfgP977mulLeafIjEEvPKT_S3_PS1_
    0 bytes stack frame, 0 bytes spill stores, 4 bytes spill loads
ptxas info    : Function properties for _ZN6eccP973sqrIjEEvPKT_PS1_
    0 bytes stack frame, 0 bytes spill stores, 0 bytes spill loads
ptxas info    : Function properties for _ZN6eccP976reduceIjEEvPKT_PS1_
    0 bytes stack frame, 0 bytes spill stores, 0 bytes spill loads
ptxas info    : Function properties for _ZN6eccP977mulLeafIjEEvPKT_S3_PS1_
    0 bytes stack frame, 336 bytes spill stores, 340 bytes spill loads
ptxas info    : Function properties for _ZN7FieldPbI6CfgP97jE3invEPKjPj
    0 bytes stack frame, 0 bytes spill stores, 0 bytes spill loads
ptxas info    : Function properties for _ZN7FieldPbI6CfgP97jE3mulEPKjS3_Pj
    0 bytes stack frame, 160 bytes spill stores, 168 bytes spill loads
ptxas info    : Compiling entry function '_Z13eccInitKernelI6CfgP97jEv10WalkParamsIT0_E' for 'sm_100'
ptxas info    : Function properties for _Z13eccInitKernelI6CfgP97jEv10WalkParamsIT0_E
    13632 bytes stack frame, 20 bytes spill stores, 36 bytes spill loads
ptxas info    : Used 128 registers, used 0 barriers, 13632 bytes cumulative stack size
ptxas info    : Compile time = 2198.947 ms
ptxas info    : Function properties for _ZN4WalkI6CfgP97jE10startPointEPKyRK11CurveConstsPjS7_
    0 bytes stack frame, 2412 bytes spill stores, 2416 bytes spill loads
ptxas info    : Function properties for _ZN4WalkI6CfgP97jE8pointAddEPKjS3_S3_S3_PjS4_
    0 bytes stack frame, 1168 bytes spill stores, 1168 bytes spill loads
ptxas info    : Function properties for _ZN6CfgP973sqrIjEEvPKT_PS1_
    0 bytes stack frame, 0 bytes spill stores, 0 bytes spill loads
ptxas info    : Function properties for _ZN6CfgP976reduceIjEEvPKT_PS1_
    0 bytes stack frame, 0 bytes spill stores, 0 bytes spill loads
ptxas info    : Function properties for _ZN6CfgP977mulLeafIjEEvPKT_S3_PS1_
    0 bytes stack frame, 0 bytes spill stores, 4 bytes spill loads
ptxas info    : Function properties for _ZN6eccP973sqrIjEEvPKT_PS1_
    0 bytes stack frame, 0 bytes spill stores, 0 bytes spill loads
ptxas info    : Function properties for _ZN6eccP976reduceIjEEvPKT_PS1_
    0 bytes stack frame, 0 bytes spill stores, 0 bytes spill loads
ptxas info    : Function properties for _ZN6eccP977mulLeafIjEEvPKT_S3_PS1_
    0 bytes stack frame, 236 bytes spill stores, 236 bytes spill loads
ptxas info    : Function properties for _ZN7FieldPbI6CfgP97jE3invEPKjPj
    0 bytes stack frame, 0 bytes spill stores, 0 bytes spill loads
ptxas info    : Function properties for _ZN7FieldPbI6CfgP97jE3mulEPKjS3_Pj
    0 bytes stack frame, 120 bytes spill stores, 140 bytes spill loads
ptxas info    : Compiling entry function '_Z13eccWalkKernelI6CfgP97jEv10WalkParamsIT0_E' for 'sm_100'
ptxas info    : Function properties for _Z13eccWalkKernelI6CfgP97jEv10WalkParamsIT0_E
    10640 bytes stack frame, 432 bytes spill stores, 420 bytes spill loads
ptxas info    : Used 128 registers, used 0 barriers, 10640 bytes cumulative stack size
ptxas info    : Compile time = 1912.820 ms
ptxas info    : Function properties for _ZN4WalkI6CfgP97jE6sigmaJEPKjS3_Pj
    0 bytes stack frame, 324 bytes spill stores, 328 bytes spill loads
ptxas info    : Function properties for _ZN6CfgP973sqrIjEEvPKT_PS1_
    0 bytes stack frame, 0 bytes spill stores, 0 bytes spill loads
ptxas info    : Function properties for _ZN6CfgP976reduceIjEEvPKT_PS1_
    0 bytes stack frame, 0 bytes spill stores, 8 bytes spill loads
ptxas info    : Function properties for _ZN6CfgP977hammingIjEEvPKT_PS1_
    0 bytes stack frame, 0 bytes spill stores, 0 bytes spill loads
ptxas info    : Function properties for _ZN6CfgP977mulLeafIjEEvPKT_S3_PS1_
    0 bytes stack frame, 0 bytes spill stores, 0 bytes spill loads
ptxas info    : Function properties for _ZN6KernelI6CfgP97jE12overdueLanesEiiRK10WalkParamsIjEy
    0 bytes stack frame, 0 bytes spill stores, 0 bytes spill loads
ptxas info    : Function properties for _ZN6KernelI6CfgP97jE19handleDistinguishedEiijRK10WalkParamsIjEyPKjS7_
    0 bytes stack frame, 0 bytes spill stores, 0 bytes spill loads
ptxas info    : Function properties for _ZN6eccP973sqrIjEEvPKT_PS1_
    0 bytes stack frame, 0 bytes spill stores, 0 bytes spill loads
ptxas info    : Function properties for _ZN6eccP976reduceIjEEvPKT_PS1_
    0 bytes stack frame, 0 bytes spill stores, 0 bytes spill loads
ptxas info    : Function properties for _ZN6eccP977hammingIjEEvPKT_PS1_
    0 bytes stack frame, 1628 bytes spill stores, 1664 bytes spill loads
ptxas info    : Function properties for _ZN6eccP977mulLeafIjEEvPKT_S3_PS1_
    0 bytes stack frame, 280 bytes spill stores, 284 bytes spill loads
ptxas info    : Function properties for _ZN7FieldPbI6CfgP97jE3invEPKjPj
    0 bytes stack frame, 0 bytes spill stores, 0 bytes spill loads
ptxas info    : Function properties for _ZN7FieldPbI6CfgP97jE3mulEPKjS3_Pj
    0 bytes stack frame, 172 bytes spill stores, 168 bytes spill loads
ptxas info    : Compiling entry function '_Z15eccReseedKernelI6CfgP41jEv10WalkParamsIT0_E' for 'sm_100'
ptxas info    : Function properties for _Z15eccReseedKernelI6CfgP41jEv10WalkParamsIT0_E
    7056 bytes stack frame, 28 bytes spill stores, 60 bytes spill loads
ptxas info    : Used 128 registers, used 0 barriers, 7056 bytes cumulative stack size
ptxas info    : Compile time = 883.193 ms
ptxas info    : Function properties for _ZN4WalkI6CfgP41jE10startPointEPKyRK11CurveConstsPjS7_
    0 bytes stack frame, 2428 bytes spill stores, 2444 bytes spill loads
ptxas info    : Function properties for _ZN4WalkI6CfgP41jE11reseedLanesEjPyRK11CurveConstsPjS6_
    0 bytes stack frame, 12 bytes spill stores, 4 bytes spill loads
ptxas info    : Function properties for _ZN4WalkI6CfgP41jE8pointAddEPKjS3_S3_S3_PjS4_
    0 bytes stack frame, 204 bytes spill stores, 212 bytes spill loads
ptxas info    : Function properties for _ZN6CfgP413sqrIjEEvPKT_PS1_
    0 bytes stack frame, 0 bytes spill stores, 0 bytes spill loads
ptxas info    : Function properties for _ZN6CfgP416reduceIjEEvPKT_PS1_
    0 bytes stack frame, 0 bytes spill stores, 8 bytes spill loads
ptxas info    : Function properties for _ZN6CfgP417mulLeafIjEEvPKT_S3_PS1_
    0 bytes stack frame, 0 bytes spill stores, 4 bytes spill loads
ptxas info    : Function properties for _ZN6eccP413sqrIjEEvPKT_PS1_
    0 bytes stack frame, 0 bytes spill stores, 0 bytes spill loads
ptxas info    : Function properties for _ZN6eccP416reduceIjEEvPKT_PS1_
    0 bytes stack frame, 0 bytes spill stores, 0 bytes spill loads
ptxas info    : Function properties for _ZN6eccP417mulLeafIjEEvPKT_S3_PS1_
    0 bytes stack frame, 404 bytes spill stores, 472 bytes spill loads
ptxas info    : Function properties for _ZN7FieldPbI6CfgP41jE3invEPKjPj
    0 bytes stack frame, 0 bytes spill stores, 0 bytes spill loads
ptxas info    : Function properties for _ZN7FieldPbI6CfgP41jE3mulEPKjS3_Pj
    0 bytes stack frame, 8 bytes spill stores, 0 bytes spill loads
ptxas info    : Compiling entry function '_Z13eccInitKernelI6CfgP41jEv10WalkParamsIT0_E' for 'sm_100'
ptxas info    : Function properties for _Z13eccInitKernelI6CfgP41jEv10WalkParamsIT0_E
    6688 bytes stack frame, 20 bytes spill stores, 36 bytes spill loads
ptxas info    : Used 128 registers, used 0 barriers, 6688 bytes cumulative stack size
ptxas info    : Compile time = 846.541 ms
ptxas info    : Function properties for _ZN4WalkI6CfgP41jE10startPointEPKyRK11CurveConstsPjS7_
    0 bytes stack frame, 2412 bytes spill stores, 2416 bytes spill loads
ptxas info    : Function properties for _ZN4WalkI6CfgP41jE8pointAddEPKjS3_S3_S3_PjS4_
    0 bytes stack frame, 168 bytes spill stores, 168 bytes spill loads
ptxas info    : Function properties for _ZN6CfgP413sqrIjEEvPKT_PS1_
    0 bytes stack frame, 0 bytes spill stores, 0 bytes spill loads
ptxas info    : Function properties for _ZN6CfgP416reduceIjEEvPKT_PS1_
    0 bytes stack frame, 0 bytes spill stores, 0 bytes spill loads
ptxas info    : Function properties for _ZN6CfgP417mulLeafIjEEvPKT_S3_PS1_
    0 bytes stack frame, 0 bytes spill stores, 0 bytes spill loads
ptxas info    : Function properties for _ZN6eccP413sqrIjEEvPKT_PS1_
    0 bytes stack frame, 0 bytes spill stores, 0 bytes spill loads
ptxas info    : Function properties for _ZN6eccP416reduceIjEEvPKT_PS1_
    0 bytes stack frame, 0 bytes spill stores, 0 bytes spill loads
ptxas info    : Function properties for _ZN6eccP417mulLeafIjEEvPKT_S3_PS1_
    0 bytes stack frame, 372 bytes spill stores, 472 bytes spill loads
ptxas info    : Function properties for _ZN7FieldPbI6CfgP41jE3invEPKjPj
    0 bytes stack frame, 0 bytes spill stores, 0 bytes spill loads
ptxas info    : Function properties for _ZN7FieldPbI6CfgP41jE3mulEPKjS3_Pj
    0 bytes stack frame, 0 bytes spill stores, 0 bytes spill loads
ptxas info    : Compiling entry function '_Z13eccWalkKernelI6CfgP41jEv10WalkParamsIT0_E' for 'sm_100'
ptxas info    : Function properties for _Z13eccWalkKernelI6CfgP41jEv10WalkParamsIT0_E
    3520 bytes stack frame, 244 bytes spill stores, 244 bytes spill loads
ptxas info    : Used 128 registers, used 0 barriers, 3520 bytes cumulative stack size
ptxas info    : Compile time = 684.007 ms
ptxas info    : Function properties for _ZN4WalkI6CfgP41jE6sigmaJEPKjS3_Pj
    0 bytes stack frame, 0 bytes spill stores, 0 bytes spill loads
ptxas info    : Function properties for _ZN6CfgP413sqrIjEEvPKT_PS1_
    0 bytes stack frame, 0 bytes spill stores, 0 bytes spill loads
ptxas info    : Function properties for _ZN6CfgP416reduceIjEEvPKT_PS1_
    0 bytes stack frame, 0 bytes spill stores, 8 bytes spill loads
ptxas info    : Function properties for _ZN6CfgP417hammingIjEEvPKT_PS1_
    0 bytes stack frame, 0 bytes spill stores, 0 bytes spill loads
ptxas info    : Function properties for _ZN6CfgP417mulLeafIjEEvPKT_S3_PS1_
    0 bytes stack frame, 0 bytes spill stores, 4 bytes spill loads
ptxas info    : Function properties for _ZN6KernelI6CfgP41jE12overdueLanesEiiRK10WalkParamsIjEy
    0 bytes stack frame, 0 bytes spill stores, 0 bytes spill loads
ptxas info    : Function properties for _ZN6KernelI6CfgP41jE19handleDistinguishedEiijRK10WalkParamsIjEyPKjS7_
    0 bytes stack frame, 0 bytes spill stores, 0 bytes spill loads
ptxas info    : Function properties for _ZN6eccP413sqrIjEEvPKT_PS1_
    0 bytes stack frame, 0 bytes spill stores, 0 bytes spill loads
ptxas info    : Function properties for _ZN6eccP416reduceIjEEvPKT_PS1_
    0 bytes stack frame, 0 bytes spill stores, 0 bytes spill loads
ptxas info    : Function properties for _ZN6eccP417hammingIjEEvPKT_PS1_
    0 bytes stack frame, 0 bytes spill stores, 0 bytes spill loads
ptxas info    : Function properties for _ZN6eccP417mulLeafIjEEvPKT_S3_PS1_
    0 bytes stack frame, 204 bytes spill stores, 204 bytes spill loads
ptxas info    : Function properties for _ZN7FieldPbI6CfgP41jE3invEPKjPj
    0 bytes stack frame, 0 bytes spill stores, 0 bytes spill loads
ptxas info    : Function properties for _ZN7FieldPbI6CfgP41jE3mulEPKjS3_Pj
    0 bytes stack frame, 8 bytes spill stores, 0 bytes spill loads
ptxas info    : Compiling entry function '_Z15eccReseedKernelI6CfgP19jEv10WalkParamsIT0_E' for 'sm_100'
ptxas info    : Function properties for _Z15eccReseedKernelI6CfgP19jEv10WalkParamsIT0_E
    5184 bytes stack frame, 28 bytes spill stores, 60 bytes spill loads
ptxas info    : Used 128 registers, used 0 barriers, 5184 bytes cumulative stack size
ptxas info    : Compile time = 405.864 ms
ptxas info    : Function properties for _ZN4WalkI6CfgP19jE10startPointEPKyRK11CurveConstsPjS7_
    0 bytes stack frame, 2408 bytes spill stores, 2424 bytes spill loads
ptxas info    : Function properties for _ZN4WalkI6CfgP19jE11reseedLanesEjPyRK11CurveConstsPjS6_
    0 bytes stack frame, 12 bytes spill stores, 4 bytes spill loads
ptxas info    : Function properties for _ZN4WalkI6CfgP19jE8pointAddEPKjS3_S3_S3_PjS4_
    0 bytes stack frame, 0 bytes spill stores, 0 bytes spill loads
ptxas info    : Function properties for _ZN6CfgP193sqrIjEEvPKT_PS1_
    0 bytes stack frame, 0 bytes spill stores, 0 bytes spill loads
ptxas info    : Function properties for _ZN6CfgP196reduceIjEEvPKT_PS1_
    0 bytes stack frame, 0 bytes spill stores, 0 bytes spill loads
ptxas info    : Function properties for _ZN6CfgP197mulLeafIjEEvPKT_S3_PS1_
    0 bytes stack frame, 0 bytes spill stores, 0 bytes spill loads
ptxas info    : Function properties for _ZN6eccP193sqrIjEEvPKT_PS1_
    0 bytes stack frame, 0 bytes spill stores, 0 bytes spill loads
ptxas info    : Function properties for _ZN6eccP196reduceIjEEvPKT_PS1_
    0 bytes stack frame, 0 bytes spill stores, 0 bytes spill loads
ptxas info    : Function properties for _ZN6eccP197mulLeafIjEEvPKT_S3_PS1_
    0 bytes stack frame, 0 bytes spill stores, 0 bytes spill loads
ptxas info    : Function properties for _ZN7FieldPbI6CfgP19jE3invEPKjPj
    0 bytes stack frame, 0 bytes spill stores, 0 bytes spill loads
ptxas info    : Function properties for _ZN7FieldPbI6CfgP19jE3mulEPKjS3_Pj
    0 bytes stack frame, 0 bytes spill stores, 0 bytes spill loads
ptxas info    : Compiling entry function '_Z13eccInitKernelI6CfgP19jEv10WalkParamsIT0_E' for 'sm_100'
ptxas info    : Function properties for _Z13eccInitKernelI6CfgP19jEv10WalkParamsIT0_E
    4992 bytes stack frame, 20 bytes spill stores, 36 bytes spill loads
ptxas info    : Used 128 registers, used 0 barriers, 4992 bytes cumulative stack size
ptxas info    : Compile time = 414.860 ms
ptxas info    : Function properties for _ZN4WalkI6CfgP19jE10startPointEPKyRK11CurveConstsPjS7_
    0 bytes stack frame, 2412 bytes spill stores, 2416 bytes spill loads
ptxas info    : Function properties for _ZN4WalkI6CfgP19jE8pointAddEPKjS3_S3_S3_PjS4_
    0 bytes stack frame, 0 bytes spill stores, 0 bytes spill loads
ptxas info    : Function properties for _ZN6CfgP193sqrIjEEvPKT_PS1_
    0 bytes stack frame, 0 bytes spill stores, 0 bytes spill loads
ptxas info    : Function properties for _ZN6CfgP196reduceIjEEvPKT_PS1_
    0 bytes stack frame, 0 bytes spill stores, 0 bytes spill loads
ptxas info    : Function properties for _ZN6CfgP197mulLeafIjEEvPKT_S3_PS1_
    0 bytes stack frame, 0 bytes spill stores, 0 bytes spill loads
ptxas info    : Function properties for _ZN6eccP193sqrIjEEvPKT_PS1_
    0 bytes stack frame, 0 bytes spill stores, 0 bytes spill loads
ptxas info    : Function properties for _ZN6eccP196reduceIjEEvPKT_PS1_
    0 bytes stack frame, 0 bytes spill stores, 0 bytes spill loads
ptxas info    : Function properties for _ZN6eccP197mulLeafIjEEvPKT_S3_PS1_
    0 bytes stack frame, 0 bytes spill stores, 0 bytes spill loads
ptxas info    : Function properties for _ZN7FieldPbI6CfgP19jE3invEPKjPj
    0 bytes stack frame, 0 bytes spill stores, 0 bytes spill loads
ptxas info    : Function properties for _ZN7FieldPbI6CfgP19jE3mulEPKjS3_Pj
    0 bytes stack frame, 0 bytes spill stores, 0 bytes spill loads
ptxas info    : Compiling entry function '_Z13eccWalkKernelI6CfgP19jEv10WalkParamsIT0_E' for 'sm_100'
ptxas info    : Function properties for _Z13eccWalkKernelI6CfgP19jEv10WalkParamsIT0_E
    1728 bytes stack frame, 0 bytes spill stores, 0 bytes spill loads
ptxas info    : Used 115 registers, used 0 barriers, 1728 bytes cumulative stack size
ptxas info    : Compile time = 235.856 ms
ptxas info    : Function properties for _ZN4WalkI6CfgP19jE6sigmaJEPKjS3_Pj
    0 bytes stack frame, 0 bytes spill stores, 0 bytes spill loads
ptxas info    : Function properties for _ZN6CfgP193sqrIjEEvPKT_PS1_
    0 bytes stack frame, 0 bytes spill stores, 0 bytes spill loads
ptxas info    : Function properties for _ZN6CfgP196reduceIjEEvPKT_PS1_
    0 bytes stack frame, 0 bytes spill stores, 0 bytes spill loads
ptxas info    : Function properties for _ZN6CfgP197hammingIjEEvPKT_PS1_
    0 bytes stack frame, 0 bytes spill stores, 0 bytes spill loads
ptxas info    : Function properties for _ZN6CfgP197mulLeafIjEEvPKT_S3_PS1_
    0 bytes stack frame, 0 bytes spill stores, 0 bytes spill loads
ptxas info    : Function properties for _ZN6KernelI6CfgP19jE12overdueLanesEiiRK10WalkParamsIjEy
    0 bytes stack frame, 0 bytes spill stores, 0 bytes spill loads
ptxas info    : Function properties for _ZN6KernelI6CfgP19jE19handleDistinguishedEiijRK10WalkParamsIjEyPKjS7_
    0 bytes stack frame, 0 bytes spill stores, 0 bytes spill loads
ptxas info    : Function properties for _ZN6eccP193sqrIjEEvPKT_PS1_
    0 bytes stack frame, 0 bytes spill stores, 0 bytes spill loads
ptxas info    : Function properties for _ZN6eccP196reduceIjEEvPKT_PS1_
    0 bytes stack frame, 0 bytes spill stores, 0 bytes spill loads
ptxas info    : Function properties for _ZN6eccP197hammingIjEEvPKT_PS1_
    0 bytes stack frame, 0 bytes spill stores, 0 bytes spill loads
ptxas info    : Function properties for _ZN6eccP197mulLeafIjEEvPKT_S3_PS1_
    0 bytes stack frame, 0 bytes spill stores, 0 bytes spill loads
ptxas info    : Function properties for _ZN7FieldPbI6CfgP19jE3invEPKjPj
    0 bytes stack frame, 0 bytes spill stores, 0 bytes spill loads
ptxas info    : Function properties for _ZN7FieldPbI6CfgP19jE3mulEPKjS3_Pj
    0 bytes stack frame, 0 bytes spill stores, 0 bytes spill loads
ptxas info    : Compiling entry function '_Z15eccReseedKernelI6CfgP13jEv10WalkParamsIT0_E' for 'sm_100'
ptxas info    : Function properties for _Z15eccReseedKernelI6CfgP13jEv10WalkParamsIT0_E
    4816 bytes stack frame, 256 bytes spill stores, 256 bytes spill loads
ptxas info    : Used 128 registers, used 0 barriers, 4816 bytes cumulative stack size
ptxas info    : Compile time = 333.559 ms
ptxas info    : Function properties for _ZN4WalkI6CfgP13jE10startPointEPKyRK11CurveConstsPjS7_
    0 bytes stack frame, 2520 bytes spill stores, 2536 bytes spill loads
ptxas info    : Function properties for _ZN4WalkI6CfgP13jE11reseedLanesEjPyRK11CurveConstsPjS6_
    0 bytes stack frame, 12 bytes spill stores, 4 bytes spill loads
ptxas info    : Function properties for _ZN4WalkI6CfgP13jE8pointAddEPKjS3_S3_S3_PjS4_
    0 bytes stack frame, 0 bytes spill stores, 0 bytes spill loads
ptxas info    : Function properties for _ZN6CfgP133sqrIjEEvPKT_PS1_
    0 bytes stack frame, 0 bytes spill stores, 0 bytes spill loads
ptxas info    : Function properties for _ZN6CfgP136reduceIjEEvPKT_PS1_
    0 bytes stack frame, 0 bytes spill stores, 0 bytes spill loads
ptxas info    : Function properties for _ZN6CfgP137mulLeafIjEEvPKT_S3_PS1_
    0 bytes stack frame, 0 bytes spill stores, 0 bytes spill loads
ptxas info    : Function properties for _ZN6eccP133sqrIjEEvPKT_PS1_
    0 bytes stack frame, 0 bytes spill stores, 0 bytes spill loads
ptxas info    : Function properties for _ZN6eccP136reduceIjEEvPKT_PS1_
    0 bytes stack frame, 0 bytes spill stores, 0 bytes spill loads
ptxas info    : Function properties for _ZN6eccP137mulLeafIjEEvPKT_S3_PS1_
    0 bytes stack frame, 0 bytes spill stores, 0 bytes spill loads
ptxas info    : Function properties for _ZN7FieldPbI6CfgP13jE3invEPKjPj
    0 bytes stack frame, 0 bytes spill stores, 0 bytes spill loads
ptxas info    : Function properties for _ZN7FieldPbI6CfgP13jE3mulEPKjS3_Pj
    0 bytes stack frame, 0 bytes spill stores, 0 bytes spill loads
ptxas info    : Compiling entry function '_Z13eccInitKernelI6CfgP13jEv10WalkParamsIT0_E' for 'sm_100'
ptxas info    : Function properties for _Z13eccInitKernelI6CfgP13jEv10WalkParamsIT0_E
    4512 bytes stack frame, 164 bytes spill stores, 140 bytes spill loads
ptxas info    : Used 128 registers, used 0 barriers, 4512 bytes cumulative stack size
ptxas info    : Compile time = 311.636 ms
ptxas info    : Function properties for _ZN4WalkI6CfgP13jE10startPointEPKyRK11CurveConstsPjS7_
    0 bytes stack frame, 2408 bytes spill stores, 2412 bytes spill loads
ptxas info    : Function properties for _ZN4WalkI6CfgP13jE8pointAddEPKjS3_S3_S3_PjS4_
    0 bytes stack frame, 0 bytes spill stores, 0 bytes spill loads
ptxas info    : Function properties for _ZN6CfgP133sqrIjEEvPKT_PS1_
    0 bytes stack frame, 0 bytes spill stores, 0 bytes spill loads
ptxas info    : Function properties for _ZN6CfgP136reduceIjEEvPKT_PS1_
    0 bytes stack frame, 0 bytes spill stores, 0 bytes spill loads
ptxas info    : Function properties for _ZN6CfgP137mulLeafIjEEvPKT_S3_PS1_
    0 bytes stack frame, 0 bytes spill stores, 0 bytes spill loads
ptxas info    : Function properties for _ZN6eccP133sqrIjEEvPKT_PS1_
    0 bytes stack frame, 0 bytes spill stores, 0 bytes spill loads
ptxas info    : Function properties for _ZN6eccP136reduceIjEEvPKT_PS1_
    0 bytes stack frame, 0 bytes spill stores, 0 bytes spill loads
ptxas info    : Function properties for _ZN6eccP137mulLeafIjEEvPKT_S3_PS1_
    0 bytes stack frame, 0 bytes spill stores, 0 bytes spill loads
ptxas info    : Function properties for _ZN7FieldPbI6CfgP13jE3invEPKjPj
    0 bytes stack frame, 0 bytes spill stores, 0 bytes spill loads
ptxas info    : Function properties for _ZN7FieldPbI6CfgP13jE3mulEPKjS3_Pj
    0 bytes stack frame, 0 bytes spill stores, 0 bytes spill loads
ptxas info    : Compiling entry function '_Z13eccWalkKernelI6CfgP13jEv10WalkParamsIT0_E' for 'sm_100'
ptxas info    : Function properties for _Z13eccWalkKernelI6CfgP13jEv10WalkParamsIT0_E
    1280 bytes stack frame, 0 bytes spill stores, 0 bytes spill loads
ptxas info    : Used 118 registers, used 0 barriers, 1280 bytes cumulative stack size
ptxas info    : Compile time = 140.591 ms
ptxas info    : Function properties for _ZN4WalkI6CfgP13jE6sigmaJEPKjS3_Pj
    0 bytes stack frame, 0 bytes spill stores, 0 bytes spill loads
ptxas info    : Function properties for _ZN6CfgP133sqrIjEEvPKT_PS1_
    0 bytes stack frame, 0 bytes spill stores, 0 bytes spill loads
ptxas info    : Function properties for _ZN6CfgP136reduceIjEEvPKT_PS1_
    0 bytes stack frame, 0 bytes spill stores, 0 bytes spill loads
ptxas info    : Function properties for _ZN6CfgP137hammingIjEEvPKT_PS1_
    0 bytes stack frame, 0 bytes spill stores, 0 bytes spill loads
ptxas info    : Function properties for _ZN6CfgP137mulLeafIjEEvPKT_S3_PS1_
    0 bytes stack frame, 0 bytes spill stores, 0 bytes spill loads
ptxas info    : Function properties for _ZN6KernelI6CfgP13jE12overdueLanesEiiRK10WalkParamsIjEy
    0 bytes stack frame, 0 bytes spill stores, 0 bytes spill loads
ptxas info    : Function properties for _ZN6KernelI6CfgP13jE19handleDistinguishedEiijRK10WalkParamsIjEyPKjS7_
    0 bytes stack frame, 0 bytes spill stores, 0 bytes spill loads
ptxas info    : Function properties for _ZN6eccP133sqrIjEEvPKT_PS1_
    0 bytes stack frame, 0 bytes spill stores, 0 bytes spill loads
ptxas info    : Function properties for _ZN6eccP136reduceIjEEvPKT_PS1_
    0 bytes stack frame, 0 bytes spill stores, 0 bytes spill loads
ptxas info    : Function properties for _ZN6eccP137hammingIjEEvPKT_PS1_
    0 bytes stack frame, 0 bytes spill stores, 0 bytes spill loads
ptxas info    : Function properties for _ZN6eccP137mulLeafIjEEvPKT_S3_PS1_
    0 bytes stack frame, 0 bytes spill stores, 0 bytes spill loads
ptxas info    : Function properties for _ZN7FieldPbI6CfgP13jE3invEPKjPj
    0 bytes stack frame, 0 bytes spill stores, 0 bytes spill loads
ptxas info    : Function properties for _ZN7FieldPbI6CfgP13jE3mulEPKjS3_Pj
    0 bytes stack frame, 0 bytes spill stores, 0 bytes spill loads
ptxas info    : Compiling entry function '_Z15eccReseedKernelI7CfgF131jEv10WalkParamsIT0_E' for 'sm_100'
ptxas info    : Function properties for _Z15eccReseedKernelI7CfgF131jEv10WalkParamsIT0_E
    17088 bytes stack frame, 28 bytes spill stores, 60 bytes spill loads
ptxas info    : Used 128 registers, used 0 barriers, 17088 bytes cumulative stack size
ptxas info    : Compile time = 2983.406 ms
ptxas info    : Function properties for _ZN4WalkI7CfgF131jE10startPointEPKyRK11CurveConstsPjS7_
    0 bytes stack frame, 2444 bytes spill stores, 2464 bytes spill loads
ptxas info    : Function properties for _ZN4WalkI7CfgF131jE11reseedLanesEjPyRK11CurveConstsPjS6_
    0 bytes stack frame, 12 bytes spill stores, 4 bytes spill loads
ptxas info    : Function properties for _ZN4WalkI7CfgF131jE8pointAddEPKjS3_S3_S3_PjS4_
    0 bytes stack frame, 796 bytes spill stores, 984 bytes spill loads
ptxas info    : Function properties for _ZN7CfgF1315toOnbIjEEvPKT_PS1_
    0 bytes stack frame, 0 bytes spill stores, 8 bytes spill loads
ptxas info    : Function properties for _ZN7CfgF1317mulLeafIjEEvPKT_S3_PS1_
    0 bytes stack frame, 0 bytes spill stores, 4 bytes spill loads
ptxas info    : Function properties for _ZN7CfgF1318multPrepIjEEvPKT_PS1_
    0 bytes stack frame, 0 bytes spill stores, 0 bytes spill loads
ptxas info    : Function properties for _ZN7FieldBsI7CfgF131jE3invEPKjPj
    0 bytes stack frame, 20 bytes spill stores, 8 bytes spill loads
ptxas info    : Function properties for _ZN7FieldBsI7CfgF131jE3mulEPKjS3_Pj
    0 bytes stack frame, 164 bytes spill stores, 152 bytes spill loads
ptxas info    : Function properties for _ZN7eccF1315toOnbIjEEvPKT_PS1_
    0 bytes stack frame, 0 bytes spill stores, 0 bytes spill loads
ptxas info    : Function properties for _ZN7eccF1317mulLeafIjEEvPKT_S3_PS1_
    0 bytes stack frame, 2280 bytes spill stores, 2964 bytes spill loads
ptxas info    : Function properties for _ZN7eccF1318multPrepIjEEvPKT_PS1_
    0 bytes stack frame, 0 bytes spill stores, 0 bytes spill loads
ptxas info    : Compiling entry function '_Z13eccInitKernelI7CfgF131jEv10WalkParamsIT0_E' for 'sm_100'
ptxas info    : Function properties for _Z13eccInitKernelI7CfgF131jEv10WalkParamsIT0_E
    16208 bytes stack frame, 20 bytes spill stores, 36 bytes spill loads
ptxas info    : Used 128 registers, used 0 barriers, 16208 bytes cumulative stack size
ptxas info    : Compile time = 2738.060 ms
ptxas info    : Function properties for _ZN4WalkI7CfgF131jE10startPointEPKyRK11CurveConstsPjS7_
    0 bytes stack frame, 2412 bytes spill stores, 2416 bytes spill loads
ptxas info    : Function properties for _ZN4WalkI7CfgF131jE8pointAddEPKjS3_S3_S3_PjS4_
    0 bytes stack frame, 788 bytes spill stores, 968 bytes spill loads
ptxas info    : Function properties for _ZN7CfgF1315toOnbIjEEvPKT_PS1_
    0 bytes stack frame, 0 bytes spill stores, 0 bytes spill loads
ptxas info    : Function properties for _ZN7CfgF1317mulLeafIjEEvPKT_S3_PS1_
    0 bytes stack frame, 0 bytes spill stores, 4 bytes spill loads
ptxas info    : Function properties for _ZN7CfgF1318multPrepIjEEvPKT_PS1_
    0 bytes stack frame, 0 bytes spill stores, 0 bytes spill loads
ptxas info    : Function properties for _ZN7FieldBsI7CfgF131jE3invEPKjPj
    0 bytes stack frame, 8 bytes spill stores, 0 bytes spill loads
ptxas info    : Function properties for _ZN7FieldBsI7CfgF131jE3mulEPKjS3_Pj
    0 bytes stack frame, 132 bytes spill stores, 124 bytes spill loads
ptxas info    : Function properties for _ZN7eccF1315toOnbIjEEvPKT_PS1_
    0 bytes stack frame, 0 bytes spill stores, 0 bytes spill loads
ptxas info    : Function properties for _ZN7eccF1317mulLeafIjEEvPKT_S3_PS1_
    0 bytes stack frame, 2532 bytes spill stores, 3220 bytes spill loads
ptxas info    : Function properties for _ZN7eccF1318multPrepIjEEvPKT_PS1_
    0 bytes stack frame, 0 bytes spill stores, 0 bytes spill loads
ptxas info    : Compiling entry function '_Z13eccWalkKernelI7CfgF131jEv10WalkParamsIT0_E' for 'sm_100'
ptxas info    : Function properties for _Z13eccWalkKernelI7CfgF131jEv10WalkParamsIT0_E
    13600 bytes stack frame, 48 bytes spill stores, 16 bytes spill loads
ptxas info    : Used 128 registers, used 0 barriers, 13600 bytes cumulative stack size
ptxas info    : Compile time = 1720.499 ms
ptxas info    : Function properties for _ZN4WalkI7CfgF131jE6sigmaJEPKjS3_Pj
    0 bytes stack frame, 192 bytes spill stores, 196 bytes spill loads
ptxas info    : Function properties for _ZN6KernelI7CfgF131jE12overdueLanesEiiRK10WalkParamsIjEy
    0 bytes stack frame, 0 bytes spill stores, 0 bytes spill loads
ptxas info    : Function properties for _ZN6KernelI7CfgF131jE19handleDistinguishedEiijRK10WalkParamsIjEyPKjS7_
    0 bytes stack frame, 0 bytes spill stores, 0 bytes spill loads
ptxas info    : Function properties for _ZN7CfgF1315toOnbIjEEvPKT_PS1_
    0 bytes stack frame, 0 bytes spill stores, 8 bytes spill loads
ptxas info    : Function properties for _ZN7CfgF1317hammingIjEEvPKT_PS1_
    0 bytes stack frame, 0 bytes spill stores, 0 bytes spill loads
ptxas info    : Function properties for _ZN7CfgF1317mulLeafIjEEvPKT_S3_PS1_
    0 bytes stack frame, 0 bytes spill stores, 4 bytes spill loads
ptxas info    : Function properties for _ZN7CfgF1318multPrepIjEEvPKT_PS1_
    0 bytes stack frame, 0 bytes spill stores, 0 bytes spill loads
ptxas info    : Function properties for _ZN7FieldBsI7CfgF131jE3invEPKjPj
    0 bytes stack frame, 8 bytes spill stores, 0 bytes spill loads
ptxas info    : Function properties for _ZN7FieldBsI7CfgF131jE3mulEPKjS3_Pj
    0 bytes stack frame, 176 bytes spill stores, 160 bytes spill loads
ptxas info    : Function properties for _ZN7eccF1315toOnbIjEEvPKT_PS1_
    0 bytes stack frame, 0 bytes spill stores, 0 bytes spill loads
ptxas info    : Function properties for _ZN7eccF1317hammingIjEEvPKT_PS1_
    0 bytes stack frame, 0 bytes spill stores, 0 bytes spill loads
ptxas info    : Function properties for _ZN7eccF1317mulLeafIjEEvPKT_S3_PS1_
    0 bytes stack frame, 2568 bytes spill stores, 3456 bytes spill loads
ptxas info    : Function properties for _ZN7eccF1318multPrepIjEEvPKT_PS1_
    0 bytes stack frame, 0 bytes spill stores, 0 bytes spill loads
ptxas info    : Compiling entry function '_Z15eccReseedKernelI6CfgF83jEv10WalkParamsIT0_E' for 'sm_100'
ptxas info    : Function properties for _Z15eccReseedKernelI6CfgF83jEv10WalkParamsIT0_E
    11584 bytes stack frame, 28 bytes spill stores, 60 bytes spill loads
ptxas info    : Used 128 registers, used 0 barriers, 11584 bytes cumulative stack size
ptxas info    : Compile time = 1812.585 ms
ptxas info    : Function properties for _ZN4WalkI6CfgF83jE10startPointEPKyRK11CurveConstsPjS7_
    0 bytes stack frame, 2432 bytes spill stores, 2448 bytes spill loads
ptxas info    : Function properties for _ZN4WalkI6CfgF83jE11reseedLanesEjPyRK11CurveConstsPjS6_
    0 bytes stack frame, 12 bytes spill stores, 4 bytes spill loads
ptxas info    : Function properties for _ZN4WalkI6CfgF83jE8pointAddEPKjS3_S3_S3_PjS4_
    0 bytes stack frame, 344 bytes spill stores, 460 bytes spill loads
ptxas info    : Function properties for _ZN6CfgF835toOnbIjEEvPKT_PS1_
    0 bytes stack frame, 0 bytes spill stores, 8 bytes spill loads
ptxas info    : Function properties for _ZN6CfgF837mulLeafIjEEvPKT_S3_PS1_
    0 bytes stack frame, 0 bytes spill stores, 0 bytes spill loads
ptxas info    : Function properties for _ZN6CfgF838multPrepIjEEvPKT_PS1_
    0 bytes stack frame, 0 bytes spill stores, 0 bytes spill loads
ptxas info    : Function properties for _ZN6eccF835toOnbIjEEvPKT_PS1_
    0 bytes stack frame, 0 bytes spill stores, 0 bytes spill loads
ptxas info    : Function properties for _ZN6eccF837mulLeafIjEEvPKT_S3_PS1_
    0 bytes stack frame, 148 bytes spill stores, 148 bytes spill loads
ptxas info    : Function properties for _ZN6eccF838multPrepIjEEvPKT_PS1_
    0 bytes stack frame, 0 bytes spill stores, 0 bytes spill loads
ptxas info    : Function properties for _ZN7FieldBsI6CfgF83jE3invEPKjPj
    0 bytes stack frame, 0 bytes spill stores, 0 bytes spill loads
ptxas info    : Function properties for _ZN7FieldBsI6CfgF83jE3mulEPKjS3_Pj
    0 bytes stack frame, 8 bytes spill stores, 0 bytes spill loads
ptxas info    : Compiling entry function '_Z13eccInitKernelI6CfgF83jEv10WalkParamsIT0_E' for 'sm_100'
ptxas info    : Function properties for _Z13eccInitKernelI6CfgF83jEv10WalkParamsIT0_E
    10864 bytes stack frame, 20 bytes spill stores, 36 bytes spill loads
ptxas info    : Used 128 registers, used 0 barriers, 10864 bytes cumulative stack size
ptxas info    : Compile time = 1692.434 ms
ptxas info    : Function properties for _ZN4WalkI6CfgF83jE10startPointEPKyRK11CurveConstsPjS7_
    0 bytes stack frame, 2412 bytes spill stores, 2416 bytes spill loads
ptxas info    : Function properties for _ZN4WalkI6CfgF83jE8pointAddEPKjS3_S3_S3_PjS4_
    0 bytes stack frame, 332 bytes spill stores, 444 bytes spill loads
ptxas info    : Function properties for _ZN6CfgF835toOnbIjEEvPKT_PS1_
    0 bytes stack frame, 0 bytes spill stores, 0 bytes spill loads
ptxas info    : Function properties for _ZN6CfgF837mulLeafIjEEvPKT_S3_PS1_
    0 bytes stack frame, 0 bytes spill stores, 0 bytes spill loads
ptxas info    : Function properties for _ZN6CfgF838multPrepIjEEvPKT_PS1_
    0 bytes stack frame, 0 bytes spill stores, 0 bytes spill loads
ptxas info    : Function properties for _ZN6eccF835toOnbIjEEvPKT_PS1_
    0 bytes stack frame, 0 bytes spill stores, 0 bytes spill loads
ptxas info    : Function properties for _ZN6eccF837mulLeafIjEEvPKT_S3_PS1_
    0 bytes stack frame, 116 bytes spill stores, 120 bytes spill loads
ptxas info    : Function properties for _ZN6eccF838multPrepIjEEvPKT_PS1_
    0 bytes stack frame, 0 bytes spill stores, 0 bytes spill loads
ptxas info    : Function properties for _ZN7FieldBsI6CfgF83jE3invEPKjPj
    0 bytes stack frame, 0 bytes spill stores, 0 bytes spill loads
ptxas info    : Function properties for _ZN7FieldBsI6CfgF83jE3mulEPKjS3_Pj
    0 bytes stack frame, 0 bytes spill stores, 0 bytes spill loads
ptxas info    : Compiling entry function '_Z13eccWalkKernelI6CfgF83jEv10WalkParamsIT0_E' for 'sm_100'
ptxas info    : Function properties for _Z13eccWalkKernelI6CfgF83jEv10WalkParamsIT0_E
    7776 bytes stack frame, 16 bytes spill stores, 16 bytes spill loads
ptxas info    : Used 128 registers, used 0 barriers, 7776 bytes cumulative stack size
ptxas info    : Compile time = 1008.539 ms
ptxas info    : Function properties for _ZN4WalkI6CfgF83jE6sigmaJEPKjS3_Pj
    0 bytes stack frame, 0 bytes spill stores, 0 bytes spill loads
ptxas info    : Function properties for _ZN6CfgF835toOnbIjEEvPKT_PS1_
    0 bytes stack frame, 0 bytes spill stores, 8 bytes spill loads
ptxas info    : Function properties for _ZN6CfgF837hammingIjEEvPKT_PS1_
    0 bytes stack frame, 0 bytes spill stores, 0 bytes spill loads
ptxas info    : Function properties for _ZN6CfgF837mulLeafIjEEvPKT_S3_PS1_
    0 bytes stack frame, 0 bytes spill stores, 0 bytes spill loads
ptxas info    : Function properties for _ZN6CfgF838multPrepIjEEvPKT_PS1_
    0 bytes stack frame, 0 bytes spill stores, 0 bytes spill loads
ptxas info    : Function properties for _ZN6KernelI6CfgF83jE12overdueLanesEiiRK10WalkParamsIjEy
    0 bytes stack frame, 0 bytes spill stores, 0 bytes spill loads
ptxas info    : Function properties for _ZN6KernelI6CfgF83jE19handleDistinguishedEiijRK10WalkParamsIjEyPKjS7_
    0 bytes stack frame, 0 bytes spill stores, 0 bytes spill loads
ptxas info    : Function properties for _ZN6eccF835toOnbIjEEvPKT_PS1_
    0 bytes stack frame, 0 bytes spill stores, 0 bytes spill loads
ptxas info    : Function properties for _ZN6eccF837hammingIjEEvPKT_PS1_
    0 bytes stack frame, 0 bytes spill stores, 0 bytes spill loads
ptxas info    : Function properties for _ZN6eccF837mulLeafIjEEvPKT_S3_PS1_
    0 bytes stack frame, 148 bytes spill stores, 148 bytes spill loads
ptxas info    : Function properties for _ZN6eccF838multPrepIjEEvPKT_PS1_
    0 bytes stack frame, 0 bytes spill stores, 0 bytes spill loads
ptxas info    : Function properties for _ZN7FieldBsI6CfgF83jE3invEPKjPj
    0 bytes stack frame, 0 bytes spill stores, 0 bytes spill loads
ptxas info    : Function properties for _ZN7FieldBsI6CfgF83jE3mulEPKjS3_Pj
    0 bytes stack frame, 8 bytes spill stores, 0 bytes spill loads
ptxas info    : Compiling entry function '_Z15eccReseedKernelI6CfgF41jEv10WalkParamsIT0_E' for 'sm_100'
ptxas info    : Function properties for _Z15eccReseedKernelI6CfgF41jEv10WalkParamsIT0_E
    6544 bytes stack frame, 28 bytes spill stores, 60 bytes spill loads
ptxas info    : Used 128 registers, used 0 barriers, 6544 bytes cumulative stack size
ptxas info    : Compile time = 990.789 ms
ptxas info    : Function properties for _ZN4WalkI6CfgF41jE10startPointEPKyRK11CurveConstsPjS7_
    0 bytes stack frame, 2436 bytes spill stores, 2452 bytes spill loads
ptxas info    : Function properties for _ZN4WalkI6CfgF41jE11reseedLanesEjPyRK11CurveConstsPjS6_
    0 bytes stack frame, 12 bytes spill stores, 4 bytes spill loads
ptxas info    : Function properties for _ZN4WalkI6CfgF41jE8pointAddEPKjS3_S3_S3_PjS4_
    0 bytes stack frame, 168 bytes spill stores, 184 bytes spill loads
ptxas info    : Function properties for _ZN6CfgF415toOnbIjEEvPKT_PS1_
    0 bytes stack frame, 0 bytes spill stores, 4 bytes spill loads
ptxas info    : Function properties for _ZN6CfgF417mulLeafIjEEvPKT_S3_PS1_
    0 bytes stack frame, 0 bytes spill stores, 0 bytes spill loads
ptxas info    : Function properties for _ZN6CfgF418multPrepIjEEvPKT_PS1_
    0 bytes stack frame, 0 bytes spill stores, 0 bytes spill loads
ptxas info    : Function properties for _ZN6eccF415toOnbIjEEvPKT_PS1_
    0 bytes stack frame, 0 bytes spill stores, 0 bytes spill loads
ptxas info    : Function properties for _ZN6eccF417mulLeafIjEEvPKT_S3_PS1_
    0 bytes stack frame, 140 bytes spill stores, 140 bytes spill loads
ptxas info    : Function properties for _ZN6eccF418multPrepIjEEvPKT_PS1_
    0 bytes stack frame, 0 bytes spill stores, 0 bytes spill loads
ptxas info    : Function properties for _ZN7FieldBsI6CfgF41jE3invEPKjPj
    0 bytes stack frame, 0 bytes spill stores, 0 bytes spill loads
ptxas info    : Function properties for _ZN7FieldBsI6CfgF41jE3mulEPKjS3_Pj
    0 bytes stack frame, 4 bytes spill stores, 0 bytes spill loads
ptxas info    : Compiling entry function '_Z13eccInitKernelI6CfgF41jEv10WalkParamsIT0_E' for 'sm_100'
ptxas info    : Function properties for _Z13eccInitKernelI6CfgF41jEv10WalkParamsIT0_E
    6176 bytes stack frame, 20 bytes spill stores, 36 bytes spill loads
ptxas info    : Used 128 registers, used 0 barriers, 6176 bytes cumulative stack size
ptxas info    : Compile time = 962.330 ms
ptxas info    : Function properties for _ZN4WalkI6CfgF41jE10startPointEPKyRK11CurveConstsPjS7_
    0 bytes stack frame, 2412 bytes spill stores, 2416 bytes spill loads
ptxas info    : Function properties for _ZN4WalkI6CfgF41jE8pointAddEPKjS3_S3_S3_PjS4_
    0 bytes stack frame, 164 bytes spill stores, 164 bytes spill loads
ptxas info    : Function properties for _ZN6CfgF415toOnbIjEEvPKT_PS1_
    0 bytes stack frame, 0 bytes spill stores, 0 bytes spill loads
ptxas info    : Function properties for _ZN6CfgF417mulLeafIjEEvPKT_S3_PS1_
    0 bytes stack frame, 0 bytes spill stores, 0 bytes spill loads
ptxas info    : Function properties for _ZN6CfgF418multPrepIjEEvPKT_PS1_
    0 bytes stack frame, 0 bytes spill stores, 0 bytes spill loads
ptxas info    : Function properties for _ZN6eccF415toOnbIjEEvPKT_PS1_
    0 bytes stack frame, 0 bytes spill stores, 0 bytes spill loads
ptxas info    : Function properties for _ZN6eccF417mulLeafIjEEvPKT_S3_PS1_
    0 bytes stack frame, 108 bytes spill stores, 112 bytes spill loads
ptxas info    : Function properties for _ZN6eccF418multPrepIjEEvPKT_PS1_
    0 bytes stack frame, 0 bytes spill stores, 0 bytes spill loads
ptxas info    : Function properties for _ZN7FieldBsI6CfgF41jE3invEPKjPj
    0 bytes stack frame, 0 bytes spill stores, 0 bytes spill loads
ptxas info    : Function properties for _ZN7FieldBsI6CfgF41jE3mulEPKjS3_Pj
    0 bytes stack frame, 0 bytes spill stores, 0 bytes spill loads
ptxas info    : Compiling entry function '_Z13eccWalkKernelI6CfgF41jEv10WalkParamsIT0_E' for 'sm_100'
ptxas info    : Function properties for _Z13eccWalkKernelI6CfgF41jEv10WalkParamsIT0_E
    3232 bytes stack frame, 20 bytes spill stores, 20 bytes spill loads
ptxas info    : Used 128 registers, used 0 barriers, 3232 bytes cumulative stack size
ptxas info    : Compile time = 657.161 ms
ptxas info    : Function properties for _ZN4WalkI6CfgF41jE6sigmaJEPKjS3_Pj
    0 bytes stack frame, 0 bytes spill stores, 0 bytes spill loads
ptxas info    : Function properties for _ZN6CfgF415toOnbIjEEvPKT_PS1_
    0 bytes stack frame, 0 bytes spill stores, 4 bytes spill loads
ptxas info    : Function properties for _ZN6CfgF417hammingIjEEvPKT_PS1_
    0 bytes stack frame, 0 bytes spill stores, 0 bytes spill loads
ptxas info    : Function properties for _ZN6CfgF417mulLeafIjEEvPKT_S3_PS1_
    0 bytes stack frame, 0 bytes spill stores, 0 bytes spill loads
ptxas info    : Function properties for _ZN6CfgF418multPrepIjEEvPKT_PS1_
    0 bytes stack frame, 0 bytes spill stores, 0 bytes spill loads
ptxas info    : Function properties for _ZN6KernelI6CfgF41jE12overdueLanesEiiRK10WalkParamsIjEy
    0 bytes stack frame, 0 bytes spill stores, 0 bytes spill loads
ptxas info    : Function properties for _ZN6KernelI6CfgF41jE19handleDistinguishedEiijRK10WalkParamsIjEyPKjS7_
    0 bytes stack frame, 0 bytes spill stores, 0 bytes spill loads
ptxas info    : Function properties for _ZN6eccF415toOnbIjEEvPKT_PS1_
    0 bytes stack frame, 0 bytes spill stores, 0 bytes spill loads
ptxas info    : Function properties for _ZN6eccF417hammingIjEEvPKT_PS1_
    0 bytes stack frame, 0 bytes spill stores, 0 bytes spill loads
ptxas info    : Function properties for _ZN6eccF417mulLeafIjEEvPKT_S3_PS1_
    0 bytes stack frame, 140 bytes spill stores, 140 bytes spill loads
ptxas info    : Function properties for _ZN6eccF418multPrepIjEEvPKT_PS1_
    0 bytes stack frame, 0 bytes spill stores, 0 bytes spill loads
ptxas info    : Function properties for _ZN7FieldBsI6CfgF41jE3invEPKjPj
    0 bytes stack frame, 0 bytes spill stores, 0 bytes spill loads
ptxas info    : Function properties for _ZN7FieldBsI6CfgF41jE3mulEPKjS3_Pj
    0 bytes stack frame, 4 bytes spill stores, 0 bytes spill loads
ptxas info    : Compiling entry function '_Z15eccReseedKernelI6CfgF23jEv10WalkParamsIT0_E' for 'sm_100'
ptxas info    : Function properties for _Z15eccReseedKernelI6CfgF23jEv10WalkParamsIT0_E
    5120 bytes stack frame, 28 bytes spill stores, 60 bytes spill loads
ptxas info    : Used 128 registers, used 0 barriers, 5120 bytes cumulative stack size
ptxas info    : Compile time = 561.228 ms
ptxas info    : Function properties for _ZN4WalkI6CfgF23jE10startPointEPKyRK11CurveConstsPjS7_
    0 bytes stack frame, 2416 bytes spill stores, 2428 bytes spill loads
ptxas info    : Function properties for _ZN4WalkI6CfgF23jE11reseedLanesEjPyRK11CurveConstsPjS6_
    0 bytes stack frame, 12 bytes spill stores, 4 bytes spill loads
ptxas info    : Function properties for _ZN4WalkI6CfgF23jE8pointAddEPKjS3_S3_S3_PjS4_
    0 bytes stack frame, 0 bytes spill stores, 4 bytes spill loads
ptxas info    : Function properties for _ZN6CfgF235toOnbIjEEvPKT_PS1_
    0 bytes stack frame, 0 bytes spill stores, 0 bytes spill loads
ptxas info    : Function properties for _ZN6CfgF237mulLeafIjEEvPKT_S3_PS1_
    0 bytes stack frame, 0 bytes spill stores, 0 bytes spill loads
ptxas info    : Function properties for _ZN6CfgF238multPrepIjEEvPKT_PS1_
    0 bytes stack frame, 0 bytes spill stores, 0 bytes spill loads
ptxas info    : Function properties for _ZN6eccF235toOnbIjEEvPKT_PS1_
    0 bytes stack frame, 0 bytes spill stores, 0 bytes spill loads
ptxas info    : Function properties for _ZN6eccF237mulLeafIjEEvPKT_S3_PS1_
    0 bytes stack frame, 0 bytes spill stores, 0 bytes spill loads
ptxas info    : Function properties for _ZN6eccF238multPrepIjEEvPKT_PS1_
    0 bytes stack frame, 0 bytes spill stores, 0 bytes spill loads
ptxas info    : Function properties for _ZN7FieldBsI6CfgF23jE3invEPKjPj
    0 bytes stack frame, 0 bytes spill stores, 0 bytes spill loads
ptxas info    : Function properties for _ZN7FieldBsI6CfgF23jE3mulEPKjS3_Pj
    0 bytes stack frame, 0 bytes spill stores, 0 bytes spill loads
ptxas info    : Compiling entry function '_Z13eccInitKernelI6CfgF23jEv10WalkParamsIT0_E' for 'sm_100'
ptxas info    : Function properties for _Z13eccInitKernelI6CfgF23jEv10WalkParamsIT0_E
    4896 bytes stack frame, 20 bytes spill stores, 36 bytes spill loads
ptxas info    : Used 128 registers, used 0 barriers, 4896 bytes cumulative stack size
ptxas info    : Compile time = 560.210 ms
ptxas info    : Function properties for _ZN4WalkI6CfgF23jE10startPointEPKyRK11CurveConstsPjS7_
    0 bytes stack frame, 2408 bytes spill stores, 2412 bytes spill loads
ptxas info    : Function properties for _ZN4WalkI6CfgF23jE8pointAddEPKjS3_S3_S3_PjS4_
    0 bytes stack frame, 0 bytes spill stores, 0 bytes spill loads
ptxas info    : Function properties for _ZN6CfgF235toOnbIjEEvPKT_PS1_
    0 bytes stack frame, 0 bytes spill stores, 0 bytes spill loads
ptxas info    : Function properties for _ZN6CfgF237mulLeafIjEEvPKT_S3_PS1_
    0 bytes stack frame, 0 bytes spill stores, 0 bytes spill loads
ptxas info    : Function properties for _ZN6CfgF238multPrepIjEEvPKT_PS1_
    0 bytes stack frame, 0 bytes spill stores, 0 bytes spill loads
ptxas info    : Function properties for _ZN6eccF235toOnbIjEEvPKT_PS1_
    0 bytes stack frame, 0 bytes spill stores, 0 bytes spill loads
ptxas info    : Function properties for _ZN6eccF237mulLeafIjEEvPKT_S3_PS1_
    0 bytes stack frame, 0 bytes spill stores, 0 bytes spill loads
ptxas info    : Function properties for _ZN6eccF238multPrepIjEEvPKT_PS1_
    0 bytes stack frame, 0 bytes spill stores, 0 bytes spill loads
ptxas info    : Function properties for _ZN7FieldBsI6CfgF23jE3invEPKjPj
    0 bytes stack frame, 0 bytes spill stores, 0 bytes spill loads
ptxas info    : Function properties for _ZN7FieldBsI6CfgF23jE3mulEPKjS3_Pj
    0 bytes stack frame, 0 bytes spill stores, 0 bytes spill loads
ptxas info    : Compiling entry function '_Z13eccWalkKernelI6CfgF23jEv10WalkParamsIT0_E' for 'sm_100'
ptxas info    : Function properties for _Z13eccWalkKernelI6CfgF23jEv10WalkParamsIT0_E
    1840 bytes stack frame, 0 bytes spill stores, 0 bytes spill loads
ptxas info    : Used 128 registers, used 0 barriers, 1840 bytes cumulative stack size
ptxas info    : Compile time = 294.740 ms
ptxas info    : Function properties for _ZN4WalkI6CfgF23jE6sigmaJEPKjS3_Pj
    0 bytes stack frame, 0 bytes spill stores, 0 bytes spill loads
ptxas info    : Function properties for _ZN6CfgF235toOnbIjEEvPKT_PS1_
    0 bytes stack frame, 0 bytes spill stores, 0 bytes spill loads
ptxas info    : Function properties for _ZN6CfgF237hammingIjEEvPKT_PS1_
    0 bytes stack frame, 0 bytes spill stores, 0 bytes spill loads
ptxas info    : Function properties for _ZN6CfgF237mulLeafIjEEvPKT_S3_PS1_
    0 bytes stack frame, 0 bytes spill stores, 0 bytes spill loads
ptxas info    : Function properties for _ZN6CfgF238multPrepIjEEvPKT_PS1_
    0 bytes stack frame, 0 bytes spill stores, 0 bytes spill loads
ptxas info    : Function properties for _ZN6KernelI6CfgF23jE12overdueLanesEiiRK10WalkParamsIjEy
    0 bytes stack frame, 0 bytes spill stores, 0 bytes spill loads
ptxas info    : Function properties for _ZN6KernelI6CfgF23jE19handleDistinguishedEiijRK10WalkParamsIjEyPKjS7_
    0 bytes stack frame, 0 bytes spill stores, 0 bytes spill loads
ptxas info    : Function properties for _ZN6eccF235toOnbIjEEvPKT_PS1_
    0 bytes stack frame, 0 bytes spill stores, 0 bytes spill loads
ptxas info    : Function properties for _ZN6eccF237hammingIjEEvPKT_PS1_
    0 bytes stack frame, 0 bytes spill stores, 0 bytes spill loads
ptxas info    : Function properties for _ZN6eccF237mulLeafIjEEvPKT_S3_PS1_
    0 bytes stack frame, 0 bytes spill stores, 0 bytes spill loads
ptxas info    : Function properties for _ZN6eccF238multPrepIjEEvPKT_PS1_
    0 bytes stack frame, 0 bytes spill stores, 0 bytes spill loads
ptxas info    : Function properties for _ZN7FieldBsI6CfgF23jE3invEPKjPj
    0 bytes stack frame, 0 bytes spill stores, 0 bytes spill loads
ptxas info    : Function properties for _ZN7FieldBsI6CfgF23jE3mulEPKjS3_Pj
    0 bytes stack frame, 0 bytes spill stores, 0 bytes spill loads
