NVIDIA B200, 580.95.05, 1965 MHz, 1000.00 W, 183359 MiB, 10.0
Cuda compilation tools, release 13.3, V13.3.73
Build cuda_13.3.r13.3/compiler.38244171_0
source: 1ee6c9ea21e5788d87615d0d423600cefe478192
arch: PRO6000_ARCH=-gencode arch=compute_100,code=sm_100
base: PACKED_TOP_CLMAD=1 PACKED_ALU_SQUARE=0 PACKED_ONB_INV=1
##### phase 1: star
=== build base: 
        0 bytes stack frame, 0 bytes spill stores, 0 bytes spill loads ptxas info    : Used 116 registers, used 1 barriers 
=== build geo-256x2: THREADS=256 MINBLOCKS=2
        0 bytes stack frame, 0 bytes spill stores, 0 bytes spill loads ptxas info    : Used 116 registers, used 1 barriers 
=== build geo-384x1: THREADS=384 MINBLOCKS=1
        0 bytes stack frame, 0 bytes spill stores, 0 bytes spill loads ptxas info    : Used 116 registers, used 1 barriers 
=== build geo-640x1: THREADS=640 MINBLOCKS=1
        0 bytes stack frame, 0 bytes spill stores, 0 bytes spill loads ptxas info    : Used 96 registers, used 1 barriers 
=== build geo-768x1: THREADS=768 MINBLOCKS=1
        56 bytes stack frame, 52 bytes spill stores, 132 bytes spill loads ptxas info    : Used 80 registers, used 1 barriers, 56 bytes cumulative stack size 
=== build batch32-256x1: BATCH=32 THREADS=256 MINBLOCKS=1
        0 bytes stack frame, 0 bytes spill stores, 0 bytes spill loads ptxas info    : Used 116 registers, used 1 barriers 
=== build batch32-512x1: BATCH=32 THREADS=512 MINBLOCKS=1
        0 bytes stack frame, 0 bytes spill stores, 0 bytes spill loads ptxas info    : Used 116 registers, used 1 barriers 
=== build karat3-not-topclmad: PACKED_KARAT3=1 PACKED_TOP_CLMAD=0
        0 bytes stack frame, 0 bytes spill stores, 0 bytes spill loads ptxas info    : Used 113 registers, used 1 barriers 
=== build no-pipe-select: TABLE_PIPE_SELECT=0
        0 bytes stack frame, 0 bytes spill stores, 0 bytes spill loads ptxas info    : Used 96 registers, used 1 barriers 
=== build no-chain-first: PACKED_CHAIN_FIRST=0
        0 bytes stack frame, 0 bytes spill stores, 0 bytes spill loads ptxas info    : Used 116 registers, used 1 barriers 
=== build inline-poly-0: PACKED_INLINE_POLY=0
        0 bytes stack frame, 0 bytes spill stores, 0 bytes spill loads ptxas info    : Used 118 registers, used 1 barriers 
=== build inline-poly-1: PACKED_INLINE_POLY=1
        0 bytes stack frame, 0 bytes spill stores, 0 bytes spill loads ptxas info    : Used 114 registers, used 1 barriers 
=== build unroll2: UNROLL_SLOTS=2
        0 bytes stack frame, 0 bytes spill stores, 0 bytes spill loads ptxas info    : Used 118 registers, used 1 barriers 
=== build no-from-reduced: PACKED_FROM_REDUCED=0
        0 bytes stack frame, 0 bytes spill stores, 0 bytes spill loads ptxas info    : Used 116 registers, used 1 barriers 
=== build no-l2-persist: PACKED_L2_PERSIST=0
        0 bytes stack frame, 0 bytes spill stores, 0 bytes spill loads ptxas info    : Used 116 registers, used 1 barriers 
=== build pivot-nibble: TABLE_PIVOT_BYTES=0
        0 bytes stack frame, 0 bytes spill stores, 0 bytes spill loads ptxas info    : Used 116 registers, used 1 barriers 
=== build clmul-flat: PACKED_CLMUL_FLAT=1
        0 bytes stack frame, 0 bytes spill stores, 0 bytes spill loads ptxas info    : Used 114 registers, used 1 barriers 
=== build fused: TABLE_FUSED=1 TABLE_PIPE_SELECT=0
        0 bytes stack frame, 0 bytes spill stores, 0 bytes spill loads ptxas info    : Used 102 registers, used 1 barriers 
=== build fused-pipe: TABLE_FUSED=1 TABLE_FUSED_PIPE=1 TABLE_PIPE_SELECT=0
        0 bytes stack frame, 0 bytes spill stores, 0 bytes spill loads ptxas info    : Used 106 registers, used 1 barriers 
=== build alu-sqr: PACKED_ALU_SQR=1
        0 bytes stack frame, 0 bytes spill stores, 0 bytes spill loads ptxas info    : Used 116 registers, used 1 barriers 
=== build no-pair-ilp: PACKED_PAIR_ILP=0
        0 bytes stack frame, 0 bytes spill stores, 0 bytes spill loads ptxas info    : Used 117 registers, used 1 barriers 
screen base pass 1: 15.3698 B/s  1965 MHz, 515.65 W, 44
screen geo-256x2 pass 1: 15.0191 B/s  1965 MHz, 536.04 W, 45
screen geo-384x1 pass 1: 14.9408 B/s  1965 MHz, 521.16 W, 45
screen geo-640x1 pass 1: 15.2991 B/s  1965 MHz, 542.55 W, 46
screen geo-768x1 pass 1: 15.2377 B/s  1965 MHz, 637.64 W, 48
screen batch32-256x1 pass 1: 16.1517 B/s  1965 MHz, 588.90 W, 48
screen batch32-512x1 pass 1: 15.9109 B/s  1965 MHz, 370.79 W, 47
screen karat3-not-topclmad pass 1: 16.0629 B/s  1965 MHz, 529.05 W, 48
screen no-pipe-select pass 1: 15.7854 B/s  1965 MHz, 509.58 W, 48
screen no-chain-first pass 1: 15.3963 B/s  1965 MHz, 525.55 W, 48
screen inline-poly-0 pass 1: 15.3040 B/s  1965 MHz, 505.74 W, 48
screen inline-poly-1 pass 1: 14.8435 B/s  1965 MHz, 537.43 W, 48
screen unroll2 pass 1: 15.3453 B/s  1965 MHz, 428.11 W, 47
screen no-from-reduced pass 1: 15.2175 B/s  1965 MHz, 470.26 W, 47
screen no-l2-persist pass 1: 15.2330 B/s  1965 MHz, 510.61 W, 47
screen pivot-nibble pass 1: 14.8232 B/s  1965 MHz, 505.04 W, 48
screen clmul-flat pass 1: 15.3057 B/s  1965 MHz, 516.12 W, 48
screen fused pass 1: 17.4307 B/s  1965 MHz, 470.51 W, 47
screen fused-pipe pass 1: 17.1434 B/s  1965 MHz, 552.32 W, 49
screen alu-sqr pass 1: 14.6248 B/s  1965 MHz, 469.18 W, 47
screen no-pair-ilp pass 1: 15.3509 B/s  1965 MHz, 481.65 W, 48
screen base pass 2: 15.3734 B/s  1965 MHz, 533.55 W, 49
screen geo-256x2 pass 2: 15.0329 B/s  1965 MHz, 523.46 W, 49
screen geo-384x1 pass 2: 14.9552 B/s  1965 MHz, 495.04 W, 48
screen geo-640x1 pass 2: 15.2920 B/s  1965 MHz, 451.02 W, 47
screen geo-768x1 pass 2: 15.2358 B/s  1965 MHz, 620.65 W, 50
screen batch32-256x1 pass 2: 16.1551 B/s  1965 MHz, 632.70 W, 51
screen batch32-512x1 pass 2: 15.9080 B/s  1965 MHz, 613.61 W, 51
screen karat3-not-topclmad pass 2: 16.0603 B/s  1965 MHz, 417.34 W, 49
screen no-pipe-select pass 2: 15.7867 B/s  1965 MHz, 513.72 W, 49
screen no-chain-first pass 2: 15.3989 B/s  1965 MHz, 472.90 W, 49
screen inline-poly-0 pass 2: 15.3025 B/s  1965 MHz, 540.64 W, 49
screen inline-poly-1 pass 2: 14.8567 B/s  1965 MHz, 507.25 W, 49
screen unroll2 pass 2: 15.3370 B/s  1965 MHz, 533.02 W, 49
screen no-from-reduced pass 2: 15.2154 B/s  1965 MHz, 518.15 W, 49
screen no-l2-persist pass 2: 15.2195 B/s  1965 MHz, 551.04 W, 49
screen pivot-nibble pass 2: 14.8213 B/s  1965 MHz, 538.97 W, 49
screen clmul-flat pass 2: 15.3084 B/s  1965 MHz, 534.10 W, 49
screen fused pass 2: 17.4811 B/s  1965 MHz, 563.33 W, 49
screen fused-pipe pass 2: 17.1455 B/s  1965 MHz, 517.51 W, 49
screen alu-sqr pass 2: 14.6169 B/s  1965 MHz, 515.16 W, 49
screen no-pair-ilp pass 2: 15.3611 B/s  1965 MHz, 533.57 W, 49
base 15.3716
1.1356 fused 17.4559
1.1153 fused-pipe 17.1444
1.0509 batch32-256x1 16.1534
1.0449 karat3-not-topclmad 16.0616
1.0350 batch32-512x1 15.9094
1.0270 no-pipe-select 15.7860
1.0017 no-chain-first 15.3976
0.9990 no-pair-ilp 15.3560
0.9980 unroll2 15.3411
0.9958 clmul-flat 15.3071
0.9956 inline-poly-0 15.3033
0.9951 geo-640x1 15.2955
0.9912 geo-768x1 15.2368
0.9905 no-l2-persist 15.2263
0.9899 no-from-reduced 15.2165
0.9775 geo-256x2 15.0260
0.9724 geo-384x1 14.9480
0.9661 inline-poly-1 14.8501
0.9643 pivot-nibble 14.8223
0.9512 alu-sqr 14.6209
##### phase 2: greedy combination
=== build combo1: TABLE_FUSED=1 TABLE_PIPE_SELECT=0
        0 bytes stack frame, 0 bytes spill stores, 0 bytes spill loads ptxas info    : Used 102 registers, used 1 barriers 
greedy combo1 = base + fused: 17.4816 B/s vs 15.3716  1965 MHz, 529.02 W, 45
  keep
=== build combo2: TABLE_FUSED=1 TABLE_PIPE_SELECT=0 TABLE_FUSED=1 TABLE_FUSED_PIPE=1 TABLE_PIPE_SELECT=0
        0 bytes stack frame, 0 bytes spill stores, 0 bytes spill loads ptxas info    : Used 106 registers, used 1 barriers 
greedy combo2 = combo1 + fused-pipe: 17.15075 B/s vs 17.4816  1965 MHz, 512.11 W, 45
  drop
=== build combo3: TABLE_FUSED=1 TABLE_PIPE_SELECT=0 BATCH=32 THREADS=256 MINBLOCKS=1
        0 bytes stack frame, 0 bytes spill stores, 0 bytes spill loads ptxas info    : Used 102 registers, used 1 barriers 
greedy combo3 = combo1 + batch32-256x1: 17.7529 B/s vs 17.4816  1965 MHz, 570.45 W, 47
  keep
=== build combo4: TABLE_FUSED=1 TABLE_PIPE_SELECT=0 BATCH=32 THREADS=256 MINBLOCKS=1 PACKED_KARAT3=1 PACKED_TOP_CLMAD=0
        0 bytes stack frame, 0 bytes spill stores, 0 bytes spill loads ptxas info    : Used 106 registers, used 1 barriers 
greedy combo4 = combo3 + karat3-not-topclmad: 18.64145 B/s vs 17.7529  1965 MHz, 547.78 W, 46
  keep
=== build combo5: TABLE_FUSED=1 TABLE_PIPE_SELECT=0 BATCH=32 THREADS=256 MINBLOCKS=1 PACKED_KARAT3=1 PACKED_TOP_CLMAD=0 BATCH=32 THREADS=512 MINBLOCKS=1
        0 bytes stack frame, 0 bytes spill stores, 0 bytes spill loads ptxas info    : Used 106 registers, used 1 barriers 
greedy combo5 = combo4 + batch32-512x1: 19.4024 B/s vs 18.64145  1965 MHz, 599.34 W, 47
  keep
=== build combo6: TABLE_FUSED=1 TABLE_PIPE_SELECT=0 BATCH=32 THREADS=256 MINBLOCKS=1 PACKED_KARAT3=1 PACKED_TOP_CLMAD=0 BATCH=32 THREADS=512 MINBLOCKS=1 TABLE_PIPE_SELECT=0
        0 bytes stack frame, 0 bytes spill stores, 0 bytes spill loads ptxas info    : Used 106 registers, used 1 barriers 
greedy combo6 = combo5 + no-pipe-select: 19.39715 B/s vs 19.4024  1965 MHz, 558.64 W, 46
  drop
greedy result: combo5 (TABLE_FUSED=1 TABLE_PIPE_SELECT=0 BATCH=32 THREADS=256 MINBLOCKS=1 PACKED_KARAT3=1 PACKED_TOP_CLMAD=0 BATCH=32 THREADS=512 MINBLOCKS=1) at 19.4024 B/s
##### phase 3: verify
=== verify base (batch 16, threads 75776)
packed kernel: 116 registers/thread, 0 local bytes/thread, 0 shared bytes/block, single-product multiplier
packed onb inv: 1
packed chains: 1
packed top clmad: 1
packed alu square: 0
packed table pivot bytes: 1, table shared bytes 48732
  finished: 3.529 M it/s, 1165426 distinguished points (300 verified against the reference, 0 dropped)
=== verify fused (batch 16, threads 75776)
packed kernel: 102 registers/thread, 0 local bytes/thread, 0 shared bytes/block, single-product multiplier
packed onb inv: 1
packed chains: 1
packed top clmad: 1
packed alu square: 0
packed table pivot bytes: 1, table shared bytes 48732
  finished: 3.565 M it/s, 1165426 distinguished points (300 verified against the reference, 0 dropped)
=== verify combo5 (batch 32, threads 37888)
packed kernel: 106 registers/thread, 0 local bytes/thread, 0 shared bytes/block, single-product multiplier
packed onb inv: 1
packed chains: 1
packed top clmad: 0
packed alu square: 0
packed table pivot bytes: 1, table shared bytes 48732
  finished: 3.566 M it/s, 1165426 distinguished points (300 verified against the reference, 0 dropped)
base                  1165426 records  sha256 626a6fcef0ef40ba  IDENTICAL to base
fused                 1165426 records  sha256 626a6fcef0ef40ba  IDENTICAL to base
combo5                1165426 records  sha256 626a6fcef0ef40ba  IDENTICAL to base
##### phase 4: final alternating bench
=== bench base rep 1
device: NVIDIA B200, 148 SMs, 1 block(s) of 512 packed threads resident per SM   finished: 15370.537 M it/s, 0 distinguished points (0 verified against the reference, 0 dropped) 1965 MHz, 548.92 W, 46
=== bench fused rep 1
device: NVIDIA B200, 148 SMs, 1 block(s) of 512 packed threads resident per SM   finished: 17479.454 M it/s, 0 distinguished points (0 verified against the reference, 0 dropped) 1965 MHz, 529.04 W, 45
=== bench combo5 rep 1
device: NVIDIA B200, 148 SMs, 1 block(s) of 512 packed threads resident per SM   finished: 19401.619 M it/s, 0 distinguished points (0 verified against the reference, 0 dropped) 1965 MHz, 631.14 W, 48
=== bench base rep 2
device: NVIDIA B200, 148 SMs, 1 block(s) of 512 packed threads resident per SM   finished: 15358.223 M it/s, 0 distinguished points (0 verified against the reference, 0 dropped) 1965 MHz, 518.49 W, 47
=== bench fused rep 2
device: NVIDIA B200, 148 SMs, 1 block(s) of 512 packed threads resident per SM   finished: 17478.201 M it/s, 0 distinguished points (0 verified against the reference, 0 dropped) 1965 MHz, 538.24 W, 47
=== bench combo5 rep 2
device: NVIDIA B200, 148 SMs, 1 block(s) of 512 packed threads resident per SM   finished: 19400.063 M it/s, 0 distinguished points (0 verified against the reference, 0 dropped) 1965 MHz, 629.82 W, 49
=== bench base rep 3
device: NVIDIA B200, 148 SMs, 1 block(s) of 512 packed threads resident per SM   finished: 15364.926 M it/s, 0 distinguished points (0 verified against the reference, 0 dropped) 1965 MHz, 524.88 W, 48
=== bench fused rep 3
device: NVIDIA B200, 148 SMs, 1 block(s) of 512 packed threads resident per SM   finished: 17477.880 M it/s, 0 distinguished points (0 verified against the reference, 0 dropped) 1965 MHz, 537.71 W, 47
=== bench combo5 rep 3
device: NVIDIA B200, 148 SMs, 1 block(s) of 512 packed threads resident per SM   finished: 19401.138 M it/s, 0 distinguished points (0 verified against the reference, 0 dropped) 1965 MHz, 664.68 W, 50
=== bench base rep 4
device: NVIDIA B200, 148 SMs, 1 block(s) of 512 packed threads resident per SM   finished: 15365.299 M it/s, 0 distinguished points (0 verified against the reference, 0 dropped) 1965 MHz, 539.40 W, 48
=== bench fused rep 4
device: NVIDIA B200, 148 SMs, 1 block(s) of 512 packed threads resident per SM   finished: 17479.764 M it/s, 0 distinguished points (0 verified against the reference, 0 dropped) 1965 MHz, 529.47 W, 48
=== bench combo5 rep 4
device: NVIDIA B200, 148 SMs, 1 block(s) of 512 packed threads resident per SM   finished: 19401.634 M it/s, 0 distinguished points (0 verified against the reference, 0 dropped) 1965 MHz, 634.01 W, 50
=== bench base rep 5
device: NVIDIA B200, 148 SMs, 1 block(s) of 512 packed threads resident per SM   finished: 15366.798 M it/s, 0 distinguished points (0 verified against the reference, 0 dropped) 1965 MHz, 561.38 W, 49
=== bench fused rep 5
device: NVIDIA B200, 148 SMs, 1 block(s) of 512 packed threads resident per SM   finished: 17478.073 M it/s, 0 distinguished points (0 verified against the reference, 0 dropped) 1965 MHz, 544.94 W, 47
=== bench combo5 rep 5
device: NVIDIA B200, 148 SMs, 1 block(s) of 512 packed threads resident per SM   finished: 19401.547 M it/s, 0 distinguished points (0 verified against the reference, 0 dropped) 1965 MHz, 624.55 W, 49
=== done
