{'all_affine_five_bit_targets': 43, 'original_candidate_occurrences': 2798, 'pullback_candidate_occurrences': 444, 'valid_coefficient_sets_equal': True, 'complete_projected_sets_equal': True, 'pair_oracle_matches_triple_oracle': True, 'semaev_control_target_checks': 86}
11 5 uniform first chained-s3 first 1 0.8347
11 5 uniform first quadratic-image first 1 0.0857
11 5 uniform first s4-symmetric first 1 0.8707
11 5 uniform first coefficient-pullback first 1 0.0683
11 5 uniform enumerate quadratic-image complete 1 0.1066
11 5 uniform enumerate coefficient-pullback complete 1 0.0918
11 5 uniform enumerate chained-s3 complete 1 0.8469
11 5 uniform enumerate s4-symmetric complete 1 0.8283
11 5 uniform first chained-s3 first 1 2.4614
11 5 uniform first quadratic-image first 1 0.0688
11 5 uniform first coefficient-pullback first 1 0.0518
11 5 uniform first s4-symmetric first 1 2.501
11 5 uniform enumerate quadratic-image complete 1 0.1111
11 5 uniform enumerate chained-s3 complete 1 2.5607
11 5 uniform enumerate coefficient-pullback complete 1 0.0874
11 5 uniform enumerate s4-symmetric complete 1 2.4683
11 5 known_decomposable first s4-symmetric first 1 0.3692
11 5 known_decomposable first chained-s3 first 1 0.3828
11 5 known_decomposable first coefficient-pullback first 1 0.0195
11 5 known_decomposable first quadratic-image first 1 0.0228
11 5 known_decomposable enumerate s4-symmetric complete 2 1.1525
11 5 known_decomposable enumerate chained-s3 complete 2 1.1539
11 5 known_decomposable enumerate coefficient-pullback complete 2 0.0856
11 5 known_decomposable enumerate quadratic-image complete 2 0.1092
11 5 known_decomposable first quadratic-image first 1 0.0095
11 5 known_decomposable first s4-symmetric first 1 0.2744
11 5 known_decomposable first chained-s3 first 1 0.265
11 5 known_decomposable first coefficient-pullback first 1 0.0083
11 5 known_decomposable enumerate quadratic-image complete 3 0.108
11 5 known_decomposable enumerate chained-s3 complete 3 0.765
11 5 known_decomposable enumerate s4-symmetric complete 3 0.8042
11 5 known_decomposable enumerate coefficient-pullback complete 3 0.0913
23 7 uniform first s4-symmetric timeout 0 3.0185
23 7 uniform first chained-s3 timeout 0 3.0176
23 7 uniform first coefficient-pullback timeout 0 3.0
23 7 uniform first quadratic-image timeout 0 3.0001
23 7 uniform enumerate coefficient-pullback timeout 0 3.0
23 7 uniform enumerate s4-symmetric timeout 0 3.0473
23 7 uniform enumerate quadratic-image timeout 0 3.0002
23 7 uniform enumerate chained-s3 timeout 0 3.0104
23 7 uniform first s4-symmetric timeout 0 3.0199
23 7 uniform first coefficient-pullback timeout 0 3.0
23 7 uniform first chained-s3 timeout 0 3.0278
23 7 uniform first quadratic-image timeout 0 3.0
23 7 uniform enumerate quadratic-image timeout 0 3.0003
23 7 uniform enumerate s4-symmetric timeout 0 3.0196
23 7 uniform enumerate coefficient-pullback timeout 0 3.0001
23 7 uniform enumerate chained-s3 timeout 0 3.0165
23 7 known_decomposable first quadratic-image timeout 0 3.0002
23 7 known_decomposable first coefficient-pullback first 1 2.5664
23 7 known_decomposable first s4-symmetric timeout 0 3.0066
23 7 known_decomposable first chained-s3 timeout 0 3.0128
23 7 known_decomposable enumerate chained-s3 timeout 0 3.0082
23 7 known_decomposable enumerate quadratic-image timeout 0 3.0005
23 7 known_decomposable enumerate s4-symmetric timeout 0 3.0134
23 7 known_decomposable enumerate coefficient-pullback timeout 1 3.0
23 7 known_decomposable first quadratic-image timeout 0 3.0
23 7 known_decomposable first coefficient-pullback first 1 1.8957
23 7 known_decomposable first s4-symmetric timeout 0 3.0279
23 7 known_decomposable first chained-s3 timeout 0 3.0234
23 7 known_decomposable enumerate s4-symmetric timeout 0 3.0389
23 7 known_decomposable enumerate quadratic-image timeout 0 3.0001
23 7 known_decomposable enumerate chained-s3 timeout 0 3.0078
23 7 known_decomposable enumerate coefficient-pullback timeout 1 3.0001
29 8 uniform first coefficient-pullback timeout 0 3.0
29 8 uniform first s4-symmetric timeout 0 3.0208
29 8 uniform first chained-s3 timeout 0 3.0331
29 8 uniform first quadratic-image timeout 0 3.0005
29 8 uniform enumerate s4-symmetric timeout 0 3.1016
29 8 uniform enumerate chained-s3 timeout 0 3.0054
29 8 uniform enumerate quadratic-image timeout 0 3.0001
29 8 uniform enumerate coefficient-pullback timeout 0 3.0
29 8 uniform first s4-symmetric timeout 0 3.1719
29 8 uniform first coefficient-pullback timeout 0 3.0008
29 8 uniform first chained-s3 timeout 0 3.0193
29 8 uniform first quadratic-image timeout 0 3.0003
29 8 uniform enumerate coefficient-pullback timeout 0 3.0
29 8 uniform enumerate quadratic-image timeout 0 3.0007
29 8 uniform enumerate chained-s3 timeout 0 3.1218
29 8 uniform enumerate s4-symmetric timeout 0 3.072
29 8 known_decomposable first coefficient-pullback timeout 0 3.0001
29 8 known_decomposable first quadratic-image timeout 0 3.0001
29 8 known_decomposable first s4-symmetric timeout 0 3.0229
29 8 known_decomposable first chained-s3 timeout 0 3.0881
29 8 known_decomposable enumerate quadratic-image timeout 0 3.0001
29 8 known_decomposable enumerate coefficient-pullback timeout 0 3.0
29 8 known_decomposable enumerate chained-s3 timeout 0 3.0168
29 8 known_decomposable enumerate s4-symmetric timeout 0 3.0546
29 8 known_decomposable first quadratic-image timeout 0 3.0006
29 8 known_decomposable first chained-s3 timeout 0 3.0091
29 8 known_decomposable first coefficient-pullback first 1 2.8386
29 8 known_decomposable first s4-symmetric timeout 0 3.0027
29 8 known_decomposable enumerate coefficient-pullback timeout 1 3.0
29 8 known_decomposable enumerate s4-symmetric timeout 0 3.0045
29 8 known_decomposable enumerate quadratic-image timeout 0 3.0005
29 8 known_decomposable enumerate chained-s3 timeout 0 3.0086
