ptxas info    : 1792 bytes gmem
ptxas info    : Compiling entry function '_ZN12eccPacked1314walkE10WalkParamsIjEPj' for 'sm_120'
ptxas info    : Function properties for _ZN12eccPacked1314walkE10WalkParamsIjEPj
    24 bytes stack frame, 20 bytes spill stores, 40 bytes spill loads
ptxas info    : Used 80 registers, used 1 barriers, 24 bytes cumulative stack size
ptxas info    : Compile time = 177.873 ms
ptxas info    : Function properties for _ZN33_INTERNAL_77c3753b_7_main_cu_main12eccPacked13118sigmaInvNetwork131ENS0_4P131Ei_$_specialized_$_3
    0 bytes stack frame, 0 bytes spill stores, 0 bytes spill loads
ptxas info    : Function properties for _ZN33_INTERNAL_77c3753b_7_main_cu_main12eccPacked13118sigmaInvNetwork131ENS0_4P131Ei_$_specialized_$_4
    0 bytes stack frame, 0 bytes spill stores, 0 bytes spill loads
ptxas info    : Function properties for _ZN33_INTERNAL_77c3753b_7_main_cu_main12eccPacked13118sigmaInvNetwork131ENS0_4P131Ei_$_specialized_$_5
    0 bytes stack frame, 0 bytes spill stores, 0 bytes spill loads
ptxas info    : Function properties for _ZN33_INTERNAL_77c3753b_7_main_cu_main12eccPacked13119sigmaWalkNetwork131ENS0_4P131Ei_$_specialized_$_1
    0 bytes stack frame, 0 bytes spill stores, 0 bytes spill loads
ptxas info    : Function properties for _ZN33_INTERNAL_77c3753b_7_main_cu_main12eccPacked13119sigmaWalkNetwork131ENS0_4P131Ei_$_specialized_$_2
    0 bytes stack frame, 0 bytes spill stores, 0 bytes spill loads
ptxas info    : Function properties for _ZN33_INTERNAL_77c3753b_7_main_cu_main12eccPacked1316mul131ENS0_4P131ES1_
    0 bytes stack frame, 0 bytes spill stores, 0 bytes spill loads
ptxas info    : Compiling entry function '_ZN12eccPacked1314initE10WalkParamsIjEb' for 'sm_120'
ptxas info    : Function properties for _ZN12eccPacked1314initE10WalkParamsIjEb
    0 bytes stack frame, 0 bytes spill stores, 0 bytes spill loads
ptxas info    : Used 80 registers, used 0 barriers
ptxas info    : Compile time = 67.446 ms
ptxas info    : Function properties for _ZN33_INTERNAL_77c3753b_7_main_cu_main12eccPacked13118sigmaInvNetwork131ENS0_4P131Ei_$_specialized_$_3
    0 bytes stack frame, 0 bytes spill stores, 0 bytes spill loads
ptxas info    : Function properties for _ZN33_INTERNAL_77c3753b_7_main_cu_main12eccPacked13118sigmaInvNetwork131ENS0_4P131Ei_$_specialized_$_4
    0 bytes stack frame, 0 bytes spill stores, 0 bytes spill loads
ptxas info    : Function properties for _ZN33_INTERNAL_77c3753b_7_main_cu_main12eccPacked13118sigmaInvNetwork131ENS0_4P131Ei_$_specialized_$_5
    0 bytes stack frame, 0 bytes spill stores, 0 bytes spill loads
ptxas info    : Function properties for _ZN33_INTERNAL_77c3753b_7_main_cu_main12eccPacked13119sigmaWalkNetwork131ENS0_4P131Ei_$_specialized_$_1
    0 bytes stack frame, 0 bytes spill stores, 0 bytes spill loads
ptxas info    : Function properties for _ZN33_INTERNAL_77c3753b_7_main_cu_main12eccPacked13119sigmaWalkNetwork131ENS0_4P131Ei_$_specialized_$_2
    0 bytes stack frame, 0 bytes spill stores, 0 bytes spill loads
ptxas info    : Function properties for _ZN33_INTERNAL_77c3753b_7_main_cu_main12eccPacked1316mul131ENS0_4P131ES1_
    0 bytes stack frame, 0 bytes spill stores, 0 bytes spill loads
ptxas info    : Compiling entry function '_Z15eccReseedKernelI6CfgP97jEv10WalkParamsIT0_E' for 'sm_120'
ptxas info    : Function properties for _Z15eccReseedKernelI6CfgP97jEv10WalkParamsIT0_E
    14784 bytes stack frame, 20 bytes spill stores, 60 bytes spill loads
ptxas info    : Used 80 registers, used 0 barriers, 14784 bytes cumulative stack size
ptxas info    : Compile time = 1254.580 ms
ptxas info    : Function properties for _ZN4WalkI6CfgP97jE10startPointEPKyRK11CurveConstsPjS7_
    0 bytes stack frame, 3508 bytes spill stores, 3516 bytes spill loads
ptxas info    : Function properties for _ZN4WalkI6CfgP97jE11reseedLanesEjPyRK11CurveConstsPjS6_
    0 bytes stack frame, 20 bytes spill stores, 12 bytes spill loads
ptxas info    : Function properties for _ZN4WalkI6CfgP97jE8pointAddEPKjS3_S3_S3_PjS4_
    0 bytes stack frame, 1452 bytes spill stores, 1756 bytes spill loads
ptxas info    : Function properties for _ZN6CfgP973sqrIjEEvPKT_PS1_
    0 bytes stack frame, 0 bytes spill stores, 0 bytes spill loads
ptxas info    : Function properties for _ZN6CfgP976reduceIjEEvPKT_PS1_
    0 bytes stack frame, 0 bytes spill stores, 8 bytes spill loads
ptxas info    : Function properties for _ZN6CfgP977mulLeafIjEEvPKT_S3_PS1_
    0 bytes stack frame, 0 bytes spill stores, 4 bytes spill loads
ptxas info    : Function properties for _ZN6eccP973sqrIjEEvPKT_PS1_
    0 bytes stack frame, 0 bytes spill stores, 0 bytes spill loads
ptxas info    : Function properties for _ZN6eccP976reduceIjEEvPKT_PS1_
    0 bytes stack frame, 0 bytes spill stores, 0 bytes spill loads
ptxas info    : Function properties for _ZN6eccP977mulLeafIjEEvPKT_S3_PS1_
    0 bytes stack frame, 732 bytes spill stores, 1048 bytes spill loads
ptxas info    : Function properties for _ZN7FieldPbI6CfgP97jE3invEPKjPj
    0 bytes stack frame, 28 bytes spill stores, 0 bytes spill loads
ptxas info    : Function properties for _ZN7FieldPbI6CfgP97jE3mulEPKjS3_Pj
    0 bytes stack frame, 580 bytes spill stores, 696 bytes spill loads
ptxas info    : Compiling entry function '_Z13eccInitKernelI6CfgP97jEv10WalkParamsIT0_E' for 'sm_120'
ptxas info    : Function properties for _Z13eccInitKernelI6CfgP97jEv10WalkParamsIT0_E
    13840 bytes stack frame, 20 bytes spill stores, 36 bytes spill loads
ptxas info    : Used 80 registers, used 0 barriers, 13840 bytes cumulative stack size
ptxas info    : Compile time = 1064.057 ms
ptxas info    : Function properties for _ZN4WalkI6CfgP97jE10startPointEPKyRK11CurveConstsPjS7_
    0 bytes stack frame, 3396 bytes spill stores, 3392 bytes spill loads
ptxas info    : Function properties for _ZN4WalkI6CfgP97jE8pointAddEPKjS3_S3_S3_PjS4_
    0 bytes stack frame, 1412 bytes spill stores, 1704 bytes spill loads
ptxas info    : Function properties for _ZN6CfgP973sqrIjEEvPKT_PS1_
    0 bytes stack frame, 0 bytes spill stores, 0 bytes spill loads
ptxas info    : Function properties for _ZN6CfgP976reduceIjEEvPKT_PS1_
    0 bytes stack frame, 0 bytes spill stores, 0 bytes spill loads
ptxas info    : Function properties for _ZN6CfgP977mulLeafIjEEvPKT_S3_PS1_
    0 bytes stack frame, 0 bytes spill stores, 4 bytes spill loads
ptxas info    : Function properties for _ZN6eccP973sqrIjEEvPKT_PS1_
    0 bytes stack frame, 0 bytes spill stores, 0 bytes spill loads
ptxas info    : Function properties for _ZN6eccP976reduceIjEEvPKT_PS1_
    0 bytes stack frame, 0 bytes spill stores, 0 bytes spill loads
ptxas info    : Function properties for _ZN6eccP977mulLeafIjEEvPKT_S3_PS1_
    0 bytes stack frame, 648 bytes spill stores, 852 bytes spill loads
ptxas info    : Function properties for _ZN7FieldPbI6CfgP97jE3invEPKjPj
    0 bytes stack frame, 28 bytes spill stores, 0 bytes spill loads
ptxas info    : Function properties for _ZN7FieldPbI6CfgP97jE3mulEPKjS3_Pj
    0 bytes stack frame, 544 bytes spill stores, 664 bytes spill loads
ptxas info    : Compiling entry function '_Z13eccWalkKernelI6CfgP97jEv10WalkParamsIT0_E' for 'sm_120'
ptxas info    : Function properties for _Z13eccWalkKernelI6CfgP97jEv10WalkParamsIT0_E
    11424 bytes stack frame, 832 bytes spill stores, 940 bytes spill loads
ptxas info    : Used 80 registers, used 0 barriers, 11424 bytes cumulative stack size
ptxas info    : Compile time = 993.873 ms
ptxas info    : Function properties for _ZN4WalkI6CfgP97jE6sigmaJEPKjS3_Pj
    0 bytes stack frame, 1268 bytes spill stores, 1352 bytes spill loads
ptxas info    : Function properties for _ZN6CfgP973sqrIjEEvPKT_PS1_
    0 bytes stack frame, 0 bytes spill stores, 0 bytes spill loads
ptxas info    : Function properties for _ZN6CfgP976reduceIjEEvPKT_PS1_
    0 bytes stack frame, 0 bytes spill stores, 8 bytes spill loads
ptxas info    : Function properties for _ZN6CfgP977hammingIjEEvPKT_PS1_
    0 bytes stack frame, 0 bytes spill stores, 0 bytes spill loads
ptxas info    : Function properties for _ZN6CfgP977mulLeafIjEEvPKT_S3_PS1_
    0 bytes stack frame, 0 bytes spill stores, 4 bytes spill loads
ptxas info    : Function properties for _ZN6KernelI6CfgP97jE12overdueLanesEiiRK10WalkParamsIjEy
    0 bytes stack frame, 0 bytes spill stores, 0 bytes spill loads
ptxas info    : Function properties for _ZN6KernelI6CfgP97jE19handleDistinguishedEiijRK10WalkParamsIjEyPKjS7_
    0 bytes stack frame, 0 bytes spill stores, 0 bytes spill loads
ptxas info    : Function properties for _ZN6eccP973sqrIjEEvPKT_PS1_
    0 bytes stack frame, 8 bytes spill stores, 8 bytes spill loads
ptxas info    : Function properties for _ZN6eccP976reduceIjEEvPKT_PS1_
    0 bytes stack frame, 0 bytes spill stores, 0 bytes spill loads
ptxas info    : Function properties for _ZN6eccP977hammingIjEEvPKT_PS1_
    0 bytes stack frame, 2720 bytes spill stores, 3316 bytes spill loads
ptxas info    : Function properties for _ZN6eccP977mulLeafIjEEvPKT_S3_PS1_
    0 bytes stack frame, 664 bytes spill stores, 956 bytes spill loads
ptxas info    : Function properties for _ZN7FieldPbI6CfgP97jE3invEPKjPj
    0 bytes stack frame, 28 bytes spill stores, 8 bytes spill loads
ptxas info    : Function properties for _ZN7FieldPbI6CfgP97jE3mulEPKjS3_Pj
    0 bytes stack frame, 496 bytes spill stores, 592 bytes spill loads
ptxas info    : Compiling entry function '_Z15eccReseedKernelI6CfgP41jEv10WalkParamsIT0_E' for 'sm_120'
ptxas info    : Function properties for _Z15eccReseedKernelI6CfgP41jEv10WalkParamsIT0_E
    7264 bytes stack frame, 20 bytes spill stores, 60 bytes spill loads
ptxas info    : Used 80 registers, used 0 barriers, 7264 bytes cumulative stack size
ptxas info    : Compile time = 446.925 ms
ptxas info    : Function properties for _ZN4WalkI6CfgP41jE10startPointEPKyRK11CurveConstsPjS7_
    0 bytes stack frame, 3148 bytes spill stores, 3148 bytes spill loads
ptxas info    : Function properties for _ZN4WalkI6CfgP41jE11reseedLanesEjPyRK11CurveConstsPjS6_
    0 bytes stack frame, 20 bytes spill stores, 12 bytes spill loads
ptxas info    : Function properties for _ZN4WalkI6CfgP41jE8pointAddEPKjS3_S3_S3_PjS4_
    0 bytes stack frame, 488 bytes spill stores, 504 bytes spill loads
ptxas info    : Function properties for _ZN6CfgP413sqrIjEEvPKT_PS1_
    0 bytes stack frame, 0 bytes spill stores, 0 bytes spill loads
ptxas info    : Function properties for _ZN6CfgP416reduceIjEEvPKT_PS1_
    0 bytes stack frame, 0 bytes spill stores, 8 bytes spill loads
ptxas info    : Function properties for _ZN6CfgP417mulLeafIjEEvPKT_S3_PS1_
    0 bytes stack frame, 0 bytes spill stores, 4 bytes spill loads
ptxas info    : Function properties for _ZN6eccP413sqrIjEEvPKT_PS1_
    0 bytes stack frame, 0 bytes spill stores, 0 bytes spill loads
ptxas info    : Function properties for _ZN6eccP416reduceIjEEvPKT_PS1_
    0 bytes stack frame, 0 bytes spill stores, 0 bytes spill loads
ptxas info    : Function properties for _ZN6eccP417mulLeafIjEEvPKT_S3_PS1_
    0 bytes stack frame, 600 bytes spill stores, 816 bytes spill loads
ptxas info    : Function properties for _ZN7FieldPbI6CfgP41jE3invEPKjPj
    0 bytes stack frame, 0 bytes spill stores, 0 bytes spill loads
ptxas info    : Function properties for _ZN7FieldPbI6CfgP41jE3mulEPKjS3_Pj
    0 bytes stack frame, 8 bytes spill stores, 0 bytes spill loads
ptxas info    : Compiling entry function '_Z13eccInitKernelI6CfgP41jEv10WalkParamsIT0_E' for 'sm_120'
ptxas info    : Function properties for _Z13eccInitKernelI6CfgP41jEv10WalkParamsIT0_E
    6864 bytes stack frame, 20 bytes spill stores, 36 bytes spill loads
ptxas info    : Used 80 registers, used 0 barriers, 6864 bytes cumulative stack size
ptxas info    : Compile time = 416.576 ms
ptxas info    : Function properties for _ZN4WalkI6CfgP41jE10startPointEPKyRK11CurveConstsPjS7_
    0 bytes stack frame, 3140 bytes spill stores, 3136 bytes spill loads
ptxas info    : Function properties for _ZN4WalkI6CfgP41jE8pointAddEPKjS3_S3_S3_PjS4_
    0 bytes stack frame, 488 bytes spill stores, 488 bytes spill loads
ptxas info    : Function properties for _ZN6CfgP413sqrIjEEvPKT_PS1_
    0 bytes stack frame, 0 bytes spill stores, 0 bytes spill loads
ptxas info    : Function properties for _ZN6CfgP416reduceIjEEvPKT_PS1_
    0 bytes stack frame, 0 bytes spill stores, 0 bytes spill loads
ptxas info    : Function properties for _ZN6CfgP417mulLeafIjEEvPKT_S3_PS1_
    0 bytes stack frame, 0 bytes spill stores, 0 bytes spill loads
ptxas info    : Function properties for _ZN6eccP413sqrIjEEvPKT_PS1_
    0 bytes stack frame, 0 bytes spill stores, 0 bytes spill loads
ptxas info    : Function properties for _ZN6eccP416reduceIjEEvPKT_PS1_
    0 bytes stack frame, 0 bytes spill stores, 0 bytes spill loads
ptxas info    : Function properties for _ZN6eccP417mulLeafIjEEvPKT_S3_PS1_
    0 bytes stack frame, 448 bytes spill stores, 556 bytes spill loads
ptxas info    : Function properties for _ZN7FieldPbI6CfgP41jE3invEPKjPj
    0 bytes stack frame, 0 bytes spill stores, 0 bytes spill loads
ptxas info    : Function properties for _ZN7FieldPbI6CfgP41jE3mulEPKjS3_Pj
    0 bytes stack frame, 0 bytes spill stores, 0 bytes spill loads
ptxas info    : Compiling entry function '_Z13eccWalkKernelI6CfgP41jEv10WalkParamsIT0_E' for 'sm_120'
ptxas info    : Function properties for _Z13eccWalkKernelI6CfgP41jEv10WalkParamsIT0_E
    3808 bytes stack frame, 328 bytes spill stores, 352 bytes spill loads
ptxas info    : Used 80 registers, used 0 barriers, 3808 bytes cumulative stack size
ptxas info    : Compile time = 314.554 ms
ptxas info    : Function properties for _ZN4WalkI6CfgP41jE6sigmaJEPKjS3_Pj
    0 bytes stack frame, 40 bytes spill stores, 44 bytes spill loads
ptxas info    : Function properties for _ZN6CfgP413sqrIjEEvPKT_PS1_
    0 bytes stack frame, 0 bytes spill stores, 0 bytes spill loads
ptxas info    : Function properties for _ZN6CfgP416reduceIjEEvPKT_PS1_
    0 bytes stack frame, 0 bytes spill stores, 8 bytes spill loads
ptxas info    : Function properties for _ZN6CfgP417hammingIjEEvPKT_PS1_
    0 bytes stack frame, 0 bytes spill stores, 0 bytes spill loads
ptxas info    : Function properties for _ZN6CfgP417mulLeafIjEEvPKT_S3_PS1_
    0 bytes stack frame, 0 bytes spill stores, 4 bytes spill loads
ptxas info    : Function properties for _ZN6KernelI6CfgP41jE12overdueLanesEiiRK10WalkParamsIjEy
    0 bytes stack frame, 0 bytes spill stores, 0 bytes spill loads
ptxas info    : Function properties for _ZN6KernelI6CfgP41jE19handleDistinguishedEiijRK10WalkParamsIjEyPKjS7_
    0 bytes stack frame, 0 bytes spill stores, 0 bytes spill loads
ptxas info    : Function properties for _ZN6eccP413sqrIjEEvPKT_PS1_
    0 bytes stack frame, 0 bytes spill stores, 0 bytes spill loads
ptxas info    : Function properties for _ZN6eccP416reduceIjEEvPKT_PS1_
    0 bytes stack frame, 0 bytes spill stores, 0 bytes spill loads
ptxas info    : Function properties for _ZN6eccP417hammingIjEEvPKT_PS1_
    0 bytes stack frame, 136 bytes spill stores, 140 bytes spill loads
ptxas info    : Function properties for _ZN6eccP417mulLeafIjEEvPKT_S3_PS1_
    0 bytes stack frame, 488 bytes spill stores, 548 bytes spill loads
ptxas info    : Function properties for _ZN7FieldPbI6CfgP41jE3invEPKjPj
    0 bytes stack frame, 0 bytes spill stores, 8 bytes spill loads
ptxas info    : Function properties for _ZN7FieldPbI6CfgP41jE3mulEPKjS3_Pj
    0 bytes stack frame, 8 bytes spill stores, 0 bytes spill loads
ptxas info    : Compiling entry function '_Z15eccReseedKernelI6CfgP19jEv10WalkParamsIT0_E' for 'sm_120'
ptxas info    : Function properties for _Z15eccReseedKernelI6CfgP19jEv10WalkParamsIT0_E
    5440 bytes stack frame, 20 bytes spill stores, 60 bytes spill loads
ptxas info    : Used 80 registers, used 0 barriers, 5440 bytes cumulative stack size
ptxas info    : Compile time = 210.187 ms
ptxas info    : Function properties for _ZN4WalkI6CfgP19jE10startPointEPKyRK11CurveConstsPjS7_
    0 bytes stack frame, 3152 bytes spill stores, 3156 bytes spill loads
ptxas info    : Function properties for _ZN4WalkI6CfgP19jE11reseedLanesEjPyRK11CurveConstsPjS6_
    0 bytes stack frame, 20 bytes spill stores, 12 bytes spill loads
ptxas info    : Function properties for _ZN4WalkI6CfgP19jE8pointAddEPKjS3_S3_S3_PjS4_
    0 bytes stack frame, 64 bytes spill stores, 80 bytes spill loads
ptxas info    : Function properties for _ZN6CfgP193sqrIjEEvPKT_PS1_
    0 bytes stack frame, 0 bytes spill stores, 0 bytes spill loads
ptxas info    : Function properties for _ZN6CfgP196reduceIjEEvPKT_PS1_
    0 bytes stack frame, 0 bytes spill stores, 4 bytes spill loads
ptxas info    : Function properties for _ZN6CfgP197mulLeafIjEEvPKT_S3_PS1_
    0 bytes stack frame, 0 bytes spill stores, 0 bytes spill loads
ptxas info    : Function properties for _ZN6eccP193sqrIjEEvPKT_PS1_
    0 bytes stack frame, 0 bytes spill stores, 0 bytes spill loads
ptxas info    : Function properties for _ZN6eccP196reduceIjEEvPKT_PS1_
    0 bytes stack frame, 0 bytes spill stores, 0 bytes spill loads
ptxas info    : Function properties for _ZN6eccP197mulLeafIjEEvPKT_S3_PS1_
    0 bytes stack frame, 4 bytes spill stores, 4 bytes spill loads
ptxas info    : Function properties for _ZN7FieldPbI6CfgP19jE3invEPKjPj
    0 bytes stack frame, 0 bytes spill stores, 0 bytes spill loads
ptxas info    : Function properties for _ZN7FieldPbI6CfgP19jE3mulEPKjS3_Pj
    0 bytes stack frame, 4 bytes spill stores, 0 bytes spill loads
ptxas info    : Compiling entry function '_Z13eccInitKernelI6CfgP19jEv10WalkParamsIT0_E' for 'sm_120'
ptxas info    : Function properties for _Z13eccInitKernelI6CfgP19jEv10WalkParamsIT0_E
    5184 bytes stack frame, 20 bytes spill stores, 36 bytes spill loads
ptxas info    : Used 80 registers, used 0 barriers, 5184 bytes cumulative stack size
ptxas info    : Compile time = 212.474 ms
ptxas info    : Function properties for _ZN4WalkI6CfgP19jE10startPointEPKyRK11CurveConstsPjS7_
    0 bytes stack frame, 3148 bytes spill stores, 3152 bytes spill loads
ptxas info    : Function properties for _ZN4WalkI6CfgP19jE8pointAddEPKjS3_S3_S3_PjS4_
    0 bytes stack frame, 52 bytes spill stores, 52 bytes spill loads
ptxas info    : Function properties for _ZN6CfgP193sqrIjEEvPKT_PS1_
    0 bytes stack frame, 0 bytes spill stores, 0 bytes spill loads
ptxas info    : Function properties for _ZN6CfgP196reduceIjEEvPKT_PS1_
    0 bytes stack frame, 0 bytes spill stores, 4 bytes spill loads
ptxas info    : Function properties for _ZN6CfgP197mulLeafIjEEvPKT_S3_PS1_
    0 bytes stack frame, 0 bytes spill stores, 0 bytes spill loads
ptxas info    : Function properties for _ZN6eccP193sqrIjEEvPKT_PS1_
    0 bytes stack frame, 0 bytes spill stores, 0 bytes spill loads
ptxas info    : Function properties for _ZN6eccP196reduceIjEEvPKT_PS1_
    0 bytes stack frame, 0 bytes spill stores, 0 bytes spill loads
ptxas info    : Function properties for _ZN6eccP197mulLeafIjEEvPKT_S3_PS1_
    0 bytes stack frame, 4 bytes spill stores, 4 bytes spill loads
ptxas info    : Function properties for _ZN7FieldPbI6CfgP19jE3invEPKjPj
    0 bytes stack frame, 0 bytes spill stores, 0 bytes spill loads
ptxas info    : Function properties for _ZN7FieldPbI6CfgP19jE3mulEPKjS3_Pj
    0 bytes stack frame, 4 bytes spill stores, 0 bytes spill loads
ptxas info    : Compiling entry function '_Z13eccWalkKernelI6CfgP19jEv10WalkParamsIT0_E' for 'sm_120'
ptxas info    : Function properties for _Z13eccWalkKernelI6CfgP19jEv10WalkParamsIT0_E
    1760 bytes stack frame, 32 bytes spill stores, 32 bytes spill loads
ptxas info    : Used 80 registers, used 0 barriers, 1760 bytes cumulative stack size
ptxas info    : Compile time = 150.900 ms
ptxas info    : Function properties for _ZN4WalkI6CfgP19jE6sigmaJEPKjS3_Pj
    0 bytes stack frame, 0 bytes spill stores, 0 bytes spill loads
ptxas info    : Function properties for _ZN6CfgP193sqrIjEEvPKT_PS1_
    0 bytes stack frame, 0 bytes spill stores, 0 bytes spill loads
ptxas info    : Function properties for _ZN6CfgP196reduceIjEEvPKT_PS1_
    0 bytes stack frame, 0 bytes spill stores, 4 bytes spill loads
ptxas info    : Function properties for _ZN6CfgP197hammingIjEEvPKT_PS1_
    0 bytes stack frame, 0 bytes spill stores, 0 bytes spill loads
ptxas info    : Function properties for _ZN6CfgP197mulLeafIjEEvPKT_S3_PS1_
    0 bytes stack frame, 0 bytes spill stores, 0 bytes spill loads
ptxas info    : Function properties for _ZN6KernelI6CfgP19jE12overdueLanesEiiRK10WalkParamsIjEy
    0 bytes stack frame, 0 bytes spill stores, 0 bytes spill loads
ptxas info    : Function properties for _ZN6KernelI6CfgP19jE19handleDistinguishedEiijRK10WalkParamsIjEyPKjS7_
    0 bytes stack frame, 0 bytes spill stores, 0 bytes spill loads
ptxas info    : Function properties for _ZN6eccP193sqrIjEEvPKT_PS1_
    0 bytes stack frame, 0 bytes spill stores, 0 bytes spill loads
ptxas info    : Function properties for _ZN6eccP196reduceIjEEvPKT_PS1_
    0 bytes stack frame, 0 bytes spill stores, 0 bytes spill loads
ptxas info    : Function properties for _ZN6eccP197hammingIjEEvPKT_PS1_
    0 bytes stack frame, 0 bytes spill stores, 0 bytes spill loads
ptxas info    : Function properties for _ZN6eccP197mulLeafIjEEvPKT_S3_PS1_
    0 bytes stack frame, 0 bytes spill stores, 0 bytes spill loads
ptxas info    : Function properties for _ZN7FieldPbI6CfgP19jE3invEPKjPj
    0 bytes stack frame, 0 bytes spill stores, 0 bytes spill loads
ptxas info    : Function properties for _ZN7FieldPbI6CfgP19jE3mulEPKjS3_Pj
    0 bytes stack frame, 4 bytes spill stores, 0 bytes spill loads
ptxas info    : Compiling entry function '_Z15eccReseedKernelI6CfgP13jEv10WalkParamsIT0_E' for 'sm_120'
ptxas info    : Function properties for _Z15eccReseedKernelI6CfgP13jEv10WalkParamsIT0_E
    4864 bytes stack frame, 48 bytes spill stores, 64 bytes spill loads
ptxas info    : Used 80 registers, used 0 barriers, 4864 bytes cumulative stack size
ptxas info    : Compile time = 171.747 ms
ptxas info    : Function properties for _ZN4WalkI6CfgP13jE10startPointEPKyRK11CurveConstsPjS7_
    0 bytes stack frame, 3164 bytes spill stores, 3176 bytes spill loads
ptxas info    : Function properties for _ZN4WalkI6CfgP13jE11reseedLanesEjPyRK11CurveConstsPjS6_
    0 bytes stack frame, 12 bytes spill stores, 4 bytes spill loads
ptxas info    : Function properties for _ZN4WalkI6CfgP13jE8pointAddEPKjS3_S3_S3_PjS4_
    0 bytes stack frame, 0 bytes spill stores, 16 bytes spill loads
ptxas info    : Function properties for _ZN6CfgP133sqrIjEEvPKT_PS1_
    0 bytes stack frame, 0 bytes spill stores, 0 bytes spill loads
ptxas info    : Function properties for _ZN6CfgP136reduceIjEEvPKT_PS1_
    0 bytes stack frame, 0 bytes spill stores, 0 bytes spill loads
ptxas info    : Function properties for _ZN6CfgP137mulLeafIjEEvPKT_S3_PS1_
    0 bytes stack frame, 0 bytes spill stores, 0 bytes spill loads
ptxas info    : Function properties for _ZN6eccP133sqrIjEEvPKT_PS1_
    0 bytes stack frame, 0 bytes spill stores, 0 bytes spill loads
ptxas info    : Function properties for _ZN6eccP136reduceIjEEvPKT_PS1_
    0 bytes stack frame, 0 bytes spill stores, 0 bytes spill loads
ptxas info    : Function properties for _ZN6eccP137mulLeafIjEEvPKT_S3_PS1_
    0 bytes stack frame, 0 bytes spill stores, 0 bytes spill loads
ptxas info    : Function properties for _ZN7FieldPbI6CfgP13jE3invEPKjPj
    0 bytes stack frame, 0 bytes spill stores, 0 bytes spill loads
ptxas info    : Function properties for _ZN7FieldPbI6CfgP13jE3mulEPKjS3_Pj
    0 bytes stack frame, 0 bytes spill stores, 0 bytes spill loads
ptxas info    : Compiling entry function '_Z13eccInitKernelI6CfgP13jEv10WalkParamsIT0_E' for 'sm_120'
ptxas info    : Function properties for _Z13eccInitKernelI6CfgP13jEv10WalkParamsIT0_E
    4704 bytes stack frame, 156 bytes spill stores, 116 bytes spill loads
ptxas info    : Used 80 registers, used 0 barriers, 4704 bytes cumulative stack size
ptxas info    : Compile time = 173.992 ms
ptxas info    : Function properties for _ZN4WalkI6CfgP13jE10startPointEPKyRK11CurveConstsPjS7_
    0 bytes stack frame, 3124 bytes spill stores, 3128 bytes spill loads
ptxas info    : Function properties for _ZN4WalkI6CfgP13jE8pointAddEPKjS3_S3_S3_PjS4_
    0 bytes stack frame, 4 bytes spill stores, 4 bytes spill loads
ptxas info    : Function properties for _ZN6CfgP133sqrIjEEvPKT_PS1_
    0 bytes stack frame, 0 bytes spill stores, 0 bytes spill loads
ptxas info    : Function properties for _ZN6CfgP136reduceIjEEvPKT_PS1_
    0 bytes stack frame, 0 bytes spill stores, 4 bytes spill loads
ptxas info    : Function properties for _ZN6CfgP137mulLeafIjEEvPKT_S3_PS1_
    0 bytes stack frame, 0 bytes spill stores, 0 bytes spill loads
ptxas info    : Function properties for _ZN6eccP133sqrIjEEvPKT_PS1_
    0 bytes stack frame, 0 bytes spill stores, 0 bytes spill loads
ptxas info    : Function properties for _ZN6eccP136reduceIjEEvPKT_PS1_
    0 bytes stack frame, 0 bytes spill stores, 0 bytes spill loads
ptxas info    : Function properties for _ZN6eccP137mulLeafIjEEvPKT_S3_PS1_
    0 bytes stack frame, 4 bytes spill stores, 4 bytes spill loads
ptxas info    : Function properties for _ZN7FieldPbI6CfgP13jE3invEPKjPj
    0 bytes stack frame, 0 bytes spill stores, 0 bytes spill loads
ptxas info    : Function properties for _ZN7FieldPbI6CfgP13jE3mulEPKjS3_Pj
    0 bytes stack frame, 4 bytes spill stores, 0 bytes spill loads
ptxas info    : Compiling entry function '_Z13eccWalkKernelI6CfgP13jEv10WalkParamsIT0_E' for 'sm_120'
ptxas info    : Function properties for _Z13eccWalkKernelI6CfgP13jEv10WalkParamsIT0_E
    1360 bytes stack frame, 76 bytes spill stores, 92 bytes spill loads
ptxas info    : Used 80 registers, used 0 barriers, 1360 bytes cumulative stack size
ptxas info    : Compile time = 90.924 ms
ptxas info    : Function properties for _ZN4WalkI6CfgP13jE6sigmaJEPKjS3_Pj
    0 bytes stack frame, 0 bytes spill stores, 0 bytes spill loads
ptxas info    : Function properties for _ZN6CfgP133sqrIjEEvPKT_PS1_
    0 bytes stack frame, 0 bytes spill stores, 0 bytes spill loads
ptxas info    : Function properties for _ZN6CfgP136reduceIjEEvPKT_PS1_
    0 bytes stack frame, 0 bytes spill stores, 4 bytes spill loads
ptxas info    : Function properties for _ZN6CfgP137hammingIjEEvPKT_PS1_
    0 bytes stack frame, 0 bytes spill stores, 0 bytes spill loads
ptxas info    : Function properties for _ZN6CfgP137mulLeafIjEEvPKT_S3_PS1_
    0 bytes stack frame, 0 bytes spill stores, 0 bytes spill loads
ptxas info    : Function properties for _ZN6KernelI6CfgP13jE12overdueLanesEiiRK10WalkParamsIjEy
    0 bytes stack frame, 0 bytes spill stores, 0 bytes spill loads
ptxas info    : Function properties for _ZN6KernelI6CfgP13jE19handleDistinguishedEiijRK10WalkParamsIjEyPKjS7_
    0 bytes stack frame, 0 bytes spill stores, 0 bytes spill loads
ptxas info    : Function properties for _ZN6eccP133sqrIjEEvPKT_PS1_
    0 bytes stack frame, 0 bytes spill stores, 0 bytes spill loads
ptxas info    : Function properties for _ZN6eccP136reduceIjEEvPKT_PS1_
    0 bytes stack frame, 0 bytes spill stores, 0 bytes spill loads
ptxas info    : Function properties for _ZN6eccP137hammingIjEEvPKT_PS1_
    0 bytes stack frame, 0 bytes spill stores, 0 bytes spill loads
ptxas info    : Function properties for _ZN6eccP137mulLeafIjEEvPKT_S3_PS1_
    0 bytes stack frame, 4 bytes spill stores, 4 bytes spill loads
ptxas info    : Function properties for _ZN7FieldPbI6CfgP13jE3invEPKjPj
    0 bytes stack frame, 0 bytes spill stores, 0 bytes spill loads
ptxas info    : Function properties for _ZN7FieldPbI6CfgP13jE3mulEPKjS3_Pj
    0 bytes stack frame, 4 bytes spill stores, 0 bytes spill loads
ptxas info    : Compiling entry function '_Z15eccReseedKernelI7CfgF131jEv10WalkParamsIT0_E' for 'sm_120'
ptxas info    : Function properties for _Z15eccReseedKernelI7CfgF131jEv10WalkParamsIT0_E
    18144 bytes stack frame, 20 bytes spill stores, 60 bytes spill loads
ptxas info    : Used 80 registers, used 0 barriers, 18144 bytes cumulative stack size
ptxas info    : Compile time = 1549.936 ms
ptxas info    : Function properties for _ZN4WalkI7CfgF131jE10startPointEPKyRK11CurveConstsPjS7_
    0 bytes stack frame, 3212 bytes spill stores, 3224 bytes spill loads
ptxas info    : Function properties for _ZN4WalkI7CfgF131jE11reseedLanesEjPyRK11CurveConstsPjS6_
    0 bytes stack frame, 24 bytes spill stores, 12 bytes spill loads
ptxas info    : Function properties for _ZN4WalkI7CfgF131jE8pointAddEPKjS3_S3_S3_PjS4_
    0 bytes stack frame, 1212 bytes spill stores, 1568 bytes spill loads
ptxas info    : Function properties for _ZN7CfgF1315toOnbIjEEvPKT_PS1_
    0 bytes stack frame, 0 bytes spill stores, 8 bytes spill loads
ptxas info    : Function properties for _ZN7CfgF1317mulLeafIjEEvPKT_S3_PS1_
    0 bytes stack frame, 0 bytes spill stores, 4 bytes spill loads
ptxas info    : Function properties for _ZN7CfgF1318multPrepIjEEvPKT_PS1_
    0 bytes stack frame, 0 bytes spill stores, 4 bytes spill loads
ptxas info    : Function properties for _ZN7FieldBsI7CfgF131jE3invEPKjPj
    0 bytes stack frame, 44 bytes spill stores, 32 bytes spill loads
ptxas info    : Function properties for _ZN7FieldBsI7CfgF131jE3mulEPKjS3_Pj
    0 bytes stack frame, 664 bytes spill stores, 660 bytes spill loads
ptxas info    : Function properties for _ZN7eccF1315toOnbIjEEvPKT_PS1_
    0 bytes stack frame, 28 bytes spill stores, 28 bytes spill loads
ptxas info    : Function properties for _ZN7eccF1317mulLeafIjEEvPKT_S3_PS1_
    0 bytes stack frame, 3748 bytes spill stores, 5028 bytes spill loads
ptxas info    : Function properties for _ZN7eccF1318multPrepIjEEvPKT_PS1_
    0 bytes stack frame, 220 bytes spill stores, 244 bytes spill loads
ptxas info    : Compiling entry function '_Z13eccInitKernelI7CfgF131jEv10WalkParamsIT0_E' for 'sm_120'
ptxas info    : Function properties for _Z13eccInitKernelI7CfgF131jEv10WalkParamsIT0_E
    17088 bytes stack frame, 20 bytes spill stores, 36 bytes spill loads
ptxas info    : Used 80 registers, used 0 barriers, 17088 bytes cumulative stack size
ptxas info    : Compile time = 1444.820 ms
ptxas info    : Function properties for _ZN4WalkI7CfgF131jE10startPointEPKyRK11CurveConstsPjS7_
    0 bytes stack frame, 3140 bytes spill stores, 3136 bytes spill loads
ptxas info    : Function properties for _ZN4WalkI7CfgF131jE8pointAddEPKjS3_S3_S3_PjS4_
    0 bytes stack frame, 1140 bytes spill stores, 1452 bytes spill loads
ptxas info    : Function properties for _ZN7CfgF1315toOnbIjEEvPKT_PS1_
    0 bytes stack frame, 0 bytes spill stores, 0 bytes spill loads
ptxas info    : Function properties for _ZN7CfgF1317mulLeafIjEEvPKT_S3_PS1_
    0 bytes stack frame, 0 bytes spill stores, 4 bytes spill loads
ptxas info    : Function properties for _ZN7CfgF1318multPrepIjEEvPKT_PS1_
    0 bytes stack frame, 0 bytes spill stores, 4 bytes spill loads
ptxas info    : Function properties for _ZN7FieldBsI7CfgF131jE3invEPKjPj
    0 bytes stack frame, 8 bytes spill stores, 0 bytes spill loads
ptxas info    : Function properties for _ZN7FieldBsI7CfgF131jE3mulEPKjS3_Pj
    0 bytes stack frame, 640 bytes spill stores, 640 bytes spill loads
ptxas info    : Function properties for _ZN7eccF1315toOnbIjEEvPKT_PS1_
    0 bytes stack frame, 20 bytes spill stores, 20 bytes spill loads
ptxas info    : Function properties for _ZN7eccF1317mulLeafIjEEvPKT_S3_PS1_
    0 bytes stack frame, 4240 bytes spill stores, 5588 bytes spill loads
ptxas info    : Function properties for _ZN7eccF1318multPrepIjEEvPKT_PS1_
    0 bytes stack frame, 188 bytes spill stores, 204 bytes spill loads
ptxas info    : Compiling entry function '_Z13eccWalkKernelI7CfgF131jEv10WalkParamsIT0_E' for 'sm_120'
ptxas info    : Function properties for _Z13eccWalkKernelI7CfgF131jEv10WalkParamsIT0_E
    14640 bytes stack frame, 112 bytes spill stores, 204 bytes spill loads
ptxas info    : Used 80 registers, used 0 barriers, 14640 bytes cumulative stack size
ptxas info    : Compile time = 960.419 ms
ptxas info    : Function properties for _ZN4WalkI7CfgF131jE6sigmaJEPKjS3_Pj
    0 bytes stack frame, 836 bytes spill stores, 888 bytes spill loads
ptxas info    : Function properties for _ZN6KernelI7CfgF131jE12overdueLanesEiiRK10WalkParamsIjEy
    0 bytes stack frame, 0 bytes spill stores, 0 bytes spill loads
ptxas info    : Function properties for _ZN6KernelI7CfgF131jE19handleDistinguishedEiijRK10WalkParamsIjEyPKjS7_
    0 bytes stack frame, 0 bytes spill stores, 0 bytes spill loads
ptxas info    : Function properties for _ZN7CfgF1315toOnbIjEEvPKT_PS1_
    0 bytes stack frame, 0 bytes spill stores, 8 bytes spill loads
ptxas info    : Function properties for _ZN7CfgF1317hammingIjEEvPKT_PS1_
    0 bytes stack frame, 0 bytes spill stores, 0 bytes spill loads
ptxas info    : Function properties for _ZN7CfgF1317mulLeafIjEEvPKT_S3_PS1_
    0 bytes stack frame, 0 bytes spill stores, 4 bytes spill loads
ptxas info    : Function properties for _ZN7CfgF1318multPrepIjEEvPKT_PS1_
    0 bytes stack frame, 0 bytes spill stores, 4 bytes spill loads
ptxas info    : Function properties for _ZN7FieldBsI7CfgF131jE3invEPKjPj
    0 bytes stack frame, 24 bytes spill stores, 20 bytes spill loads
ptxas info    : Function properties for _ZN7FieldBsI7CfgF131jE3mulEPKjS3_Pj
    0 bytes stack frame, 640 bytes spill stores, 632 bytes spill loads
ptxas info    : Function properties for _ZN7eccF1315toOnbIjEEvPKT_PS1_
    0 bytes stack frame, 36 bytes spill stores, 36 bytes spill loads
ptxas info    : Function properties for _ZN7eccF1317hammingIjEEvPKT_PS1_
    0 bytes stack frame, 0 bytes spill stores, 0 bytes spill loads
ptxas info    : Function properties for _ZN7eccF1317mulLeafIjEEvPKT_S3_PS1_
    0 bytes stack frame, 4044 bytes spill stores, 5516 bytes spill loads
ptxas info    : Function properties for _ZN7eccF1318multPrepIjEEvPKT_PS1_
    0 bytes stack frame, 224 bytes spill stores, 236 bytes spill loads
ptxas info    : Compiling entry function '_Z15eccReseedKernelI6CfgF83jEv10WalkParamsIT0_E' for 'sm_120'
ptxas info    : Function properties for _Z15eccReseedKernelI6CfgF83jEv10WalkParamsIT0_E
    11840 bytes stack frame, 20 bytes spill stores, 60 bytes spill loads
ptxas info    : Used 80 registers, used 0 barriers, 11840 bytes cumulative stack size
ptxas info    : Compile time = 790.064 ms
ptxas info    : Function properties for _ZN4WalkI6CfgF83jE10startPointEPKyRK11CurveConstsPjS7_
    0 bytes stack frame, 3164 bytes spill stores, 3140 bytes spill loads
ptxas info    : Function properties for _ZN4WalkI6CfgF83jE11reseedLanesEjPyRK11CurveConstsPjS6_
    0 bytes stack frame, 24 bytes spill stores, 12 bytes spill loads
ptxas info    : Function properties for _ZN4WalkI6CfgF83jE8pointAddEPKjS3_S3_S3_PjS4_
    0 bytes stack frame, 412 bytes spill stores, 612 bytes spill loads
ptxas info    : Function properties for _ZN6CfgF835toOnbIjEEvPKT_PS1_
    0 bytes stack frame, 0 bytes spill stores, 8 bytes spill loads
ptxas info    : Function properties for _ZN6CfgF837mulLeafIjEEvPKT_S3_PS1_
    0 bytes stack frame, 0 bytes spill stores, 4 bytes spill loads
ptxas info    : Function properties for _ZN6CfgF838multPrepIjEEvPKT_PS1_
    0 bytes stack frame, 0 bytes spill stores, 0 bytes spill loads
ptxas info    : Function properties for _ZN6eccF835toOnbIjEEvPKT_PS1_
    0 bytes stack frame, 0 bytes spill stores, 0 bytes spill loads
ptxas info    : Function properties for _ZN6eccF837mulLeafIjEEvPKT_S3_PS1_
    0 bytes stack frame, 504 bytes spill stores, 568 bytes spill loads
ptxas info    : Function properties for _ZN6eccF838multPrepIjEEvPKT_PS1_
    0 bytes stack frame, 0 bytes spill stores, 0 bytes spill loads
ptxas info    : Function properties for _ZN7FieldBsI6CfgF83jE3invEPKjPj
    0 bytes stack frame, 24 bytes spill stores, 20 bytes spill loads
ptxas info    : Function properties for _ZN7FieldBsI6CfgF83jE3mulEPKjS3_Pj
    0 bytes stack frame, 20 bytes spill stores, 4 bytes spill loads
ptxas info    : Compiling entry function '_Z13eccInitKernelI6CfgF83jEv10WalkParamsIT0_E' for 'sm_120'
ptxas info    : Function properties for _Z13eccInitKernelI6CfgF83jEv10WalkParamsIT0_E
    11056 bytes stack frame, 20 bytes spill stores, 36 bytes spill loads
ptxas info    : Used 80 registers, used 0 barriers, 11056 bytes cumulative stack size
ptxas info    : Compile time = 752.341 ms
ptxas info    : Function properties for _ZN4WalkI6CfgF83jE10startPointEPKyRK11CurveConstsPjS7_
    0 bytes stack frame, 3140 bytes spill stores, 3136 bytes spill loads
ptxas info    : Function properties for _ZN4WalkI6CfgF83jE8pointAddEPKjS3_S3_S3_PjS4_
    0 bytes stack frame, 340 bytes spill stores, 500 bytes spill loads
ptxas info    : Function properties for _ZN6CfgF835toOnbIjEEvPKT_PS1_
    0 bytes stack frame, 0 bytes spill stores, 0 bytes spill loads
ptxas info    : Function properties for _ZN6CfgF837mulLeafIjEEvPKT_S3_PS1_
    0 bytes stack frame, 0 bytes spill stores, 4 bytes spill loads
ptxas info    : Function properties for _ZN6CfgF838multPrepIjEEvPKT_PS1_
    0 bytes stack frame, 0 bytes spill stores, 0 bytes spill loads
ptxas info    : Function properties for _ZN6eccF835toOnbIjEEvPKT_PS1_
    0 bytes stack frame, 0 bytes spill stores, 0 bytes spill loads
ptxas info    : Function properties for _ZN6eccF837mulLeafIjEEvPKT_S3_PS1_
    0 bytes stack frame, 436 bytes spill stores, 488 bytes spill loads
ptxas info    : Function properties for _ZN6eccF838multPrepIjEEvPKT_PS1_
    0 bytes stack frame, 0 bytes spill stores, 0 bytes spill loads
ptxas info    : Function properties for _ZN7FieldBsI6CfgF83jE3invEPKjPj
    0 bytes stack frame, 8 bytes spill stores, 0 bytes spill loads
ptxas info    : Function properties for _ZN7FieldBsI6CfgF83jE3mulEPKjS3_Pj
    0 bytes stack frame, 12 bytes spill stores, 4 bytes spill loads
ptxas info    : Compiling entry function '_Z13eccWalkKernelI6CfgF83jEv10WalkParamsIT0_E' for 'sm_120'
ptxas info    : Function properties for _Z13eccWalkKernelI6CfgF83jEv10WalkParamsIT0_E
    8128 bytes stack frame, 48 bytes spill stores, 60 bytes spill loads
ptxas info    : Used 80 registers, used 0 barriers, 8128 bytes cumulative stack size
ptxas info    : Compile time = 456.813 ms
ptxas info    : Function properties for _ZN4WalkI6CfgF83jE6sigmaJEPKjS3_Pj
    0 bytes stack frame, 236 bytes spill stores, 240 bytes spill loads
ptxas info    : Function properties for _ZN6CfgF835toOnbIjEEvPKT_PS1_
    0 bytes stack frame, 0 bytes spill stores, 8 bytes spill loads
ptxas info    : Function properties for _ZN6CfgF837hammingIjEEvPKT_PS1_
    0 bytes stack frame, 0 bytes spill stores, 0 bytes spill loads
ptxas info    : Function properties for _ZN6CfgF837mulLeafIjEEvPKT_S3_PS1_
    0 bytes stack frame, 0 bytes spill stores, 4 bytes spill loads
ptxas info    : Function properties for _ZN6CfgF838multPrepIjEEvPKT_PS1_
    0 bytes stack frame, 0 bytes spill stores, 0 bytes spill loads
ptxas info    : Function properties for _ZN6KernelI6CfgF83jE12overdueLanesEiiRK10WalkParamsIjEy
    0 bytes stack frame, 0 bytes spill stores, 0 bytes spill loads
ptxas info    : Function properties for _ZN6KernelI6CfgF83jE19handleDistinguishedEiijRK10WalkParamsIjEyPKjS7_
    0 bytes stack frame, 0 bytes spill stores, 0 bytes spill loads
ptxas info    : Function properties for _ZN6eccF835toOnbIjEEvPKT_PS1_
    0 bytes stack frame, 0 bytes spill stores, 0 bytes spill loads
ptxas info    : Function properties for _ZN6eccF837hammingIjEEvPKT_PS1_
    0 bytes stack frame, 0 bytes spill stores, 0 bytes spill loads
ptxas info    : Function properties for _ZN6eccF837mulLeafIjEEvPKT_S3_PS1_
    0 bytes stack frame, 500 bytes spill stores, 568 bytes spill loads
ptxas info    : Function properties for _ZN6eccF838multPrepIjEEvPKT_PS1_
    0 bytes stack frame, 0 bytes spill stores, 0 bytes spill loads
ptxas info    : Function properties for _ZN7FieldBsI6CfgF83jE3invEPKjPj
    0 bytes stack frame, 4 bytes spill stores, 12 bytes spill loads
ptxas info    : Function properties for _ZN7FieldBsI6CfgF83jE3mulEPKjS3_Pj
    0 bytes stack frame, 20 bytes spill stores, 0 bytes spill loads
ptxas info    : Compiling entry function '_Z15eccReseedKernelI6CfgF41jEv10WalkParamsIT0_E' for 'sm_120'
ptxas info    : Function properties for _Z15eccReseedKernelI6CfgF41jEv10WalkParamsIT0_E
    6800 bytes stack frame, 20 bytes spill stores, 60 bytes spill loads
ptxas info    : Used 80 registers, used 0 barriers, 6800 bytes cumulative stack size
ptxas info    : Compile time = 438.865 ms
ptxas info    : Function properties for _ZN4WalkI6CfgF41jE10startPointEPKyRK11CurveConstsPjS7_
    0 bytes stack frame, 3172 bytes spill stores, 3144 bytes spill loads
ptxas info    : Function properties for _ZN4WalkI6CfgF41jE11reseedLanesEjPyRK11CurveConstsPjS6_
    0 bytes stack frame, 24 bytes spill stores, 12 bytes spill loads
ptxas info    : Function properties for _ZN4WalkI6CfgF41jE8pointAddEPKjS3_S3_S3_PjS4_
    0 bytes stack frame, 228 bytes spill stores, 276 bytes spill loads
ptxas info    : Function properties for _ZN6CfgF415toOnbIjEEvPKT_PS1_
    0 bytes stack frame, 0 bytes spill stores, 8 bytes spill loads
ptxas info    : Function properties for _ZN6CfgF417mulLeafIjEEvPKT_S3_PS1_
    0 bytes stack frame, 0 bytes spill stores, 4 bytes spill loads
ptxas info    : Function properties for _ZN6CfgF418multPrepIjEEvPKT_PS1_
    0 bytes stack frame, 0 bytes spill stores, 0 bytes spill loads
ptxas info    : Function properties for _ZN6eccF415toOnbIjEEvPKT_PS1_
    0 bytes stack frame, 0 bytes spill stores, 0 bytes spill loads
ptxas info    : Function properties for _ZN6eccF417mulLeafIjEEvPKT_S3_PS1_
    0 bytes stack frame, 472 bytes spill stores, 588 bytes spill loads
ptxas info    : Function properties for _ZN6eccF418multPrepIjEEvPKT_PS1_
    0 bytes stack frame, 0 bytes spill stores, 0 bytes spill loads
ptxas info    : Function properties for _ZN7FieldBsI6CfgF41jE3invEPKjPj
    0 bytes stack frame, 24 bytes spill stores, 20 bytes spill loads
ptxas info    : Function properties for _ZN7FieldBsI6CfgF41jE3mulEPKjS3_Pj
    0 bytes stack frame, 8 bytes spill stores, 4 bytes spill loads
ptxas info    : Compiling entry function '_Z13eccInitKernelI6CfgF41jEv10WalkParamsIT0_E' for 'sm_120'
ptxas info    : Function properties for _Z13eccInitKernelI6CfgF41jEv10WalkParamsIT0_E
    6368 bytes stack frame, 20 bytes spill stores, 36 bytes spill loads
ptxas info    : Used 80 registers, used 0 barriers, 6368 bytes cumulative stack size
ptxas info    : Compile time = 436.523 ms
ptxas info    : Function properties for _ZN4WalkI6CfgF41jE10startPointEPKyRK11CurveConstsPjS7_
    0 bytes stack frame, 3140 bytes spill stores, 3136 bytes spill loads
ptxas info    : Function properties for _ZN4WalkI6CfgF41jE8pointAddEPKjS3_S3_S3_PjS4_
    0 bytes stack frame, 172 bytes spill stores, 216 bytes spill loads
ptxas info    : Function properties for _ZN6CfgF415toOnbIjEEvPKT_PS1_
    0 bytes stack frame, 0 bytes spill stores, 0 bytes spill loads
ptxas info    : Function properties for _ZN6CfgF417mulLeafIjEEvPKT_S3_PS1_
    0 bytes stack frame, 0 bytes spill stores, 0 bytes spill loads
ptxas info    : Function properties for _ZN6CfgF418multPrepIjEEvPKT_PS1_
    0 bytes stack frame, 0 bytes spill stores, 0 bytes spill loads
ptxas info    : Function properties for _ZN6eccF415toOnbIjEEvPKT_PS1_
    0 bytes stack frame, 0 bytes spill stores, 0 bytes spill loads
ptxas info    : Function properties for _ZN6eccF417mulLeafIjEEvPKT_S3_PS1_
    0 bytes stack frame, 416 bytes spill stores, 516 bytes spill loads
ptxas info    : Function properties for _ZN6eccF418multPrepIjEEvPKT_PS1_
    0 bytes stack frame, 0 bytes spill stores, 0 bytes spill loads
ptxas info    : Function properties for _ZN7FieldBsI6CfgF41jE3invEPKjPj
    0 bytes stack frame, 8 bytes spill stores, 0 bytes spill loads
ptxas info    : Function properties for _ZN7FieldBsI6CfgF41jE3mulEPKjS3_Pj
    0 bytes stack frame, 0 bytes spill stores, 4 bytes spill loads
ptxas info    : Compiling entry function '_Z13eccWalkKernelI6CfgF41jEv10WalkParamsIT0_E' for 'sm_120'
ptxas info    : Function properties for _Z13eccWalkKernelI6CfgF41jEv10WalkParamsIT0_E
    3552 bytes stack frame, 40 bytes spill stores, 84 bytes spill loads
ptxas info    : Used 80 registers, used 0 barriers, 3552 bytes cumulative stack size
ptxas info    : Compile time = 298.348 ms
ptxas info    : Function properties for _ZN4WalkI6CfgF41jE6sigmaJEPKjS3_Pj
    0 bytes stack frame, 0 bytes spill stores, 0 bytes spill loads
ptxas info    : Function properties for _ZN6CfgF415toOnbIjEEvPKT_PS1_
    0 bytes stack frame, 0 bytes spill stores, 8 bytes spill loads
ptxas info    : Function properties for _ZN6CfgF417hammingIjEEvPKT_PS1_
    0 bytes stack frame, 0 bytes spill stores, 0 bytes spill loads
ptxas info    : Function properties for _ZN6CfgF417mulLeafIjEEvPKT_S3_PS1_
    0 bytes stack frame, 0 bytes spill stores, 4 bytes spill loads
ptxas info    : Function properties for _ZN6CfgF418multPrepIjEEvPKT_PS1_
    0 bytes stack frame, 0 bytes spill stores, 0 bytes spill loads
ptxas info    : Function properties for _ZN6KernelI6CfgF41jE12overdueLanesEiiRK10WalkParamsIjEy
    0 bytes stack frame, 0 bytes spill stores, 0 bytes spill loads
ptxas info    : Function properties for _ZN6KernelI6CfgF41jE19handleDistinguishedEiijRK10WalkParamsIjEyPKjS7_
    0 bytes stack frame, 0 bytes spill stores, 0 bytes spill loads
ptxas info    : Function properties for _ZN6eccF415toOnbIjEEvPKT_PS1_
    0 bytes stack frame, 0 bytes spill stores, 0 bytes spill loads
ptxas info    : Function properties for _ZN6eccF417hammingIjEEvPKT_PS1_
    0 bytes stack frame, 0 bytes spill stores, 0 bytes spill loads
ptxas info    : Function properties for _ZN6eccF417mulLeafIjEEvPKT_S3_PS1_
    0 bytes stack frame, 476 bytes spill stores, 528 bytes spill loads
ptxas info    : Function properties for _ZN6eccF418multPrepIjEEvPKT_PS1_
    0 bytes stack frame, 0 bytes spill stores, 0 bytes spill loads
ptxas info    : Function properties for _ZN7FieldBsI6CfgF41jE3invEPKjPj
    0 bytes stack frame, 4 bytes spill stores, 12 bytes spill loads
ptxas info    : Function properties for _ZN7FieldBsI6CfgF41jE3mulEPKjS3_Pj
    0 bytes stack frame, 8 bytes spill stores, 0 bytes spill loads
ptxas info    : Compiling entry function '_Z15eccReseedKernelI6CfgF23jEv10WalkParamsIT0_E' for 'sm_120'
ptxas info    : Function properties for _Z15eccReseedKernelI6CfgF23jEv10WalkParamsIT0_E
    5360 bytes stack frame, 20 bytes spill stores, 60 bytes spill loads
ptxas info    : Used 80 registers, used 0 barriers, 5360 bytes cumulative stack size
ptxas info    : Compile time = 272.629 ms
ptxas info    : Function properties for _ZN4WalkI6CfgF23jE10startPointEPKyRK11CurveConstsPjS7_
    0 bytes stack frame, 3156 bytes spill stores, 3128 bytes spill loads
ptxas info    : Function properties for _ZN4WalkI6CfgF23jE11reseedLanesEjPyRK11CurveConstsPjS6_
    0 bytes stack frame, 24 bytes spill stores, 12 bytes spill loads
ptxas info    : Function properties for _ZN4WalkI6CfgF23jE8pointAddEPKjS3_S3_S3_PjS4_
    0 bytes stack frame, 64 bytes spill stores, 100 bytes spill loads
ptxas info    : Function properties for _ZN6CfgF235toOnbIjEEvPKT_PS1_
    0 bytes stack frame, 0 bytes spill stores, 8 bytes spill loads
ptxas info    : Function properties for _ZN6CfgF237mulLeafIjEEvPKT_S3_PS1_
    0 bytes stack frame, 0 bytes spill stores, 4 bytes spill loads
ptxas info    : Function properties for _ZN6CfgF238multPrepIjEEvPKT_PS1_
    0 bytes stack frame, 0 bytes spill stores, 0 bytes spill loads
ptxas info    : Function properties for _ZN6eccF235toOnbIjEEvPKT_PS1_
    0 bytes stack frame, 0 bytes spill stores, 0 bytes spill loads
ptxas info    : Function properties for _ZN6eccF237mulLeafIjEEvPKT_S3_PS1_
    0 bytes stack frame, 120 bytes spill stores, 120 bytes spill loads
ptxas info    : Function properties for _ZN6eccF238multPrepIjEEvPKT_PS1_
    0 bytes stack frame, 0 bytes spill stores, 0 bytes spill loads
ptxas info    : Function properties for _ZN7FieldBsI6CfgF23jE3invEPKjPj
    0 bytes stack frame, 0 bytes spill stores, 0 bytes spill loads
ptxas info    : Function properties for _ZN7FieldBsI6CfgF23jE3mulEPKjS3_Pj
    0 bytes stack frame, 8 bytes spill stores, 0 bytes spill loads
ptxas info    : Compiling entry function '_Z13eccInitKernelI6CfgF23jEv10WalkParamsIT0_E' for 'sm_120'
ptxas info    : Function properties for _Z13eccInitKernelI6CfgF23jEv10WalkParamsIT0_E
    5072 bytes stack frame, 20 bytes spill stores, 36 bytes spill loads
ptxas info    : Used 80 registers, used 0 barriers, 5072 bytes cumulative stack size
ptxas info    : Compile time = 277.421 ms
ptxas info    : Function properties for _ZN4WalkI6CfgF23jE10startPointEPKyRK11CurveConstsPjS7_
    0 bytes stack frame, 3148 bytes spill stores, 3152 bytes spill loads
ptxas info    : Function properties for _ZN4WalkI6CfgF23jE8pointAddEPKjS3_S3_S3_PjS4_
    0 bytes stack frame, 24 bytes spill stores, 24 bytes spill loads
ptxas info    : Function properties for _ZN6CfgF235toOnbIjEEvPKT_PS1_
    0 bytes stack frame, 0 bytes spill stores, 0 bytes spill loads
ptxas info    : Function properties for _ZN6CfgF237mulLeafIjEEvPKT_S3_PS1_
    0 bytes stack frame, 0 bytes spill stores, 0 bytes spill loads
ptxas info    : Function properties for _ZN6CfgF238multPrepIjEEvPKT_PS1_
    0 bytes stack frame, 0 bytes spill stores, 0 bytes spill loads
ptxas info    : Function properties for _ZN6eccF235toOnbIjEEvPKT_PS1_
    0 bytes stack frame, 0 bytes spill stores, 0 bytes spill loads
ptxas info    : Function properties for _ZN6eccF237mulLeafIjEEvPKT_S3_PS1_
    0 bytes stack frame, 120 bytes spill stores, 120 bytes spill loads
ptxas info    : Function properties for _ZN6eccF238multPrepIjEEvPKT_PS1_
    0 bytes stack frame, 0 bytes spill stores, 0 bytes spill loads
ptxas info    : Function properties for _ZN7FieldBsI6CfgF23jE3invEPKjPj
    0 bytes stack frame, 0 bytes spill stores, 0 bytes spill loads
ptxas info    : Function properties for _ZN7FieldBsI6CfgF23jE3mulEPKjS3_Pj
    0 bytes stack frame, 0 bytes spill stores, 0 bytes spill loads
ptxas info    : Compiling entry function '_Z13eccWalkKernelI6CfgF23jEv10WalkParamsIT0_E' for 'sm_120'
ptxas info    : Function properties for _Z13eccWalkKernelI6CfgF23jEv10WalkParamsIT0_E
    1936 bytes stack frame, 16 bytes spill stores, 24 bytes spill loads
ptxas info    : Used 80 registers, used 0 barriers, 1936 bytes cumulative stack size
ptxas info    : Compile time = 169.980 ms
ptxas info    : Function properties for _ZN4WalkI6CfgF23jE6sigmaJEPKjS3_Pj
    0 bytes stack frame, 0 bytes spill stores, 0 bytes spill loads
ptxas info    : Function properties for _ZN6CfgF235toOnbIjEEvPKT_PS1_
    0 bytes stack frame, 0 bytes spill stores, 4 bytes spill loads
ptxas info    : Function properties for _ZN6CfgF237hammingIjEEvPKT_PS1_
    0 bytes stack frame, 0 bytes spill stores, 0 bytes spill loads
ptxas info    : Function properties for _ZN6CfgF237mulLeafIjEEvPKT_S3_PS1_
    0 bytes stack frame, 0 bytes spill stores, 0 bytes spill loads
ptxas info    : Function properties for _ZN6CfgF238multPrepIjEEvPKT_PS1_
    0 bytes stack frame, 0 bytes spill stores, 0 bytes spill loads
ptxas info    : Function properties for _ZN6KernelI6CfgF23jE12overdueLanesEiiRK10WalkParamsIjEy
    0 bytes stack frame, 0 bytes spill stores, 0 bytes spill loads
ptxas info    : Function properties for _ZN6KernelI6CfgF23jE19handleDistinguishedEiijRK10WalkParamsIjEyPKjS7_
    0 bytes stack frame, 0 bytes spill stores, 0 bytes spill loads
ptxas info    : Function properties for _ZN6eccF235toOnbIjEEvPKT_PS1_
    0 bytes stack frame, 0 bytes spill stores, 0 bytes spill loads
ptxas info    : Function properties for _ZN6eccF237hammingIjEEvPKT_PS1_
    0 bytes stack frame, 0 bytes spill stores, 0 bytes spill loads
ptxas info    : Function properties for _ZN6eccF237mulLeafIjEEvPKT_S3_PS1_
    0 bytes stack frame, 76 bytes spill stores, 76 bytes spill loads
ptxas info    : Function properties for _ZN6eccF238multPrepIjEEvPKT_PS1_
    0 bytes stack frame, 0 bytes spill stores, 0 bytes spill loads
ptxas info    : Function properties for _ZN7FieldBsI6CfgF23jE3invEPKjPj
    0 bytes stack frame, 0 bytes spill stores, 0 bytes spill loads
ptxas info    : Function properties for _ZN7FieldBsI6CfgF23jE3mulEPKjS3_Pj
    0 bytes stack frame, 4 bytes spill stores, 0 bytes spill loads
