device: NVIDIA RTX PRO 6000 Blackwell Server Edition, 188 SMs, 1 block(s) of 512 packed threads resident per SM
packed L2 persist window: 78544896 of 78544896 field bytes, cap 83886080
packed kernel: 116 registers/thread, 0 local bytes/thread, 0 shared bytes/block, single-product multiplier
packed driver reserved shared bytes/block: 1024, device 0
packed denominator cache: 1
packed multiply by value: 1
packed Frobenius network: 3
packed polynomial chain: 1
packed polynomial state: 1
packed unrolled inversion: 1
packed paired products: 1
packed pair ilp: 1
packed pair clmul: 0
packed clmul flat: 0
packed top hoist: 0
packed onb inv: 0
packed from reduced: 1
packed slot unroll: 1
packed chains: 1
packed slot prefetch: 0
packed slot pipeline: 0
packed L2 persist: 1
packed direct reduction: 1
packed generated product: 1
packed native carryless multiply: 1
packed native carryless square: 0
packed three-limb Karatsuba: 0
packed weighted prefix: 2
packed compact state: 1
packed shared sigma: 1
packed top clmad: 0
packed state tile: 256
packed add combine: 0
packed alu square: 1
packed alu onb square: 1
packed profile ranges: 0
packed table pivot bytes: 1, table shared bytes 48732
packed table global: 0
packed table addend global: 0
packed table walk: 1 (8 branches, 48732 shared bytes)
backend cuda-packed131: 96256 threads x 16 slots x 1 lanes = 1540096 walks, dp weight 48, 96 steps per launch
WARNING: --verify 300 replays reports on the CPU; campaign collection uses --verify 0 so a cutoff-32 trail cannot stall the GPU
      28.2 s       5.249 M it/s   147849216 iterations    246397 dp    246397 stored         0 dropped
      47.0 s       6.295 M it/s   295698432 iterations    492947 dp    492947 stored         0 dropped
      66.1 s       6.709 M it/s   443547648 iterations    740585 dp    740585 stored         0 dropped
      85.0 s       6.960 M it/s   591396864 iterations    987560 dp    987560 stored         0 dropped
     104.0 s       7.106 M it/s   739246080 iterations   1234204 dp   1234204 stored         0 dropped
     122.9 s       7.216 M it/s   887095296 iterations   1480482 dp   1480482 stored         0 dropped
  finished: 7.216 M it/s, 1480482 distinguished points (300 verified against the reference, 0 dropped)
