kummer   m=2 tower  t= 1 N= 2 g= 1 planted Dmax=  3 reached=  3 cols_to_sol=      4 cols=      4      0.7 ms
kummer   m=2 tower  t= 1 N= 2 g= 1 planted Dmax=  3 reached=  3 cols_to_sol=      4 cols=      4      0.2 ms
kummer   m=2 tower  t= 1 N= 2 g= 1 random  Dmax=  3 reached=  3 cols_to_sol=      4 cols=      4      0.3 ms
kummer   m=2 tower  t= 1 N= 2 g= 1 random  Dmax=  3 reached=  3 cols_to_sol=      4 cols=      4      0.3 ms
kummer   m=2 tower  t= 2 N= 4 g= 1 planted Dmax=  4 reached=  4 cols_to_sol=     16 cols=     16      1.1 ms
kummer   m=2 tower  t= 2 N= 4 g= 1 planted Dmax=  4 reached=  4 cols_to_sol=     16 cols=     16      1.1 ms
kummer   m=2 tower  t= 2 N= 4 g= 1 random  Dmax=  4 reached=  4 cols_to_sol=     16 cols=     16      1.2 ms
kummer   m=2 tower  t= 2 N= 4 g= 1 random  Dmax=  4 reached=  4 cols_to_sol=     16 cols=     16      1.4 ms
kummer   m=2 tower  t= 3 N= 6 g= 1 planted Dmax=  4 reached=  4 cols_to_sol=     56 cols=     56      3.6 ms
kummer   m=2 tower  t= 3 N= 6 g= 1 planted Dmax=  4 reached=  4 cols_to_sol=     56 cols=     56      3.3 ms
kummer   m=2 tower  t= 3 N= 6 g= 1 random  Dmax=  4 reached=  4 cols_to_sol=     56 cols=     56      2.3 ms
kummer   m=2 tower  t= 3 N= 6 g= 1 random  Dmax=  4 reached=  4 cols_to_sol=     56 cols=     56      2.4 ms
kummer   m=2 tower  t= 4 N= 8 g= 1 planted Dmax=  4 reached=  5 cols_to_sol=    152 cols=    152      9.2 ms
kummer   m=2 tower  t= 4 N= 8 g= 1 planted Dmax=  4 reached=  5 cols_to_sol=    152 cols=    152      6.8 ms
kummer   m=2 tower  t= 4 N= 8 g= 1 random  Dmax=  4 reached=  4 cols_to_sol=    152 cols=    152      7.2 ms
kummer   m=2 tower  t= 4 N= 8 g= 1 random  Dmax=  4 reached=  4 cols_to_sol=    152 cols=    152      5.6 ms
kummer   m=2 tower  t= 5 N=10 g= 1 planted Dmax=  4 reached=  5 cols_to_sol=    337 cols=    473     19.0 ms
kummer   m=2 tower  t= 5 N=10 g= 1 planted Dmax=  4 reached=  5 cols_to_sol=    337 cols=    473     18.3 ms
kummer   m=2 tower  t= 5 N=10 g= 1 random  Dmax=  4 reached=  4 cols_to_sol=    337 cols=    337     12.9 ms
kummer   m=2 tower  t= 5 N=10 g= 1 random  Dmax=  4 reached=  4 cols_to_sol=    337 cols=    337     13.3 ms
kummer   m=2 tower  t= 6 N=12 g= 1 planted Dmax=  5 reached=  5 cols_to_sol=   1231 cols=   1231    122.0 ms
kummer   m=2 tower  t= 6 N=12 g= 1 planted Dmax=  5 reached=  5 cols_to_sol=   1231 cols=   1231     58.7 ms
kummer   m=2 tower  t= 6 N=12 g= 1 random  Dmax=  5 reached=  5 cols_to_sol=   1231 cols=   1231     46.3 ms
kummer   m=2 tower  t= 6 N=12 g= 1 random  Dmax=  5 reached=  5 cols_to_sol=   1231 cols=   1231     47.2 ms
kummer   m=2 tower  t= 7 N=14 g= 1 planted Dmax=  5 reached=  6 cols_to_sol=   2304 cols=   2304    234.4 ms
kummer   m=2 tower  t= 7 N=14 g= 1 planted Dmax=  5 reached=  6 cols_to_sol=   2304 cols=   2304    234.4 ms
kummer   m=2 tower  t= 7 N=14 g= 1 random  Dmax=  5 reached=  5 cols_to_sol=   2304 cols=   2304    219.9 ms
kummer   m=2 tower  t= 7 N=14 g= 1 random  Dmax=  5 reached=  5 cols_to_sol=   2304 cols=   2304    210.1 ms
kummer   m=2 tower  t= 8 N=16 g= 1 random  Dmax=  5 reached=  5 cols_to_sol=   4789 cols=   4789   1156.0 ms
kummer   m=2 tower  t= 8 N=16 g= 1 random  Dmax=  5 reached=  5 cols_to_sol=   4789 cols=   4789   1147.7 ms
kummer   m=2 tower  t= 9 N=18 g= 1 random  Dmax=  5 reached=  5 cols_to_sol=   8644 cols=   8644   5884.7 ms
kummer   m=2 tower  t= 9 N=18 g= 1 random  Dmax=  5 reached=  5 cols_to_sol=   8644 cols=   8644   5932.2 ms
kummer   m=2 null   t= 1 N= 2 g= 1 planted Dmax=  3 reached=  3 cols_to_sol=      4 cols=      4      1.0 ms
kummer   m=2 null   t= 1 N= 2 g= 1 planted Dmax=  3 reached=  3 cols_to_sol=      4 cols=      4      0.2 ms
kummer   m=2 null   t= 1 N= 2 g= 1 random  Dmax=  3 reached=  3 cols_to_sol=      4 cols=      4      0.2 ms
kummer   m=2 null   t= 1 N= 2 g= 1 random  Dmax=  3 reached=  3 cols_to_sol=      4 cols=      4      0.1 ms
kummer   m=2 null   t= 2 N= 4 g= 1 planted Dmax=  4 reached=  4 cols_to_sol=     16 cols=     16      0.7 ms
kummer   m=2 null   t= 2 N= 4 g= 1 planted Dmax=  4 reached=  4 cols_to_sol=     16 cols=     16      0.9 ms
kummer   m=2 null   t= 2 N= 4 g= 1 random  Dmax=  4 reached=  4 cols_to_sol=     16 cols=     16      1.1 ms
kummer   m=2 null   t= 2 N= 4 g= 1 random  Dmax=  4 reached=  4 cols_to_sol=     16 cols=     16      0.9 ms
kummer   m=2 null   t= 3 N= 6 g= 1 planted Dmax=  4 reached=  4 cols_to_sol=     56 cols=     56      1.8 ms
kummer   m=2 null   t= 3 N= 6 g= 1 planted Dmax=  4 reached=  4 cols_to_sol=     56 cols=     56      2.7 ms
kummer   m=2 null   t= 3 N= 6 g= 1 random  Dmax=  4 reached=  4 cols_to_sol=     56 cols=     56      2.1 ms
kummer   m=2 null   t= 3 N= 6 g= 1 random  Dmax=  4 reached=  4 cols_to_sol=     56 cols=     56      2.2 ms
kummer   m=2 null   t= 4 N= 8 g= 1 planted Dmax=  4 reached=  5 cols_to_sol=    152 cols=    152      7.6 ms
kummer   m=2 null   t= 4 N= 8 g= 1 planted Dmax=  4 reached=  5 cols_to_sol=    152 cols=    152      5.3 ms
kummer   m=2 null   t= 4 N= 8 g= 1 random  Dmax=  4 reached=  4 cols_to_sol=    152 cols=    152      4.4 ms
kummer   m=2 null   t= 4 N= 8 g= 1 random  Dmax=  4 reached=  4 cols_to_sol=    152 cols=    152      5.4 ms
kummer   m=2 null   t= 5 N=10 g= 1 planted Dmax=  4 reached=  5 cols_to_sol=    337 cols=    463     24.6 ms
kummer   m=2 null   t= 5 N=10 g= 1 planted Dmax=  4 reached=  5 cols_to_sol=    337 cols=    463     24.0 ms
kummer   m=2 null   t= 5 N=10 g= 1 random  Dmax=  4 reached=  4 cols_to_sol=    337 cols=    337     16.6 ms
kummer   m=2 null   t= 5 N=10 g= 1 random  Dmax=  4 reached=  4 cols_to_sol=    337 cols=    337     12.9 ms
kummer   m=2 null   t= 6 N=12 g= 1 planted Dmax=  5 reached=  5 cols_to_sol=   1231 cols=   1231     75.3 ms
kummer   m=2 null   t= 6 N=12 g= 1 planted Dmax=  5 reached=  5 cols_to_sol=   1231 cols=   1231     62.4 ms
kummer   m=2 null   t= 6 N=12 g= 1 random  Dmax=  5 reached=  5 cols_to_sol=   1231 cols=   1231     51.9 ms
kummer   m=2 null   t= 6 N=12 g= 1 random  Dmax=  5 reached=  5 cols_to_sol=   1231 cols=   1231     54.7 ms
kummer   m=2 null   t= 7 N=14 g= 1 planted Dmax=  5 reached=  6 cols_to_sol=   2304 cols=   2304    235.2 ms
kummer   m=2 null   t= 7 N=14 g= 1 planted Dmax=  5 reached=  6 cols_to_sol=   2304 cols=   2304    264.7 ms
kummer   m=2 null   t= 7 N=14 g= 1 random  Dmax=  5 reached=  5 cols_to_sol=   2304 cols=   2304    233.8 ms
kummer   m=2 null   t= 7 N=14 g= 1 random  Dmax=  5 reached=  5 cols_to_sol=   2304 cols=   2304    267.9 ms
kummer   m=2 null   t= 8 N=16 g= 1 random  Dmax=  5 reached=  6 cols_to_sol=   4789 cols=   5106   1313.3 ms
kummer   m=2 null   t= 8 N=16 g= 1 random  Dmax=  5 reached=  5 cols_to_sol=   4789 cols=   4789   1203.2 ms
kummer   m=2 null   t= 9 N=18 g= 1 random  Dmax=  5 reached=  6 cols_to_sol=   8644 cols=  13738   6992.2 ms
kummer   m=2 null   t= 9 N=18 g= 1 random  Dmax=  5 reached=  5 cols_to_sol=   8644 cols=   8644   5544.7 ms
dickson  m=2 tower  t= 1 N= 2 g= 1 planted Dmax=  3 reached=  3 cols_to_sol=      4 cols=      4      0.6 ms
dickson  m=2 tower  t= 1 N= 2 g= 1 planted Dmax=  3 reached=  3 cols_to_sol=      4 cols=      4      0.2 ms
dickson  m=2 tower  t= 1 N= 2 g= 1 random  Dmax=  3 reached=  3 cols_to_sol=      4 cols=      4      0.5 ms
dickson  m=2 tower  t= 1 N= 2 g= 1 random  Dmax=  3 reached=  3 cols_to_sol=      4 cols=      4      0.3 ms
dickson  m=2 tower  t= 2 N= 4 g= 1 planted Dmax=  4 reached=  4 cols_to_sol=     16 cols=     16      1.5 ms
dickson  m=2 tower  t= 2 N= 4 g= 1 planted Dmax=  4 reached=  4 cols_to_sol=     16 cols=     16      2.2 ms
dickson  m=2 tower  t= 2 N= 4 g= 1 random  Dmax=  4 reached=  4 cols_to_sol=     16 cols=     16      1.1 ms
dickson  m=2 tower  t= 2 N= 4 g= 1 random  Dmax=  4 reached=  4 cols_to_sol=     16 cols=     16      1.0 ms
dickson  m=2 tower  t= 3 N= 6 g= 1 planted Dmax=  4 reached=  4 cols_to_sol=     56 cols=     56      2.7 ms
dickson  m=2 tower  t= 3 N= 6 g= 1 planted Dmax=  4 reached=  4 cols_to_sol=     56 cols=     56      2.5 ms
dickson  m=2 tower  t= 3 N= 6 g= 1 random  Dmax=  4 reached=  4 cols_to_sol=     56 cols=     56      2.3 ms
dickson  m=2 tower  t= 3 N= 6 g= 1 random  Dmax=  4 reached=  4 cols_to_sol=     56 cols=     56      2.3 ms
dickson  m=2 tower  t= 4 N= 8 g= 1 planted Dmax=  4 reached=  5 cols_to_sol=    152 cols=    152      6.7 ms
dickson  m=2 tower  t= 4 N= 8 g= 1 planted Dmax=  4 reached=  5 cols_to_sol=    152 cols=    152      8.4 ms
dickson  m=2 tower  t= 4 N= 8 g= 1 random  Dmax=  4 reached=  4 cols_to_sol=    152 cols=    152      5.6 ms
dickson  m=2 tower  t= 4 N= 8 g= 1 random  Dmax=  4 reached=  4 cols_to_sol=    152 cols=    152      5.7 ms
dickson  m=2 tower  t= 5 N=10 g= 1 planted Dmax=  4 reached=  5 cols_to_sol=    336 cols=    466     23.3 ms
dickson  m=2 tower  t= 5 N=10 g= 1 planted Dmax=  4 reached=  5 cols_to_sol=    336 cols=    466     18.4 ms
dickson  m=2 tower  t= 5 N=10 g= 1 random  Dmax=  4 reached=  4 cols_to_sol=    336 cols=    336     14.5 ms
dickson  m=2 tower  t= 5 N=10 g= 1 random  Dmax=  4 reached=  4 cols_to_sol=    336 cols=    336     14.5 ms
dickson  m=2 tower  t= 6 N=12 g= 1 planted Dmax=  5 reached=  5 cols_to_sol=   1223 cols=   1223     65.4 ms
dickson  m=2 tower  t= 6 N=12 g= 1 planted Dmax=  5 reached=  5 cols_to_sol=   1223 cols=   1223     66.2 ms
dickson  m=2 tower  t= 6 N=12 g= 1 random  Dmax=  5 reached=  5 cols_to_sol=   1223 cols=   1223     51.3 ms
dickson  m=2 tower  t= 6 N=12 g= 1 random  Dmax=  5 reached=  5 cols_to_sol=   1223 cols=   1223     50.4 ms
dickson  m=2 tower  t= 7 N=14 g= 1 planted Dmax=  5 reached=  6 cols_to_sol=   2303 cols=   2303    245.3 ms
dickson  m=2 tower  t= 7 N=14 g= 1 planted Dmax=  5 reached=  6 cols_to_sol=   2303 cols=   2303    239.7 ms
dickson  m=2 tower  t= 7 N=14 g= 1 random  Dmax=  5 reached=  5 cols_to_sol=   2303 cols=   2303    243.5 ms
dickson  m=2 tower  t= 7 N=14 g= 1 random  Dmax=  5 reached=  5 cols_to_sol=   2303 cols=   2303    227.6 ms
dickson  m=2 tower  t= 8 N=16 g= 1 random  Dmax=  5 reached=  5 cols_to_sol=   4786 cols=   4786   1153.5 ms
dickson  m=2 tower  t= 8 N=16 g= 1 random  Dmax=  5 reached=  5 cols_to_sol=   4786 cols=   4786   1140.3 ms
dickson  m=2 tower  t= 9 N=18 g= 1 random  Dmax=  5 reached=  5 cols_to_sol=   8639 cols=   8639   6258.4 ms
dickson  m=2 tower  t= 9 N=18 g= 1 random  Dmax=  5 reached=  5 cols_to_sol=   8639 cols=   8639   5958.7 ms
dickson  m=2 null   t= 1 N= 2 g= 1 planted Dmax=  3 reached=  3 cols_to_sol=      4 cols=      4      0.5 ms
dickson  m=2 null   t= 1 N= 2 g= 1 planted Dmax=  3 reached=  3 cols_to_sol=      4 cols=      4      0.3 ms
dickson  m=2 null   t= 1 N= 2 g= 1 random  Dmax=  3 reached=  3 cols_to_sol=      4 cols=      4      0.2 ms
dickson  m=2 null   t= 1 N= 2 g= 1 random  Dmax=  3 reached=  3 cols_to_sol=      4 cols=      4      0.4 ms
dickson  m=2 null   t= 2 N= 4 g= 1 planted Dmax=  4 reached=  4 cols_to_sol=     16 cols=     16      1.4 ms
dickson  m=2 null   t= 2 N= 4 g= 1 planted Dmax=  4 reached=  4 cols_to_sol=     16 cols=     16      1.0 ms
dickson  m=2 null   t= 2 N= 4 g= 1 random  Dmax=  4 reached=  4 cols_to_sol=     16 cols=     16      1.3 ms
dickson  m=2 null   t= 2 N= 4 g= 1 random  Dmax=  4 reached=  4 cols_to_sol=     16 cols=     16      1.1 ms
dickson  m=2 null   t= 3 N= 6 g= 1 planted Dmax=  4 reached=  4 cols_to_sol=     56 cols=     56      3.3 ms
dickson  m=2 null   t= 3 N= 6 g= 1 planted Dmax=  4 reached=  4 cols_to_sol=     56 cols=     56      2.7 ms
dickson  m=2 null   t= 3 N= 6 g= 1 random  Dmax=  4 reached=  4 cols_to_sol=     56 cols=     56      2.4 ms
dickson  m=2 null   t= 3 N= 6 g= 1 random  Dmax=  4 reached=  4 cols_to_sol=     56 cols=     56      2.3 ms
dickson  m=2 null   t= 4 N= 8 g= 1 planted Dmax=  4 reached=  5 cols_to_sol=    152 cols=    152      6.7 ms
dickson  m=2 null   t= 4 N= 8 g= 1 planted Dmax=  4 reached=  5 cols_to_sol=    152 cols=    152      6.9 ms
dickson  m=2 null   t= 4 N= 8 g= 1 random  Dmax=  4 reached=  4 cols_to_sol=    152 cols=    152      5.3 ms
dickson  m=2 null   t= 4 N= 8 g= 1 random  Dmax=  4 reached=  4 cols_to_sol=    152 cols=    152      6.1 ms
dickson  m=2 null   t= 5 N=10 g= 1 planted Dmax=  4 reached=  5 cols_to_sol=    336 cols=    465     22.6 ms
dickson  m=2 null   t= 5 N=10 g= 1 planted Dmax=  4 reached=  5 cols_to_sol=    336 cols=    465     21.8 ms
dickson  m=2 null   t= 5 N=10 g= 1 random  Dmax=  4 reached=  4 cols_to_sol=    336 cols=    336     14.0 ms
dickson  m=2 null   t= 5 N=10 g= 1 random  Dmax=  4 reached=  4 cols_to_sol=    336 cols=    336     14.8 ms
dickson  m=2 null   t= 6 N=12 g= 1 planted Dmax=  5 reached=  5 cols_to_sol=   1223 cols=   1223     59.1 ms
dickson  m=2 null   t= 6 N=12 g= 1 planted Dmax=  5 reached=  5 cols_to_sol=   1223 cols=   1223     64.0 ms
dickson  m=2 null   t= 6 N=12 g= 1 random  Dmax=  5 reached=  5 cols_to_sol=   1223 cols=   1223     51.5 ms
dickson  m=2 null   t= 6 N=12 g= 1 random  Dmax=  5 reached=  5 cols_to_sol=   1223 cols=   1223     64.5 ms
dickson  m=2 null   t= 7 N=14 g= 1 planted Dmax=  5 reached=  6 cols_to_sol=   2303 cols=   2303    293.9 ms
dickson  m=2 null   t= 7 N=14 g= 1 planted Dmax=  5 reached=  6 cols_to_sol=   2303 cols=   2303    251.9 ms
dickson  m=2 null   t= 7 N=14 g= 1 random  Dmax=  5 reached=  5 cols_to_sol=   2303 cols=   2303    204.1 ms
dickson  m=2 null   t= 7 N=14 g= 1 random  Dmax=  5 reached=  5 cols_to_sol=   2303 cols=   2303    221.4 ms
dickson  m=2 null   t= 8 N=16 g= 1 random  Dmax=  5 reached=  5 cols_to_sol=   4786 cols=   4786   1073.3 ms
dickson  m=2 null   t= 8 N=16 g= 1 random  Dmax=  5 reached=  5 cols_to_sol=   4786 cols=   4786   1182.3 ms
dickson  m=2 null   t= 9 N=18 g= 1 random  Dmax=  5 reached=  6 cols_to_sol=   8639 cols=  13738   6596.7 ms
dickson  m=2 null   t= 9 N=18 g= 1 random  Dmax=  5 reached=  5 cols_to_sol=   8639 cols=   8639   6076.3 ms
isogeny  m=2 tower  t= 1 N= 2 g= 1 planted Dmax=  3 reached=  3 cols_to_sol=      4 cols=      4      0.9 ms
isogeny  m=2 tower  t= 1 N= 2 g= 1 planted Dmax=  3 reached=  3 cols_to_sol=      4 cols=      4      0.4 ms
isogeny  m=2 tower  t= 1 N= 2 g= 1 random  Dmax=  3 reached=  3 cols_to_sol=      4 cols=      4      0.4 ms
isogeny  m=2 tower  t= 1 N= 2 g= 1 random  Dmax=  3 reached=  3 cols_to_sol=      4 cols=      4      0.2 ms
isogeny  m=2 tower  t= 2 N= 4 g= 1 planted Dmax=  5 reached=  5 cols_to_sol=     16 cols=     16      1.3 ms
isogeny  m=2 tower  t= 2 N= 4 g= 1 planted Dmax=  5 reached=  5 cols_to_sol=     16 cols=     16      1.2 ms
isogeny  m=2 tower  t= 2 N= 4 g= 1 random  Dmax=  5 reached=  5 cols_to_sol=     16 cols=     16      1.0 ms
isogeny  m=2 tower  t= 2 N= 4 g= 1 random  Dmax=  5 reached=  5 cols_to_sol=     16 cols=     16      1.1 ms
isogeny  m=2 tower  t= 3 N= 6 g= 1 planted Dmax=  5 reached=  5 cols_to_sol=     57 cols=     63      5.8 ms
isogeny  m=2 tower  t= 3 N= 6 g= 1 planted Dmax=  5 reached=  5 cols_to_sol=     57 cols=     63      4.7 ms
isogeny  m=2 tower  t= 3 N= 6 g= 1 random  Dmax=  5 reached=  5 cols_to_sol=     57 cols=     57      3.6 ms
isogeny  m=2 tower  t= 3 N= 6 g= 1 random  Dmax=  5 reached=  5 cols_to_sol=     57 cols=     57      2.6 ms
isogeny  m=2 tower  t= 4 N= 8 g= 1 planted Dmax=  5 reached=  5 cols_to_sol=    150 cols=    201     15.1 ms
isogeny  m=2 tower  t= 4 N= 8 g= 1 planted Dmax=  5 reached=  5 cols_to_sol=    150 cols=    207      9.7 ms
isogeny  m=2 tower  t= 4 N= 8 g= 1 random  Dmax=  5 reached=  5 cols_to_sol=    150 cols=    150      6.8 ms
isogeny  m=2 tower  t= 4 N= 8 g= 1 random  Dmax=  5 reached=  5 cols_to_sol=    150 cols=    150      6.5 ms
isogeny  m=2 tower  t= 5 N=10 g= 1 planted Dmax=  5 reached=  5 cols_to_sol=    346 cols=    567     32.5 ms
isogeny  m=2 tower  t= 5 N=10 g= 1 planted Dmax=  5 reached=  5 cols_to_sol=    346 cols=    581     27.2 ms
isogeny  m=2 tower  t= 5 N=10 g= 1 random  Dmax=  5 reached=  5 cols_to_sol=    346 cols=    346     18.5 ms
isogeny  m=2 tower  t= 5 N=10 g= 1 random  Dmax=  5 reached=  5 cols_to_sol=    346 cols=    346     17.7 ms
isogeny  m=2 tower  t= 6 N=12 g= 1 planted Dmax=  5 reached=  6 cols_to_sol=   1181 cols=   1181     78.9 ms
isogeny  m=2 tower  t= 6 N=12 g= 1 planted Dmax=  5 reached=  6 cols_to_sol=   1181 cols=   1181     75.7 ms
isogeny  m=2 tower  t= 6 N=12 g= 1 random  Dmax=  5 reached=  5 cols_to_sol=   1181 cols=   1181     60.4 ms
isogeny  m=2 tower  t= 6 N=12 g= 1 random  Dmax=  5 reached=  5 cols_to_sol=   1181 cols=   1181     58.1 ms
isogeny  m=2 tower  t= 7 N=14 g= 1 planted Dmax=  5 reached=  6 cols_to_sol=   2629 cols=   3103    358.2 ms
isogeny  m=2 tower  t= 7 N=14 g= 1 planted Dmax=  5 reached=  6 cols_to_sol=   2629 cols=   2984    315.0 ms
isogeny  m=2 tower  t= 7 N=14 g= 1 random  Dmax=  5 reached=  5 cols_to_sol=   2629 cols=   2629    265.3 ms
isogeny  m=2 tower  t= 7 N=14 g= 1 random  Dmax=  5 reached=  5 cols_to_sol=   2629 cols=   2629    270.5 ms
isogeny  m=2 tower  t= 8 N=16 g= 1 random  Dmax=  5 reached=  5 cols_to_sol=   5034 cols=   5034   1442.4 ms
isogeny  m=2 tower  t= 8 N=16 g= 1 random  Dmax=  5 reached=  5 cols_to_sol=   5034 cols=   5034   1391.8 ms
isogeny  m=2 tower  t= 9 N=18 g= 1 random  Dmax=  5 reached=  5 cols_to_sol=   9221 cols=   9221   6409.3 ms
isogeny  m=2 tower  t= 9 N=18 g= 1 random  Dmax=  5 reached=  6 cols_to_sol=   9221 cols=  19568   7446.2 ms
isogeny  m=2 null   t= 1 N= 2 g= 1 planted Dmax=  3 reached=  3 cols_to_sol=      4 cols=      4      1.1 ms
isogeny  m=2 null   t= 1 N= 2 g= 1 planted Dmax=  3 reached=  3 cols_to_sol=      4 cols=      4      0.4 ms
isogeny  m=2 null   t= 1 N= 2 g= 1 random  Dmax=  3 reached=  3 cols_to_sol=      4 cols=      4      0.4 ms
isogeny  m=2 null   t= 1 N= 2 g= 1 random  Dmax=  3 reached=  3 cols_to_sol=      4 cols=      4      0.4 ms
isogeny  m=2 null   t= 2 N= 4 g= 1 planted Dmax=  5 reached=  5 cols_to_sol=     16 cols=     16      1.5 ms
isogeny  m=2 null   t= 2 N= 4 g= 1 planted Dmax=  5 reached=  5 cols_to_sol=     16 cols=     16      1.5 ms
isogeny  m=2 null   t= 2 N= 4 g= 1 random  Dmax=  5 reached=  5 cols_to_sol=     16 cols=     16      1.4 ms
isogeny  m=2 null   t= 2 N= 4 g= 1 random  Dmax=  5 reached=  5 cols_to_sol=     16 cols=     16      1.2 ms
isogeny  m=2 null   t= 3 N= 6 g= 1 planted Dmax=  5 reached=  5 cols_to_sol=     57 cols=     63      4.5 ms
isogeny  m=2 null   t= 3 N= 6 g= 1 planted Dmax=  5 reached=  5 cols_to_sol=     57 cols=     63      3.8 ms
isogeny  m=2 null   t= 3 N= 6 g= 1 random  Dmax=  5 reached=  5 cols_to_sol=     57 cols=     57      2.5 ms
isogeny  m=2 null   t= 3 N= 6 g= 1 random  Dmax=  5 reached=  5 cols_to_sol=     57 cols=     57      3.0 ms
isogeny  m=2 null   t= 4 N= 8 g= 1 planted Dmax=  5 reached=  5 cols_to_sol=    150 cols=    207     12.9 ms
isogeny  m=2 null   t= 4 N= 8 g= 1 planted Dmax=  5 reached=  5 cols_to_sol=    150 cols=    207     14.0 ms
isogeny  m=2 null   t= 4 N= 8 g= 1 random  Dmax=  5 reached=  5 cols_to_sol=    150 cols=    150     12.8 ms
isogeny  m=2 null   t= 4 N= 8 g= 1 random  Dmax=  5 reached=  5 cols_to_sol=    150 cols=    150      8.9 ms
isogeny  m=2 null   t= 5 N=10 g= 1 planted Dmax=  5 reached=  5 cols_to_sol=    346 cols=    581     23.8 ms
isogeny  m=2 null   t= 5 N=10 g= 1 planted Dmax=  5 reached=  5 cols_to_sol=    346 cols=    581     21.7 ms
isogeny  m=2 null   t= 5 N=10 g= 1 random  Dmax=  5 reached=  5 cols_to_sol=    346 cols=    346     14.9 ms
isogeny  m=2 null   t= 5 N=10 g= 1 random  Dmax=  5 reached=  5 cols_to_sol=    346 cols=    346     15.5 ms
isogeny  m=2 null   t= 6 N=12 g= 1 planted Dmax=  5 reached=  6 cols_to_sol=   1181 cols=   1181     82.8 ms
isogeny  m=2 null   t= 6 N=12 g= 1 planted Dmax=  5 reached=  6 cols_to_sol=   1181 cols=   1181     79.7 ms
isogeny  m=2 null   t= 6 N=12 g= 1 random  Dmax=  5 reached=  5 cols_to_sol=   1181 cols=   1181     69.7 ms
isogeny  m=2 null   t= 6 N=12 g= 1 random  Dmax=  5 reached=  5 cols_to_sol=   1181 cols=   1181     56.3 ms
isogeny  m=2 null   t= 7 N=14 g= 1 planted Dmax=  5 reached=  6 cols_to_sol=   2630 cols=   2993    366.9 ms
isogeny  m=2 null   t= 7 N=14 g= 1 planted Dmax=  5 reached=  6 cols_to_sol=   2630 cols=   2993    339.1 ms
isogeny  m=2 null   t= 7 N=14 g= 1 random  Dmax=  5 reached=  5 cols_to_sol=   2630 cols=   2630    293.8 ms
isogeny  m=2 null   t= 7 N=14 g= 1 random  Dmax=  5 reached=  5 cols_to_sol=   2630 cols=   2630    265.8 ms
isogeny  m=2 null   t= 8 N=16 g= 1 random  Dmax=  5 reached=  5 cols_to_sol=   5034 cols=   5034   1314.5 ms
isogeny  m=2 null   t= 8 N=16 g= 1 random  Dmax=  5 reached=  5 cols_to_sol=   5034 cols=   5034   1363.0 ms
isogeny  m=2 null   t= 9 N=18 g= 1 random  Dmax=  5 reached=  5 cols_to_sol=   9185 cols=   9185   6822.9 ms
isogeny  m=2 null   t= 9 N=18 g= 1 random  Dmax=  5 reached=  5 cols_to_sol=   9185 cols=   9185   6616.8 ms
{"budget_seconds":900,"p":786433,"planted_per_cell":2,"planted_violations":0,"random_per_cell":2,"rows":192,"seed":1347112276,"wall_seconds":371.61386212}
