kummer   m=3 tower  t= 2 N= 6 g= 1 planted Dmax=  5 reached=  6 cols_to_sol=    164 cols=    204     10.0 ms
kummer   m=3 tower  t= 2 N= 6 g= 1 planted Dmax=  5 reached=  6 cols_to_sol=    164 cols=    204     11.0 ms
kummer   m=3 tower  t= 2 N= 6 g= 1 random  Dmax=  5 reached=  5 cols_to_sol=    164 cols=    164      5.1 ms
kummer   m=3 tower  t= 2 N= 6 g= 1 random  Dmax=  5 reached=  5 cols_to_sol=    164 cols=    164      5.0 ms
kummer   m=3 tower  t= 3 N= 9 g= 1 planted Dmax=  6 reached=  7 cols_to_sol=   1186 cols=   1300    142.4 ms
kummer   m=3 tower  t= 3 N= 9 g= 1 planted Dmax=  6 reached=  7 cols_to_sol=   1186 cols=   1300    125.5 ms
kummer   m=3 tower  t= 3 N= 9 g= 1 random  Dmax=  6 reached=  6 cols_to_sol=   1186 cols=   1186     77.5 ms
kummer   m=3 tower  t= 3 N= 9 g= 1 random  Dmax=  6 reached=  6 cols_to_sol=   1186 cols=   1186     78.9 ms
kummer   m=3 tower  t= 4 N=12 g= 1 random  Dmax=  6 reached=  6 cols_to_sol=   5019 cols=   5019   1807.0 ms
kummer   m=3 tower  t= 4 N=12 g= 1 random  Dmax=  6 reached=  6 cols_to_sol=   5019 cols=   5019   1777.0 ms
dickson  m=3 tower  t= 2 N= 6 g= 1 planted Dmax=  5 reached=  6 cols_to_sol=    164 cols=    204     11.0 ms
dickson  m=3 tower  t= 2 N= 6 g= 1 planted Dmax=  5 reached=  6 cols_to_sol=    164 cols=    204     10.3 ms
dickson  m=3 tower  t= 2 N= 6 g= 1 random  Dmax=  5 reached=  5 cols_to_sol=    164 cols=    164      4.8 ms
dickson  m=3 tower  t= 2 N= 6 g= 1 random  Dmax=  5 reached=  5 cols_to_sol=    164 cols=    164      5.6 ms
dickson  m=3 tower  t= 3 N= 9 g= 1 planted Dmax=  6 reached=  7 cols_to_sol=   1184 cols=   1307    118.7 ms
dickson  m=3 tower  t= 3 N= 9 g= 1 planted Dmax=  6 reached=  7 cols_to_sol=   1184 cols=   1307    124.0 ms
dickson  m=3 tower  t= 3 N= 9 g= 1 random  Dmax=  6 reached=  6 cols_to_sol=   1184 cols=   1184     80.7 ms
dickson  m=3 tower  t= 3 N= 9 g= 1 random  Dmax=  6 reached=  6 cols_to_sol=   1184 cols=   1184     90.1 ms
dickson  m=3 tower  t= 4 N=12 g= 1 random  Dmax=  6 reached=  6 cols_to_sol=   5018 cols=   5018   1729.4 ms
dickson  m=3 tower  t= 4 N=12 g= 1 random  Dmax=  6 reached=  6 cols_to_sol=   5018 cols=   5018   1719.9 ms
isogeny  m=3 tower  t= 2 N= 6 g= 1 planted Dmax=  6 reached=  6 cols_to_sol=    200 cols=    219     13.8 ms
isogeny  m=3 tower  t= 2 N= 6 g= 1 planted Dmax=  6 reached=  6 cols_to_sol=    200 cols=    219     13.1 ms
isogeny  m=3 tower  t= 2 N= 6 g= 1 random  Dmax=  6 reached=  6 cols_to_sol=    200 cols=    200      6.4 ms
isogeny  m=3 tower  t= 2 N= 6 g= 1 random  Dmax=  6 reached=  6 cols_to_sol=    200 cols=    200      6.7 ms
isogeny  m=3 tower  t= 3 N= 9 g= 1 planted Dmax=  6 reached=  7 cols_to_sol=   1196 cols=   1535    193.4 ms
isogeny  m=3 tower  t= 3 N= 9 g= 1 planted Dmax=  6 reached=  7 cols_to_sol=   1196 cols=   1535    225.2 ms
isogeny  m=3 tower  t= 3 N= 9 g= 1 random  Dmax=  6 reached=  6 cols_to_sol=   1196 cols=   1196    150.9 ms
isogeny  m=3 tower  t= 3 N= 9 g= 1 random  Dmax=  6 reached=  6 cols_to_sol=   1196 cols=   1196    140.7 ms
isogeny  m=3 tower  t= 4 N=12 g= 1 random  Dmax=  6 reached=  6 cols_to_sol=   5086 cols=   5086   2932.3 ms
isogeny  m=3 tower  t= 4 N=12 g= 1 random  Dmax=  6 reached=  6 cols_to_sol=   5086 cols=   5086   2874.1 ms
{"budget_seconds":900,"p":786433,"planted_per_cell":2,"planted_violations":0,"random_per_cell":2,"rows":30,"seed":1347112276,"wall_seconds":19.548205798}
