c CMS SHA1: GIT-notfound
c CryptoMiniSat version 5.14.7
c CMS compilation env CMAKE_CXX_COMPILER = /usr/bin/c++ | CMAKE_CXX_FLAGS =  -fno-stack-protector -msse4.2 -Wno-bitfield-constant-conversion -Wnull-dereference -Wdouble-promotion -Wshadow -Wformat=2 -Wextra-semi -pedantic | COMPILE_DEFINES =  -DNDEBUG -D_FORTIFY_SOURCE=0 | BUILD_SHARED_LIBS = OFF | ONLY_SIMPLE =  | STATS = OFF | SQLITE3_FOUND =  | ZLIB_FOUND = FALSE | VALGRIND_FOUND =  | ENABLE_TESTING = OFF | SLOW_DEBUG = OFF | ENABLE_ASSERTIONS = OFF | PYTHON_EXECUTABLE =  | PYTHON_LIBRARY =  | PYTHON_INCLUDE_DIRS =  | MY_TARGETS =  | LARGEMEM = OFF | LIMITMEM = OFF | BREAKID_LIBRARIES =  | BREAKID-VER = . | 
c Using VMTF, picosat, CaDiCaL, and CadiBack code by Armin Biere
c CMS is MIT licensed
c Using code from 'When Boolean Satisfiability Meets Gauss-E. in a Simplex Way'
c       by C.-S. Han and J.-H. Roland Jiang in CAV 2012. Fixes by M. Soos
c Using CCAnr from 'CCAnr: A Conf. Checking Based Local Search Solver [...]'
c       by Shaowei Cai, Chuan Luo, and Kaile Su, SAT 2015
c Using Oracle code from 'Integrating Tree Decompositions [...]'
c       by Tuukka Korhonen and Matti Jarvisalo, CP 2021
c Executed with command line: /private/tmp/ic-native-sat-control-20261003-final/immutable/assets/bin/cms --verb 1 --threads 1 --random 1 --maxsol 1 --maxconfl 1000000 instance/instance.xor.cnf
c Reading file 'instance/instance.xor.cnf'
c o -- header says num vars:            767
c o -- header says num clauses:        2414
c -- added: 2364 clauses, 50 xor clauses, 767 vars
c Parsing time: 0.00 s
c [sls] 2416 cls, minimum 4 (new global minimum) T: 0.00
c [sls] 2416 cls, minimum 4 T: 0.00
c --> Executing strategy token: sub-impl
c [impl-sub] bin: 0 T: 0.00 T-out: N w-visit: 1534
c Executing OCC strategy token(s): 'occ-backw-sub'
c [occ] Linked in IRRED BIN by default: 1652
c [occ] Linked in RED   BIN by default: 0
c Executing OCC strategy token: occ-backw-sub
c [occ-backw-sub-long-w-long] rem cl: 0 tried: 716/716 (100.0%) T: 0.00 T-out: N T-r: 99.99%
c --> Executing strategy token: scc-vrepl
c [scc] new: 2 BP 0M T: 0.00
c [vrep] vars 2 lits 224 rem-bin-cls 8 rem-long-cls 0 BP 0M T: 0.00
c --> Executing strategy token: breakid
c Executing OCC strategy token(s): 'occ-bve,occ-xor'
c [occ] Linked in IRRED BIN by default: 1648
c [occ] Linked in RED   BIN by default: 0
c Executing OCC strategy token: occ-bve
c [occ-empty-res] Empty resolvent elimed: 0 T: 0.00 T-out: N
c [occ-bve] tried:     0 v-elim:     0 free-vars: 765 T: 0.00 T-out: N T-r: 100.00%
c [occur] link-in T: 0.00 cleanup T: 0.00 overhead T: 0.00
c [occ-xor-bve] elimed: 0 T: 0.00 T-out: N
c Executing OCC strategy token: occ-xor
c [occ-xor] sort occur list T: 0.00
c [occ-xor] found      0 T: 0.00 T-out: N T-r: 100.00%
c [mem] consolidate mini T: 0.00
c [timeout] global_timeout_multiplier: 3.3000
c [branch] rebuilding order heap for all branchings. Current branching: vsids
c [lucky] no luck T: 0.00
c [gauss] clauses deleted that are represented by XORs: 0 xorclauses: 48 GJ matrices: 0 T: 0.00
c [matrix] performing matrix init
c [matrix] Good   matrix  0     48 x  765  density:0.1130  xorlen avg: 86.44
c [matrix] Using 1 matrices recovered from 48 xors T: 0.00 T-out: N
c [branch] adjusting to: vmtf (from: vsids) var_decay:0.95
c  res  pol bran  nres  conf freevar  IrrL  IrrB l/longC  l/allC RedL0 RedL1 RedL2  RedB l/longC  l/allC
c rst   stb    -  vmt     1  2024     765   716  1648    3.30    2.39  1298     0     0     5   92.59   92.24
c [branch] adjusting to: vsids (from: vmtf) var_decay:0.95
c rst   stb    O   vs     2  7048     765   716  1648    3.30    2.39  3022     0     0     5   42.23   42.16
c [distill-long-red0] cls tried: 5/1110 T: 0.00 T-out: Y T-r: -47.84%
c rst   stb    I   vs     3  9096     765   716  1648    3.30    2.39  3285     0     0     5   27.36   27.32
c rst   stb    B   vs     5 11145     765   716  1648    3.30    2.39  3403     0     0     5   24.99   24.96
c [distill-bin] useful/checked/potential: 0/1648/1648 lits-rem: 0 cl-rem: 0 0-depth-assigns: 0 T: 0.00 T-out: N
c rst   stb    B   vs     7   33K     765   716  1648    3.30    2.39  7269     0     0     9   26.34   26.31
c [distill-long-red0] cls tried: 5/930 T: 0.00 T-out: Y T-r: -81.38%
c [full-probe] bin_only: 1 set: 0 repl: 0 T: 0.00 T-out: N T-r: 99.94%
c [distill-bin] useful/checked/potential: 0/1648/1648 lits-rem: 0 cl-rem: 0 0-depth-assigns: 0 T: 0.00 T-out: N
c [distill] watch-based irred-- cl tried     1431 cl-sh     2 cl-rem    1 lit-rem      2 T: 0.00 T-out: N
c [distill] watch-based   red-- cl tried     1870 cl-sh   876 cl-rem    0 lit-rem   3851 T: 0.00 T-out: N
c [sls] 2412 cls, minimum 4 T: 0.00
c rst   stb    W   vs     8   34K     765   713  1651    3.30    2.39  6710     0     0     8   28.64   28.61
c rst   stb    O   vs    12   39K     765   713  1651    3.30    2.39  8736     0     0     8   30.17   30.15
c [impl-str] lit bin: 0 set-var: 0 T: 0.00 T-out: N T-r: 99.98% w-visit: 1534
c [impl-sub] bin: 0 T: 0.00 T-out: N w-visit: 1534
c rst   stb    B   vs    15   53K     765   713  1651    3.30    2.39  9546     0     0     8   28.18   28.16
c [distill-long-red0] cls tried: 5/4535 T: 0.01 T-out: Y T-r: -9.42%
c [full-probe] bin_only: 0 set: 0 repl: 0 T: 0.00 T-out: N T-r: 99.38%
c [distill-bin] useful/checked/potential: 0/1651/1651 lits-rem: 0 cl-rem: 0 0-depth-assigns: 0 T: 0.00 T-out: N
c [sls] 2412 cls, minimum 4 T: 0.00
c rst   stb    W   vs    16   54K     765   713  1651    3.30    2.39  7566     0     0     8   32.40   32.37
c recursive minimization cost OK: 260K cost/(% lits removed)
c [g 0] 48x765 dens: 0.0835 find: 384K (prop 69.5% confl 7.6%) elim: 31K (prop 13.4% confl 0.9%)
c --> Executing strategy token: scc-vrepl
c [scc] new: 3 BP 0M T: 0.00
c [vrep] vars 3 lits 397 rem-bin-cls 12 rem-long-cls 0 BP 0M T: 0.00
c --> Executing strategy token: sub-impl
c [impl-sub] bin: 3 T: 0.00 T-out: N w-visit: 1534
c --> Executing strategy token: breakid
c Executing OCC strategy token(s): 'occ-backw-sub-str,occ-clean-implicit,occ-bve,occ-bva,occ-ternary-res,occ-xor'
c [occ] Linked in IRRED BIN by default: 1645
c [occ] Linked in RED   BIN by default: 5
c Executing OCC strategy token: occ-backw-sub-str
c [occ-backw-sub-str-long-w-bins] subs: 0 str: 9977 tried: 1650 0-depth-assigns: 0 T: 0.01 T-out: N T-r: 94.93%
c [occ-backw-sub-long-w-long] rem cl: 1203 tried: 9488/9488 (100.0%) T: 0.00 T-out: N T-r: 97.73%
c [occ-backw-sub-str-long-w-long] sub: 499 str: 1114 tried: 28464/9488 (300.0%) T: 0.02 T-out: N T-r: 95.20%
c Executing OCC strategy token: occ-clean-implicit
c Executing OCC strategy token: occ-bve
c [occ-empty-res] Empty resolvent elimed: 0 T: 0.00 T-out: N
c [occ-bve] tried:     0 v-elim:     0 free-vars: 762 T: 0.00 T-out: N T-r: 100.00%
c [occur] link-in T: 0.00 cleanup T: 0.00 overhead T: 0.00
c [occ-xor-bve] elimed: 0 T: 0.00 T-out: N
c Executing OCC strategy token: occ-bva
c Executing OCC strategy token: occ-ternary-res
c [occ-ternary-res] Ternary res-tri: 0 res-bin: 0 sub: 0 str: 0 T: 0.00 T-out: N T-r: 98.73%
c Executing OCC strategy token: occ-xor
c [occ-xor] sort occur list T: 0.00
c [occ-xor] found      0 T: 0.00 T-out: N T-r: 100.00%
c --> Executing strategy token: card-find
c --> Executing strategy token: cl-consolidate
c [mem] consolidate old-sz: 1727K new-sz: 1193K new bits offs: 18 T: 0.00
c --> Executing strategy token: scc-vrepl
c [scc] new: 0 BP 0M T: 0.00
c [vrep] vars 0 lits 0 rem-bin-cls 0 rem-long-cls 0 BP 0M T: 0.00
c --> Executing strategy token: renumber
c --> Executing strategy token: louvain-comms
c [mem] consolidate mini T: 0.00
c [timeout] global_timeout_multiplier: 3.6300
c [branch] rebuilding order heap for all branchings. Current branching: vsids
c [gauss] clauses deleted that are represented by XORs: 0 xorclauses: 48 GJ matrices: 0 T: 0.00
c [matrix] performing matrix init
c [matrix] Good   matrix  0     48 x  762  density:0.1127  xorlen avg: 85.90
c [matrix] Using 1 matrices recovered from 48 xors T: 0.00 T-out: N
c [distill] watch-based irred-- cl tried     1426 cl-sh     0 cl-rem    0 lit-rem      0 T: 0.00 T-out: N
c [distill] watch-based   red-- cl tried     4762 cl-sh   813 cl-rem    0 lit-rem   4760 T: 0.01 T-out: N
c rst   foc    I   vs    23   63K     762   713  1645    3.30    2.39  7903     0     0     6   28.63   28.61
c [branch] adjusting to: vmtf (from: vsids) var_decay:0.95
c rst   foc    I  vmt    24   63K     762   713  1645    3.30    2.39  7907     0     0     6   28.64   28.62
c rst   stb    I  vmt    52  130K     762   713  1645    3.30    2.39 19463     0     0    10   43.30   43.28
c [branch] adjusting to: vsids (from: vmtf) var_decay:0.95
c [distill-long-red0] cls tried: 2/9262 T: 0.01 T-out: Y T-r: -164.44%
c [full-probe] bin_only: 1 set: 0 repl: 0 T: 0.00 T-out: N T-r: 99.84%
c [distill-bin] useful/checked/potential: 0/1645/1645 lits-rem: 0 cl-rem: 0 0-depth-assigns: 0 T: 0.00 T-out: N
c [distill] watch-based irred-- cl tried     1426 cl-sh     3 cl-rem    0 lit-rem      3 T: 0.00 T-out: N
c [distill] watch-based   red-- cl tried     9144 cl-sh  2442 cl-rem  297 lit-rem  18467 T: 0.03 T-out: Y
c [impl-str] lit bin: 0 set-var: 0 T: 0.00 T-out: N T-r: 99.98% w-visit: 1534
c [impl-sub] bin: 0 T: 0.00 T-out: N w-visit: 1534
c rst   stb    B   vs    53  131K     762   710  1648    3.30    2.39 10507     0     0    10   49.88   49.84
c recursive minimization cost OK: 370K cost/(% lits removed)
c [g 0] 48x762 dens: 0.0851 find: 746K (prop 61.0% confl 5.5%) elim: 128K (prop 10.5% confl 0.7%)
c --> Executing strategy token: scc-vrepl
c [scc] new: 3 BP 0M T: 0.00
c [vrep] vars 3 lits 10569 rem-bin-cls 12 rem-long-cls 4 BP 0M T: 0.01
c --> Executing strategy token: sub-impl
c [impl-sub] bin: 3 T: 0.00 T-out: N w-visit: 1534
c --> Executing strategy token: breakid
c Executing OCC strategy token(s): 'occ-backw-sub-str,occ-clean-implicit,occ-bve,occ-bva,occ-ternary-res,occ-xor'
c [occ] Linked in IRRED BIN by default: 1642
c [occ] Linked in RED   BIN by default: 7
c Executing OCC strategy token: occ-backw-sub-str
c [occ-backw-sub-str-long-w-bins] subs: 14 str: 14733 tried: 3299 0-depth-assigns: 0 T: 0.01 T-out: N T-r: 90.61%
c [occ-backw-sub-long-w-long] rem cl: 776 tried: 14535/14535 (100.0%) T: 0.01 T-out: N T-r: 96.90%
c [occ-backw-sub-str-long-w-long] sub: 24 str: 964 tried: 43605/14535 (300.0%) T: 0.03 T-out: N T-r: 90.43%
c Executing OCC strategy token: occ-clean-implicit
c Executing OCC strategy token: occ-bve
c [occ-empty-res] Empty resolvent elimed: 0 T: 0.00 T-out: N
c [occ-bve] tried:     0 v-elim:     0 free-vars: 759 T: 0.00 T-out: N T-r: 100.00%
c [occur] link-in T: 0.01 cleanup T: 0.00 overhead T: 0.01
c [occ-xor-bve] elimed: 0 T: 0.00 T-out: N
c Executing OCC strategy token: occ-bva
c Executing OCC strategy token: occ-ternary-res
c [occ-ternary-res] Ternary res-tri: 0 res-bin: 0 sub: 0 str: 0 T: 0.00 T-out: N T-r: 99.96%
c Executing OCC strategy token: occ-xor
c [occ-xor] sort occur list T: 0.00
c [occ-xor] found      0 T: 0.00 T-out: N T-r: 99.99%
c --> Executing strategy token: card-find
c --> Executing strategy token: cl-consolidate
c [mem] not consolidating
c --> Executing strategy token: scc-vrepl
c [scc] new: 0 BP 0M T: 0.00
c [vrep] vars 0 lits 0 rem-bin-cls 0 rem-long-cls 0 BP 0M T: 0.00
c --> Executing strategy token: renumber
c --> Executing strategy token: louvain-comms
c [mem] consolidate mini T: 0.00
c [timeout] global_timeout_multiplier: 3.9930
c [branch] rebuilding order heap for all branchings. Current branching: vsids
c [gauss] clauses deleted that are represented by XORs: 0 xorclauses: 48 GJ matrices: 0 T: 0.00
c [matrix] performing matrix init
c [matrix] Good   matrix  0     48 x  759  density:0.1125  xorlen avg: 85.40
c [matrix] Using 1 matrices recovered from 48 xors T: 0.00 T-out: N
c rst   stb    B   vs    60  142K     759   710  1642    3.30    2.39 14980     0     0     8   29.08   29.07
c [sls] 2400 cls, minimum 4 T: 0.00
c rst   stb    W   vs    61  150K     759   710  1642    3.30    2.39 14113     0     0     8   33.66   33.64
c [distill-long-red0] cls tried: 2/3063 T: 0.00 T-out: Y T-r: -219.89%
c [full-probe] bin_only: 0 set: 1 repl: 0 T: 0.00 T-out: N T-r: 98.94%
c [distill-bin] useful/checked/potential: 0/1642/1642 lits-rem: 0 cl-rem: 0 0-depth-assigns: 0 T: 0.00 T-out: N
c rst   stb    W   vs    62  166K     758   710  1640    3.30    2.39   21K     0     0     8   38.18   38.16
c [distill-long-red0] cls tried: 2/3132 T: 0.00 T-out: Y T-r: -328.51%
c [distill] watch-based irred-- cl tried     1418 cl-sh     0 cl-rem    0 lit-rem      0 T: 0.00 T-out: N
c [distill] watch-based   red-- cl tried     6293 cl-sh   351 cl-rem    3 lit-rem   5866 T: 0.01 T-out: N
c rst   stb    O   vs    63  167K     758   709  1641    3.30    2.39   22K     0     0     8   37.75   37.74
c [full-probe] bin_only: 1 set: 0 repl: 0 T: 0.00 T-out: N T-r: 99.90%
c [distill-bin] useful/checked/potential: 0/1641/1641 lits-rem: 0 cl-rem: 0 0-depth-assigns: 0 T: 0.01 T-out: N
c rst   stb    O   vs    69  179K     758   709  1641    3.30    2.39 14232     0     0     8   33.31   33.29
c rst   stb    B   vs    70  180K     758   709  1641    3.30    2.39 15256     0     0     8   33.28   33.27
c [distill-long-red0] cls tried: 4/7906 T: 0.01 T-out: Y T-r: -70.47%
c rst   stb    B   vs    76  191K     758   709  1641    3.30    2.39 15662     0     0     8   30.29   30.28
c [full-probe] bin_only: 0 set: 0 repl: 0 T: 0.00 T-out: N T-r: 99.09%
c [distill-bin] useful/checked/potential: 0/1641/1641 lits-rem: 0 cl-rem: 0 0-depth-assigns: 0 T: 0.00 T-out: N
c [impl-str] lit bin: 0 set-var: 0 T: 0.00 T-out: N T-r: 99.98% w-visit: 1534
c [impl-sub] bin: 1 T: 0.00 T-out: N w-visit: 1534
c [distill-long-red0] cls tried: 2/2885 T: 0.00 T-out: Y T-r: -354.84%
c [distill] watch-based irred-- cl tried     1418 cl-sh     0 cl-rem    0 lit-rem      0 T: 0.00 T-out: N
c [distill] watch-based   red-- cl tried     5810 cl-sh     4 cl-rem    0 lit-rem      8 T: 0.01 T-out: N
c [sls] 2398 cls, minimum 4 T: 0.00
c  res  pol bran  nres  conf freevar  IrrL  IrrB l/longC  l/allC RedL0 RedL1 RedL2  RedB l/longC  l/allC
c rst   stb    W   vs    78  200K     758   709  1641    3.30    2.39 15060     0     0     7   32.62   32.60
c rst   stb    W   vs    84  211K     758   709  1641    3.30    2.39 15752     0     0     7   30.53   30.51
c [full-probe] bin_only: 1 set: 0 repl: 0 T: 0.00 T-out: N T-r: 99.90%
c [distill-bin] useful/checked/potential: 0/1641/1641 lits-rem: 0 cl-rem: 0 0-depth-assigns: 0 T: 0.00 T-out: N
c rst   stb    I   vs    87  216K     758   709  1641    3.30    2.39 19848     0     0     7   30.80   30.79
c [distill-long-red0] cls tried: 6/4736 T: 0.01 T-out: Y T-r: -192.22%
c rst   stb    I   vs    91  224K     758   709  1641    3.30    2.39 16563     0     0     8   29.66   29.64
c [distill-long-red0] cls tried: 4/3791 T: 0.00 T-out: Y T-r: -280.71%
c [full-probe] bin_only: 0 set: 0 repl: 0 T: 0.00 T-out: N T-r: 98.85%
c [distill-bin] useful/checked/potential: 0/1641/1641 lits-rem: 0 cl-rem: 0 0-depth-assigns: 0 T: 0.01 T-out: N
c [distill] watch-based irred-- cl tried     1418 cl-sh     0 cl-rem    0 lit-rem      0 T: 0.00 T-out: N
c [distill] watch-based   red-- cl tried     7638 cl-sh   759 cl-rem    0 lit-rem   4178 T: 0.02 T-out: N
c rst   stb    B   vs    93  244K     758   709  1641    3.30    2.39   25K     0     0     9   30.52   30.51
c recursive minimization cost OK: 458K cost/(% lits removed)
c [g 0] 48x759 dens: 0.0904 find: 835K (prop 66.4% confl 6.5%) elim: 109K (prop 12.9% confl 0.8%)
c --> Executing strategy token: scc-vrepl
c [scc] new: 0 BP 0M T: 0.00
c [vrep] vars 0 lits 0 rem-bin-cls 0 rem-long-cls 0 BP 0M T: 0.00
c --> Executing strategy token: sub-impl
c [impl-sub] bin: 0 T: 0.00 T-out: N w-visit: 1534
c --> Executing strategy token: breakid
c Executing OCC strategy token(s): 'occ-backw-sub-str,occ-clean-implicit,occ-bve,occ-bva,occ-ternary-res,occ-xor'
c [occ] Linked in IRRED BIN by default: 1641
c [occ] Linked in RED   BIN by default: 9
c Executing OCC strategy token: occ-backw-sub-str
c [occ-backw-sub-str-long-w-bins] subs: 0 str: 13176 tried: 4949 0-depth-assigns: 0 T: 0.02 T-out: N T-r: 92.43%
c [occ-backw-sub-long-w-long] rem cl: 4740 tried: 26305/26305 (100.0%) T: 0.01 T-out: N T-r: 95.81%
c [occ-backw-sub-str-long-w-long] sub: 272 str: 696 tried: 78915/26305 (300.0%) T: 0.04 T-out: N T-r: 91.92%
c Executing OCC strategy token: occ-clean-implicit
c Executing OCC strategy token: occ-bve
c [occ-empty-res] Empty resolvent elimed: 0 T: 0.00 T-out: N
c [occ-bve] tried:     0 v-elim:     0 free-vars: 758 T: 0.00 T-out: N T-r: 100.00%
c [occur] link-in T: 0.01 cleanup T: 0.00 overhead T: 0.01
c [occ-xor-bve] elimed: 0 T: 0.00 T-out: N
c Executing OCC strategy token: occ-bva
c Executing OCC strategy token: occ-ternary-res
c [occ-ternary-res] Ternary res-tri: 0 res-bin: 0 sub: 0 str: 0 T: 0.00 T-out: N T-r: 99.93%
c Executing OCC strategy token: occ-xor
c [occ-xor] sort occur list T: 0.00
c [occ-xor] found      0 T: 0.00 T-out: N T-r: 99.99%
c --> Executing strategy token: card-find
c --> Executing strategy token: cl-consolidate
c [mem] not consolidating
c --> Executing strategy token: scc-vrepl
c [scc] new: 0 BP 0M T: 0.00
c [vrep] vars 0 lits 0 rem-bin-cls 0 rem-long-cls 0 BP 0M T: 0.01
c --> Executing strategy token: renumber
c --> Executing strategy token: louvain-comms
c [mem] consolidate mini T: 0.00
c [timeout] global_timeout_multiplier: 4.3923
c [branch] rebuilding order heap for all branchings. Current branching: vsids
c [gauss] clauses deleted that are represented by XORs: 0 xorclauses: 48 GJ matrices: 0 T: 0.00
c [matrix] performing matrix init
c [matrix] Good   matrix  0     48 x  758  density:0.1124  xorlen avg: 85.17
c [matrix] Using 1 matrices recovered from 48 xors T: 0.00 T-out: N
c [distill-long-red0] cls tried: 3/6464 T: 0.01 T-out: Y T-r: -292.11%
c [sls] 2398 cls, minimum 4 T: 0.00
c rst   foc    W   vs    95  255K     758   709  1641    3.30    2.39   20K     0     0     9   34.27   34.25
c [branch] adjusting to: vmtf (from: vsids) var_decay:0.95
c [full-probe] bin_only: 1 set: 0 repl: 0 T: 0.00 T-out: N T-r: 99.87%
c [distill-bin] useful/checked/potential: 0/1641/1641 lits-rem: 0 cl-rem: 0 0-depth-assigns: 0 T: 0.01 T-out: N
c [impl-str] lit bin: 0 set-var: 0 T: 0.00 T-out: N T-r: 99.98% w-visit: 1534
c [impl-sub] bin: 0 T: 0.00 T-out: N w-visit: 1534
c rst   foc    W  vmt    96  289K     758   709  1641    3.30    2.39   24K     0     0    12   33.26   33.24
c [distill-long-red0] cls tried: 3/7019 T: 0.01 T-out: Y T-r: -110.16%
c [full-probe] bin_only: 0 set: 0 repl: 0 T: 0.00 T-out: N T-r: 98.19%
c [distill-bin] useful/checked/potential: 0/1641/1641 lits-rem: 0 cl-rem: 0 0-depth-assigns: 0 T: 0.01 T-out: N
c [distill] watch-based irred-- cl tried     1418 cl-sh     0 cl-rem    0 lit-rem      0 T: 0.00 T-out: N
c [distill] watch-based   red-- cl tried    10391 cl-sh  1564 cl-rem    0 lit-rem   7916 T: 0.03 T-out: Y
c rst   foc    F  vmt    97  300K     758   709  1641    3.30    2.39   21K     0     0    12   38.25   38.23
c ------- FINAL TOTAL SEARCH STATS ---------
c UIP search time          : 8.62        (95.44     % time)
c All times are for this thread only except if explicitly specified
c restarts                 : 97          (3100.55   confls per restart)
c time                     : 8.62        
c decisions                : 305066      (0.00      % random)
c propagations             : 14672K      (1702K     props/s)
c decisions/conflicts      : 1.01        
c conflicts                : 300753      
c LEARNT stats
c units learnt             : 0           (0.00      % of conflicts)
c bins learnt              : 18          (0.01      % of conflicts)
c long learnt              : 301630      (100.29    % of conflicts)
c SEAMLESS HYPERBIN&TRANS-RED stats
c advProp called           : 0           
c hyper-bin add bin        : 0           (0.00      bin/call)
c trans-red rem irred bin  : 0           (0.00      bin/call)
c trans-red rem red bin    : 0           (0.00      bin/call)
c CONFL LITS stats
c orig                     : 71923913    (239.15    lit/confl)
c recurs-min effective     : 294526      (97.93     % attempt successful)
c recurs-min lits          : 59630381    (82.91     % less overall)
c shrink effective         : 117405      (39.04     % attempt successful)
c shrink lits              : 1901165     (2.64      % less overall)
c otfs str/driving         : 114         (37        strengthened/driving)
c permDiff call%           : 0.00        (0.00      % attempt successful)
c permDiff lits-rem        : 0           (0.00      less lits/cl on attempts)
c further-min call%        : 0.09        (50.00     % attempt successful)
c bintri-min lits          : 576         (0.00      % less overall)
c final avg                : 34.55       
c all-threads sum CPU time : 8.62         s
c PROP stats
c Mbogo-props              : 51.77       (6.01      / sec)
c MHyper-props             : 0.00        (0.00      / sec)
c Mprops                   : 14.67       (1.70      / sec)
c -------- OccSimplifier STATS ----------
c time                     : 0.22        (0.00      % var-elim)
c called                   : 5           (0.04      s per call)
c 0-depth assigns          : 0           (0.00      % vars)
c -------- OccSimplifier STATS END ----------
c -------- SubsumeStrengthen STATS ----------
c cl-subs                  : 11746        Clauses
c cl-str rem lit           : 78539        Lits
c cl-sub T                 : 0.03         s
c cl-str T                 : 0.15         s
c -------- SubsumeStrengthen STATS END ----------
c ----- SCC STATS --------
c time                     : 0.00        (0.00      per call)
c called                   : 7           (1.14      new found per call)
c found                    : 8           (50.00     % of all found)
c bogoprops                : 59915       % of all found
c ----- SCC STATS END --------
c --------- VAR REPLACE STATS ----------
c time                     : 0.02        (0.00      per call)
c trees' crown             : 8           (1.04      % of vars)
c 0-depth assigns          : 0           (0.00      % vars)
c lits replaced            : 11190       
c bin cls removed          : 32          
c long cls removed         : 4           
c long lits removed        : 109         
c bogoprops                : 387963      
c --------- VAR REPLACE STATS END ----------
c vrep replace time        : 0.02        (0.17      % time)
c vrep tree roots          : 4           
c vrep trees' crown        : 8           (2.00      leafs/tree)
c -------- DISTILL-BIN STATS --------
c time                     : 0.05        (0.00      per call)
c timed out                : 0           (0.00      % of calls)
c distill/checked/potential: 0          /18080/18080
c lits-rem                 : 0           
c 0-depth-assigns          : 0           (0.00      % of vars)
c -------- DISTILL STATS END --------
c -------- STRENGTHEN STATS --------
c --> watch-based on irred cls
c time                     : 0.00        (0.00      s/call)
c shrinked/tried/total     : 5          /9955/9955
c subsumed/tried/total     : 1          /9955/9955
c lits-rem                 : 5           (0.02      % of lits tried)
c called                   : 14          (0.00      % ran out of time)
c --> watch-based on red cls
c time                     : 0.13        (0.01      s/call)
c shrinked/tried/total     : 6809       /45908/240398
c subsumed/tried/total     : 300        /45908/240398
c lits-rem                 : 45046       (3.01      % of lits tried)
c called                   : 14          (199371.43 % ran out of time)
c -------- STRENGTHEN STATS END --------
c -------- IMPLICIT SUB  STATS --------
c time                     : 0.00        (0.00      per call)
c timed out                : 0           (0.00      % of calls)
c rem bins                 : 7           
c -------- IMPLICIT SUB STATS END --------
c Mem used                 : 0           MB
c Mem for longclauses      : 4           MB (0.00      %)
c [mem] watch alloc        : 6           MB (0.00      %)
c [mem] watch array        : 0           MB (0.00      %)
c Mem for assings&vardata  : 0           MB (0.00      %)
c Mem for search&solve     : 0           MB (0.00      %)
c Mem for renumberer       : 0           MB (0.00      %)
c Mem for occsimplifier    : 0           MB (0.00      %)
c Mem for varReplacer&SCC  : 0           MB (0.00      %)
c Mem for impl subsume     : 0           MB (0.00      %)
c Mem for 3 distills       : 0           MB (0.00      %)
c Accounted for mem (rss)  : 0.00        %
c Accounted for mem (vm)   : 0.00        %
c restarts                 : 97          (3100.55   confls per restart)
c time                     : 8.62        
c decisions                : 305066      (0.00      % random)
c propagations             : 14672K      (1702K     props/s)
c decisions/conflicts      : 1.01        
c conflicts                : 300753      
c conf lits non-minim      : 71923913    (239.15    lit/confl)
c conf lits final          : 34.55       
c props/decision           : 0.00        
c props/conflict           : 0.00        
c 0-depth assigns          : 1           (0.13      % vars)
c 0-depth assigns by CNF   : 0           (0.00      % vars)
c reduceDB time            : 0.03        (0.38      % time)
c OccSimplifier time       : 0.22        (2.41      % time)
c [occur] link-in T: 0.02 cleanup T: 0.00 overhead T: 0.03
c [occ-substr] long subBySub: 9901 subByStr: 1845 lits-rem-str: 78539 T: 0.18
c SCC time                 : 0.00        (0.00      % time)
c [scc] new: 8 BP 0M T: 0.00
c vrep replace time        : 0.02        (0.17      % time)
c vrep tree roots          : 4           
c vrep trees' crown        : 8           (2.00      leafs/tree)
c distill long time        : 0.07        (0.80      % time)
c distill bin time         : 0.05        (0.56      % time)
c strength cache-irred time: 0.00        (0.03      % time)
c strength cache-red time  : 0.13        (1.44      % time)
c avg cls in red 0         : 15297.37    
c avg cls in red 1         : 0.00        
c avg cls in red 2         : 0.00        
c Conflicts in UIP         : 300753      (33306.06  confl/time_this_thread)
c Mem used                 : 0.00        MB
c Total time (this thread) : 9.03        
s SATISFIABLE
v 1 2 -3 4 5 6 7 8 -9 -10 -11 -12 13 -14 -15 -16 17 18 19 -20 -21 22 -23 -24 25 
v -26 27 -28 29 30 31 32 -33 -34 35 36 -37 38 39 40 41 -42 -43 44 -45 46 47 -48 
v -49 -50 -51 52 53 -54 -55 -56 57 58 59 60 -61 -62 -63 64 65 -66 -67 -68 -69 
v -70 -71 -72 -73 -74 -75 -76 -77 -78 -79 -80 -81 -82 -83 -84 -85 -86 -87 -88 
v -89 -90 -91 -92 -93 94 -95 -96 -97 98 99 100 101 -102 -103 -104 105 106 107 
v 108 -109 -110 -111 112 113 -114 -115 -116 -117 -118 -119 -120 -121 -122 -123 
v -124 -125 -126 -127 -128 -129 -130 -131 -132 -133 -134 -135 -136 -137 -138 
v -139 -140 -141 142 -143 -144 -145 146 147 -148 -149 -150 -151 -152 -153 -154 
v -155 -156 -157 -158 -159 -160 -161 -162 -163 -164 -165 -166 -167 -168 -169 
v -170 -171 -172 -173 -174 -175 -176 -177 -178 -179 -180 -181 -182 -183 -184 
v -185 -186 -187 -188 -189 -190 -191 -192 -193 -194 -195 196 197 -198 -199 -200 
v 201 202 203 204 -205 -206 -207 208 209 -210 -211 -212 -213 -214 -215 -216 
v -217 -218 -219 -220 -221 -222 -223 -224 -225 -226 -227 -228 -229 -230 -231 
v -232 -233 -234 -235 -236 -237 238 -239 -240 -241 242 243 244 245 -246 -247 
v -248 249 250 251 252 -253 -254 -255 256 257 -258 -259 -260 -261 -262 -263 
v -264 -265 -266 -267 -268 -269 -270 -271 -272 -273 -274 -275 -276 -277 -278 
v -279 -280 -281 -282 -283 -284 -285 286 -287 -288 -289 290 291 292 293 -294 
v -295 -296 297 298 299 300 -301 -302 -303 304 305 -306 -307 -308 -309 -310 
v -311 -312 -313 -314 -315 -316 -317 -318 -319 -320 -321 -322 -323 -324 -325 
v -326 -327 -328 -329 -330 -331 -332 -333 334 -335 -336 -337 338 339 340 -341 
v -342 -343 344 345 346 -347 -348 -349 350 351 -352 -353 -354 -355 -356 -357 
v -358 -359 -360 -361 -362 -363 -364 -365 -366 -367 -368 -369 -370 -371 -372 
v -373 -374 -375 376 -377 378 379 380 381 -382 -383 384 -385 386 387 -388 -389 
v -390 -391 -392 -393 -394 -395 -396 -397 -398 -399 -400 -401 -402 -403 -404 
v -405 -406 -407 -408 -409 -410 -411 -412 -413 -414 -415 -416 -417 -418 -419 
v -420 -421 -422 -423 424 -425 426 427 428 429 -430 -431 432 -433 434 435 -436 
v -437 -438 -439 -440 -441 -442 -443 -444 -445 -446 -447 -448 -449 -450 -451 
v -452 -453 -454 -455 -456 -457 -458 -459 -460 -461 -462 -463 -464 -465 -466 
v -467 -468 -469 -470 -471 472 -473 474 475 476 477 -478 -479 480 -481 482 483 
v -484 -485 -486 -487 -488 -489 -490 -491 -492 -493 -494 -495 -496 -497 -498 
v -499 -500 -501 -502 -503 504 -505 506 507 508 509 -510 -511 512 -513 514 515 
v -516 -517 -518 -519 -520 -521 -522 -523 -524 -525 -526 -527 -528 -529 -530 
v -531 -532 -533 -534 -535 536 -537 538 539 540 541 -542 -543 544 -545 546 547 
v -548 -549 -550 -551 552 -553 554 555 556 557 -558 -559 560 -561 562 563 -564 
v -565 -566 -567 568 -569 570 571 572 573 -574 -575 576 -577 578 579 -580 -581 
v -582 -583 584 -585 586 587 588 589 -590 -591 592 -593 594 595 -596 -597 -598 
v -599 -600 -601 -602 -603 -604 -605 -606 -607 -608 -609 -610 -611 -612 -613 
v -614 -615 -616 -617 -618 -619 -620 -621 -622 -623 -624 -625 -626 -627 -628 
v -629 -630 -631 632 -633 634 635 636 637 -638 -639 640 -641 642 643 -644 -645 
v -646 -647 -648 649 650 651 652 -653 -654 655 -656 657 658 -659 -660 -661 -662 
v -663 -664 -665 -666 -667 -668 -669 -670 -671 -672 -673 -674 -675 -676 677 678 
v 679 -680 -681 682 -683 684 685 -686 -687 -688 -689 690 691 -692 -693 694 -695 
v 696 697 -698 -699 -700 -701 702 -703 -704 705 -706 707 708 -709 -710 -711 
v -712 -713 -714 715 -716 717 718 -719 -720 -721 -722 -723 -724 -725 -726 -727 
v -728 -729 -730 -731 -732 -733 -734 -735 -736 -737 -738 -739 -740 741 742 -743 
v -744 -745 -746 -747 -748 -749 -750 -751 -752 753 -754 -755 -756 -757 -758 
v -759 -760 -761 -762 -763 -764 -765 -766 -767 0
c [g 0] 48x758 dens: 0.1581 find: 1302K (prop 49.0% confl 3.3%) elim: 583K (prop 1.3% confl 0.1%)
