Traceback (most recent call last):
  File "/Volumes/SSD990/crypto-koblitz-magma-calculator-panel-20260909/research/sat_factor_base_review_20260908/continuation-05-sota-gates/post_stage19_magma_calculator_request.py", line 444, in <module>
    main()
    ~~~~^^
  File "/Volumes/SSD990/crypto-koblitz-magma-calculator-panel-20260909/research/sat_factor_base_review_20260908/continuation-05-sota-gates/post_stage19_magma_calculator_request.py", line 437, in main
    envelope = execute(args.attempt)
  File "/Volumes/SSD990/crypto-koblitz-magma-calculator-panel-20260909/research/sat_factor_base_review_20260908/continuation-05-sota-gates/post_stage19_magma_calculator_request.py", line 402, in execute
    _, _, input_bytes = validate_and_consume_authorization(attempt)
                        ~~~~~~~~~~~~~~~~~~~~~~~~~~~~~~~~~~^^^^^^^^^
  File "/Volumes/SSD990/crypto-koblitz-magma-calculator-panel-20260909/research/sat_factor_base_review_20260908/continuation-05-sota-gates/post_stage19_magma_calculator_request.py", line 266, in validate_and_consume_authorization
    validate_meter_parent(attempt)
    ~~~~~~~~~~~~~~~~~~~~~^^^^^^^^^
  File "/Volumes/SSD990/crypto-koblitz-magma-calculator-panel-20260909/research/sat_factor_base_review_20260908/continuation-05-sota-gates/post_stage19_magma_calculator_request.py", line 174, in validate_meter_parent
    result = subprocess.run(
        ["ps", "-p", str(os.getppid()), "-o", "command="],
    ...<2 lines>...
        check=False,
    )
  File "/Library/Frameworks/Python.framework/Versions/3.13/lib/python3.13/subprocess.py", line 554, in run
    with Popen(*popenargs, **kwargs) as process:
         ~~~~~^^^^^^^^^^^^^^^^^^^^^^
  File "/Library/Frameworks/Python.framework/Versions/3.13/lib/python3.13/subprocess.py", line 1036, in __init__
    self._execute_child(args, executable, preexec_fn, close_fds,
    ~~~~~~~~~~~~~~~~~~~^^^^^^^^^^^^^^^^^^^^^^^^^^^^^^^^^^^^^^^^^
                        pass_fds, cwd, env,
                        ^^^^^^^^^^^^^^^^^^^
    ...<5 lines>...
                        gid, gids, uid, umask,
                        ^^^^^^^^^^^^^^^^^^^^^^
                        start_new_session, process_group)
                        ^^^^^^^^^^^^^^^^^^^^^^^^^^^^^^^^^
  File "/Library/Frameworks/Python.framework/Versions/3.13/lib/python3.13/subprocess.py", line 1966, in _execute_child
    raise child_exception_type(errno_num, err_msg, err_filename)
PermissionError: [Errno 1] Operation not permitted: 'ps'
