packed L2 persist window: 887808 of 887808 field bytes, cap 83886080
packed kernel: 98 registers/thread, 0 local bytes/thread, 0 shared bytes/block, single-product multiplier
packed driver reserved shared bytes/block: 1024, device 0
packed denominator cache: 1
packed multiply by value: 1
packed Frobenius network: 3
packed polynomial chain: 1
packed polynomial state: 1
packed unrolled inversion: 1
packed paired products: 1
packed pair ilp: 1
packed pair clmul: 1
packed clmul flat: 0
packed top hoist: 0
packed onb inv: 0
packed from reduced: 1
packed slot unroll: 1
packed slot prefetch: 0
packed slot pipeline: 0
packed selection pipeline: 0
packed L2 persist: 1
packed direct reduction: 1
packed generated product: 1
packed inline onb multiply: 0
packed native carryless multiply: 1
packed native carryless square: 0
packed three-limb Karatsuba: 0
packed weighted prefix: 2
packed compact state: 1
packed shared sigma: 1
packed top clmad: 0
packed half top clmad: 0
packed state tile: 256
packed add combine: 0
packed alu square: 1
packed alu onb square: 0
packed profile ranges: 0
packed table pivot bytes: 1, table shared bytes 49780
packed table global: 0
packed table addend global: 0
packed table recompute denominator: 1
packed table bank pad: 1
packed table warp LUT: 0
packed table walk: 1 (8 branches, 49780 shared bytes)
backend cuda-packed131: 1024 threads x 17 slots x 1 lanes = 17408 walks, dp weight 50, 16 steps per launch
       7.4 s       0.038 M it/s      278528 iterations      1474 dp      1474 stored         0 dropped
       8.8 s       0.507 M it/s     4456448 iterations     22909 dp     22909 stored         0 dropped
  finished: 0.507 M it/s, 22909 distinguished points (300 verified against the reference, 0 dropped)
