c CMS SHA1: 7ae1b4a74259cdce223a584281fb8f090bbd3eed
c CryptoMiniSat version 5.14.7
c CMS compilation env CMAKE_CXX_COMPILER = /usr/bin/c++ | CMAKE_CXX_FLAGS =  -fno-stack-protector -msse4.2 -Wno-bitfield-constant-conversion -Wnull-dereference -Wdouble-promotion -Wshadow -Wformat=2 -Wextra-semi -pedantic | COMPILE_DEFINES =  -DNDEBUG -D_FORTIFY_SOURCE=0 | BUILD_SHARED_LIBS = OFF | ONLY_SIMPLE =  | STATS = OFF | SQLITE3_FOUND =  | ZLIB_FOUND = FALSE | VALGRIND_FOUND =  | ENABLE_TESTING = OFF | SLOW_DEBUG = OFF | ENABLE_ASSERTIONS = OFF | PYTHON_EXECUTABLE =  | PYTHON_LIBRARY =  | PYTHON_INCLUDE_DIRS =  | MY_TARGETS =  | LARGEMEM = OFF | LIMITMEM = OFF | BREAKID_LIBRARIES =  | BREAKID-VER = . | 
c Using VMTF, picosat, CaDiCaL, and CadiBack code by Armin Biere
c CMS is MIT licensed
c Using code from 'When Boolean Satisfiability Meets Gauss-E. in a Simplex Way'
c       by C.-S. Han and J.-H. Roland Jiang in CAV 2012. Fixes by M. Soos
c Using CCAnr from 'CCAnr: A Conf. Checking Based Local Search Solver [...]'
c       by Shaowei Cai, Chuan Luo, and Kaile Su, SAT 2015
c Using Oracle code from 'Integrating Tree Decompositions [...]'
c       by Tuukka Korhonen and Matti Jarvisalo, CP 2021
c Executed with command line: /Volumes/SSD990/cryptominisat-koblitz-20260909/build/cryptominisat5 --verb 1 --threads 1 /Volumes/SSD990/koblitz-stage13-panel-20260909/tasks/seed-2026091302/n59-l9-m3-standard-a1-f0/matrix/n59-l9-m3-standard-a1-f0/instance.xor.cnf
c Reading file '/Volumes/SSD990/koblitz-stage13-panel-20260909/tasks/seed-2026091302/n59-l9-m3-standard-a1-f0/matrix/n59-l9-m3-standard-a1-f0/instance.xor.cnf'
c o -- header says num vars:           2000
c o -- header says num clauses:        6605
c -- added: 6495 clauses, 110 xor clauses, 2000 vars
c Parsing time: 0.00 s
c [sls] 6607 cls, minimum 21 (new global minimum) T: 0.00
c [sls] 6607 cls, minimum 18 (new global minimum) T: 0.00
c --> Executing strategy token: sub-impl
c [impl-sub] bin: 0 T: 0.00 T-out: N w-visit: 4000
c Executing OCC strategy token(s): 'occ-backw-sub'
c [occ] Linked in IRRED BIN by default: 4577
c [occ] Linked in RED   BIN by default: 0
c Executing OCC strategy token: occ-backw-sub
c [occ-backw-sub-long-w-long] rem cl: 0 tried: 1922/1922 (100.0%) T: 0.00 T-out: N T-r: 99.98%
c --> Executing strategy token: scc-vrepl
c [scc] new: 2 BP 0M T: 0.00
c [vrep] vars 2 lits 375 rem-bin-cls 8 rem-long-cls 0 BP 0M T: 0.00
c --> Executing strategy token: breakid
c Executing OCC strategy token(s): 'occ-bve,occ-xor'
c [occ] Linked in IRRED BIN by default: 4573
c [occ] Linked in RED   BIN by default: 0
c Executing OCC strategy token: occ-bve
c [occ-empty-res] Empty resolvent elimed: 0 T: 0.00 T-out: N
c [occ-bve] tried:     0 v-elim:     0 free-vars: 1998 T: 0.00 T-out: N T-r: 100.00%
c [occur] link-in T: 0.00 cleanup T: 0.00 overhead T: 0.00
c [occ-xor-bve] elimed: 0 T: 0.00 T-out: N
c Executing OCC strategy token: occ-xor
c [occ-xor] sort occur list T: 0.00
c [occ-xor] found      0 T: 0.00 T-out: N T-r: 100.00%
c [mem] consolidate mini T: 0.00
c [timeout] global_timeout_multiplier: 3.3000
c [branch] rebuilding order heap for all branchings. Current branching: vsids
c [lucky] no luck T: 0.00
c [gauss] clauses deleted that are represented by XORs: 0 xorclauses: 108 GJ matrices: 0 T: 0.00
c [matrix] performing matrix init
c [matrix] Good   matrix  0    108 x 1998  density:0.1438  xorlen avg: 287.32
c [matrix] Using 1 matrices recovered from 108 xors T: 0.00 T-out: N
c [branch] adjusting to: vmtf (from: vsids) var_decay:0.95
c  res  pol bran  nres  conf freevar  IrrL  IrrB l/longC  l/allC RedL0 RedL1 RedL2  RedB l/longC  l/allC
c rst   stb    -  vmt     1  2049    1998  1922  4573    3.38    2.41  1320     0     0     3  254.90  254.32
c [branch] adjusting to: vsids (from: vmtf) var_decay:0.95
c rst   stb    O   vs     2  7049    1998  1922  4573    3.38    2.41  3022     0     0     3   69.04   68.98
c [distill-long-red0] cls tried: 4/1547 T: 0.00 T-out: Y T-r: -463.47%
c rst   stb    I   vs     3  9097    1998  1922  4573    3.38    2.41  3345     0     0     3   43.54   43.50
c rst   stb    B   vs     5 11145    1998  1922  4573    3.38    2.41  3413     0     0     3   38.30   38.27
c [distill-bin] useful/checked/potential: 0/4573/4573 lits-rem: 0 cl-rem: 0 0-depth-assigns: 0 T: 0.01 T-out: N
c rst   stb    B   vs     7   33K    1998  1922  4573    3.38    2.41  7264     0     0     3   39.38   39.36
c [distill-long-red0] cls tried: 6/981 T: 0.00 T-out: Y T-r: -843.16%
c [full-probe] bin_only: 1 set: 0 repl: 0 T: 0.00 T-out: N T-r: 99.84%
c [distill-bin] useful/checked/potential: 2/4577/4577 lits-rem: 0 cl-rem: 2 0-depth-assigns: 0 T: 0.01 T-out: N
c [distill] watch-based irred-- cl tried     3842 cl-sh     1 cl-rem    2 lit-rem      1 T: 0.00 T-out: N
c [distill] watch-based   red-- cl tried     1966 cl-sh   947 cl-rem    0 lit-rem   9135 T: 0.01 T-out: N
c [sls] 6605 cls, minimum 19 T: 0.00
c rst   stb    W   vs     8   34K    1998  1919  4578    3.38    2.41  6236     0     0     2   42.89   42.87
c rst   stb    O   vs    12   39K    1998  1919  4578    3.38    2.41  8672     0     0     2   48.93   48.92
c [impl-str] lit bin: 0 set-var: 0 T: 0.00 T-out: N T-r: 99.96% w-visit: 4000
c [impl-sub] bin: 2 T: 0.00 T-out: N w-visit: 4000
c rst   stb    B   vs    15   53K    1998  1919  4576    3.38    2.41  9535     0     0     2   46.84   46.83
c [distill-long-red0] cls tried: 2/1595 T: 0.00 T-out: Y T-r: -1373.13%
c [full-probe] bin_only: 0 set: 0 repl: 0 T: 0.00 T-out: N T-r: 98.59%
c [distill-bin] useful/checked/potential: 3/4580/4580 lits-rem: 0 cl-rem: 3 0-depth-assigns: 0 T: 0.01 T-out: N
c [sls] 6604 cls, minimum 20 T: 0.00
c rst   stb    W   vs    16   54K    1998  1919  4577    3.38    2.41 10353     0     0     2   47.15   47.14
c recursive minimization cost OK: 450K cost/(% lits removed)
c [g 0] 108x1998 dens: 0.1054 find: 849K (prop 59.9% confl 3.6%) elim: 558K (prop 11.2% confl 0.5%)
c --> Executing strategy token: scc-vrepl
c [scc] new: 4 BP 0M T: 0.00
c [vrep] vars 4 lits 512 rem-bin-cls 16 rem-long-cls 1 BP 0M T: 0.00
c --> Executing strategy token: sub-impl
c [impl-sub] bin: 2 T: 0.00 T-out: N w-visit: 4000
c --> Executing strategy token: breakid
c Executing OCC strategy token(s): 'occ-backw-sub-str,occ-clean-implicit,occ-bve,occ-bva,occ-ternary-res,occ-xor'
c [occ] Linked in IRRED BIN by default: 4569
c [occ] Linked in RED   BIN by default: 0
c Executing OCC strategy token: occ-backw-sub-str
c [occ-backw-sub-str-long-w-bins] subs: 0 str: 459 tried: 4569 0-depth-assigns: 0 T: 0.00 T-out: N T-r: 98.54%
c [occ-backw-sub-long-w-long] rem cl: 157 tried: 13479/13479 (100.0%) T: 0.00 T-out: N T-r: 99.73%
c [occ-backw-sub-str-long-w-long] sub: 4 str: 27 tried: 40437/13479 (300.0%) T: 0.00 T-out: N T-r: 98.31%
c Executing OCC strategy token: occ-clean-implicit
c Executing OCC strategy token: occ-bve
c [occ-empty-res] Empty resolvent elimed: 0 T: 0.00 T-out: N
c [occ-bve] tried:     0 v-elim:     0 free-vars: 1994 T: 0.00 T-out: N T-r: 100.00%
c [occur] link-in T: 0.01 cleanup T: 0.00 overhead T: 0.01
c [occ-xor-bve] elimed: 0 T: 0.00 T-out: N
c Executing OCC strategy token: occ-bva
c Executing OCC strategy token: occ-ternary-res
c [occ-ternary-res] Ternary res-tri: 0 res-bin: 0 sub: 0 str: 0 T: 0.00 T-out: N T-r: 99.06%
c Executing OCC strategy token: occ-xor
c [occ-xor] sort occur list T: 0.00
c [occ-xor] found      0 T: 0.00 T-out: N T-r: 100.00%
c --> Executing strategy token: card-find
c --> Executing strategy token: cl-consolidate
c [mem] not consolidating
c --> Executing strategy token: scc-vrepl
c [scc] new: 0 BP 0M T: 0.00
c --> Executing strategy token: renumber
c --> Executing strategy token: louvain-comms
c [mem] consolidate mini T: 0.00
c [timeout] global_timeout_multiplier: 3.6300
c [branch] rebuilding order heap for all branchings. Current branching: vsids
c [gauss] clauses deleted that are represented by XORs: 0 xorclauses: 108 GJ matrices: 0 T: 0.00
c [matrix] performing matrix init
c [matrix] Good   matrix  0    108 x 1994  density:0.1435  xorlen avg: 286.23
c [matrix] Using 1 matrices recovered from 108 xors T: 0.00 T-out: N
c [distill] watch-based irred-- cl tried     3836 cl-sh     0 cl-rem    0 lit-rem      0 T: 0.00 T-out: N
c [distill] watch-based   red-- cl tried     5020 cl-sh  1638 cl-rem    0 lit-rem   9126 T: 0.03 T-out: N
c rst   foc    I   vs    23  110K    1994  1918  4569    3.38    2.41 14992     0     0     1   43.40   43.40
c [branch] adjusting to: vmtf (from: vsids) var_decay:0.95
c [distill-long-red0] cls tried: 2/3078 T: 0.01 T-out: Y T-r: -778.96%
c [full-probe] bin_only: 1 set: 0 repl: 0 T: 0.00 T-out: N T-r: 99.72%
c [distill-bin] useful/checked/potential: 0/4569/4569 lits-rem: 0 cl-rem: 0 0-depth-assigns: 0 T: 0.01 T-out: N
c [distill] watch-based irred-- cl tried     3836 cl-sh     0 cl-rem    0 lit-rem      0 T: 0.00 T-out: N
c [distill] watch-based   red-- cl tried     5293 cl-sh  1123 cl-rem    0 lit-rem   7940 T: 0.04 T-out: Y
c [impl-str] lit bin: 0 set-var: 0 T: 0.00 T-out: N T-r: 99.96% w-visit: 4000
c [impl-sub] bin: 0 T: 0.00 T-out: N w-visit: 4000
c rst   foc    F  vmt    24  110K    1994  1918  4569    3.38    2.41 14645     0     0     1   43.24   43.24
c rst   stb    F  vmt    47  130K    1994  1918  4569    3.38    2.41 19506     0     0     1   43.99   43.99
c [branch] adjusting to: vsids (from: vmtf) var_decay:0.95
c [distill-long-red0] cls tried: 3/6743 T: 0.02 T-out: Y T-r: -793.44%
c [full-probe] bin_only: 0 set: 0 repl: 0 T: 0.00 T-out: N T-r: 98.69%
c [distill-bin] useful/checked/potential: 0/4569/4569 lits-rem: 0 cl-rem: 0 0-depth-assigns: 0 T: 0.01 T-out: N
c rst   stb    B   vs    48  131K    1994  1918  4569    3.38    2.41  8189     0     0     1   50.95   50.94
c recursive minimization cost OK: 611K cost/(% lits removed)
c [g 0] 108x1994 dens: 0.1063 find: 1229K (prop 62.4% confl 3.2%) elim: 1044K (prop 9.4% confl 0.4%)
c --> Executing strategy token: scc-vrepl
c [scc] new: 0 BP 0M T: 0.00
c --> Executing strategy token: sub-impl
c [impl-sub] bin: 0 T: 0.00 T-out: N w-visit: 4000
c --> Executing strategy token: breakid
c Executing OCC strategy token(s): 'occ-backw-sub-str,occ-clean-implicit,occ-bve,occ-bva,occ-ternary-res,occ-xor'
c [occ] Linked in IRRED BIN by default: 4569
c [occ] Linked in RED   BIN by default: 1
c Executing OCC strategy token: occ-backw-sub-str
c [occ-backw-sub-str-long-w-bins] subs: 0 str: 818 tried: 9139 0-depth-assigns: 0 T: 0.00 T-out: N T-r: 95.76%
c [occ-backw-sub-long-w-long] rem cl: 889 tried: 13428/13428 (100.0%) T: 0.01 T-out: N T-r: 95.59%
c [occ-backw-sub-str-long-w-long] sub: 61 str: 381 tried: 40284/13428 (300.0%) T: 0.03 T-out: N T-r: 87.38%
c Executing OCC strategy token: occ-clean-implicit
c Executing OCC strategy token: occ-bve
c [occ-empty-res] Empty resolvent elimed: 0 T: 0.00 T-out: N
c [occ-bve] tried:     0 v-elim:     0 free-vars: 1994 T: 0.00 T-out: N T-r: 100.00%
c [occur] link-in T: 0.00 cleanup T: 0.00 overhead T: 0.00
c [occ-xor-bve] elimed: 0 T: 0.00 T-out: N
c Executing OCC strategy token: occ-bva
c Executing OCC strategy token: occ-ternary-res
c [occ-ternary-res] Ternary res-tri: 0 res-bin: 0 sub: 0 str: 0 T: 0.00 T-out: N T-r: 99.96%
c Executing OCC strategy token: occ-xor
c [occ-xor] sort occur list T: 0.00
c [occ-xor] found      0 T: 0.00 T-out: N T-r: 99.99%
c --> Executing strategy token: card-find
c --> Executing strategy token: cl-consolidate
c [mem] not consolidating
c --> Executing strategy token: scc-vrepl
c [scc] new: 0 BP 0M T: 0.00
c --> Executing strategy token: renumber
c --> Executing strategy token: louvain-comms
c [mem] consolidate mini T: 0.00
c [timeout] global_timeout_multiplier: 3.9930
c [branch] rebuilding order heap for all branchings. Current branching: vsids
c [gauss] clauses deleted that are represented by XORs: 0 xorclauses: 108 GJ matrices: 0 T: 0.00
c [matrix] performing matrix init
c [matrix] Good   matrix  0    108 x 1994  density:0.1435  xorlen avg: 286.23
c [matrix] Using 1 matrices recovered from 108 xors T: 0.00 T-out: N
c [distill] watch-based irred-- cl tried     3836 cl-sh     0 cl-rem    0 lit-rem      0 T: 0.00 T-out: N
c [distill] watch-based   red-- cl tried     5207 cl-sh   707 cl-rem    0 lit-rem   2748 T: 0.02 T-out: Y
c rst   stb    B   vs    55  142K    1994  1918  4569    3.38    2.41 13508     0     0     1   42.08   42.08
c [sls] 6595 cls, minimum 20 T: 0.00
c rst   stb    W   vs    56  150K    1994  1918  4569    3.38    2.41 13706     0     0     1   44.15   44.15
c [distill-long-red0] cls tried: 2/3564 T: 0.01 T-out: Y T-r: -1693.87%
c [full-probe] bin_only: 1 set: 0 repl: 0 T: 0.00 T-out: N T-r: 99.86%
c [distill-bin] useful/checked/potential: 0/4569/4569 lits-rem: 0 cl-rem: 0 0-depth-assigns: 0 T: 0.01 T-out: N
c rst   stb    W   vs    57  166K    1994  1918  4569    3.38    2.41   20K     0     0     1   48.13   48.12
c [distill-long-red0] cls tried: 2/3789 T: 0.01 T-out: Y T-r: -2765.07%
c [distill] watch-based irred-- cl tried     3836 cl-sh     0 cl-rem    0 lit-rem      0 T: 0.00 T-out: N
c [distill] watch-based   red-- cl tried     3917 cl-sh   753 cl-rem    0 lit-rem   6614 T: 0.03 T-out: Y
c rst   stb    O   vs    58  167K    1994  1918  4569    3.38    2.41   21K     0     0     1   49.10   49.10
c [full-probe] bin_only: 0 set: 0 repl: 0 T: 0.00 T-out: N T-r: 98.65%
c [distill-bin] useful/checked/potential: 0/4569/4569 lits-rem: 0 cl-rem: 0 0-depth-assigns: 0 T: 0.01 T-out: N
c [impl-str] lit bin: 0 set-var: 0 T: 0.00 T-out: N T-r: 99.96% w-visit: 4000
c [impl-sub] bin: 0 T: 0.00 T-out: N w-visit: 4000
c rst   stb    O   vs    64  179K    1994  1918  4569    3.38    2.41 14139     0     0     1   56.78   56.77
c rst   stb    B   vs    66  181K    1994  1918  4569    3.38    2.41 16189     0     0     1   56.70   56.69
c [distill-long-red0] cls tried: 2/4932 T: 0.01 T-out: Y T-r: -1876.31%
c rst   stb    B   vs    71  191K    1994  1918  4569    3.38    2.41 16204     0     0     1   47.19   47.19
c [full-probe] bin_only: 1 set: 0 repl: 0 T: 0.00 T-out: N T-r: 99.81%
c [distill-bin] useful/checked/potential: 0/4569/4569 lits-rem: 0 cl-rem: 0 0-depth-assigns: 0 T: 0.02 T-out: N
c  res  pol bran  nres  conf freevar  IrrL  IrrB l/longC  l/allC RedL0 RedL1 RedL2  RedB l/longC  l/allC
c rst   stb    B   vs    72  199K    1994  1918  4569    3.38    2.41   24K     0     0     1   44.72   44.72
c [distill-long-red0] cls tried: 2/5801 T: 0.01 T-out: Y T-r: -3942.02%
c [distill] watch-based irred-- cl tried     3836 cl-sh     0 cl-rem    0 lit-rem      0 T: 0.00 T-out: N
c [distill] watch-based   red-- cl tried     5588 cl-sh  1141 cl-rem    0 lit-rem   8571 T: 0.03 T-out: Y
c [sls] 6595 cls, minimum 21 T: 0.00
c rst   stb    W   vs    73  200K    1994  1918  4569    3.38    2.41 14426     0     0     1   44.22   44.22
c rst   stb    W   vs    79  211K    1994  1918  4569    3.38    2.41 15551     0     0     1   51.67   51.67
c [full-probe] bin_only: 0 set: 0 repl: 0 T: 0.00 T-out: N T-r: 98.35%
c [distill-bin] useful/checked/potential: 0/4569/4569 lits-rem: 0 cl-rem: 0 0-depth-assigns: 0 T: 0.01 T-out: N
c [distill-long-red0] cls tried: 2/6070 T: 0.01 T-out: Y T-r: -1579.49%
c rst   stb    I   vs    83  217K    1994  1918  4569    3.38    2.41   20K     0     0     1   52.65   52.65
c rst   stb    I   vs    87  232K    1994  1918  4569    3.38    2.41   25K     0     0     1   47.08   47.08
c [distill-long-red0] cls tried: 2/4245 T: 0.01 T-out: Y T-r: -1900.82%
c [full-probe] bin_only: 1 set: 0 repl: 0 T: 0.00 T-out: N T-r: 99.75%
c [distill-bin] useful/checked/potential: 0/4569/4569 lits-rem: 0 cl-rem: 0 0-depth-assigns: 0 T: 0.01 T-out: N
c [distill] watch-based irred-- cl tried     3836 cl-sh     0 cl-rem    0 lit-rem      0 T: 0.00 T-out: N
c [distill] watch-based   red-- cl tried     4794 cl-sh   828 cl-rem    0 lit-rem   4479 T: 0.03 T-out: Y
c [impl-str] lit bin: 0 set-var: 0 T: 0.00 T-out: N T-r: 99.96% w-visit: 4000
c [impl-sub] bin: 0 T: 0.00 T-out: N w-visit: 4000
c rst   stb    B   vs    88  244K    1994  1918  4569    3.38    2.41   25K     0     0     1   41.75   41.75
c recursive minimization cost OK: 805K cost/(% lits removed)
c [g 0] 108x1994 dens: 0.1069 find: 1782K (prop 59.8% confl 3.1%) elim: 925K (prop 12.8% confl 0.5%)
c --> Executing strategy token: scc-vrepl
c [scc] new: 0 BP 0M T: 0.00
c --> Executing strategy token: sub-impl
c [impl-sub] bin: 0 T: 0.00 T-out: N w-visit: 4000
c --> Executing strategy token: breakid
c Executing OCC strategy token(s): 'occ-backw-sub-str,occ-clean-implicit,occ-bve,occ-bva,occ-ternary-res,occ-xor'
c [occ] Linked in IRRED BIN by default: 4569
c [occ] Linked in RED   BIN by default: 1
c Executing OCC strategy token: occ-backw-sub-str
c [occ-backw-sub-str-long-w-bins] subs: 0 str: 4435 tried: 13709 0-depth-assigns: 0 T: 0.01 T-out: N T-r: 96.11%
c [occ-backw-sub-long-w-long] rem cl: 1489 tried: 27505/27505 (100.0%) T: 0.00 T-out: N T-r: 97.99%
c [occ-backw-sub-str-long-w-long] sub: 109 str: 402 tried: 82515/27505 (300.0%) T: 0.02 T-out: N T-r: 93.90%
c Executing OCC strategy token: occ-clean-implicit
c Executing OCC strategy token: occ-bve
c [occ-empty-res] Empty resolvent elimed: 0 T: 0.00 T-out: N
c [occ-bve] tried:     0 v-elim:     0 free-vars: 1994 T: 0.00 T-out: N T-r: 100.00%
c [occur] link-in T: 0.02 cleanup T: 0.00 overhead T: 0.02
c [occ-xor-bve] elimed: 0 T: 0.00 T-out: N
c Executing OCC strategy token: occ-bva
c Executing OCC strategy token: occ-ternary-res
c [occ-ternary-res] Ternary res-tri: 0 res-bin: 0 sub: 0 str: 0 T: 0.00 T-out: N T-r: 99.93%
c Executing OCC strategy token: occ-xor
c [occ-xor] sort occur list T: 0.00
c [occ-xor] found      0 T: 0.00 T-out: N T-r: 99.99%
c --> Executing strategy token: card-find
c --> Executing strategy token: cl-consolidate
c [mem] not consolidating
c --> Executing strategy token: scc-vrepl
c [scc] new: 0 BP 0M T: 0.00
c --> Executing strategy token: renumber
c --> Executing strategy token: louvain-comms
c [mem] consolidate mini T: 0.00
c [timeout] global_timeout_multiplier: 4.3923
c [branch] rebuilding order heap for all branchings. Current branching: vsids
c [gauss] clauses deleted that are represented by XORs: 0 xorclauses: 108 GJ matrices: 0 T: 0.00
c [matrix] performing matrix init
c [matrix] Good   matrix  0    108 x 1994  density:0.1435  xorlen avg: 286.23
c [matrix] Using 1 matrices recovered from 108 xors T: 0.00 T-out: N
c [distill-long-red0] cls tried: 2/10346 T: 0.02 T-out: Y T-r: -1892.09%
c rst   foc    B   vs    90  263K    1994  1918  4569    3.38    2.41 19509     0     0     1   42.49   42.49
c [branch] adjusting to: vmtf (from: vsids) var_decay:0.95
c [full-probe] bin_only: 0 set: 0 repl: 0 T: 0.00 T-out: N T-r: 98.26%
c [distill-bin] useful/checked/potential: 0/4569/4569 lits-rem: 0 cl-rem: 0 0-depth-assigns: 0 T: 0.02 T-out: N
c [distill] watch-based irred-- cl tried     3836 cl-sh     0 cl-rem    0 lit-rem      0 T: 0.00 T-out: N
c [distill] watch-based   red-- cl tried     6025 cl-sh   588 cl-rem    0 lit-rem   4881 T: 0.04 T-out: Y
c rst   foc    #  vmt    91  353K    1994  1918  4569    3.38    2.41 19281     0     0     1   36.40   36.39
c [distill-long-red0] cls tried: 2/4207 T: 0.01 T-out: Y T-r: -902.29%
c [full-probe] bin_only: 1 set: 0 repl: 0 T: 0.00 T-out: N T-r: 99.87%
c [distill-bin] useful/checked/potential: 0/4569/4569 lits-rem: 0 cl-rem: 0 0-depth-assigns: 0 T: 0.01 T-out: N
c [distill] watch-based irred-- cl tried     3836 cl-sh     0 cl-rem    0 lit-rem      0 T: 0.00 T-out: N
c [distill] watch-based   red-- cl tried     6836 cl-sh  1655 cl-rem    0 lit-rem   9963 T: 0.03 T-out: Y
c [impl-str] lit bin: 0 set-var: 0 T: 0.00 T-out: N T-r: 99.97% w-visit: 4000
c [impl-sub] bin: 0 T: 0.00 T-out: N w-visit: 4000
c rst   foc    B  vmt    92  353K    1994  1918  4569    3.38    2.41 14781     0     0     1   39.72   39.72
c rst   foc    B  vmt   307  375K    1994  1918  4569    3.38    2.41   26K     0     0     1   39.04   39.04
c [distill-long-red0] cls tried: 2/4366 T: 0.01 T-out: Y T-r: -1841.98%
c [full-probe] bin_only: 0 set: 0 repl: 0 T: 0.00 T-out: N T-r: 98.54%
c [distill-bin] useful/checked/potential: 0/4569/4569 lits-rem: 0 cl-rem: 0 0-depth-assigns: 0 T: 0.01 T-out: N
c [sls] 6595 cls, minimum 20 T: 0.00
c rst   foc    W  vmt   308  375K    1994  1918  4569    3.38    2.41   25K     0     0     1   39.63   39.63
c rst   foc    W  vmt   439  397K    1994  1918  4569    3.38    2.41   20K     0     0     1   46.72   46.72
c recursive minimization cost OK: 1141K cost/(% lits removed)
c [g 0] 108x1994 dens: 0.1086 find: 2178K (prop 72.5% confl 3.5%) elim: 520K (prop 13.5% confl 0.5%)
c --> Executing strategy token: scc-vrepl
c [scc] new: 0 BP 0M T: 0.00
c --> Executing strategy token: sub-impl
c [impl-sub] bin: 0 T: 0.00 T-out: N w-visit: 4000
c --> Executing strategy token: breakid
c Executing OCC strategy token(s): 'occ-backw-sub-str,occ-clean-implicit,occ-bve,occ-bva,occ-ternary-res,occ-xor'
c [occ] Linked in IRRED BIN by default: 4569
c [occ] Linked in RED   BIN by default: 1
c Executing OCC strategy token: occ-backw-sub-str
c [occ-backw-sub-str-long-w-bins] subs: 0 str: 2482 tried: 18279 0-depth-assigns: 0 T: 0.00 T-out: N T-r: 95.78%
c [occ-backw-sub-long-w-long] rem cl: 1336 tried: 21948/21948 (100.0%) T: 0.01 T-out: N T-r: 98.20%
c [occ-backw-sub-str-long-w-long] sub: 2 str: 309 tried: 65844/21948 (300.0%) T: 0.03 T-out: N T-r: 92.61%
c Executing OCC strategy token: occ-clean-implicit
c Executing OCC strategy token: occ-bve
c [occ-empty-res] Empty resolvent elimed: 0 T: 0.00 T-out: N
c [occ-bve] tried:     0 v-elim:     0 free-vars: 1994 T: 0.00 T-out: N T-r: 100.00%
c [occur] link-in T: 0.01 cleanup T: 0.00 overhead T: 0.01
c [occ-xor-bve] elimed: 0 T: 0.00 T-out: N
c Executing OCC strategy token: occ-bva
c Executing OCC strategy token: occ-ternary-res
c [occ-ternary-res] Ternary res-tri: 0 res-bin: 0 sub: 0 str: 0 T: 0.00 T-out: N T-r: 99.95%
c Executing OCC strategy token: occ-xor
c [occ-xor] sort occur list T: 0.00
c [occ-xor] found      0 T: 0.00 T-out: N T-r: 99.99%
c --> Executing strategy token: card-find
c --> Executing strategy token: cl-consolidate
c [mem] not consolidating
c --> Executing strategy token: scc-vrepl
c [scc] new: 0 BP 0M T: 0.00
c --> Executing strategy token: renumber
c --> Executing strategy token: louvain-comms
c [mem] consolidate mini T: 0.00
c [timeout] global_timeout_multiplier: 4.8315
c [branch] rebuilding order heap for all branchings. Current branching: vmtf
c [gauss] clauses deleted that are represented by XORs: 0 xorclauses: 108 GJ matrices: 0 T: 0.00
c [matrix] performing matrix init
c [matrix] Good   matrix  0    108 x 1994  density:0.1435  xorlen avg: 286.23
c [matrix] Using 1 matrices recovered from 108 xors T: 0.00 T-out: N
c [distill-long-red0] cls tried: 2/5183 T: 0.01 T-out: Y T-r: -2773.89%
c [full-probe] bin_only: 1 set: 0 repl: 0 T: 0.00 T-out: N T-r: 99.71%
c [distill-bin] useful/checked/potential: 0/4569/4569 lits-rem: 0 cl-rem: 0 0-depth-assigns: 0 T: 0.01 T-out: N
c [distill] watch-based irred-- cl tried     3836 cl-sh     0 cl-rem    0 lit-rem      0 T: 0.00 T-out: N
c [distill] watch-based   red-- cl tried     7827 cl-sh   700 cl-rem    0 lit-rem   6447 T: 0.04 T-out: Y
c rst   foc    F  vmt   440  397K    1994  1918  4569    3.38    2.41 18716     0     0     1   47.82   47.82
c rst   foc    F  vmt   713  408K    1994  1918  4569    3.38    2.41   29K     0     0     1   46.28   46.28
c [distill-long-red0] cls tried: 2/5315 T: 0.01 T-out: Y T-r: -4955.20%
c [impl-str] lit bin: 0 set-var: 0 T: 0.00 T-out: N T-r: 99.97% w-visit: 4000
c [impl-sub] bin: 0 T: 0.00 T-out: N w-visit: 4000
c rst   foc    F  vmt  1132  418K    1994  1918  4569    3.38    2.41   25K     0     0     1   45.05   45.05
c [full-probe] bin_only: 0 set: 0 repl: 0 T: 0.00 T-out: N T-r: 97.94%
c [distill-bin] useful/checked/potential: 0/4569/4569 lits-rem: 0 cl-rem: 0 0-depth-assigns: 0 T: 0.01 T-out: N
c rst   foc    B  vmt  1141  418K    1994  1918  4569    3.38    2.41   25K     0     0     1   45.05   45.04
c [distill] watch-based irred-- cl tried     3836 cl-sh     0 cl-rem    0 lit-rem      0 T: 0.00 T-out: N
c [distill] watch-based   red-- cl tried     8360 cl-sh   482 cl-rem    0 lit-rem   3861 T: 0.04 T-out: Y
c rst   foc    B  vmt  1506  429K    1994  1918  4569    3.38    2.41   21K     0     0     1   41.37   41.37
c [distill-long-red0] cls tried: 2/5229 T: 0.01 T-out: Y T-r: -2676.73%
c rst   foc    B  vmt  1661  451K    1994  1918  4569    3.38    2.41   27K     0     0     1   37.63   37.62
c [distill-long-red0] cls tried: 2/5462 T: 0.01 T-out: Y T-r: -2262.40%
c [full-probe] bin_only: 1 set: 0 repl: 0 T: 0.00 T-out: N T-r: 99.82%
c [distill-bin] useful/checked/potential: 0/4569/4569 lits-rem: 0 cl-rem: 0 0-depth-assigns: 0 T: 0.01 T-out: N
c [distill] watch-based irred-- cl tried     3836 cl-sh     0 cl-rem    0 lit-rem      0 T: 0.00 T-out: N
c [distill] watch-based   red-- cl tried     9303 cl-sh   559 cl-rem    0 lit-rem   3441 T: 0.03 T-out: Y
c [sls] 6595 cls, minimum 18 T: 0.00
c rst   foc    W  vmt  1662  451K    1994  1918  4569    3.38    2.41   23K     0     0     1   39.14   39.14
c rst   foc    W  vmt  1701  461K    1994  1918  4569    3.38    2.41   33K     0     0     1   37.74   37.74
c  res  pol bran  nres  conf freevar  IrrL  IrrB l/longC  l/allC RedL0 RedL1 RedL2  RedB l/longC  l/allC
c rst   foc    W  vmt  1717  492K    1994  1918  4569    3.38    2.41   35K     0     0     1   36.77   36.77
c [distill-long-red0] cls tried: 2/5318 T: 0.02 T-out: Y T-r: -1977.64%
c [full-probe] bin_only: 0 set: 0 repl: 0 T: 0.00 T-out: N T-r: 98.35%
c [distill-bin] useful/checked/potential: 0/4569/4569 lits-rem: 0 cl-rem: 0 0-depth-assigns: 0 T: 0.01 T-out: N
c [distill] watch-based irred-- cl tried     3836 cl-sh     0 cl-rem    0 lit-rem      0 T: 0.00 T-out: N
c [distill] watch-based   red-- cl tried     8598 cl-sh   415 cl-rem    0 lit-rem   2311 T: 0.03 T-out: Y
c [impl-str] lit bin: 0 set-var: 0 T: 0.00 T-out: N T-r: 99.96% w-visit: 4000
c [impl-sub] bin: 0 T: 0.00 T-out: N w-visit: 4000
c rst   foc    #  vmt  1718  492K    1994  1918  4569    3.38    2.41   30K     0     0     1   38.15   38.15
c rst   stb    #  vmt  1841  537K    1994  1918  4569    3.38    2.41   29K     0     0     1   39.80   39.79
c [branch] adjusting to: vsids (from: vmtf) var_decay:0.95
c [distill-long-red0] cls tried: 2/6491 T: 0.02 T-out: Y T-r: -2127.91%
c [full-probe] bin_only: 1 set: 0 repl: 0 T: 0.00 T-out: N T-r: 99.82%
c [distill-bin] useful/checked/potential: 0/4569/4569 lits-rem: 0 cl-rem: 0 0-depth-assigns: 0 T: 0.01 T-out: N
c [distill] watch-based irred-- cl tried     3836 cl-sh     0 cl-rem    0 lit-rem      0 T: 0.00 T-out: N
c [distill] watch-based   red-- cl tried     9349 cl-sh   776 cl-rem    0 lit-rem   5004 T: 0.04 T-out: Y
c [sls] 6595 cls, minimum 22 T: 0.00
c rst   stb    W   vs  1842  538K    1994  1918  4569    3.38    2.41   26K     0     0     1   42.02   42.02
c rst   stb    W   vs  1848  549K    1994  1918  4569    3.38    2.41   22K     0     0     1   42.56   42.56
c [distill-long-red0] cls tried: 2/4930 T: 0.01 T-out: Y T-r: -2622.49%
c [impl-str] lit bin: 0 set-var: 0 T: 0.00 T-out: N T-r: 99.97% w-visit: 4000
c [impl-sub] bin: 0 T: 0.00 T-out: N w-visit: 4000
c [full-probe] bin_only: 0 set: 0 repl: 0 T: 0.00 T-out: N T-r: 98.25%
c [distill-bin] useful/checked/potential: 0/4569/4569 lits-rem: 0 cl-rem: 0 0-depth-assigns: 0 T: 0.01 T-out: N
c rst   stb    W   vs  1855  562K    1994  1918  4569    3.38    2.41   35K     0     0     1   43.07   43.07
c [distill-long-red0] cls tried: 2/5505 T: 0.01 T-out: Y T-r: -3857.18%
c [distill] watch-based irred-- cl tried     3836 cl-sh     0 cl-rem    0 lit-rem      0 T: 0.00 T-out: N
c [distill] watch-based   red-- cl tried     8639 cl-sh   378 cl-rem    0 lit-rem   1715 T: 0.04 T-out: Y
c rst   stb    O   vs  1857  571K    1994  1918  4569    3.38    2.41   27K     0     0     1   45.31   45.31
c [full-probe] bin_only: 1 set: 0 repl: 0 T: 0.00 T-out: N T-r: 99.82%
c [distill-bin] useful/checked/potential: 0/4569/4569 lits-rem: 0 cl-rem: 0 0-depth-assigns: 0 T: 0.02 T-out: N
c rst   stb    O   vs  1863  582K    1994  1918  4569    3.38    2.41   38K     0     0     1   44.31   44.31
c [distill-long-red0] cls tried: 2/9666 T: 0.02 T-out: Y T-r: -2274.93%
c rst   stb    O   vs  1870  594K    1994  1918  4569    3.38    2.41   30K     0     0     1   45.10   45.10
c [distill-long-red0] cls tried: 2/13454 T: 0.02 T-out: Y T-r: -4101.02%
c [full-probe] bin_only: 0 set: 0 repl: 0 T: 0.00 T-out: N T-r: 98.30%
c [distill-bin] useful/checked/potential: 0/4569/4569 lits-rem: 0 cl-rem: 0 0-depth-assigns: 0 T: 0.01 T-out: N
c [distill] watch-based irred-- cl tried     3836 cl-sh     0 cl-rem    0 lit-rem      0 T: 0.00 T-out: N
c [distill] watch-based   red-- cl tried     5035 cl-sh   973 cl-rem    0 lit-rem   5311 T: 0.04 T-out: Y
c rst   stb    B   vs  1872  612K    1994  1918  4569    3.38    2.41   28K     0     0     1   41.88   41.88
c recursive minimization cost OK: 1559K cost/(% lits removed)
c [g 0] 108x1994 dens: 0.1063 find: 3067K (prop 67.5% confl 3.7%) elim: 845K (prop 14.9% confl 0.6%)
c --> Executing strategy token: scc-vrepl
c [scc] new: 0 BP 0M T: 0.00
c --> Executing strategy token: sub-impl
c [impl-sub] bin: 0 T: 0.00 T-out: N w-visit: 4000
c --> Executing strategy token: breakid
c Executing OCC strategy token(s): 'occ-backw-sub-str,occ-clean-implicit,occ-bve,occ-bva,occ-ternary-res,occ-xor'
c [occ] Linked in IRRED BIN by default: 4569
c [occ] Linked in RED   BIN by default: 1
c Executing OCC strategy token: occ-backw-sub-str
c [occ-backw-sub-str-long-w-bins] subs: 0 str: 2649 tried: 22849 0-depth-assigns: 0 T: 0.00 T-out: N T-r: 95.23%
c [occ-backw-sub-long-w-long] rem cl: 1408 tried: 30589/30589 (100.0%) T: 0.01 T-out: N T-r: 97.52%
c [occ-backw-sub-str-long-w-long] sub: 59 str: 215 tried: 91767/30589 (300.0%) T: 0.04 T-out: N T-r: 91.69%
c Executing OCC strategy token: occ-clean-implicit
c Executing OCC strategy token: occ-bve
c [occ-empty-res] Empty resolvent elimed: 0 T: 0.00 T-out: N
c [occ-bve] tried:     0 v-elim:     0 free-vars: 1994 T: 0.00 T-out: N T-r: 100.00%
c [occur] link-in T: 0.01 cleanup T: 0.00 overhead T: 0.01
c [occ-xor-bve] elimed: 0 T: 0.00 T-out: N
c Executing OCC strategy token: occ-bva
c Executing OCC strategy token: occ-ternary-res
c [occ-ternary-res] Ternary res-tri: 0 res-bin: 0 sub: 0 str: 0 T: 0.00 T-out: N T-r: 99.94%
c Executing OCC strategy token: occ-xor
c [occ-xor] sort occur list T: 0.00
c [occ-xor] found      0 T: 0.00 T-out: N T-r: 99.99%
c --> Executing strategy token: card-find
c --> Executing strategy token: cl-consolidate
c [mem] not consolidating
c --> Executing strategy token: scc-vrepl
c [scc] new: 0 BP 0M T: 0.00
c --> Executing strategy token: renumber
c --> Executing strategy token: louvain-comms
c [mem] consolidate mini T: 0.00
c [timeout] global_timeout_multiplier: 5.3147
c [branch] rebuilding order heap for all branchings. Current branching: vsids
c [gauss] clauses deleted that are represented by XORs: 0 xorclauses: 108 GJ matrices: 0 T: 0.00
c [matrix] performing matrix init
c [matrix] Good   matrix  0    108 x 1994  density:0.1435  xorlen avg: 286.23
c [matrix] Using 1 matrices recovered from 108 xors T: 0.00 T-out: N
c [distill-long-red0] cls tried: 2/6137 T: 0.01 T-out: Y T-r: -7262.67%
c [impl-str] lit bin: 0 set-var: 0 T: 0.00 T-out: N T-r: 99.97% w-visit: 4000
c [impl-sub] bin: 0 T: 0.00 T-out: N w-visit: 4000
c rst   stb    B   vs  1876  623K    1994  1918  4569    3.38    2.41   37K     0     0     1   43.16   43.16
c [full-probe] bin_only: 1 set: 0 repl: 0 T: 0.00 T-out: N T-r: 99.70%
c [distill-bin] useful/checked/potential: 0/4569/4569 lits-rem: 0 cl-rem: 0 0-depth-assigns: 0 T: 0.02 T-out: N
c [distill] watch-based irred-- cl tried     3836 cl-sh     0 cl-rem    0 lit-rem      0 T: 0.00 T-out: N
c [distill] watch-based   red-- cl tried     7982 cl-sh   101 cl-rem    0 lit-rem    746 T: 0.04 T-out: Y
c [sls] 6595 cls, minimum 21 T: 0.00
c rst   stb    W   vs  1881  632K    1994  1918  4569    3.38    2.41   32K     0     0     1   42.73   42.73
c [distill-long-red0] cls tried: 2/5112 T: 0.01 T-out: Y T-r: -2473.58%
c rst   stb    W   vs  1887  644K    1994  1918  4569    3.38    2.41   25K     0     0     1   42.77   42.77
c [full-probe] bin_only: 0 set: 0 repl: 0 T: 0.00 T-out: N T-r: 98.70%
c [distill-bin] useful/checked/potential: 0/4569/4569 lits-rem: 0 cl-rem: 0 0-depth-assigns: 0 T: 0.01 T-out: N
c [distill-long-red0] cls tried: 2/6039 T: 0.01 T-out: Y T-r: -5453.67%
c rst   stb    W   vs  1890  654K    1994  1918  4569    3.38    2.41   36K     0     0     1   42.36   42.36
c [distill] watch-based irred-- cl tried     3836 cl-sh     0 cl-rem    0 lit-rem      0 T: 0.00 T-out: N
c [distill] watch-based   red-- cl tried     6707 cl-sh   228 cl-rem    0 lit-rem   1200 T: 0.05 T-out: Y
c rst   stb    I   vs  1895  664K    1994  1918  4569    3.38    2.41   27K     0     0     1   40.37   40.37
c [full-probe] bin_only: 1 set: 0 repl: 0 T: 0.00 T-out: N T-r: 99.75%
c [distill-bin] useful/checked/potential: 0/4569/4569 lits-rem: 0 cl-rem: 0 0-depth-assigns: 0 T: 0.01 T-out: N
c [distill-long-red0] cls tried: 2/8157 T: 0.01 T-out: Y T-r: -3161.73%
c rst   stb    I   vs  1902  676K    1994  1918  4569    3.38    2.41   38K     0     0     1   40.01   40.01
c [distill-long-red0] cls tried: 2/6784 T: 0.01 T-out: Y T-r: -3498.51%
c [full-probe] bin_only: 0 set: 0 repl: 0 T: 0.00 T-out: N T-r: 98.55%
c [distill-bin] useful/checked/potential: 0/4569/4569 lits-rem: 0 cl-rem: 0 0-depth-assigns: 0 T: 0.01 T-out: N
c [distill] watch-based irred-- cl tried     3836 cl-sh     0 cl-rem    0 lit-rem      0 T: 0.00 T-out: N
c [distill] watch-based   red-- cl tried     6279 cl-sh   209 cl-rem    0 lit-rem    893 T: 0.04 T-out: Y
c [impl-str] lit bin: 0 set-var: 0 T: 0.00 T-out: N T-r: 99.97% w-visit: 4000
c [impl-sub] bin: 0 T: 0.00 T-out: N w-visit: 4000
c rst   stb    I   vs  1904  701K    1994  1918  4569    3.38    2.41   43K     0     0     1   41.50   41.50
c [distill-long-red0] cls tried: 2/6780 T: 0.01 T-out: Y T-r: -7325.24%
c rst   stb    B   vs  1905  734K    1994  1918  4569    3.38    2.41   37K     0     0     1   53.85   53.85
c [distill-long-red0] cls tried: 2/7744 T: 0.01 T-out: Y T-r: -3810.53%
c [full-probe] bin_only: 1 set: 0 repl: 0 T: 0.00 T-out: N T-r: 99.75%
c [distill-bin] useful/checked/potential: 0/4569/4569 lits-rem: 0 cl-rem: 0 0-depth-assigns: 0 T: 0.02 T-out: N
c [distill] watch-based irred-- cl tried     3836 cl-sh     0 cl-rem    0 lit-rem      0 T: 0.00 T-out: N
c [distill] watch-based   red-- cl tried     5813 cl-sh   378 cl-rem    0 lit-rem   4640 T: 0.04 T-out: Y
c [sls] 6595 cls, minimum 18 T: 0.00
c rst   stb    W   vs  1906  799K    1994  1918  4569    3.38    2.41   40K     0     0     1   49.05   49.05
c [distill-long-red0] cls tried: 2/12031 T: 0.02 T-out: Y T-r: -2044.30%
c [full-probe] bin_only: 0 set: 0 repl: 0 T: 0.00 T-out: N T-r: 98.38%
c [distill-bin] useful/checked/potential: 0/4569/4569 lits-rem: 0 cl-rem: 0 0-depth-assigns: 0 T: 0.02 T-out: N
c [distill] watch-based irred-- cl tried     3836 cl-sh     0 cl-rem    0 lit-rem      0 T: 0.00 T-out: N
c [distill] watch-based   red-- cl tried     4877 cl-sh   933 cl-rem    0 lit-rem   9027 T: 0.04 T-out: Y
c [impl-str] lit bin: 0 set-var: 0 T: 0.00 T-out: N T-r: 99.96% w-visit: 4000
c [impl-sub] bin: 0 T: 0.00 T-out: N w-visit: 4000
c rst   stb    O   vs  1907  800K    1994  1918  4569    3.38    2.41   40K     0     0     1   49.56   49.55
c  res  pol bran  nres  conf freevar  IrrL  IrrB l/longC  l/allC RedL0 RedL1 RedL2  RedB l/longC  l/allC
c rst   stb    O   vs  1915  814K    1994  1918  4569    3.38    2.41   32K     0     0     1   49.85   49.85
c [distill-long-red0] cls tried: 2/7329 T: 0.01 T-out: Y T-r: -2948.73%
c [full-probe] bin_only: 1 set: 0 repl: 0 T: 0.00 T-out: N T-r: 99.76%
c [distill-bin] useful/checked/potential: 0/4569/4569 lits-rem: 0 cl-rem: 0 0-depth-assigns: 0 T: 0.02 T-out: N
c rst   stb    O   vs  1921  832K    1994  1918  4569    3.38    2.41   50K     0     0     1   48.19   48.19
c [distill-long-red0] cls tried: 2/7597 T: 0.02 T-out: Y T-r: -6878.56%
c [distill] watch-based irred-- cl tried     3836 cl-sh     0 cl-rem    0 lit-rem      0 T: 0.00 T-out: N
c [distill] watch-based   red-- cl tried     5138 cl-sh   521 cl-rem    0 lit-rem   4893 T: 0.04 T-out: Y
c rst   stb    B   vs  1922  833K    1994  1918  4569    3.38    2.41   30K     0     0     1   47.56   47.55
c [full-probe] bin_only: 0 set: 0 repl: 0 T: 0.00 T-out: N T-r: 98.02%
c [distill-bin] useful/checked/potential: 0/4569/4569 lits-rem: 0 cl-rem: 0 0-depth-assigns: 0 T: 0.01 T-out: N
c rst   stb    B   vs  1930  846K    1994  1918  4569    3.38    2.41   43K     0     0     1   46.91   46.91
c [distill-long-red0] cls tried: 2/7478 T: 0.02 T-out: Y T-r: -2882.33%
c rst   stb    B   vs  1936  865K    1994  1918  4569    3.38    2.41   40K     0     0     1   46.24   46.24
c [distill-long-red0] cls tried: 2/7433 T: 0.01 T-out: Y T-r: -1935.73%
c [full-probe] bin_only: 1 set: 0 repl: 0 T: 0.00 T-out: N T-r: 99.75%
c [distill-bin] useful/checked/potential: 0/4569/4569 lits-rem: 0 cl-rem: 0 0-depth-assigns: 0 T: 0.02 T-out: N
c [distill] watch-based irred-- cl tried     3836 cl-sh     0 cl-rem    0 lit-rem      0 T: 0.00 T-out: N
c [distill] watch-based   red-- cl tried     5756 cl-sh   459 cl-rem    0 lit-rem   4302 T: 0.04 T-out: Y
c [impl-str] lit bin: 0 set-var: 0 T: 0.00 T-out: N T-r: 99.96% w-visit: 4000
c [impl-sub] bin: 0 T: 0.00 T-out: N w-visit: 4000
c rst   stb    B   vs  1937  881K    1994  1918  4569    3.38    2.41   34K     0     0     1   46.33   46.33
c [distill-long-red0] cls tried: 2/7796 T: 0.01 T-out: Y T-r: -5484.82%
c [sls] 6595 cls, minimum 20 T: 0.00
c rst   stb    W   vs  1938  882K    1994  1918  4569    3.38    2.41   35K     0     0     1   46.25   46.25
c [full-probe] bin_only: 0 set: 0 repl: 0 T: 0.01 T-out: N T-r: 98.32%
c [distill-bin] useful/checked/potential: 0/4569/4569 lits-rem: 0 cl-rem: 0 0-depth-assigns: 0 T: 0.02 T-out: N
c [distill] watch-based irred-- cl tried     3836 cl-sh     0 cl-rem    0 lit-rem      0 T: 0.00 T-out: N
c [distill] watch-based   red-- cl tried     5032 cl-sh   363 cl-rem    0 lit-rem   3353 T: 0.04 T-out: Y
c rst   stb    W   vs  1947  898K    1994  1918  4569    3.38    2.41   50K     0     0     1   46.42   46.42
c [distill-long-red0] cls tried: 2/7870 T: 0.01 T-out: Y T-r: -5026.89%
c [full-probe] bin_only: 1 set: 0 repl: 0 T: 0.00 T-out: N T-r: 99.81%
c [distill-bin] useful/checked/potential: 0/4569/4569 lits-rem: 0 cl-rem: 0 0-depth-assigns: 0 T: 0.01 T-out: N
c rst   stb    W   vs  1952  914K    1994  1918  4569    3.38    2.41   43K     0     0     1   50.88   50.88
c recursive minimization cost OK: 2243K cost/(% lits removed)
c [g 0] 108x1994 dens: 0.1007 find: 4484K (prop 62.1% confl 3.6%) elim: 1680K (prop 14.8% confl 0.6%)
c --> Executing strategy token: scc-vrepl
c [scc] new: 0 BP 0M T: 0.00
c --> Executing strategy token: sub-impl
c [impl-sub] bin: 0 T: 0.00 T-out: N w-visit: 4000
c --> Executing strategy token: breakid
c Executing OCC strategy token(s): 'occ-backw-sub-str,occ-clean-implicit,occ-bve,occ-bva,occ-ternary-res,occ-xor'
c [occ] Linked in IRRED BIN by default: 4569
c [occ] Linked in RED   BIN by default: 1
c Executing OCC strategy token: occ-backw-sub-str
c [occ-backw-sub-str-long-w-bins] subs: 0 str: 959 tried: 27419 0-depth-assigns: 0 T: 0.01 T-out: N T-r: 95.92%
c [occ-backw-sub-long-w-long] rem cl: 426 tried: 45811/45811 (100.0%) T: 0.01 T-out: N T-r: 98.59%
c [occ-backw-sub-str-long-w-long] sub: 15 str: 57 tried: 137433/45811 (300.0%) T: 0.04 T-out: N T-r: 93.61%
c Executing OCC strategy token: occ-clean-implicit
c Executing OCC strategy token: occ-bve
c [occ-empty-res] Empty resolvent elimed: 0 T: 0.00 T-out: N
c [occ-bve] tried:     0 v-elim:     0 free-vars: 1994 T: 0.00 T-out: N T-r: 100.00%
c [occur] link-in T: 0.03 cleanup T: 0.00 overhead T: 0.03
c [occ-xor-bve] elimed: 0 T: 0.00 T-out: N
c Executing OCC strategy token: occ-bva
c Executing OCC strategy token: occ-ternary-res
c [occ-ternary-res] Ternary res-tri: 0 res-bin: 0 sub: 0 str: 0 T: 0.00 T-out: N T-r: 99.91%
c Executing OCC strategy token: occ-xor
c [occ-xor] sort occur list T: 0.00
c [occ-xor] found      0 T: 0.00 T-out: N T-r: 99.99%
c --> Executing strategy token: card-find
c --> Executing strategy token: cl-consolidate
c [mem] not consolidating
c --> Executing strategy token: scc-vrepl
c [scc] new: 0 BP 0M T: 0.00
c --> Executing strategy token: renumber
c --> Executing strategy token: louvain-comms
c [mem] consolidate mini T: 0.00
c [timeout] global_timeout_multiplier: 5.8462
c [branch] rebuilding order heap for all branchings. Current branching: vsids
c [gauss] clauses deleted that are represented by XORs: 0 xorclauses: 108 GJ matrices: 0 T: 0.00
c [matrix] performing matrix init
c [matrix] Good   matrix  0    108 x 1994  density:0.1435  xorlen avg: 286.23
c [matrix] Using 1 matrices recovered from 108 xors T: 0.00 T-out: N
c [distill-long-red0] cls tried: 2/7401 T: 0.02 T-out: Y T-r: -12172.89%
c rst   stb    I   vs  1956  918K    1994  1918  4569    3.38    2.41   47K     0     0     1   50.34   50.34
c [distill] watch-based irred-- cl tried     3836 cl-sh     0 cl-rem    0 lit-rem      0 T: 0.00 T-out: N
c [distill] watch-based   red-- cl tried     7122 cl-sh   347 cl-rem    0 lit-rem   3879 T: 0.05 T-out: Y
c [full-probe] bin_only: 0 set: 0 repl: 0 T: 0.00 T-out: N T-r: 98.01%
c [distill-bin] useful/checked/potential: 0/4569/4569 lits-rem: 0 cl-rem: 0 0-depth-assigns: 0 T: 0.01 T-out: N
c [impl-str] lit bin: 0 set-var: 0 T: 0.00 T-out: N T-r: 99.97% w-visit: 4000
c [impl-sub] bin: 0 T: 0.00 T-out: N w-visit: 4000
c [distill-long-red0] cls tried: 2/10012 T: 0.02 T-out: Y T-r: -3755.36%
c rst   stb    I   vs  1966  934K    1994  1918  4569    3.38    2.41   41K     0     0     1   47.40   47.40
c [distill-long-red0] cls tried: 2/12467 T: 0.02 T-out: Y T-r: -5189.04%
c [full-probe] bin_only: 1 set: 0 repl: 0 T: 0.00 T-out: N T-r: 99.79%
c [distill-bin] useful/checked/potential: 0/4569/4569 lits-rem: 0 cl-rem: 0 0-depth-assigns: 0 T: 0.02 T-out: N
c [distill] watch-based irred-- cl tried     3836 cl-sh     0 cl-rem    0 lit-rem      0 T: 0.00 T-out: N
c [distill] watch-based   red-- cl tried     5433 cl-sh   751 cl-rem    0 lit-rem   5599 T: 0.05 T-out: Y
c rst   stb    I   vs  1969  963K    1994  1918  4569    3.38    2.41   46K     0     0     1   42.81   42.81
c [distill-long-red0] cls tried: 2/10569 T: 0.02 T-out: Y T-r: -2215.89%
c rst   stb    B   vs  1970  996K    1994  1918  4569    3.38    2.41   31K     0     0     1   46.11   46.10
c [distill-long-red0] cls tried: 2/8206 T: 0.01 T-out: Y T-r: -2821.84%
c [full-probe] bin_only: 0 set: 0 repl: 0 T: 0.01 T-out: N T-r: 98.22%
c [distill-bin] useful/checked/potential: 0/4569/4569 lits-rem: 0 cl-rem: 0 0-depth-assigns: 0 T: 0.02 T-out: N
c [distill] watch-based irred-- cl tried     3836 cl-sh     0 cl-rem    0 lit-rem      0 T: 0.00 T-out: N
c [distill] watch-based   red-- cl tried     7147 cl-sh   447 cl-rem    0 lit-rem   4086 T: 0.05 T-out: Y
c [impl-str] lit bin: 0 set-var: 0 T: 0.00 T-out: N T-r: 99.97% w-visit: 4000
c [impl-sub] bin: 0 T: 0.00 T-out: N w-visit: 4000
c [sls] 6595 cls, minimum 19 T: 0.00
c rst   stb    W   vs  1974 1001K    1994  1918  4569    3.38    2.41   36K     0     0     1   45.33   45.33
c [distill-long-red0] cls tried: 2/8275 T: 0.02 T-out: Y T-r: -6504.67%
c [full-probe] bin_only: 1 set: 0 repl: 0 T: 0.00 T-out: N T-r: 99.69%
c [distill-bin] useful/checked/potential: 0/4569/4569 lits-rem: 0 cl-rem: 0 0-depth-assigns: 0 T: 0.03 T-out: N
c rst   stb    W   vs  1984 1020K    1994  1918  4569    3.38    2.41   32K     0     0     1   46.84   46.84
c rst   foc    W   vs  1985 1023K    1994  1918  4569    3.38    2.41   34K     0     0     1   46.50   46.50
c [branch] adjusting to: vmtf (from: vsids) var_decay:0.95
c [distill] watch-based irred-- cl tried     3836 cl-sh     0 cl-rem    0 lit-rem      0 T: 0.00 T-out: N
c [distill] watch-based   red-- cl tried     8196 cl-sh   309 cl-rem    0 lit-rem   2602 T: 0.05 T-out: Y
c rst   foc    W  vmt  1986 1023K    1994  1918  4569    3.38    2.41   34K     0     0     1   46.42   46.42
c [distill-long-red0] cls tried: 2/7935 T: 0.02 T-out: Y T-r: -6048.11%
c [full-probe] bin_only: 0 set: 0 repl: 0 T: 0.00 T-out: N T-r: 98.19%
c [distill-bin] useful/checked/potential: 0/4569/4569 lits-rem: 0 cl-rem: 0 0-depth-assigns: 0 T: 0.02 T-out: N
c rst   foc    B  vmt  2257 1037K    1994  1918  4569    3.38    2.41   49K     0     0     1   44.28   44.28
c rst   foc    B  vmt  2326 1061K    1994  1918  4569    3.38    2.41   48K     0     0     1   41.44   41.44
c [distill-long-red0] cls tried: 2/10952 T: 0.03 T-out: Y T-r: -1568.29%
c [full-probe] bin_only: 1 set: 0 repl: 0 T: 0.00 T-out: N T-r: 99.82%
c [distill-bin] useful/checked/potential: 0/4569/4569 lits-rem: 0 cl-rem: 0 0-depth-assigns: 0 T: 0.02 T-out: N
c [distill] watch-based irred-- cl tried     3836 cl-sh     0 cl-rem    0 lit-rem      0 T: 0.00 T-out: N
c [distill] watch-based   red-- cl tried     6838 cl-sh   736 cl-rem    0 lit-rem   4818 T: 0.06 T-out: Y
c [impl-str] lit bin: 0 set-var: 0 T: 0.00 T-out: N T-r: 99.97% w-visit: 4000
c [impl-sub] bin: 0 T: 0.00 T-out: N w-visit: 4000
c rst   foc    B  vmt  2690 1082K    1994  1918  4569    3.38    2.41   41K     0     0     1   42.21   42.21
c [distill-long-red0] cls tried: 2/8759 T: 0.02 T-out: Y T-r: -1877.18%
c [full-probe] bin_only: 0 set: 0 repl: 0 T: 0.00 T-out: N T-r: 98.06%
c [distill-bin] useful/checked/potential: 0/4569/4569 lits-rem: 0 cl-rem: 0 0-depth-assigns: 0 T: 0.02 T-out: N
c [sls] 6595 cls, minimum 20 T: 0.00
c  res  pol bran  nres  conf freevar  IrrL  IrrB l/longC  l/allC RedL0 RedL1 RedL2  RedB l/longC  l/allC
c rst   foc    W  vmt  2691 1082K    1994  1918  4569    3.38    2.41   41K     0     0     1   42.41   42.41
c [distill] watch-based irred-- cl tried     3836 cl-sh     0 cl-rem    0 lit-rem      0 T: 0.00 T-out: N
c [distill] watch-based   red-- cl tried     7117 cl-sh   511 cl-rem    0 lit-rem   2959 T: 0.05 T-out: Y
c rst   foc    W  vmt  2731 1118K    1994  1918  4569    3.38    2.41   55K     0     0     1   39.53   39.53
c [distill-long-red0] cls tried: 2/9531 T: 0.03 T-out: Y T-r: -5113.98%
c [full-probe] bin_only: 1 set: 0 repl: 0 T: 0.00 T-out: N T-r: 99.69%
c [distill-bin] useful/checked/potential: 0/4569/4569 lits-rem: 0 cl-rem: 0 0-depth-assigns: 0 T: 0.02 T-out: N
c [distill] watch-based irred-- cl tried     3836 cl-sh     0 cl-rem    0 lit-rem      0 T: 0.00 T-out: N
c [distill] watch-based   red-- cl tried     8637 cl-sh   895 cl-rem    0 lit-rem   4064 T: 0.04 T-out: Y
c [impl-str] lit bin: 0 set-var: 0 T: 0.00 T-out: N T-r: 99.97% w-visit: 4000
c [impl-sub] bin: 0 T: 0.00 T-out: N w-visit: 4000
c rst   foc    F  vmt  2770 1130K    1994  1918  4569    3.38    2.41   40K     0     0     1   39.43   39.43
c [distill-long-red0] cls tried: 2/9800 T: 0.02 T-out: Y T-r: -4587.87%
c [full-probe] bin_only: 0 set: 0 repl: 0 T: 0.01 T-out: N T-r: 98.29%
c [distill-bin] useful/checked/potential: 0/4569/4569 lits-rem: 0 cl-rem: 0 0-depth-assigns: 0 T: 0.02 T-out: N
c rst   foc    F  vmt  5039 1148K    1994  1918  4569    3.38    2.41   32K     0     0     1   53.51   53.51
c [distill-long-red0] cls tried: 2/8790 T: 0.02 T-out: Y T-r: -3393.69%
c [distill] watch-based irred-- cl tried     3836 cl-sh     0 cl-rem    0 lit-rem      0 T: 0.00 T-out: N
c [distill] watch-based   red-- cl tried     8686 cl-sh   427 cl-rem    0 lit-rem   2825 T: 0.05 T-out: Y
c [full-probe] bin_only: 1 set: 0 repl: 0 T: 0.00 T-out: N T-r: 99.84%
c [distill-bin] useful/checked/potential: 0/4569/4569 lits-rem: 0 cl-rem: 0 0-depth-assigns: 0 T: 0.02 T-out: N
c [distill-long-red0] cls tried: 2/8782 T: 0.01 T-out: Y T-r: -4725.71%
c rst   foc    F  vmt  6423 1167K    1994  1918  4569    3.38    2.41   50K     0     0     1   56.95   56.95
c rst   foc    B  vmt  6431 1171K    1994  1918  4569    3.38    2.41   55K     0     0     1   57.25   57.25
c rst   foc    B  vmt  6432 1199K    1994  1918  4569    3.38    2.41   58K     0     0     1   50.05   50.05
c [distill-long-red0] cls tried: 2/9814 T: 0.03 T-out: Y T-r: -2746.82%
c [full-probe] bin_only: 0 set: 0 repl: 0 T: 0.00 T-out: N T-r: 97.89%
c [distill-bin] useful/checked/potential: 0/4569/4569 lits-rem: 0 cl-rem: 0 0-depth-assigns: 0 T: 0.03 T-out: N
c [distill] watch-based irred-- cl tried     3836 cl-sh     0 cl-rem    0 lit-rem      0 T: 0.00 T-out: N
c [distill] watch-based   red-- cl tried     7686 cl-sh   643 cl-rem    0 lit-rem   4795 T: 0.06 T-out: Y
c [impl-str] lit bin: 0 set-var: 0 T: 0.00 T-out: N T-r: 99.96% w-visit: 4000
c [impl-sub] bin: 0 T: 0.00 T-out: N w-visit: 4000
c rst   foc    B  vmt  6517 1218K    1994  1918  4569    3.38    2.41   45K     0     0     1   41.78   41.77
c [distill-long-red0] cls tried: 2/17202 T: 0.05 T-out: Y T-r: -988.27%
c [sls] 6595 cls, minimum 21 T: 0.00
c rst   foc    W  vmt  6518 1218K    1994  1918  4569    3.38    2.41   31K     0     0     1   47.69   47.69
c [full-probe] bin_only: 1 set: 0 repl: 0 T: 0.00 T-out: N T-r: 99.84%
c [distill-bin] useful/checked/potential: 0/4569/4569 lits-rem: 0 cl-rem: 0 0-depth-assigns: 0 T: 0.02 T-out: N
c [distill] watch-based irred-- cl tried     3836 cl-sh     0 cl-rem    0 lit-rem      0 T: 0.00 T-out: N
c [distill] watch-based   red-- cl tried     7175 cl-sh  1273 cl-rem    0 lit-rem   7432 T: 0.05 T-out: Y
c [distill-long-red0] cls tried: 2/6669 T: 0.01 T-out: Y T-r: -1178.38%
c rst   foc    W  vmt  6576 1240K    1994  1918  4569    3.38    2.41   37K     0     0     1   40.82   40.82
c rst   foc    W  vmt  6580 1265K    1994  1918  4569    3.38    2.41   43K     0     0     1   40.53   40.53
c [distill-long-red0] cls tried: 2/7633 T: 0.02 T-out: Y T-r: -1211.49%
c [full-probe] bin_only: 0 set: 0 repl: 0 T: 0.00 T-out: N T-r: 98.01%
c [distill-bin] useful/checked/potential: 0/4569/4569 lits-rem: 0 cl-rem: 0 0-depth-assigns: 0 T: 0.02 T-out: N
c [distill] watch-based irred-- cl tried     3836 cl-sh     0 cl-rem    0 lit-rem      0 T: 0.00 T-out: N
c [distill] watch-based   red-- cl tried     7653 cl-sh   938 cl-rem    0 lit-rem   6781 T: 0.05 T-out: Y
c [impl-str] lit bin: 0 set-var: 0 T: 0.00 T-out: N T-r: 99.97% w-visit: 4000
c [impl-sub] bin: 0 T: 0.00 T-out: N w-visit: 4000
c rst   foc    #  vmt  6581 1265K    1994  1918  4569    3.38    2.41   41K     0     0     1   41.35   41.35
c [distill-long-red0] cls tried: 2/8550 T: 0.02 T-out: Y T-r: -2133.67%
c rst   foc    #  vmt  7604 1288K    1994  1918  4569    3.38    2.41   37K     0     0     1   43.59   43.59
c [full-probe] bin_only: 1 set: 0 repl: 0 T: 0.00 T-out: N T-r: 99.84%
c [distill-bin] useful/checked/potential: 0/4569/4569 lits-rem: 0 cl-rem: 0 0-depth-assigns: 0 T: 0.02 T-out: N
c [distill-long-red0] cls tried: 2/8798 T: 0.01 T-out: Y T-r: -3065.98%
c [distill] watch-based irred-- cl tried     3836 cl-sh     0 cl-rem    0 lit-rem      0 T: 0.00 T-out: N
c [distill] watch-based   red-- cl tried     5922 cl-sh   609 cl-rem    0 lit-rem   4497 T: 0.05 T-out: Y
c rst   foc    #  vmt  7890 1312K    1994  1918  4569    3.38    2.41   36K     0     0     1   42.33   42.33
c [full-probe] bin_only: 0 set: 0 repl: 0 T: 0.00 T-out: N T-r: 98.46%
c [distill-bin] useful/checked/potential: 0/4569/4569 lits-rem: 0 cl-rem: 0 0-depth-assigns: 0 T: 0.01 T-out: N
c rst   foc    B  vmt  7891 1312K    1994  1918  4569    3.38    2.41   36K     0     0     1   42.33   42.33
c recursive minimization cost OK: 2925K cost/(% lits removed)
c [g 0] 108x1994 dens: 0.1066 find: 5844K (prop 61.2% confl 3.4%) elim: 3145K (prop 12.2% confl 0.5%)
c --> Executing strategy token: scc-vrepl
c [scc] new: 0 BP 0M T: 0.00
c --> Executing strategy token: sub-impl
c [impl-sub] bin: 0 T: 0.00 T-out: N w-visit: 4000
c --> Executing strategy token: breakid
c Executing OCC strategy token(s): 'occ-backw-sub-str,occ-clean-implicit,occ-bve,occ-bva,occ-ternary-res,occ-xor'
c [occ] Linked in IRRED BIN by default: 4569
c [occ] Linked in RED   BIN by default: 1
c Executing OCC strategy token: occ-backw-sub-str
c [occ-backw-sub-str-long-w-bins] subs: 0 str: 4724 tried: 31989 0-depth-assigns: 0 T: 0.01 T-out: N T-r: 95.98%
c [occ-backw-sub-long-w-long] rem cl: 1277 tried: 40335/40335 (100.0%) T: 0.02 T-out: N T-r: 96.90%
c [occ-backw-sub-str-long-w-long] sub: 18 str: 310 tried: 121005/40335 (300.0%) T: 0.06 T-out: N T-r: 89.21%
c Executing OCC strategy token: occ-clean-implicit
c Executing OCC strategy token: occ-bve
c [occ-empty-res] Empty resolvent elimed: 0 T: 0.00 T-out: N
c [occ-bve] tried:     0 v-elim:     0 free-vars: 1994 T: 0.00 T-out: N T-r: 100.00%
c [occur] link-in T: 0.02 cleanup T: 0.00 overhead T: 0.02
c [occ-xor-bve] elimed: 0 T: 0.00 T-out: N
c Executing OCC strategy token: occ-bva
c Executing OCC strategy token: occ-ternary-res
c [occ-ternary-res] Ternary res-tri: 0 res-bin: 0 sub: 0 str: 0 T: 0.00 T-out: N T-r: 99.93%
c Executing OCC strategy token: occ-xor
c [occ-xor] sort occur list T: 0.00
c [occ-xor] found      0 T: 0.00 T-out: N T-r: 99.99%
c --> Executing strategy token: card-find
c --> Executing strategy token: cl-consolidate
c [mem] not consolidating
c --> Executing strategy token: scc-vrepl
c [scc] new: 0 BP 0M T: 0.00
c --> Executing strategy token: renumber
c --> Executing strategy token: louvain-comms
c [mem] consolidate mini T: 0.00
c [timeout] global_timeout_multiplier: 6.4308
c [branch] rebuilding order heap for all branchings. Current branching: vmtf
c [gauss] clauses deleted that are represented by XORs: 0 xorclauses: 108 GJ matrices: 0 T: 0.00
c [matrix] performing matrix init
c [matrix] Good   matrix  0    108 x 1994  density:0.1435  xorlen avg: 286.23
c [matrix] Using 1 matrices recovered from 108 xors T: 0.00 T-out: N
c [distill-long-red0] cls tried: 2/8360 T: 0.02 T-out: Y T-r: -3115.22%
c [distill] watch-based irred-- cl tried     3836 cl-sh     0 cl-rem    0 lit-rem      0 T: 0.00 T-out: N
c [distill] watch-based   red-- cl tried     5694 cl-sh   404 cl-rem    0 lit-rem   3035 T: 0.05 T-out: Y
c [impl-str] lit bin: 0 set-var: 0 T: 0.00 T-out: N T-r: 99.97% w-visit: 4000
c [impl-sub] bin: 0 T: 0.00 T-out: N w-visit: 4000
c [distill-long-red0] cls tried: 2/8914 T: 0.02 T-out: Y T-r: -3488.20%
c rst   foc    B  vmt  8160 1333K    1994  1918  4569    3.38    2.41   55K     0     0     1   41.08   41.07
c [full-probe] bin_only: 1 set: 0 repl: 0 T: 0.00 T-out: N T-r: 99.53%
c [distill-bin] useful/checked/potential: 0/4569/4569 lits-rem: 0 cl-rem: 0 0-depth-assigns: 0 T: 0.02 T-out: N
c rst   foc    B  vmt  8307 1382K    1994  1918  4569    3.38    2.41   52K     0     0     1   39.40   39.40
c [distill-long-red0] cls tried: 2/12003 T: 0.04 T-out: Y T-r: -842.33%
c [full-probe] bin_only: 0 set: 0 repl: 0 T: 0.01 T-out: N T-r: 98.25%
c [distill-bin] useful/checked/potential: 0/4569/4569 lits-rem: 0 cl-rem: 0 0-depth-assigns: 0 T: 0.02 T-out: N
c [distill] watch-based irred-- cl tried     3836 cl-sh     0 cl-rem    0 lit-rem      0 T: 0.00 T-out: N
c [distill] watch-based   red-- cl tried     6729 cl-sh   914 cl-rem    0 lit-rem   7736 T: 0.06 T-out: Y
c [sls] 6595 cls, minimum 20 T: 0.00
c rst   foc    W  vmt  8308 1382K    1994  1918  4569    3.38    2.41   38K     0     0     1   43.40   43.39
c [impl-str] lit bin: 0 set-var: 0 T: 0.00 T-out: N T-r: 99.97% w-visit: 4000
c [impl-sub] bin: 0 T: 0.00 T-out: N w-visit: 4000
c [distill-long-red0] cls tried: 2/9268 T: 0.02 T-out: Y T-r: -3969.60%
c [full-probe] bin_only: 1 set: 0 repl: 0 T: 0.00 T-out: N T-r: 99.85%
c [distill-bin] useful/checked/potential: 0/4569/4569 lits-rem: 0 cl-rem: 0 0-depth-assigns: 0 T: 0.02 T-out: N
c rst   foc    W  vmt  9171 1412K    1994  1918  4569    3.38    2.41   44K     0     0     2   41.20   41.20
c [distill] watch-based irred-- cl tried     3836 cl-sh     0 cl-rem    0 lit-rem      0 T: 0.00 T-out: N
c [distill] watch-based   red-- cl tried     9020 cl-sh   827 cl-rem    0 lit-rem   6372 T: 0.08 T-out: Y
c [distill-long-red0] cls tried: 2/9837 T: 0.02 T-out: Y T-r: -3270.16%
c [full-probe] bin_only: 0 set: 0 repl: 0 T: 0.01 T-out: N T-r: 98.06%
c [distill-bin] useful/checked/potential: 0/4569/4569 lits-rem: 0 cl-rem: 0 0-depth-assigns: 0 T: 0.03 T-out: N
c rst   foc    F  vmt  9473 1428K    1994  1918  4569    3.38    2.41   37K     0     0     2   41.86   41.86
c [distill] watch-based irred-- cl tried     3836 cl-sh     0 cl-rem    0 lit-rem      0 T: 0.00 T-out: N
c [distill] watch-based   red-- cl tried     7696 cl-sh   547 cl-rem    0 lit-rem   4557 T: 0.07 T-out: Y
c [distill-long-red0] cls tried: 2/7910 T: 0.02 T-out: Y T-r: -799.44%
c [full-probe] bin_only: 1 set: 0 repl: 0 T: 0.00 T-out: N T-r: 99.81%
c [distill-bin] useful/checked/potential: 0/4569/4569 lits-rem: 0 cl-rem: 0 0-depth-assigns: 0 T: 0.02 T-out: N
c [impl-str] lit bin: 0 set-var: 0 T: 0.00 T-out: N T-r: 99.96% w-visit: 4000
c [impl-sub] bin: 0 T: 0.00 T-out: N w-visit: 4000
c  res  pol bran  nres  conf freevar  IrrL  IrrB l/longC  l/allC RedL0 RedL1 RedL2  RedB l/longC  l/allC
c rst   foc    F  vmt 12759 1453K    1994  1918  4569    3.38    2.41   62K     0     0     2   47.27   47.27
c [distill-long-red0] cls tried: 2/7910 T: 0.01 T-out: Y T-r: -4057.36%
c [distill] watch-based irred-- cl tried     3836 cl-sh     0 cl-rem    0 lit-rem      0 T: 0.00 T-out: N
c [distill] watch-based   red-- cl tried     8975 cl-sh   537 cl-rem    0 lit-rem   3299 T: 0.05 T-out: Y
c [full-probe] bin_only: 0 set: 0 repl: 0 T: 0.00 T-out: N T-r: 98.52%
c [distill-bin] useful/checked/potential: 0/4569/4569 lits-rem: 0 cl-rem: 0 0-depth-assigns: 0 T: 0.01 T-out: N
c [distill-long-red0] cls tried: 2/8480 T: 0.02 T-out: Y T-r: -2072.82%
c rst   foc    F  vmt 13382 1478K    1994  1918  4569    3.38    2.41   60K     0     0     2   53.93   53.93
c rst   foc    B  vmt 13383 1478K    1994  1918  4569    3.38    2.41   60K     0     0     2   53.93   53.93
c rst   foc    B  vmt 13416 1526K    1994  1918  4569    3.38    2.41   51K     0     0     2   39.66   39.66
c [distill-long-red0] cls tried: 2/13481 T: 0.04 T-out: Y T-r: -3817.64%
c [full-probe] bin_only: 1 set: 0 repl: 0 T: 0.00 T-out: N T-r: 99.78%
c [distill-bin] useful/checked/potential: 0/4569/4569 lits-rem: 0 cl-rem: 0 0-depth-assigns: 0 T: 0.02 T-out: N
c [distill] watch-based irred-- cl tried     3836 cl-sh     0 cl-rem    0 lit-rem      0 T: 0.00 T-out: N
c [distill] watch-based   red-- cl tried     6940 cl-sh   997 cl-rem    0 lit-rem   7757 T: 0.07 T-out: Y
c [impl-str] lit bin: 0 set-var: 0 T: 0.00 T-out: N T-r: 99.97% w-visit: 4000
c [impl-sub] bin: 0 T: 0.00 T-out: N w-visit: 4000
c [sls] 6595 cls, minimum 21 T: 0.00
c rst   foc    W  vmt 13417 1526K    1994  1918  4569    3.38    2.41   38K     0     0     2   43.86   43.86
c [distill-long-red0] cls tried: 2/15638 T: 0.04 T-out: Y T-r: -788.09%
c [full-probe] bin_only: 0 set: 0 repl: 0 T: 0.00 T-out: N T-r: 98.40%
c [distill-bin] useful/checked/potential: 0/4569/4569 lits-rem: 0 cl-rem: 0 0-depth-assigns: 0 T: 0.02 T-out: N
c rst   foc    W  vmt 13552 1552K    1994  1918  4569    3.38    2.41   34K     0     0     2   44.19   44.19
c [distill] watch-based irred-- cl tried     3836 cl-sh     0 cl-rem    0 lit-rem      0 T: 0.00 T-out: N
c [distill] watch-based   red-- cl tried     9192 cl-sh   741 cl-rem    0 lit-rem   5932 T: 0.06 T-out: Y
c rst   foc    W  vmt 13651 1587K    1994  1918  4569    3.38    2.41   49K     0     0     2   39.55   39.55
c [distill-long-red0] cls tried: 2/8198 T: 0.02 T-out: Y T-r: -1954.42%
c [full-probe] bin_only: 1 set: 0 repl: 0 T: 0.00 T-out: N T-r: 99.79%
c [distill-bin] useful/checked/potential: 0/4569/4569 lits-rem: 0 cl-rem: 0 0-depth-assigns: 0 T: 0.02 T-out: N
c [distill] watch-based irred-- cl tried     3836 cl-sh     0 cl-rem    0 lit-rem      0 T: 0.00 T-out: N
c [distill] watch-based   red-- cl tried     6008 cl-sh   572 cl-rem    0 lit-rem   4794 T: 0.06 T-out: Y
c [impl-str] lit bin: 0 set-var: 0 T: 0.00 T-out: N T-r: 99.97% w-visit: 4000
c [impl-sub] bin: 0 T: 0.00 T-out: N w-visit: 4000
c rst   foc    #  vmt 13652 1587K    1994  1918  4569    3.38    2.41   44K     0     0     2   41.09   41.09
c [distill-long-red0] cls tried: 2/8281 T: 0.02 T-out: Y T-r: -4024.69%
c [full-probe] bin_only: 0 set: 0 repl: 0 T: 0.00 T-out: N T-r: 98.39%
c [distill-bin] useful/checked/potential: 0/4569/4569 lits-rem: 0 cl-rem: 0 0-depth-assigns: 0 T: 0.02 T-out: N
c rst   foc    #  vmt 15155 1617K    1994  1918  4569    3.38    2.41   48K     0     0     2   44.51   44.50
c [distill] watch-based irred-- cl tried     3836 cl-sh     0 cl-rem    0 lit-rem      0 T: 0.00 T-out: N
c [distill] watch-based   red-- cl tried     8165 cl-sh  1029 cl-rem    0 lit-rem   5836 T: 0.06 T-out: Y
c [distill-long-red0] cls tried: 2/12618 T: 0.03 T-out: Y T-r: -1599.93%
c [full-probe] bin_only: 1 set: 0 repl: 0 T: 0.00 T-out: N T-r: 99.76%
c [distill-bin] useful/checked/potential: 0/4569/4569 lits-rem: 0 cl-rem: 0 0-depth-assigns: 0 T: 0.03 T-out: N
c [distill-long-red0] cls tried: 2/12990 T: 0.02 T-out: Y T-r: -3383.60%
c rst   foc    B  vmt 15869 1641K    1994  1918  4569    3.38    2.41   42K     0     0     2   48.56   48.56
c rst   foc    B  vmt 15892 1693K    1994  1918  4569    3.38    2.41   65K     0     0     2   38.23   38.23
c [distill-long-red0] cls tried: 2/14624 T: 0.05 T-out: Y T-r: -1280.11%
c [full-probe] bin_only: 0 set: 0 repl: 0 T: 0.01 T-out: N T-r: 98.44%
c [distill-bin] useful/checked/potential: 0/4569/4569 lits-rem: 0 cl-rem: 0 0-depth-assigns: 0 T: 0.03 T-out: N
c [distill] watch-based irred-- cl tried     3836 cl-sh     0 cl-rem    0 lit-rem      0 T: 0.00 T-out: N
c [distill] watch-based   red-- cl tried     7056 cl-sh  1176 cl-rem    0 lit-rem   8733 T: 0.06 T-out: Y
c [impl-str] lit bin: 0 set-var: 0 T: 0.00 T-out: N T-r: 99.97% w-visit: 4000
c [impl-sub] bin: 0 T: 0.00 T-out: N w-visit: 4000
c [sls] 6595 cls, minimum 20 T: 0.00
c rst   foc    W  vmt 15893 1693K    1994  1918  4569    3.38    2.41   45K     0     0     2   43.51   43.51
c recursive minimization cost OK: 3069K cost/(% lits removed)
c [g 0] 108x1994 dens: 0.1023 find: 5970K (prop 68.3% confl 3.4%) elim: 1907K (prop 14.3% confl 0.6%)
c --> Executing strategy token: scc-vrepl
c [scc] new: 0 BP 0M T: 0.00
c --> Executing strategy token: sub-impl
c [impl-sub] bin: 0 T: 0.00 T-out: N w-visit: 4000
c --> Executing strategy token: breakid
c Executing OCC strategy token(s): 'occ-backw-sub-str,occ-clean-implicit,occ-bve,occ-bva,occ-ternary-res,occ-xor'
c [occ] Linked in IRRED BIN by default: 4569
c [occ] Linked in RED   BIN by default: 2
c Executing OCC strategy token: occ-backw-sub-str
c [occ-backw-sub-str-long-w-bins] subs: 0 str: 6245 tried: 36560 0-depth-assigns: 0 T: 0.01 T-out: N T-r: 95.89%
c [occ-backw-sub-long-w-long] rem cl: 1756 tried: 43694/43694 (100.0%) T: 0.02 T-out: N T-r: 96.71%
c [occ-backw-sub-str-long-w-long] sub: 5 str: 279 tried: 131082/43694 (300.0%) T: 0.08 T-out: N T-r: 89.47%
c Executing OCC strategy token: occ-clean-implicit
c Executing OCC strategy token: occ-bve
c [occ-empty-res] Empty resolvent elimed: 0 T: 0.00 T-out: N
c [occ-bve] tried:     0 v-elim:     0 free-vars: 1994 T: 0.00 T-out: N T-r: 100.00%
c [occur] link-in T: 0.03 cleanup T: 0.00 overhead T: 0.03
c [occ-xor-bve] elimed: 0 T: 0.00 T-out: N
c Executing OCC strategy token: occ-bva
c Executing OCC strategy token: occ-ternary-res
c [occ-ternary-res] Ternary res-tri: 0 res-bin: 0 sub: 0 str: 0 T: 0.00 T-out: N T-r: 99.93%
c Executing OCC strategy token: occ-xor
c [occ-xor] sort occur list T: 0.00
c [occ-xor] found      0 T: 0.00 T-out: N T-r: 99.99%
c --> Executing strategy token: card-find
c --> Executing strategy token: cl-consolidate
c [mem] not consolidating
c --> Executing strategy token: scc-vrepl
c [scc] new: 0 BP 0M T: 0.00
c --> Executing strategy token: renumber
c --> Executing strategy token: louvain-comms
c [mem] consolidate mini T: 0.00
c [timeout] global_timeout_multiplier: 7.0738
c [branch] rebuilding order heap for all branchings. Current branching: vmtf
c [gauss] clauses deleted that are represented by XORs: 0 xorclauses: 108 GJ matrices: 0 T: 0.00
c [matrix] performing matrix init
c [matrix] Good   matrix  0    108 x 1994  density:0.1435  xorlen avg: 286.23
c [matrix] Using 1 matrices recovered from 108 xors T: 0.00 T-out: N
c [distill-long-red0] cls tried: 2/9956 T: 0.03 T-out: Y T-r: -8180.84%
c [full-probe] bin_only: 1 set: 0 repl: 0 T: 0.00 T-out: N T-r: 99.78%
c [distill-bin] useful/checked/potential: 0/4569/4569 lits-rem: 0 cl-rem: 0 0-depth-assigns: 0 T: 0.03 T-out: N
c rst   foc    W  vmt 16372 1750K    1994  1918  4569    3.38    2.41   55K     0     0     2   37.77   37.77
c [distill-long-red0] cls tried: 2/8568 T: 0.03 T-out: Y T-r: -615.16%
c [full-probe] bin_only: 0 set: 0 repl: 0 T: 0.01 T-out: N T-r: 98.30%
c [distill-bin] useful/checked/potential: 0/4569/4569 lits-rem: 0 cl-rem: 0 0-depth-assigns: 0 T: 0.03 T-out: N
c [distill] watch-based irred-- cl tried     3836 cl-sh     0 cl-rem    0 lit-rem      0 T: 0.00 T-out: N
c [distill] watch-based   red-- cl tried     6159 cl-sh   671 cl-rem    0 lit-rem   4571 T: 0.08 T-out: Y
c rst   foc    F  vmt 16373 1750K    1994  1918  4569    3.38    2.41   50K     0     0     2   39.02   39.02
c [impl-str] lit bin: 0 set-var: 0 T: 0.00 T-out: N T-r: 99.97% w-visit: 4000
c [impl-sub] bin: 0 T: 0.00 T-out: N w-visit: 4000
c [distill-long-red0] cls tried: 2/8565 T: 0.02 T-out: Y T-r: -4671.79%
c [full-probe] bin_only: 1 set: 0 repl: 0 T: 0.00 T-out: N T-r: 99.87%
c [distill-bin] useful/checked/potential: 0/4569/4569 lits-rem: 0 cl-rem: 0 0-depth-assigns: 0 T: 0.03 T-out: N
c [distill] watch-based irred-- cl tried     3836 cl-sh     0 cl-rem    0 lit-rem      0 T: 0.00 T-out: N
c [distill] watch-based   red-- cl tried     8104 cl-sh   978 cl-rem    0 lit-rem   4841 T: 0.08 T-out: Y
c rst   foc    F  vmt 22282 1778K    1994  1918  4569    3.38    2.41   51K     0     0     2   47.70   47.70
c [distill-long-red0] cls tried: 2/12917 T: 0.02 T-out: Y T-r: -2769.32%
c [full-probe] bin_only: 0 set: 0 repl: 0 T: 0.01 T-out: N T-r: 98.01%
c [distill-bin] useful/checked/potential: 0/4569/4569 lits-rem: 0 cl-rem: 0 0-depth-assigns: 0 T: 0.03 T-out: N
c [distill-long-red0] cls tried: 2/12927 T: 0.02 T-out: Y T-r: -5600.53%
c [distill] watch-based irred-- cl tried     3836 cl-sh     0 cl-rem    0 lit-rem      0 T: 0.00 T-out: N
c [distill] watch-based   red-- cl tried    12295 cl-sh   786 cl-rem    0 lit-rem   5142 T: 0.06 T-out: Y
c rst   foc    B  vmt 25084 1802K    1994  1918  4569    3.38    2.41   46K     0     0     2   49.12   49.11
c [distill-long-red0] cls tried: 2/9751 T: 0.02 T-out: Y T-r: -2098.22%
c [full-probe] bin_only: 1 set: 0 repl: 0 T: 0.00 T-out: N T-r: 99.81%
c [distill-bin] useful/checked/potential: 0/4569/4569 lits-rem: 0 cl-rem: 0 0-depth-assigns: 0 T: 0.02 T-out: N
c [impl-str] lit bin: 0 set-var: 0 T: 0.00 T-out: N T-r: 99.97% w-visit: 4000
c [impl-sub] bin: 0 T: 0.00 T-out: N w-visit: 4000
c [distill-long-red0] cls tried: 2/10099 T: 0.02 T-out: Y T-r: -1536.20%
c [distill] watch-based irred-- cl tried     3836 cl-sh     0 cl-rem    0 lit-rem      0 T: 0.00 T-out: N
c [distill] watch-based   red-- cl tried     8600 cl-sh   462 cl-rem    0 lit-rem   3282 T: 0.07 T-out: Y
c rst   foc    B  vmt 25176 1841K    1994  1918  4569    3.38    2.41   51K     0     0     2   40.65   40.64
c [full-probe] bin_only: 0 set: 0 repl: 0 T: 0.00 T-out: N T-r: 98.16%
c [distill-bin] useful/checked/potential: 0/4569/4569 lits-rem: 0 cl-rem: 0 0-depth-assigns: 0 T: 0.02 T-out: N
c [distill-long-red0] cls tried: 2/15834 T: 0.07 T-out: Y T-r: -2140.56%
c rst   foc    B  vmt 25203 1876K    1994  1918  4569    3.38    2.41   45K     0     0     3   39.98   39.98
c [distill-long-red0] cls tried: 3/8917 T: 0.02 T-out: Y T-r: -1987.40%
c [full-probe] bin_only: 1 set: 0 repl: 0 T: 0.00 T-out: N T-r: 99.82%
c [distill-bin] useful/checked/potential: 0/4569/4569 lits-rem: 0 cl-rem: 0 0-depth-assigns: 0 T: 0.02 T-out: N
c [distill] watch-based irred-- cl tried     3836 cl-sh     0 cl-rem    0 lit-rem      0 T: 0.00 T-out: N
c [distill] watch-based   red-- cl tried     9897 cl-sh   698 cl-rem    0 lit-rem   5011 T: 0.06 T-out: Y
c [impl-str] lit bin: 0 set-var: 0 T: 0.00 T-out: N T-r: 99.97% w-visit: 4000
c [impl-sub] bin: 0 T: 0.00 T-out: N w-visit: 4000
c [sls] 6595 cls, minimum 21 T: 0.00
c rst   foc    W  vmt 25204 1876K    1994  1918  4569    3.38    2.41   42K     0     0     3   41.01   41.00
c rst   foc    W  vmt 25351 1910K    1994  1918  4569    3.38    2.41   51K     0     0     3   39.06   39.06
c [distill-long-red0] cls tried: 2/9845 T: 0.02 T-out: Y T-r: -1893.13%
c [full-probe] bin_only: 0 set: 0 repl: 0 T: 0.01 T-out: N T-r: 98.43%
c [distill-bin] useful/checked/potential: 0/4569/4569 lits-rem: 0 cl-rem: 0 0-depth-assigns: 0 T: 0.03 T-out: N
c [distill] watch-based irred-- cl tried     3836 cl-sh     0 cl-rem    0 lit-rem      0 T: 0.00 T-out: N
c [distill] watch-based   red-- cl tried     8774 cl-sh   696 cl-rem    0 lit-rem   5069 T: 0.08 T-out: Y
c  res  pol bran  nres  conf freevar  IrrL  IrrB l/longC  l/allC RedL0 RedL1 RedL2  RedB l/longC  l/allC
c rst   foc    W  vmt 25432 1949K    1994  1918  4569    3.38    2.41   59K     0     0     3   37.99   37.99
c [distill-long-red0] cls tried: 3/14969 T: 0.06 T-out: Y T-r: -37.60%
c [full-probe] bin_only: 1 set: 0 repl: 0 T: 0.00 T-out: N T-r: 99.86%
c [distill-bin] useful/checked/potential: 0/4569/4569 lits-rem: 0 cl-rem: 0 0-depth-assigns: 0 T: 0.02 T-out: N
c [distill] watch-based irred-- cl tried     3836 cl-sh     0 cl-rem    0 lit-rem      0 T: 0.00 T-out: N
c [distill] watch-based   red-- cl tried     9163 cl-sh  1367 cl-rem    0 lit-rem   9882 T: 0.08 T-out: Y
c [impl-str] lit bin: 0 set-var: 0 T: 0.00 T-out: N T-r: 99.97% w-visit: 4000
c [impl-sub] bin: 0 T: 0.00 T-out: N w-visit: 4000
c rst   foc    #  vmt 25433 1949K    1994  1918  4569    3.38    2.41   42K     0     0     3   42.77   42.77
c [distill-long-red0] cls tried: 2/14985 T: 0.03 T-out: Y T-r: -347.18%
c [full-probe] bin_only: 0 set: 0 repl: 0 T: 0.00 T-out: N T-r: 98.61%
c [distill-bin] useful/checked/potential: 0/4569/4569 lits-rem: 0 cl-rem: 0 0-depth-assigns: 0 T: 0.02 T-out: N
c [distill] watch-based irred-- cl tried     3836 cl-sh     0 cl-rem    0 lit-rem      0 T: 0.00 T-out: N
c [distill] watch-based   red-- cl tried     8594 cl-sh   869 cl-rem    0 lit-rem   5811 T: 0.07 T-out: Y
c [distill-long-red0] cls tried: 2/10714 T: 0.03 T-out: Y T-r: -3324.84%
c rst   foc    #  vmt 30199 1980K    1994  1918  4569    3.38    2.41   48K     0     0     3   45.98   45.98
c [full-probe] bin_only: 1 set: 0 repl: 0 T: 0.00 T-out: N T-r: 99.74%
c [distill-bin] useful/checked/potential: 0/4569/4569 lits-rem: 0 cl-rem: 0 0-depth-assigns: 0 T: 0.02 T-out: N
c [distill-long-red0] cls tried: 2/10740 T: 0.02 T-out: Y T-r: -2816.07%
