2026-09-29T06:43:50.6709328Z Current runner version: '2.337.0'
2026-09-29T06:43:50.6726663Z ##[group]Runner Image Provisioner
2026-09-29T06:43:50.6727189Z Hosted Compute Agent
2026-09-29T06:43:50.6727531Z Version: 20260828.587
2026-09-29T06:43:50.6727940Z Commit: abac92662cab4cc7352de4f9f9d2e2419aad9c29
2026-09-29T06:43:50.6728381Z Build Date: 2026-08-28T16:44:25Z
2026-09-29T06:43:50.6728854Z Worker ID: {5fc8d7ea-5ea1-4466-8065-02933f8a7bb4}
2026-09-29T06:43:50.6729272Z Azure Region: centralus
2026-09-29T06:43:50.6729611Z ##[endgroup]
2026-09-29T06:43:50.6730394Z ##[group]Operating System
2026-09-29T06:43:50.6730745Z Ubuntu
2026-09-29T06:43:50.6731070Z 24.04.5
2026-09-29T06:43:50.6731415Z LTS
2026-09-29T06:43:50.6731716Z ##[endgroup]
2026-09-29T06:43:50.6732057Z ##[group]Runner Image
2026-09-29T06:43:50.6732426Z Image: ubuntu-24.04
2026-09-29T06:43:50.6732966Z Version: 20260920.314.1
2026-09-29T06:43:50.6733707Z Included Software: https://github.com/actions/runner-images/blob/ubuntu24/20260920.314/images/ubuntu/Ubuntu2404-Readme.md
2026-09-29T06:43:50.6734559Z Image Release: https://github.com/actions/runner-images/releases/tag/ubuntu24%2F20260920.314
2026-09-29T06:43:50.6735109Z ##[endgroup]
2026-09-29T06:43:50.6735812Z ##[group]GITHUB_TOKEN Permissions
2026-09-29T06:43:50.6737111Z Contents: read
2026-09-29T06:43:50.6737440Z Metadata: read
2026-09-29T06:43:50.6737816Z ##[endgroup]
2026-09-29T06:43:50.6739129Z Secret source: Actions
2026-09-29T06:43:50.6739971Z Cache mode: write
2026-09-29T06:43:50.6740411Z Prepare workflow directory
2026-09-29T06:43:50.6937891Z Prepare all required actions
2026-09-29T06:43:50.6976616Z Getting action download info
2026-09-29T06:43:50.9579196Z Download action repository 'actions/checkout@v4' (SHA:11d5960a326750d5838078e36cf38b85af677262)
2026-09-29T06:43:51.0490492Z Download action repository 'actions/setup-python@v5' (SHA:a26af69be951a213d495a4c3e4e4022e16d87065)
2026-09-29T06:43:51.1385931Z Download action repository 'dtolnay/rust-toolchain@1.94.1' (SHA:9376cdc5a5e25b16da71af47712785cf06b0d6d4)
2026-09-29T06:43:51.3031791Z Download action repository 'actions/upload-artifact@v4' (SHA:ea165f8d65b6e75b540449e92b4886f43607fa02)
2026-09-29T06:43:51.5238442Z Complete job name: campaign
2026-09-29T06:43:51.5701065Z ##[group]Run actions/checkout@v4
2026-09-29T06:43:51.5701508Z with:
2026-09-29T06:43:51.5701961Z   ref: 765c3c5f19032bd852163805f257c56babef2040
2026-09-29T06:43:51.5702330Z   repository: aburan28/crypto
2026-09-29T06:43:51.5704648Z   token: ***
2026-09-29T06:43:51.5704890Z   ssh-strict: true
2026-09-29T06:43:51.5705138Z   ssh-user: git
2026-09-29T06:43:51.5705392Z   persist-credentials: true
2026-09-29T06:43:51.5705672Z   clean: true
2026-09-29T06:43:51.5705929Z   sparse-checkout-cone-mode: true
2026-09-29T06:43:51.5706222Z   fetch-depth: 1
2026-09-29T06:43:51.5706471Z   fetch-tags: false
2026-09-29T06:43:51.5706724Z   show-progress: true
2026-09-29T06:43:51.5706987Z   lfs: false
2026-09-29T06:43:51.5707241Z   submodules: false
2026-09-29T06:43:51.5707497Z   set-safe-directory: true
2026-09-29T06:43:51.5707814Z   allow-unsafe-pr-checkout: false
2026-09-29T06:43:51.5708194Z ##[endgroup]
2026-09-29T06:43:51.6343098Z Syncing repository: aburan28/crypto
2026-09-29T06:43:51.6344547Z ##[group]Getting Git version info
2026-09-29T06:43:51.6344949Z Working directory is '/home/runner/work/crypto/crypto'
2026-09-29T06:43:51.6345566Z [command]/usr/bin/git version
2026-09-29T06:43:51.6404515Z git version 2.55.0
2026-09-29T06:43:51.6416653Z ##[endgroup]
2026-09-29T06:43:51.6425685Z Temporarily overriding HOME='/home/runner/work/_temp/85014d08-f495-47da-b543-2ab85af5d213' before making global git config changes
2026-09-29T06:43:51.6426547Z Adding repository directory to the temporary git global config as a safe directory
2026-09-29T06:43:51.6429368Z [command]/usr/bin/git config --global --add safe.directory /home/runner/work/crypto/crypto
2026-09-29T06:43:51.6472284Z Deleting the contents of '/home/runner/work/crypto/crypto'
2026-09-29T06:43:51.6475203Z ##[group]Initializing the repository
2026-09-29T06:43:51.6477894Z [command]/usr/bin/git init /home/runner/work/crypto/crypto
2026-09-29T06:43:51.6575563Z hint: Using 'master' as the name for the initial branch. This default branch name
2026-09-29T06:43:51.6576207Z hint: will change to "main" in Git 3.0. To configure the initial branch name
2026-09-29T06:43:51.6576736Z hint: to use in all of your new repositories, which will suppress this warning,
2026-09-29T06:43:51.6577152Z hint: call:
2026-09-29T06:43:51.6577386Z hint:
2026-09-29T06:43:51.6577738Z hint: 	git config --global init.defaultBranch <name>
2026-09-29T06:43:51.6578314Z hint:
2026-09-29T06:43:51.6578691Z hint: Names commonly chosen instead of 'master' are 'main', 'trunk' and
2026-09-29T06:43:51.6579209Z hint: 'development'. The just-created branch can be renamed via this command:
2026-09-29T06:43:51.6579745Z hint:
2026-09-29T06:43:51.6580131Z hint: 	git branch -m <name>
2026-09-29T06:43:51.6580560Z hint:
2026-09-29T06:43:51.6581166Z hint: Disable this message with "git config set advice.defaultBranchName false"
2026-09-29T06:43:51.6582110Z Initialized empty Git repository in /home/runner/work/crypto/crypto/.git/
2026-09-29T06:43:51.6586820Z [command]/usr/bin/git remote add origin https://github.com/aburan28/crypto
2026-09-29T06:43:51.6627684Z ##[endgroup]
2026-09-29T06:43:51.6628151Z ##[group]Disabling automatic garbage collection
2026-09-29T06:43:51.6629769Z [command]/usr/bin/git config --local gc.auto 0
2026-09-29T06:43:51.6652851Z ##[endgroup]
2026-09-29T06:43:51.6653271Z ##[group]Setting up auth
2026-09-29T06:43:51.6656718Z [command]/usr/bin/git config --local --name-only --get-regexp core\.sshCommand
2026-09-29T06:43:51.6679702Z [command]/usr/bin/git submodule foreach --recursive sh -c "git config --local --name-only --get-regexp 'core\.sshCommand' && git config --local --unset-all 'core.sshCommand' || :"
2026-09-29T06:43:51.6973652Z [command]/usr/bin/git config --local --name-only --get-regexp http\.https\:\/\/github\.com\/\.extraheader
2026-09-29T06:43:51.6999255Z [command]/usr/bin/git submodule foreach --recursive sh -c "git config --local --name-only --get-regexp 'http\.https\:\/\/github\.com\/\.extraheader' && git config --local --unset-all 'http.https://github.com/.extraheader' || :"
2026-09-29T06:43:51.7185079Z [command]/usr/bin/git config --local --name-only --get-regexp ^includeIf\.gitdir:
2026-09-29T06:43:51.7213382Z [command]/usr/bin/git submodule foreach --recursive git config --local --show-origin --name-only --get-regexp remote.origin.url
2026-09-29T06:43:51.7395378Z [command]/usr/bin/git config --local http.https://github.com/.extraheader AUTHORIZATION: basic ***
2026-09-29T06:43:51.7424090Z ##[endgroup]
2026-09-29T06:43:51.7424657Z ##[group]Fetching the repository
2026-09-29T06:43:51.7429470Z [command]/usr/bin/git -c protocol.version=2 fetch --no-tags --prune --no-recurse-submodules --depth=1 origin 765c3c5f19032bd852163805f257c56babef2040
2026-09-29T06:44:33.8315717Z From https://github.com/aburan28/crypto
2026-09-29T06:44:33.8316145Z  * branch              765c3c5f19032bd852163805f257c56babef2040 -> FETCH_HEAD
2026-09-29T06:44:33.8318413Z ##[endgroup]
2026-09-29T06:44:33.8318838Z ##[group]Determining the checkout info
2026-09-29T06:44:33.8320361Z ##[endgroup]
2026-09-29T06:44:33.8324613Z [command]/usr/bin/git sparse-checkout disable
2026-09-29T06:44:33.9187542Z [command]/usr/bin/git config --local --unset-all extensions.worktreeConfig
2026-09-29T06:44:33.9212097Z ##[group]Checking out the ref
2026-09-29T06:44:33.9272247Z [command]/usr/bin/git checkout --progress --force 765c3c5f19032bd852163805f257c56babef2040
2026-09-29T06:44:35.0356061Z Updating files:  15% (3685/23579)
2026-09-29T06:44:35.3179205Z Updating files:  16% (3773/23579)
2026-09-29T06:44:35.3601681Z Updating files:  17% (4009/23579)
2026-09-29T06:44:35.4519885Z Updating files:  18% (4245/23579)
2026-09-29T06:44:35.5128221Z Updating files:  19% (4481/23579)
2026-09-29T06:44:35.5597618Z Updating files:  20% (4716/23579)
2026-09-29T06:44:35.5703193Z Updating files:  21% (4952/23579)
2026-09-29T06:44:35.5872889Z Updating files:  22% (5188/23579)
2026-09-29T06:44:35.5925892Z Updating files:  23% (5424/23579)
2026-09-29T06:44:35.5995694Z Updating files:  24% (5659/23579)
2026-09-29T06:44:35.6062618Z Updating files:  25% (5895/23579)
2026-09-29T06:44:35.6120965Z Updating files:  26% (6131/23579)
2026-09-29T06:44:35.6181521Z Updating files:  27% (6367/23579)
2026-09-29T06:44:35.6333814Z Updating files:  28% (6603/23579)
2026-09-29T06:44:35.6479519Z Updating files:  29% (6838/23579)
2026-09-29T06:44:35.6589696Z Updating files:  30% (7074/23579)
2026-09-29T06:44:35.6691795Z Updating files:  31% (7310/23579)
2026-09-29T06:44:35.6788478Z Updating files:  32% (7546/23579)
2026-09-29T06:44:35.6870904Z Updating files:  33% (7782/23579)
2026-09-29T06:44:35.6958292Z Updating files:  34% (8017/23579)
2026-09-29T06:44:35.7043813Z Updating files:  35% (8253/23579)
2026-09-29T06:44:35.7901939Z Updating files:  36% (8489/23579)
2026-09-29T06:44:35.8009842Z Updating files:  37% (8725/23579)
2026-09-29T06:44:35.9895478Z Updating files:  38% (8961/23579)
2026-09-29T06:44:36.9390540Z Updating files:  38% (8984/23579)
2026-09-29T06:44:36.9402630Z Updating files:  38% (9177/23579)
2026-09-29T06:44:37.0010917Z Updating files:  39% (9196/23579)
2026-09-29T06:44:37.0191750Z Updating files:  40% (9432/23579)
2026-09-29T06:44:37.0388667Z Updating files:  41% (9668/23579)
2026-09-29T06:44:37.0498853Z Updating files:  42% (9904/23579)
2026-09-29T06:44:37.0570228Z Updating files:  43% (10139/23579)
2026-09-29T06:44:37.0677105Z Updating files:  44% (10375/23579)
2026-09-29T06:44:37.0762702Z Updating files:  45% (10611/23579)
2026-09-29T06:44:37.0841926Z Updating files:  46% (10847/23579)
2026-09-29T06:44:37.0929485Z Updating files:  47% (11083/23579)
2026-09-29T06:44:37.1318661Z Updating files:  48% (11318/23579)
2026-09-29T06:44:37.1424594Z Updating files:  49% (11554/23579)
2026-09-29T06:44:37.1539876Z Updating files:  50% (11790/23579)
2026-09-29T06:44:37.1767541Z Updating files:  51% (12026/23579)
2026-09-29T06:44:37.1960249Z Updating files:  52% (12262/23579)
2026-09-29T06:44:37.2219948Z Updating files:  53% (12497/23579)
2026-09-29T06:44:37.2295187Z Updating files:  54% (12733/23579)
2026-09-29T06:44:37.2386140Z Updating files:  55% (12969/23579)
2026-09-29T06:44:37.2451003Z Updating files:  56% (13205/23579)
2026-09-29T06:44:37.2551099Z Updating files:  57% (13441/23579)
2026-09-29T06:44:37.2734094Z Updating files:  58% (13676/23579)
2026-09-29T06:44:37.5487107Z Updating files:  59% (13912/23579)
2026-09-29T06:44:37.5705376Z Updating files:  60% (14148/23579)
2026-09-29T06:44:37.5816156Z Updating files:  61% (14384/23579)
2026-09-29T06:44:37.5876128Z Updating files:  62% (14619/23579)
2026-09-29T06:44:37.5945914Z Updating files:  63% (14855/23579)
2026-09-29T06:44:37.6005061Z Updating files:  64% (15091/23579)
2026-09-29T06:44:37.6102084Z Updating files:  65% (15327/23579)
2026-09-29T06:44:37.6176025Z Updating files:  66% (15563/23579)
2026-09-29T06:44:37.6250559Z Updating files:  67% (15798/23579)
2026-09-29T06:44:37.6323814Z Updating files:  68% (16034/23579)
2026-09-29T06:44:37.6391226Z Updating files:  69% (16270/23579)
2026-09-29T06:44:37.6457807Z Updating files:  70% (16506/23579)
2026-09-29T06:44:37.6529447Z Updating files:  71% (16742/23579)
2026-09-29T06:44:37.6605433Z Updating files:  72% (16977/23579)
2026-09-29T06:44:37.6669839Z Updating files:  73% (17213/23579)
2026-09-29T06:44:37.6824790Z Updating files:  74% (17449/23579)
2026-09-29T06:44:37.7239504Z Updating files:  75% (17685/23579)
2026-09-29T06:44:37.7338651Z Updating files:  76% (17921/23579)
2026-09-29T06:44:37.7972412Z Updating files:  77% (18156/23579)
2026-09-29T06:44:37.9375707Z Updating files:  78% (18392/23579)
2026-09-29T06:44:37.9515227Z Updating files:  78% (18588/23579)
2026-09-29T06:44:38.1127594Z Updating files:  79% (18628/23579)
2026-09-29T06:44:38.1230880Z Updating files:  80% (18864/23579)
2026-09-29T06:44:38.1396995Z Updating files:  81% (19099/23579)
2026-09-29T06:44:38.4268723Z Updating files:  82% (19335/23579)
2026-09-29T06:44:38.4381445Z Updating files:  83% (19571/23579)
2026-09-29T06:44:38.4842965Z Updating files:  84% (19807/23579)
2026-09-29T06:44:38.4843120Z Updating files:  85% (20043/23579)
2026-09-29T06:44:38.4858203Z Updating files:  86% (20278/23579)
2026-09-29T06:44:38.4948392Z Updating files:  87% (20514/23579)
2026-09-29T06:44:38.6096835Z Updating files:  88% (20750/23579)
2026-09-29T06:44:38.6330929Z Updating files:  89% (20986/23579)
2026-09-29T06:44:38.6405237Z Updating files:  90% (21222/23579)
2026-09-29T06:44:38.6476777Z Updating files:  91% (21457/23579)
2026-09-29T06:44:38.6566066Z Updating files:  92% (21693/23579)
2026-09-29T06:44:38.6617093Z Updating files:  93% (21929/23579)
2026-09-29T06:44:38.6687979Z Updating files:  94% (22165/23579)
2026-09-29T06:44:38.7445249Z Updating files:  95% (22401/23579)
2026-09-29T06:44:38.7919287Z Updating files:  96% (22636/23579)
2026-09-29T06:44:38.8056083Z Updating files:  97% (22872/23579)
2026-09-29T06:44:38.8329287Z Updating files:  98% (23108/23579)
2026-09-29T06:44:38.8487734Z Updating files:  99% (23344/23579)
2026-09-29T06:44:38.8488011Z Updating files: 100% (23579/23579)
2026-09-29T06:44:38.8488226Z Updating files: 100% (23579/23579), done.
2026-09-29T06:44:38.9244328Z Note: switching to '765c3c5f19032bd852163805f257c56babef2040'.
2026-09-29T06:44:38.9244590Z 
2026-09-29T06:44:38.9244764Z You are in 'detached HEAD' state. You can look around, make experimental
2026-09-29T06:44:38.9245139Z changes and commit them, and you can discard any commits you make in this
2026-09-29T06:44:38.9245519Z state without impacting any branches by switching back to a branch.
2026-09-29T06:44:38.9245740Z 
2026-09-29T06:44:38.9245898Z If you want to create a new branch to retain commits you create, you may
2026-09-29T06:44:38.9246269Z do so (now or later) by using -c with the switch command. Example:
2026-09-29T06:44:38.9246469Z 
2026-09-29T06:44:38.9246563Z   git switch -c <new-branch-name>
2026-09-29T06:44:38.9246704Z 
2026-09-29T06:44:38.9246790Z Or undo this operation with:
2026-09-29T06:44:38.9246922Z 
2026-09-29T06:44:38.9246998Z   git switch -
2026-09-29T06:44:38.9247110Z 
2026-09-29T06:44:38.9247283Z Turn off this advice by setting config variable advice.detachedHead to false
2026-09-29T06:44:38.9247530Z 
2026-09-29T06:44:38.9247909Z HEAD is now at 765c3c5f Rebind premeasurement generic worker after F5 merge
2026-09-29T06:44:38.9410065Z ##[endgroup]
2026-09-29T06:44:38.9452457Z [command]/usr/bin/git log -1 --format=%H
2026-09-29T06:44:38.9483031Z 765c3c5f19032bd852163805f257c56babef2040
2026-09-29T06:44:38.9764394Z ##[group]Run actions/setup-python@v5
2026-09-29T06:44:38.9764552Z with:
2026-09-29T06:44:38.9764674Z   python-version: 3.12
2026-09-29T06:44:38.9764807Z   check-latest: false
2026-09-29T06:44:38.9766009Z   token: ***
2026-09-29T06:44:38.9766132Z   update-environment: true
2026-09-29T06:44:38.9766272Z   allow-prereleases: false
2026-09-29T06:44:38.9766407Z   freethreaded: false
2026-09-29T06:44:38.9766534Z ##[endgroup]
2026-09-29T06:44:39.0599064Z ##[group]Installed versions
2026-09-29T06:44:39.0824503Z (node:2042) [DEP0040] DeprecationWarning: The `punycode` module is deprecated. Please use a userland alternative instead.
2026-09-29T06:44:39.0825061Z (Use `node --trace-deprecation ...` to show where the warning was created)
2026-09-29T06:44:39.0825420Z Successfully set up CPython (3.12.14)
2026-09-29T06:44:39.0825799Z ##[endgroup]
2026-09-29T06:44:39.2861721Z ##[group]Run dtolnay/rust-toolchain@1.94.1
2026-09-29T06:44:39.2861902Z with:
2026-09-29T06:44:39.2862033Z   targets: x86_64-unknown-linux-musl
2026-09-29T06:44:39.2862181Z env:
2026-09-29T06:44:39.2862334Z   pythonLocation: /opt/hostedtoolcache/Python/3.12.14/x64
2026-09-29T06:44:39.2862896Z   PKG_CONFIG_PATH: /opt/hostedtoolcache/Python/3.12.14/x64/lib/pkgconfig
2026-09-29T06:44:39.2863140Z   Python_ROOT_DIR: /opt/hostedtoolcache/Python/3.12.14/x64
2026-09-29T06:44:39.2863356Z   Python2_ROOT_DIR: /opt/hostedtoolcache/Python/3.12.14/x64
2026-09-29T06:44:39.2863575Z   Python3_ROOT_DIR: /opt/hostedtoolcache/Python/3.12.14/x64
2026-09-29T06:44:39.2863794Z   LD_LIBRARY_PATH: /opt/hostedtoolcache/Python/3.12.14/x64/lib
2026-09-29T06:44:39.2864127Z ##[endgroup]
2026-09-29T06:44:39.2904848Z ##[start-action display=Parse toolchain version;id=__dtolnay_rust-toolchain.parse]
2026-09-29T06:44:39.3267778Z ##[group]Run if [[ -z $toolchain ]]; then
2026-09-29T06:44:39.3268080Z [36;1mif [[ -z $toolchain ]]; then[0m
2026-09-29T06:44:39.3268398Z [36;1m  # GitHub does not enforce `required: true` inputs itself. https://github.com/actions/runner/issues/1070[0m
2026-09-29T06:44:39.3268696Z [36;1m  echo "'toolchain' is a required input" >&2[0m
2026-09-29T06:44:39.3268859Z [36;1m  exit 1[0m
2026-09-29T06:44:39.3269046Z [36;1melif [[ $toolchain =~ ^stable' '[0-9]+' '(year|month|week|day)s?' 'ago$ ]]; then[0m
2026-09-29T06:44:39.3269270Z [36;1m  if [[ Linux == macOS ]]; then[0m
2026-09-29T06:44:39.3269563Z [36;1m    echo "toolchain=1.$((($(date -v-$(sed 's/stable \([0-9]*\) \(.\).*/\1\2/' <<< $toolchain) +%s)/60/60/24-16569)/7/6))" >> $GITHUB_OUTPUT[0m
2026-09-29T06:44:39.3269838Z [36;1m  else[0m
2026-09-29T06:44:39.3270066Z [36;1m    echo "toolchain=1.$((($(date --date "${toolchain#stable }" +%s)/60/60/24-16569)/7/6))" >> $GITHUB_OUTPUT[0m
2026-09-29T06:44:39.3270311Z [36;1m  fi[0m
2026-09-29T06:44:39.3270477Z [36;1melif [[ $toolchain =~ ^stable' 'minus' '[0-9]+' 'releases?$ ]]; then[0m
2026-09-29T06:44:39.3270761Z [36;1m  echo "toolchain=1.$((($(date +%s)/60/60/24-16569)/7/6-${toolchain//[^0-9]/}))" >> $GITHUB_OUTPUT[0m
2026-09-29T06:44:39.3271008Z [36;1melif [[ $toolchain =~ ^1\.[0-9]+$ ]]; then[0m
2026-09-29T06:44:39.3271286Z [36;1m  echo "toolchain=1.$((i=${toolchain#1.}, c=($(date +%s)/60/60/24-16569)/7/6, i+9*i*(10*i<=c)+90*i*(100*i<=c)))" >> $GITHUB_OUTPUT[0m
2026-09-29T06:44:39.3271550Z [36;1melse[0m
2026-09-29T06:44:39.3271685Z [36;1m  echo "toolchain=$toolchain" >> $GITHUB_OUTPUT[0m
2026-09-29T06:44:39.3271846Z [36;1mfi[0m
2026-09-29T06:44:39.3691325Z shell: /usr/bin/bash --noprofile --norc -e -o pipefail {0}
2026-09-29T06:44:39.3691540Z env:
2026-09-29T06:44:39.3691698Z   pythonLocation: /opt/hostedtoolcache/Python/3.12.14/x64
2026-09-29T06:44:39.3692029Z   PKG_CONFIG_PATH: /opt/hostedtoolcache/Python/3.12.14/x64/lib/pkgconfig
2026-09-29T06:44:39.3692298Z   Python_ROOT_DIR: /opt/hostedtoolcache/Python/3.12.14/x64
2026-09-29T06:44:39.3692704Z   Python2_ROOT_DIR: /opt/hostedtoolcache/Python/3.12.14/x64
2026-09-29T06:44:39.3692918Z   Python3_ROOT_DIR: /opt/hostedtoolcache/Python/3.12.14/x64
2026-09-29T06:44:39.3693127Z   LD_LIBRARY_PATH: /opt/hostedtoolcache/Python/3.12.14/x64/lib
2026-09-29T06:44:39.3693305Z   toolchain: 1.94.1
2026-09-29T06:44:39.3693421Z ##[endgroup]
2026-09-29T06:44:39.3850408Z ##[end-action id=__dtolnay_rust-toolchain.parse;outcome=success;conclusion=success;duration_ms=94]
2026-09-29T06:44:39.3855211Z ##[start-action display=Construct rustup command line;id=__dtolnay_rust-toolchain.flags]
2026-09-29T06:44:39.3911800Z ##[group]Run echo "targets=$(for t in ${targets//,/ }; do echo -n ' --target' $t; done)" >> $GITHUB_OUTPUT
2026-09-29T06:44:39.3912327Z [36;1mecho "targets=$(for t in ${targets//,/ }; do echo -n ' --target' $t; done)" >> $GITHUB_OUTPUT[0m
2026-09-29T06:44:39.3913001Z [36;1mecho "components=$(for c in ${components//,/ }; do echo -n ' --component' $c; done)" >> $GITHUB_OUTPUT[0m
2026-09-29T06:44:39.3913560Z [36;1mecho "downgrade=" >> $GITHUB_OUTPUT[0m
2026-09-29T06:44:39.3963659Z shell: /usr/bin/bash --noprofile --norc -e -o pipefail {0}
2026-09-29T06:44:39.3963843Z env:
2026-09-29T06:44:39.3964000Z   pythonLocation: /opt/hostedtoolcache/Python/3.12.14/x64
2026-09-29T06:44:39.3964233Z   PKG_CONFIG_PATH: /opt/hostedtoolcache/Python/3.12.14/x64/lib/pkgconfig
2026-09-29T06:44:39.3964462Z   Python_ROOT_DIR: /opt/hostedtoolcache/Python/3.12.14/x64
2026-09-29T06:44:39.3964673Z   Python2_ROOT_DIR: /opt/hostedtoolcache/Python/3.12.14/x64
2026-09-29T06:44:39.3964878Z   Python3_ROOT_DIR: /opt/hostedtoolcache/Python/3.12.14/x64
2026-09-29T06:44:39.3965088Z   LD_LIBRARY_PATH: /opt/hostedtoolcache/Python/3.12.14/x64/lib
2026-09-29T06:44:39.3965279Z   targets: x86_64-unknown-linux-musl
2026-09-29T06:44:39.3965539Z   components: 
2026-09-29T06:44:39.3965653Z ##[endgroup]
2026-09-29T06:44:39.4541325Z ##[end-action id=__dtolnay_rust-toolchain.flags;outcome=success;conclusion=success;duration_ms=68]
2026-09-29T06:44:39.4543144Z ##[start-action display=Set $CARGO_HOME;id=__dtolnay_rust-toolchain.__run]
2026-09-29T06:44:39.4922861Z ##[group]Run echo CARGO_HOME=${CARGO_HOME:-"$HOME/.cargo"} >> $GITHUB_ENV
2026-09-29T06:44:39.4923128Z [36;1mecho CARGO_HOME=${CARGO_HOME:-"$HOME/.cargo"} >> $GITHUB_ENV[0m
2026-09-29T06:44:39.4978946Z shell: /usr/bin/bash --noprofile --norc -e -o pipefail {0}
2026-09-29T06:44:39.4979134Z env:
2026-09-29T06:44:39.4979293Z   pythonLocation: /opt/hostedtoolcache/Python/3.12.14/x64
2026-09-29T06:44:39.4979531Z   PKG_CONFIG_PATH: /opt/hostedtoolcache/Python/3.12.14/x64/lib/pkgconfig
2026-09-29T06:44:39.4979766Z   Python_ROOT_DIR: /opt/hostedtoolcache/Python/3.12.14/x64
2026-09-29T06:44:39.4979983Z   Python2_ROOT_DIR: /opt/hostedtoolcache/Python/3.12.14/x64
2026-09-29T06:44:39.4980210Z   Python3_ROOT_DIR: /opt/hostedtoolcache/Python/3.12.14/x64
2026-09-29T06:44:39.4980426Z   LD_LIBRARY_PATH: /opt/hostedtoolcache/Python/3.12.14/x64/lib
2026-09-29T06:44:39.4980611Z ##[endgroup]
2026-09-29T06:44:39.6014285Z ##[end-action id=__dtolnay_rust-toolchain.__run;outcome=success;conclusion=success;duration_ms=147]
2026-09-29T06:44:39.6016719Z ##[start-action display=Install rustup if needed;id=__dtolnay_rust-toolchain.__run_2]
2026-09-29T06:44:39.7507345Z ##[group]Run if ! command -v rustup &>/dev/null; then
2026-09-29T06:44:39.7507590Z [36;1mif ! command -v rustup &>/dev/null; then[0m
2026-09-29T06:44:39.7508016Z [36;1m  curl --proto '=https' --tlsv1.2 --retry 10 --retry-connrefused --location --silent --show-error --fail https://sh.rustup.rs | sh -s -- --default-toolchain none -y[0m
2026-09-29T06:44:39.7508418Z [36;1m  echo "$CARGO_HOME/bin" >> $GITHUB_PATH[0m
2026-09-29T06:44:39.7508574Z [36;1mfi[0m
2026-09-29T06:44:39.7563897Z shell: /usr/bin/bash --noprofile --norc -e -o pipefail {0}
2026-09-29T06:44:39.7564098Z env:
2026-09-29T06:44:39.7564251Z   pythonLocation: /opt/hostedtoolcache/Python/3.12.14/x64
2026-09-29T06:44:39.7564487Z   PKG_CONFIG_PATH: /opt/hostedtoolcache/Python/3.12.14/x64/lib/pkgconfig
2026-09-29T06:44:39.7564729Z   Python_ROOT_DIR: /opt/hostedtoolcache/Python/3.12.14/x64
2026-09-29T06:44:39.7564942Z   Python2_ROOT_DIR: /opt/hostedtoolcache/Python/3.12.14/x64
2026-09-29T06:44:39.7565153Z   Python3_ROOT_DIR: /opt/hostedtoolcache/Python/3.12.14/x64
2026-09-29T06:44:39.7565362Z   LD_LIBRARY_PATH: /opt/hostedtoolcache/Python/3.12.14/x64/lib
2026-09-29T06:44:39.7565549Z   CARGO_HOME: /home/runner/.cargo
2026-09-29T06:44:39.7565691Z ##[endgroup]
2026-09-29T06:44:39.9433435Z ##[end-action id=__dtolnay_rust-toolchain.__run_2;outcome=success;conclusion=success;duration_ms=341]
2026-09-29T06:44:39.9435225Z ##[start-action display=Install rustup if needed on windows;id=__dtolnay_rust-toolchain.__run_3]
2026-09-29T06:44:39.9439748Z ##[end-action id=__dtolnay_rust-toolchain.__run_3;outcome=skipped;conclusion=skipped;duration_ms=0]
2026-09-29T06:44:39.9446969Z ##[start-action display=rustup toolchain install 1.94.1;id=__dtolnay_rust-toolchain.__run_4]
2026-09-29T06:44:40.0654138Z ##[group]Run rustup toolchain install 1.94.1 --target x86_64-unknown-linux-musl --profile minimal --no-self-update
2026-09-29T06:44:40.0654758Z [36;1mrustup toolchain install 1.94.1 --target x86_64-unknown-linux-musl --profile minimal --no-self-update[0m
2026-09-29T06:44:40.0713349Z shell: /usr/bin/bash --noprofile --norc -e -o pipefail {0}
2026-09-29T06:44:40.0713534Z env:
2026-09-29T06:44:40.0713684Z   pythonLocation: /opt/hostedtoolcache/Python/3.12.14/x64
2026-09-29T06:44:40.0713914Z   PKG_CONFIG_PATH: /opt/hostedtoolcache/Python/3.12.14/x64/lib/pkgconfig
2026-09-29T06:44:40.0714143Z   Python_ROOT_DIR: /opt/hostedtoolcache/Python/3.12.14/x64
2026-09-29T06:44:40.0714351Z   Python2_ROOT_DIR: /opt/hostedtoolcache/Python/3.12.14/x64
2026-09-29T06:44:40.0714559Z   Python3_ROOT_DIR: /opt/hostedtoolcache/Python/3.12.14/x64
2026-09-29T06:44:40.0714895Z   LD_LIBRARY_PATH: /opt/hostedtoolcache/Python/3.12.14/x64/lib
2026-09-29T06:44:40.0715082Z   CARGO_HOME: /home/runner/.cargo
2026-09-29T06:44:40.0715226Z   RUSTUP_PERMIT_COPY_RENAME: 1
2026-09-29T06:44:40.0715366Z ##[endgroup]
2026-09-29T06:44:40.2304194Z info: syncing channel updates for 1.94.1-x86_64-unknown-linux-gnu
2026-09-29T06:44:40.7054214Z info: latest update on 2026-03-26 for version 1.94.1 (e408947bf 2026-03-25)
2026-09-29T06:44:40.7054502Z info: downloading 4 components
2026-09-29T06:44:49.4551613Z 
2026-09-29T06:44:49.4617921Z   1.94.1-x86_64-unknown-linux-gnu installed - rustc 1.94.1 (e408947bf 2026-03-25)
2026-09-29T06:44:49.4618381Z 
2026-09-29T06:44:49.4679707Z ##[end-action id=__dtolnay_rust-toolchain.__run_4;outcome=success;conclusion=success;duration_ms=9523]
2026-09-29T06:44:49.4685032Z ##[start-action display=rustup default 1.94.1;id=__dtolnay_rust-toolchain.__run_5]
2026-09-29T06:44:49.5518062Z ##[group]Run rustup default 1.94.1
2026-09-29T06:44:49.5518269Z [36;1mrustup default 1.94.1[0m
2026-09-29T06:44:49.5569816Z shell: /usr/bin/bash --noprofile --norc -e -o pipefail {0}
2026-09-29T06:44:49.5569998Z env:
2026-09-29T06:44:49.5570146Z   pythonLocation: /opt/hostedtoolcache/Python/3.12.14/x64
2026-09-29T06:44:49.5570388Z   PKG_CONFIG_PATH: /opt/hostedtoolcache/Python/3.12.14/x64/lib/pkgconfig
2026-09-29T06:44:49.5570614Z   Python_ROOT_DIR: /opt/hostedtoolcache/Python/3.12.14/x64
2026-09-29T06:44:49.5570817Z   Python2_ROOT_DIR: /opt/hostedtoolcache/Python/3.12.14/x64
2026-09-29T06:44:49.5571023Z   Python3_ROOT_DIR: /opt/hostedtoolcache/Python/3.12.14/x64
2026-09-29T06:44:49.5571230Z   LD_LIBRARY_PATH: /opt/hostedtoolcache/Python/3.12.14/x64/lib
2026-09-29T06:44:49.5571415Z   CARGO_HOME: /home/runner/.cargo
2026-09-29T06:44:49.5571553Z ##[endgroup]
2026-09-29T06:44:49.6365140Z info: using existing install for 1.94.1-x86_64-unknown-linux-gnu
2026-09-29T06:44:49.7452053Z info: default toolchain set to 1.94.1-x86_64-unknown-linux-gnu
2026-09-29T06:44:49.7452310Z 
2026-09-29T06:44:49.7513986Z   1.94.1-x86_64-unknown-linux-gnu unchanged - rustc 1.94.1 (e408947bf 2026-03-25)
2026-09-29T06:44:49.7514280Z 
2026-09-29T06:44:49.7528899Z ##[end-action id=__dtolnay_rust-toolchain.__run_5;outcome=success;conclusion=success;duration_ms=284]
2026-09-29T06:44:49.7530897Z ##[start-action display=Create cachekey;id=__dtolnay_rust-toolchain.rustc-version]
2026-09-29T06:44:49.8524443Z ##[group]Run DATE=$(rustc +1.94.1 --version --verbose | sed -ne 's/^commit-date: \(20[0-9][0-9]\)-\([01][0-9]\)-\([0-3][0-9]\)$/\1\2\3/p')
2026-09-29T06:44:49.8525126Z [36;1mDATE=$(rustc +1.94.1 --version --verbose | sed -ne 's/^commit-date: \(20[0-9][0-9]\)-\([01][0-9]\)-\([0-3][0-9]\)$/\1\2\3/p')[0m
2026-09-29T06:44:49.8525626Z [36;1mHASH=$(rustc +1.94.1 --version --verbose | sed -ne 's/^commit-hash: //p')[0m
2026-09-29T06:44:49.8526041Z [36;1mecho "cachekey=$(echo $DATE$HASH | head -c12)" >> $GITHUB_OUTPUT[0m
2026-09-29T06:44:49.8580961Z shell: /usr/bin/bash --noprofile --norc -e -o pipefail {0}
2026-09-29T06:44:49.8581159Z env:
2026-09-29T06:44:49.8581309Z   pythonLocation: /opt/hostedtoolcache/Python/3.12.14/x64
2026-09-29T06:44:49.8581539Z   PKG_CONFIG_PATH: /opt/hostedtoolcache/Python/3.12.14/x64/lib/pkgconfig
2026-09-29T06:44:49.8581917Z   Python_ROOT_DIR: /opt/hostedtoolcache/Python/3.12.14/x64
2026-09-29T06:44:49.8582128Z   Python2_ROOT_DIR: /opt/hostedtoolcache/Python/3.12.14/x64
2026-09-29T06:44:49.8582335Z   Python3_ROOT_DIR: /opt/hostedtoolcache/Python/3.12.14/x64
2026-09-29T06:44:49.8582627Z   LD_LIBRARY_PATH: /opt/hostedtoolcache/Python/3.12.14/x64/lib
2026-09-29T06:44:49.8582814Z   CARGO_HOME: /home/runner/.cargo
2026-09-29T06:44:49.8582966Z ##[endgroup]
2026-09-29T06:44:49.9851369Z ##[end-action id=__dtolnay_rust-toolchain.rustc-version;outcome=success;conclusion=success;duration_ms=231]
2026-09-29T06:44:49.9854413Z ##[start-action display=Disable incremental compilation;id=__dtolnay_rust-toolchain.__run_6]
2026-09-29T06:44:50.0861452Z ##[group]Run if [ -z "${CARGO_INCREMENTAL+set}" ]; then
2026-09-29T06:44:50.0862099Z [36;1mif [ -z "${CARGO_INCREMENTAL+set}" ]; then[0m
2026-09-29T06:44:50.0862381Z [36;1m  echo CARGO_INCREMENTAL=0 >> $GITHUB_ENV[0m
2026-09-29T06:44:50.0862805Z [36;1mfi[0m
2026-09-29T06:44:50.0917832Z shell: /usr/bin/bash --noprofile --norc -e -o pipefail {0}
2026-09-29T06:44:50.0918120Z env:
2026-09-29T06:44:50.0918354Z   pythonLocation: /opt/hostedtoolcache/Python/3.12.14/x64
2026-09-29T06:44:50.0918718Z   PKG_CONFIG_PATH: /opt/hostedtoolcache/Python/3.12.14/x64/lib/pkgconfig
2026-09-29T06:44:50.0919081Z   Python_ROOT_DIR: /opt/hostedtoolcache/Python/3.12.14/x64
2026-09-29T06:44:50.0919409Z   Python2_ROOT_DIR: /opt/hostedtoolcache/Python/3.12.14/x64
2026-09-29T06:44:50.0919741Z   Python3_ROOT_DIR: /opt/hostedtoolcache/Python/3.12.14/x64
2026-09-29T06:44:50.0920046Z   LD_LIBRARY_PATH: /opt/hostedtoolcache/Python/3.12.14/x64/lib
2026-09-29T06:44:50.0920230Z   CARGO_HOME: /home/runner/.cargo
2026-09-29T06:44:50.0920369Z ##[endgroup]
2026-09-29T06:44:50.2047183Z ##[end-action id=__dtolnay_rust-toolchain.__run_6;outcome=success;conclusion=success;duration_ms=219]
2026-09-29T06:44:50.2049770Z ##[start-action display=Enable colors in Cargo output;id=__dtolnay_rust-toolchain.__run_7]
2026-09-29T06:44:50.2460462Z ##[group]Run if [ -z "${CARGO_TERM_COLOR+set}" ]; then
2026-09-29T06:44:50.2460849Z [36;1mif [ -z "${CARGO_TERM_COLOR+set}" ]; then[0m
2026-09-29T06:44:50.2461158Z [36;1m  echo CARGO_TERM_COLOR=always >> $GITHUB_ENV[0m
2026-09-29T06:44:50.2461420Z [36;1mfi[0m
2026-09-29T06:44:50.2516067Z shell: /usr/bin/bash --noprofile --norc -e -o pipefail {0}
2026-09-29T06:44:50.2516265Z env:
2026-09-29T06:44:50.2516424Z   pythonLocation: /opt/hostedtoolcache/Python/3.12.14/x64
2026-09-29T06:44:50.2516657Z   PKG_CONFIG_PATH: /opt/hostedtoolcache/Python/3.12.14/x64/lib/pkgconfig
2026-09-29T06:44:50.2516886Z   Python_ROOT_DIR: /opt/hostedtoolcache/Python/3.12.14/x64
2026-09-29T06:44:50.2517091Z   Python2_ROOT_DIR: /opt/hostedtoolcache/Python/3.12.14/x64
2026-09-29T06:44:50.2517313Z   Python3_ROOT_DIR: /opt/hostedtoolcache/Python/3.12.14/x64
2026-09-29T06:44:50.2517521Z   LD_LIBRARY_PATH: /opt/hostedtoolcache/Python/3.12.14/x64/lib
2026-09-29T06:44:50.2517705Z   CARGO_HOME: /home/runner/.cargo
2026-09-29T06:44:50.2517850Z   CARGO_INCREMENTAL: 0
2026-09-29T06:44:50.2517972Z ##[endgroup]
2026-09-29T06:44:50.2976160Z ##[end-action id=__dtolnay_rust-toolchain.__run_7;outcome=success;conclusion=success;duration_ms=92]
2026-09-29T06:44:50.2977743Z ##[start-action display=Enable Cargo sparse registry;id=__dtolnay_rust-toolchain.__run_8]
2026-09-29T06:44:50.3059642Z ##[group]Run # implemented in 1.66, stabilized in 1.68, made default in 1.70
2026-09-29T06:44:50.3059946Z [36;1m# implemented in 1.66, stabilized in 1.68, made default in 1.70[0m
2026-09-29T06:44:50.3060320Z [36;1mif [ -z "${CARGO_REGISTRIES_CRATES_IO_PROTOCOL+set}" -o -f "/home/runner/work/_temp"/.implicit_cargo_registries_crates_io_protocol ]; then[0m
2026-09-29T06:44:50.3060698Z [36;1m  if rustc +1.94.1 --version --verbose | grep -q '^release: 1\.6[89]\.'; then[0m
2026-09-29T06:44:50.3061015Z [36;1m    touch "/home/runner/work/_temp"/.implicit_cargo_registries_crates_io_protocol || true[0m
2026-09-29T06:44:50.3061440Z [36;1m    echo CARGO_REGISTRIES_CRATES_IO_PROTOCOL=sparse >> $GITHUB_ENV[0m
2026-09-29T06:44:50.3061704Z [36;1m  elif rustc +1.94.1 --version --verbose | grep -q '^release: 1\.6[67]\.'; then[0m
2026-09-29T06:44:50.3061999Z [36;1m    touch "/home/runner/work/_temp"/.implicit_cargo_registries_crates_io_protocol || true[0m
2026-09-29T06:44:50.3062270Z [36;1m    echo CARGO_REGISTRIES_CRATES_IO_PROTOCOL=git >> $GITHUB_ENV[0m
2026-09-29T06:44:50.3062458Z [36;1m  fi[0m
2026-09-29T06:44:50.3062676Z [36;1mfi[0m
2026-09-29T06:44:50.3109811Z shell: /usr/bin/bash --noprofile --norc -e -o pipefail {0}
2026-09-29T06:44:50.3109993Z env:
2026-09-29T06:44:50.3110139Z   pythonLocation: /opt/hostedtoolcache/Python/3.12.14/x64
2026-09-29T06:44:50.3110367Z   PKG_CONFIG_PATH: /opt/hostedtoolcache/Python/3.12.14/x64/lib/pkgconfig
2026-09-29T06:44:50.3110710Z   Python_ROOT_DIR: /opt/hostedtoolcache/Python/3.12.14/x64
2026-09-29T06:44:50.3110914Z   Python2_ROOT_DIR: /opt/hostedtoolcache/Python/3.12.14/x64
2026-09-29T06:44:50.3111122Z   Python3_ROOT_DIR: /opt/hostedtoolcache/Python/3.12.14/x64
2026-09-29T06:44:50.3111325Z   LD_LIBRARY_PATH: /opt/hostedtoolcache/Python/3.12.14/x64/lib
2026-09-29T06:44:50.3111508Z   CARGO_HOME: /home/runner/.cargo
2026-09-29T06:44:50.3111648Z   CARGO_INCREMENTAL: 0
2026-09-29T06:44:50.3111770Z   CARGO_TERM_COLOR: always
2026-09-29T06:44:50.3111895Z ##[endgroup]
2026-09-29T06:44:50.3418103Z ##[end-action id=__dtolnay_rust-toolchain.__run_8;outcome=success;conclusion=success;duration_ms=43]
2026-09-29T06:44:50.3420007Z ##[start-action display=Work around spurious network errors in curl 8.0;id=__dtolnay_rust-toolchain.__run_9]
2026-09-29T06:44:50.3467657Z ##[group]Run # https://rust-lang.zulipchat.com/#narrow/stream/246057-t-cargo/topic/timeout.20investigation
2026-09-29T06:44:50.3468104Z [36;1m# https://rust-lang.zulipchat.com/#narrow/stream/246057-t-cargo/topic/timeout.20investigation[0m
2026-09-29T06:44:50.3468431Z [36;1mif rustc +1.94.1 --version --verbose | grep -q '^release: 1\.7[01]\.'; then[0m
2026-09-29T06:44:50.3468687Z [36;1m  echo CARGO_HTTP_MULTIPLEXING=false >> $GITHUB_ENV[0m
2026-09-29T06:44:50.3468859Z [36;1mfi[0m
2026-09-29T06:44:50.3520104Z shell: /usr/bin/bash --noprofile --norc -e -o pipefail {0}
2026-09-29T06:44:50.3520288Z env:
2026-09-29T06:44:50.3520435Z   pythonLocation: /opt/hostedtoolcache/Python/3.12.14/x64
2026-09-29T06:44:50.3520669Z   PKG_CONFIG_PATH: /opt/hostedtoolcache/Python/3.12.14/x64/lib/pkgconfig
2026-09-29T06:44:50.3520898Z   Python_ROOT_DIR: /opt/hostedtoolcache/Python/3.12.14/x64
2026-09-29T06:44:50.3521103Z   Python2_ROOT_DIR: /opt/hostedtoolcache/Python/3.12.14/x64
2026-09-29T06:44:50.3521308Z   Python3_ROOT_DIR: /opt/hostedtoolcache/Python/3.12.14/x64
2026-09-29T06:44:50.3521517Z   LD_LIBRARY_PATH: /opt/hostedtoolcache/Python/3.12.14/x64/lib
2026-09-29T06:44:50.3521703Z   CARGO_HOME: /home/runner/.cargo
2026-09-29T06:44:50.3521845Z   CARGO_INCREMENTAL: 0
2026-09-29T06:44:50.3521974Z   CARGO_TERM_COLOR: always
2026-09-29T06:44:50.3522102Z ##[endgroup]
2026-09-29T06:44:50.3719922Z ##[end-action id=__dtolnay_rust-toolchain.__run_9;outcome=success;conclusion=success;duration_ms=29]
2026-09-29T06:44:50.3723071Z ##[start-action display=rustc +1.94.1 --version --verbose;id=__dtolnay_rust-toolchain.__run_10]
2026-09-29T06:44:50.4513422Z ##[group]Run rustc +1.94.1 --version --verbose
2026-09-29T06:44:50.4513638Z [36;1mrustc +1.94.1 --version --verbose[0m
2026-09-29T06:44:50.4565136Z shell: /usr/bin/bash --noprofile --norc -e -o pipefail {0}
2026-09-29T06:44:50.4565321Z env:
2026-09-29T06:44:50.4565474Z   pythonLocation: /opt/hostedtoolcache/Python/3.12.14/x64
2026-09-29T06:44:50.4565706Z   PKG_CONFIG_PATH: /opt/hostedtoolcache/Python/3.12.14/x64/lib/pkgconfig
2026-09-29T06:44:50.4565933Z   Python_ROOT_DIR: /opt/hostedtoolcache/Python/3.12.14/x64
2026-09-29T06:44:50.4566176Z   Python2_ROOT_DIR: /opt/hostedtoolcache/Python/3.12.14/x64
2026-09-29T06:44:50.4566382Z   Python3_ROOT_DIR: /opt/hostedtoolcache/Python/3.12.14/x64
2026-09-29T06:44:50.4566757Z   LD_LIBRARY_PATH: /opt/hostedtoolcache/Python/3.12.14/x64/lib
2026-09-29T06:44:50.4566944Z   CARGO_HOME: /home/runner/.cargo
2026-09-29T06:44:50.4567085Z   CARGO_INCREMENTAL: 0
2026-09-29T06:44:50.4567209Z   CARGO_TERM_COLOR: always
2026-09-29T06:44:50.4567333Z ##[endgroup]
2026-09-29T06:44:50.5761700Z rustc 1.94.1 (e408947bf 2026-03-25)
2026-09-29T06:44:50.5762034Z binary: rustc
2026-09-29T06:44:50.5762323Z commit-hash: e408947bfd200af42db322daf0fadfe7e26d3bd1
2026-09-29T06:44:50.5762769Z commit-date: 2026-03-25
2026-09-29T06:44:50.5762925Z host: x86_64-unknown-linux-gnu
2026-09-29T06:44:50.5763063Z release: 1.94.1
2026-09-29T06:44:50.5763183Z LLVM version: 21.1.8
2026-09-29T06:44:50.5775405Z ##[end-action id=__dtolnay_rust-toolchain.__run_10;outcome=success;conclusion=success;duration_ms=205]
2026-09-29T06:44:50.9064677Z ##[group]Run sudo apt-get update
2026-09-29T06:44:50.9064878Z [36;1msudo apt-get update[0m
2026-09-29T06:44:50.9065053Z [36;1msudo apt-get install -y valgrind musl-tools zstd[0m
2026-09-29T06:44:50.9065261Z [36;1mtest "$(valgrind --version)" = valgrind-3.22.0[0m
2026-09-29T06:44:50.9065454Z [36;1m[[ "$(rustc --version)" == 'rustc 1.94.1 '* ]][0m
2026-09-29T06:44:50.9116547Z shell: /usr/bin/bash -e {0}
2026-09-29T06:44:50.9116693Z env:
2026-09-29T06:44:50.9116850Z   pythonLocation: /opt/hostedtoolcache/Python/3.12.14/x64
2026-09-29T06:44:50.9117091Z   PKG_CONFIG_PATH: /opt/hostedtoolcache/Python/3.12.14/x64/lib/pkgconfig
2026-09-29T06:44:50.9117320Z   Python_ROOT_DIR: /opt/hostedtoolcache/Python/3.12.14/x64
2026-09-29T06:44:50.9117526Z   Python2_ROOT_DIR: /opt/hostedtoolcache/Python/3.12.14/x64
2026-09-29T06:44:50.9117732Z   Python3_ROOT_DIR: /opt/hostedtoolcache/Python/3.12.14/x64
2026-09-29T06:44:50.9117941Z   LD_LIBRARY_PATH: /opt/hostedtoolcache/Python/3.12.14/x64/lib
2026-09-29T06:44:50.9118182Z   CARGO_HOME: /home/runner/.cargo
2026-09-29T06:44:50.9118322Z   CARGO_INCREMENTAL: 0
2026-09-29T06:44:50.9118446Z   CARGO_TERM_COLOR: always
2026-09-29T06:44:50.9118574Z ##[endgroup]
2026-09-29T06:44:51.0083539Z Get:1 file:/etc/apt/apt-mirrors.txt Mirrorlist [144 B]
2026-09-29T06:44:51.0821996Z Hit:2 http://azure.archive.ubuntu.com/ubuntu noble InRelease
2026-09-29T06:44:51.0846353Z Get:6 https://packages.microsoft.com/ubuntu/24.04/prod noble InRelease [3600 B]
2026-09-29T06:44:51.0847031Z Get:3 http://azure.archive.ubuntu.com/ubuntu noble-updates InRelease [126 kB]
2026-09-29T06:44:51.0999030Z Get:4 http://azure.archive.ubuntu.com/ubuntu noble-backports InRelease [126 kB]
2026-09-29T06:44:51.1398600Z Get:5 http://azure.archive.ubuntu.com/ubuntu noble-security InRelease [126 kB]
2026-09-29T06:44:51.1714973Z Get:7 https://packages.microsoft.com/ubuntu/24.04/prod noble/main amd64 Packages [501 kB]
2026-09-29T06:44:51.1877223Z Get:8 https://packages.microsoft.com/ubuntu/24.04/prod noble/main arm64 Packages [449 kB]
2026-09-29T06:44:51.2138090Z Get:9 http://azure.archive.ubuntu.com/ubuntu noble-updates/main amd64 Packages [1319 kB]
2026-09-29T06:44:51.2534978Z Get:10 http://azure.archive.ubuntu.com/ubuntu noble-updates/main Translation-en [299 kB]
2026-09-29T06:44:51.2965918Z Get:11 http://azure.archive.ubuntu.com/ubuntu noble-updates/main amd64 Components [181 kB]
2026-09-29T06:44:51.2981886Z Get:12 http://azure.archive.ubuntu.com/ubuntu noble-updates/universe amd64 Packages [1697 kB]
2026-09-29T06:44:51.3466020Z Get:13 http://azure.archive.ubuntu.com/ubuntu noble-updates/universe Translation-en [340 kB]
2026-09-29T06:44:51.3624617Z Get:14 http://azure.archive.ubuntu.com/ubuntu noble-updates/universe amd64 Components [388 kB]
2026-09-29T06:44:51.3684017Z Get:15 http://azure.archive.ubuntu.com/ubuntu noble-updates/restricted amd64 Packages [1654 kB]
2026-09-29T06:44:51.3764355Z Get:16 http://azure.archive.ubuntu.com/ubuntu noble-updates/restricted Translation-en [377 kB]
2026-09-29T06:44:51.3819017Z Get:17 http://azure.archive.ubuntu.com/ubuntu noble-updates/multiverse amd64 Components [940 B]
2026-09-29T06:44:51.4019599Z Get:18 http://azure.archive.ubuntu.com/ubuntu noble-backports/main amd64 Packages [40.6 kB]
2026-09-29T06:44:51.4457937Z Get:19 http://azure.archive.ubuntu.com/ubuntu noble-backports/main amd64 Components [5788 B]
2026-09-29T06:44:51.4464375Z Get:20 http://azure.archive.ubuntu.com/ubuntu noble-backports/universe amd64 Packages [31.0 kB]
2026-09-29T06:44:51.4474817Z Get:21 http://azure.archive.ubuntu.com/ubuntu noble-backports/universe Translation-en [18.6 kB]
2026-09-29T06:44:51.4560978Z Get:22 http://azure.archive.ubuntu.com/ubuntu noble-backports/universe amd64 Components [12.6 kB]
2026-09-29T06:44:51.4593074Z Get:23 http://azure.archive.ubuntu.com/ubuntu noble-security/main amd64 Packages [1063 kB]
2026-09-29T06:44:51.4863703Z Get:24 http://azure.archive.ubuntu.com/ubuntu noble-security/main Translation-en [220 kB]
2026-09-29T06:44:51.4877164Z Get:25 http://azure.archive.ubuntu.com/ubuntu noble-security/main amd64 Components [46.3 kB]
2026-09-29T06:44:51.5823322Z Get:26 http://azure.archive.ubuntu.com/ubuntu noble-security/universe amd64 Packages [1216 kB]
2026-09-29T06:44:51.7030887Z Get:27 http://azure.archive.ubuntu.com/ubuntu noble-security/universe Translation-en [244 kB]
2026-09-29T06:44:51.7562802Z Get:28 http://azure.archive.ubuntu.com/ubuntu noble-security/universe amd64 Components [76.3 kB]
2026-09-29T06:44:51.8084182Z Get:29 http://azure.archive.ubuntu.com/ubuntu noble-security/restricted amd64 Packages [1559 kB]
2026-09-29T06:44:51.8625393Z Get:30 http://azure.archive.ubuntu.com/ubuntu noble-security/restricted Translation-en [359 kB]
2026-09-29T06:44:57.3794411Z Fetched 12.5 MB in 1s (11.2 MB/s)
2026-09-29T06:44:57.9424753Z Reading package lists...
2026-09-29T06:44:57.9681149Z Reading package lists...
2026-09-29T06:44:58.1530541Z Building dependency tree...
2026-09-29T06:44:58.1536011Z Reading state information...
2026-09-29T06:44:58.2819099Z zstd is already the newest version (1.5.5+dfsg2-2build1.1).
2026-09-29T06:44:58.2819489Z zstd set to manually installed.
2026-09-29T06:44:58.2819765Z The following additional packages will be installed:
2026-09-29T06:44:58.2822189Z   gdb libbabeltrace1 libc6-dbg libdebuginfod-common libdebuginfod1t64 libipt2
2026-09-29T06:44:58.2825432Z   libsource-highlight-common libsource-highlight4t64 musl musl-dev
2026-09-29T06:44:58.2830123Z Suggested packages:
2026-09-29T06:44:58.2830419Z   gdb-doc gdbserver valgrind-dbg valgrind-mpi kcachegrind alleyoop valkyrie
2026-09-29T06:44:58.2989690Z The following NEW packages will be installed:
2026-09-29T06:44:58.2991910Z   gdb libbabeltrace1 libc6-dbg libdebuginfod-common libdebuginfod1t64 libipt2
2026-09-29T06:44:58.2993635Z   libsource-highlight-common libsource-highlight4t64 musl musl-dev musl-tools
2026-09-29T06:44:58.2993971Z   valgrind
2026-09-29T06:44:58.3130592Z 0 upgraded, 12 newly installed, 0 to remove and 37 not upgraded.
2026-09-29T06:44:58.3130994Z Need to get 28.1 MB of archives.
2026-09-29T06:44:58.3131229Z After this operation, 107 MB of additional disk space will be used.
2026-09-29T06:44:58.3131463Z Get:1 file:/etc/apt/apt-mirrors.txt Mirrorlist [144 B]
2026-09-29T06:44:58.5030162Z Get:2 http://azure.archive.ubuntu.com/ubuntu noble-updates/main amd64 libdebuginfod-common all 0.190-1.1ubuntu0.1 [14.6 kB]
2026-09-29T06:44:58.5351580Z Get:3 http://azure.archive.ubuntu.com/ubuntu noble/main amd64 libbabeltrace1 amd64 1.5.11-3build3 [164 kB]
2026-09-29T06:44:58.5678689Z Get:4 http://azure.archive.ubuntu.com/ubuntu noble-updates/main amd64 libdebuginfod1t64 amd64 0.190-1.1ubuntu0.1 [17.1 kB]
2026-09-29T06:44:58.5995358Z Get:5 http://azure.archive.ubuntu.com/ubuntu noble/main amd64 libipt2 amd64 2.0.6-1build1 [45.7 kB]
2026-09-29T06:44:58.6345794Z Get:6 http://azure.archive.ubuntu.com/ubuntu noble/main amd64 libsource-highlight-common all 3.1.9-4.3build1 [64.2 kB]
2026-09-29T06:44:58.6693937Z Get:7 http://azure.archive.ubuntu.com/ubuntu noble/main amd64 libsource-highlight4t64 amd64 3.1.9-4.3build1 [258 kB]
2026-09-29T06:44:58.7048993Z Get:8 http://azure.archive.ubuntu.com/ubuntu noble-updates/main amd64 gdb amd64 15.1-1ubuntu1~24.04.1 [4083 kB]
2026-09-29T06:44:58.7799832Z Get:9 http://azure.archive.ubuntu.com/ubuntu noble-updates/main amd64 libc6-dbg amd64 2.39-0ubuntu8.9 [7474 kB]
2026-09-29T06:44:58.8883965Z Get:10 http://azure.archive.ubuntu.com/ubuntu noble/main amd64 valgrind amd64 1:3.22.0-0ubuntu3 [14.9 MB]
2026-09-29T06:44:59.0833147Z Get:11 http://azure.archive.ubuntu.com/ubuntu noble/universe amd64 musl amd64 1.2.4-2 [416 kB]
2026-09-29T06:44:59.1162016Z Get:12 http://azure.archive.ubuntu.com/ubuntu noble/universe amd64 musl-dev amd64 1.2.4-2 [616 kB]
2026-09-29T06:44:59.1499151Z Get:13 http://azure.archive.ubuntu.com/ubuntu noble/universe amd64 musl-tools amd64 1.2.4-2 [5540 B]
2026-09-29T06:44:59.3087862Z Preconfiguring packages ...
2026-09-29T06:44:59.3544536Z Fetched 28.1 MB in 1s (33.2 MB/s)
2026-09-29T06:44:59.3714007Z Selecting previously unselected package libdebuginfod-common.
2026-09-29T06:44:59.3959995Z (Reading database ... 
2026-09-29T06:44:59.3960184Z (Reading database ... 5%
2026-09-29T06:44:59.3960320Z (Reading database ... 10%
2026-09-29T06:44:59.3960467Z (Reading database ... 15%
2026-09-29T06:44:59.3960594Z (Reading database ... 20%
2026-09-29T06:44:59.3960720Z (Reading database ... 25%
2026-09-29T06:44:59.3960850Z (Reading database ... 30%
2026-09-29T06:44:59.3961324Z (Reading database ... 35%
2026-09-29T06:44:59.3961491Z (Reading database ... 40%
2026-09-29T06:44:59.3961616Z (Reading database ... 45%
2026-09-29T06:44:59.3961740Z (Reading database ... 50%
2026-09-29T06:44:59.4007668Z (Reading database ... 55%
2026-09-29T06:44:59.4409349Z (Reading database ... 60%
2026-09-29T06:44:59.6260645Z (Reading database ... 65%
2026-09-29T06:44:59.7884472Z (Reading database ... 70%
2026-09-29T06:44:59.9875623Z (Reading database ... 75%
2026-09-29T06:45:00.1001953Z (Reading database ... 80%
2026-09-29T06:45:00.1918322Z (Reading database ... 85%
2026-09-29T06:45:00.3022445Z (Reading database ... 90%
2026-09-29T06:45:00.4013485Z (Reading database ... 95%
2026-09-29T06:45:00.4013783Z (Reading database ... 100%
2026-09-29T06:45:00.4014100Z (Reading database ... 202190 files and directories currently installed.)
2026-09-29T06:45:00.4050302Z Preparing to unpack .../00-libdebuginfod-common_0.190-1.1ubuntu0.1_all.deb ...
2026-09-29T06:45:00.4067213Z Unpacking libdebuginfod-common (0.190-1.1ubuntu0.1) ...
2026-09-29T06:45:00.4252651Z Selecting previously unselected package libbabeltrace1:amd64.
2026-09-29T06:45:00.4347013Z Preparing to unpack .../01-libbabeltrace1_1.5.11-3build3_amd64.deb ...
2026-09-29T06:45:00.4361129Z Unpacking libbabeltrace1:amd64 (1.5.11-3build3) ...
2026-09-29T06:45:00.4550292Z Selecting previously unselected package libdebuginfod1t64:amd64.
2026-09-29T06:45:00.4645466Z Preparing to unpack .../02-libdebuginfod1t64_0.190-1.1ubuntu0.1_amd64.deb ...
2026-09-29T06:45:00.4651629Z Unpacking libdebuginfod1t64:amd64 (0.190-1.1ubuntu0.1) ...
2026-09-29T06:45:00.4821202Z Selecting previously unselected package libipt2.
2026-09-29T06:45:00.4917935Z Preparing to unpack .../03-libipt2_2.0.6-1build1_amd64.deb ...
2026-09-29T06:45:00.4923578Z Unpacking libipt2 (2.0.6-1build1) ...
2026-09-29T06:45:00.5101047Z Selecting previously unselected package libsource-highlight-common.
2026-09-29T06:45:00.5196699Z Preparing to unpack .../04-libsource-highlight-common_3.1.9-4.3build1_all.deb ...
2026-09-29T06:45:00.5202191Z Unpacking libsource-highlight-common (3.1.9-4.3build1) ...
2026-09-29T06:45:00.5539859Z Selecting previously unselected package libsource-highlight4t64:amd64.
2026-09-29T06:45:00.5637372Z Preparing to unpack .../05-libsource-highlight4t64_3.1.9-4.3build1_amd64.deb ...
2026-09-29T06:45:00.5642689Z Unpacking libsource-highlight4t64:amd64 (3.1.9-4.3build1) ...
2026-09-29T06:45:00.5818250Z Selecting previously unselected package gdb.
2026-09-29T06:45:00.5913927Z Preparing to unpack .../06-gdb_15.1-1ubuntu1~24.04.1_amd64.deb ...
2026-09-29T06:45:00.5919214Z Unpacking gdb (15.1-1ubuntu1~24.04.1) ...
2026-09-29T06:45:00.6812144Z Selecting previously unselected package libc6-dbg:amd64.
2026-09-29T06:45:00.6908856Z Preparing to unpack .../07-libc6-dbg_2.39-0ubuntu8.9_amd64.deb ...
2026-09-29T06:45:00.6914088Z Unpacking libc6-dbg:amd64 (2.39-0ubuntu8.9) ...
2026-09-29T06:45:00.7715718Z Selecting previously unselected package valgrind.
2026-09-29T06:45:00.7814367Z Preparing to unpack .../08-valgrind_1%3a3.22.0-0ubuntu3_amd64.deb ...
2026-09-29T06:45:00.7819709Z Unpacking valgrind (1:3.22.0-0ubuntu3) ...
2026-09-29T06:45:01.2127412Z Selecting previously unselected package musl:amd64.
2026-09-29T06:45:01.2226492Z Preparing to unpack .../09-musl_1.2.4-2_amd64.deb ...
2026-09-29T06:45:01.2232864Z Unpacking musl:amd64 (1.2.4-2) ...
2026-09-29T06:45:01.2432235Z Selecting previously unselected package musl-dev:amd64.
2026-09-29T06:45:01.2528005Z Preparing to unpack .../10-musl-dev_1.2.4-2_amd64.deb ...
2026-09-29T06:45:01.2533585Z Unpacking musl-dev:amd64 (1.2.4-2) ...
2026-09-29T06:45:01.2951043Z Selecting previously unselected package musl-tools.
2026-09-29T06:45:01.3047715Z Preparing to unpack .../11-musl-tools_1.2.4-2_amd64.deb ...
2026-09-29T06:45:01.3053264Z Unpacking musl-tools (1.2.4-2) ...
2026-09-29T06:45:01.3373829Z Setting up libdebuginfod-common (0.190-1.1ubuntu0.1) ...
2026-09-29T06:45:01.4066411Z Setting up libsource-highlight-common (3.1.9-4.3build1) ...
2026-09-29T06:45:01.4080001Z Setting up libc6-dbg:amd64 (2.39-0ubuntu8.9) ...
2026-09-29T06:45:01.4094066Z Setting up libipt2 (2.0.6-1build1) ...
2026-09-29T06:45:01.4108099Z Setting up libbabeltrace1:amd64 (1.5.11-3build3) ...
2026-09-29T06:45:01.4121989Z Setting up musl:amd64 (1.2.4-2) ...
2026-09-29T06:45:01.4144886Z Setting up valgrind (1:3.22.0-0ubuntu3) ...
2026-09-29T06:45:01.4157930Z Setting up libdebuginfod1t64:amd64 (0.190-1.1ubuntu0.1) ...
2026-09-29T06:45:01.4171960Z Setting up libsource-highlight4t64:amd64 (3.1.9-4.3build1) ...
2026-09-29T06:45:01.4185980Z Setting up musl-dev:amd64 (1.2.4-2) ...
2026-09-29T06:45:01.4208742Z Setting up gdb (15.1-1ubuntu1~24.04.1) ...
2026-09-29T06:45:01.4227781Z Setting up musl-tools (1.2.4-2) ...
2026-09-29T06:45:01.4246593Z Processing triggers for man-db (2.12.0-4build2) ...
2026-09-29T06:45:01.4263583Z Not building database; man-db/auto-update is not 'true'.
2026-09-29T06:45:01.4274748Z Processing triggers for libc-bin (2.39-0ubuntu8.9) ...
2026-09-29T06:45:02.0640647Z 
2026-09-29T06:45:02.0641193Z Running kernel seems to be up-to-date.
2026-09-29T06:45:02.0641435Z 
2026-09-29T06:45:02.0641536Z No services need to be restarted.
2026-09-29T06:45:02.0641683Z 
2026-09-29T06:45:02.0641776Z No containers need to be restarted.
2026-09-29T06:45:02.0641927Z 
2026-09-29T06:45:02.0642042Z No user sessions are running outdated binaries.
2026-09-29T06:45:02.0642217Z 
2026-09-29T06:45:02.0642390Z No VM guests are running outdated hypervisor (qemu) binaries on this host.
2026-09-29T06:45:02.7537702Z ##[group]Run test "$(git rev-parse HEAD)" = 765c3c5f19032bd852163805f257c56babef2040
2026-09-29T06:45:02.7538058Z [36;1mtest "$(git rev-parse HEAD)" = 765c3c5f19032bd852163805f257c56babef2040[0m
2026-09-29T06:45:02.7538343Z [36;1mcp research/ic_candidate_tournament_20260915/ci/Cargo.lock Cargo.lock[0m
2026-09-29T06:45:02.7538571Z [36;1mcargo fetch --locked[0m
2026-09-29T06:45:02.7591547Z shell: /usr/bin/bash -e {0}
2026-09-29T06:45:02.7591690Z env:
2026-09-29T06:45:02.7591843Z   pythonLocation: /opt/hostedtoolcache/Python/3.12.14/x64
2026-09-29T06:45:02.7592086Z   PKG_CONFIG_PATH: /opt/hostedtoolcache/Python/3.12.14/x64/lib/pkgconfig
2026-09-29T06:45:02.7592319Z   Python_ROOT_DIR: /opt/hostedtoolcache/Python/3.12.14/x64
2026-09-29T06:45:02.7592681Z   Python2_ROOT_DIR: /opt/hostedtoolcache/Python/3.12.14/x64
2026-09-29T06:45:02.7592900Z   Python3_ROOT_DIR: /opt/hostedtoolcache/Python/3.12.14/x64
2026-09-29T06:45:02.7593149Z   LD_LIBRARY_PATH: /opt/hostedtoolcache/Python/3.12.14/x64/lib
2026-09-29T06:45:02.7593339Z   CARGO_HOME: /home/runner/.cargo
2026-09-29T06:45:02.7593480Z   CARGO_INCREMENTAL: 0
2026-09-29T06:45:02.7593610Z   CARGO_TERM_COLOR: always
2026-09-29T06:45:02.7593739Z ##[endgroup]
2026-09-29T06:45:02.7809651Z [1m[92m    Updating[0m crates.io index
2026-09-29T06:45:03.2365096Z [1m[92m Downloading[0m crates ...
2026-09-29T06:45:03.3484713Z [1m[92m  Downloaded[0m unicode-ident v1.0.26
2026-09-29T06:45:03.3510645Z [1m[92m  Downloaded[0m subtle v2.6.1
2026-09-29T06:45:03.3522618Z [1m[92m  Downloaded[0m zmij v1.0.23
2026-09-29T06:45:03.3679312Z [1m[92m  Downloaded[0m zeroize_derive v1.5.0
2026-09-29T06:45:03.3707426Z [1m[92m  Downloaded[0m quote v1.0.47
2026-09-29T06:45:03.3728903Z [1m[92m  Downloaded[0m zeroize v1.9.0
2026-09-29T06:45:03.3763058Z [1m[92m  Downloaded[0m anstream v1.0.0
2026-09-29T06:45:03.3843597Z [1m[92m  Downloaded[0m proc-macro2 v1.0.107
2026-09-29T06:45:03.3866681Z [1m[92m  Downloaded[0m clap_lex v1.1.1
2026-09-29T06:45:03.3881713Z [1m[92m  Downloaded[0m anstyle v1.0.14
2026-09-29T06:45:03.3896526Z [1m[92m  Downloaded[0m strsim v0.11.1
2026-09-29T06:45:03.3907199Z [1m[92m  Downloaded[0m windows-link v0.2.1
2026-09-29T06:45:03.3915293Z [1m[92m  Downloaded[0m zerofrom v0.1.8
2026-09-29T06:45:03.3923096Z [1m[92m  Downloaded[0m stable_deref_trait v1.2.1
2026-09-29T06:45:03.3931789Z [1m[92m  Downloaded[0m itoa v1.0.18
2026-09-29T06:45:03.3943272Z [1m[92m  Downloaded[0m heck v0.5.0
2026-09-29T06:45:03.3955265Z [1m[92m  Downloaded[0m zerofrom-derive v0.1.7
2026-09-29T06:45:03.3966091Z [1m[92m  Downloaded[0m either v1.18.0
2026-09-29T06:45:03.3979384Z [1m[92m  Downloaded[0m rustls-pki-types v1.15.0
2026-09-29T06:45:03.4000233Z [1m[92m  Downloaded[0m form_urlencoded v1.2.2
2026-09-29T06:45:03.4008594Z [1m[92m  Downloaded[0m synstructure v0.13.2
2026-09-29T06:45:03.4018530Z [1m[92m  Downloaded[0m utf8_iter v1.0.4
2026-09-29T06:45:03.4027469Z [1m[92m  Downloaded[0m percent-encoding v2.3.2
2026-09-29T06:45:03.4040047Z [1m[92m  Downloaded[0m potential_utf v0.1.6
2026-09-29T06:45:03.4052695Z [1m[92m  Downloaded[0m idna_adapter v1.2.2
2026-09-29T06:45:03.4060541Z [1m[92m  Downloaded[0m yoke-derive v0.8.2
2026-09-29T06:45:03.4071223Z [1m[92m  Downloaded[0m hex v0.4.3
2026-09-29T06:45:03.4085753Z [1m[92m  Downloaded[0m rand_chacha v0.3.1
2026-09-29T06:45:03.4095235Z [1m[92m  Downloaded[0m anstyle-query v1.1.5
2026-09-29T06:45:03.4106023Z [1m[92m  Downloaded[0m windows-targets v0.52.6
2026-09-29T06:45:03.4113819Z [1m[92m  Downloaded[0m colorchoice v1.0.5
2026-09-29T06:45:03.4124966Z [1m[92m  Downloaded[0m adler2 v2.0.1
2026-09-29T06:45:03.4136550Z [1m[92m  Downloaded[0m cpufeatures v0.3.1
2026-09-29T06:45:03.4151036Z [1m[92m  Downloaded[0m rustls-native-certs v0.8.4
2026-09-29T06:45:03.4161375Z [1m[92m  Downloaded[0m tinystr v0.8.4
2026-09-29T06:45:03.4178981Z [1m[92m  Downloaded[0m once_cell_polyfill v1.70.2
2026-09-29T06:45:03.4190956Z [1m[92m  Downloaded[0m anstyle-wincon v3.0.11
2026-09-29T06:45:03.4201525Z [1m[92m  Downloaded[0m openssl-probe v0.2.1
2026-09-29T06:45:03.4221340Z [1m[92m  Downloaded[0m crossbeam-deque v0.8.8
2026-09-29T06:45:03.4234401Z [1m[92m  Downloaded[0m security-framework-sys v2.17.0
2026-09-29T06:45:03.4253430Z [1m[92m  Downloaded[0m constant_time_eq v0.4.2
2026-09-29T06:45:03.4270661Z [1m[92m  Downloaded[0m shlex v2.0.1
2026-09-29T06:45:03.4284333Z [1m[92m  Downloaded[0m clap_derive v4.6.7
2026-09-29T06:45:03.4304725Z [1m[92m  Downloaded[0m arrayvec v0.7.8
2026-09-29T06:45:03.4327617Z [1m[92m  Downloaded[0m num-integer v0.1.47
2026-09-29T06:45:03.4341343Z [1m[92m  Downloaded[0m serde_core v1.0.229
2026-09-29T06:45:03.4371394Z [1m[92m  Downloaded[0m clap v4.6.7
2026-09-29T06:45:03.4457525Z [1m[92m  Downloaded[0m crc32fast v1.5.2
2026-09-29T06:45:03.4480433Z [1m[92m  Downloaded[0m bitflags v2.13.2
2026-09-29T06:45:03.4513175Z [1m[92m  Downloaded[0m base64 v0.21.7
2026-09-29T06:45:03.4548875Z [1m[92m  Downloaded[0m security-framework v3.7.0
2026-09-29T06:45:03.4585859Z [1m[92m  Downloaded[0m rayon-core v1.13.0
2026-09-29T06:45:03.4613090Z [1m[92m  Downloaded[0m url v2.5.8
2026-09-29T06:45:03.4644764Z [1m[92m  Downloaded[0m flate2 v1.1.10
2026-09-29T06:45:03.4686118Z [1m[92m  Downloaded[0m combine v4.6.8
2026-09-29T06:45:03.4719329Z [1m[92m  Downloaded[0m zerovec v0.11.8
2026-09-29T06:45:03.4770450Z [1m[92m  Downloaded[0m blake3 v1.8.7
2026-09-29T06:45:03.4839530Z [1m[92m  Downloaded[0m rayon v1.12.0
2026-09-29T06:45:03.4914577Z [1m[92m  Downloaded[0m icu_properties_data v2.3.0
2026-09-29T06:45:03.5000365Z [1m[92m  Downloaded[0m idna v1.1.0
2026-09-29T06:45:03.5030778Z [1m[92m  Downloaded[0m zlib-rs v0.6.8
2026-09-29T06:45:03.5074272Z [1m[92m  Downloaded[0m syn v2.0.119
2026-09-29T06:45:03.5165630Z [1m[92m  Downloaded[0m zerocopy-derive v0.8.57
2026-09-29T06:45:03.5237665Z [1m[92m  Downloaded[0m zerocopy v0.8.57
2026-09-29T06:45:03.5401108Z [1m[92m  Downloaded[0m syn v3.0.6
2026-09-29T06:45:03.5480615Z [1m[92m  Downloaded[0m num-bigint v0.4.8
2026-09-29T06:45:03.5521498Z [1m[92m  Downloaded[0m redis v0.32.7
2026-09-29T06:45:03.5599174Z [1m[92m  Downloaded[0m cc v1.4.7
2026-09-29T06:45:03.5625111Z [1m[92m  Downloaded[0m icu_properties v2.3.0
2026-09-29T06:45:03.5650327Z [1m[92m  Downloaded[0m rustls v0.23.42
2026-09-29T06:45:03.5745799Z [1m[92m  Downloaded[0m serde_json v1.0.151
2026-09-29T06:45:03.5800130Z [1m[92m  Downloaded[0m windows_x86_64_gnullvm v0.52.6
2026-09-29T06:45:03.5860539Z [1m[92m  Downloaded[0m windows_aarch64_gnullvm v0.52.6
2026-09-29T06:45:03.5920719Z [1m[92m  Downloaded[0m bytes v1.12.1
2026-09-29T06:45:03.5948569Z [1m[92m  Downloaded[0m windows_i686_gnullvm v0.52.6
2026-09-29T06:45:03.6014575Z [1m[92m  Downloaded[0m rand v0.8.8
2026-09-29T06:45:03.6041282Z [1m[92m  Downloaded[0m icu_normalizer v2.3.0
2026-09-29T06:45:03.6110618Z [1m[92m  Downloaded[0m memchr v2.8.3
2026-09-29T06:45:03.6155309Z [1m[92m  Downloaded[0m rustls-webpki v0.103.13
2026-09-29T06:45:03.6177880Z [1m[92m  Downloaded[0m icu_collections v2.3.0
2026-09-29T06:45:03.6225739Z [1m[92m  Downloaded[0m icu_locale_core v2.3.0
2026-09-29T06:45:03.6282319Z [1m[92m  Downloaded[0m zerotrie v0.2.5
2026-09-29T06:45:03.6312707Z [1m[92m  Downloaded[0m serde v1.0.229
2026-09-29T06:45:03.6339907Z [1m[92m  Downloaded[0m icu_normalizer_data v2.3.0
2026-09-29T06:45:03.6355693Z [1m[92m  Downloaded[0m clap_builder v4.6.7
2026-09-29T06:45:03.6405030Z [1m[92m  Downloaded[0m socket2 v0.6.5
2026-09-29T06:45:03.6423428Z [1m[92m  Downloaded[0m icu_provider v2.3.1
2026-09-29T06:45:03.6444866Z [1m[92m  Downloaded[0m num-traits v0.2.19
2026-09-29T06:45:03.6468818Z [1m[92m  Downloaded[0m wasi v0.11.1+wasi-snapshot-preview1
2026-09-29T06:45:03.6481041Z [1m[92m  Downloaded[0m ryu v1.0.23
2026-09-29T06:45:03.6510249Z [1m[92m  Downloaded[0m litemap v0.8.3
2026-09-29T06:45:03.6529742Z [1m[92m  Downloaded[0m windows_aarch64_msvc v0.52.6
2026-09-29T06:45:03.6621839Z [1m[92m  Downloaded[0m crossbeam-epoch v0.9.21
2026-09-29T06:45:03.6639999Z [1m[92m  Downloaded[0m windows_i686_gnu v0.52.6
2026-09-29T06:45:03.6779789Z [1m[92m  Downloaded[0m windows_x86_64_gnu v0.52.6
2026-09-29T06:45:03.6910452Z [1m[92m  Downloaded[0m windows_i686_msvc v0.52.6
2026-09-29T06:45:03.7000877Z [1m[92m  Downloaded[0m windows_x86_64_msvc v0.52.6
2026-09-29T06:45:03.7087357Z [1m[92m  Downloaded[0m libc v0.2.189
2026-09-29T06:45:03.7407182Z [1m[92m  Downloaded[0m crossbeam-utils v0.8.23
2026-09-29T06:45:03.7427772Z [1m[92m  Downloaded[0m once_cell v1.21.4
2026-09-29T06:45:03.7446386Z [1m[92m  Downloaded[0m schannel v0.1.29
2026-09-29T06:45:03.7460073Z [1m[92m  Downloaded[0m core-foundation-sys v0.8.7
2026-09-29T06:45:03.7482703Z [1m[92m  Downloaded[0m yoke v0.8.3
2026-09-29T06:45:03.7496012Z [1m[92m  Downloaded[0m smallvec v1.16.1
2026-09-29T06:45:03.7506289Z [1m[92m  Downloaded[0m autocfg v1.5.1
2026-09-29T06:45:03.7522452Z [1m[92m  Downloaded[0m rand_core v0.6.4
2026-09-29T06:45:03.7533593Z [1m[92m  Downloaded[0m getrandom v0.2.17
2026-09-29T06:45:03.7554744Z [1m[92m  Downloaded[0m utf8parse v0.2.2
2026-09-29T06:45:03.7562104Z [1m[92m  Downloaded[0m simd-adler32 v0.3.10
2026-09-29T06:45:03.7575903Z [1m[92m  Downloaded[0m find-msvc-tools v0.1.13
2026-09-29T06:45:03.7590090Z [1m[92m  Downloaded[0m anstyle-parse v1.0.0
2026-09-29T06:45:03.7602608Z [1m[92m  Downloaded[0m zerovec-derive v0.11.6
2026-09-29T06:45:03.7616159Z [1m[92m  Downloaded[0m serde_derive v1.0.229
2026-09-29T06:45:03.7638943Z [1m[92m  Downloaded[0m ppv-lite86 v0.2.21
2026-09-29T06:45:03.7648275Z [1m[92m  Downloaded[0m core-foundation v0.10.1
2026-09-29T06:45:03.7666481Z [1m[92m  Downloaded[0m writeable v0.6.4
2026-09-29T06:45:03.7681238Z [1m[92m  Downloaded[0m displaydoc v0.2.7
2026-09-29T06:45:03.7696627Z [1m[92m  Downloaded[0m miniz_oxide v0.9.1
2026-09-29T06:45:03.7716096Z [1m[92m  Downloaded[0m untrusted v0.9.0
2026-09-29T06:45:03.7728901Z [1m[92m  Downloaded[0m is_terminal_polyfill v1.70.2
2026-09-29T06:45:03.7735545Z [1m[92m  Downloaded[0m cfg-if v1.0.5
2026-09-29T06:45:03.7748068Z [1m[92m  Downloaded[0m ring v0.17.14
2026-09-29T06:45:03.8158682Z [1m[92m  Downloaded[0m windows-sys v0.61.2
2026-09-29T06:45:03.8617852Z [1m[92m  Downloaded[0m windows-sys v0.52.0
2026-09-29T06:45:03.9464514Z ##[group]Run test "$GITHUB_RUN_ATTEMPT" = 1
2026-09-29T06:45:03.9464724Z [36;1mtest "$GITHUB_RUN_ATTEMPT" = 1[0m
2026-09-29T06:45:03.9464973Z [36;1mpython research/ic_candidate_tournament_20260915/run_generic_backend_qualification.py \[0m
2026-09-29T06:45:03.9465275Z [36;1m  --out "$RUNNER_TEMP/ic-generic-backend-qualification"[0m
2026-09-29T06:45:03.9517540Z shell: /usr/bin/bash -e {0}
2026-09-29T06:45:03.9517682Z env:
2026-09-29T06:45:03.9517832Z   pythonLocation: /opt/hostedtoolcache/Python/3.12.14/x64
2026-09-29T06:45:03.9518069Z   PKG_CONFIG_PATH: /opt/hostedtoolcache/Python/3.12.14/x64/lib/pkgconfig
2026-09-29T06:45:03.9518297Z   Python_ROOT_DIR: /opt/hostedtoolcache/Python/3.12.14/x64
2026-09-29T06:45:03.9518502Z   Python2_ROOT_DIR: /opt/hostedtoolcache/Python/3.12.14/x64
2026-09-29T06:45:03.9518720Z   Python3_ROOT_DIR: /opt/hostedtoolcache/Python/3.12.14/x64
2026-09-29T06:45:03.9518924Z   LD_LIBRARY_PATH: /opt/hostedtoolcache/Python/3.12.14/x64/lib
2026-09-29T06:45:03.9519139Z   CARGO_HOME: /home/runner/.cargo
2026-09-29T06:45:03.9519281Z   CARGO_INCREMENTAL: 0
2026-09-29T06:45:03.9519405Z   CARGO_TERM_COLOR: always
2026-09-29T06:45:03.9519535Z   KIC_F5_AVX512_UNPACK: 0
2026-09-29T06:45:03.9519657Z ##[endgroup]
2026-09-29T12:44:02.9336792Z ##[error]The operation was canceled.
2026-09-29T12:44:02.9389272Z ##[group]Run actions/upload-artifact@v4
2026-09-29T12:44:02.9389443Z with:
2026-09-29T12:44:02.9389604Z   name: ic-generic-backend-qualification-36532455386-1
2026-09-29T12:44:02.9389870Z   path: /home/runner/work/_temp/ic-generic-backend-qualification
Cargo.lock

2026-09-29T12:44:02.9390099Z   retention-days: 30
2026-09-29T12:44:02.9390239Z   include-hidden-files: true
2026-09-29T12:44:02.9390388Z   if-no-files-found: warn
2026-09-29T12:44:02.9390545Z   compression-level: 6
2026-09-29T12:44:02.9390680Z   overwrite: false
2026-09-29T12:44:02.9390804Z env:
2026-09-29T12:44:02.9390959Z   pythonLocation: /opt/hostedtoolcache/Python/3.12.14/x64
2026-09-29T12:44:02.9391205Z   PKG_CONFIG_PATH: /opt/hostedtoolcache/Python/3.12.14/x64/lib/pkgconfig
2026-09-29T12:44:02.9391452Z   Python_ROOT_DIR: /opt/hostedtoolcache/Python/3.12.14/x64
2026-09-29T12:44:02.9391675Z   Python2_ROOT_DIR: /opt/hostedtoolcache/Python/3.12.14/x64
2026-09-29T12:44:02.9391928Z   Python3_ROOT_DIR: /opt/hostedtoolcache/Python/3.12.14/x64
2026-09-29T12:44:02.9392155Z   LD_LIBRARY_PATH: /opt/hostedtoolcache/Python/3.12.14/x64/lib
2026-09-29T12:44:02.9392356Z   CARGO_HOME: /home/runner/.cargo
2026-09-29T12:44:02.9392619Z   CARGO_INCREMENTAL: 0
2026-09-29T12:44:02.9392756Z   CARGO_TERM_COLOR: always
2026-09-29T12:44:02.9392895Z ##[endgroup]
2026-09-29T12:44:03.2087725Z (node:9711) [DEP0040] DeprecationWarning: The `punycode` module is deprecated. Please use a userland alternative instead.
2026-09-29T12:44:03.2165450Z (Use `node --trace-deprecation ...` to show where the warning was created)
2026-09-29T12:44:04.5485092Z ##[error]Maximum call stack size exceeded
2026-09-29T12:44:04.6488302Z Post job cleanup.
2026-09-29T12:44:04.7159569Z [command]/usr/bin/git version
2026-09-29T12:44:04.7198041Z git version 2.55.0
2026-09-29T12:44:04.7219296Z Temporarily overriding HOME='/home/runner/work/_temp/eb890954-46d6-41b6-8ffc-4ad7e5bd464d' before making global git config changes
2026-09-29T12:44:04.7219854Z Adding repository directory to the temporary git global config as a safe directory
2026-09-29T12:44:04.7223034Z [command]/usr/bin/git config --global --add safe.directory /home/runner/work/crypto/crypto
2026-09-29T12:44:04.7254531Z [command]/usr/bin/git config --local --name-only --get-regexp core\.sshCommand
2026-09-29T12:44:04.7282257Z [command]/usr/bin/git submodule foreach --recursive sh -c "git config --local --name-only --get-regexp 'core\.sshCommand' && git config --local --unset-all 'core.sshCommand' || :"
2026-09-29T12:44:04.7572343Z [command]/usr/bin/git config --local --name-only --get-regexp http\.https\:\/\/github\.com\/\.extraheader
2026-09-29T12:44:04.7594433Z http.https://github.com/.extraheader
2026-09-29T12:44:04.7601455Z [command]/usr/bin/git config --local --unset-all http.https://github.com/.extraheader
2026-09-29T12:44:04.7629101Z [command]/usr/bin/git submodule foreach --recursive sh -c "git config --local --name-only --get-regexp 'http\.https\:\/\/github\.com\/\.extraheader' && git config --local --unset-all 'http.https://github.com/.extraheader' || :"
2026-09-29T12:44:04.7839466Z [command]/usr/bin/git config --local --name-only --get-regexp ^includeIf\.gitdir:
2026-09-29T12:44:04.7866242Z [command]/usr/bin/git submodule foreach --recursive git config --local --show-origin --name-only --get-regexp remote.origin.url
2026-09-29T12:44:04.8203887Z Cleaning up orphan processes
2026-09-29T12:44:04.8353780Z Terminate orphan process: pid (2729) (python)
2026-09-29T12:44:04.8381565Z Terminate orphan process: pid (7235) (python)
2026-09-29T12:44:04.8432251Z ##[warning]Node.js 20 is deprecated. The following actions target Node.js 20 but are being forced to run on Node.js 24: actions/checkout@v4, actions/setup-python@v5, actions/upload-artifact@v4. For more information see: https://github.blog/changelog/2025-09-19-deprecation-of-node-20-on-github-actions-runners/
