c CMS SHA1: 7ae1b4a74259cdce223a584281fb8f090bbd3eed
c CryptoMiniSat version 5.14.7
c CMS compilation env CMAKE_CXX_COMPILER = /usr/bin/c++ | CMAKE_CXX_FLAGS =  -fno-stack-protector -msse4.2 -Wno-bitfield-constant-conversion -Wnull-dereference -Wdouble-promotion -Wshadow -Wformat=2 -Wextra-semi -pedantic | COMPILE_DEFINES =  -DNDEBUG -D_FORTIFY_SOURCE=0 | BUILD_SHARED_LIBS = OFF | ONLY_SIMPLE =  | STATS = OFF | SQLITE3_FOUND =  | ZLIB_FOUND = FALSE | VALGRIND_FOUND =  | ENABLE_TESTING = OFF | SLOW_DEBUG = OFF | ENABLE_ASSERTIONS = OFF | PYTHON_EXECUTABLE =  | PYTHON_LIBRARY =  | PYTHON_INCLUDE_DIRS =  | MY_TARGETS =  | LARGEMEM = OFF | LIMITMEM = OFF | BREAKID_LIBRARIES =  | BREAKID-VER = . |
c Using VMTF, picosat, CaDiCaL, and CadiBack code by Armin Biere
c CMS is MIT licensed
c Using code from 'When Boolean Satisfiability Meets Gauss-E. in a Simplex Way'
c       by C.-S. Han and J.-H. Roland Jiang in CAV 2012. Fixes by M. Soos
c Using CCAnr from 'CCAnr: A Conf. Checking Based Local Search Solver [...]'
c       by Shaowei Cai, Chuan Luo, and Kaile Su, SAT 2015
c Using Oracle code from 'Integrating Tree Decompositions [...]'
c       by Tuukka Korhonen and Matti Jarvisalo, CP 2021
c Executed with command line: /Volumes/SSD990/cryptominisat-koblitz-20260909/build/cryptominisat5 --verb 1 --threads 1 /Volumes/SSD990/crypto-koblitz-sota-gates-20260909/research/sat_factor_base_review_20260908/continuation-05-sota-gates/stage-4-selected-ggmp-20260909/n31-l5-m3-ggmp-a0-f0/instance.xor.cnf
c Reading file '/Volumes/SSD990/crypto-koblitz-sota-gates-20260909/research/sat_factor_base_review_20260908/continuation-05-sota-gates/stage-4-selected-ggmp-20260909/n31-l5-m3-ggmp-a0-f0/instance.xor.cnf'
c o -- header says num vars:           1311
c o -- header says num clauses:        4632
c -- added: 4570 clauses, 62 xor clauses, 1311 vars
c Parsing time: 0.00 s
c [sls] 4632 cls, minimum 2 (new global minimum) T: 0.00
c [sls] 4632 cls, minimum 2 T: 0.00
c --> Executing strategy token: sub-impl
c [impl-sub] bin: 0 T: 0.00 T-out: N w-visit: 2622
c Executing OCC strategy token(s): 'occ-backw-sub'
c [occ] Linked in IRRED BIN by default: 3305
c [occ] Linked in RED   BIN by default: 0
c Executing OCC strategy token: occ-backw-sub
c [occ-backw-sub-long-w-long] rem cl: 0 tried: 1265/1265 (100.0%) T: 0.00 T-out: N T-r: 99.99%
c --> Executing strategy token: scc-vrepl
c [scc] new: 0 BP 0M T: 0.00
c --> Executing strategy token: breakid
c Executing OCC strategy token(s): 'occ-bve,occ-xor'
c [occ] Linked in IRRED BIN by default: 3305
c [occ] Linked in RED   BIN by default: 0
c Executing OCC strategy token: occ-bve
c [occ-empty-res] Empty resolvent elimed: 0 T: 0.00 T-out: N
c [occ-bve] tried:    70 v-elim:     0 free-vars: 1311 T: 0.00 T-out: N T-r: 100.00%
c [occur] link-in T: 0.00 cleanup T: 0.00 overhead T: 0.00
c [occ-xor-bve] elimed: 0 T: 0.00 T-out: N
c Executing OCC strategy token: occ-xor
c [occ-xor] sort occur list T: 0.00
c [occ-xor] found      0 T: 0.00 T-out: N T-r: 100.00%
c [mem] consolidate mini T: 0.00
c [timeout] global_timeout_multiplier: 3.3000
c [branch] rebuilding order heap for all branchings. Current branching: vsids
c [lucky] no luck T: 0.00
c [gauss] clauses deleted that are represented by XORs: 0 xorclauses: 62 GJ matrices: 0 T: 0.00
c [matrix] performing matrix init
c [matrix] Good   matrix  0     31 x  191  density:0.5459  xorlen avg: 104.26
c [matrix] Good   matrix  1     31 x 1110  density:0.0482  xorlen avg: 53.55
c [matrix] Using 2 matrices recovered from 62 xors T: 0.00 T-out: N
c [branch] adjusting to: vmtf (from: vsids) var_decay:0.95
c  res  pol bran  nres  conf freevar  IrrL  IrrB l/longC  l/allC RedL0 RedL1 RedL2  RedB l/longC  l/allC
c rst   foc    -  vmt     1   244    1270  1265  3305    3.61    2.45   236     0     0     0  119.81  119.81
c [g  <1] Disabling GJ-elim in this round.  Usefulness was: 15.0550%  over 7632 calls
c rst   stb    -  vmt   138  1024    1270  1265  3305    3.61    2.45   841     0     0     0   42.22   42.22
c [branch] adjusting to: vsids (from: vmtf) var_decay:0.95
c rst   stb    O   vs   139  2025    1270  1265  3305    3.61    2.45  1330     0     0     0   37.21   37.21
c rst   foc    O   vs   140  4664    1270  1265  3305    3.61    2.45  2065     0     0     0   29.99   29.99
c [branch] adjusting to: vmtf (from: vsids) var_decay:0.95
c rst   foc    F  vmt   141  4668    1270  1265  3305    3.61    2.45  2069     0     0     0   29.98   29.98
c rst   stb    F  vmt   149  7048    1270  1265  3305    3.61    2.45  3050     0     0     0   25.45   25.45
c [branch] adjusting to: vsids (from: vmtf) var_decay:0.95
c [distill-long-red0] cls tried: 2/1547 T: 0.00 T-out: Y T-r: -299.93%
c rst   stb    F   vs   150  9096    1270  1265  3305    3.61    2.45  3306     0     0     0   25.84   25.84
c rst   stb    I   vs   151 10121    1270  1265  3305    3.61    2.45  4331     0     0     0   24.45   24.45
c [distill-bin] useful/checked/potential: 0/3305/3305 lits-rem: 0 cl-rem: 0 0-depth-assigns: 0 T: 0.01 T-out: N
c rst   foc    B   vs   154   21K    1270  1265  3200    3.61    2.46  5834     0     0     0   19.27   19.27
c [branch] adjusting to: vmtf (from: vsids) var_decay:0.95
c [full-probe] bin_only: 1 set: 0 repl: 0 T: 0.00 T-out: N T-r: 99.83%
c rst   foc    #  vmt   155   21K    1270  1265  3200    3.61    2.46  5838     0     0     0   19.28   19.28
c [distill-long-red0] cls tried: 2/1115 T: 0.00 T-out: Y T-r: -375.76%
c [distill] watch-based irred-- cl tried     2450 cl-sh     0 cl-rem    0 lit-rem      0 T: 0.00 T-out: N
c [distill] watch-based   red-- cl tried     2716 cl-sh  1067 cl-rem    0 lit-rem   3585 T: 0.00 T-out: N
c rst   foc    B  vmt   318   28K    1270  1225  3200    3.61    2.45  5918     0     0     0   20.75   20.75
c rst   stb    B  vmt   769   33K    1270  1225  3200    3.61    2.45  7189     0     0     0   22.69   22.69
c [branch] adjusting to: vsids (from: vmtf) var_decay:0.95
c [distill-bin] useful/checked/potential: 0/3200/3200 lits-rem: 0 cl-rem: 0 0-depth-assigns: 0 T: 0.01 T-out: N
c rst   stb    B   vs   770   34K    1270  1225  3200    3.61    2.45  8211     0     0     0   22.47   22.47
c [sls] 4487 cls, minimum 2 T: 0.00
c rst   stb    W   vs   773   38K    1270  1225  3200    3.61    2.45  8288     0     0     0   22.44   22.44
c [distill-long-red0] cls tried: 2/782 T: 0.00 T-out: Y T-r: -673.27%
c [full-probe] bin_only: 0 set: 0 repl: 0 T: 0.00 T-out: N T-r: 99.01%
c [impl-str] lit bin: 0 set-var: 0 T: 0.00 T-out: N T-r: 99.97% w-visit: 2622
c [impl-sub] bin: 0 T: 0.00 T-out: N w-visit: 2622
c rst   stb    O   vs   777   53K    1270  1225  3200    3.61    2.45  9556     0     0     0   21.85   21.85
c [distill-long-red0] cls tried: 2/5514 T: 0.00 T-out: Y T-r: -623.20%
c [distill-bin] useful/checked/potential: 0/3200/3200 lits-rem: 0 cl-rem: 0 0-depth-assigns: 0 T: 0.01 T-out: N
c [distill] watch-based irred-- cl tried     2450 cl-sh     0 cl-rem    0 lit-rem      0 T: 0.00 T-out: N
c [distill] watch-based   red-- cl tried    11038 cl-sh  3300 cl-rem    0 lit-rem   6867 T: 0.02 T-out: N
c rst   stb    B   vs   779   55K    1270  1225  3200    3.61    2.45 10588     0     0     0   21.60   21.60
c recursive minimization cost OK: 115K cost/(% lits removed)
c [g 0] 30x185 dens: 0.2488 find: 627K (prop 75.6% confl 4.9%) elim: 118K (prop 12.7% confl 0.5%)
c [g 1] 31x1075 dens: 0.0633 find: 5115 (prop 19.7% confl 1.9%) elim: 462 (prop 9.5% confl 0.2%)
c --> Executing strategy token: scc-vrepl
c [scc] new: 0 BP 0M T: 0.00
c --> Executing strategy token: sub-impl
c [impl-sub] bin: 0 T: 0.00 T-out: N w-visit: 2622
c --> Executing strategy token: breakid
c Executing OCC strategy token(s): 'occ-backw-sub-str,occ-clean-implicit,occ-bve,occ-bva,occ-ternary-res,occ-xor'
c [occ] Linked in IRRED BIN by default: 3200
c [occ] Linked in RED   BIN by default: 0
c Executing OCC strategy token: occ-backw-sub-str
c [occ-backw-sub-str-long-w-bins] subs: 0 str: 539 tried: 3200 0-depth-assigns: 0 T: 0.00 T-out: N T-r: 97.95%
c [occ-backw-sub-long-w-long] rem cl: 2339 tried: 11997/11997 (100.0%) T: 0.00 T-out: N T-r: 94.79%
c [occ-backw-sub-str-long-w-long] sub: 514 str: 1364 tried: 35991/11997 (300.0%) T: 0.02 T-out: N T-r: 91.12%
c Executing OCC strategy token: occ-clean-implicit
c Executing OCC strategy token: occ-bve
c [occ-empty-res] Empty resolvent elimed: 0 T: 0.00 T-out: N
c [occ-bve] tried:    70 v-elim:     0 free-vars: 1270 T: 0.00 T-out: N T-r: 100.00%
c [occur] link-in T: 0.00 cleanup T: 0.00 overhead T: 0.00
c [occ-xor-bve] elimed: 0 T: 0.00 T-out: N
c Executing OCC strategy token: occ-bva
c Executing OCC strategy token: occ-ternary-res
c [occ-ternary-res] Ternary res-tri: 0 res-bin: 0 sub: 0 str: 0 T: 0.00 T-out: N T-r: 98.76%
c Executing OCC strategy token: occ-xor
c [occ-xor] sort occur list T: 0.00
c [occ-xor] found      0 T: 0.00 T-out: N T-r: 100.00%
c --> Executing strategy token: card-find
c --> Executing strategy token: cl-consolidate
c [mem] consolidate old-sz: 1760K new-sz:  999K new bits offs: 17 T: 0.00
c --> Executing strategy token: scc-vrepl
c [scc] new: 0 BP 0M T: 0.00
c --> Executing strategy token: renumber
c --> Executing strategy token: louvain-comms
c [mem] consolidate mini T: 0.00
c [timeout] global_timeout_multiplier: 3.6300
c [branch] rebuilding order heap for all branchings. Current branching: vsids
c [gauss] clauses deleted that are represented by XORs: 0 xorclauses: 62 GJ matrices: 0 T: 0.00
c [matrix] performing matrix init
c [matrix] Good   matrix  0     31 x  185  density:0.5454  xorlen avg: 100.90
c [matrix] Good   matrix  1     31 x 1075  density:0.0487  xorlen avg: 52.32
c [matrix] Using 2 matrices recovered from 62 xors T: 0.00 T-out: N
c [g  <1] Disabling GJ-elim in this round.  Usefulness was: 0.0000%  over 504 calls
c [full-probe] bin_only: 1 set: 0 repl: 0 T: 0.00 T-out: N T-r: 99.75%
c rst   foc    B   vs   786   63K    1270  1225  3200    3.61    2.45  7590     0     0     0   24.60   24.60
c [branch] adjusting to: vmtf (from: vsids) var_decay:0.95
c rst   foc    B  vmt   787   63K    1270  1225  3200    3.61    2.45  7594     0     0     0   24.60   24.60
c rst   foc    B  vmt  1035   74K    1270  1225  3200    3.61    2.45 13092     0     0     0   20.87   20.87
c [distill-long-red0] cls tried: 2/2730 T: 0.00 T-out: Y T-r: -1054.58%
c [distill-bin] useful/checked/potential: 0/3200/3200 lits-rem: 0 cl-rem: 0 0-depth-assigns: 0 T: 0.01 T-out: N
c [sls] 4487 cls, minimum 2 T: 0.00
c rst   foc    W  vmt  1036   74K    1270  1225  3200    3.61    2.45 10983     0     0     0   22.19   22.19
c [distill] watch-based irred-- cl tried     2450 cl-sh     0 cl-rem    0 lit-rem      0 T: 0.00 T-out: N
c [distill] watch-based   red-- cl tried     7817 cl-sh  2363 cl-rem    0 lit-rem   6363 T: 0.02 T-out: Y
c  res  pol bran  nres  conf freevar  IrrL  IrrB l/longC  l/allC RedL0 RedL1 RedL2  RedB l/longC  l/allC
c rst   foc    W  vmt  1178   86K    1270  1225  3200    3.61    2.45 12699     0     0     0   21.29   21.29
c [full-probe] bin_only: 0 set: 0 repl: 0 T: 0.00 T-out: N T-r: 98.67%
c rst   foc    F  vmt  1179   86K    1270  1225  3200    3.61    2.45 12703     0     0     0   21.29   21.29
c [distill-long-red0] cls tried: 2/2075 T: 0.00 T-out: Y T-r: -544.16%
c rst   foc    F  vmt  1318  112K    1270  1225  3200    3.61    2.45 16977     0     0     0   19.43   19.43
c [distill-long-red0] cls tried: 2/2159 T: 0.01 T-out: Y T-r: -678.04%
c [full-probe] bin_only: 1 set: 0 repl: 0 T: 0.00 T-out: N T-r: 99.85%
c [distill-bin] useful/checked/potential: 0/3200/3200 lits-rem: 0 cl-rem: 0 0-depth-assigns: 0 T: 0.01 T-out: N
c [distill] watch-based irred-- cl tried     2450 cl-sh     0 cl-rem    0 lit-rem      0 T: 0.00 T-out: N
c [distill] watch-based   red-- cl tried     4340 cl-sh  1287 cl-rem    0 lit-rem   4713 T: 0.01 T-out: N
c [impl-str] lit bin: 0 set-var: 0 T: 0.00 T-out: N T-r: 99.97% w-visit: 2622
c [impl-sub] bin: 0 T: 0.00 T-out: N w-visit: 2622
c rst   foc    B  vmt  1319  112K    1270  1225  3200    3.61    2.45 10026     0     0     0   23.11   23.11
c rst   foc    B  vmt  3059  120K    1270  1225  3200    3.61    2.45 13916     0     0     0   24.49   24.49
c [sls] 4487 cls, minimum 2 T: 0.00
c rst   foc    W  vmt  3854  125K    1270  1225  3200    3.61    2.45 13478     0     0     0   23.26   23.26
c rst   stb    W  vmt  4276  130K    1270  1225  3200    3.61    2.45 18371     0     0     0   22.91   22.91
c [branch] adjusting to: vsids (from: vmtf) var_decay:0.95
c [distill-long-red0] cls tried: 2/1900 T: 0.00 T-out: Y T-r: -1313.13%
c rst   stb    W   vs  4277  131K    1270  1225  3200    3.61    2.45 11881     0     0     0   23.10   23.10
c [full-probe] bin_only: 0 set: 0 repl: 0 T: 0.00 T-out: N T-r: 98.67%
c [distill-bin] useful/checked/potential: 0/3200/3200 lits-rem: 0 cl-rem: 0 0-depth-assigns: 0 T: 0.01 T-out: N
c recursive minimization cost OK: 167K cost/(% lits removed)
c [g 0] 30x185 dens: 0.2121 find: 939K (prop 76.5% confl 4.4%) elim: 160K (prop 12.3% confl 0.4%)
c [g 1] 31x1075 dens: 0.0857 find: 344 (prop 0.0% confl 0.0%) elim: 13 (prop 0.0% confl 0.0%)
c --> Executing strategy token: scc-vrepl
c [scc] new: 0 BP 0M T: 0.00
c --> Executing strategy token: sub-impl
c [impl-sub] bin: 0 T: 0.00 T-out: N w-visit: 2622
c --> Executing strategy token: breakid
c Executing OCC strategy token(s): 'occ-backw-sub-str,occ-clean-implicit,occ-bve,occ-bva,occ-ternary-res,occ-xor'
c [occ] Linked in IRRED BIN by default: 3200
c [occ] Linked in RED   BIN by default: 0
c Executing OCC strategy token: occ-backw-sub-str
c [occ-backw-sub-str-long-w-bins] subs: 0 str: 3519 tried: 6400 0-depth-assigns: 0 T: 0.00 T-out: N T-r: 98.01%
c [occ-backw-sub-long-w-long] rem cl: 968 tried: 16427/16427 (100.0%) T: 0.00 T-out: N T-r: 97.36%
c [occ-backw-sub-str-long-w-long] sub: 20 str: 196 tried: 49281/16427 (300.0%) T: 0.01 T-out: N T-r: 95.25%
c Executing OCC strategy token: occ-clean-implicit
c Executing OCC strategy token: occ-bve
c [occ-empty-res] Empty resolvent elimed: 0 T: 0.00 T-out: N
c [occ-bve] tried:    70 v-elim:     0 free-vars: 1270 T: 0.00 T-out: N T-r: 100.00%
c [occur] link-in T: 0.00 cleanup T: 0.00 overhead T: 0.00
c [occ-xor-bve] elimed: 0 T: 0.00 T-out: N
c Executing OCC strategy token: occ-bva
c Executing OCC strategy token: occ-ternary-res
c [occ-ternary-res] Ternary res-tri: 0 res-bin: 0 sub: 0 str: 0 T: 0.00 T-out: N T-r: 99.95%
c Executing OCC strategy token: occ-xor
c [occ-xor] sort occur list T: 0.00
c [occ-xor] found      0 T: 0.00 T-out: N T-r: 99.99%
c --> Executing strategy token: card-find
c --> Executing strategy token: cl-consolidate
c [mem] not consolidating
c --> Executing strategy token: scc-vrepl
c [scc] new: 0 BP 0M T: 0.00
c --> Executing strategy token: renumber
c --> Executing strategy token: louvain-comms
c [mem] consolidate mini T: 0.00
c [timeout] global_timeout_multiplier: 3.9930
c [branch] rebuilding order heap for all branchings. Current branching: vsids
c [gauss] clauses deleted that are represented by XORs: 0 xorclauses: 62 GJ matrices: 0 T: 0.00
c [matrix] performing matrix init
c [matrix] Good   matrix  0     31 x  185  density:0.5454  xorlen avg: 100.90
c [matrix] Good   matrix  1     31 x 1075  density:0.0487  xorlen avg: 52.32
c [matrix] Using 2 matrices recovered from 62 xors T: 0.00 T-out: N
c [g  <1] Disabling GJ-elim in this round.  Usefulness was: 0.0000%  over 1089 calls
c [distill] watch-based irred-- cl tried     2450 cl-sh     0 cl-rem    0 lit-rem      0 T: 0.00 T-out: N
c [distill] watch-based   red-- cl tried     6698 cl-sh   799 cl-rem    0 lit-rem   1933 T: 0.02 T-out: N
c rst   stb    W   vs  4285  142K    1270  1225  3200    3.61    2.45 14432     0     0     0   25.46   25.46
c [sls] 4487 cls, minimum 2 T: 0.00
c rst   stb    W   vs  4286  150K    1270  1225  3200    3.61    2.45 13966     0     0     0   25.72   25.72
c [distill-long-red0] cls tried: 2/4749 T: 0.00 T-out: Y T-r: -948.49%
c rst   stb    W   vs  4287  166K    1270  1225  3200    3.61    2.45   20K     0     0     1   19.80   19.80
c [distill-long-red0] cls tried: 2/5837 T: 0.01 T-out: Y T-r: -852.71%
c [full-probe] bin_only: 1 set: 0 repl: 0 T: 0.00 T-out: N T-r: 99.83%
c [distill-bin] useful/checked/potential: 0/3200/3200 lits-rem: 0 cl-rem: 0 0-depth-assigns: 0 T: 0.01 T-out: N
c [distill] watch-based irred-- cl tried     2450 cl-sh     0 cl-rem    0 lit-rem      0 T: 0.00 T-out: N
c [distill] watch-based   red-- cl tried     9821 cl-sh  2229 cl-rem    0 lit-rem   8319 T: 0.02 T-out: Y
c rst   stb    I   vs  4288  167K    1270  1225  3200    3.61    2.45 11348     0     0     1   23.60   23.59
c [impl-str] lit bin: 0 set-var: 0 T: 0.00 T-out: N T-r: 99.98% w-visit: 2622
c [impl-sub] bin: 0 T: 0.00 T-out: N w-visit: 2622
c rst   stb    I   vs  4294  179K    1270  1225  3200    3.61    2.45 12567     0     0     1   25.48   25.48
c [distill-long-red0] cls tried: 2/1554 T: 0.00 T-out: Y T-r: -1653.67%
c rst   stb    B   vs  4298  184K    1270  1225  3200    3.61    2.45 17577     0     0     1   25.27   25.26
c [full-probe] bin_only: 0 set: 0 repl: 0 T: 0.00 T-out: N T-r: 98.68%
c [distill-bin] useful/checked/potential: 0/3200/3200 lits-rem: 0 cl-rem: 0 0-depth-assigns: 0 T: 0.01 T-out: N
c rst   stb    B   vs  4302  199K    1270  1225  3200    3.61    2.45   24K     0     0     1   23.51   23.51
c [distill-long-red0] cls tried: 2/9470 T: 0.01 T-out: Y T-r: -1249.11%
c [distill] watch-based irred-- cl tried     2450 cl-sh     0 cl-rem    0 lit-rem      0 T: 0.00 T-out: N
c [distill] watch-based   red-- cl tried     7356 cl-sh  1584 cl-rem    0 lit-rem   3689 T: 0.02 T-out: Y
c [sls] 4487 cls, minimum 2 T: 0.00
c rst   stb    W   vs  4304  201K    1270  1225  3200    3.61    2.45 14602     0     0     1   23.50   23.50
c [full-probe] bin_only: 1 set: 0 repl: 0 T: 0.00 T-out: N T-r: 99.78%
c [distill-bin] useful/checked/potential: 0/3200/3200 lits-rem: 0 cl-rem: 0 0-depth-assigns: 0 T: 0.01 T-out: N
c rst   stb    W   vs  4309  211K    1270  1225  3200    3.61    2.45 15380     0     0     1   23.90   23.89
c [distill-long-red0] cls tried: 2/4053 T: 0.00 T-out: Y T-r: -1079.42%
c rst   stb    O   vs  4316  224K    1270  1225  3200    3.61    2.45 16908     0     0     1   22.58   22.58
c rst   stb    O   vs  4317  232K    1270  1225  3200    3.61    2.45   25K     0     0     1   23.97   23.97
c [distill-long-red0] cls tried: 2/5598 T: 0.00 T-out: Y T-r: -1892.82%
c [full-probe] bin_only: 0 set: 0 repl: 0 T: 0.00 T-out: N T-r: 98.52%
c [distill-bin] useful/checked/potential: 0/3200/3200 lits-rem: 0 cl-rem: 0 0-depth-assigns: 0 T: 0.01 T-out: N
c [distill] watch-based irred-- cl tried     2450 cl-sh     0 cl-rem    0 lit-rem      0 T: 0.00 T-out: N
c [distill] watch-based   red-- cl tried     7687 cl-sh  1422 cl-rem    0 lit-rem   5723 T: 0.03 T-out: Y
c rst   stb    O   vs  4318  244K    1270  1225  3200    3.61    2.45   25K     0     0     1   24.01   24.00
c recursive minimization cost OK: 219K cost/(% lits removed)
c [g 0] 30x185 dens: 0.2387 find: 1154K (prop 75.8% confl 4.6%) elim: 164K (prop 15.2% confl 0.6%)
c [g 1] 31x1075 dens: 0.0849 find: 723 (prop 0.0% confl 0.0%) elim: 19 (prop 0.0% confl 0.0%)
c --> Executing strategy token: scc-vrepl
c [scc] new: 0 BP 0M T: 0.00
c --> Executing strategy token: sub-impl
c [impl-sub] bin: 0 T: 0.00 T-out: N w-visit: 2622
c --> Executing strategy token: breakid
c Executing OCC strategy token(s): 'occ-backw-sub-str,occ-clean-implicit,occ-bve,occ-bva,occ-ternary-res,occ-xor'
c [occ] Linked in IRRED BIN by default: 3200
c [occ] Linked in RED   BIN by default: 1
c Executing OCC strategy token: occ-backw-sub-str
c [occ-backw-sub-str-long-w-bins] subs: 0 str: 16316 tried: 9601 0-depth-assigns: 0 T: 0.01 T-out: N T-r: 94.39%
c [occ-backw-sub-long-w-long] rem cl: 2833 tried: 26511/26511 (100.0%) T: 0.01 T-out: N T-r: 85.61%
c [occ-backw-sub-str-long-w-long] sub: 738 str: 1683 tried: 79533/26511 (300.0%) T: 0.05 T-out: N T-r: 77.24%
c Executing OCC strategy token: occ-clean-implicit
c Executing OCC strategy token: occ-bve
c [occ-empty-res] Empty resolvent elimed: 0 T: 0.00 T-out: N
c [occ-bve] tried:    70 v-elim:     0 free-vars: 1270 T: 0.00 T-out: N T-r: 100.00%
c [occur] link-in T: 0.01 cleanup T: 0.00 overhead T: 0.01
c [occ-xor-bve] elimed: 0 T: 0.00 T-out: N
c Executing OCC strategy token: occ-bva
c Executing OCC strategy token: occ-ternary-res
c [occ-ternary-res] Ternary res-tri: 0 res-bin: 0 sub: 0 str: 0 T: 0.00 T-out: N T-r: 99.93%
c Executing OCC strategy token: occ-xor
c [occ-xor] sort occur list T: 0.00
c [occ-xor] found      0 T: 0.00 T-out: N T-r: 99.99%
c --> Executing strategy token: card-find
c --> Executing strategy token: cl-consolidate
c [mem] not consolidating
c --> Executing strategy token: scc-vrepl
c [scc] new: 0 BP 0M T: 0.00
c --> Executing strategy token: renumber
c --> Executing strategy token: louvain-comms
c [mem] consolidate mini T: 0.00
c [timeout] global_timeout_multiplier: 4.3923
c [branch] rebuilding order heap for all branchings. Current branching: vsids
c [gauss] clauses deleted that are represented by XORs: 0 xorclauses: 62 GJ matrices: 0 T: 0.00
c [matrix] performing matrix init
c [matrix] Good   matrix  0     31 x  185  density:0.5454  xorlen avg: 100.90
c [matrix] Good   matrix  1     31 x 1075  density:0.0487  xorlen avg: 52.32
c [matrix] Using 2 matrices recovered from 62 xors T: 0.00 T-out: N
c [impl-str] lit bin: 0 set-var: 0 T: 0.00 T-out: N T-r: 99.97% w-visit: 2622
c [impl-sub] bin: 0 T: 0.00 T-out: N w-visit: 2622
c [g  <1] Disabling GJ-elim in this round.  Usefulness was: 0.0000%  over 888 calls
c  res  pol bran  nres  conf freevar  IrrL  IrrB l/longC  l/allC RedL0 RedL1 RedL2  RedB l/longC  l/allC
c rst   stb    B   vs  4319  245K    1270  1225  3200    3.61    2.45   22K     0     0     1   24.01   24.01
c [distill-long-red0] cls tried: 2/7667 T: 0.01 T-out: Y T-r: -1127.60%
c rst   foc    B   vs  4321  255K    1270  1225  3200    3.61    2.45   22K     0     0     1   23.02   23.02
c [branch] adjusting to: vmtf (from: vsids) var_decay:0.95
c [full-probe] bin_only: 1 set: 0 repl: 0 T: 0.00 T-out: N T-r: 99.78%
c [distill-bin] useful/checked/potential: 0/3200/3200 lits-rem: 0 cl-rem: 0 0-depth-assigns: 0 T: 0.01 T-out: N
c rst   foc    B  vmt  4322  255K    1270  1225  3200    3.61    2.45   22K     0     0     1   23.02   23.02
c rst   foc    B  vmt  4584  272K    1270  1225  3200    3.61    2.45 18126     0     0     1   20.07   20.07
c ------- FINAL TOTAL SEARCH STATS ---------
c UIP search time          : 3.46        (95.41     % time)
c All times are for this thread only except if explicitly specified
c restarts                 : 4584        (59.43     confls per restart)
c time                     : 3.46
c decisions                : 359466      (0.00      % random)
c propagations             : 30M         (8925K     props/s)
c decisions/conflicts      : 1.32
c conflicts                : 272438
c LEARNT stats
c units learnt             : 0           (0.00      % of conflicts)
c bins learnt              : 1           (0.00      % of conflicts)
c long learnt              : 272390      (99.98     % of conflicts)
c SEAMLESS HYPERBIN&TRANS-RED stats
c advProp called           : 0
c hyper-bin add bin        : 0           (0.00      bin/call)
c trans-red rem irred bin  : 0           (0.00      bin/call)
c trans-red rem red bin    : 0           (0.00      bin/call)
c CONFL LITS stats
c orig                     : 19665000    (72.18     lit/confl)
c recurs-min effective     : 271951      (99.82     % attempt successful)
c recurs-min lits          : 13343243    (67.85     % less overall)
c shrink effective         : 70523       (25.89     % attempt successful)
c shrink lits              : 425987      (2.17      % less overall)
c otfs str/driving         : 82          (47        strengthened/driving)
c permDiff call%           : 0.00        (0.00      % attempt successful)
c permDiff lits-rem        : 0           (0.00      less lits/cl on attempts)
c further-min call%        : 0.07        (49.75     % attempt successful)
c bintri-min lits          : 1503        (0.01      % less overall)
c final avg                : 21.64
c all-threads sum CPU time : 3.46         s
c PROP stats
c Mbogo-props              : 68.06       (19.68     / sec)
c MHyper-props             : 0.00        (0.00      / sec)
c Mprops                   : 30.87       (8.93      / sec)
c -------- OccSimplifier STATS ----------
c time                     : 0.16        (0.00      % var-elim)
c called                   : 5           (0.03      s per call)
c 0-depth assigns          : 0           (0.00      % vars)
c -------- OccSimplifier STATS END ----------
c -------- SubsumeStrengthen STATS ----------
c cl-subs                  : 14106        Clauses
c cl-str rem lit           : 31138        Lits
c cl-sub T                 : 0.03         s
c cl-str T                 : 0.11         s
c -------- SubsumeStrengthen STATS END ----------
c ----- SCC STATS --------
c time                     : 0.00        (0.00      per call)
c called                   : 7           (0.00      new found per call)
c found                    : 0           (0.00      % of all found)
c bogoprops                : 74305       % of all found
c ----- SCC STATS END --------
c --------- VAR REPLACE STATS ----------
c time                     : 0.00        (0.00      per call)
c trees' crown             : 0           (0.00      % of vars)
c 0-depth assigns          : 0           (0.00      % vars)
c lits replaced            : 0
c bin cls removed          : 0
c long cls removed         : 0
c long lits removed        : 0
c bogoprops                : 0
c --------- VAR REPLACE STATS END ----------
c vrep replace time        : 0.00        (0.00      % time)
c vrep tree roots          : 0
c vrep trees' crown        : 0           (0.00      leafs/tree)
c -------- DISTILL-BIN STATS --------
c time                     : 0.07        (0.01      per call)
c timed out                : 0           (0.00      % of calls)
c distill/checked/potential: 0          /35305/35305
c lits-rem                 : 0
c 0-depth-assigns          : 0           (0.00      % of vars)
c -------- DISTILL STATS END --------
c -------- STRENGTHEN STATS --------
c --> watch-based on irred cls
c time                     : 0.00        (0.00      s/call)
c shrinked/tried/total     : 0          /19600/19600
c subsumed/tried/total     : 0          /19600/19600
c lits-rem                 : 0           (0.00      % of lits tried)
c called                   : 16          (0.00      % ran out of time)
c --> watch-based on red cls
c time                     : 0.14        (0.01      s/call)
c shrinked/tried/total     : 14051      /57473/223310
c subsumed/tried/total     : 0          /57473/223310
c lits-rem                 : 41192       (2.79      % of lits tried)
c called                   : 16          (302331.25 % ran out of time)
c -------- STRENGTHEN STATS END --------
c -------- IMPLICIT SUB  STATS --------
c time                     : 0.00        (0.00      per call)
c timed out                : 0           (0.00      % of calls)
c rem bins                 : 0
c -------- IMPLICIT SUB STATS END --------
c Mem used                 : 0           MB
c Mem for longclauses      : 2           MB (0.00      %)
c [mem] watch alloc        : 5           MB (0.00      %)
c [mem] watch array        : 0           MB (0.00      %)
c Mem for assings&vardata  : 0           MB (0.00      %)
c Mem for search&solve     : 0           MB (0.00      %)
c Mem for renumberer       : 0           MB (0.00      %)
c Mem for occsimplifier    : 0           MB (0.00      %)
c Mem for varReplacer&SCC  : 0           MB (0.00      %)
c Mem for impl subsume     : 0           MB (0.00      %)
c Mem for 3 distills       : 0           MB (0.00      %)
c Accounted for mem (rss)  : 0.00        %
c Accounted for mem (vm)   : 0.00        %
c restarts                 : 4584        (59.43     confls per restart)
c time                     : 3.46
c decisions                : 359466      (0.00      % random)
c propagations             : 30M         (8925K     props/s)
c decisions/conflicts      : 1.32
c conflicts                : 272438
c conf lits non-minim      : 19665000    (72.18     lit/confl)
c conf lits final          : 21.64
c props/decision           : 0.00
c props/conflict           : 0.00
c 0-depth assigns          : 41          (3.13      % vars)
c 0-depth assigns by CNF   : 0           (0.00      % vars)
c reduceDB time            : 0.02        (0.56      % time)
c OccSimplifier time       : 0.16        (4.41      % time)
c [occur] link-in T: 0.01 cleanup T: 0.00 overhead T: 0.01
c [occ-substr] long subBySub: 11786 subByStr: 2320 lits-rem-str: 31138 T: 0.14
c SCC time                 : 0.00        (0.01      % time)
c [scc] new: 0 BP 0M T: 0.00
c vrep replace time        : 0.00        (0.00      % time)
c vrep tree roots          : 0
c vrep trees' crown        : 0           (0.00      leafs/tree)
c distill long time        : 0.06        (1.53      % time)
c distill bin time         : 0.07        (2.02      % time)
c strength cache-irred time: 0.00        (0.09      % time)
c strength cache-red time  : 0.14        (3.74      % time)
c avg cls in red 0         : 13905.76
c avg cls in red 1         : 0.00
c avg cls in red 2         : 0.00
c Conflicts in UIP         : 272438      (75168.87  confl/time_this_thread)
c Mem used                 : 0.00        MB
c Total time (this thread) : 3.62
s SATISFIABLE
v 1 -2 3 -4 -5 -6 7 -8 -9 -10 -11 12 -13 14 15 -16 -17 18 19 -20 -21 -22 23 24 25
v 26 27 -28 -29 30 31 32 33 34 35 36 -37 -38 39 -40 -41 42 -43 -44 45 -46 -47
v -48 -49 -50 -51 -52 -53 -54 -55 -56 -57 -58 -59 -60 -61 -62 -63 -64 -65 -66
v -67 -68 -69 -70 -71 -72 -73 -74 -75 -76 -77 -78 79 -80 -81 82 83 -84 -85 -86
v 87 88 89 90 91 -92 -93 94 95 96 97 98 99 100 -101 -102 103 -104 -105 106 -107
v -108 109 -110 -111 -112 -113 -114 -115 -116 -117 -118 -119 -120 -121 -122
v -123 -124 -125 -126 -127 -128 -129 -130 -131 -132 -133 -134 -135 -136 -137
v -138 -139 -140 -141 -142 -143 -144 -145 -146 -147 -148 -149 -150 -151 -152
v -153 -154 -155 -156 -157 -158 -159 -160 -161 -162 -163 -164 -165 -166 -167
v -168 -169 -170 -171 -172 -173 -174 -175 -176 -177 -178 -179 -180 -181 -182
v -183 -184 -185 -186 -187 -188 -189 -190 -191 -192 -193 -194 -195 -196 -197
v -198 -199 -200 -201 -202 -203 -204 -205 -206 -207 -208 209 210 -211 -212 -213
v 214 215 216 217 218 -219 -220 221 222 223 224 225 226 227 -228 -229 230 -231
v -232 233 -234 -235 236 -237 -238 -239 -240 -241 -242 -243 -244 -245 -246 -247
v -248 -249 -250 -251 -252 -253 -254 -255 -256 -257 -258 -259 -260 -261 -262
v -263 -264 -265 -266 -267 -268 -269 -270 -271 -272 -273 -274 -275 -276 -277
v -278 -279 -280 -281 -282 -283 -284 -285 -286 -287 -288 -289 -290 -291 -292
v -293 -294 -295 -296 -297 -298 -299 -300 -301 -302 -303 -304 -305 -306 -307
v -308 -309 -310 -311 -312 -313 -314 -315 -316 -317 -318 -319 -320 -321 -322
v -323 -324 -325 -326 -327 -328 -329 -330 -331 -332 -333 -334 -335 -336 -337
v -338 -339 -340 -341 -342 -343 -344 -345 -346 -347 -348 -349 -350 -351 -352
v -353 -354 -355 -356 -357 -358 -359 -360 -361 -362 -363 -364 -365 -366 -367
v -368 -369 -370 -371 -372 -373 -374 -375 -376 -377 -378 -379 -380 -381 -382
v -383 -384 -385 -386 -387 -388 -389 -390 -391 -392 -393 -394 -395 -396 -397
v -398 -399 -400 -401 -402 -403 -404 -405 -406 -407 -408 -409 -410 -411 -412
v -413 -414 -415 -416 -417 -418 -419 -420 -421 -422 -423 -424 -425 -426 -427
v -428 -429 -430 -431 -432 -433 -434 -435 -436 -437 -438 -439 -440 -441 -442
v -443 -444 -445 -446 -447 -448 -449 -450 -451 -452 -453 -454 -455 -456 -457
v -458 -459 -460 461 -462 -463 464 465 -466 -467 -468 469 470 471 472 473 -474
v -475 476 477 478 479 480 481 482 -483 -484 485 -486 -487 488 -489 -490 491
v -492 -493 -494 -495 -496 -497 -498 -499 -500 -501 -502 -503 -504 -505 -506
v -507 -508 -509 -510 -511 -512 -513 -514 -515 -516 -517 -518 -519 -520 -521
v -522 -523 -524 -525 -526 -527 -528 -529 -530 -531 -532 -533 -534 -535 -536
v -537 -538 -539 -540 -541 -542 -543 -544 -545 -546 -547 -548 -549 -550 -551
v -552 -553 -554 -555 -556 -557 -558 -559 -560 -561 -562 -563 -564 -565 -566
v -567 -568 -569 -570 -571 -572 -573 -574 -575 -576 -577 -578 -579 -580 -581
v -582 -583 -584 -585 -586 -587 -588 -589 -590 591 592 -593 -594 -595 596 597
v 598 599 600 -601 -602 603 604 605 606 607 608 609 -610 -611 612 -613 -614 615
v -616 -617 618 -619 -620 -621 -622 -623 -624 -625 -626 -627 -628 -629 -630
v -631 -632 -633 -634 -635 -636 -637 -638 -639 -640 -641 -642 -643 -644 -645
v -646 -647 -648 -649 -650 -651 -652 -653 -654 -655 -656 -657 -658 -659 -660
v -661 -662 -663 -664 -665 -666 -667 -668 -669 -670 -671 -672 -673 -674 -675
v -676 -677 -678 -679 -680 -681 -682 -683 -684 -685 -686 -687 -688 -689 -690
v -691 -692 -693 -694 -695 -696 -697 -698 -699 -700 -701 -702 -703 -704 -705
v -706 -707 -708 -709 -710 -711 -712 -713 -714 -715 -716 -717 -718 -719 -720
v -721 -722 -723 -724 -725 -726 -727 -728 -729 -730 -731 -732 -733 -734 -735
v -736 -737 -738 -739 -740 -741 -742 -743 -744 -745 -746 -747 -748 -749 -750
v -751 -752 -753 -754 -755 -756 -757 -758 -759 -760 -761 -762 -763 -764 -765
v -766 -767 -768 -769 -770 -771 -772 -773 -774 -775 -776 -777 -778 -779 -780
v -781 -782 -783 -784 -785 -786 -787 -788 -789 -790 -791 -792 -793 -794 -795
v -796 -797 -798 -799 -800 -801 -802 -803 -804 -805 -806 -807 -808 -809 -810
v -811 -812 -813 -814 -815 -816 -817 -818 -819 -820 -821 -822 -823 -824 -825
v -826 -827 -828 -829 -830 -831 -832 -833 -834 -835 -836 -837 -838 -839 -840
v -841 -842 -843 -844 -845 -846 -847 -848 -849 -850 -851 -852 -853 -854 -855
v -856 -857 -858 -859 -860 -861 -862 -863 -864 -865 -866 -867 -868 -869 -870
v -871 -872 -873 -874 -875 -876 -877 -878 -879 -880 -881 -882 -883 -884 -885
v -886 -887 -888 -889 -890 -891 -892 -893 -894 -895 -896 -897 -898 -899 -900
v -901 -902 -903 -904 -905 -906 -907 -908 -909 -910 -911 -912 -913 -914 -915
v -916 -917 -918 -919 -920 -921 -922 -923 -924 -925 -926 -927 -928 -929 -930
v -931 -932 -933 -934 -935 -936 -937 -938 -939 -940 -941 -942 -943 -944 -945
v -946 -947 -948 -949 -950 -951 -952 -953 -954 -955 -956 -957 -958 -959 -960
v -961 -962 -963 -964 -965 -966 -967 -968 -969 -970 -971 -972 -973 -974 -975
v -976 -977 -978 -979 -980 -981 -982 -983 -984 -985 -986 -987 -988 -989 -990
v -991 -992 -993 -994 -995 -996 -997 -998 -999 -1000 -1001 -1002 -1003 -1004
v -1005 -1006 -1007 -1008 -1009 -1010 -1011 -1012 -1013 -1014 -1015 -1016 -1017
v -1018 -1019 -1020 -1021 -1022 -1023 -1024 -1025 -1026 -1027 -1028 -1029 -1030
v -1031 -1032 -1033 -1034 1035 1036 -1037 -1038 -1039 1040 1041 1042 1043 1044
v -1045 -1046 1047 1048 1049 1050 1051 1052 1053 -1054 -1055 1056 -1057 -1058
v 1059 -1060 -1061 1062 -1063 -1064 -1065 -1066 -1067 -1068 -1069 -1070 -1071
v -1072 -1073 -1074 -1075 -1076 -1077 -1078 -1079 -1080 -1081 -1082 -1083 -1084
v -1085 -1086 -1087 -1088 -1089 -1090 -1091 -1092 -1093 -1094 -1095 -1096 -1097
v -1098 -1099 -1100 -1101 -1102 -1103 -1104 -1105 -1106 -1107 -1108 -1109 -1110
v -1111 -1112 -1113 -1114 -1115 -1116 -1117 -1118 -1119 -1120 -1121 -1122 -1123
v -1124 -1125 -1126 -1127 -1128 -1129 -1130 -1131 -1132 -1133 -1134 -1135 -1136
v -1137 -1138 -1139 -1140 -1141 -1142 -1143 -1144 -1145 -1146 -1147 -1148 -1149
v -1150 -1151 -1152 -1153 -1154 -1155 -1156 -1157 -1158 -1159 -1160 -1161 -1162
v -1163 -1164 -1165 -1166 -1167 -1168 -1169 -1170 -1171 -1172 -1173 -1174 -1175
v -1176 -1177 -1178 -1179 -1180 -1181 -1182 -1183 -1184 -1185 -1186 -1187 -1188
v -1189 1190 1191 -1192 -1193 -1194 1195 1196 1197 1198 1199 -1200 -1201 1202
v 1203 1204 1205 1206 1207 1208 -1209 -1210 1211 -1212 -1213 1214 -1215 -1216
v 1217 -1218 -1219 -1220 -1221 -1222 -1223 -1224 -1225 -1226 -1227 -1228 -1229
v -1230 -1231 -1232 -1233 -1234 -1235 -1236 -1237 -1238 -1239 -1240 -1241 -1242
v -1243 -1244 -1245 -1246 -1247 -1248 -1249 -1250 -1251 1252 1253 -1254 -1255
v -1256 1257 1258 1259 1260 1261 -1262 -1263 1264 1265 1266 1267 1268 1269 1270
v -1271 -1272 1273 -1274 -1275 1276 -1277 -1278 1279 -1280 -1281 -1282 1283
v 1284 -1285 -1286 -1287 1288 1289 1290 1291 1292 -1293 -1294 1295 1296 1297
v 1298 1299 1300 1301 -1302 -1303 1304 -1305 -1306 1307 -1308 -1309 1310 -1311 0
c [g 0] 30x185 dens: 0.2378 find: 290K (prop 77.5% confl 5.5%) elim: 29K (prop 13.3% confl 0.6%)
c [g 1] 31x1075 dens: 0.0741 find: 599 (prop 0.0% confl 0.0%) elim: 33 (prop 0.0% confl 0.0%)
