{
  "backend": "native-sat",
  "conflict_budget": 100000,
  "initial_cnf_clauses": 1505,
  "interpretation": "Unknown is inconclusive; SAT is accepted only after exact source-row and rational point-witness validation",
  "manifest_conflict_budget": 100000,
  "max_models": 64,
  "models_examined": 1,
  "native_xor_rows": 68,
  "nonlifting_models_blocked": 0,
  "regenerated_source_exact": true,
  "schema": "koblitz_pdp_isolated_backend.v1",
  "solver_variables": 502,
  "source_artifacts": {
    "cryptominisat_xor_dimacs": {
      "blake3": "bcfb628e80b1990f07d658dd763c3091875f31e3b53129587e05005c7139ff12",
      "bytes": 40426,
      "path": "instance.xor.cnf",
      "valid": true
    },
    "magma_boolean_f4": {
      "blake3": "c098bd207de0ee51e59a83ac1813310342b92aae363a45123234a5441c994cba",
      "bytes": 82754,
      "path": "instance.magma",
      "valid": true
    },
    "wdsat_anf": {
      "blake3": "d1bafe51270b3c1d6b608c3955a67e9717e82873131d9542491ff53cefef5326",
      "bytes": 51677,
      "path": "instance.anf",
      "valid": true
    }
  },
  "source_instance_id": "6dc27aa9aff78d4d5d868fddc761dafed9e2c90be90f9456bf7f68ac90ca1320",
  "source_instance_verified": true,
  "source_model_valid": true,
  "source_variables": 42,
  "source_witness_valid": true,
  "stats": {
    "analyze_lit_visits": 4464803,
    "clause_lit_visits": 2887544,
    "clause_visits": 2680187,
    "conflicts": 8956,
    "decisions": 9307,
    "learnt_clauses": 8956,
    "learnt_lits_kept": 483119,
    "learnt_lits_raw": 1583749,
    "max_level": 15,
    "phase_ns": {
      "analyze": 107311822,
      "minimize": 40275205,
      "propagate_clauses": 122951755,
      "propagate_xors": 110894004,
      "reduce_db": 302208
    },
    "propagations": 1700960,
    "restarts": 37,
    "xor_conflicts": 8073,
    "xor_passes": 33757,
    "xor_propagations": 141463,
    "xor_reason_lits": 2698112,
    "xor_repivots": 481979,
    "xor_row_ops": 2279830,
    "xor_row_scans": 1456064
  },
  "status": "sat",
  "timing_ns": {
    "encoding": 6444125,
    "solve": 350943208,
    "source_verification": 6415375
  }
}
