
== P1: operations to recover d (stop at first solve) ==
tag bits     B seed  dp    samples     table   total_ops     ops/rel  indep   rank  full  triv   ok  ops/rho      ms
-- n = 701629 (2^19.4), B = 64, seed 1
A     20    64    -   0      10046      9982      566398        8850     64     64     0     0  yes   539.52     134
B     20    64    -   0       9349      9162       30003         469     64     64     2   125  yes    28.58      10
C1    20    64    -   0       9422      9360       65581        1009     65     65     3     0  yes    62.47      17
C2    20    64    -   0      10112     10049      570017        8769     65     65     2     0  yes   542.97     125
R     20    64    -   0        836       835        4235        4235      1      1     0     0  yes     4.03       1
-- n = 824741 (2^19.7), B = 64, seed 2
A     20    64    -   0      11071     11007      632606        9732     65     65     1     0  yes   555.79     143
B     20    64    -   0      11435     11191       37290         574     65     65     3   182  yes    32.76      11
C1    20    64    -   0       9699      9635       72447        1115     65     65     1     0  yes    63.65      18
C2    20    64    -   0      10324     10260      589328        9067     65     65     1     0  yes   517.77     131
R     20    64    -   0       2096      2095        6710        6710      1      1     0     0  yes     5.90       2
-- n = 532789 (2^19.0), B = 64, seed 3
A     20    64    -   0       7840      7780      434295        6894     63     63     3     0  yes   474.73      96
B     20    64    -   0       8880      8660       30553         477     64     64     4   160  yes    33.40       9
C1    20    64    -   0       7766      7703       76007        1169     65     65     2     0  yes    83.08      20
C2    20    64    -   0       7944      7880      440896        6783     65     65     1     0  yes   481.95      97
R     20    64    -   0        750       749        3978        3978      1      1     0     0  yes     4.35       1
-- n = 701629 (2^19.4), B = 256, seed 1
A     20   256    -   0      17876     17633     1016894        3972    256    256    14     0  yes   968.64     235
B     20   256    -   0      18679     18360       64642         252    257    257    13    75  yes    61.57      28
C1    20   256    -   0      18458     18205      222380         865    257    257     4     0  yes   211.83      77
C2    20   256    -   0      18221     17971     1035330        4029    257    257     7     0  yes   986.20     239
R     20   256    -   0        836       835        4235        4235      1      1     0     0  yes     4.03       1
-- n = 824741 (2^19.7), B = 256, seed 2
A     20   256    -   0      20199     19958     1160293        4515    257    257    16     0  yes  1019.41     271
B     20   256    -   0      21168     20848       69243         270    256    256    18    81  yes    60.84      29
C1    20   256    -   0      20587     20342      212211         826    257    257    13     0  yes   186.44      72
C2    20   256    -   0      20135     19894     1158086        4542    255    255    14     0  yes  1017.47     266
R     20   256    -   0       2096      2095        8560        4280      2      2     1     0  yes     7.52       2
-- n = 532789 (2^19.0), B = 256, seed 3
A     20   256    -   0      15613     15368      873268        3398    257    257    12     0  yes   954.57     201
B     20   256    -   0      16551     16258       58843         231    255    255    15    52  yes    64.32      27
C1    20   256    -   0      16567     16321      174574         679    257    257    12     0  yes   190.83      62
C2    20   256    -   0      16607     16366      927901        3611    257    257    16     0  yes  1014.29     211
R     20   256    -   0        750       749        5114        1705      3      3     2     0  yes     5.59       1
-- n = 8656379 (2^23.0), B = 64, seed 1
A     24    64    -   0      32815     32751     2204533       33916     65     65     1     0  yes   597.84     548
B     24    64    -   0      32603     32049       96909        1514     64     64     0   490  yes    26.28      36
C1    24    64    -   0      34915     34850      163665        2518     65     65     0     0  yes    44.38      50
C2    24    64    -   0      35010     34947     2350985       36169     65     65     2     0  yes   637.56     580
R     24    64    -   0       5167      5166       14517       14517      1      1     0     0  yes     3.94       4
-- n = 16343879 (2^24.0), B = 64, seed 2
A     24    64    -   0      48028     47964     3356694       52448     64     64     0     0  yes   662.48     868
B     24    64    -   0      49417     48566      147913        2348     63     63     0   788  yes    29.19      65
C1    24    64    -   0      49025     48960      250972        3861     65     65     0     0  yes    49.53      72
C2    24    64    -   0      46249     46185     3233876       50529     64     64     0     0  yes   638.24     841
R     24    64    -   0       3363      3362       11465       11465      1      1     0     0  yes     2.26       3
-- n = 12452773 (2^23.6), B = 64, seed 3
A     24    64    -   0      39541     39478     2714913       43094     63     63     0     0  yes   613.85     674
B     24    64    -   0      42501     41733      129368        2021     64     64     0   704  yes    29.25      43
C1    24    64    -   0      40872     40807      210455        3238     65     65     0     0  yes    47.58      61
C2    24    64    -   0      35882     35820     2464550       39120     63     63     1     0  yes   557.24     614
R     24    64    -   0       4315      4314       11664       11664      1      1     0     0  yes     2.64       3
-- n = 8656379 (2^23.0), B = 256, seed 1
A     24   256    -   0      69183     68931     4654832       18254    255    255     3     0  yes  1262.34    1157
B     24   256    -   0      70242     69729      173532         675    257    257     4   260  yes    47.06      77
C1    24   256    -   0      64325     64072      448850        1746    257    257     4     0  yes   121.72     150
C2    24   256    -   0      67060     66807     4511796       17556    257    257     4     0  yes  1223.55    1105
R     24   256    -   0       5167      5166       14517       14517      1      1     0     0  yes     3.94       4
-- n = 16343879 (2^24.0), B = 256, seed 2
A     24   256    -   0      88195     87942     6173171       24114    256    256     3     0  yes  1218.35    1591
B     24   256    -   0      93679     93055      224617         874    257    257     2   369  yes    44.33      89
C1    24   256    -   0      94191     93941      664010        2584    257    257     7     0  yes   131.05     212
C2    24   256    -   0      90566     90313     6337654       24854    255    255     2     0  yes  1250.81    1588
R     24   256    -   0       3363      3362       11465       11465      1      1     0     0  yes     2.26       3
-- n = 12452773 (2^23.6), B = 256, seed 3
A     24   256    -   0      78580     78325     5406276       21118    256    256     1     0  yes  1222.38    1397
B     24   256    -   0      80220     79655      196014         766    256    256     2   311  yes    44.32      80
C1    24   256    -   0      80891     80637      558834        2174    257    257     3     0  yes   126.35     188
C2    24   256    -   0      76181     75929     5241284       20394    257    257     5     0  yes  1185.07    1382
R     24   256    -   0       4315      4314       11664       11664      1      1     0     0  yes     2.64       3
-- n = 196567849 (2^27.6), B = 64, seed 1
A     28    64    -   0     145563    145499    11722027      183157     64     64     0     0  yes   667.09    3294
B     28    64    -   0     177743    174972      530966        8296     64     64     0  2707  yes    30.22     214
C1    28    64    -   0     155942    155877      807025       12416     65     65     0     0  yes    45.93     272
C2    28    64    -   0     157000    156936    12642897      197545     64     64     0     0  yes   719.50    3495
R     28    64    -   0      30041     30040       90709       90709      1      1     0     0  yes     5.16      32
-- n = 245528137 (2^27.9), B = 64, seed 2
A     28    64    -   0     181142    181078    14760690      230636     64     64     0     0  yes   751.62    4208
B     28    64    -   0     180366    177522      543647        8494     64     64     0  2780  yes    27.68     208
C1    28    64    -   0     180658    180593      722203       11111     65     65     0     0  yes    36.77     245
C2    28    64    -   0     168129    168065    13702823      214107     64     64     0     0  yes   697.75    3835
R     28    64    -   0      20760     20759       54434       54434      1      1     0     0  yes     2.77      17
-- n = 170639929 (2^27.3), B = 64, seed 3
A     28    64    -   0     149567    149503    11945035      186641     64     64     0     0  yes   729.60    3254
B     28    64    -   0     163016    160311      498223        7785     64     64     0  2641  yes    30.43     186
C1    28    64    -   0     150140    150075      718793       11058     65     65     0     0  yes    43.90     251
C2    28    64    -   0     136078    136014    10863242      169738     64     64     0     0  yes   663.53    3029
R     28    64    -   0       6707      6706       22568       22568      1      1     0     0  yes     1.38       7
-- n = 196567849 (2^27.6), B = 256, seed 1
A     28   256    -   0     326731    326476    26319259      103213    255    255     0     0  yes  1497.81    7362
B     28   256    -   0     313882    312431      683069        2711    252    252     0  1199  yes    38.87     353
C1    28   256    -   0     310711    310454     2307025        8977    257    257     0     0  yes   131.29     839
C2    28   256    -   0     318413    318157    25648402      100189    256    256     0     0  yes  1459.63    7296
R     28   256    -   0      30041     30040       90709       90709      1      1     0     0  yes     5.16      52
-- n = 245528137 (2^27.9), B = 256, seed 2
A     28   256    -   0     356000    355745    29016362      113345    256    256     1     0  yes  1477.52    8242
B     28   256    -   0     355366    353728      772274        3017    256    256     0  1382  yes    39.32     384
C1    28   256    -   0     375999    375742     1866700        7263    257    257     0     0  yes    95.05     701
C2    28   256    -   0     339077    338822    27639352      108390    255    255     0     0  yes  1407.40    7799
R     28   256    -   0      20760     20759       54434       54434      1      1     0     0  yes     2.77      38
-- n = 170639929 (2^27.3), B = 256, seed 3
A     28   256    -   0     298057    297802    23809982       93372    255    255     0     0  yes  1454.32    6590
B     28   256    -   0     324784    323296      703952        2750    256    256     2  1234  yes    43.00     336
C1    28   256    -   0     293421    293164     1755225        6830    257    257     0     0  yes   107.21     614
C2    28   256    -   0     280076    279820    22376719       87069    257    257     1     0  yes  1366.77    6245
R     28   256    -   0       6707      6706       22568       22568      1      1     0     0  yes     1.38      24
-- n = 196567849 (2^27.6), B = 1024, seed 1
A     28  1024    -   0     628033    627015    50628102       49490   1023   1023     5     0  yes  2881.21   14725
B     28  1024    -   0     639939    638337     1329128        1299   1023   1023     6   585  yes    75.64    1305
C1    28  1024    -   0     622226    621209     5048026        4925   1025   1025     8     0  yes   287.28    3245
C2    28  1024    -   0     646114    645098    52082780       50862   1024   1024     8     0  yes  2964.00   15060
R     28  1024    -   0      30041     30040       90709       90709      1      1     0     0  yes     5.16     108
-- n = 2602534261 (2^31.3), B = 256, seed 1
A     32   256    -   0    1174703   1174448   107622613      422049    255    255     0     0  yes  1683.24   32941
B     32   256    -   0    1110517   1105940     2372454        9340    254    254     1  4324  yes    37.11    1494
C1    32   256    -   0    1160619   1160362     5773396       22465    257    257     0     0  yes    90.30    2535
C2    32   256    -   0    1196278   1196022   109611521      428170    256    256     0     0  yes  1714.34   34149
R     32   256    -   0      45242     45241      134363      134363      1      1     0     0  yes     2.10     249
-- n = 2602534261 (2^31.3), B = 1024, seed 1
A     32  1024    -   0    2278244   2277227   208792157      204298   1022   1022     5     0  yes  3265.55   65306
B     32  1024    -   0    2375757   2372439     4549954        4443   1024   1024     1  2295  yes    71.16    3948
C1    32  1024    -   0    2299084   2298061    16884291       16472   1025   1025     2     0  yes   264.07    8673
C2    32  1024    -   0    2281725   2280702   209111870      204211   1024   1024     1     0  yes  3270.55   65039
R     32  1024    -   0      45242     45241      134363      134363      1      1     0     0  yes     2.10     496

== P2: relations at a fixed budget (no early stop) ==
tag bits     B seed  dp    samples     table   total_ops     ops/rel  indep   rank  full  triv   ok  ops/rho      ms
-- n = 34850303, B = 256, budget 1070712 ops
A     26   256    -   0      14657     14652     1070757      178460      6      6     1     0   no   144.72     273
B     26   256    -   0     384545    381044     1070713        4166    257    257     6  1507  yes   144.71     447
C1    26   256    -   0     155015    154634     1072156        4172    257    257     0     0  yes   144.91     382
C2    26   256    -   0      14658     14653     1070738      178456      6      6     1     0   no   144.72     271
R     26   256    -   0     188838    188393     1075328      268832      4      4     3     0  yes   145.34     325

== P3: r-adding residual walk, rank vs number of multipliers ==
tag bits     B seed  dp    samples     table   total_ops     ops/rel  indep   rank  full  triv   ok  ops/rho      ms
r = 8:
C1    24   256    -   0    1128677   1095758    16777216      342392     49     49    46     0  yes  3311.18    4834
r = 32:
C1    24   256    -   0    1024415    994051    16780496      305100     55     55    29     0  yes  3311.82    5043
r = 128:
C1    24   256    -   0     970854    942917    16777345      115706    145    145    38     0  yes  3311.20    5331
r = 256:
C1    24   256    -   0     921463    895767    16777375       65282    257    257    26     0  yes  3311.21    5352

== P4: independent samples with residuals filtered to x < M ==
tag bits     B seed  dp    samples     table   total_ops     ops/rel  indep   rank  full  triv   ok  ops/rho      ms
M = p / 2^0:
A     24    64    -   0      39541     39478     2714913       43094     63     63     0     0  yes   613.85     668
M = p / 2^2:
A     24    64    -   0      78222     19740     5368539       83883     64     64     0     0  yes  1213.84    1313
M = p / 2^4:
A     24    64    -   0     153735      9545    10548811      162289     65     65     3     0  yes  2385.12    2560
M = p / 2^6:
A     24    64    -   0     322362      5037    22112430      340191     65     65     5     0  yes  4999.69    5387
M = p / 2^8:
A     24    64    -   0     655791      2464    44977003      691954     65     65     6     0  yes 10169.45   10969

== P5: distinguished-point storage (memory vs operations) ==
tag bits     B seed  dp    samples     table   total_ops     ops/rel  indep   rank  full  triv   ok  ops/rho      ms
C1    28   256    -   0     267157    266900     1867945        7268    257    257     0     0  yes   122.52     639
C2    28   256    -   0     281844    281589    22345108       87286    256    256     1     0  yes  1465.69    6191
R     28   256    -   0       7894      7893       26112       26112      1      1     0     0  yes     1.71      26
C1    28   256    -   4     271347     16841     1880515        7317    257    257     0     0  yes   123.35     571
C2    28   256    -   4     286249     17695   113182424      442119    256    256     1     0  yes  7423.99   30304
R     28   256    -   4       7913       512       26169       26169      1      1     0     0  yes     1.72       7
C1    28   256    -   8     329473      1036     2140029        8327    257    257     0     0  yes   140.37     631
C2    28   256    -   8     387934      1236   147121607      574694    256    256     1     0  yes  9650.16   39214
R     28   256    -   8       8129        32       26817       26817      1      1     0     0  yes     1.76       7

== P6: meet-in-the-middle 4-decompositions ==
MITM bits=20 B=41 pairs=861 coincidences=0 targets=209 rel=212 indep=40 rank=40 ops=211693 ops/rel=5292 pred_matches/target=1.05 ok=Some(true) ms=47
MITM bits=20 B=82 pairs=3396 coincidences=7 targets=29 rel=426 indep=80 rank=80 ops=126624 ops/rel=1583 pred_matches/target=16.41 ok=Some(true) ms=28
MITM bits=24 B=86 pairs=3740 coincidences=1 targets=360 rel=490 indep=87 rank=87 ops=1437677 ops/rel=16525 pred_matches/target=1.05 ok=Some(true) ms=350
MITM bits=24 B=172 pairs=14872 coincidences=6 targets=60 rel=972 indep=171 rank=171 ops=979902 ops/rel=5730 pred_matches/target=16.63 ok=Some(true) ms=248
MITM bits=28 B=169 pairs=14365 coincidences=0 targets=902 rel=980 indep=169 rank=169 ops=13260581 ops/rel=78465 pred_matches/target=1.04 ok=Some(true) ms=3684
MITM bits=28 B=338 pairs=57284 coincidences=7 targets=127 rel=1953 indep=334 rank=334 ops=7536513 ops/rel=22564 pred_matches/target=16.47 ok=Some(true) ms=2360

wrote experiments/20_residual_walk_panel.json
exit 0
