p=  271 n=2^ 24.2 seed=1 control ⟨−1⟩       cols=  136 rels=  136 (zero    0 dup    0 merged    0) residuals=   689 nnz=    539 avg_w= 3.96 bytes=    12976 core=  103x nnz     407 LA attempts=1 ops=    179319 wiedemann=     1.7ms | group_ops=    47919 oracle_muls=    605813742 total_ops=     9689970 S=   2172.5 floor_res=   689.0 ratio= 1.00 ok=Some(true)
p=  271 n=2^ 24.2 seed=1 quotient ⟨−1, ψ⟩   cols=   46 rels=   46 (zero    0 dup    0 merged    1) residuals=   210 nnz=    181 avg_w= 3.93 bytes=     4368 core=   32x nnz     127 LA attempts=1 ops=     17472 wiedemann=     0.2ms | group_ops=    14487 oracle_muls=    185960887 total_ops=     2969086 S=    665.7 floor_res=   233.0 ratio= 0.90 ok=Some(true)
         base=135 orbits=45 rate=0.197 solves=689 unsolved=1 Fp/add=63.0 peak_rss=6 MB wall=2974 ms | rho S=2.62 ok=Some(true)
         rho over 8 walks: S mean=1.65 min=0.96 max=2.67; quotient S / rho mean = 405x
p=  271 n=2^ 24.2 seed=2 control ⟨−1⟩       cols=  145 rels=  145 (zero    0 dup    0 merged    0) residuals=   711 nnz=    576 avg_w= 3.97 bytes=    13856 core=  104x nnz     413 LA attempts=1 ops=    183454 wiedemann=     1.5ms | group_ops=    49649 oracle_muls=    626687017 total_ops=    10023612 S=   2247.3 floor_res=   711.0 ratio= 1.00 ok=Some(true)
p=  271 n=2^ 24.2 seed=2 quotient ⟨−1, ψ⟩   cols=   49 rels=   49 (zero    0 dup    0 merged    1) residuals=   263 nnz=    192 avg_w= 3.92 bytes=     4640 core=   36x nnz     141 LA attempts=1 ops=     21886 wiedemann=     0.3ms | group_ops=    18300 oracle_muls=    231083561 total_ops=     3689762 S=    827.2 floor_res=   240.3 ratio= 1.09 ok=Some(true)
         base=144 orbits=48 rate=0.204 solves=711 unsolved=1 Fp/add=63.0 peak_rss=6 MB wall=3278 ms | rho S=0.95 ok=Some(true)
         rho over 8 walks: S mean=1.22 min=0.71 max=2.76; quotient S / rho mean = 679x
p=  271 n=2^ 24.2 seed=3 control ⟨−1⟩       cols=  133 rels=  133 (zero    0 dup    0 merged    0) residuals=  1000 nnz=    531 avg_w= 3.99 bytes=    12752 core=  107x nnz     427 LA attempts=1 ops=    194847 wiedemann=     1.6ms | group_ops=    69065 oracle_muls=    869060682 total_ops=    13891857 S=   3114.5 floor_res=  1000.0 ratio= 1.00 ok=Some(true)
p=  271 n=2^ 24.2 seed=3 quotient ⟨−1, ψ⟩   cols=   45 rels=   45 (zero    0 dup    0 merged    0) residuals=   274 nnz=    180 avg_w= 4.00 bytes=     4320 core=   39x nnz     156 LA attempts=1 ops=     26053 wiedemann=     0.2ms | group_ops=    18987 oracle_muls=    239461104 total_ops=     3824021 S=    857.3 floor_res=   338.3 ratio= 0.81 ok=Some(true)
         base=132 orbits=44 rate=0.133 solves=1000 unsolved=1 Fp/add=63.0 peak_rss=9 MB wall=4103 ms | rho S=1.11 ok=Some(true)
         rho over 8 walks: S mean=1.84 min=1.17 max=3.89; quotient S / rho mean = 466x
p=  271 n=2^ 24.2 seed=4 control ⟨−1⟩       cols=  142 rels=  142 (zero    0 dup    0 merged    0) residuals=   659 nnz=    565 avg_w= 3.98 bytes=    13584 core=   92x nnz     367 LA attempts=1 ops=    143429 wiedemann=     1.2ms | group_ops=    46025 oracle_muls=    579077315 total_ops=     9258561 S=   2075.8 floor_res=   659.0 ratio= 1.00 ok=Some(true)
p=  271 n=2^ 24.2 seed=4 quotient ⟨−1, ψ⟩   cols=   48 rels=   48 (zero    0 dup    0 merged    1) residuals=   222 nnz=    191 avg_w= 3.98 bytes=     4592 core=   42x nnz     167 LA attempts=1 ops=     30072 wiedemann=     0.3ms | group_ops=    15359 oracle_muls=    195859445 total_ops=     3128877 S=    701.5 floor_res=   222.8 ratio= 1.00 ok=Some(true)
         base=141 orbits=47 rate=0.215 solves=659 unsolved=1 Fp/add=63.0 peak_rss=9 MB wall=2744 ms | rho S=2.93 ok=Some(true)
         rho over 8 walks: S mean=1.50 min=0.84 max=2.11; quotient S / rho mean = 469x
p=  271 n=2^ 24.2 seed=5 control ⟨−1⟩       cols=  133 rels=  133 (zero    0 dup    0 merged    0) residuals=   804 nnz=    529 avg_w= 3.98 bytes=    12720 core=   88x nnz     349 LA attempts=1 ops=    131294 wiedemann=     1.1ms | group_ops=    56457 oracle_muls=    699794862 total_ops=    11183411 S=   2507.3 floor_res=   804.0 ratio= 1.00 ok=Some(true)
p=  271 n=2^ 24.2 seed=5 quotient ⟨−1, ψ⟩   cols=   45 rels=   45 (zero    0 dup    2 merged    3) residuals=   260 nnz=    177 avg_w= 3.93 bytes=     4272 core=   29x nnz     114 LA attempts=1 ops=     14267 wiedemann=     0.2ms | group_ops=    18592 oracle_muls=    227340659 total_ops=     3629554 S=    813.7 floor_res=   272.0 ratio= 0.96 ok=Some(true)
         base=132 orbits=44 rate=0.165 solves=804 unsolved=3 Fp/add=63.0 peak_rss=9 MB wall=3036 ms | rho S=2.81 ok=Some(true)
         rho over 8 walks: S mean=1.51 min=0.93 max=2.97; quotient S / rho mean = 537x
p=  271 n=2^ 24.2 seed=6 control ⟨−1⟩       cols=  121 rels=  121 (zero    0 dup    0 merged    0) residuals=   922 nnz=    483 avg_w= 3.99 bytes=    11600 core=   97x nnz     387 LA attempts=1 ops=    160147 wiedemann=     1.0ms | group_ops=    63792 oracle_muls=    797417953 total_ops=    12744440 S=   2857.3 floor_res=   922.0 ratio= 1.00 ok=Some(true)
p=  271 n=2^ 24.2 seed=6 quotient ⟨−1, ψ⟩   cols=   41 rels=   41 (zero    0 dup    2 merged    2) residuals=   405 nnz=    163 avg_w= 3.98 bytes=     3920 core=   32x nnz     128 LA attempts=1 ops=     17569 wiedemann=     0.2ms | group_ops=    28185 oracle_muls=    349075268 total_ops=     5571915 S=   1249.2 floor_res=   312.4 ratio= 1.30 ok=Some(true)
         base=120 orbits=40 rate=0.131 solves=922 unsolved=3 Fp/add=63.0 peak_rss=9 MB wall=3477 ms | rho S=2.10 ok=Some(true)
         rho over 8 walks: S mean=1.72 min=0.68 max=2.23; quotient S / rho mean = 728x
p=  541 n=2^ 27.2 seed=1 control ⟨−1⟩       cols=  271 rels=  272 (zero    0 dup    0 merged    0) residuals=  1612 nnz=   1083 avg_w= 3.98 bytes=    26032 core=  183x nnz     728 LA attempts=1 ops=    568029 wiedemann=     5.5ms | group_ops=   129033 oracle_muls=   1433337987 total_ops=    22961919 S=   1824.7 floor_res=  1606.1 ratio= 1.00 ok=Some(true)
p=  541 n=2^ 27.2 seed=1 quotient ⟨−1, ψ⟩   cols=   91 rels=   91 (zero    0 dup    0 merged    3) residuals=   581 nnz=    361 avg_w= 3.97 bytes=     8688 core=   66x nnz     262 LA attempts=1 ops=     73985 wiedemann=     0.7ms | group_ops=    47004 oracle_muls=    519135728 total_ops=     8298165 S=    659.4 floor_res=   539.3 ratio= 1.08 ok=Some(true)
         base=270 orbits=90 rate=0.169 solves=1612 unsolved=6 Fp/add=63.0 peak_rss=13 MB wall=6532 ms | rho S=1.52 ok=Some(true)
         rho over 8 walks: S mean=1.40 min=0.44 max=2.86; quotient S / rho mean = 469x
p=  541 n=2^ 27.2 seed=2 control ⟨−1⟩       cols=  268 rels=  268 (zero    0 dup    0 merged    0) residuals=  1663 nnz=   1067 avg_w= 3.98 bytes=    25648 core=  188x nnz     748 LA attempts=1 ops=    599529 wiedemann=     7.6ms | group_ops=   131368 oracle_muls=   1479394387 total_ops=    23699808 S=   1883.3 floor_res=  1663.0 ratio= 1.00 ok=Some(true)
p=  541 n=2^ 27.2 seed=2 quotient ⟨−1, ψ⟩   cols=   90 rels=   90 (zero    0 dup    0 merged    1) residuals=   563 nnz=    356 avg_w= 3.96 bytes=     8576 core=   59x nnz     232 LA attempts=1 ops=     58761 wiedemann=     0.4ms | group_ops=    44878 oracle_muls=    500113559 total_ops=     7991925 S=    635.1 floor_res=   558.5 ratio= 1.01 ok=Some(true)
         base=267 orbits=89 rate=0.161 solves=1663 unsolved=4 Fp/add=63.0 peak_rss=13 MB wall=7103 ms | rho S=0.67 ok=Some(true)
         rho over 8 walks: S mean=1.46 min=0.78 max=2.44; quotient S / rho mean = 436x
p=  541 n=2^ 27.2 seed=3 control ⟨−1⟩       cols=  331 rels=  331 (zero    0 dup    0 merged    0) residuals=  1056 nnz=   1319 avg_w= 3.98 bytes=    31696 core=  245x nnz     976 LA attempts=1 ops=   1018707 wiedemann=     8.0ms | group_ops=    85208 oracle_muls=    960547676 total_ops=    15477868 S=   1229.9 floor_res=  1056.0 ratio= 1.00 ok=Some(true)
p=  541 n=2^ 27.2 seed=3 quotient ⟨−1, ψ⟩   cols=  111 rels=  111 (zero    0 dup    2 merged    3) residuals=   368 nnz=    441 avg_w= 3.97 bytes=    10608 core=   87x nnz     345 LA attempts=1 ops=    128323 wiedemann=     1.1ms | group_ops=    30451 oracle_muls=    336646692 total_ops=     5392724 S=    428.5 floor_res=   354.1 ratio= 1.04 ok=Some(true)
         base=330 orbits=110 rate=0.313 solves=1056 unsolved=3 Fp/add=63.0 peak_rss=13 MB wall=4291 ms | rho S=2.23 ok=Some(true)
         rho over 8 walks: S mean=1.81 min=1.04 max=3.56; quotient S / rho mean = 237x
p=  541 n=2^ 27.2 seed=4 control ⟨−1⟩       cols=  265 rels=  265 (zero    0 dup    0 merged    0) residuals=  1649 nnz=   1054 avg_w= 3.98 bytes=    25344 core=  205x nnz     815 LA attempts=1 ops=    712371 wiedemann=     7.2ms | group_ops=   129877 oracle_muls=   1466429525 total_ops=    23508646 S=   1868.1 floor_res=  1649.0 ratio= 1.00 ok=Some(true)
p=  541 n=2^ 27.2 seed=4 quotient ⟨−1, ψ⟩   cols=   89 rels=   89 (zero    0 dup    0 merged    3) residuals=   556 nnz=    352 avg_w= 3.96 bytes=     8480 core=   76x nnz     301 LA attempts=1 ops=     97886 wiedemann=     0.9ms | group_ops=    43248 oracle_muls=    495032591 total_ops=     7915234 S=    629.0 floor_res=   553.8 ratio= 1.00 ok=Some(true)
         base=264 orbits=88 rate=0.161 solves=1649 unsolved=3 Fp/add=63.0 peak_rss=13 MB wall=6560 ms | rho S=1.61 ok=Some(true)
         rho over 8 walks: S mean=1.52 min=0.79 max=2.14; quotient S / rho mean = 415x
p=  541 n=2^ 27.2 seed=5 control ⟨−1⟩       cols=  256 rels=  256 (zero    0 dup    0 merged    0) residuals=  1859 nnz=   1022 avg_w= 3.99 bytes=    24544 core=  184x nnz     734 LA attempts=1 ops=    575367 wiedemann=     3.6ms | group_ops=   145142 oracle_muls=   1640678318 total_ops=    26270193 S=   2087.6 floor_res=  1859.0 ratio= 1.00 ok=Some(true)
p=  541 n=2^ 27.2 seed=5 quotient ⟨−1, ψ⟩   cols=   86 rels=   86 (zero    0 dup    0 merged    1) residuals=   583 nnz=    343 avg_w= 3.99 bytes=     8240 core=   56x nnz     223 LA attempts=1 ops=     53424 wiedemann=     0.5ms | group_ops=    45901 oracle_muls=    516184978 total_ops=     8247288 S=    655.4 floor_res=   624.5 ratio= 0.93 ok=Some(true)
         base=255 orbits=85 rate=0.138 solves=1859 unsolved=2 Fp/add=63.0 peak_rss=13 MB wall=7226 ms | rho S=0.90 ok=Some(true)
         rho over 8 walks: S mean=1.40 min=0.74 max=2.83; quotient S / rho mean = 468x
p=  541 n=2^ 27.2 seed=6 control ⟨−1⟩       cols=  265 rels=  265 (zero    0 dup    0 merged    0) residuals=  1671 nnz=   1055 avg_w= 3.98 bytes=    25360 core=  189x nnz     752 LA attempts=1 ops=    605931 wiedemann=     3.8ms | group_ops=   132300 oracle_muls=   1486367940 total_ops=    23812346 S=   1892.2 floor_res=  1671.0 ratio= 1.00 ok=Some(true)
p=  541 n=2^ 27.2 seed=6 quotient ⟨−1, ψ⟩   cols=   89 rels=   89 (zero    0 dup    0 merged    0) residuals=   617 nnz=    354 avg_w= 3.98 bytes=     8512 core=   65x nnz     259 LA attempts=1 ops=     71955 wiedemann=     0.6ms | group_ops=    48549 oracle_muls=    548366699 total_ops=     8763404 S=    696.4 floor_res=   561.2 ratio= 1.10 ok=Some(true)
         base=264 orbits=88 rate=0.159 solves=1671 unsolved=4 Fp/add=63.0 peak_rss=13 MB wall=7005 ms | rho S=0.79 ok=Some(true)
         rho over 8 walks: S mean=1.48 min=0.77 max=2.29; quotient S / rho mean = 470x
p= 1051 n=2^ 30.1 seed=1 control ⟨−1⟩       cols=  565 rels=  565 (zero    0 dup    0 merged    0) residuals=  2749 nnz=   2255 avg_w= 3.99 bytes=    54160 core=  408x nnz    1628 LA attempts=1 ops=   2827029 wiedemann=    21.9ms | group_ops=   240200 oracle_muls=   2482637800 total_ops=    40051353 S=   1175.5 floor_res=  2749.0 ratio= 1.00 ok=Some(true)
p= 1051 n=2^ 30.1 seed=1 quotient ⟨−1, ψ⟩   cols=  189 rels=  189 (zero    0 dup    0 merged    1) residuals=   924 nnz=    754 avg_w= 3.99 bytes=    18112 core=  143x nnz     571 LA attempts=1 ops=    347919 wiedemann=     2.8ms | group_ops=    80509 oracle_muls=    833798352 total_ops=    13365449 S=    392.3 floor_res=   919.6 ratio= 1.00 ok=Some(true)
         base=564 orbits=188 rate=0.206 solves=2749 unsolved=1 Fp/add=63.0 peak_rss=32 MB wall=12205 ms | rho S=0.16 ok=Some(true)
         rho over 8 walks: S mean=1.59 min=0.55 max=3.90; quotient S / rho mean = 246x
p= 1051 n=2^ 30.1 seed=2 control ⟨−1⟩       cols=  550 rels=  550 (zero    0 dup    0 merged    0) residuals=  2825 nnz=   2194 avg_w= 3.99 bytes=    52704 core=  413x nnz    1647 LA attempts=1 ops=   2895539 wiedemann=    23.5ms | group_ops=   247259 oracle_muls=   2545085831 total_ops=    41059438 S=   1205.1 floor_res=  2825.0 ratio= 1.00 ok=Some(true)
p= 1051 n=2^ 30.1 seed=2 quotient ⟨−1, ψ⟩   cols=  184 rels=  184 (zero    0 dup    0 merged    0) residuals=   951 nnz=    734 avg_w= 3.99 bytes=    17632 core=  131x nnz     522 LA attempts=1 ops=    291605 wiedemann=     2.3ms | group_ops=    82493 oracle_muls=    857097240 total_ops=    13729211 S=    402.9 floor_res=   945.1 ratio= 1.01 ok=Some(true)
         base=549 orbits=183 rate=0.195 solves=2825 unsolved=2 Fp/add=63.0 peak_rss=32 MB wall=11819 ms | rho S=0.95 ok=Some(true)
         rho over 8 walks: S mean=1.67 min=0.47 max=2.69; quotient S / rho mean = 242x
p= 1051 n=2^ 30.1 seed=3 control ⟨−1⟩       cols=  499 rels=  499 (zero    0 dup    0 merged    0) residuals=  3596 nnz=   1993 avg_w= 3.99 bytes=    47856 core=  377x nnz    1506 LA attempts=1 ops=   2415815 wiedemann=    20.3ms | group_ops=   312929 oracle_muls=   3211297503 total_ops=    51631364 S=   1515.3 floor_res=  3596.0 ratio= 1.00 ok=Some(true)
p= 1051 n=2^ 30.1 seed=3 quotient ⟨−1, ψ⟩   cols=  167 rels=  167 (zero    0 dup    2 merged    2) residuals=  1226 nnz=    665 avg_w= 3.98 bytes=    15984 core=  127x nnz     506 LA attempts=1 ops=    273178 wiedemann=     2.2ms | group_ops=   107972 oracle_muls=   1094507962 total_ops=    17520482 S=    514.2 floor_res=  1203.5 ratio= 1.02 ok=Some(true)
         base=498 orbits=166 rate=0.139 solves=3596 unsolved=3 Fp/add=63.0 peak_rss=32 MB wall=15272 ms | rho S=1.12 ok=Some(true)
         rho over 8 walks: S mean=1.36 min=0.41 max=2.23; quotient S / rho mean = 377x
p= 1051 n=2^ 30.1 seed=4 control ⟨−1⟩       cols=  553 rels=  553 (zero    0 dup    0 merged    0) residuals=  2768 nnz=   2208 avg_w= 3.99 bytes=    53024 core=  406x nnz    1620 LA attempts=1 ops=   2796529 wiedemann=    25.0ms | group_ops=   243108 oracle_muls=   2496308672 total_ops=    40266902 S=   1181.8 floor_res=  2768.0 ratio= 1.00 ok=Some(true)
p= 1051 n=2^ 30.1 seed=4 quotient ⟨−1, ψ⟩   cols=  185 rels=  185 (zero    0 dup    0 merged    2) residuals=   905 nnz=    737 avg_w= 3.98 bytes=    17712 core=  125x nnz     498 LA attempts=1 ops=    265499 wiedemann=     2.1ms | group_ops=    79870 oracle_muls=    820194723 total_ops=    13137105 S=    385.6 floor_res=   926.0 ratio= 0.98 ok=Some(true)
         base=552 orbits=184 rate=0.200 solves=2768 unsolved=2 Fp/add=63.0 peak_rss=32 MB wall=12571 ms | rho S=1.92 ok=Some(true)
         rho over 8 walks: S mean=1.10 min=0.23 max=2.38; quotient S / rho mean = 351x
p= 1051 n=2^ 30.1 seed=5 control ⟨−1⟩       cols=  493 rels=  493 (zero    0 dup    0 merged    0) residuals=  3725 nnz=   1968 avg_w= 3.99 bytes=    47264 core=  351x nnz    1402 LA attempts=1 ops=   2094065 wiedemann=    16.7ms | group_ops=   324083 oracle_muls=   3326705122 total_ops=    53428421 S=   1568.1 floor_res=  3725.0 ratio= 1.00 ok=Some(true)
p= 1051 n=2^ 30.1 seed=5 quotient ⟨−1, ψ⟩   cols=  165 rels=  165 (zero    0 dup    4 merged    7) residuals=  1219 nnz=    655 avg_w= 3.97 bytes=    15760 core=  124x nnz     492 LA attempts=1 ops=    260521 wiedemann=     2.1ms | group_ops=   107010 oracle_muls=   1089576561 total_ops=    17439436 S=    511.8 floor_res=  1246.7 ratio= 0.98 ok=Some(true)
         base=492 orbits=164 rate=0.132 solves=3725 unsolved=3 Fp/add=63.0 peak_rss=41 MB wall=15374 ms | rho S=1.05 ok=Some(true)
         rho over 8 walks: S mean=1.59 min=0.56 max=3.45; quotient S / rho mean = 322x
p= 1051 n=2^ 30.1 seed=6 control ⟨−1⟩       cols=  487 rels=  487 (zero    0 dup    0 merged    0) residuals=  3414 nnz=   1941 avg_w= 3.99 bytes=    46640 core=  336x nnz    1338 LA attempts=1 ops=   1914859 wiedemann=    15.0ms | group_ops=   297528 oracle_muls=   3058839331 total_ops=    49124427 S=   1441.8 floor_res=  3414.0 ratio= 1.00 ok=Some(true)
p= 1051 n=2^ 30.1 seed=6 quotient ⟨−1, ψ⟩   cols=  163 rels=  163 (zero    0 dup    0 merged    0) residuals=  1103 nnz=    649 avg_w= 3.98 bytes=    15600 core=  124x nnz     493 LA attempts=1 ops=    260894 wiedemann=     2.1ms | group_ops=    95403 oracle_muls=    988776413 total_ops=    15827880 S=    464.5 floor_res=  1142.7 ratio= 0.97 ok=Some(true)
         base=486 orbits=162 rate=0.143 solves=3414 unsolved=3 Fp/add=63.0 peak_rss=41 MB wall=14549 ms | rho S=1.65 ok=Some(true)
         rho over 8 walks: S mean=1.39 min=0.55 max=2.62; quotient S / rho mean = 335x
p= 2113 n=2^ 33.1 seed=1 control ⟨−1⟩       cols= 1000 rels= 1000 (zero    0 dup    0 merged    0) residuals=  6806 nnz=   3994 avg_w= 3.99 bytes=    95904 core=  727x nnz    2904 LA attempts=1 ops=   8979901 wiedemann=    65.3ms | group_ops=   654035 oracle_muls=   6182505291 total_ops=   100072225 S=   1030.3 floor_res=  6806.0 ratio= 1.00 ok=Some(true)
p= 2113 n=2^ 33.1 seed=1 quotient ⟨−1, ψ⟩   cols=  334 rels=  334 (zero    0 dup    0 merged    0) residuals=  2343 nnz=   1333 avg_w= 3.99 bytes=    32016 core=  221x nnz     883 LA attempts=1 ops=    830739 wiedemann=     5.1ms | group_ops=   223557 oracle_muls=   2124164983 total_ops=    34059481 S=    350.7 floor_res=  2273.2 ratio= 1.03 ok=Some(true)
         base=999 orbits=333 rate=0.147 solves=6806 unsolved=2 Fp/add=63.0 peak_rss=41 MB wall=29185 ms | rho S=1.05 ok=Some(true)
         rho over 8 walks: S mean=1.06 min=0.16 max=1.85; quotient S / rho mean = 332x
p= 2113 n=2^ 33.1 seed=2 control ⟨−1⟩       cols= 1069 rels= 1069 (zero    0 dup    0 merged    0) residuals=  6252 nnz=   4271 avg_w= 4.00 bytes=   102544 core=  763x nnz    3047 LA attempts=1 ops=   9889239 wiedemann=    75.2ms | group_ops=   604205 oracle_muls=   5703322399 total_ops=    92546223 S=    952.8 floor_res=  6252.0 ratio= 1.00 ok=Some(true)
p= 2113 n=2^ 33.1 seed=2 quotient ⟨−1, ψ⟩   cols=  357 rels=  357 (zero    0 dup    0 merged    1) residuals=  2041 nnz=   1426 avg_w= 3.99 bytes=    34240 core=  252x nnz    1007 LA attempts=1 ops=   1080072 wiedemann=    10.2ms | group_ops=   197226 oracle_muls=   1865947621 total_ops=    29970081 S=    308.6 floor_res=  2087.9 ratio= 0.98 ok=Some(true)
         base=1068 orbits=356 rate=0.171 solves=6252 unsolved=3 Fp/add=63.0 peak_rss=78 MB wall=27545 ms | rho S=1.39 ok=Some(true)
         rho over 8 walks: S mean=1.49 min=0.58 max=3.35; quotient S / rho mean = 207x
p= 2113 n=2^ 33.1 seed=3 control ⟨−1⟩       cols= 1060 rels= 1060 (zero    0 dup    0 merged    0) residuals=  6329 nnz=   4235 avg_w= 4.00 bytes=   101680 core=  790x nnz    3155 LA attempts=1 ops=  10601796 wiedemann=    84.9ms | group_ops=   619497 oracle_muls=   5780845722 total_ops=    93893838 S=    966.7 floor_res=  6329.0 ratio= 1.00 ok=Some(true)
p= 2113 n=2^ 33.1 seed=3 quotient ⟨−1, ψ⟩   cols=  354 rels=  354 (zero    0 dup    2 merged    3) residuals=  2172 nnz=   1413 avg_w= 3.99 bytes=    33936 core=  257x nnz    1026 LA attempts=1 ops=   1122575 wiedemann=    10.9ms | group_ops=   209879 oracle_muls=   1981159797 total_ops=    31817570 S=    327.6 floor_res=  2113.6 ratio= 1.03 ok=Some(true)
         base=1059 orbits=353 rate=0.167 solves=6329 unsolved=7 Fp/add=63.0 peak_rss=78 MB wall=27377 ms | rho S=2.34 ok=Some(true)
         rho over 8 walks: S mean=1.60 min=1.00 max=2.47; quotient S / rho mean = 205x
p= 2113 n=2^ 33.1 seed=4 control ⟨−1⟩       cols= 1084 rels= 1084 (zero    0 dup    0 merged    0) residuals=  5889 nnz=   4329 avg_w= 3.99 bytes=   103952 core=  783x nnz    3126 LA attempts=1 ops=  10412329 wiedemann=    65.5ms | group_ops=   569860 oracle_muls=   5385387406 total_ops=    87540018 S=    901.3 floor_res=  5889.0 ratio= 1.00 ok=Some(true)
p= 2113 n=2^ 33.1 seed=4 quotient ⟨−1, ψ⟩   cols=  362 rels=  362 (zero    0 dup    0 merged    1) residuals=  1884 nnz=   1445 avg_w= 3.99 bytes=    34704 core=  255x nnz    1018 LA attempts=1 ops=   1105169 wiedemann=    10.1ms | group_ops=   180224 oracle_muls=   1721260479 total_ops=    27660043 S=    284.8 floor_res=  1966.6 ratio= 0.96 ok=Some(true)
         base=1083 orbits=361 rate=0.184 solves=5889 unsolved=3 Fp/add=63.0 peak_rss=78 MB wall=25059 ms | rho S=1.07 ok=Some(true)
         rho over 8 walks: S mean=1.47 min=0.58 max=2.26; quotient S / rho mean = 194x
p= 2113 n=2^ 33.1 seed=5 control ⟨−1⟩       cols= 1120 rels= 1120 (zero    0 dup    0 merged    0) residuals=  5527 nnz=   4468 avg_w= 3.99 bytes=   107328 core=  780x nnz    3109 LA attempts=1 ops=  10320950 wiedemann=    76.6ms | group_ops=   536482 oracle_muls=   5064730890 total_ops=    82403800 S=    848.4 floor_res=  5527.0 ratio= 1.00 ok=Some(true)
p= 2113 n=2^ 33.1 seed=5 quotient ⟨−1, ψ⟩   cols=  374 rels=  374 (zero    0 dup    0 merged    1) residuals=  1632 nnz=   1493 avg_w= 3.99 bytes=    35856 core=  281x nnz    1122 LA attempts=1 ops=   1342055 wiedemann=    10.6ms | group_ops=   156783 oracle_muls=   1496768349 total_ops=    24107075 S=    248.2 floor_res=  1845.6 ratio= 0.88 ok=Some(true)
         base=1119 orbits=373 rate=0.203 solves=5527 unsolved=3 Fp/add=63.0 peak_rss=78 MB wall=24998 ms | rho S=0.66 ok=Some(true)
         rho over 8 walks: S mean=1.46 min=0.67 max=1.98; quotient S / rho mean = 171x
p= 2113 n=2^ 33.1 seed=6 control ⟨−1⟩       cols= 1033 rels= 1033 (zero    0 dup    0 merged    0) residuals=  7146 nnz=   4127 avg_w= 4.00 bytes=    99088 core=  738x nnz    2947 LA attempts=1 ops=   9251564 wiedemann=    82.8ms | group_ops=   688232 oracle_muls=   6502041468 total_ops=   105217234 S=   1083.3 floor_res=  7146.0 ratio= 1.00 ok=Some(true)
p= 2113 n=2^ 33.1 seed=6 quotient ⟨−1, ψ⟩   cols=  345 rels=  345 (zero    0 dup    0 merged    1) residuals=  2348 nnz=   1377 avg_w= 3.99 bytes=    33072 core=  251x nnz    1003 LA attempts=1 ops=   1071519 wiedemann=     8.6ms | group_ops=   224305 oracle_muls=   2135216607 total_ops=    34270049 S=    352.8 floor_res=  2386.6 ratio= 0.98 ok=Some(true)
         base=1032 orbits=344 rate=0.145 solves=7146 unsolved=3 Fp/add=63.0 peak_rss=78 MB wall=29678 ms | rho S=2.09 ok=Some(true)
         rho over 8 walks: S mean=1.30 min=0.40 max=2.76; quotient S / rho mean = 271x
wrote experiments/22_glv_quotient_seeds6.json
