p=  271 n=2^ 24.2 seed=1 generators: ["x1^3", "x1^2·x2", "x1·x2^2", "x2^3", "x1^2·x3", "x1·x2·x3", "x2^2·x3", "x1·x3^2", "x2·x3^2", "x3^3", "x1^2·z", "x1·x2·z", "x2^2·z", "x1·x3·z", "x2·x3·z", "x3^2·z", "x1·z^2", "x2·z^2", "x3·z^2", "z^3"]; skipped 5
  residual 0 harness triples=Some(1) muls=1018348 | equations=130 (toric 126) witnessed=Some(true) (1)
    basis-only F4 ordinary: D_max=10 D_reach=14 max=221x277 basis=Some(17) staircase=Some(64) ops=630520 ms=25
    basis-only F4 orbit (z-homogenised): D_max=10 D_reach=14 max=1668x1632 basis=Some(73) staircase=Some(192) ops=22840540 ms=98
    basis-only F4 veronese (20 cubic invariants): D_max=5 D_reach=9 max=67358x63550 basis=Some(299) staircase=Some(384) ops=12185105774 ms=51589
    mults vs ordinary Some(19325.486541267524), vs orbit Some(533.4858884247045)
  residual 1 harness triples=Some(1) muls=946918 | equations=130 (toric 126) witnessed=Some(true) (1)
    basis-only F4 ordinary: D_max=10 D_reach=14 max=221x277 basis=Some(17) staircase=Some(64) ops=629157 ms=18
    basis-only F4 orbit (z-homogenised): D_max=10 D_reach=14 max=1668x1632 basis=Some(73) staircase=Some(192) ops=22845982 ms=120
    basis-only F4 veronese (20 cubic invariants): D_max=5 D_reach=9 max=67353x63545 basis=Some(299) staircase=Some(384) ops=12226677368 ms=46589
    mults vs ordinary Some(19433.42817134674), vs orbit Some(535.1784558002365)
p=  541 n=2^ 27.2 seed=1 generators: ["x1^3", "x1^2·x2", "x1·x2^2", "x2^3", "x1^2·x3", "x1·x2·x3", "x2^2·x3", "x1·x3^2", "x2·x3^2", "x3^3", "x1^2·z", "x1·x2·z", "x2^2·z", "x1·x3·z", "x2·x3·z", "x3^2·z", "x1·z^2", "x2·z^2", "x3·z^2", "z^3"]; skipped 2
  residual 0 harness triples=Some(1) muls=960361 | equations=130 (toric 126) witnessed=Some(true) (1)
    basis-only F4 ordinary: D_max=10 D_reach=14 max=221x277 basis=Some(17) staircase=Some(64) ops=631629 ms=10
    basis-only F4 orbit (z-homogenised): D_max=10 D_reach=14 max=1668x1632 basis=Some(73) staircase=Some(192) ops=22885557 ms=83
    basis-only F4 veronese (20 cubic invariants): D_max=5 D_reach=9 max=67363x63555 basis=Some(299) staircase=Some(384) ops=12270494126 ms=31775
    mults vs ordinary Some(19426.74279680002), vs orbit Some(536.1675980182611)
  residual 1 harness triples=Some(2) muls=1031150 | equations=130 (toric 126) witnessed=Some(true) (2)
    basis-only F4 ordinary: D_max=10 D_reach=14 max=221x277 basis=Some(17) staircase=Some(64) ops=631115 ms=8
    basis-only F4 orbit (z-homogenised): D_max=10 D_reach=14 max=1668x1632 basis=Some(73) staircase=Some(192) ops=22912278 ms=85
    basis-only F4 veronese (20 cubic invariants): D_max=5 D_reach=9 max=67363x63555 basis=Some(299) staircase=Some(384) ops=12269029526 ms=31777
    mults vs ordinary Some(19440.24389532811), vs orbit Some(535.4783808925503)
p= 1051 n=2^ 30.1 seed=1 generators: ["x1^3", "x1^2·x2", "x1·x2^2", "x2^3", "x1^2·x3", "x1·x2·x3", "x2^2·x3", "x1·x3^2", "x2·x3^2", "x3^3", "x1^2·z", "x1·x2·z", "x2^2·z", "x1·x3·z", "x2·x3·z", "x3^2·z", "x1·z^2", "x2·z^2", "x3·z^2", "z^3"]; skipped 10
  residual 0 harness triples=Some(1) muls=968890 | equations=130 (toric 126) witnessed=Some(true) (1)
    basis-only F4 ordinary: D_max=10 D_reach=14 max=221x277 basis=Some(17) staircase=Some(64) ops=631399 ms=8
    basis-only F4 orbit (z-homogenised): D_max=10 D_reach=14 max=1668x1632 basis=Some(73) staircase=Some(192) ops=22922222 ms=89
    basis-only F4 veronese (20 cubic invariants): D_max=5 D_reach=9 max=67363x63555 basis=Some(299) staircase=Some(384) ops=12286049746 ms=32378
    mults vs ordinary Some(19458.456136294164), vs orbit Some(535.9886029373592)
  residual 1 harness triples=Some(1) muls=969871 | equations=130 (toric 126) witnessed=Some(true) (1)
    basis-only F4 ordinary: D_max=10 D_reach=14 max=221x277 basis=Some(17) staircase=Some(64) ops=633044 ms=11
    basis-only F4 orbit (z-homogenised): D_max=10 D_reach=14 max=1668x1632 basis=Some(73) staircase=Some(192) ops=22946271 ms=90
    basis-only F4 veronese (20 cubic invariants): D_max=5 D_reach=9 max=67363x63555 basis=Some(299) staircase=Some(384) ops=12287997144 ms=31254
    mults vs ordinary Some(19410.968501399588), vs orbit Some(535.5117240618313)
wrote experiments/22_glv_veronese.json
