n=15 draw 0 symmetrised chain N 20 (small 5) | K4 150 T4 120 +identities 0 | P4 0 explained 120 unexplained 30 | residual by multiplier class: U-deg0 0 U-deg<=1 15 small-deg0 0 small-deg<=1 15 both<=1 0 union 30 | psi=0 at 2 points, consistent at 10 | gates: constant-in-U true X5'' None failures 0 | 4066 ms
n=15 draw 0 x-chained         N 20 (small 5) | K4 150 T4 120 +identities 19 | P4 0 explained 139 unexplained 11 | residual by multiplier class: U-deg0 0 U-deg<=1 15 small-deg0 0 small-deg<=1 15 both<=1 1 union 29 | psi=0 at 1 points, consistent at 14 | gates: constant-in-U true X5'' None failures 0 | 4161 ms
n=15 draw 1 symmetrised chain N 20 (small 5) | K4 150 T4 120 +identities 0 | P4 0 explained 120 unexplained 30 | residual by multiplier class: U-deg0 0 U-deg<=1 15 small-deg0 0 small-deg<=1 15 both<=1 0 union 30 | psi=0 at 2 points, consistent at 20 | gates: constant-in-U true X5'' None failures 0 | 4215 ms
n=15 draw 1 x-chained         N 20 (small 5) | K4 150 T4 120 +identities 19 | P4 0 explained 139 unexplained 11 | residual by multiplier class: U-deg0 0 U-deg<=1 15 small-deg0 0 small-deg<=1 15 both<=1 1 union 29 | psi=0 at 1 points, consistent at 17 | gates: constant-in-U true X5'' None failures 0 | 4351 ms
n=15 draw 2 symmetrised chain N 20 (small 5) | K4 150 T4 120 +identities 0 | P4 0 explained 120 unexplained 30 | residual by multiplier class: U-deg0 0 U-deg<=1 15 small-deg0 0 small-deg<=1 15 both<=1 0 union 30 | psi=0 at 2 points, consistent at 10 | gates: constant-in-U true X5'' None failures 0 | 4056 ms
n=15 draw 2 x-chained         N 20 (small 5) | K4 150 T4 120 +identities 19 | P4 0 explained 139 unexplained 11 | residual by multiplier class: U-deg0 0 U-deg<=1 15 small-deg0 0 small-deg<=1 15 both<=1 1 union 29 | psi=0 at 1 points, consistent at 14 | gates: constant-in-U true X5'' None failures 0 | 4097 ms
n=15 draw 3 symmetrised chain N 20 (small 5) | K4 150 T4 120 +identities 0 | P4 0 explained 120 unexplained 30 | residual by multiplier class: U-deg0 0 U-deg<=1 15 small-deg0 0 small-deg<=1 15 both<=1 0 union 30 | psi=0 at 2 points, consistent at 10 | gates: constant-in-U true X5'' None failures 0 | 4289 ms
n=15 draw 3 x-chained         N 20 (small 5) | K4 150 T4 120 +identities 19 | P4 0 explained 139 unexplained 11 | residual by multiplier class: U-deg0 0 U-deg<=1 15 small-deg0 0 small-deg<=1 15 both<=1 1 union 29 | psi=0 at 1 points, consistent at 14 | gates: constant-in-U true X5'' None failures 0 | 4269 ms
n=15 draw 4 symmetrised chain N 20 (small 5) | K4 150 T4 120 +identities 0 | P4 0 explained 120 unexplained 30 | residual by multiplier class: U-deg0 0 U-deg<=1 15 small-deg0 0 small-deg<=1 15 both<=1 0 union 30 | psi=0 at 2 points, consistent at 20 | gates: constant-in-U true X5'' None failures 0 | 4060 ms
n=15 draw 4 x-chained         N 20 (small 5) | K4 150 T4 120 +identities 19 | P4 0 explained 139 unexplained 11 | residual by multiplier class: U-deg0 0 U-deg<=1 15 small-deg0 0 small-deg<=1 15 both<=1 1 union 29 | psi=0 at 1 points, consistent at 17 | gates: constant-in-U true X5'' None failures 0 | 4286 ms
n=15 draw 5 symmetrised chain N 20 (small 5) | K4 150 T4 120 +identities 0 | P4 0 explained 120 unexplained 30 | residual by multiplier class: U-deg0 0 U-deg<=1 15 small-deg0 0 small-deg<=1 15 both<=1 0 union 30 | psi=0 at 2 points, consistent at 20 | gates: constant-in-U true X5'' None failures 0 | 4197 ms
n=15 draw 5 x-chained         N 20 (small 5) | K4 150 T4 120 +identities 19 | P4 0 explained 139 unexplained 11 | residual by multiplier class: U-deg0 0 U-deg<=1 15 small-deg0 0 small-deg<=1 15 both<=1 1 union 29 | psi=0 at 1 points, consistent at 17 | gates: constant-in-U true X5'' None failures 0 | 4229 ms
n=15 draw 6 symmetrised chain N 20 (small 5) | K4 150 T4 120 +identities 0 | P4 0 explained 120 unexplained 30 | residual by multiplier class: U-deg0 0 U-deg<=1 15 small-deg0 0 small-deg<=1 15 both<=1 0 union 30 | psi=0 at 2 points, consistent at 20 | gates: constant-in-U true X5'' None failures 0 | 3809 ms
n=15 draw 6 x-chained         N 20 (small 5) | K4 150 T4 120 +identities 19 | P4 0 explained 139 unexplained 11 | residual by multiplier class: U-deg0 0 U-deg<=1 15 small-deg0 0 small-deg<=1 15 both<=1 1 union 29 | psi=0 at 1 points, consistent at 17 | gates: constant-in-U true X5'' None failures 0 | 4026 ms
n=15 draw 7 symmetrised chain N 20 (small 5) | K4 150 T4 120 +identities 0 | P4 0 explained 120 unexplained 30 | residual by multiplier class: U-deg0 0 U-deg<=1 15 small-deg0 0 small-deg<=1 15 both<=1 0 union 30 | psi=0 at 2 points, consistent at 10 | gates: constant-in-U true X5'' None failures 0 | 4129 ms
n=15 draw 7 x-chained         N 20 (small 5) | K4 150 T4 120 +identities 19 | P4 0 explained 139 unexplained 11 | residual by multiplier class: U-deg0 0 U-deg<=1 15 small-deg0 0 small-deg<=1 15 both<=1 1 union 29 | psi=0 at 1 points, consistent at 14 | gates: constant-in-U true X5'' None failures 0 | 4277 ms

gates (constant in U, X5'' agreement, no generator failures): PASS

real	1m6.598s
user	3m47.572s
sys	0m8.071s
exit 0
