| p | q | weak × q (sampled) | jumps | walks found / capped / exhausted (start weak) | success | curves met median / mean (q/3) | first component mean, weak share | components mean | jumps 3/5/7, wasted | muls per curve | muls per jump | muls per found walk | rho at p | walk / rho (found) | walk / rho (all) |
|---:|--:|--:|:--|:--|--:|--:|--:|--:|:--|--:|--:|--:|--:|--:|--:|
p=    7 q=      49 | weak×q 3.06 (2000) | found 40 capped 0 exhausted 0 start-weak 0 of 40 | success 1.00 | curves median 3 mean 11 (q/3 16) | first comp 10.1 weak 0.80 | comps 1.2 | jumps [12, 2, 0] wasted 3 | c_curve 2779 c_jump 7.847e4 | muls/found walk 1.240e5 all 1.240e5 | walk/rho 1.6803 all 1.6803 | 0 s
| 7 | 49 | 3.06 (2000) | 3,5,7 (from a weak class) | 40 / 0 / 0 (0) | 1.00 | 3 / 11 (16) | 10.1, 0.80 | 1.2 | 12/2/0, 3 | 2779 | 7.85e4 | 1.240e5 | 7.380e4 | 1.6803 | 1.6803 |
p=   11 q=     121 | weak×q 3.27 (2000) | found 40 capped 0 exhausted 0 start-weak 0 of 40 | success 1.00 | curves median 7 mean 14 (q/3 40) | first comp 10.2 weak 0.62 | comps 1.6 | jumps [22, 20, 0] wasted 2 | c_curve 2810 c_jump 1.406e5 | muls/found walk 2.788e5 all 2.788e5 | walk/rho 0.9736 all 0.9736 | 1 s
| 11 | 121 | 3.27 (2000) | 3,5,7 (from a weak class) | 40 / 0 / 0 (0) | 1.00 | 7 / 14 (40) | 10.2, 0.62 | 1.6 | 22/20/0, 2 | 2810 | 1.41e5 | 2.788e5 | 2.864e5 | 0.9736 | 0.9736 |
p=   13 q=     169 | weak×q 2.28 (2000) | found 40 capped 0 exhausted 0 start-weak 0 of 40 | success 1.00 | curves median 6 mean 10 (q/3 56) | first comp 7.6 weak 0.78 | comps 1.4 | jumps [14, 6, 0] wasted 2 | c_curve 2663 c_jump 1.322e5 | muls/found walk 2.024e5 all 2.024e5 | walk/rho 0.4282 all 0.4282 | 1 s
| 13 | 169 | 2.28 (2000) | 3,5,7 (from a weak class) | 40 / 0 / 0 (0) | 1.00 | 6 / 10 (56) | 7.6, 0.78 | 1.4 | 14/6/0, 2 | 2663 | 1.32e5 | 2.024e5 | 4.727e5 | 0.4282 | 0.4282 |
p=   17 q=     289 | weak×q 2.31 (2000) | found 40 capped 0 exhausted 0 start-weak 0 of 40 | success 1.00 | curves median 6 mean 12 (q/3 96) | first comp 6.7 weak 0.68 | comps 1.9 | jumps [29, 4, 9] wasted 6 | c_curve 2724 c_jump 2.567e5 | muls/found walk 4.725e5 all 4.725e5 | walk/rho 0.4470 all 0.4470 | 1 s
| 17 | 289 | 2.31 (2000) | 3,5,7 (from a weak class) | 40 / 0 / 0 (0) | 1.00 | 6 / 12 (96) | 6.7, 0.68 | 1.9 | 29/4/9, 6 | 2724 | 2.57e5 | 4.725e5 | 1.057e6 | 0.4470 | 0.4470 |
p=   23 q=     529 | weak×q 2.12 (2000) | found 40 capped 0 exhausted 0 start-weak 0 of 40 | success 1.00 | curves median 8 mean 32 (q/3 176) | first comp 14.9 weak 0.60 | comps 3.3 | jumps [74, 17, 4] wasted 46 | c_curve 3056 c_jump 3.460e5 | muls/found walk 1.494e6 all 1.494e6 | walk/rho 0.5707 all 0.5707 | 1 s
| 23 | 529 | 2.12 (2000) | 3,5,7 (from a weak class) | 40 / 0 / 0 (0) | 1.00 | 8 / 32 (176) | 14.9, 0.60 | 3.3 | 74/17/4, 46 | 3056 | 3.46e5 | 1.494e6 | 2.618e6 | 0.5707 | 0.5707 |
p=   31 q=     961 | weak×q 1.92 (2000) | found 40 capped 0 exhausted 0 start-weak 0 of 40 | success 1.00 | curves median 13 mean 27 (q/3 320) | first comp 14.6 weak 0.47 | comps 2.1 | jumps [33, 13, 3] wasted 11 | c_curve 3199 c_jump 3.482e5 | muls/found walk 8.538e5 all 8.538e5 | walk/rho 0.1332 all 0.1332 | 1 s
| 31 | 961 | 1.92 (2000) | 3,5,7 (from a weak class) | 40 / 0 / 0 (0) | 1.00 | 13 / 27 (320) | 14.6, 0.47 | 2.1 | 33/13/3, 11 | 3199 | 3.48e5 | 8.538e5 | 6.410e6 | 0.1332 | 0.1332 |
p=   53 q=    2809 | weak×q 0.00 (2000) | found 40 capped 0 exhausted 0 start-weak 0 of 40 | success 1.00 | curves median 8 mean 60 (q/3 936) | first comp 48.9 weak 0.80 | comps 2.0 | jumps [30, 15, 1] wasted 25 | c_curve 3671 c_jump 3.048e5 | muls/found walk 1.224e6 all 1.224e6 | walk/rho 0.0382 all 0.0382 | 1 s
| 53 | 2809 | 0.00 (2000) | 3,5,7 (from a weak class) | 40 / 0 / 0 (0) | 1.00 | 8 / 60 (936) | 48.9, 0.80 | 2.0 | 30/15/1, 25 | 3671 | 3.05e5 | 1.224e6 | 3.203e7 | 0.0382 | 0.0382 |
p=  101 q=   10201 | weak×q 5.10 (2000) | found 40 capped 0 exhausted 0 start-weak 0 of 40 | success 1.00 | curves median 9 mean 43 (q/3 3400) | first comp 37.5 weak 0.60 | comps 1.9 | jumps [39, 5, 2] wasted 8 | c_curve 3835 c_jump 3.272e5 | muls/found walk 1.757e6 all 1.757e6 | walk/rho 0.0079 all 0.0079 | 1 s
| 101 | 10201 | 5.10 (2000) | 3,5,7 (from a weak class) | 40 / 0 / 0 (0) | 1.00 | 9 / 43 (3400) | 37.5, 0.60 | 1.9 | 39/5/2, 8 | 3835 | 3.27e5 | 1.757e6 | 2.217e8 | 0.0079 | 0.0079 |
p=  251 q=   63001 | weak×q 0.00 (2000) | found 40 capped 0 exhausted 0 start-weak 0 of 40 | success 1.00 | curves median 16 mean 458 (q/3 21000) | first comp 395.6 weak 0.62 | comps 11.3 | jumps [265, 137, 18] wasted 231 | c_curve 4084 c_jump 4.257e5 | muls/found walk 1.278e7 all 1.278e7 | walk/rho 0.0038 all 0.0038 | 4 s
| 251 | 63001 | 0.00 (2000) | 3,5,7 (from a weak class) | 40 / 0 / 0 (0) | 1.00 | 16 / 458 (21000) | 395.6, 0.62 | 11.3 | 265/137/18, 231 | 4084 | 4.26e5 | 1.278e7 | 3.402e9 | 0.0038 | 0.0038 |
p=  503 q=  253009 | weak×q 0.00 (2000) | found 40 capped 0 exhausted 0 start-weak 0 of 40 | success 1.00 | curves median 11 mean 3089 (q/3 84336) | first comp 1697.0 weak 0.50 | comps 65.7 | jumps [1964, 605, 30] wasted 1561 | c_curve 4306 c_jump 4.833e5 | muls/found walk 7.495e7 all 7.495e7 | walk/rho 0.0027 all 0.0027 | 17 s
| 503 | 253009 | 0.00 (2000) | 3,5,7 (from a weak class) | 40 / 0 / 0 (0) | 1.00 | 11 / 3089 (84336) | 1697.0, 0.50 | 65.7 | 1964/605/30, 1561 | 4306 | 4.83e5 | 7.495e7 | 2.738e10 | 0.0027 | 0.0027 |
