validation passed
11 uniform first first 1 0.171
11 uniform enumerate complete 1 0.223
11 uniform first first 1 0.088
11 uniform enumerate complete 1 0.19
11 uniform first first 1 0.155
11 uniform enumerate complete 1 0.218
11 uniform first first 1 0.148
11 uniform enumerate complete 1 0.19
11 known_decomposable first first 1 0.069
11 known_decomposable enumerate complete 2 0.189
11 known_decomposable first first 1 0.156
11 known_decomposable enumerate complete 1 0.187
11 known_decomposable first first 1 0.109
11 known_decomposable enumerate complete 2 0.193
11 known_decomposable first first 1 0.057
11 known_decomposable enumerate complete 1 0.19
23 uniform first complete 0 2.177
23 uniform enumerate complete 0 2.181
23 uniform first complete 0 2.242
23 uniform enumerate complete 0 2.234
23 uniform first complete 0 2.233
23 uniform enumerate complete 0 2.277
23 uniform first complete 0 2.232
23 uniform enumerate complete 0 2.2
23 known_decomposable first first 1 0.03
23 known_decomposable enumerate complete 1 2.191
23 known_decomposable first first 1 1.057
23 known_decomposable enumerate complete 1 2.293
23 known_decomposable first first 1 0.183
23 known_decomposable enumerate complete 1 2.242
23 known_decomposable first first 1 2.019
23 known_decomposable enumerate complete 1 2.286
29 uniform first complete 0 3.154
29 uniform enumerate complete 0 3.18
29 uniform first complete 0 3.076
29 uniform enumerate complete 0 3.08
29 uniform first complete 0 3.135
29 uniform enumerate complete 0 3.222
29 uniform first complete 0 3.391
29 uniform enumerate complete 0 3.166
29 known_decomposable first first 1 0.599
29 known_decomposable enumerate complete 1 3.169
29 known_decomposable first first 1 2.114
29 known_decomposable enumerate complete 1 3.25
29 known_decomposable first first 1 1.595
29 known_decomposable enumerate complete 1 3.096
29 known_decomposable first first 1 0.362
29 known_decomposable enumerate complete 1 3.155
