[1m[92m    Updating[0m crates.io index
[1m[92m Downloading[0m crates ...
[1m[92m  Downloaded[0m cfg-if v1.0.5
[1m[92m  Downloaded[0m block-buffer v0.10.4
[1m[92m  Downloaded[0m crypto-common v0.1.7
[1m[92m  Downloaded[0m itoa v1.0.18
[1m[92m  Downloaded[0m cpufeatures v0.2.17
[1m[92m  Downloaded[0m generic-array v0.14.7
[1m[92m  Downloaded[0m version_check v0.9.5
[1m[92m  Downloaded[0m find-msvc-tools v0.1.14
[1m[92m  Downloaded[0m cc v1.5.1
[1m[92m  Downloaded[0m quote v1.0.47
[1m[92m  Downloaded[0m constant_time_eq v0.4.2
[1m[92m  Downloaded[0m digest v0.10.7
[1m[92m  Downloaded[0m zmij v1.0.23
[1m[92m  Downloaded[0m sha2 v0.10.9
[1m[92m  Downloaded[0m shlex v2.0.1
[1m[92m  Downloaded[0m arrayvec v0.7.8
[1m[92m  Downloaded[0m serde_core v1.0.229
[1m[92m  Downloaded[0m unicode-ident v1.0.26
[1m[92m  Downloaded[0m proc-macro2 v1.0.107
[1m[92m  Downloaded[0m serde_derive v1.0.229
[1m[92m  Downloaded[0m serde v1.0.229
[1m[92m  Downloaded[0m memchr v2.8.3
[1m[92m  Downloaded[0m typenum v1.20.1
[1m[92m  Downloaded[0m serde_json v1.0.151
[1m[92m  Downloaded[0m blake3 v1.8.7
[1m[92m  Downloaded[0m syn v3.0.6
[1m[92m  Downloaded[0m libc v0.2.189
[1m[92m   Compiling[0m version_check v0.9.5
[1m[92m   Compiling[0m proc-macro2 v1.0.107
[1m[92m   Compiling[0m unicode-ident v1.0.26
[1m[92m   Compiling[0m quote v1.0.47
[1m[92m   Compiling[0m typenum v1.20.1
[1m[92m   Compiling[0m libc v0.2.189
[1m[92m   Compiling[0m generic-array v0.14.7
[1m[92m   Compiling[0m serde_core v1.0.229
[1m[92m   Compiling[0m shlex v2.0.1
[1m[92m   Compiling[0m find-msvc-tools v0.1.14
[1m[92m   Compiling[0m zmij v1.0.23
[1m[92m   Compiling[0m cc v1.5.1
[1m[92m   Compiling[0m syn v3.0.6
[1m[92m   Compiling[0m block-buffer v0.10.4
[1m[92m   Compiling[0m crypto-common v0.1.7
[1m[92m   Compiling[0m cfg-if v1.0.5
[1m[92m   Compiling[0m serde_json v1.0.151
[1m[92m   Compiling[0m serde v1.0.229
[1m[92m   Compiling[0m blake3 v1.8.7
[1m[92m   Compiling[0m cpufeatures v0.2.17
[1m[92m   Compiling[0m digest v0.10.7
[1m[92m   Compiling[0m memchr v2.8.3
[1m[92m   Compiling[0m serde_derive v1.0.229
[1m[92m   Compiling[0m itoa v1.0.18
[1m[92m   Compiling[0m constant_time_eq v0.4.2
[1m[92m   Compiling[0m arrayvec v0.7.8
[1m[92m   Compiling[0m sha2 v0.10.9
[1m[92m   Compiling[0m boolean-envelope-indexed v0.1.0 (/home/runner/work/crypto/crypto/research/boolean_envelope_indexed_20261002)
[1m[92m    Finished[0m `release` profile [optimized] target(s) in 7.07s
