error: no example target named `relation_yield_koblitz_eta` in default-run packages
help: available example targets:
    coordinate_quotients
    coordinate_search
    diem_descent_demo
    dual_ec_drbg_demo
    eccp79_rho
    ecdlp_bsgs_gs_variants
    eds_bridge
    eds_census
    eds_localisation
    eds_mov_demo
    eds_net_demo
    eds_residue_demo
    eds_tate_demo
    ffd_breakthrough_loop
    ffd_defect_scaling
    ffd_expg_curve
    ffd_genericity
    ffd_sweep_demo
    ffd_syzygy
    ghs_attack_demo
    j0_known_answer_bits
    koblitz_affine_quotient_base
    koblitz_algebraic_e2e
    koblitz_factor_base_math
    koblitz_factor_base_survey
    koblitz_factor_base_sweep
    koblitz_factor_base_validate
    koblitz_factor_base_yield
    koblitz_index_calculus_demo
    koblitz_pdp_backend
    koblitz_pdp_export
    koblitz_public_factor_base_discovery
    koblitz_quotient_geometry
    koblitz_rank_fixture
    koblitz_rho_fixture
    koblitz_s5_sat_instance
    koblitz_sat_ablation
    koblitz_sat_symmetry_ablation
    koblitz_scaling_bench
    koblitz_selected_e2e
    koblitz_semaev_groebner_demo
    legacy_curve_attack_demo
    md5_chosen_prefix_demo
    pc_degree_avg_demo
    pc_degree_demo
    pkm_audit_demo
    residual_walk_bench
    semaev_decomp_bench
    semaev_higher_demo
    semaev_profile
    semaev_sat_bench
    semaev_scaling
    semaev_unsat
    symmetrised_oracle_bench
    transport_bench
