c ---- [ banner ] ------------------------------------------------------------
c
c Kissat SAT Solver
c 
c Copyright (c) 2021-2024 Armin Biere University of Freiburg
c Copyright (c) 2019-2021 Armin Biere Johannes Kepler University Linz
c 
c Version 4.0.4 unknown
c Apple clang version 17.0.0 (clang-1700.3.19.1) -W -Wall -O3 -DNDEBUG
c Thu Oct 16 20:09:41 UTC 2025 Darwin Tahoe-arm64.local 25.0.0 arm64
c
c ---- [ parsing ] -----------------------------------------------------------
c
c opened and reading DIMACS file:
c
c   /Volumes/SSD990/crypto/worktrees/f6-n83-batch-size-20261004/research/f6_n83_factored_s3_sat_20261005/planted_0.cnf
c
c parsed 'p cnf 142160 530945' header
c closing input after reading 11148377 bytes (11 MB)
c finished parsing after 0.06 seconds
c
c ---- [ solving ] -----------------------------------------------------------
c
c seconds switched rate     size/glue tier1  binary            remaining
c        MB reductions conflicts size  tier2     irredundant
c         level restarts redundant glue  trail           variables
c
c *  0.06 34 0 0 0  0 0   0   0 0.0 0 0 0 0 0% 73522 457001 121515 85%
c lucky 53386 units
c l  0.08 46 0 0 0  0 0   0   0 0.0 0 0 0 0 0% 73522 457001 68129 48%
c (  0.08 46 0 0 0  0 0   0   0 0.0 0 0 0 0 0% 73522 457001 68129 48%
c .  0.09 42 0 0 0  0 0   0   0 0.0 0 0 0 0 0% 33862 218902 68129 48%
c c  0.24 62 0 0 0  0 0   0   0 0.0 0 0 0 0 0% 61616 174627 52601 37%
c d  0.24 64 0 0 0  0 0   0   0 0.0 0 0 0 0 0% 27058 174627 52601 37%
c )  0.34 65 0 0 0  0 0   0   0 0.0 0 0 0 0 0% 24070 174627 52601 37%
c {  0.34 65 0 0 0  0 0   0   0 0.0 0 0 2 6 0% 24070 174627 52601 37%
c -  0.63 66 79 0 1  0 1 1000 596 2.0 84 42 42 43 26% 24070 174627 52601 37%
c }  0.63 66 79 1 1  0 1 1000 596 2.0 84 42 42 43 26% 24070 174627 52601 37%
c [  0.63 66 0 1 1  0 0 1000 596 0.0 0 0 2 6 0% 24070 174627 52601 37%
c B  0.63 66 76 1 1  0 0 1002 598 2.2 84 39 2 6 29% 24070 174627 52601 37%
c -  0.87 66 76 1 2  0 1 2001 1449 4.4 90 20 18 25 24% 24070 174627 52601 37%
c W  0.90 64 76 1 2  0 1 2003 1451 4.4 90 20 18 25 24% 24070 174627 52601 37%
c ]  0.92 65 78 2 2  1 1 2260 1675 3.8 85 22 18 30 24% 24070 174627 52601 37%
c {  0.92 65 79 2 2  1 1 2260 1675 2.0 84 42 42 43 26% 24070 174627 52601 37%
c u  1.02 66 80 2 2  1 1 2541 1842 2.1 80 38 42 43 25% 24070 174627 52601 37%
c v  1.04 66 80 2 2  1 1 2541 1821 2.1 80 38 42 43 25% 24070 174627 52601 37%
c w  1.05 66 80 2 2  1 1 2541 1817 2.1 80 38 42 43 25% 24070 174627 52601 37%
c }  1.10 66 80 3 2  1 2 3260 2332 2.0 65 32 42 43 22% 24070 174627 52601 37%
c
c seconds  switched rate       size/glue  tier1      binary           remaining
c        MB reductions conflicts     size    tier2       irredundant
c         level restarts  redundant     glue     trail           variables
c
c [  1.10 66 78 3 2  1 1 3260 2332 3.8 85 22 18 30 24% 24070 174627 52601 37%
c -  1.11 66 78 3 3  1 1 3415 2360 3.6 82 23 10 31 23% 24070 174627 52601 37%
c ]  1.14 66 78 4 3  1 1 3909 2803 3.2 78 24 10 31 23% 24070 174627 52601 37%
c {  1.14 66 80 4 3  1 2 3909 2803 2.0 65 32 42 43 22% 24070 174627 52601 37%
c -  1.33 67 114 4 4  3 2 5148 2906 2.4 64 27 8 42 28% 24076 174627 52601 37%
c }  1.47 67 127 5 4 36 3 6261 3827 2.4 62 26 8 42 30% 24093 174627 52601 37%
c [  1.47 67 78 5 4 36 1 6261 3827 3.2 78 24 10 31 23% 24093 174627 52601 37%
c I  1.47 67 78 5 4 36 1 6261 3827 3.2 78 24 10 31 23% 24093 174627 52601 37%
c -  1.57 67 79 5 5 36 1 7148 3627 2.7 71 26 8 34 32% 24093 174627 52601 37%
c u  1.70 67 78 5 5 37 1 7826 3863 2.7 77 29 8 34 37% 24093 174627 52601 37%
c v  1.73 67 78 5 5 37 1 7826 3863 2.7 77 29 8 34 37% 24093 174627 52601 37%
c w  1.74 67 78 5 5 37 1 7826 3863 2.7 77 29 8 34 37% 24093 174627 52601 37%
c ]  1.90 67 78 6 5 37 1 8205 4184 2.6 77 29 8 34 39% 24093 174627 52601 37%
c {  1.90 67 127 6 5 37 3 8205 4184 2.4 62 26 8 42 30% 24093 174627 52601 37%
c -  2.08 68 123 6 6 74 4 9385 3769 2.4 59 25 7 41 36% 24093 174627 52601 37%
c o  2.45 68 119 6 6 165 5 11812 5811 2.3 57 24 7 41 39% 24093 174627 52601 37%
c -  2.46 68 125 6 7 165 6 11834 4468 2.3 57 24 5 35 39% 24093 174627 52601 37%
c }  2.50 68 127 7 7 170 6 12274 4798 2.3 54 24 5 35 39% 24094 174627 52601 37%
c [  2.50 68 78 7 7 170 1 12274 4798 2.6 77 29 8 34 39% 24094 174627 52601 37%
c B  2.50 68 78 7 7 170 1 12274 4798 2.6 77 29 8 34 39% 24094 174627 52601 37%
c
c seconds  switched  rate        size/glue  tier1     binary           remaining
c        MB reductions conflicts       size   tier2       irredundant
c         level restarts    redundant     glue    trail           variables
c
c e  2.69 69 78 7 7 170 1 12700 5191 2.6 76 30 8 34 41% 11474 182508 32810 23%
c s  2.71 69 78 7 7 170 1 12700 5191 2.6 76 30 8 34 41% 13025 179400 32810 23%
c ^  2.72 69 78 7 7 170 1 12700 5191 2.6 76 30 8 34 41% 13025 179400 32810 23%
c -  2.94 68 78 7 8 171 1 14482 2097 2.4 75 32 6 37 43% 13025 179400 32810 23%
c u  3.14 67 78 7 8 172 1 16032 3299 2.4 77 32 6 37 43% 13027 179400 32810 23%
c v  3.20 67 78 7 8 172 1 16032 3237 2.4 77 32 6 37 43% 13027 179400 32810 23%
c w  3.22 67 78 7 8 172 1 16032 3236 2.4 77 32 6 37 43% 13027 179400 32810 23%
c x  3.24 67 78 7 8 172 1 16032 3236 2.4 77 32 6 37 43% 13027 179398 32810 23%
c -  3.45 68 78 7 9 173 1 17310 3440 2.3 77 33 5 37 43% 13027 179398 32810 23%
c W  3.52 68 78 7 9 173 1 17804 3882 2.3 77 34 5 37 43% 13027 179398 32810 23%
c ]  3.59 68 78 8 9 174 1 18332 4369 2.3 77 34 5 37 43% 13027 179398 32810 23%
c {  3.59 68 127 8 9 174 6 18332 4369 2.3 54 24 5 35 39% 13027 179398 32810 23%
c -  3.77 69 122 8 10 231 6 20310 4427 2.3 50 22 5 33 37% 13028 179398 32810 23%
c -  3.97 69 104 8 11 231 4 23472 5274 2.2 41 18 5 27 33% 13029 179398 32810 23%
c o  4.03 69 101 8 11 232 4 23955 5617 2.3 40 18 5 27 33% 13029 179398 32810 23%
c }  4.11 70 101 9 11 253 4 24493 6043 2.3 40 18 5 27 33% 13034 179398 32810 23%
c [  4.11 70 78 9 11 253 1 24493 6043 2.3 77 34 5 37 43% 13034 179398 32810 23%
c O  4.15 70 78 9 11 253 1 25332 6712 2.3 77 33 5 37 41% 13034 179398 32810 23%
c s  4.16 70 78 9 11 253 1 25382 6748 2.3 76 33 5 37 41% 13034 179358 32810 23%
c e  4.22 70 78 9 11 253 1 25382 6748 2.3 76 33 5 37 41% 12927 179503 32740 23%
c
c seconds  switched   rate        size/glue  tier1     binary           remaining
c        MB  reductions conflicts       size   tier2       irredundant
c         level  restarts    redundant     glue    trail           variables
c
c s  4.22 70 78 9 11 253 1 25382 6748 2.3 76 33 5 37 41% 12965 179386 32740 23%
c ^  4.23 70 78 9 11 253 1 25382 6748 2.3 76 33 5 37 41% 12965 179386 32740 23%
c -  4.30 70 78 9 12 254 1 26789 6360 2.3 74 33 4 35 38% 12965 179386 32740 23%
c u  4.38 70 78 9 12 255 1 27321 6688 2.3 74 33 4 35 37% 12965 179386 32740 23%
c v  4.41 70 78 9 12 255 1 27321 6229 2.3 74 33 4 35 37% 12965 179386 32740 23%
c w  4.43 70 78 9 12 255 1 27321 6229 2.3 74 33 4 35 37% 12965 179386 32740 23%
c f  4.47 70 78 9 12 255 1 27321 6229 2.3 74 33 4 35 37% 13006 179312 32744 23%
c u  4.52 70 78 9 12 255 1 27321 6117 2.3 74 33 4 35 37% 13006 179312 32744 23%
c v  4.56 70 78 9 12 255 1 27321 5979 2.3 74 33 4 35 37% 13006 179312 32744 23%
c w  4.58 70 78 9 12 255 1 27321 5975 2.3 74 33 4 35 37% 13006 179312 32744 23%
c =  4.77 70 78 9 12 255 1 27321 5975 2.3 74 33 4 35 37% 13026 179218 32734 23%
c d  4.77 70 78 9 12 255 1 27321 5972 2.3 74 33 4 35 37% 13010 179047 32734 23%
c d  4.78 70 78 9 12 255 1 27321 5972 2.3 74 33 4 35 37% 13006 179047 32732 23%
c b  4.79 70 78 9 12 255 1 27321 5972 2.3 74 33 4 35 37% 13006 179047 32731 23%
c -  5.04 71 78 9 13 256 1 30254 6498 2.2 73 33 4 34 34% 12999 179047 32731 23%
c ]  5.22 71 77 10 13 258 1 32611 8485 2.2 74 33 4 34 32% 12999 179047 32731 23%
c {  5.22 71 101 10 13 258 4 32611 8485 2.3 40 18 5 27 33% 12999 179047 32731 23%
c -  5.33 71 106 10 14 325 5 33860 6841 2.2 39 18 4 25 31% 13008 179047 32731 23%
c -  5.83 71 103 10 15 466 5 37604 7898 2.3 37 16 4 21 30% 13027 179047 32731 23%
c i  5.90 71 100 10 15 466 5 38070 8177 2.3 36 16 4 21 29% 13036 179047 32583 23%
c
c seconds    switched   rate        size/glue  tier1     binary           remaining
c        MB    reductions conflicts       size   tier2       irredundant
c          level   restarts    redundant     glue    trail           variables
c
c i  6.02 71 100 10 15 470 5 39073 8828 2.3 35 15 4 21 29% 13049 179047 32581 23%
c i  6.07 71 100 10 15 473 5 39549 9146 2.3 34 15 4 21 29% 13059 179047 32579 23%
c i  6.21 71 99 10 15 572 5 40918 10158 2.3 34 15 4 21 28% 13073 179047 31733 22%
c }  6.24 72 99 11 15 587 5 41239 10414 2.3 34 15 4 21 28% 13073 179047 31733 22%
c [  6.24 72 77 11 15 587 1 41239 10414 2.2 74 33 4 34 32% 13073 179047 31733 22%
c B  6.24 72 77 11 15 587 1 41239 10414 2.2 74 33 4 34 32% 13073 179047 31733 22%
c -  6.28 72 77 11 16 587 1 41477 4987 2.2 74 34 4 33 33% 11846 179047 31733 22%
c c  6.40 67 77 11 16 587 1 41855 5342 2.2 74 34 4 33 33% 11997 168719 31575 22%
c d  6.40 67 77 11 16 587 1 41855 5313 2.2 74 34 4 33 33% 13608 166799 31575 22%
c d  6.41 67 77 11 16 587 1 41855 4971 2.2 74 34 4 33 33% 11328 166761 30448 21%
c u  6.45 68 77 11 16 587 1 41855 4387 2.2 74 34 4 33 33% 11270 166761 30448 21%
c v  6.49 68 77 11 16 587 1 41855 4025 2.2 74 34 4 33 33% 11271 166761 30448 21%
c w  6.51 68 77 11 16 587 1 41855 4025 2.2 74 34 4 33 33% 11271 166761 30448 21%
c x  6.53 69 77 11 16 587 1 41855 4025 2.2 74 34 4 33 33% 11293 166719 30448 21%
c d  6.54 69 77 11 16 587 1 41855 4024 2.2 74 34 4 33 33% 11293 166715 30447 21%
c t  6.55 69 77 11 16 587 1 41855 4024 2.2 74 34 4 33 33% 11287 166715 30421 21%
c f  6.57 69 77 11 16 587 1 41855 4024 2.2 74 34 4 33 33% 11363 166571 30443 21%
c u  6.63 69 77 11 16 587 1 41855 3488 2.2 74 34 4 33 33% 11699 165812 22931 16%
c v  6.71 69 77 11 16 587 1 41855 3049 2.2 74 34 4 33 33% 11702 165812 22931 16%
c w  6.73 69 77 11 16 587 1 41855 3040 2.2 74 34 4 33 33% 11701 165812 22931 16%
c
c seconds   switched   rate        size/glue  tier1     binary          remaining
c        MB   reductions conflicts       size   tier2       irredundant
c         level   restarts    redundant     glue    trail          variables
c
c =  7.00 74 77 11 16 587 1 41855 3040 2.2 74 34 4 33 33% 32383 99572 15255 11%
c d  7.00 74 77 11 16 587 1 41855 2922 2.2 74 34 4 33 33% 13194 96056 14963 11%
c d  7.00 74 77 11 16 587 1 41855 2917 2.2 74 34 4 33 33% 9724 95626 13230 9%
c t  7.01 74 77 11 16 587 1 41855 2917 2.2 74 34 4 33 33% 9618 95626 13230 9%
c f  7.03 62 77 11 16 587 1 41855 2917 2.2 74 34 4 33 33% 8144 95277 13305 9%
c i  7.04 64 77 11 16 587 1 41855 2917 2.2 74 34 4 33 33% 8144 95277 13305 9%
c -  7.72 56 77 11 17 589 1 45477 4307 2.2 75 35 3 30 39% 1322 95277 13305 9%
c ]  7.96 56 77 12 17 591 1 47058 5826 2.1 75 35 3 30 40% 1322 95277 13305 9%
c {  7.96 56 99 12 17 591 5 47058 5826 2.3 34 15 4 21 28% 1322 95277 13305 9%
c o  7.97 56 99 12 17 596 5 47072 5839 2.3 34 15 4 21 28% 1322 95277 13305 9%
c -  8.32 57 97 12 18 944 6 49601 5934 2.2 34 15 3 16 30% 1331 95277 13305 9%
c s  8.79 58 96 12 18 1310 7 52877 8461 2.2 34 15 3 16 32% 1349 78556 13305 9%
c e  8.82 52 96 12 18 1310 7 52877 8461 2.2 34 15 3 16 32% 841 79009 12060 8%
c 2  8.82 52 96 12 18 1310 7 52877 8461 2.2 34 15 3 16 32% 840 79009 12060 8%
c s  8.83 52 96 12 18 1310 7 52877 8461 2.2 34 15 3 16 32% 864 78865 12060 8%
c ^  8.84 52 96 12 18 1310 7 52877 8461 2.2 34 15 3 16 32% 864 78865 12060 8%
c -  8.95 57 95 12 19 1426 7 53843 7202 2.2 34 15 3 16 33% 867 78865 12060 8%
c -  9.51 57 95 12 20 1948 8 58203 8453 2.2 34 15 3 15 34% 881 78865 12060 8%
c }  9.55 57 95 13 20 1989 8 58539 8722 2.2 34 15 3 15 35% 881 78865 12060 8%
c [  9.55 57 77 13 20 1989 1 58539 8722 2.1 75 35 3 30 40% 881 78865 12060 8%
c
c seconds   switched    rate        size/glue  tier1    binary        remaining
c        MB   reductions  conflicts       size   tier2     irredundant
c         level    restarts    redundant     glue    trail        variables
c
c W  9.56 55 77 13 20 1989 1 58539 8722 2.1 75 35 3 30 40% 881 78865 12060 8%
c c  9.70 54 77 13 20 1989 1 59483 9621 2.1 75 35 3 30 41% 3512 71378 10737 8%
c d  9.70 54 77 13 20 1989 1 59483 9616 2.1 75 35 3 30 41% 846 71378 10732 8%
c u  9.71 55 77 13 20 1989 1 59483 9021 2.1 75 35 3 30 41% 770 71378 10732 8%
c v  9.79 56 77 13 20 1989 1 59483 7279 2.1 75 35 3 30 41% 770 71378 10732 8%
c w  9.84 56 77 13 20 1989 1 59483 7279 2.1 75 35 3 30 41% 770 71378 10732 8%
c x  9.88 56 77 13 20 1989 1 59483 7277 2.1 75 35 3 30 41% 802 70181 10732 8%
c = 10.23 56 77 13 20 1989 1 59483 7277 2.1 75 35 3 30 41% 2032 70169 10117 7%
c d 10.24 56 77 13 20 1989 1 59483 7273 2.1 75 35 3 30 41% 654 70169 10117 7%
c t 10.24 56 77 13 20 1989 1 59483 7273 2.1 75 35 3 30 41% 632 70169 10117 7%
c f 10.28 52 77 13 20 1989 1 59483 7273 2.1 75 35 3 30 41% 691 70033 10125 7%
c u 10.30 55 77 13 20 1989 1 59483 7079 2.1 75 35 3 30 41% 691 70033 10124 7%
c v 10.35 56 77 13 20 1989 1 59483 6377 2.1 75 35 3 30 41% 691 70033 10124 7%
c w 10.43 56 77 13 20 1989 1 59483 6315 2.1 75 35 3 30 41% 691 70033 10124 7%
c x 10.48 56 77 13 20 1989 1 59483 6315 2.1 75 35 3 30 41% 691 69580 10124 7%
c = 10.84 56 77 13 20 1989 1 59483 6315 2.1 75 35 3 30 41% 921 69567 10009 7%
c d 10.84 56 77 13 20 1989 1 59483 6313 2.1 75 35 3 30 41% 653 69567 10009 7%
c t 10.85 56 77 13 20 1989 1 59483 6313 2.1 75 35 3 30 41% 652 69567 10009 7%
c - 11.31 57 76 13 21 1991 1 62675 6474 2.1 75 36 3 27 44% 650 69567 10009 7%
c - 12.00 57 75 13 22 1995 1 67257 6924 2.0 76 37 3 24 46% 650 69567 10009 7%
c
c seconds   switched    rate        size/glue  tier1    binary        remaining
c        MB   reductions  conflicts       size   tier2     irredundant
c         level    restarts    redundant     glue    trail        variables
c
c ] 12.27 57 75 14 22 1995 1 68952 8574 2.0 76 37 3 24 47% 650 69567 10009 7%
c { 12.27 57 95 14 22 1995 8 68952 8574 2.2 34 15 3 15 35% 650 69567 10009 7%
c - 12.65 57 94 14 23 2371 9 71947 7660 2.2 34 15 2 15 35% 654 69567 10009 7%
c - 13.22 56 93 14 24 2936 9 76743 9214 2.2 34 16 2 14 36% 655 69566 10009 7%
c o 13.29 57 93 14 24 3012 9 77072 9486 2.2 34 16 2 14 36% 655 69566 10009 7%
c d 13.72 57 93 14 24 3524 10 80624 12484 2.2 34 16 2 14 36% 637 69566 9994 7%
c u 13.73 57 93 14 24 3524 10 80624 12222 2.2 34 16 2 14 36% 638 69566 9994 7%
c v 13.84 57 93 14 24 3524 10 80624 10147 2.2 34 16 2 14 36% 641 69566 9994 7%
c w 13.88 57 93 14 24 3524 10 80624 10096 2.2 34 16 2 14 36% 641 69566 9994 7%
c x 13.94 57 93 14 24 3524 10 80624 10096 2.2 34 16 2 14 36% 641 67935 9994 7%
c = 14.30 57 93 14 24 3524 10 80624 10096 2.2 34 16 2 14 36% 819 67935 9905 7%
c d 14.30 57 93 14 24 3524 10 80624 10094 2.2 34 16 2 14 36% 632 67935 9905 7%
c u 14.35 55 93 14 24 3524 10 80624 10031 2.2 34 16 2 14 36% 633 67935 9905 7%
c v 14.41 56 93 14 24 3524 10 80624 9223 2.2 34 16 2 14 36% 633 67935 9905 7%
c w 14.49 56 93 14 24 3524 10 80624 9120 2.2 34 16 2 14 36% 633 67935 9905 7%
c x 14.55 57 93 14 24 3524 10 80624 9120 2.2 34 16 2 14 36% 633 67609 9905 7%
c = 14.70 57 93 14 24 3524 10 80624 9120 2.2 34 16 2 14 36% 787 67609 9828 7%
c d 14.70 57 93 14 24 3524 10 80624 9116 2.2 34 16 2 14 36% 603 67609 9828 7%
c - 14.87 57 93 14 25 3690 10 81641 7481 2.2 34 16 2 14 36% 605 67609 9828 7%
c } 15.08 57 93 15 25 3889 10 83668 9167 2.2 34 16 2 14 36% 607 67609 9828 7%
c
c seconds   switched    rate        size/glue  tier1    binary       remaining
c        MB   reductions  conflicts       size   tier2     irredundant
c         level    restarts    redundant     glue    trail       variables
c
c [ 15.08 57 75 15 25 3889 1 83668 9167 2.0 76 37 3 24 47% 607 67609 9828 7%
c I 15.08 57 75 15 25 3889 1 83668 9167 2.0 76 37 3 24 47% 607 67609 9828 7%
c - 15.49 57 75 15 26 3891 1 86641 8487 2.0 77 38 3 22 48% 607 67609 9828 7%
c - 16.13 56 75 15 27 3894 1 91742 8342 2.0 79 39 3 21 50% 607 67609 9828 7%
c ] 16.67 56 75 16 27 3895 1 95873 12410 2.1 82 39 3 21 52% 607 67609 9828 7%
c { 16.67 56 93 16 27 3895 10 95873 12410 2.2 34 16 2 14 36% 607 67609 9828 7%
c s 16.83 57 93 16 27 4061 10 96602 13045 2.2 35 16 2 14 36% 607 67490 9828 7%
c e 16.88 56 93 16 27 4061 10 96602 13045 2.2 35 16 2 14 36% 596 74392 8091 6%
c s 16.90 56 93 16 27 4061 10 96602 13045 2.2 35 16 2 14 36% 597 74281 8091 6%
c ^ 16.90 56 93 16 27 4061 10 96602 13045 2.2 35 16 2 14 36% 597 74281 8091 6%
c - 16.94 57 93 16 28 4078 10 96938 4181 2.2 35 16 2 14 36% 597 74281 8091 6%
c - 17.54 17 93 16 29 4547 10 102229 7168 2.1 35 16 2 14 36% 601 74281 8091 6%
c d 17.84 17 93 16 29 4817 10 105348 9788 2.1 34 16 2 14 36% 581 74281 8080 6%
c u 17.86 17 93 16 29 4817 10 105348 9423 2.1 34 16 2 14 36% 582 74281 8080 6%
c v 17.94 17 93 16 29 4817 10 105348 7754 2.1 34 16 2 14 36% 583 74281 8080 6%
c w 18.13 17 93 16 29 4817 10 105348 7666 2.1 34 16 2 14 36% 583 74281 8080 6%
c = 18.55 18 93 16 29 4817 10 105348 7666 2.1 34 16 2 14 36% 727 74281 8008 6%
c d 18.55 18 93 16 29 4817 10 105348 7666 2.1 34 16 2 14 36% 563 74281 8008 6%
c u 18.63 18 93 16 29 4817 10 105348 7608 2.1 34 16 2 14 36% 563 74281 8008 6%
c v 18.69 18 93 16 29 4817 10 105348 6976 2.1 34 16 2 14 36% 563 74281 8008 6%
c
c seconds   switched     rate         size/glue  tier1    binary       remaining
c        MB   reductions   conflicts        size   tier2     irredundant
c         level    restarts      redundant     glue    trail       variables
c
c w 18.82 18 93 16 29 4817 10 105348 6801 2.1 34 16 2 14 36% 563 74281 8008 6%
c x 18.87 18 93 16 29 4817 10 105348 6801 2.1 34 16 2 14 36% 563 73350 8008 6%
c = 19.25 18 93 16 29 4817 10 105348 6801 2.1 34 16 2 14 36% 597 73350 7991 6%
c d 19.25 18 93 16 29 4817 10 105348 6798 2.1 34 16 2 14 36% 562 73350 7991 6%
c - 19.52 20 93 16 30 5040 10 107615 7359 2.1 35 16 2 13 36% 563 73350 7991 6%
c - 20.10 20 93 16 31 5531 10 113093 9712 2.1 35 16 2 13 36% 568 73350 7991 6%
c } 20.20 20 93 17 31 5621 10 114210 10652 2.1 35 16 2 13 36% 568 73350 7991 6%
c [ 20.20 20 75 17 31 5621 1 114210 10652 2.1 82 39 3 21 52% 568 73350 7991 6%
c B 20.20 20 75 17 31 5621 1 114210 10652 2.1 82 39 3 21 52% 568 73350 7991 6%
c - 20.69 19 74 17 32 5624 1 118660 10237 2.1 83 40 2 20 52% 568 73350 7991 6%
c o 21.21 19 74 17 32 5627 1 122501 14029 2.1 84 40 2 20 53% 568 73350 7991 6%
c - 21.44 20 74 17 33 5627 1 124317 8842 2.1 86 40 2 20 54% 568 73350 7991 6%
c - 21.99 20 74 17 34 5630 1 130062 8005 2.2 89 41 2 20 57% 568 73350 7991 6%
c ] 22.05 20 74 18 34 5630 1 130642 8553 2.2 89 41 2 20 57% 568 73350 7991 6%
c { 22.05 20 93 18 34 5630 10 130642 8553 2.1 35 16 2 13 36% 568 73350 7991 6%
c u 22.47 19 92 18 34 5831 10 133662 10731 2.1 35 16 2 13 36% 572 73350 7991 6%
c v 22.52 20 92 18 34 5831 10 133662 9021 2.1 35 16 2 13 36% 573 73350 7991 6%
c w 22.63 21 92 18 34 5831 10 133662 8824 2.1 35 16 2 13 36% 573 73350 7991 6%
c x 22.69 20 92 18 34 5831 10 133662 8824 2.1 35 16 2 13 36% 573 73104 7991 6%
c = 23.10 20 92 18 34 5831 10 133662 8824 2.1 35 16 2 13 36% 627 73104 7964 6%
c
c seconds   switched     rate         size/glue  tier1    binary       remaining
c        MB   reductions   conflicts        size   tier2     irredundant
c         level    restarts      redundant     glue    trail       variables
c
c d 23.11 20 92 18 34 5831 10 133662 8822 2.1 35 16 2 13 36% 573 73104 7964 6%
c u 23.14 20 92 18 34 5831 10 133662 8747 2.1 35 16 2 13 36% 573 73104 7964 6%
c v 23.18 20 92 18 34 5831 10 133662 8233 2.1 35 16 2 13 36% 573 73104 7964 6%
c w 23.38 20 92 18 34 5831 10 133662 7921 2.1 35 16 2 13 36% 573 73104 7964 6%
c = 23.74 19 92 18 34 5831 10 133662 7921 2.1 35 16 2 13 36% 613 73104 7944 6%
c d 23.74 19 92 18 34 5831 10 133662 7918 2.1 35 16 2 13 36% 573 73104 7944 6%
c - 24.00 17 92 18 35 5957 10 135897 7271 2.1 35 16 2 13 36% 573 73103 7944 6%
c - 24.83 17 91 18 36 6648 10 141813 10247 2.1 35 16 2 12 36% 576 73103 7944 6%
c - 25.64 17 90 18 37 7218 10 147813 12497 2.1 35 17 2 12 36% 577 73103 7944 6%
c } 26.36 17 90 19 37 7616 10 152989 16865 2.1 35 17 2 12 36% 579 73103 7944 6%
c [ 26.36 17 74 19 37 7616 1 152989 16865 2.2 89 41 2 20 57% 579 73103 7944 6%
c W 26.40 17 74 19 37 7616 1 152989 16865 2.2 89 41 2 20 57% 579 73103 7944 6%
c - 26.51 18 74 19 38 7616 1 153895 13939 2.2 89 41 2 20 57% 579 73103 7944 6%
c caught signal 15 (SIGTERM)
c
c ---- [ profiling ] ---------------------------------------------------------
c
c          19.64   72.56 %  search
c          11.18   41.30 %  focused
c           8.46   31.26 %  stable
c           7.09   26.18 %  simplify
c           6.87   25.38 %  probe
c           3.38   12.48 %  sweep
c           2.49    9.19 %  vivify
c           0.41    1.50 %  factor
c           0.38    1.40 %  eliminate
c           0.35    1.31 %  congruence
c           0.26    0.95 %  preprocess
c           0.19    0.70 %  substitute
c           0.11    0.42 %  reduce
c           0.09    0.33 %  subsume
c           0.08    0.31 %  walking
c           0.06    0.22 %  parse
c           0.04    0.14 %  transitive
c           0.03    0.09 %  lucky
c           0.02    0.06 %  backbone
c =============================================
c          27.07  100.00 %  total
c
c ---- [ statistics ] --------------------------------------------------------
c
c chronological:                          149                0 %  conflicts
c conflicts:                           157941             5833.40 per second
c congruent:                            16554               12 %  variables
c decisions:                           858016                5.43 per conflict
c eliminated:                           22843               16 %  variables
c factored:                               109                0 %  variables
c iterations:                               4                0 %  variables
c propagations:                     261416627          9655170    per second
c reductions:                              38             4156    interval
c reordered:                                5            31588    interval
c rephased:                                11            14358    interval
c restarts:                              7619               21    interval
c strengthened:                          4024                0 %  checks
c substituted:                          28214               20 %  variables
c subsumed:                             18738                0 %  checks
c switched:                                19             8313    interval
c vivified:                             36264               10 %  checks
c walks:                                    4            39485    interval
c
c ---- [ glue usage ] --------------------------------------------------------
c
c focused glue 2    used 55586 clauses 17.41% accumulated 63.85% tier1
c focused glue 3    used 28780 clauses  9.01% accumulated 72.86%
c focused glue 4-10 used 51724 clauses 16.20% accumulated 89.06%
c focused glue 11   used  2571 clauses  0.81% accumulated 89.86%
c focused glue 12   used  2394 clauses  0.75% accumulated 90.61% tier2
c
c stable glue 2    used 109869 clauses 17.58% accumulated 56.12% tier1
c stable glue 3    used  58092 clauses  9.29% accumulated 65.41%
c stable glue 4-17 used 147336 clauses 23.57% accumulated 88.98%
c stable glue 18   used   3780 clauses  0.60% accumulated 89.59%
c stable glue 19   used   2653 clauses  0.42% accumulated 90.01% tier2
c
c ---- [ resources ] ---------------------------------------------------------
c
c maximum-resident-set-size:      82225135616 bytes      78416 MB
c process-time:                            27s              27.07 seconds
c raising signal 15 (SIGTERM)
