# 2026-09-27T03:09:06Z ic bench --koblitz-degree 23 --koblitz-a 0 --factor-base koblitz-symmetrised:divisor=0;1 --oracle symmetrised:m=2 --repeats 3 --rho-runs 8 --seed 123212651130
{
  "all_verified": true,
  "calibration": {
    "ns_per_add": 273.14975,
    "ns_per_as_solve": 22.2746,
    "ns_per_canon": null,
    "ns_per_double": 268.034275,
    "ns_per_frobenius": 8.602155,
    "ns_per_inversion": null,
    "ns_per_legendre": null,
    "ns_per_lookup": 0.0,
    "ns_per_row_op": 3.4008359375,
    "ns_per_s4_pair": null,
    "ns_per_sqrt": null,
    "ns_per_word_xor": 0.467234130859375,
    "pinned_units": []
  },
  "calibration_pins": {
    "measured": [
      "ns_per_double",
      "ns_per_lookup",
      "ns_per_row_op",
      "ns_per_as_solve",
      "ns_per_word_xor",
      "ns_per_frobenius"
    ],
    "pinned": []
  },
  "configurations_run": 3,
  "configurations_skipped": [],
  "elapsed_seconds": 10.339361523,
  "instance": "K_0 / GF(2^23)",
  "markdown": "| instance | configuration | base | cols | pts/col | hit rate | trials | rows | rank | D_solve | D_sr | S | vs rho | correct |\n|:--|:--|--:|--:|--:|--:|--:|--:|--:|--:|:--|--:|--:|:--|\n| K_0 / GF(2^23) | koblitz-symmetrised[divisor=0;1] + symmetrised[divisor=0;1,m=2] + — + walk | 4049 | 89 | 45.5 | 0.350 | 117 | 41 | 41 | — | 5 | 9319.153 | 8511.25× | yes |\n| K_0 / GF(2^23) | koblitz-symmetrised[divisor=0;1] + symmetrised[divisor=0;1,m=2] + — + walk | 4049 | 89 | 45.5 | 0.387 | 106 | 41 | 41 | — | 5 | 8499.510 | 7762.66× | yes |\n| K_0 / GF(2^23) | koblitz-symmetrised[divisor=0;1] + symmetrised[divisor=0;1,m=2] + — + walk | 4049 | 89 | 45.5 | 0.313 | 83 | 26 | 26 | — | 5 | 7105.194 | 6489.23× | yes |\n",
  "operation": "bench",
  "regime": "koblitz",
  "rho_reference": {
    "all_verified": true,
    "automorphisms": 2,
    "max_s": 2.050139849515552,
    "mean_s": 1.0949218089499122,
    "mean_s_walk": 0.9444251041947904,
    "method": "negation-map r-adding walk: look-ahead, short-cycle escape by doubling, distinguished points, stride starts",
    "min_s": 0.4676363470761552,
    "per_run": [
      {
        "planted": 1703755,
        "s": 0.4676363470761552,
        "s_walk": 0.3357034928788943,
        "seed": 124055164282,
        "steps": 450,
        "steps_over_expected": 0.3788008276857411,
        "verified": true
      },
      {
        "planted": 1744258,
        "s": 1.650196799357363,
        "s_walk": 1.4871802884120562,
        "seed": 124055164283,
        "steps": 1991,
        "steps_over_expected": 1.6781032551592603,
        "verified": true
      },
      {
        "planted": 1784761,
        "s": 0.5588150735370894,
        "s_walk": 0.4172117483515476,
        "seed": 124055164280,
        "steps": 558,
        "steps_over_expected": 0.4707730451073819,
        "verified": true
      },
      {
        "planted": 1703755,
        "s": 0.8406402280527043,
        "s_walk": 0.6914386756620847,
        "seed": 124055164281,
        "steps": 926,
        "steps_over_expected": 0.7802049969412074,
        "verified": true
      },
      {
        "planted": 1744258,
        "s": 2.050139849515552,
        "s_walk": 1.8684731445214176,
        "seed": 124055164286,
        "steps": 2491,
        "steps_over_expected": 2.1083461705554107,
        "verified": true
      },
      {
        "planted": 1784761,
        "s": 1.0927632216757421,
        "s_walk": 0.9435616692851225,
        "seed": 124055164287,
        "steps": 1283,
        "steps_over_expected": 1.0646953304911981,
        "verified": true
      },
      {
        "planted": 1703755,
        "s": 0.7004183987226312,
        "s_walk": 0.5601965693925581,
        "seed": 124055164284,
        "steps": 747,
        "steps_over_expected": 0.6321141383809383,
        "verified": true
      },
      {
        "planted": 1744258,
        "s": 1.3987645536620594,
        "s_walk": 1.2516352450546429,
        "seed": 124055164285,
        "steps": 1674,
        "steps_over_expected": 1.4123191353221456,
        "verified": true
      }
    ],
    "runs": 8
  },
  "rho_reference_candidates": [
    {
      "all_verified": true,
      "automorphisms": 46,
      "max_s": 1.3092747233107804,
      "mean_s": 1.1111164115419885,
      "mean_s_walk": 0.20610191293773678,
      "method": "signed-Frobenius r-adding walk, distinguished points (koblitz_signed_frobenius_rho_reference)",
      "min_s": 0.9687359949377456,
      "per_run": [
        {
          "planted": 1703755,
          "s": 1.1352062455217242,
          "s_walk": 0.23140055579100735,
          "seed": 124055164282,
          "steps": 335,
          "steps_over_expected": 1.252227897959251,
          "verified": true
        },
        {
          "planted": 1744258,
          "s": 1.0979058574240692,
          "s_walk": 0.18857418427147765,
          "seed": 124055164283,
          "steps": 273,
          "steps_over_expected": 1.0204722869936582,
          "verified": true
        },
        {
          "planted": 1784761,
          "s": 1.1738881294748478,
          "s_walk": 0.2707731876718653,
          "seed": 124055164280,
          "steps": 392,
          "steps_over_expected": 1.4652935402985863,
          "verified": true
        },
        {
          "planted": 1703755,
          "s": 0.9687359949377456,
          "s_walk": 0.06216731349609153,
          "seed": 124055164281,
          "steps": 90,
          "steps_over_expected": 0.33641943527263457,
          "verified": true
        },
        {
          "planted": 1744258,
          "s": 1.0965243615686004,
          "s_walk": 0.19133717598241504,
          "seed": 124055164286,
          "steps": 277,
          "steps_over_expected": 1.0354242618946643,
          "verified": true
        },
        {
          "planted": 1784761,
          "s": 1.1186282952560997,
          "s_walk": 0.21482260552538296,
          "seed": 124055164287,
          "steps": 311,
          "steps_over_expected": 1.162516048553215,
          "verified": true
        },
        {
          "planted": 1703755,
          "s": 0.9887676848420418,
          "s_walk": 0.08496199511132509,
          "seed": 124055164284,
          "steps": 123,
          "steps_over_expected": 0.4597732282059339,
          "verified": true
        },
        {
          "planted": 1744258,
          "s": 1.3092747233107804,
          "s_walk": 0.4047782856523293,
          "seed": 124055164285,
          "steps": 586,
          "steps_over_expected": 2.1904643229973764,
          "verified": true
        }
      ],
      "runs": 8
    }
  ],
  "rho_reference_plain": {
    "all_verified": true,
    "automorphisms": 1,
    "max_s": 4.314411556628752,
    "mean_s": 2.5077603516395586,
    "mean_s_walk": 1.6114285719132724,
    "method": "r-adding walk, distinguished points, 16 jumps",
    "min_s": 0.6375603372988053,
    "per_run": [
      {
        "planted": 1703755,
        "s": 2.836901739204977,
        "s_walk": 1.7855833931932956,
        "seed": 124055164282,
        "steps": 2585,
        "steps_over_expected": 1.4246894214549228,
        "verified": true
      },
      {
        "planted": 1744258,
        "s": 1.7296328110468133,
        "s_walk": 0.9684285946835591,
        "seed": 124055164283,
        "steps": 1402,
        "steps_over_expected": 0.7726942239380278,
        "verified": true
      },
      {
        "planted": 1784761,
        "s": 3.4136762588631595,
        "s_walk": 2.070171539419848,
        "seed": 124055164280,
        "steps": 2997,
        "steps_over_expected": 1.651757909516597,
        "verified": true
      },
      {
        "planted": 1703755,
        "s": 0.6375603372988053,
        "s_walk": 0.1851204446328059,
        "seed": 124055164281,
        "steps": 268,
        "steps_over_expected": 0.14770474466147748,
        "verified": true
      },
      {
        "planted": 1744258,
        "s": 4.246718259710786,
        "s_walk": 3.3093733217752725,
        "seed": 124055164286,
        "steps": 4791,
        "steps_over_expected": 2.6404978793773832,
        "verified": true
      },
      {
        "planted": 1784761,
        "s": 1.7620979636503278,
        "s_walk": 1.011254966203089,
        "seed": 124055164287,
        "steps": 1464,
        "steps_over_expected": 0.8068647245686681,
        "verified": true
      },
      {
        "planted": 1703755,
        "s": 4.314411556628752,
        "s_walk": 3.0904062286834835,
        "seed": 124055164284,
        "steps": 4474,
        "steps_over_expected": 2.465787416475561,
        "verified": true
      },
      {
        "planted": 1744258,
        "s": 1.1210838867128505,
        "s_walk": 0.47109008671482694,
        "seed": 124055164285,
        "steps": 682,
        "steps_over_expected": 0.37587550693704347,
        "verified": true
      }
    ],
    "runs": 8
  },
  "rho_reference_rule": "Koblitz curve: the signed-Frobenius walk (A = 2n) and the negation walk (A = 2) on the same seeds; the lower mean S prices the column, the other is kept in rho_reference_candidates",
  "rows": [
    {
      "decomposition": {
        "cost": {
          "gae": 13490894.713677205,
          "group_ops": {
            "adds": 679,
            "doubles": 652,
            "scalar_mults": 34
          },
          "native": {
            "canonicalisations": 0,
            "direct_relations_skipped": 0,
            "frobfold_mismatches": 0,
            "inversions": 0,
            "lift_failures": 0,
            "lookups": 0,
            "relations": 41,
            "repeated_targets_skipped": 0,
            "s4_hits": 0,
            "s4_pairs": 0,
            "solver_budget_exceeded": 0,
            "solver_calls": 117,
            "solver_ops": 109047818,
            "sqrt_solves": 0,
            "target_guard_probes": 117,
            "trials": 117,
            "unliftable_systems": 0,
            "walk_jumps": 16,
            "walk_pool_offsets": 0,
            "walk_pool_ops": 0,
            "walk_pool_restarts": 0,
            "walk_restarts": 1,
            "walk_steps": 116
          },
          "wall_ns": 3685884785
        },
        "description": "solve the symmetrised S_3 in w = u² + u, s = Σu over F_u with inherited-f4 (Macaulay cap 3, 4096 splits)",
        "hit_rate": 0.3504273504273504,
        "name": "symmetrised",
        "relations_found": 41,
        "setup": {
          "gae": 0.0,
          "group_ops": {
            "adds": 0,
            "doubles": 0,
            "scalar_mults": 0
          },
          "native": {},
          "wall_ns": 23188651
        },
        "solver": {
          "budget_exceeded": 0,
          "calls": 117,
          "degree_over_bound": null,
          "extra": {
            "oversize": 0,
            "splits": 45114,
            "used_t": 0
          },
          "gae": 13489563.713677205,
          "name": "symmetrised inherited-f4 (cap 3, budget 4096)",
          "ns_per_op": 33.789497337764246,
          "op_unit": "word XORs (elimination, specialisation and linear elimination only)",
          "ops": 109047818,
          "peak_bytes": 0,
          "priced_by": "measured",
          "semi_regular_degree": 5,
          "solving_degree_max": 0,
          "solving_degree_mean": null,
          "wall_ns": 3684670956
        },
        "summands": 2,
        "system": {
          "degrees": [
            2,
            2,
            2,
            2,
            2,
            2,
            2,
            2,
            2,
            2,
            2,
            2,
            2,
            2,
            2,
            2,
            2,
            2,
            2,
            2,
            2,
            2,
            2
          ],
          "n_equations": 23,
          "n_vars": 23,
          "semi_regular_degree": 5
        },
        "targets_tried": 117
      },
      "exhausted": false,
      "factor_base": {
        "abscissae": 2025,
        "columns": 89,
        "cost": {
          "gae": 461.44875693644235,
          "group_ops": {
            "adds": 0,
            "doubles": 0,
            "scalar_mults": 0
          },
          "native": {
            "abscissae_scanned": 4095,
            "as_solves": 4095,
            "derived_counts": 1,
            "frobenius_maps": 4049
          },
          "wall_ns": 46504325
        },
        "description": "F_u = {P : 1/(x + 1) ∈ V} for the Frobenius-invariant V ∋ 1 of divisor 0;1, each signed Frobenius orbit folded onto one column",
        "name": "koblitz-symmetrised",
        "points_per_column": 45.49438202247191,
        "signed_points": 4049
      },
      "group_order": 8383412,
      "instance": "K_0 / GF(2^23)",
      "label": "koblitz-symmetrised[divisor=0;1] + symmetrised[divisor=0;1,m=2] + — + walk",
      "linear_algebra": {
        "cost": {
          "gae": 5.079781557552222,
          "group_ops": {
            "adds": 0,
            "doubles": 0,
            "scalar_mults": 0
          },
          "native": {
            "columns": 90,
            "pinned_by_repeated_row": 0,
            "rank": 41,
            "repeated_column_rows": 0,
            "row_ops": 408,
            "rows": 41,
            "single_column_rows": 2,
            "two_column_rows": 39
          },
          "wall_ns": 260132
        },
        "dependent": 0,
        "name": "incremental-gauss",
        "rank": 41,
        "rows": 41,
        "work": 408,
        "work_unit": "row_ops"
      },
      "log2_r": 20.999106101271966,
      "r": 2095853,
      "recovered": 1703755,
      "rho_s": 1.0949218089499122,
      "s": 9319.153305805568,
      "s_over_rho": 8511.250054232756,
      "spec": {
        "factor_base": "koblitz-symmetrised",
        "factor_base_params": {
          "divisor": "0;1"
        },
        "linalg": "incremental-gauss",
        "max_trials": 2000000,
        "oracle": "symmetrised",
        "oracle_params": {
          "divisor": "0;1",
          "m": "2"
        },
        "seed": 123212651130,
        "solver": null,
        "solver_budget_seconds": 120,
        "solver_params": {},
        "targets": "Walk"
      },
      "total_gae": 13491395.2422157,
      "verified": true,
      "verify": {
        "gae": 34.0,
        "group_ops": {
          "adds": 14,
          "doubles": 20,
          "scalar_mults": 1
        },
        "native": {},
        "wall_ns": 9526
      },
      "wall_seconds": 3.7558873139999998
    },
    {
      "decomposition": {
        "cost": {
          "gae": 12304295.97895843,
          "group_ops": {
            "adds": 643,
            "doubles": 643,
            "scalar_mults": 34
          },
          "native": {
            "canonicalisations": 0,
            "direct_relations_skipped": 0,
            "frobfold_mismatches": 0,
            "inversions": 0,
            "lift_failures": 0,
            "lookups": 0,
            "relations": 41,
            "repeated_targets_skipped": 0,
            "s4_hits": 0,
            "s4_pairs": 0,
            "solver_budget_exceeded": 0,
            "solver_calls": 106,
            "solver_ops": 96055585,
            "sqrt_solves": 0,
            "target_guard_probes": 106,
            "trials": 106,
            "unliftable_systems": 0,
            "walk_jumps": 16,
            "walk_pool_offsets": 0,
            "walk_pool_ops": 0,
            "walk_pool_restarts": 0,
            "walk_restarts": 1,
            "walk_steps": 105
          },
          "wall_ns": 3361764922
        },
        "description": "solve the symmetrised S_3 in w = u² + u, s = Σu over F_u with inherited-f4 (Macaulay cap 3, 4096 splits)",
        "hit_rate": 0.3867924528301887,
        "name": "symmetrised",
        "relations_found": 41,
        "setup": {
          "gae": 0.0,
          "group_ops": {
            "adds": 0,
            "doubles": 0,
            "scalar_mults": 0
          },
          "native": {},
          "wall_ns": 24433970
        },
        "solver": {
          "budget_exceeded": 0,
          "calls": 106,
          "degree_over_bound": null,
          "extra": {
            "oversize": 0,
            "splits": 39040,
            "used_t": 0
          },
          "gae": 12303009.97895843,
          "name": "symmetrised inherited-f4 (cap 3, budget 4096)",
          "ns_per_op": 34.98561900382992,
          "op_unit": "word XORs (elimination, specialisation and linear elimination only)",
          "ops": 96055585,
          "peak_bytes": 0,
          "priced_by": "measured",
          "semi_regular_degree": 5,
          "solving_degree_max": 0,
          "solving_degree_mean": null,
          "wall_ns": 3360564100
        },
        "summands": 2,
        "system": {
          "degrees": [
            2,
            2,
            2,
            2,
            2,
            2,
            2,
            2,
            2,
            2,
            2,
            2,
            2,
            2,
            2,
            2,
            2,
            2,
            2,
            2,
            2,
            2,
            2
          ],
          "n_equations": 23,
          "n_vars": 23,
          "semi_regular_degree": 5
        },
        "targets_tried": 106
      },
      "exhausted": false,
      "factor_base": {
        "abscissae": 2025,
        "columns": 89,
        "cost": {
          "gae": 461.44875693644235,
          "group_ops": {
            "adds": 0,
            "doubles": 0,
            "scalar_mults": 0
          },
          "native": {
            "abscissae_scanned": 4095,
            "as_solves": 4095,
            "derived_counts": 1,
            "frobenius_maps": 4049
          },
          "wall_ns": 45478910
        },
        "description": "F_u = {P : 1/(x + 1) ∈ V} for the Frobenius-invariant V ∋ 1 of divisor 0;1, each signed Frobenius orbit folded onto one column",
        "name": "koblitz-symmetrised",
        "points_per_column": 45.49438202247191,
        "signed_points": 4049
      },
      "group_order": 8383412,
      "instance": "K_0 / GF(2^23)",
      "label": "koblitz-symmetrised[divisor=0;1] + symmetrised[divisor=0;1,m=2] + — + walk",
      "linear_algebra": {
        "cost": {
          "gae": 5.503096687348241,
          "group_ops": {
            "adds": 0,
            "doubles": 0,
            "scalar_mults": 0
          },
          "native": {
            "columns": 90,
            "pinned_by_repeated_row": 0,
            "rank": 41,
            "repeated_column_rows": 0,
            "row_ops": 442,
            "rows": 41,
            "single_column_rows": 3,
            "two_column_rows": 38
          },
          "wall_ns": 338234
        },
        "dependent": 0,
        "name": "incremental-gauss",
        "rank": 41,
        "rows": 41,
        "work": 442,
        "work_unit": "row_ops"
      },
      "log2_r": 20.999106101271966,
      "r": 2095853,
      "recovered": 1744258,
      "rho_s": 1.0949218089499122,
      "s": 8499.50952741078,
      "s_over_rho": 7762.663468693037,
      "spec": {
        "factor_base": "koblitz-symmetrised",
        "factor_base_params": {
          "divisor": "0;1"
        },
        "linalg": "incremental-gauss",
        "max_trials": 2000000,
        "oracle": "symmetrised",
        "oracle_params": {
          "divisor": "0;1",
          "m": "2"
        },
        "seed": 123212691633,
        "solver": null,
        "solver_budget_seconds": 120,
        "solver_params": {},
        "targets": "Walk"
      },
      "total_gae": 12304791.930812053,
      "verified": true,
      "verify": {
        "gae": 29.0,
        "group_ops": {
          "adds": 9,
          "doubles": 20,
          "scalar_mults": 1
        },
        "native": {},
        "wall_ns": 9140
      },
      "wall_seconds": 3.432057869
    },
    {
      "decomposition": {
        "cost": {
          "gae": 10285736.120210618,
          "group_ops": {
            "adds": 543,
            "doubles": 651,
            "scalar_mults": 34
          },
          "native": {
            "canonicalisations": 0,
            "direct_relations_skipped": 0,
            "frobfold_mismatches": 0,
            "inversions": 0,
            "lift_failures": 0,
            "lookups": 0,
            "relations": 26,
            "repeated_targets_skipped": 0,
            "s4_hits": 0,
            "s4_pairs": 0,
            "solver_budget_exceeded": 0,
            "solver_calls": 83,
            "solver_ops": 79944694,
            "sqrt_solves": 0,
            "target_guard_probes": 83,
            "trials": 83,
            "unliftable_systems": 0,
            "walk_jumps": 16,
            "walk_pool_offsets": 0,
            "walk_pool_ops": 0,
            "walk_pool_restarts": 0,
            "walk_restarts": 1,
            "walk_steps": 82
          },
          "wall_ns": 2810277720
        },
        "description": "solve the symmetrised S_3 in w = u² + u, s = Σu over F_u with inherited-f4 (Macaulay cap 3, 4096 splits)",
        "hit_rate": 0.3132530120481928,
        "name": "symmetrised",
        "relations_found": 26,
        "setup": {
          "gae": 0.0,
          "group_ops": {
            "adds": 0,
            "doubles": 0,
            "scalar_mults": 0
          },
          "native": {},
          "wall_ns": 25096991
        },
        "solver": {
          "budget_exceeded": 0,
          "calls": 83,
          "degree_over_bound": null,
          "extra": {
            "oversize": 0,
            "splits": 33478,
            "used_t": 0
          },
          "gae": 10284542.120210618,
          "name": "symmetrised inherited-f4 (cap 3, budget 4096)",
          "ns_per_op": 35.139544207899526,
          "op_unit": "word XORs (elimination, specialisation and linear elimination only)",
          "ops": 79944694,
          "peak_bytes": 0,
          "priced_by": "measured",
          "semi_regular_degree": 5,
          "solving_degree_max": 0,
          "solving_degree_mean": null,
          "wall_ns": 2809220109
        },
        "summands": 2,
        "system": {
          "degrees": [
            2,
            2,
            2,
            2,
            2,
            2,
            2,
            2,
            2,
            2,
            2,
            2,
            2,
            2,
            2,
            2,
            2,
            2,
            2,
            2,
            2,
            2,
            2
          ],
          "n_equations": 23,
          "n_vars": 23,
          "semi_regular_degree": 5
        },
        "targets_tried": 83
      },
      "exhausted": false,
      "factor_base": {
        "abscissae": 2025,
        "columns": 89,
        "cost": {
          "gae": 461.44875693644235,
          "group_ops": {
            "adds": 0,
            "doubles": 0,
            "scalar_mults": 0
          },
          "native": {
            "abscissae_scanned": 4095,
            "as_solves": 4095,
            "derived_counts": 1,
            "frobenius_maps": 4049
          },
          "wall_ns": 48520768
        },
        "description": "F_u = {P : 1/(x + 1) ∈ V} for the Frobenius-invariant V ∋ 1 of divisor 0;1, each signed Frobenius orbit folded onto one column",
        "name": "koblitz-symmetrised",
        "points_per_column": 45.49438202247191,
        "signed_points": 4049
      },
      "group_order": 8383412,
      "instance": "K_0 / GF(2^23)",
      "label": "koblitz-symmetrised[divisor=0;1] + symmetrised[divisor=0;1,m=2] + — + walk",
      "linear_algebra": {
        "cost": {
          "gae": 2.5772421137581127,
          "group_ops": {
            "adds": 0,
            "doubles": 0,
            "scalar_mults": 0
          },
          "native": {
            "columns": 90,
            "pinned_by_repeated_row": 0,
            "rank": 26,
            "repeated_column_rows": 0,
            "row_ops": 207,
            "rows": 26,
            "single_column_rows": 2,
            "two_column_rows": 24
          },
          "wall_ns": 223479
        },
        "dependent": 0,
        "name": "incremental-gauss",
        "rank": 26,
        "rows": 26,
        "work": 207,
        "work_unit": "row_ops"
      },
      "log2_r": 20.999106101271966,
      "r": 2095853,
      "recovered": 1784761,
      "rho_s": 1.0949218089499122,
      "s": 7105.194229936715,
      "s_over_rho": 6489.22523221176,
      "spec": {
        "factor_base": "koblitz-symmetrised",
        "factor_base_params": {
          "divisor": "0;1"
        },
        "linalg": "incremental-gauss",
        "max_trials": 2000000,
        "oracle": "symmetrised",
        "oracle_params": {
          "divisor": "0;1",
          "m": "2"
        },
        "seed": 123212732136,
        "solver": null,
        "solver_budget_seconds": 120,
        "solver_params": {},
        "targets": "Walk"
      },
      "total_gae": 10286233.146209668,
      "verified": true,
      "verify": {
        "gae": 33.0,
        "group_ops": {
          "adds": 13,
          "doubles": 20,
          "scalar_mults": 1
        },
        "native": {},
        "wall_ns": 9660
      },
      "wall_seconds": 2.88416494
    }
  ],
  "schema_version": 1,
  "software": {
    "arch": "x86_64",
    "binary_blake3": "893b39cf11f4ad387d168c940028fe2a89e5493b111938fe52a6e745016ada78",
    "os": "linux",
    "version": "0.1.0"
  },
  "status": "complete",
  "what_this_is": "Index-calculus configurations -- each a choice of factor base, target source, decomposition oracle, polynomial solver and relation matrix -- run end to end against a planted logarithm, with every stage's cost in group-addition equivalents and the total divided by sqrt(r).",
  "what_this_is_not": [
    "not a speed claim: a configuration on a toy instance is a measurement, and a comparison needs the matched reference rows AGENTS.md section 1 asks for",
    "not a wall-clock benchmark: operation counts are the metric, wall time rides along",
    "not a claim about any deployed curve"
  ]
}
# exit 0 at 2026-09-27T03:09:16Z
