# 2026-09-27T03:09:24Z ic bench --koblitz-degree 23 --koblitz-a 0 --factor-base koblitz-orbit:divisor=0;1 --oracle descent-algebraic:m=2 --solver inherited-f4 --repeats 3 --rho-runs 8 --seed 123212651130
{
  "all_verified": true,
  "calibration": {
    "ns_per_add": 280.11319,
    "ns_per_as_solve": 23.85025,
    "ns_per_canon": null,
    "ns_per_double": 274.111925,
    "ns_per_frobenius": 9.1447,
    "ns_per_inversion": null,
    "ns_per_legendre": null,
    "ns_per_lookup": 0.0,
    "ns_per_row_op": 4.349662109375,
    "ns_per_s4_pair": null,
    "ns_per_sqrt": null,
    "ns_per_word_xor": 0.4947572021484375,
    "pinned_units": []
  },
  "calibration_pins": {
    "measured": [
      "ns_per_double",
      "ns_per_lookup",
      "ns_per_row_op",
      "ns_per_as_solve",
      "ns_per_word_xor",
      "ns_per_frobenius"
    ],
    "pinned": []
  },
  "configurations_run": 3,
  "configurations_skipped": [],
  "elapsed_seconds": 13.581181294,
  "instance": "K_0 / GF(2^23)",
  "markdown": "| instance | configuration | base | cols | pts/col | hit rate | trials | rows | rank | D_solve | D_sr | S | vs rho | correct |\n|:--|:--|--:|--:|--:|--:|--:|--:|--:|--:|:--|--:|--:|:--|\n| K_0 / GF(2^23) | koblitz-orbit[divisor=0;1] + descent-algebraic[m=2] + inherited-f4 + walk | 4235 | 94 | 45.1 | 0.588 | 97 | 57 | 57 | — | 6 | 11373.759 | 10387.74× | yes |\n| K_0 / GF(2^23) | koblitz-orbit[divisor=0;1] + descent-algebraic[m=2] + inherited-f4 + walk | 4235 | 94 | 45.1 | 0.626 | 99 | 62 | 62 | — | 6 | 11416.066 | 10426.38× | yes |\n| K_0 / GF(2^23) | koblitz-orbit[divisor=0;1] + descent-algebraic[m=2] + inherited-f4 + walk | 4235 | 94 | 45.1 | 0.651 | 86 | 56 | 56 | — | 6 | 10074.748 | 9201.34× | yes |\n",
  "operation": "bench",
  "regime": "koblitz",
  "rho_reference": {
    "all_verified": true,
    "automorphisms": 2,
    "max_s": 2.050139849515552,
    "mean_s": 1.0949218089499122,
    "mean_s_walk": 0.9444251041947904,
    "method": "negation-map r-adding walk: look-ahead, short-cycle escape by doubling, distinguished points, stride starts",
    "min_s": 0.4676363470761552,
    "per_run": [
      {
        "planted": 1703755,
        "s": 0.4676363470761552,
        "s_walk": 0.3357034928788943,
        "seed": 124055164282,
        "steps": 450,
        "steps_over_expected": 0.3788008276857411,
        "verified": true
      },
      {
        "planted": 1744258,
        "s": 1.650196799357363,
        "s_walk": 1.4871802884120562,
        "seed": 124055164283,
        "steps": 1991,
        "steps_over_expected": 1.6781032551592603,
        "verified": true
      },
      {
        "planted": 1784761,
        "s": 0.5588150735370894,
        "s_walk": 0.4172117483515476,
        "seed": 124055164280,
        "steps": 558,
        "steps_over_expected": 0.4707730451073819,
        "verified": true
      },
      {
        "planted": 1703755,
        "s": 0.8406402280527043,
        "s_walk": 0.6914386756620847,
        "seed": 124055164281,
        "steps": 926,
        "steps_over_expected": 0.7802049969412074,
        "verified": true
      },
      {
        "planted": 1744258,
        "s": 2.050139849515552,
        "s_walk": 1.8684731445214176,
        "seed": 124055164286,
        "steps": 2491,
        "steps_over_expected": 2.1083461705554107,
        "verified": true
      },
      {
        "planted": 1784761,
        "s": 1.0927632216757421,
        "s_walk": 0.9435616692851225,
        "seed": 124055164287,
        "steps": 1283,
        "steps_over_expected": 1.0646953304911981,
        "verified": true
      },
      {
        "planted": 1703755,
        "s": 0.7004183987226312,
        "s_walk": 0.5601965693925581,
        "seed": 124055164284,
        "steps": 747,
        "steps_over_expected": 0.6321141383809383,
        "verified": true
      },
      {
        "planted": 1744258,
        "s": 1.3987645536620594,
        "s_walk": 1.2516352450546429,
        "seed": 124055164285,
        "steps": 1674,
        "steps_over_expected": 1.4123191353221456,
        "verified": true
      }
    ],
    "runs": 8
  },
  "rho_reference_candidates": [
    {
      "all_verified": true,
      "automorphisms": 46,
      "max_s": 1.3092747233107804,
      "mean_s": 1.1111164115419885,
      "mean_s_walk": 0.20610191293773678,
      "method": "signed-Frobenius r-adding walk, distinguished points (koblitz_signed_frobenius_rho_reference)",
      "min_s": 0.9687359949377456,
      "per_run": [
        {
          "planted": 1703755,
          "s": 1.1352062455217242,
          "s_walk": 0.23140055579100735,
          "seed": 124055164282,
          "steps": 335,
          "steps_over_expected": 1.252227897959251,
          "verified": true
        },
        {
          "planted": 1744258,
          "s": 1.0979058574240692,
          "s_walk": 0.18857418427147765,
          "seed": 124055164283,
          "steps": 273,
          "steps_over_expected": 1.0204722869936582,
          "verified": true
        },
        {
          "planted": 1784761,
          "s": 1.1738881294748478,
          "s_walk": 0.2707731876718653,
          "seed": 124055164280,
          "steps": 392,
          "steps_over_expected": 1.4652935402985863,
          "verified": true
        },
        {
          "planted": 1703755,
          "s": 0.9687359949377456,
          "s_walk": 0.06216731349609153,
          "seed": 124055164281,
          "steps": 90,
          "steps_over_expected": 0.33641943527263457,
          "verified": true
        },
        {
          "planted": 1744258,
          "s": 1.0965243615686004,
          "s_walk": 0.19133717598241504,
          "seed": 124055164286,
          "steps": 277,
          "steps_over_expected": 1.0354242618946643,
          "verified": true
        },
        {
          "planted": 1784761,
          "s": 1.1186282952560997,
          "s_walk": 0.21482260552538296,
          "seed": 124055164287,
          "steps": 311,
          "steps_over_expected": 1.162516048553215,
          "verified": true
        },
        {
          "planted": 1703755,
          "s": 0.9887676848420418,
          "s_walk": 0.08496199511132509,
          "seed": 124055164284,
          "steps": 123,
          "steps_over_expected": 0.4597732282059339,
          "verified": true
        },
        {
          "planted": 1744258,
          "s": 1.3092747233107804,
          "s_walk": 0.4047782856523293,
          "seed": 124055164285,
          "steps": 586,
          "steps_over_expected": 2.1904643229973764,
          "verified": true
        }
      ],
      "runs": 8
    }
  ],
  "rho_reference_plain": {
    "all_verified": true,
    "automorphisms": 1,
    "max_s": 4.314411556628752,
    "mean_s": 2.5077603516395586,
    "mean_s_walk": 1.6114285719132724,
    "method": "r-adding walk, distinguished points, 16 jumps",
    "min_s": 0.6375603372988053,
    "per_run": [
      {
        "planted": 1703755,
        "s": 2.836901739204977,
        "s_walk": 1.7855833931932956,
        "seed": 124055164282,
        "steps": 2585,
        "steps_over_expected": 1.4246894214549228,
        "verified": true
      },
      {
        "planted": 1744258,
        "s": 1.7296328110468133,
        "s_walk": 0.9684285946835591,
        "seed": 124055164283,
        "steps": 1402,
        "steps_over_expected": 0.7726942239380278,
        "verified": true
      },
      {
        "planted": 1784761,
        "s": 3.4136762588631595,
        "s_walk": 2.070171539419848,
        "seed": 124055164280,
        "steps": 2997,
        "steps_over_expected": 1.651757909516597,
        "verified": true
      },
      {
        "planted": 1703755,
        "s": 0.6375603372988053,
        "s_walk": 0.1851204446328059,
        "seed": 124055164281,
        "steps": 268,
        "steps_over_expected": 0.14770474466147748,
        "verified": true
      },
      {
        "planted": 1744258,
        "s": 4.246718259710786,
        "s_walk": 3.3093733217752725,
        "seed": 124055164286,
        "steps": 4791,
        "steps_over_expected": 2.6404978793773832,
        "verified": true
      },
      {
        "planted": 1784761,
        "s": 1.7620979636503278,
        "s_walk": 1.011254966203089,
        "seed": 124055164287,
        "steps": 1464,
        "steps_over_expected": 0.8068647245686681,
        "verified": true
      },
      {
        "planted": 1703755,
        "s": 4.314411556628752,
        "s_walk": 3.0904062286834835,
        "seed": 124055164284,
        "steps": 4474,
        "steps_over_expected": 2.465787416475561,
        "verified": true
      },
      {
        "planted": 1744258,
        "s": 1.1210838867128505,
        "s_walk": 0.47109008671482694,
        "seed": 124055164285,
        "steps": 682,
        "steps_over_expected": 0.37587550693704347,
        "verified": true
      }
    ],
    "runs": 8
  },
  "rho_reference_rule": "Koblitz curve: the signed-Frobenius walk (A = 2n) and the negation walk (A = 2) on the same seeds; the lower mean S prices the column, the other is kept in rho_reference_candidates",
  "rows": [
    {
      "decomposition": {
        "cost": {
          "gae": 16465330.497874271,
          "group_ops": {
            "adds": 763,
            "doubles": 652,
            "scalar_mults": 34
          },
          "native": {
            "canonicalisations": 0,
            "direct_relations_skipped": 0,
            "frobfold_mismatches": 0,
            "inversions": 0,
            "lift_failures": 0,
            "lookups": 0,
            "relations": 57,
            "repeated_targets_skipped": 0,
            "s4_hits": 0,
            "s4_pairs": 0,
            "solver_budget_exceeded": 0,
            "solver_calls": 97,
            "solver_ops": 171434382,
            "sqrt_solves": 0,
            "target_guard_probes": 97,
            "trials": 97,
            "unliftable_systems": 0,
            "walk_jumps": 16,
            "walk_pool_offsets": 0,
            "walk_pool_ops": 0,
            "walk_pool_restarts": 0,
            "walk_restarts": 1,
            "walk_steps": 96
          },
          "wall_ns": 4627298125
        },
        "description": "Weil-descend S_3 over the base's abscissa subspace and solve with inherited-f4",
        "hit_rate": 0.5876288659793815,
        "name": "descent-algebraic",
        "relations_found": 57,
        "setup": {
          "gae": 0.0,
          "group_ops": {
            "adds": 0,
            "doubles": 0,
            "scalar_mults": 0
          },
          "native": {},
          "wall_ns": 131454
        },
        "solver": {
          "budget_exceeded": 0,
          "calls": 97,
          "degree_over_bound": null,
          "extra": {
            "eliminated": 9,
            "engine_overridden_by_environment": 0,
            "infeasible_branches": 49485,
            "max_degree": 291,
            "oversize": 0,
            "propagations": 2721,
            "reduction_cache_on": 0,
            "reductions": 99412,
            "splits": 49569,
            "verification_tests": 349843
          },
          "gae": 16463915.497874271,
          "name": "inherited-f4",
          "ns_per_op": 26.901020881563888,
          "op_unit": "word XORs (elimination, specialisation and linear elimination only)",
          "ops": 171434382,
          "peak_bytes": 0,
          "priced_by": "measured",
          "semi_regular_degree": 6,
          "solving_degree_max": 0,
          "solving_degree_mean": null,
          "wall_ns": 4611759890
        },
        "summands": 2,
        "system": {
          "degrees": [
            2,
            2,
            2,
            2,
            2,
            2,
            2,
            2,
            2,
            2,
            2,
            2,
            2,
            2,
            2,
            2,
            2,
            2,
            2,
            2,
            2,
            2,
            2
          ],
          "n_equations": 23,
          "n_vars": 24,
          "semi_regular_degree": 6
        },
        "targets_tried": 97
      },
      "exhausted": false,
      "factor_base": {
        "abscissae": 2118,
        "columns": 94,
        "cost": {
          "gae": 487.0117986946634,
          "group_ops": {
            "adds": 0,
            "doubles": 0,
            "scalar_mults": 0
          },
          "native": {
            "abscissae_scanned": 4096,
            "as_solves": 4096,
            "derived_counts": 1,
            "frobenius_maps": 4235
          },
          "wall_ns": 4064046
        },
        "description": "the Frobenius-invariant subspace spanned by divisor factors 0;1, each signed Frobenius orbit folded onto one column",
        "name": "koblitz-orbit",
        "points_per_column": 45.0531914893617,
        "signed_points": 4235
      },
      "group_order": 8383412,
      "instance": "K_0 / GF(2^23)",
      "label": "koblitz-orbit[divisor=0;1] + descent-algebraic[m=2] + inherited-f4 + walk",
      "linear_algebra": {
        "cost": {
          "gae": 9.674087443510336,
          "group_ops": {
            "adds": 0,
            "doubles": 0,
            "scalar_mults": 0
          },
          "native": {
            "columns": 95,
            "pinned_by_repeated_row": 0,
            "rank": 57,
            "repeated_column_rows": 0,
            "row_ops": 623,
            "rows": 57,
            "single_column_rows": 2,
            "two_column_rows": 55
          },
          "wall_ns": 422694
        },
        "dependent": 0,
        "name": "incremental-gauss",
        "rank": 57,
        "rows": 57,
        "work": 623,
        "work_unit": "row_ops"
      },
      "log2_r": 20.999106101271966,
      "r": 2095853,
      "recovered": 1703755,
      "rho_s": 1.0949218089499122,
      "s": 11373.75949104398,
      "s_over_rho": 10387.736729759741,
      "spec": {
        "factor_base": "koblitz-orbit",
        "factor_base_params": {
          "divisor": "0;1"
        },
        "linalg": "incremental-gauss",
        "max_trials": 2000000,
        "oracle": "descent-algebraic",
        "oracle_params": {
          "m": "2"
        },
        "seed": 123212651130,
        "solver": "inherited-f4",
        "solver_budget_seconds": 120,
        "solver_params": {},
        "targets": "Walk"
      },
      "total_gae": 16465861.18376041,
      "verified": true,
      "verify": {
        "gae": 34.0,
        "group_ops": {
          "adds": 14,
          "doubles": 20,
          "scalar_mults": 1
        },
        "native": {},
        "wall_ns": 9899
      },
      "wall_seconds": 4.631966689
    },
    {
      "decomposition": {
        "cost": {
          "gae": 16526581.74083452,
          "group_ops": {
            "adds": 746,
            "doubles": 643,
            "scalar_mults": 34
          },
          "native": {
            "canonicalisations": 0,
            "direct_relations_skipped": 0,
            "frobfold_mismatches": 0,
            "inversions": 0,
            "lift_failures": 0,
            "lookups": 0,
            "relations": 62,
            "repeated_targets_skipped": 0,
            "s4_hits": 0,
            "s4_pairs": 0,
            "solver_budget_exceeded": 0,
            "solver_calls": 99,
            "solver_ops": 174007277,
            "sqrt_solves": 0,
            "target_guard_probes": 99,
            "trials": 99,
            "unliftable_systems": 0,
            "walk_jumps": 16,
            "walk_pool_offsets": 0,
            "walk_pool_ops": 0,
            "walk_pool_restarts": 0,
            "walk_restarts": 1,
            "walk_steps": 98
          },
          "wall_ns": 4644631150
        },
        "description": "Weil-descend S_3 over the base's abscissa subspace and solve with inherited-f4",
        "hit_rate": 0.6262626262626263,
        "name": "descent-algebraic",
        "relations_found": 62,
        "setup": {
          "gae": 0.0,
          "group_ops": {
            "adds": 0,
            "doubles": 0,
            "scalar_mults": 0
          },
          "native": {},
          "wall_ns": 126025
        },
        "solver": {
          "budget_exceeded": 0,
          "calls": 99,
          "degree_over_bound": null,
          "extra": {
            "eliminated": 0,
            "engine_overridden_by_environment": 0,
            "infeasible_branches": 50224,
            "max_degree": 297,
            "oversize": 0,
            "propagations": 3197,
            "reduction_cache_on": 0,
            "reductions": 100974,
            "splits": 50333,
            "verification_tests": 403926
          },
          "gae": 16525192.74083452,
          "name": "inherited-f4",
          "ns_per_op": 26.601901563001874,
          "op_unit": "word XORs (elimination, specialisation and linear elimination only)",
          "ops": 174007277,
          "peak_bytes": 0,
          "priced_by": "measured",
          "semi_regular_degree": 6,
          "solving_degree_max": 0,
          "solving_degree_mean": null,
          "wall_ns": 4628924454
        },
        "summands": 2,
        "system": {
          "degrees": [
            2,
            2,
            2,
            2,
            2,
            2,
            2,
            2,
            2,
            2,
            2,
            2,
            2,
            2,
            2,
            2,
            2,
            2,
            2,
            2,
            2,
            2,
            2
          ],
          "n_equations": 23,
          "n_vars": 24,
          "semi_regular_degree": 6
        },
        "targets_tried": 99
      },
      "exhausted": false,
      "factor_base": {
        "abscissae": 2118,
        "columns": 94,
        "cost": {
          "gae": 487.0117986946634,
          "group_ops": {
            "adds": 0,
            "doubles": 0,
            "scalar_mults": 0
          },
          "native": {
            "abscissae_scanned": 4096,
            "as_solves": 4096,
            "derived_counts": 1,
            "frobenius_maps": 4235
          },
          "wall_ns": 12994809
        },
        "description": "the Frobenius-invariant subspace spanned by divisor factors 0;1, each signed Frobenius orbit folded onto one column",
        "name": "koblitz-orbit",
        "points_per_column": 45.0531914893617,
        "signed_points": 4235
      },
      "group_order": 8383412,
      "instance": "K_0 / GF(2^23)",
      "label": "koblitz-orbit[divisor=0;1] + descent-algebraic[m=2] + inherited-f4 + walk",
      "linear_algebra": {
        "cost": {
          "gae": 11.397721000861296,
          "group_ops": {
            "adds": 0,
            "doubles": 0,
            "scalar_mults": 0
          },
          "native": {
            "columns": 95,
            "pinned_by_repeated_row": 0,
            "rank": 62,
            "repeated_column_rows": 0,
            "row_ops": 734,
            "rows": 62,
            "single_column_rows": 0,
            "two_column_rows": 62
          },
          "wall_ns": 571542
        },
        "dependent": 0,
        "name": "incremental-gauss",
        "rank": 62,
        "rows": 62,
        "work": 734,
        "work_unit": "row_ops"
      },
      "log2_r": 20.999106101271966,
      "r": 2095853,
      "recovered": 1744258,
      "rho_s": 1.0949218089499122,
      "s": 11416.066397046592,
      "s_over_rho": 10426.375932720897,
      "spec": {
        "factor_base": "koblitz-orbit",
        "factor_base_params": {
          "divisor": "0;1"
        },
        "linalg": "incremental-gauss",
        "max_trials": 2000000,
        "oracle": "descent-algebraic",
        "oracle_params": {
          "m": "2"
        },
        "seed": 123212691633,
        "solver": "inherited-f4",
        "solver_budget_seconds": 120,
        "solver_params": {},
        "targets": "Walk"
      },
      "total_gae": 16527109.150354214,
      "verified": true,
      "verify": {
        "gae": 29.0,
        "group_ops": {
          "adds": 9,
          "doubles": 20,
          "scalar_mults": 1
        },
        "native": {},
        "wall_ns": 10153
      },
      "wall_seconds": 4.658377865
    },
    {
      "decomposition": {
        "cost": {
          "gae": 14584746.038364243,
          "group_ops": {
            "adds": 702,
            "doubles": 651,
            "scalar_mults": 34
          },
          "native": {
            "canonicalisations": 0,
            "direct_relations_skipped": 0,
            "frobfold_mismatches": 0,
            "inversions": 0,
            "lift_failures": 0,
            "lookups": 0,
            "relations": 56,
            "repeated_targets_skipped": 0,
            "s4_hits": 0,
            "s4_pairs": 0,
            "solver_budget_exceeded": 0,
            "solver_calls": 86,
            "solver_ops": 152227263,
            "sqrt_solves": 0,
            "target_guard_probes": 86,
            "trials": 86,
            "unliftable_systems": 0,
            "walk_jumps": 16,
            "walk_pool_offsets": 0,
            "walk_pool_ops": 0,
            "walk_pool_restarts": 0,
            "walk_restarts": 1,
            "walk_steps": 85
          },
          "wall_ns": 4099494446
        },
        "description": "Weil-descend S_3 over the base's abscissa subspace and solve with inherited-f4",
        "hit_rate": 0.6511627906976745,
        "name": "descent-algebraic",
        "relations_found": 56,
        "setup": {
          "gae": 0.0,
          "group_ops": {
            "adds": 0,
            "doubles": 0,
            "scalar_mults": 0
          },
          "native": {},
          "wall_ns": 142553
        },
        "solver": {
          "budget_exceeded": 0,
          "calls": 86,
          "degree_over_bound": null,
          "extra": {
            "eliminated": 1,
            "engine_overridden_by_environment": 0,
            "infeasible_branches": 43853,
            "max_degree": 258,
            "oversize": 0,
            "propagations": 2683,
            "reduction_cache_on": 0,
            "reductions": 88157,
            "splits": 43947,
            "verification_tests": 347274
          },
          "gae": 14583393.038364243,
          "name": "inherited-f4",
          "ns_per_op": 26.83488269115106,
          "op_unit": "word XORs (elimination, specialisation and linear elimination only)",
          "ops": 152227263,
          "peak_bytes": 0,
          "priced_by": "measured",
          "semi_regular_degree": 6,
          "solving_degree_max": 0,
          "solving_degree_mean": null,
          "wall_ns": 4085000745
        },
        "summands": 2,
        "system": {
          "degrees": [
            2,
            2,
            2,
            2,
            2,
            2,
            2,
            2,
            2,
            2,
            2,
            2,
            2,
            2,
            2,
            2,
            2,
            2,
            2,
            2,
            2,
            2,
            2
          ],
          "n_equations": 23,
          "n_vars": 24,
          "semi_regular_degree": 6
        },
        "targets_tried": 86
      },
      "exhausted": false,
      "factor_base": {
        "abscissae": 2118,
        "columns": 94,
        "cost": {
          "gae": 487.0117986946634,
          "group_ops": {
            "adds": 0,
            "doubles": 0,
            "scalar_mults": 0
          },
          "native": {
            "abscissae_scanned": 4096,
            "as_solves": 4096,
            "derived_counts": 1,
            "frobenius_maps": 4235
          },
          "wall_ns": 4263958
        },
        "description": "the Frobenius-invariant subspace spanned by divisor factors 0;1, each signed Frobenius orbit folded onto one column",
        "name": "koblitz-orbit",
        "points_per_column": 45.0531914893617,
        "signed_points": 4235
      },
      "group_order": 8383412,
      "instance": "K_0 / GF(2^23)",
      "label": "koblitz-orbit[divisor=0;1] + descent-algebraic[m=2] + inherited-f4 + walk",
      "linear_algebra": {
        "cost": {
          "gae": 8.152320879362644,
          "group_ops": {
            "adds": 0,
            "doubles": 0,
            "scalar_mults": 0
          },
          "native": {
            "columns": 95,
            "pinned_by_repeated_row": 0,
            "rank": 56,
            "repeated_column_rows": 0,
            "row_ops": 525,
            "rows": 56,
            "single_column_rows": 1,
            "two_column_rows": 55
          },
          "wall_ns": 531071
        },
        "dependent": 0,
        "name": "incremental-gauss",
        "rank": 56,
        "rows": 56,
        "work": 525,
        "work_unit": "row_ops"
      },
      "log2_r": 20.999106101271966,
      "r": 2095853,
      "recovered": 1784761,
      "rho_s": 1.0949218089499122,
      "s": 10074.747930802976,
      "s_over_rho": 9201.340085156575,
      "spec": {
        "factor_base": "koblitz-orbit",
        "factor_base_params": {
          "divisor": "0;1"
        },
        "linalg": "incremental-gauss",
        "max_trials": 2000000,
        "oracle": "descent-algebraic",
        "oracle_params": {
          "m": "2"
        },
        "seed": 123212732136,
        "solver": "inherited-f4",
        "solver_budget_seconds": 120,
        "solver_params": {},
        "targets": "Walk"
      },
      "total_gae": 14585274.202483816,
      "verified": true,
      "verify": {
        "gae": 33.0,
        "group_ops": {
          "adds": 13,
          "doubles": 20,
          "scalar_mults": 1
        },
        "native": {},
        "wall_ns": 9483
      },
      "wall_seconds": 4.104481487
    }
  ],
  "schema_version": 1,
  "software": {
    "arch": "x86_64",
    "binary_blake3": "893b39cf11f4ad387d168c940028fe2a89e5493b111938fe52a6e745016ada78",
    "os": "linux",
    "version": "0.1.0"
  },
  "status": "complete",
  "what_this_is": "Index-calculus configurations -- each a choice of factor base, target source, decomposition oracle, polynomial solver and relation matrix -- run end to end against a planted logarithm, with every stage's cost in group-addition equivalents and the total divided by sqrt(r).",
  "what_this_is_not": [
    "not a speed claim: a configuration on a toy instance is a measurement, and a comparison needs the matched reference rows AGENTS.md section 1 asks for",
    "not a wall-clock benchmark: operation counts are the metric, wall time rides along",
    "not a claim about any deployed curve"
  ]
}
# exit 0 at 2026-09-27T03:09:37Z
