== resume Thu Oct  1 23:00:07 UTC 2026 icprog f35d6c93f9e0d10f isolated_bench 219d1dfa99daa988
r1 icv1-f2m53-tm56619371-dac20a85/M10-T111 base: complete setup 8.839 online 0.0513
r1 icv1-f2m53-tm56619371-dac20a85/M10-T111 cand: complete setup 7.049 online 0.0448
r1 icv1-f2m53-tm56619371-dac20a85/M10-T112 base: complete setup 7.641 online 0.0313
r1 icv1-f2m53-tm56619371-dac20a85/M10-T112 cand: complete setup 7.755 online 0.0277
r1 icv1-f2m53-tm56619371-dac20a85/M11-T113 base: complete setup 8.990 online 0.0056
r1 icv1-f2m53-tm56619371-dac20a85/M11-T113 cand: complete setup 6.962 online 0.0037
r1 icv1-f2m53-tm56619371-dac20a85/M11-T114 base: complete setup 7.861 online 0.0368
r1 icv1-f2m53-tm56619371-dac20a85/M11-T114 cand: complete setup 6.782 online 0.0247
r1 icv1-f2m53-tm56619371-dac20a85/M12-T115 base: complete setup 7.417 online 0.0067
r1 icv1-f2m53-tm56619371-dac20a85/M12-T115 cand: complete setup 6.494 online 0.0049
r1 icv1-f2m53-tm56619371-dac20a85/M12-T116 base: complete setup 9.760 online 0.0255
r1 icv1-f2m53-tm56619371-dac20a85/M12-T116 cand: complete setup 6.534 online 0.0152
r1 icv1-f2m53-tm56619371-dac20a85/M13-T117 base: complete setup 8.841 online 0.0205
r1 icv1-f2m53-tm56619371-dac20a85/M13-T117 cand: complete setup 5.259 online 0.0156
r1 icv1-f2m53-tm56619371-dac20a85/M13-T118 base: complete setup 8.602 online 0.0461
r1 icv1-f2m53-tm56619371-dac20a85/M13-T118 cand: complete setup 6.453 online 0.0440
r1 icv1-f2m59-tm943548413-98844ecc/M10-T111 base: complete setup 11.092 online 0.0066
r1 icv1-f2m59-tm943548413-98844ecc/M10-T111 cand: complete setup 7.740 online 0.0059
r1 icv1-f2m59-tm943548413-98844ecc/M10-T112 base: complete setup 9.114 online 0.0411
r1 icv1-f2m59-tm943548413-98844ecc/M10-T112 cand: complete setup 8.616 online 0.0383
r1 icv1-f2m59-tm943548413-98844ecc/M11-T113 base: complete setup 10.443 online 0.0445
r1 icv1-f2m59-tm943548413-98844ecc/M11-T113 cand: complete setup 7.609 online 0.0297
r1 icv1-f2m59-tm943548413-98844ecc/M11-T114 base: complete setup 9.201 online 0.0396
r1 icv1-f2m59-tm943548413-98844ecc/M11-T114 cand: complete setup 7.295 online 0.0277
r1 icv1-f2m59-tm943548413-98844ecc/M12-T115 base: complete setup 11.405 online 0.0380
r1 icv1-f2m59-tm943548413-98844ecc/M12-T115 cand: complete setup 8.137 online 0.0304
r1 icv1-f2m59-tm943548413-98844ecc/M12-T116 base: complete setup 10.765 online 0.0114
r1 icv1-f2m59-tm943548413-98844ecc/M12-T116 cand: complete setup 8.199 online 0.0103
r1 icv1-f2m59-tm943548413-98844ecc/M13-T117 base: complete setup 10.213 online 0.0326
r1 icv1-f2m59-tm943548413-98844ecc/M13-T117 cand: complete setup 7.041 online 0.0220
r1 icv1-f2m59-tm943548413-98844ecc/M13-T118 base: complete setup 9.830 online 0.0028
r1 icv1-f2m59-tm943548413-98844ecc/M13-T118 cand: complete setup 8.888 online 0.0027
r1 icv1-f2m61-t158598901-ab42b6c5/M10-T111 base: complete setup 14.578 online 0.0307
r1 icv1-f2m61-t158598901-ab42b6c5/M10-T111 cand: complete setup 9.204 online 0.0185
r1 icv1-f2m61-t158598901-ab42b6c5/M10-T112 base: complete setup 14.040 online 0.1618
r1 icv1-f2m61-t158598901-ab42b6c5/M10-T112 cand: complete setup 11.246 online 0.1306
r1 icv1-f2m61-t158598901-ab42b6c5/M11-T113 base: complete setup 15.953 online 0.0177
r1 icv1-f2m61-t158598901-ab42b6c5/M11-T113 cand: complete setup 11.348 online 0.0096
r1 icv1-f2m61-t158598901-ab42b6c5/M11-T114 base: complete setup 15.034 online 0.1782
r1 icv1-f2m61-t158598901-ab42b6c5/M11-T114 cand: complete setup 11.363 online 0.1220
r1 icv1-f2m61-t158598901-ab42b6c5/M12-T115 base: complete setup 12.780 online 0.0221
r1 icv1-f2m61-t158598901-ab42b6c5/M12-T115 cand: complete setup 11.920 online 0.0155
r1 icv1-f2m61-t158598901-ab42b6c5/M12-T116 base: complete setup 17.010 online 0.0441
r1 icv1-f2m61-t158598901-ab42b6c5/M12-T116 cand: complete setup 12.090 online 0.0287
r1 icv1-f2m61-t158598901-ab42b6c5/M13-T117 base: complete setup 12.949 online 0.0133
r1 icv1-f2m61-t158598901-ab42b6c5/M13-T117 cand: complete setup 10.487 online 0.0117
r1 icv1-f2m61-t158598901-ab42b6c5/M13-T118 base: complete setup 14.159 online 0.2431
r1 icv1-f2m61-t158598901-ab42b6c5/M13-T118 cand: complete setup 13.219 online 0.1874
r2 icv1-f2m53-tm56619371-dac20a85/M10-T111 cand: complete setup 6.550 online 0.0290
r2 icv1-f2m53-tm56619371-dac20a85/M10-T111 base: complete setup 9.062 online 0.0576
r2 icv1-f2m53-tm56619371-dac20a85/M10-T112 cand: complete setup 7.399 online 0.0303
r2 icv1-f2m53-tm56619371-dac20a85/M10-T112 base: complete setup 10.112 online 0.0382
r2 icv1-f2m53-tm56619371-dac20a85/M11-T113 cand: complete setup 6.224 online 0.0038
r2 icv1-f2m53-tm56619371-dac20a85/M11-T113 base: complete setup 9.178 online 0.0061
r2 icv1-f2m53-tm56619371-dac20a85/M11-T114 cand: complete setup 6.481 online 0.0271
r2 icv1-f2m53-tm56619371-dac20a85/M11-T114 base: complete setup 8.978 online 0.0351
r2 icv1-f2m53-tm56619371-dac20a85/M12-T115 cand: complete setup 6.104 online 0.0064
r2 icv1-f2m53-tm56619371-dac20a85/M12-T115 base: complete setup 8.954 online 0.0065
r2 icv1-f2m53-tm56619371-dac20a85/M12-T116 cand: complete setup 7.395 online 0.0140
r2 icv1-f2m53-tm56619371-dac20a85/M12-T116 base: complete setup 9.651 online 0.0196
r2 icv1-f2m53-tm56619371-dac20a85/M13-T117 cand: complete setup 6.827 online 0.0184
r2 icv1-f2m53-tm56619371-dac20a85/M13-T117 base: complete setup 8.949 online 0.0247
r2 icv1-f2m53-tm56619371-dac20a85/M13-T118 cand: complete setup 5.821 online 0.0407
r2 icv1-f2m53-tm56619371-dac20a85/M13-T118 base: complete setup 7.410 online 0.0400
r2 icv1-f2m59-tm943548413-98844ecc/M10-T111 cand: complete setup 8.894 online 0.0063
r2 icv1-f2m59-tm943548413-98844ecc/M10-T111 base: complete setup 9.418 online 0.0058
r2 icv1-f2m59-tm943548413-98844ecc/M10-T112 cand: complete setup 8.150 online 0.0419
r2 icv1-f2m59-tm943548413-98844ecc/M10-T112 base: complete setup 10.181 online 0.0600
r2 icv1-f2m59-tm943548413-98844ecc/M11-T113 cand: complete setup 8.465 online 0.0341
r2 icv1-f2m59-tm943548413-98844ecc/M11-T113 base: complete setup 10.390 online 0.0387
r2 icv1-f2m59-tm943548413-98844ecc/M11-T114 cand: complete setup 8.396 online 0.0331
r2 icv1-f2m59-tm943548413-98844ecc/M11-T114 base: complete setup 9.610 online 0.0329
r2 icv1-f2m59-tm943548413-98844ecc/M12-T115 cand: complete setup 8.024 online 0.0268
r2 icv1-f2m59-tm943548413-98844ecc/M12-T115 base: complete setup 8.191 online 0.0371
r2 icv1-f2m59-tm943548413-98844ecc/M12-T116 cand: complete setup 7.867 online 0.0098
r2 icv1-f2m59-tm943548413-98844ecc/M12-T116 base: complete setup 11.564 online 0.0165
r2 icv1-f2m59-tm943548413-98844ecc/M13-T117 cand: complete setup 7.704 online 0.0244
r2 icv1-f2m59-tm943548413-98844ecc/M13-T117 base: complete setup 10.712 online 0.0262
r2 icv1-f2m59-tm943548413-98844ecc/M13-T118 cand: complete setup 8.246 online 0.0021
r2 icv1-f2m59-tm943548413-98844ecc/M13-T118 base: complete setup 10.616 online 0.0027
r2 icv1-f2m61-t158598901-ab42b6c5/M10-T111 cand: complete setup 12.107 online 0.0252
r2 icv1-f2m61-t158598901-ab42b6c5/M10-T111 base: complete setup 14.615 online 0.0312
r2 icv1-f2m61-t158598901-ab42b6c5/M10-T112 cand: complete setup 11.838 online 0.1578
r2 icv1-f2m61-t158598901-ab42b6c5/M10-T112 base: complete setup 14.458 online 0.1677
r2 icv1-f2m61-t158598901-ab42b6c5/M11-T113 cand: complete setup 10.442 online 0.0093
r2 icv1-f2m61-t158598901-ab42b6c5/M11-T113 base: complete setup 15.705 online 0.0153
r2 icv1-f2m61-t158598901-ab42b6c5/M11-T114 cand: complete setup 13.452 online 0.1441
r2 icv1-f2m61-t158598901-ab42b6c5/M11-T114 base: complete setup 14.818 online 0.1848
r2 icv1-f2m61-t158598901-ab42b6c5/M12-T115 cand: complete setup 8.890 online 0.0125
r2 icv1-f2m61-t158598901-ab42b6c5/M12-T115 base: complete setup 14.379 online 0.0163
r2 icv1-f2m61-t158598901-ab42b6c5/M12-T116 cand: complete setup 11.411 online 0.0300
r2 icv1-f2m61-t158598901-ab42b6c5/M12-T116 base: complete setup 16.229 online 0.0328
r2 icv1-f2m61-t158598901-ab42b6c5/M13-T117 cand: complete setup 10.115 online 0.0096
r2 icv1-f2m61-t158598901-ab42b6c5/M13-T117 base: complete setup 16.906 online 0.0164
r2 icv1-f2m61-t158598901-ab42b6c5/M13-T118 cand: complete setup 13.280 online 0.2189
r2 icv1-f2m61-t158598901-ab42b6c5/M13-T118 base: complete setup 18.173 online 0.2659
r3 icv1-f2m53-tm56619371-dac20a85/M10-T111 base: complete setup 9.068 online 0.0543
r3 icv1-f2m53-tm56619371-dac20a85/M10-T111 cand: complete setup 7.096 online 0.0385
r3 icv1-f2m53-tm56619371-dac20a85/M10-T112 base: complete setup 8.936 online 0.0322
r3 icv1-f2m53-tm56619371-dac20a85/M10-T112 cand: complete setup 5.858 online 0.0248
r3 icv1-f2m53-tm56619371-dac20a85/M11-T113 base: complete setup 6.607 online 0.0044
r3 icv1-f2m53-tm56619371-dac20a85/M11-T113 cand: complete setup 6.722 online 0.0037
r3 icv1-f2m53-tm56619371-dac20a85/M11-T114 base: complete setup 8.888 online 0.0339
r3 icv1-f2m53-tm56619371-dac20a85/M11-T114 cand: complete setup 6.620 online 0.0265
r3 icv1-f2m53-tm56619371-dac20a85/M12-T115 base: complete setup 8.151 online 0.0063
r3 icv1-f2m53-tm56619371-dac20a85/M12-T115 cand: complete setup 6.103 online 0.0054
r3 icv1-f2m53-tm56619371-dac20a85/M12-T116 base: complete setup 7.477 online 0.0244
r3 icv1-f2m53-tm56619371-dac20a85/M12-T116 cand: complete setup 6.437 online 0.0176
r3 icv1-f2m53-tm56619371-dac20a85/M13-T117 base: complete setup 7.384 online 0.0237
r3 icv1-f2m53-tm56619371-dac20a85/M13-T117 cand: complete setup 6.255 online 0.0165
r3 icv1-f2m53-tm56619371-dac20a85/M13-T118 base: complete setup 7.877 online 0.0556
r3 icv1-f2m53-tm56619371-dac20a85/M13-T118 cand: complete setup 6.138 online 0.0368
r3 icv1-f2m59-tm943548413-98844ecc/M10-T111 base: complete setup 8.848 online 0.0064
r3 icv1-f2m59-tm943548413-98844ecc/M10-T111 cand: complete setup 7.291 online 0.0057
r3 icv1-f2m59-tm943548413-98844ecc/M10-T112 base: complete setup 9.469 online 0.0464
r3 icv1-f2m59-tm943548413-98844ecc/M10-T112 cand: complete setup 7.829 online 0.0542
r3 icv1-f2m59-tm943548413-98844ecc/M11-T113 base: complete setup 8.187 online 0.0329
r3 icv1-f2m59-tm943548413-98844ecc/M11-T113 cand: complete setup 8.004 online 0.0313
r3 icv1-f2m59-tm943548413-98844ecc/M11-T114 base: complete setup 8.658 online 0.0374
r3 icv1-f2m59-tm943548413-98844ecc/M11-T114 cand: complete setup 7.477 online 0.0316
r3 icv1-f2m59-tm943548413-98844ecc/M12-T115 base: complete setup 8.486 online 0.0348
r3 icv1-f2m59-tm943548413-98844ecc/M12-T115 cand: complete setup 8.098 online 0.0277
r3 icv1-f2m59-tm943548413-98844ecc/M12-T116 base: complete setup 10.092 online 0.0158
r3 icv1-f2m59-tm943548413-98844ecc/M12-T116 cand: complete setup 8.333 online 0.0109
r3 icv1-f2m59-tm943548413-98844ecc/M13-T117 base: complete setup 10.549 online 0.0306
r3 icv1-f2m59-tm943548413-98844ecc/M13-T117 cand: complete setup 8.539 online 0.0217
r3 icv1-f2m59-tm943548413-98844ecc/M13-T118 base: complete setup 10.347 online 0.0025
r3 icv1-f2m59-tm943548413-98844ecc/M13-T118 cand: complete setup 8.016 online 0.0018
r3 icv1-f2m61-t158598901-ab42b6c5/M10-T111 base: complete setup 14.725 online 0.0303
r3 icv1-f2m61-t158598901-ab42b6c5/M10-T111 cand: complete setup 12.668 online 0.0261
r3 icv1-f2m61-t158598901-ab42b6c5/M10-T112 base: complete setup 14.572 online 0.1997
r3 icv1-f2m61-t158598901-ab42b6c5/M10-T112 cand: complete setup 11.250 online 0.1377
r3 icv1-f2m61-t158598901-ab42b6c5/M11-T113 base: complete setup 14.799 online 0.0139
r3 icv1-f2m61-t158598901-ab42b6c5/M11-T113 cand: complete setup 11.996 online 0.0118
r3 icv1-f2m61-t158598901-ab42b6c5/M11-T114 base: complete setup 15.430 online 0.1903
r3 icv1-f2m61-t158598901-ab42b6c5/M11-T114 cand: complete setup 12.103 online 0.1466
r3 icv1-f2m61-t158598901-ab42b6c5/M12-T115 base: complete setup 15.688 online 0.0205
r3 icv1-f2m61-t158598901-ab42b6c5/M12-T115 cand: complete setup 11.606 online 0.0173
r3 icv1-f2m61-t158598901-ab42b6c5/M12-T116 base: complete setup 16.034 online 0.0397
r3 icv1-f2m61-t158598901-ab42b6c5/M12-T116 cand: complete setup 11.140 online 0.0286
r3 icv1-f2m61-t158598901-ab42b6c5/M13-T117 base: complete setup 15.424 online 0.0178
r3 icv1-f2m61-t158598901-ab42b6c5/M13-T117 cand: complete setup 13.222 online 0.0149
r3 icv1-f2m61-t158598901-ab42b6c5/M13-T118 base: complete setup 15.291 online 0.2402
r3 icv1-f2m61-t158598901-ab42b6c5/M13-T118 cand: complete setup 11.628 online 0.1966
r4 icv1-f2m53-tm56619371-dac20a85/M10-T111 cand: complete setup 6.540 online 0.0360
r4 icv1-f2m53-tm56619371-dac20a85/M10-T111 base: complete setup 8.459 online 0.0530
r4 icv1-f2m53-tm56619371-dac20a85/M10-T112 cand: complete setup 6.672 online 0.0260
r4 icv1-f2m53-tm56619371-dac20a85/M10-T112 base: complete setup 9.030 online 0.0363
r4 icv1-f2m53-tm56619371-dac20a85/M11-T113 cand: complete setup 6.028 online 0.0039
r4 icv1-f2m53-tm56619371-dac20a85/M11-T113 base: complete setup 8.021 online 0.0050
r4 icv1-f2m53-tm56619371-dac20a85/M11-T114 cand: complete setup 6.559 online 0.0254
r4 icv1-f2m53-tm56619371-dac20a85/M11-T114 base: complete setup 8.587 online 0.0357
r4 icv1-f2m53-tm56619371-dac20a85/M12-T115 cand: complete setup 6.558 online 0.0055
r4 icv1-f2m53-tm56619371-dac20a85/M12-T115 base: complete setup 7.844 online 0.0083
r4 icv1-f2m53-tm56619371-dac20a85/M12-T116 cand: complete setup 6.409 online 0.0154
r4 icv1-f2m53-tm56619371-dac20a85/M12-T116 base: complete setup 8.355 online 0.0211
r4 icv1-f2m53-tm56619371-dac20a85/M13-T117 cand: complete setup 6.409 online 0.0183
r4 icv1-f2m53-tm56619371-dac20a85/M13-T117 base: complete setup 7.407 online 0.0224
r4 icv1-f2m53-tm56619371-dac20a85/M13-T118 cand: complete setup 6.246 online 0.0341
r4 icv1-f2m53-tm56619371-dac20a85/M13-T118 base: complete setup 7.687 online 0.0429
r4 icv1-f2m59-tm943548413-98844ecc/M10-T111 cand: complete setup 7.914 online 0.0061
r4 icv1-f2m59-tm943548413-98844ecc/M10-T111 base: complete setup 9.123 online 0.0062
r4 icv1-f2m59-tm943548413-98844ecc/M10-T112 cand: complete setup 7.652 online 0.0388
r4 icv1-f2m59-tm943548413-98844ecc/M10-T112 base: complete setup 9.287 online 0.0504
r4 icv1-f2m59-tm943548413-98844ecc/M11-T113 cand: complete setup 7.755 online 0.0300
r4 icv1-f2m59-tm943548413-98844ecc/M11-T113 base: complete setup 10.331 online 0.0403
r4 icv1-f2m59-tm943548413-98844ecc/M11-T114 cand: complete setup 8.055 online 0.0318
r4 icv1-f2m59-tm943548413-98844ecc/M11-T114 base: complete setup 9.957 online 0.0399
r4 icv1-f2m59-tm943548413-98844ecc/M12-T115 cand: complete setup 8.011 online 0.0323
r4 icv1-f2m59-tm943548413-98844ecc/M12-T115 base: complete setup 9.813 online 0.0424
r4 icv1-f2m59-tm943548413-98844ecc/M12-T116 cand: complete setup 8.428 online 0.0108
r4 icv1-f2m59-tm943548413-98844ecc/M12-T116 base: complete setup 10.848 online 0.0219
r4 icv1-f2m59-tm943548413-98844ecc/M13-T117 cand: complete setup 8.202 online 0.0235
r4 icv1-f2m59-tm943548413-98844ecc/M13-T117 base: complete setup 10.343 online 0.0275
r4 icv1-f2m59-tm943548413-98844ecc/M13-T118 cand: complete setup 7.785 online 0.0024
r4 icv1-f2m59-tm943548413-98844ecc/M13-T118 base: complete setup 10.957 online 0.0024
r4 icv1-f2m61-t158598901-ab42b6c5/M10-T111 cand: complete setup 10.454 online 0.0225
r4 icv1-f2m61-t158598901-ab42b6c5/M10-T111 base: complete setup 15.357 online 0.0296
r4 icv1-f2m61-t158598901-ab42b6c5/M10-T112 cand: complete setup 12.400 online 0.1732
r4 icv1-f2m61-t158598901-ab42b6c5/M10-T112 base: complete setup 17.067 online 0.1914
r4 icv1-f2m61-t158598901-ab42b6c5/M11-T113 cand: complete setup 10.006 online 0.0146
r4 icv1-f2m61-t158598901-ab42b6c5/M11-T113 base: complete setup 15.221 online 0.0171
r4 icv1-f2m61-t158598901-ab42b6c5/M11-T114 cand: complete setup 10.883 online 0.1288
r4 icv1-f2m61-t158598901-ab42b6c5/M11-T114 base: complete setup 15.407 online 0.2102
r4 icv1-f2m61-t158598901-ab42b6c5/M12-T115 cand: complete setup 12.291 online 0.0155
r4 icv1-f2m61-t158598901-ab42b6c5/M12-T115 base: complete setup 17.161 online 0.0237
r4 icv1-f2m61-t158598901-ab42b6c5/M12-T116 cand: complete setup 11.980 online 0.0313
r4 icv1-f2m61-t158598901-ab42b6c5/M12-T116 base: complete setup 16.715 online 0.0483
r4 icv1-f2m61-t158598901-ab42b6c5/M13-T117 cand: complete setup 11.899 online 0.0138
r4 icv1-f2m61-t158598901-ab42b6c5/M13-T117 base: complete setup 16.163 online 0.0196
r4 icv1-f2m61-t158598901-ab42b6c5/M13-T118 cand: complete setup 11.724 online 0.1902
r4 icv1-f2m61-t158598901-ab42b6c5/M13-T118 base: complete setup 15.711 online 0.2546
r5 icv1-f2m53-tm56619371-dac20a85/M10-T111 base: complete setup 8.674 online 0.0546
r5 icv1-f2m53-tm56619371-dac20a85/M10-T111 cand: complete setup 6.855 online 0.0407
r5 icv1-f2m53-tm56619371-dac20a85/M10-T112 base: complete setup 8.866 online 0.0374
r5 icv1-f2m53-tm56619371-dac20a85/M10-T112 cand: complete setup 7.064 online 0.0266
r5 icv1-f2m53-tm56619371-dac20a85/M11-T113 base: complete setup 8.956 online 0.0057
r5 icv1-f2m53-tm56619371-dac20a85/M11-T113 cand: complete setup 7.141 online 0.0046
r5 icv1-f2m53-tm56619371-dac20a85/M11-T114 base: complete setup 9.752 online 0.0423
r5 icv1-f2m53-tm56619371-dac20a85/M11-T114 cand: complete setup 6.881 online 0.0288
r5 icv1-f2m53-tm56619371-dac20a85/M12-T115 base: complete setup 9.112 online 0.0075
r5 icv1-f2m53-tm56619371-dac20a85/M12-T115 cand: complete setup 6.593 online 0.0053
r5 icv1-f2m53-tm56619371-dac20a85/M12-T116 base: complete setup 9.338 online 0.0230
r5 icv1-f2m53-tm56619371-dac20a85/M12-T116 cand: complete setup 7.042 online 0.0154
r5 icv1-f2m53-tm56619371-dac20a85/M13-T117 base: complete setup 7.653 online 0.0239
r5 icv1-f2m53-tm56619371-dac20a85/M13-T117 cand: complete setup 6.545 online 0.0190
r5 icv1-f2m53-tm56619371-dac20a85/M13-T118 base: complete setup 8.126 online 0.0421
r5 icv1-f2m53-tm56619371-dac20a85/M13-T118 cand: complete setup 6.261 online 0.0338
r5 icv1-f2m59-tm943548413-98844ecc/M10-T111 base: complete setup 9.366 online 0.0080
r5 icv1-f2m59-tm943548413-98844ecc/M10-T111 cand: complete setup 8.030 online 0.0063
r5 icv1-f2m59-tm943548413-98844ecc/M10-T112 base: complete setup 10.417 online 0.0538
r5 icv1-f2m59-tm943548413-98844ecc/M10-T112 cand: complete setup 7.394 online 0.0429
r5 icv1-f2m59-tm943548413-98844ecc/M11-T113 base: complete setup 10.902 online 0.0474
r5 icv1-f2m59-tm943548413-98844ecc/M11-T113 cand: complete setup 8.033 online 0.0305
r5 icv1-f2m59-tm943548413-98844ecc/M11-T114 base: complete setup 10.503 online 0.0464
r5 icv1-f2m59-tm943548413-98844ecc/M11-T114 cand: complete setup 7.970 online 0.0342
r5 icv1-f2m59-tm943548413-98844ecc/M12-T115 base: complete setup 10.174 online 0.0437
r5 icv1-f2m59-tm943548413-98844ecc/M12-T115 cand: complete setup 8.116 online 0.0311
r5 icv1-f2m59-tm943548413-98844ecc/M12-T116 base: complete setup 9.965 online 0.0124
r5 icv1-f2m59-tm943548413-98844ecc/M12-T116 cand: complete setup 8.811 online 0.0127
r5 icv1-f2m59-tm943548413-98844ecc/M13-T117 base: complete setup 9.240 online 0.0267
r5 icv1-f2m59-tm943548413-98844ecc/M13-T117 cand: complete setup 8.146 online 0.0224
r5 icv1-f2m59-tm943548413-98844ecc/M13-T118 base: complete setup 10.357 online 0.0027
r5 icv1-f2m59-tm943548413-98844ecc/M13-T118 cand: complete setup 9.120 online 0.0023
r5 icv1-f2m61-t158598901-ab42b6c5/M10-T111 base: complete setup 15.147 online 0.0320
r5 icv1-f2m61-t158598901-ab42b6c5/M10-T111 cand: complete setup 10.917 online 0.0229
r5 icv1-f2m61-t158598901-ab42b6c5/M10-T112 base: complete setup 14.887 online 0.1738
r5 icv1-f2m61-t158598901-ab42b6c5/M10-T112 cand: complete setup 11.568 online 0.1272
r5 icv1-f2m61-t158598901-ab42b6c5/M11-T113 base: complete setup 15.873 online 0.0169
r5 icv1-f2m61-t158598901-ab42b6c5/M11-T113 cand: complete setup 11.608 online 0.0122
r5 icv1-f2m61-t158598901-ab42b6c5/M11-T114 base: complete setup 16.393 online 0.1952
r5 icv1-f2m61-t158598901-ab42b6c5/M11-T114 cand: complete setup 12.234 online 0.1437
r5 icv1-f2m61-t158598901-ab42b6c5/M12-T115 base: complete setup 14.613 online 0.0219
r5 icv1-f2m61-t158598901-ab42b6c5/M12-T115 cand: complete setup 11.438 online 0.0159
r5 icv1-f2m61-t158598901-ab42b6c5/M12-T116 base: complete setup 14.516 online 0.0387
r5 icv1-f2m61-t158598901-ab42b6c5/M12-T116 cand: complete setup 11.985 online 0.0292
r5 icv1-f2m61-t158598901-ab42b6c5/M13-T117 base: complete setup 16.248 online 0.0176
r5 icv1-f2m61-t158598901-ab42b6c5/M13-T117 cand: complete setup 12.286 online 0.0132
r5 icv1-f2m61-t158598901-ab42b6c5/M13-T118 base: complete setup 14.852 online 0.2260
r5 icv1-f2m61-t158598901-ab42b6c5/M13-T118 cand: complete setup 11.971 online 0.1703
holdout exit 0 Thu Oct  1 23:26:08 UTC 2026
r1 icv1-f2m53-tm56619371-dac20a85/M1-T01 base: complete setup 11.088 online 0.0028
r1 icv1-f2m53-tm56619371-dac20a85/M1-T01 cand: complete setup 6.823 online 0.0018
r1 icv1-f2m53-tm56619371-dac20a85/M1-T02 base: complete setup 8.790 online 0.0400
r1 icv1-f2m53-tm56619371-dac20a85/M1-T02 cand: complete setup 7.218 online 0.0336
r1 icv1-f2m53-tm56619371-dac20a85/M2-T03 base: complete setup 11.275 online 0.0364
r1 icv1-f2m53-tm56619371-dac20a85/M2-T03 cand: complete setup 6.168 online 0.0269
r1 icv1-f2m53-tm56619371-dac20a85/M2-T04 base: complete setup 11.765 online 0.0676
r1 icv1-f2m53-tm56619371-dac20a85/M2-T04 cand: complete setup 8.713 online 0.0377
r1 icv1-f2m53-tm56619371-dac20a85/M3-T05 base: complete setup 9.555 online 0.0736
r1 icv1-f2m53-tm56619371-dac20a85/M3-T05 cand: complete setup 9.082 online 0.0464
r1 icv1-f2m53-tm56619371-dac20a85/M3-T06 base: complete setup 9.017 online 0.0444
r1 icv1-f2m53-tm56619371-dac20a85/M3-T06 cand: complete setup 6.609 online 0.0281
r1 icv1-f2m53-tm56619371-dac20a85/M4-T07 base: complete setup 8.788 online 0.0417
r1 icv1-f2m53-tm56619371-dac20a85/M4-T07 cand: complete setup 5.587 online 0.0236
r1 icv1-f2m53-tm56619371-dac20a85/M4-T08 base: complete setup 7.170 online 0.0173
r1 icv1-f2m53-tm56619371-dac20a85/M4-T08 cand: complete setup 6.830 online 0.0140
r1 icv1-f2m59-tm943548413-98844ecc/M1-T01 base: complete setup 7.451 online 0.0344
r1 icv1-f2m59-tm943548413-98844ecc/M1-T01 cand: complete setup 7.663 online 0.0274
r1 icv1-f2m59-tm943548413-98844ecc/M1-T02 base: complete setup 10.481 online 0.0250
r1 icv1-f2m59-tm943548413-98844ecc/M1-T02 cand: complete setup 8.365 online 0.0185
r1 icv1-f2m59-tm943548413-98844ecc/M2-T03 base: complete setup 9.305 online 0.0133
r1 icv1-f2m59-tm943548413-98844ecc/M2-T03 cand: complete setup 10.518 online 0.0142
r1 icv1-f2m59-tm943548413-98844ecc/M2-T04 base: complete setup 10.908 online 0.0198
r1 icv1-f2m59-tm943548413-98844ecc/M2-T04 cand: complete setup 8.640 online 0.0185
r1 icv1-f2m59-tm943548413-98844ecc/M3-T05 base: complete setup 7.059 online 0.0404
r1 icv1-f2m59-tm943548413-98844ecc/M3-T05 cand: complete setup 7.571 online 0.0403
r1 icv1-f2m59-tm943548413-98844ecc/M3-T06 base: complete setup 10.377 online 0.0137
r1 icv1-f2m59-tm943548413-98844ecc/M3-T06 cand: complete setup 7.647 online 0.0111
r1 icv1-f2m59-tm943548413-98844ecc/M4-T07 base: complete setup 9.524 online 0.0043
r1 icv1-f2m59-tm943548413-98844ecc/M4-T07 cand: complete setup 9.033 online 0.0037
r1 icv1-f2m59-tm943548413-98844ecc/M4-T08 base: complete setup 9.169 online 0.0807
r1 icv1-f2m59-tm943548413-98844ecc/M4-T08 cand: complete setup 9.309 online 0.0655
r2 icv1-f2m53-tm56619371-dac20a85/M1-T01 cand: complete setup 6.370 online 0.0018
r2 icv1-f2m53-tm56619371-dac20a85/M1-T01 base: complete setup 8.208 online 0.0024
r2 icv1-f2m53-tm56619371-dac20a85/M1-T02 cand: complete setup 6.182 online 0.0242
r2 icv1-f2m53-tm56619371-dac20a85/M1-T02 base: complete setup 9.599 online 0.0343
r2 icv1-f2m53-tm56619371-dac20a85/M2-T03 cand: complete setup 6.884 online 0.0195
r2 icv1-f2m53-tm56619371-dac20a85/M2-T03 base: complete setup 8.113 online 0.0224
r2 icv1-f2m53-tm56619371-dac20a85/M2-T04 cand: complete setup 6.125 online 0.0226
r2 icv1-f2m53-tm56619371-dac20a85/M2-T04 base: complete setup 9.358 online 0.0392
r2 icv1-f2m53-tm56619371-dac20a85/M3-T05 cand: complete setup 6.475 online 0.0364
r2 icv1-f2m53-tm56619371-dac20a85/M3-T05 base: complete setup 7.234 online 0.0513
r2 icv1-f2m53-tm56619371-dac20a85/M3-T06 cand: complete setup 7.427 online 0.0278
r2 icv1-f2m53-tm56619371-dac20a85/M3-T06 base: complete setup 8.590 online 0.0367
r2 icv1-f2m53-tm56619371-dac20a85/M4-T07 cand: complete setup 6.216 online 0.0247
r2 icv1-f2m53-tm56619371-dac20a85/M4-T07 base: complete setup 8.294 online 0.0371
r2 icv1-f2m53-tm56619371-dac20a85/M4-T08 cand: complete setup 6.485 online 0.0123
r2 icv1-f2m53-tm56619371-dac20a85/M4-T08 base: complete setup 11.325 online 0.0183
r2 icv1-f2m59-tm943548413-98844ecc/M1-T01 cand: complete setup 8.199 online 0.0330
r2 icv1-f2m59-tm943548413-98844ecc/M1-T01 base: complete setup 9.260 online 0.0369
r2 icv1-f2m59-tm943548413-98844ecc/M1-T02 cand: complete setup 8.455 online 0.0191
r2 icv1-f2m59-tm943548413-98844ecc/M1-T02 base: complete setup 8.362 online 0.0195
r2 icv1-f2m59-tm943548413-98844ecc/M2-T03 cand: complete setup 8.470 online 0.0128
r2 icv1-f2m59-tm943548413-98844ecc/M2-T03 base: complete setup 11.058 online 0.0170
r2 icv1-f2m59-tm943548413-98844ecc/M2-T04 cand: complete setup 6.184 online 0.0135
r2 icv1-f2m59-tm943548413-98844ecc/M2-T04 base: complete setup 11.282 online 0.0175
r2 icv1-f2m59-tm943548413-98844ecc/M3-T05 cand: complete setup 7.234 online 0.0407
r2 icv1-f2m59-tm943548413-98844ecc/M3-T05 base: complete setup 7.741 online 0.0485
r2 icv1-f2m59-tm943548413-98844ecc/M3-T06 cand: complete setup 8.133 online 0.0098
r2 icv1-f2m59-tm943548413-98844ecc/M3-T06 base: complete setup 10.039 online 0.0124
r2 icv1-f2m59-tm943548413-98844ecc/M4-T07 cand: complete setup 7.566 online 0.0037
r2 icv1-f2m59-tm943548413-98844ecc/M4-T07 base: complete setup 8.590 online 0.0037
r2 icv1-f2m59-tm943548413-98844ecc/M4-T08 cand: complete setup 7.715 online 0.0489
r2 icv1-f2m59-tm943548413-98844ecc/M4-T08 base: complete setup 9.237 online 0.0704
r3 icv1-f2m53-tm56619371-dac20a85/M1-T01 base: complete setup 7.915 online 0.0020
r3 icv1-f2m53-tm56619371-dac20a85/M1-T01 cand: complete setup 6.308 online 0.0015
r3 icv1-f2m53-tm56619371-dac20a85/M1-T02 base: complete setup 8.525 online 0.0360
r3 icv1-f2m53-tm56619371-dac20a85/M1-T02 cand: complete setup 4.504 online 0.0182
r3 icv1-f2m53-tm56619371-dac20a85/M2-T03 base: complete setup 9.274 online 0.0268
r3 icv1-f2m53-tm56619371-dac20a85/M2-T03 cand: complete setup 7.189 online 0.0193
r3 icv1-f2m53-tm56619371-dac20a85/M2-T04 base: complete setup 9.891 online 0.0437
r3 icv1-f2m53-tm56619371-dac20a85/M2-T04 cand: complete setup 8.363 online 0.0382
r3 icv1-f2m53-tm56619371-dac20a85/M3-T05 base: complete setup 9.932 online 0.0469
r3 icv1-f2m53-tm56619371-dac20a85/M3-T05 cand: complete setup 6.706 online 0.0390
r3 icv1-f2m53-tm56619371-dac20a85/M3-T06 base: complete setup 9.647 online 0.0522
r3 icv1-f2m53-tm56619371-dac20a85/M3-T06 cand: complete setup 6.774 online 0.0316
r3 icv1-f2m53-tm56619371-dac20a85/M4-T07 base: complete setup 9.339 online 0.0382
r3 icv1-f2m53-tm56619371-dac20a85/M4-T07 cand: complete setup 5.201 online 0.0248
r3 icv1-f2m53-tm56619371-dac20a85/M4-T08 base: complete setup 7.785 online 0.0139
r3 icv1-f2m53-tm56619371-dac20a85/M4-T08 cand: complete setup 6.189 online 0.0118
r3 icv1-f2m59-tm943548413-98844ecc/M1-T01 base: complete setup 9.859 online 0.0377
r3 icv1-f2m59-tm943548413-98844ecc/M1-T01 cand: complete setup 8.340 online 0.0289
r3 icv1-f2m59-tm943548413-98844ecc/M1-T02 base: complete setup 9.607 online 0.0221
r3 icv1-f2m59-tm943548413-98844ecc/M1-T02 cand: complete setup 7.139 online 0.0310
r3 icv1-f2m59-tm943548413-98844ecc/M2-T03 base: complete setup 8.629 online 0.0115
r3 icv1-f2m59-tm943548413-98844ecc/M2-T03 cand: complete setup 7.940 online 0.0121
r3 icv1-f2m59-tm943548413-98844ecc/M2-T04 base: complete setup 10.625 online 0.0208
r3 icv1-f2m59-tm943548413-98844ecc/M2-T04 cand: complete setup 8.675 online 0.0154
r3 icv1-f2m59-tm943548413-98844ecc/M3-T05 base: complete setup 9.121 online 0.0575
r3 icv1-f2m59-tm943548413-98844ecc/M3-T05 cand: complete setup 7.255 online 0.0343
r3 icv1-f2m59-tm943548413-98844ecc/M3-T06 base: complete setup 9.132 online 0.0137
r3 icv1-f2m59-tm943548413-98844ecc/M3-T06 cand: complete setup 7.737 online 0.0109
r3 icv1-f2m59-tm943548413-98844ecc/M4-T07 base: complete setup 12.097 online 0.0047
r3 icv1-f2m59-tm943548413-98844ecc/M4-T07 cand: complete setup 9.236 online 0.0041
r3 icv1-f2m59-tm943548413-98844ecc/M4-T08 base: complete setup 10.739 online 0.0749
r3 icv1-f2m59-tm943548413-98844ecc/M4-T08 cand: complete setup 8.949 online 0.0585
r4 icv1-f2m53-tm56619371-dac20a85/M1-T01 cand: complete setup 6.738 online 0.0016
r4 icv1-f2m53-tm56619371-dac20a85/M1-T01 base: complete setup 8.225 online 0.0022
r4 icv1-f2m53-tm56619371-dac20a85/M1-T02 cand: complete setup 6.389 online 0.0257
r4 icv1-f2m53-tm56619371-dac20a85/M1-T02 base: complete setup 6.944 online 0.0356
r4 icv1-f2m53-tm56619371-dac20a85/M2-T03 cand: complete setup 6.609 online 0.0264
r4 icv1-f2m53-tm56619371-dac20a85/M2-T03 base: complete setup 8.305 online 0.0254
r4 icv1-f2m53-tm56619371-dac20a85/M2-T04 cand: complete setup 5.938 online 0.0250
r4 icv1-f2m53-tm56619371-dac20a85/M2-T04 base: complete setup 8.624 online 0.0364
r4 icv1-f2m53-tm56619371-dac20a85/M3-T05 cand: complete setup 7.862 online 0.0383
r4 icv1-f2m53-tm56619371-dac20a85/M3-T05 base: complete setup 9.896 online 0.0736
r4 icv1-f2m53-tm56619371-dac20a85/M3-T06 cand: complete setup 7.461 online 0.0283
r4 icv1-f2m53-tm56619371-dac20a85/M3-T06 base: complete setup 8.889 online 0.0368
r4 icv1-f2m53-tm56619371-dac20a85/M4-T07 cand: complete setup 6.583 online 0.0313
r4 icv1-f2m53-tm56619371-dac20a85/M4-T07 base: complete setup 8.312 online 0.0341
r4 icv1-f2m53-tm56619371-dac20a85/M4-T08 cand: complete setup 6.765 online 0.0126
r4 icv1-f2m53-tm56619371-dac20a85/M4-T08 base: complete setup 7.997 online 0.0160
r4 icv1-f2m59-tm943548413-98844ecc/M1-T01 cand: complete setup 8.168 online 0.0342
r4 icv1-f2m59-tm943548413-98844ecc/M1-T01 base: complete setup 8.502 online 0.0381
r4 icv1-f2m59-tm943548413-98844ecc/M1-T02 cand: complete setup 7.619 online 0.0195
r4 icv1-f2m59-tm943548413-98844ecc/M1-T02 base: complete setup 9.834 online 0.0247
r4 icv1-f2m59-tm943548413-98844ecc/M2-T03 cand: complete setup 8.749 online 0.0126
r4 icv1-f2m59-tm943548413-98844ecc/M2-T03 base: complete setup 11.990 online 0.0145
r4 icv1-f2m59-tm943548413-98844ecc/M2-T04 cand: complete setup 6.506 online 0.0130
r4 icv1-f2m59-tm943548413-98844ecc/M2-T04 base: complete setup 10.164 online 0.0191
r4 icv1-f2m59-tm943548413-98844ecc/M3-T05 cand: complete setup 7.444 online 0.0321
r4 icv1-f2m59-tm943548413-98844ecc/M3-T05 base: complete setup 6.385 online 0.0322
r4 icv1-f2m59-tm943548413-98844ecc/M3-T06 cand: complete setup 7.499 online 0.0138
r4 icv1-f2m59-tm943548413-98844ecc/M3-T06 base: complete setup 9.570 online 0.0111
r4 icv1-f2m59-tm943548413-98844ecc/M4-T07 cand: complete setup 8.099 online 0.0034
r4 icv1-f2m59-tm943548413-98844ecc/M4-T07 base: complete setup 12.059 online 0.0046
r4 icv1-f2m59-tm943548413-98844ecc/M4-T08 cand: complete setup 8.172 online 0.0529
r4 icv1-f2m59-tm943548413-98844ecc/M4-T08 base: complete setup 9.963 online 0.0587
r5 icv1-f2m53-tm56619371-dac20a85/M1-T01 base: complete setup 8.336 online 0.0023
r5 icv1-f2m53-tm56619371-dac20a85/M1-T01 cand: complete setup 6.466 online 0.0017
r5 icv1-f2m53-tm56619371-dac20a85/M1-T02 base: complete setup 7.893 online 0.0364
r5 icv1-f2m53-tm56619371-dac20a85/M1-T02 cand: complete setup 6.321 online 0.0271
r5 icv1-f2m53-tm56619371-dac20a85/M2-T03 base: complete setup 8.598 online 0.0262
r5 icv1-f2m53-tm56619371-dac20a85/M2-T03 cand: complete setup 6.630 online 0.0187
r5 icv1-f2m53-tm56619371-dac20a85/M2-T04 base: complete setup 9.837 online 0.0426
r5 icv1-f2m53-tm56619371-dac20a85/M2-T04 cand: complete setup 7.449 online 0.0281
r5 icv1-f2m53-tm56619371-dac20a85/M3-T05 base: complete setup 8.054 online 0.0467
r5 icv1-f2m53-tm56619371-dac20a85/M3-T05 cand: complete setup 6.786 online 0.0379
r5 icv1-f2m53-tm56619371-dac20a85/M3-T06 base: complete setup 6.837 online 0.0295
r5 icv1-f2m53-tm56619371-dac20a85/M3-T06 cand: complete setup 6.757 online 0.0285
r5 icv1-f2m53-tm56619371-dac20a85/M4-T07 base: complete setup 8.260 online 0.0361
r5 icv1-f2m53-tm56619371-dac20a85/M4-T07 cand: complete setup 6.246 online 0.0282
r5 icv1-f2m53-tm56619371-dac20a85/M4-T08 base: complete setup 8.819 online 0.0162
r5 icv1-f2m53-tm56619371-dac20a85/M4-T08 cand: complete setup 6.675 online 0.0127
r5 icv1-f2m59-tm943548413-98844ecc/M1-T01 base: complete setup 11.137 online 0.0557
r5 icv1-f2m59-tm943548413-98844ecc/M1-T01 cand: complete setup 8.949 online 0.0297
r5 icv1-f2m59-tm943548413-98844ecc/M1-T02 base: complete setup 10.572 online 0.0258
r5 icv1-f2m59-tm943548413-98844ecc/M1-T02 cand: complete setup 8.172 online 0.0189
r5 icv1-f2m59-tm943548413-98844ecc/M2-T03 base: complete setup 9.642 online 0.0155
r5 icv1-f2m59-tm943548413-98844ecc/M2-T03 cand: complete setup 8.779 online 0.0137
r5 icv1-f2m59-tm943548413-98844ecc/M2-T04 base: complete setup 9.189 online 0.0197
r5 icv1-f2m59-tm943548413-98844ecc/M2-T04 cand: complete setup 8.795 online 0.0147
r5 icv1-f2m59-tm943548413-98844ecc/M3-T05 base: complete setup 8.340 online 0.0461
r5 icv1-f2m59-tm943548413-98844ecc/M3-T05 cand: complete setup 7.053 online 0.0327
r5 icv1-f2m59-tm943548413-98844ecc/M3-T06 base: complete setup 9.947 online 0.0147
r5 icv1-f2m59-tm943548413-98844ecc/M3-T06 cand: complete setup 7.560 online 0.0110
r5 icv1-f2m59-tm943548413-98844ecc/M4-T07 base: complete setup 10.216 online 0.0044
r5 icv1-f2m59-tm943548413-98844ecc/M4-T07 cand: complete setup 8.741 online 0.0040
r5 icv1-f2m59-tm943548413-98844ecc/M4-T08 base: complete setup 9.727 online 0.0682
r5 icv1-f2m59-tm943548413-98844ecc/M4-T08 cand: complete setup 8.253 online 0.0476
r6 icv1-f2m53-tm56619371-dac20a85/M1-T01 cand: complete setup 6.678 online 0.0017
r6 icv1-f2m53-tm56619371-dac20a85/M1-T01 base: complete setup 7.546 online 0.0022
r6 icv1-f2m53-tm56619371-dac20a85/M1-T02 cand: complete setup 6.751 online 0.0289
r6 icv1-f2m53-tm56619371-dac20a85/M1-T02 base: complete setup 7.965 online 0.0366
r6 icv1-f2m53-tm56619371-dac20a85/M2-T03 cand: complete setup 6.867 online 0.0207
r6 icv1-f2m53-tm56619371-dac20a85/M2-T03 base: complete setup 9.480 online 0.0254
r6 icv1-f2m53-tm56619371-dac20a85/M2-T04 cand: complete setup 6.243 online 0.0303
r6 icv1-f2m53-tm56619371-dac20a85/M2-T04 base: complete setup 8.457 online 0.0384
r6 icv1-f2m53-tm56619371-dac20a85/M3-T05 cand: complete setup 6.903 online 0.0395
r6 icv1-f2m53-tm56619371-dac20a85/M3-T05 base: complete setup 9.308 online 0.0611
r6 icv1-f2m53-tm56619371-dac20a85/M3-T06 cand: complete setup 6.494 online 0.0283
r6 icv1-f2m53-tm56619371-dac20a85/M3-T06 base: complete setup 9.635 online 0.0413
r6 icv1-f2m53-tm56619371-dac20a85/M4-T07 cand: complete setup 6.689 online 0.0261
r6 icv1-f2m53-tm56619371-dac20a85/M4-T07 base: complete setup 9.200 online 0.0398
r6 icv1-f2m53-tm56619371-dac20a85/M4-T08 cand: complete setup 5.998 online 0.0120
r6 icv1-f2m53-tm56619371-dac20a85/M4-T08 base: complete setup 9.399 online 0.0174
r6 icv1-f2m59-tm943548413-98844ecc/M1-T01 cand: complete setup 7.719 online 0.0320
r6 icv1-f2m59-tm943548413-98844ecc/M1-T01 base: complete setup 9.048 online 0.0370
r6 icv1-f2m59-tm943548413-98844ecc/M1-T02 cand: complete setup 7.502 online 0.0177
r6 icv1-f2m59-tm943548413-98844ecc/M1-T02 base: complete setup 8.583 online 0.0236
r6 icv1-f2m59-tm943548413-98844ecc/M2-T03 cand: complete setup 8.207 online 0.0127
r6 icv1-f2m59-tm943548413-98844ecc/M2-T03 base: complete setup 8.697 online 0.0129
r6 icv1-f2m59-tm943548413-98844ecc/M2-T04 cand: complete setup 7.982 online 0.0155
r6 icv1-f2m59-tm943548413-98844ecc/M2-T04 base: complete setup 10.204 online 0.0215
r6 icv1-f2m59-tm943548413-98844ecc/M3-T05 cand: complete setup 8.260 online 0.0374
r6 icv1-f2m59-tm943548413-98844ecc/M3-T05 base: complete setup 10.094 online 0.0533
r6 icv1-f2m59-tm943548413-98844ecc/M3-T06 cand: complete setup 7.285 online 0.0106
r6 icv1-f2m59-tm943548413-98844ecc/M3-T06 base: complete setup 9.530 online 0.0160
r6 icv1-f2m59-tm943548413-98844ecc/M4-T07 cand: complete setup 9.306 online 0.0038
r6 icv1-f2m59-tm943548413-98844ecc/M4-T07 base: complete setup 10.879 online 0.0050
r6 icv1-f2m59-tm943548413-98844ecc/M4-T08 cand: complete setup 8.242 online 0.0588
r6 icv1-f2m59-tm943548413-98844ecc/M4-T08 base: complete setup 9.176 online 0.0644
r7 icv1-f2m53-tm56619371-dac20a85/M1-T01 base: complete setup 8.060 online 0.0020
r7 icv1-f2m53-tm56619371-dac20a85/M1-T01 cand: complete setup 6.714 online 0.0015
r7 icv1-f2m53-tm56619371-dac20a85/M1-T02 base: complete setup 6.577 online 0.0318
r7 icv1-f2m53-tm56619371-dac20a85/M1-T02 cand: complete setup 6.448 online 0.0271
r7 icv1-f2m53-tm56619371-dac20a85/M2-T03 base: complete setup 8.447 online 0.0239
r7 icv1-f2m53-tm56619371-dac20a85/M2-T03 cand: complete setup 6.586 online 0.0208
r7 icv1-f2m53-tm56619371-dac20a85/M2-T04 base: complete setup 8.492 online 0.0410
r7 icv1-f2m53-tm56619371-dac20a85/M2-T04 cand: complete setup 6.635 online 0.0290
r7 icv1-f2m53-tm56619371-dac20a85/M3-T05 base: complete setup 8.372 online 0.0528
r7 icv1-f2m53-tm56619371-dac20a85/M3-T05 cand: complete setup 6.751 online 0.0428
r7 icv1-f2m53-tm56619371-dac20a85/M3-T06 base: complete setup 8.640 online 0.0350
r7 icv1-f2m53-tm56619371-dac20a85/M3-T06 cand: complete setup 7.231 online 0.0289
r7 icv1-f2m53-tm56619371-dac20a85/M4-T07 base: complete setup 8.011 online 0.0360
r7 icv1-f2m53-tm56619371-dac20a85/M4-T07 cand: complete setup 6.861 online 0.0300
r7 icv1-f2m53-tm56619371-dac20a85/M4-T08 base: complete setup 8.542 online 0.0173
r7 icv1-f2m53-tm56619371-dac20a85/M4-T08 cand: complete setup 6.371 online 0.0127
r7 icv1-f2m59-tm943548413-98844ecc/M1-T01 base: complete setup 10.778 online 0.0396
r7 icv1-f2m59-tm943548413-98844ecc/M1-T01 cand: complete setup 7.757 online 0.0315
r7 icv1-f2m59-tm943548413-98844ecc/M1-T02 base: complete setup 9.966 online 0.0238
r7 icv1-f2m59-tm943548413-98844ecc/M1-T02 cand: complete setup 8.186 online 0.0193
r7 icv1-f2m59-tm943548413-98844ecc/M2-T03 base: complete setup 10.575 online 0.0171
r7 icv1-f2m59-tm943548413-98844ecc/M2-T03 cand: complete setup 8.112 online 0.0189
r7 icv1-f2m59-tm943548413-98844ecc/M2-T04 base: complete setup 10.193 online 0.0227
r7 icv1-f2m59-tm943548413-98844ecc/M2-T04 cand: complete setup 8.191 online 0.0153
r7 icv1-f2m59-tm943548413-98844ecc/M3-T05 base: complete setup 10.778 online 0.0533
r7 icv1-f2m59-tm943548413-98844ecc/M3-T05 cand: complete setup 8.188 online 0.0458
r7 icv1-f2m59-tm943548413-98844ecc/M3-T06 base: complete setup 9.426 online 0.0142
r7 icv1-f2m59-tm943548413-98844ecc/M3-T06 cand: complete setup 7.507 online 0.0109
r7 icv1-f2m59-tm943548413-98844ecc/M4-T07 base: complete setup 10.521 online 0.0048
r7 icv1-f2m59-tm943548413-98844ecc/M4-T07 cand: complete setup 8.035 online 0.0035
r7 icv1-f2m59-tm943548413-98844ecc/M4-T08 base: complete setup 10.265 online 0.0755
r7 icv1-f2m59-tm943548413-98844ecc/M4-T08 cand: complete setup 7.419 online 0.0534
r8 icv1-f2m53-tm56619371-dac20a85/M1-T01 cand: complete setup 6.111 online 0.0015
r8 icv1-f2m53-tm56619371-dac20a85/M1-T01 base: complete setup 8.323 online 0.0020
r8 icv1-f2m53-tm56619371-dac20a85/M1-T02 cand: complete setup 6.504 online 0.0300
r8 icv1-f2m53-tm56619371-dac20a85/M1-T02 base: complete setup 8.280 online 0.0389
r8 icv1-f2m53-tm56619371-dac20a85/M2-T03 cand: complete setup 7.059 online 0.0214
r8 icv1-f2m53-tm56619371-dac20a85/M2-T03 base: complete setup 8.782 online 0.0261
r8 icv1-f2m53-tm56619371-dac20a85/M2-T04 cand: complete setup 6.770 online 0.0298
r8 icv1-f2m53-tm56619371-dac20a85/M2-T04 base: complete setup 9.950 online 0.0408
r8 icv1-f2m53-tm56619371-dac20a85/M3-T05 cand: complete setup 6.601 online 0.0377
r8 icv1-f2m53-tm56619371-dac20a85/M3-T05 base: complete setup 7.839 online 0.0520
r8 icv1-f2m53-tm56619371-dac20a85/M3-T06 cand: complete setup 6.438 online 0.0288
r8 icv1-f2m53-tm56619371-dac20a85/M3-T06 base: complete setup 7.919 online 0.0336
r8 icv1-f2m53-tm56619371-dac20a85/M4-T07 cand: complete setup 6.768 online 0.0304
r8 icv1-f2m53-tm56619371-dac20a85/M4-T07 base: complete setup 8.856 online 0.0386
r8 icv1-f2m53-tm56619371-dac20a85/M4-T08 cand: complete setup 7.069 online 0.0132
r8 icv1-f2m53-tm56619371-dac20a85/M4-T08 base: complete setup 8.608 online 0.0192
r8 icv1-f2m59-tm943548413-98844ecc/M1-T01 cand: complete setup 6.439 online 0.0252
r8 icv1-f2m59-tm943548413-98844ecc/M1-T01 base: complete setup 9.617 online 0.0394
r8 icv1-f2m59-tm943548413-98844ecc/M1-T02 cand: complete setup 8.135 online 0.0180
r8 icv1-f2m59-tm943548413-98844ecc/M1-T02 base: complete setup 9.941 online 0.0258
r8 icv1-f2m59-tm943548413-98844ecc/M2-T03 cand: complete setup 7.290 online 0.0114
r8 icv1-f2m59-tm943548413-98844ecc/M2-T03 base: complete setup 10.565 online 0.0166
r8 icv1-f2m59-tm943548413-98844ecc/M2-T04 cand: complete setup 7.383 online 0.0164
r8 icv1-f2m59-tm943548413-98844ecc/M2-T04 base: complete setup 10.270 online 0.0212
r8 icv1-f2m59-tm943548413-98844ecc/M3-T05 cand: complete setup 7.979 online 0.0387
r8 icv1-f2m59-tm943548413-98844ecc/M3-T05 base: complete setup 8.903 online 0.0542
r8 icv1-f2m59-tm943548413-98844ecc/M3-T06 cand: complete setup 7.225 online 0.0112
r8 icv1-f2m59-tm943548413-98844ecc/M3-T06 base: complete setup 9.152 online 0.0133
r8 icv1-f2m59-tm943548413-98844ecc/M4-T07 cand: complete setup 8.548 online 0.0039
r8 icv1-f2m59-tm943548413-98844ecc/M4-T07 base: complete setup 10.806 online 0.0047
r8 icv1-f2m59-tm943548413-98844ecc/M4-T08 cand: complete setup 8.231 online 0.0588
r8 icv1-f2m59-tm943548413-98844ecc/M4-T08 base: complete setup 10.675 online 0.0734
r9 icv1-f2m53-tm56619371-dac20a85/M1-T01 base: complete setup 7.754 online 0.0019
r9 icv1-f2m53-tm56619371-dac20a85/M1-T01 cand: complete setup 6.492 online 0.0026
r9 icv1-f2m53-tm56619371-dac20a85/M1-T02 base: complete setup 9.359 online 0.0406
r9 icv1-f2m53-tm56619371-dac20a85/M1-T02 cand: complete setup 5.889 online 0.0281
r9 icv1-f2m53-tm56619371-dac20a85/M2-T03 base: complete setup 9.172 online 0.0263
r9 icv1-f2m53-tm56619371-dac20a85/M2-T03 cand: complete setup 6.409 online 0.0187
r9 icv1-f2m53-tm56619371-dac20a85/M2-T04 base: complete setup 8.391 online 0.0390
r9 icv1-f2m53-tm56619371-dac20a85/M2-T04 cand: complete setup 6.847 online 0.0297
r9 icv1-f2m53-tm56619371-dac20a85/M3-T05 base: complete setup 9.094 online 0.0814
r9 icv1-f2m53-tm56619371-dac20a85/M3-T05 cand: complete setup 6.253 online 0.0375
r9 icv1-f2m53-tm56619371-dac20a85/M3-T06 base: complete setup 8.889 online 0.0381
r9 icv1-f2m53-tm56619371-dac20a85/M3-T06 cand: complete setup 6.663 online 0.0288
r9 icv1-f2m53-tm56619371-dac20a85/M4-T07 base: complete setup 8.217 online 0.0357
r9 icv1-f2m53-tm56619371-dac20a85/M4-T07 cand: complete setup 6.575 online 0.0283
r9 icv1-f2m53-tm56619371-dac20a85/M4-T08 base: complete setup 8.496 online 0.0173
r9 icv1-f2m53-tm56619371-dac20a85/M4-T08 cand: complete setup 6.585 online 0.0122
r9 icv1-f2m59-tm943548413-98844ecc/M1-T01 base: complete setup 9.989 online 0.0419
r9 icv1-f2m59-tm943548413-98844ecc/M1-T01 cand: complete setup 7.399 online 0.0292
r9 icv1-f2m59-tm943548413-98844ecc/M1-T02 base: complete setup 9.451 online 0.0252
r9 icv1-f2m59-tm943548413-98844ecc/M1-T02 cand: complete setup 7.583 online 0.0207
r9 icv1-f2m59-tm943548413-98844ecc/M2-T03 base: complete setup 10.209 online 0.0156
r9 icv1-f2m59-tm943548413-98844ecc/M2-T03 cand: complete setup 8.424 online 0.0131
r9 icv1-f2m59-tm943548413-98844ecc/M2-T04 base: complete setup 11.157 online 0.0218
r9 icv1-f2m59-tm943548413-98844ecc/M2-T04 cand: complete setup 7.679 online 0.0173
r9 icv1-f2m59-tm943548413-98844ecc/M3-T05 base: complete setup 9.800 online 0.0519
r9 icv1-f2m59-tm943548413-98844ecc/M3-T05 cand: complete setup 7.699 online 0.0409
r9 icv1-f2m59-tm943548413-98844ecc/M3-T06 base: complete setup 9.475 online 0.0143
r9 icv1-f2m59-tm943548413-98844ecc/M3-T06 cand: complete setup 7.527 online 0.0109
r9 icv1-f2m59-tm943548413-98844ecc/M4-T07 base: complete setup 10.696 online 0.0045
r9 icv1-f2m59-tm943548413-98844ecc/M4-T07 cand: complete setup 8.559 online 0.0042
r9 icv1-f2m59-tm943548413-98844ecc/M4-T08 base: complete setup 9.454 online 0.0662
r9 icv1-f2m59-tm943548413-98844ecc/M4-T08 cand: complete setup 8.407 online 0.0647
r10 icv1-f2m53-tm56619371-dac20a85/M1-T01 cand: complete setup 6.054 online 0.0016
r10 icv1-f2m53-tm56619371-dac20a85/M1-T01 base: complete setup 8.379 online 0.0026
r10 icv1-f2m53-tm56619371-dac20a85/M1-T02 cand: complete setup 6.605 online 0.0295
r10 icv1-f2m53-tm56619371-dac20a85/M1-T02 base: complete setup 7.806 online 0.0350
r10 icv1-f2m53-tm56619371-dac20a85/M2-T03 cand: complete setup 7.916 online 0.0202
r10 icv1-f2m53-tm56619371-dac20a85/M2-T03 base: complete setup 9.010 online 0.0269
r10 icv1-f2m53-tm56619371-dac20a85/M2-T04 cand: complete setup 6.867 online 0.0310
r10 icv1-f2m53-tm56619371-dac20a85/M2-T04 base: complete setup 8.707 online 0.0368
r10 icv1-f2m53-tm56619371-dac20a85/M3-T05 cand: complete setup 6.742 online 0.0403
r10 icv1-f2m53-tm56619371-dac20a85/M3-T05 base: complete setup 8.539 online 0.0523
r10 icv1-f2m53-tm56619371-dac20a85/M3-T06 cand: complete setup 6.961 online 0.0282
r10 icv1-f2m53-tm56619371-dac20a85/M3-T06 base: complete setup 9.133 online 0.0410
r10 icv1-f2m53-tm56619371-dac20a85/M4-T07 cand: complete setup 6.969 online 0.0295
r10 icv1-f2m53-tm56619371-dac20a85/M4-T07 base: complete setup 8.228 online 0.0369
r10 icv1-f2m53-tm56619371-dac20a85/M4-T08 cand: complete setup 6.589 online 0.0129
r10 icv1-f2m53-tm56619371-dac20a85/M4-T08 base: complete setup 8.887 online 0.0168
r10 icv1-f2m59-tm943548413-98844ecc/M1-T01 cand: complete setup 7.948 online 0.0321
r10 icv1-f2m59-tm943548413-98844ecc/M1-T01 base: complete setup 9.187 online 0.0403
r10 icv1-f2m59-tm943548413-98844ecc/M1-T02 cand: complete setup 6.916 online 0.0168
r10 icv1-f2m59-tm943548413-98844ecc/M1-T02 base: complete setup 9.847 online 0.0232
r10 icv1-f2m59-tm943548413-98844ecc/M2-T03 cand: complete setup 7.970 online 0.0123
r10 icv1-f2m59-tm943548413-98844ecc/M2-T03 base: complete setup 10.276 online 0.0164
r10 icv1-f2m59-tm943548413-98844ecc/M2-T04 cand: complete setup 8.318 online 0.0176
r10 icv1-f2m59-tm943548413-98844ecc/M2-T04 base: complete setup 10.541 online 0.0237
r10 icv1-f2m59-tm943548413-98844ecc/M3-T05 cand: complete setup 7.005 online 0.0394
r10 icv1-f2m59-tm943548413-98844ecc/M3-T05 base: complete setup 9.904 online 0.0506
r10 icv1-f2m59-tm943548413-98844ecc/M3-T06 cand: complete setup 7.293 online 0.0115
r10 icv1-f2m59-tm943548413-98844ecc/M3-T06 base: complete setup 9.108 online 0.0173
r10 icv1-f2m59-tm943548413-98844ecc/M4-T07 cand: complete setup 8.226 online 0.0037
r10 icv1-f2m59-tm943548413-98844ecc/M4-T07 base: complete setup 11.384 online 0.0055
r10 icv1-f2m59-tm943548413-98844ecc/M4-T08 cand: complete setup 8.189 online 0.0558
r10 icv1-f2m59-tm943548413-98844ecc/M4-T08 base: complete setup 8.660 online 0.0618
{
 "suite": [
  "icv1-f2m53-tm56619371-dac20a85",
  "icv1-f2m59-tm943548413-98844ecc"
 ]
}
extend exit 0 Thu Oct  1 23:52:56 UTC 2026
