[nb0] alpha=0x2de8f4e94249b03f... orbits=25/65 B=3275 pair-orbits=81,850
{
  "name": "nb0",
  "alpha": "0x2de8f4e94249b03fd012d60fe3c820fca",
  "lifting_orbits": 25,
  "total_orbits": 65,
  "support_size": 3275,
  "unknowns": 25,
  "pair_orbits_expected": 81850,
  "pair_orbits_enumerated": 81850,
  "complete": true,
  "elapsed_seconds": 25.3,
  "pairs_per_second": 3236.3,
  "raw_candidates": 50,
  "translate_candidates": 0,
  "characteristic_equation_hits": 50,
  "characteristic_equation_patterns": [
    "2A + sigma^1 A + sigma^2 A = O",
    "2A - sigma^1 A - sigma^3 A = O"
  ],
  "repeated_point_hits": 0,
  "unresolved_key_collisions": 0,
  "certified_relations": 0,
  "log2_expected_usable": -83.878,
  "log2_expected_exact": -84.878
}
[nb1] alpha=0x4dea6516dc1ed48b... orbits=29/65 B=3799 pair-orbits=110,142
[nb1]   98,304/110,142 (89.25%) elapsed=    30s eta=     4s
{
  "name": "nb1",
  "alpha": "0x4dea6516dc1ed48bd540b605a8cf1fa33",
  "lifting_orbits": 29,
  "total_orbits": 65,
  "support_size": 3799,
  "unknowns": 29,
  "pair_orbits_expected": 110142,
  "pair_orbits_enumerated": 110142,
  "complete": true,
  "elapsed_seconds": 34.1,
  "pairs_per_second": 3232.0,
  "raw_candidates": 58,
  "translate_candidates": 0,
  "characteristic_equation_hits": 58,
  "characteristic_equation_patterns": [
    "2A + sigma^1 A + sigma^2 A = O",
    "2A - sigma^1 A - sigma^3 A = O"
  ],
  "repeated_point_hits": 0,
  "unresolved_key_collisions": 0,
  "certified_relations": 0,
  "log2_expected_usable": -83.022,
  "log2_expected_exact": -84.022
}
[nb2] alpha=0x1a652f4bb357676c... orbits=31/65 B=4061 pair-orbits=125,860
[nb2]   98,304/125,860 (78.11%) elapsed=    30s eta=     8s
{
  "name": "nb2",
  "alpha": "0x1a652f4bb357676c6852abca7ef1764b3",
  "lifting_orbits": 31,
  "total_orbits": 65,
  "support_size": 4061,
  "unknowns": 31,
  "pair_orbits_expected": 125860,
  "pair_orbits_enumerated": 125860,
  "complete": true,
  "elapsed_seconds": 38.8,
  "pairs_per_second": 3247.3,
  "raw_candidates": 62,
  "translate_candidates": 0,
  "characteristic_equation_hits": 62,
  "characteristic_equation_patterns": [
    "2A + sigma^1 A + sigma^2 A = O",
    "2A - sigma^1 A - sigma^3 A = O"
  ],
  "repeated_point_hits": 0,
  "unresolved_key_collisions": 0,
  "certified_relations": 0,
  "log2_expected_usable": -82.637,
  "log2_expected_exact": -83.637
}
[nb3] alpha=0x4d44a5aac26a00c4... orbits=42/65 B=5502 pair-orbits=231,042
[nb3]   98,304/231,042 (42.55%) elapsed=    30s eta=    41s
[nb3]   196,608/231,042 (85.10%) elapsed=    61s eta=    11s
{
  "name": "nb3",
  "alpha": "0x4d44a5aac26a00c420ab9feacbc3589b7",
  "lifting_orbits": 42,
  "total_orbits": 65,
  "support_size": 5502,
  "unknowns": 42,
  "pair_orbits_expected": 231042,
  "pair_orbits_enumerated": 231042,
  "complete": true,
  "elapsed_seconds": 71.1,
  "pairs_per_second": 3249.6,
  "raw_candidates": 84,
  "translate_candidates": 0,
  "characteristic_equation_hits": 84,
  "characteristic_equation_patterns": [
    "2A + sigma^1 A + sigma^2 A = O",
    "2A - sigma^1 A - sigma^3 A = O"
  ],
  "repeated_point_hits": 0,
  "unresolved_key_collisions": 0,
  "certified_relations": 0,
  "log2_expected_usable": -80.884,
  "log2_expected_exact": -81.884
}
[nb4] alpha=0x57eea059506531b2... orbits=26/65 B=3406 pair-orbits=88,530
{
  "name": "nb4",
  "alpha": "0x57eea059506531b2fdee8e41dfab6e60d",
  "lifting_orbits": 26,
  "total_orbits": 65,
  "support_size": 3406,
  "unknowns": 26,
  "pair_orbits_expected": 88530,
  "pair_orbits_enumerated": 88530,
  "complete": true,
  "elapsed_seconds": 27.1,
  "pairs_per_second": 3271.3,
  "raw_candidates": 52,
  "translate_candidates": 0,
  "characteristic_equation_hits": 52,
  "characteristic_equation_patterns": [
    "2A + sigma^1 A + sigma^2 A = O",
    "2A - sigma^1 A - sigma^3 A = O"
  ],
  "repeated_point_hits": 0,
  "unresolved_key_collisions": 0,
  "certified_relations": 0,
  "log2_expected_usable": -83.652,
  "log2_expected_exact": -84.652
}
[nb5] alpha=0x4f7aaf673fb46bcf... orbits=23/65 B=3013 pair-orbits=69,276
{
  "name": "nb5",
  "alpha": "0x4f7aaf673fb46bcf47e8ea0660052d037",
  "lifting_orbits": 23,
  "total_orbits": 65,
  "support_size": 3013,
  "unknowns": 23,
  "pair_orbits_expected": 69276,
  "pair_orbits_enumerated": 69276,
  "complete": true,
  "elapsed_seconds": 21.3,
  "pairs_per_second": 3249.9,
  "raw_candidates": 46,
  "translate_candidates": 0,
  "characteristic_equation_hits": 46,
  "characteristic_equation_patterns": [
    "2A + sigma^1 A + sigma^2 A = O",
    "2A - sigma^1 A - sigma^3 A = O"
  ],
  "repeated_point_hits": 0,
  "unresolved_key_collisions": 0,
  "certified_relations": 0,
  "log2_expected_usable": -84.36,
  "log2_expected_exact": -85.36
}
[nb6] alpha=0x33471bc1d825ddd3... orbits=37/65 B=4847 pair-orbits=179,302
[nb6]   98,304/179,302 (54.83%) elapsed=    30s eta=    25s
{
  "name": "nb6",
  "alpha": "0x33471bc1d825ddd3778819a86a422b3b",
  "lifting_orbits": 37,
  "total_orbits": 65,
  "support_size": 4847,
  "unknowns": 37,
  "pair_orbits_expected": 179302,
  "pair_orbits_enumerated": 179302,
  "complete": true,
  "elapsed_seconds": 54.8,
  "pairs_per_second": 3270.8,
  "raw_candidates": 74,
  "translate_candidates": 0,
  "characteristic_equation_hits": 74,
  "characteristic_equation_patterns": [
    "2A + sigma^1 A + sigma^2 A = O",
    "2A - sigma^1 A - sigma^3 A = O"
  ],
  "repeated_point_hits": 0,
  "unresolved_key_collisions": 0,
  "certified_relations": 0,
  "log2_expected_usable": -81.615,
  "log2_expected_exact": -82.615
}
[nb7] alpha=0x45afb07e8cb20ea5... orbits=32/65 B=4192 pair-orbits=134,112
[nb7]   98,304/134,112 (73.30%) elapsed=    30s eta=    11s
{
  "name": "nb7",
  "alpha": "0x45afb07e8cb20ea507bab200476e8f1d",
  "lifting_orbits": 32,
  "total_orbits": 65,
  "support_size": 4192,
  "unknowns": 32,
  "pair_orbits_expected": 134112,
  "pair_orbits_enumerated": 134112,
  "complete": true,
  "elapsed_seconds": 41.5,
  "pairs_per_second": 3234.3,
  "raw_candidates": 64,
  "translate_candidates": 0,
  "characteristic_equation_hits": 64,
  "characteristic_equation_patterns": [
    "2A + sigma^1 A + sigma^2 A = O",
    "2A - sigma^1 A - sigma^3 A = O"
  ],
  "repeated_point_hits": 0,
  "unresolved_key_collisions": 0,
  "certified_relations": 0,
  "log2_expected_usable": -82.453,
  "log2_expected_exact": -83.453
}

total pair-orbits 1,020,114  certified relations 0
