order: reused sealed PASS receipt
ell-73: reused sealed PASS receipt
ell-89: reused sealed TIMEOUT receipt
ell-101: reused sealed TIMEOUT receipt
ell-103: reused sealed TIMEOUT receipt
ell-107: reused sealed TIMEOUT receipt
ell-113: reused sealed TIMEOUT receipt
ell-137: reused sealed TIMEOUT receipt
ell-149: reused sealed TIMEOUT receipt
ell-163: reused sealed TIMEOUT receipt
ell-167: reused sealed TIMEOUT receipt
ell-181: reused sealed TIMEOUT receipt
ell-191: reused sealed TIMEOUT receipt
ell-193: reused sealed PASS receipt
ell-197: reused sealed TIMEOUT receipt
ell-199: reused sealed PASS receipt
ell-211: reused sealed TIMEOUT receipt
ell-223: reused sealed TIMEOUT receipt
ell-227: reused sealed TIMEOUT receipt
ell-229: reused sealed TIMEOUT receipt
ell-233: reused sealed TIMEOUT receipt
ell-509: reused sealed TIMEOUT receipt
ell-1013: reused sealed TIMEOUT receipt
ell-2011: reused sealed TIMEOUT receipt
ell-4001: reused sealed TIMEOUT receipt
order: PASS (1013 ms)
ell-97: PASS (9074 ms)
ell-101: PASS (11402 ms)
ell-103: PASS (16810 ms)
ell-107: PASS (18741 ms)
ell-131: PASS (28735 ms)
ell-137: PASS (43391 ms)
ell-163: PASS (62923 ms)
ell-197: PASS (134566 ms)
ell-227: TIMEOUT (180102 ms)
ell-233: TIMEOUT (180033 ms)
ell-241: TIMEOUT (180052 ms)
ell-257: TIMEOUT (180027 ms)
ell-521: TIMEOUT (180022 ms)
ell-1009: TIMEOUT (180031 ms)
ell-2003: TIMEOUT (180011 ms)
ell-4001: TIMEOUT (180015 ms)
