order: reused sealed PASS receipt
ell-73: reused sealed PASS receipt
ell-89: reused sealed TIMEOUT receipt
ell-101: reused sealed TIMEOUT receipt
ell-103: reused sealed TIMEOUT receipt
ell-107: reused sealed TIMEOUT receipt
ell-113: reused sealed TIMEOUT receipt
ell-137: reused sealed TIMEOUT receipt
ell-149: preserved interrupted output before retry
ell-149: TIMEOUT (180044 ms)
ell-163: TIMEOUT (180045 ms)
ell-167: TIMEOUT (180317 ms)
ell-181: TIMEOUT (180097 ms)
ell-191: TIMEOUT (180139 ms)
ell-193: PASS (167954 ms)
ell-197: TIMEOUT (180032 ms)
ell-199: PASS (126567 ms)
ell-211: TIMEOUT (180028 ms)
ell-223: TIMEOUT (180037 ms)
ell-227: TIMEOUT (180019 ms)
ell-229: TIMEOUT (180021 ms)
ell-233: TIMEOUT (180021 ms)
ell-509: TIMEOUT (180011 ms)
ell-1013: TIMEOUT (180011 ms)
ell-2011: TIMEOUT (180011 ms)
ell-4001: TIMEOUT (180066 ms)
order: PASS (2078 ms)
ell-97: FAIL (28 ms)
ell-101: FAIL (26 ms)
ell-103: FAIL (35 ms)
ell-107: FAIL (25 ms)
ell-131: FAIL (30 ms)
ell-137: FAIL (31 ms)
ell-163: FAIL (35 ms)
ell-197: FAIL (33 ms)
ell-227: FAIL (32 ms)
ell-233: FAIL (31 ms)
ell-241: FAIL (35 ms)
ell-257: FAIL (31 ms)
ell-521: FAIL (33 ms)
ell-1009: FAIL (35 ms)
ell-2003: FAIL (30 ms)
ell-4001: FAIL (30 ms)
