/home/ubuntu/crypto/ecc2k130/build/g7-larger-batch-xcache-src/src/../include/packedsigma131.h(1183): warning #177-D: variable "v5" was declared but never referenced
      uint32_t v5=0, v6=0, v7=0, t, mask;
               ^

Remark: The warnings can be suppressed with "-diag-suppress <warning-number>"

/home/ubuntu/crypto/ecc2k130/build/g7-larger-batch-xcache-src/src/../include/packedsigma131.h(1183): warning #177-D: variable "v6" was declared but never referenced
      uint32_t v5=0, v6=0, v7=0, t, mask;
                     ^

/home/ubuntu/crypto/ecc2k130/build/g7-larger-batch-xcache-src/src/../include/packedsigma131.h(1183): warning #177-D: variable "v7" was declared but never referenced
      uint32_t v5=0, v6=0, v7=0, t, mask;
                           ^

/home/ubuntu/crypto/ecc2k130/build/g7-larger-batch-xcache-src/src/../include/packedsigma131.h(6547): warning #177-D: variable "a5" was declared but never referenced
      uint32_t a5=0, a6=0, a7=0, b5=0, b6=0, b7=0, t, mask;
               ^

/home/ubuntu/crypto/ecc2k130/build/g7-larger-batch-xcache-src/src/../include/packedsigma131.h(6547): warning #177-D: variable "a6" was declared but never referenced
      uint32_t a5=0, a6=0, a7=0, b5=0, b6=0, b7=0, t, mask;
                     ^

/home/ubuntu/crypto/ecc2k130/build/g7-larger-batch-xcache-src/src/../include/packedsigma131.h(6547): warning #177-D: variable "a7" was declared but never referenced
      uint32_t a5=0, a6=0, a7=0, b5=0, b6=0, b7=0, t, mask;
                           ^

/home/ubuntu/crypto/ecc2k130/build/g7-larger-batch-xcache-src/src/../include/packedsigma131.h(6547): warning #177-D: variable "b5" was declared but never referenced
      uint32_t a5=0, a6=0, a7=0, b5=0, b6=0, b7=0, t, mask;
                                 ^

/home/ubuntu/crypto/ecc2k130/build/g7-larger-batch-xcache-src/src/../include/packedsigma131.h(6547): warning #177-D: variable "b6" was declared but never referenced
      uint32_t a5=0, a6=0, a7=0, b5=0, b6=0, b7=0, t, mask;
                                       ^

/home/ubuntu/crypto/ecc2k130/build/g7-larger-batch-xcache-src/src/../include/packedsigma131.h(6547): warning #177-D: variable "b7" was declared but never referenced
      uint32_t a5=0, a6=0, a7=0, b5=0, b6=0, b7=0, t, mask;
                                             ^

/home/ubuntu/crypto/ecc2k130/build/g7-larger-batch-xcache-src/src/../include/packedsigma131.h(7109): warning #177-D: variable "a5" was declared but never referenced
      uint32_t a5=0, a6=0, a7=0, b5=0, b6=0, b7=0, t, mask;
               ^

/home/ubuntu/crypto/ecc2k130/build/g7-larger-batch-xcache-src/src/../include/packedsigma131.h(7109): warning #177-D: variable "a6" was declared but never referenced
      uint32_t a5=0, a6=0, a7=0, b5=0, b6=0, b7=0, t, mask;
                     ^

/home/ubuntu/crypto/ecc2k130/build/g7-larger-batch-xcache-src/src/../include/packedsigma131.h(7109): warning #177-D: variable "a7" was declared but never referenced
      uint32_t a5=0, a6=0, a7=0, b5=0, b6=0, b7=0, t, mask;
                           ^

/home/ubuntu/crypto/ecc2k130/build/g7-larger-batch-xcache-src/src/../include/packedsigma131.h(7109): warning #177-D: variable "b5" was declared but never referenced
      uint32_t a5=0, a6=0, a7=0, b5=0, b6=0, b7=0, t, mask;
                                 ^

/home/ubuntu/crypto/ecc2k130/build/g7-larger-batch-xcache-src/src/../include/packedsigma131.h(7109): warning #177-D: variable "b6" was declared but never referenced
      uint32_t a5=0, a6=0, a7=0, b5=0, b6=0, b7=0, t, mask;
                                       ^

/home/ubuntu/crypto/ecc2k130/build/g7-larger-batch-xcache-src/src/../include/packedsigma131.h(7109): warning #177-D: variable "b7" was declared but never referenced
      uint32_t a5=0, a6=0, a7=0, b5=0, b6=0, b7=0, t, mask;
                                             ^

ptxas info    : 1536 bytes gmem
ptxas info    : Compiling entry function '_ZN12eccPacked1314walkE10WalkParamsIjEPj' for 'sm_120'
ptxas info    : Function properties for _ZN12eccPacked1314walkE10WalkParamsIjEPj
    0 bytes stack frame, 0 bytes spill stores, 0 bytes spill loads
ptxas info    : Used 126 registers, used 1 barriers, 46976 bytes smem
ptxas info    : Compile time = 291.726 ms
ptxas info    : Function properties for _ZN33_INTERNAL_d37bd518_7_main_cu_main12eccPacked13118sigmaInvNetwork131ENS0_4P131Ei_$_specialized_$_1
    0 bytes stack frame, 0 bytes spill stores, 0 bytes spill loads
ptxas info    : Function properties for _ZN33_INTERNAL_d37bd518_7_main_cu_main12eccPacked13118sigmaInvNetwork131ENS0_4P131Ei_$_specialized_$_2
    0 bytes stack frame, 0 bytes spill stores, 0 bytes spill loads
ptxas info    : Function properties for _ZN33_INTERNAL_d37bd518_7_main_cu_main12eccPacked13118sigmaInvNetwork131ENS0_4P131Ei_$_specialized_$_3
    0 bytes stack frame, 0 bytes spill stores, 0 bytes spill loads
ptxas info    : Function properties for _ZN33_INTERNAL_d37bd518_7_main_cu_main12eccPacked13119sigmaWalkNetwork131ENS0_4P131Ei
    0 bytes stack frame, 0 bytes spill stores, 0 bytes spill loads
ptxas info    : Function properties for _ZN33_INTERNAL_d37bd518_7_main_cu_main12eccPacked13129sigmaWalkNetworkPairShared131ENS0_4P131ES1_i
    0 bytes stack frame, 0 bytes spill stores, 0 bytes spill loads
ptxas info    : Function properties for _ZN33_INTERNAL_d37bd518_7_main_cu_main12eccPacked1316mul131ENS0_4P131ES1_
    0 bytes stack frame, 0 bytes spill stores, 0 bytes spill loads
ptxas info    : Compiling entry function '_ZN12eccPacked1314initE10WalkParamsIjEb' for 'sm_120'
ptxas info    : Function properties for _ZN12eccPacked1314initE10WalkParamsIjEb
    0 bytes stack frame, 0 bytes spill stores, 0 bytes spill loads
ptxas info    : Used 96 registers, used 0 barriers
ptxas info    : Compile time = 73.192 ms
ptxas info    : Function properties for _ZN33_INTERNAL_d37bd518_7_main_cu_main12eccPacked13118sigmaInvNetwork131ENS0_4P131Ei_$_specialized_$_1
    0 bytes stack frame, 0 bytes spill stores, 0 bytes spill loads
ptxas info    : Function properties for _ZN33_INTERNAL_d37bd518_7_main_cu_main12eccPacked13118sigmaInvNetwork131ENS0_4P131Ei_$_specialized_$_2
    0 bytes stack frame, 0 bytes spill stores, 0 bytes spill loads
ptxas info    : Function properties for _ZN33_INTERNAL_d37bd518_7_main_cu_main12eccPacked13118sigmaInvNetwork131ENS0_4P131Ei_$_specialized_$_3
    0 bytes stack frame, 0 bytes spill stores, 0 bytes spill loads
ptxas info    : Function properties for _ZN33_INTERNAL_d37bd518_7_main_cu_main12eccPacked13119sigmaWalkNetwork131ENS0_4P131Ei
    0 bytes stack frame, 0 bytes spill stores, 0 bytes spill loads
ptxas info    : Function properties for _ZN33_INTERNAL_d37bd518_7_main_cu_main12eccPacked1316mul131ENS0_4P131ES1_
    0 bytes stack frame, 0 bytes spill stores, 0 bytes spill loads
ptxas info    : Compiling entry function '_Z15eccReseedKernelI6CfgP97jEv10WalkParamsIT0_E' for 'sm_120'
ptxas info    : Function properties for _Z15eccReseedKernelI6CfgP97jEv10WalkParamsIT0_E
    14768 bytes stack frame, 20 bytes spill stores, 60 bytes spill loads
ptxas info    : Used 128 registers, used 0 barriers, 14768 bytes cumulative stack size
ptxas info    : Compile time = 1777.930 ms
ptxas info    : Function properties for _ZN4WalkI6CfgP97jE10startPointEPKyRK11CurveConstsPjS7_
    0 bytes stack frame, 2428 bytes spill stores, 2428 bytes spill loads
ptxas info    : Function properties for _ZN4WalkI6CfgP97jE11reseedLanesEjPyRK11CurveConstsPjS6_
    0 bytes stack frame, 20 bytes spill stores, 12 bytes spill loads
ptxas info    : Function properties for _ZN4WalkI6CfgP97jE8pointAddEPKjS3_S3_S3_PjS4_
    0 bytes stack frame, 1168 bytes spill stores, 1168 bytes spill loads
ptxas info    : Function properties for _ZN6CfgP973sqrIjEEvPKT_PS1_
    0 bytes stack frame, 0 bytes spill stores, 0 bytes spill loads
ptxas info    : Function properties for _ZN6CfgP976reduceIjEEvPKT_PS1_
    0 bytes stack frame, 0 bytes spill stores, 8 bytes spill loads
ptxas info    : Function properties for _ZN6CfgP977mulLeafIjEEvPKT_S3_PS1_
    0 bytes stack frame, 0 bytes spill stores, 4 bytes spill loads
ptxas info    : Function properties for _ZN6eccP973sqrIjEEvPKT_PS1_
    0 bytes stack frame, 0 bytes spill stores, 0 bytes spill loads
ptxas info    : Function properties for _ZN6eccP976reduceIjEEvPKT_PS1_
    0 bytes stack frame, 0 bytes spill stores, 0 bytes spill loads
ptxas info    : Function properties for _ZN6eccP977mulLeafIjEEvPKT_S3_PS1_
    0 bytes stack frame, 904 bytes spill stores, 1012 bytes spill loads
ptxas info    : Function properties for _ZN7FieldPbI6CfgP97jE3invEPKjPj
    0 bytes stack frame, 28 bytes spill stores, 0 bytes spill loads
ptxas info    : Function properties for _ZN7FieldPbI6CfgP97jE3mulEPKjS3_Pj
    0 bytes stack frame, 160 bytes spill stores, 160 bytes spill loads
ptxas info    : Compiling entry function '_Z13eccInitKernelI6CfgP97jEv10WalkParamsIT0_E' for 'sm_120'
ptxas info    : Function properties for _Z13eccInitKernelI6CfgP97jEv10WalkParamsIT0_E
    13824 bytes stack frame, 8 bytes spill stores, 16 bytes spill loads
ptxas info    : Used 128 registers, used 0 barriers, 13824 bytes cumulative stack size
ptxas info    : Compile time = 1522.979 ms
ptxas info    : Function properties for _ZN4WalkI6CfgP97jE10startPointEPKyRK11CurveConstsPjS7_
    0 bytes stack frame, 2412 bytes spill stores, 2412 bytes spill loads
ptxas info    : Function properties for _ZN4WalkI6CfgP97jE8pointAddEPKjS3_S3_S3_PjS4_
    0 bytes stack frame, 1168 bytes spill stores, 1168 bytes spill loads
ptxas info    : Function properties for _ZN6CfgP973sqrIjEEvPKT_PS1_
    0 bytes stack frame, 0 bytes spill stores, 0 bytes spill loads
ptxas info    : Function properties for _ZN6CfgP976reduceIjEEvPKT_PS1_
    0 bytes stack frame, 0 bytes spill stores, 0 bytes spill loads
ptxas info    : Function properties for _ZN6CfgP977mulLeafIjEEvPKT_S3_PS1_
    0 bytes stack frame, 0 bytes spill stores, 4 bytes spill loads
ptxas info    : Function properties for _ZN6eccP973sqrIjEEvPKT_PS1_
    0 bytes stack frame, 0 bytes spill stores, 0 bytes spill loads
ptxas info    : Function properties for _ZN6eccP976reduceIjEEvPKT_PS1_
    0 bytes stack frame, 0 bytes spill stores, 0 bytes spill loads
ptxas info    : Function properties for _ZN6eccP977mulLeafIjEEvPKT_S3_PS1_
    0 bytes stack frame, 868 bytes spill stores, 1000 bytes spill loads
ptxas info    : Function properties for _ZN7FieldPbI6CfgP97jE3invEPKjPj
    0 bytes stack frame, 0 bytes spill stores, 0 bytes spill loads
ptxas info    : Function properties for _ZN7FieldPbI6CfgP97jE3mulEPKjS3_Pj
    0 bytes stack frame, 120 bytes spill stores, 140 bytes spill loads
ptxas info    : Compiling entry function '_Z13eccWalkKernelI6CfgP97jEv10WalkParamsIT0_E' for 'sm_120'
ptxas info    : Function properties for _Z13eccWalkKernelI6CfgP97jEv10WalkParamsIT0_E
    10896 bytes stack frame, 476 bytes spill stores, 468 bytes spill loads
ptxas info    : Used 128 registers, used 0 barriers, 10896 bytes cumulative stack size
ptxas info    : Compile time = 1533.871 ms
ptxas info    : Function properties for _ZN4WalkI6CfgP97jE6sigmaJEPKjS3_Pj
    0 bytes stack frame, 320 bytes spill stores, 324 bytes spill loads
ptxas info    : Function properties for _ZN6CfgP973sqrIjEEvPKT_PS1_
    0 bytes stack frame, 0 bytes spill stores, 0 bytes spill loads
ptxas info    : Function properties for _ZN6CfgP976reduceIjEEvPKT_PS1_
    0 bytes stack frame, 0 bytes spill stores, 8 bytes spill loads
ptxas info    : Function properties for _ZN6CfgP977hammingIjEEvPKT_PS1_
    0 bytes stack frame, 0 bytes spill stores, 0 bytes spill loads
ptxas info    : Function properties for _ZN6CfgP977mulLeafIjEEvPKT_S3_PS1_
    0 bytes stack frame, 0 bytes spill stores, 4 bytes spill loads
ptxas info    : Function properties for _ZN6KernelI6CfgP97jE12overdueLanesEiiRK10WalkParamsIjEy
    0 bytes stack frame, 0 bytes spill stores, 8 bytes spill loads
ptxas info    : Function properties for _ZN6KernelI6CfgP97jE19handleDistinguishedEiijRK10WalkParamsIjEyPKjS7_
    0 bytes stack frame, 0 bytes spill stores, 8 bytes spill loads
ptxas info    : Function properties for _ZN6eccP973sqrIjEEvPKT_PS1_
    0 bytes stack frame, 0 bytes spill stores, 0 bytes spill loads
ptxas info    : Function properties for _ZN6eccP976reduceIjEEvPKT_PS1_
    0 bytes stack frame, 0 bytes spill stores, 0 bytes spill loads
ptxas info    : Function properties for _ZN6eccP977hammingIjEEvPKT_PS1_
    0 bytes stack frame, 1588 bytes spill stores, 1680 bytes spill loads
ptxas info    : Function properties for _ZN6eccP977mulLeafIjEEvPKT_S3_PS1_
    0 bytes stack frame, 908 bytes spill stores, 988 bytes spill loads
ptxas info    : Function properties for _ZN7FieldPbI6CfgP97jE3invEPKjPj
    0 bytes stack frame, 28 bytes spill stores, 8 bytes spill loads
ptxas info    : Function properties for _ZN7FieldPbI6CfgP97jE3mulEPKjS3_Pj
    0 bytes stack frame, 176 bytes spill stores, 164 bytes spill loads
ptxas info    : Compiling entry function '_Z15eccReseedKernelI6CfgP41jEv10WalkParamsIT0_E' for 'sm_120'
ptxas info    : Function properties for _Z15eccReseedKernelI6CfgP41jEv10WalkParamsIT0_E
    7056 bytes stack frame, 20 bytes spill stores, 60 bytes spill loads
ptxas info    : Used 128 registers, used 0 barriers, 7056 bytes cumulative stack size
ptxas info    : Compile time = 650.819 ms
ptxas info    : Function properties for _ZN4WalkI6CfgP41jE10startPointEPKyRK11CurveConstsPjS7_
    0 bytes stack frame, 2456 bytes spill stores, 2456 bytes spill loads
ptxas info    : Function properties for _ZN4WalkI6CfgP41jE11reseedLanesEjPyRK11CurveConstsPjS6_
    0 bytes stack frame, 20 bytes spill stores, 12 bytes spill loads
ptxas info    : Function properties for _ZN4WalkI6CfgP41jE8pointAddEPKjS3_S3_S3_PjS4_
    0 bytes stack frame, 488 bytes spill stores, 504 bytes spill loads
ptxas info    : Function properties for _ZN6CfgP413sqrIjEEvPKT_PS1_
    0 bytes stack frame, 0 bytes spill stores, 0 bytes spill loads
ptxas info    : Function properties for _ZN6CfgP416reduceIjEEvPKT_PS1_
    0 bytes stack frame, 0 bytes spill stores, 8 bytes spill loads
ptxas info    : Function properties for _ZN6CfgP417mulLeafIjEEvPKT_S3_PS1_
    0 bytes stack frame, 0 bytes spill stores, 4 bytes spill loads
ptxas info    : Function properties for _ZN6eccP413sqrIjEEvPKT_PS1_
    0 bytes stack frame, 0 bytes spill stores, 0 bytes spill loads
ptxas info    : Function properties for _ZN6eccP416reduceIjEEvPKT_PS1_
    0 bytes stack frame, 0 bytes spill stores, 0 bytes spill loads
ptxas info    : Function properties for _ZN6eccP417mulLeafIjEEvPKT_S3_PS1_
    0 bytes stack frame, 472 bytes spill stores, 496 bytes spill loads
ptxas info    : Function properties for _ZN7FieldPbI6CfgP41jE3invEPKjPj
    0 bytes stack frame, 0 bytes spill stores, 0 bytes spill loads
ptxas info    : Function properties for _ZN7FieldPbI6CfgP41jE3mulEPKjS3_Pj
    0 bytes stack frame, 8 bytes spill stores, 0 bytes spill loads
ptxas info    : Compiling entry function '_Z13eccInitKernelI6CfgP41jEv10WalkParamsIT0_E' for 'sm_120'
ptxas info    : Function properties for _Z13eccInitKernelI6CfgP41jEv10WalkParamsIT0_E
    6672 bytes stack frame, 8 bytes spill stores, 16 bytes spill loads
ptxas info    : Used 128 registers, used 0 barriers, 6672 bytes cumulative stack size
ptxas info    : Compile time = 546.987 ms
ptxas info    : Function properties for _ZN4WalkI6CfgP41jE10startPointEPKyRK11CurveConstsPjS7_
    0 bytes stack frame, 2412 bytes spill stores, 2412 bytes spill loads
ptxas info    : Function properties for _ZN4WalkI6CfgP41jE8pointAddEPKjS3_S3_S3_PjS4_
    0 bytes stack frame, 496 bytes spill stores, 496 bytes spill loads
ptxas info    : Function properties for _ZN6CfgP413sqrIjEEvPKT_PS1_
    0 bytes stack frame, 0 bytes spill stores, 0 bytes spill loads
ptxas info    : Function properties for _ZN6CfgP416reduceIjEEvPKT_PS1_
    0 bytes stack frame, 0 bytes spill stores, 0 bytes spill loads
ptxas info    : Function properties for _ZN6CfgP417mulLeafIjEEvPKT_S3_PS1_
    0 bytes stack frame, 0 bytes spill stores, 0 bytes spill loads
ptxas info    : Function properties for _ZN6eccP413sqrIjEEvPKT_PS1_
    0 bytes stack frame, 0 bytes spill stores, 0 bytes spill loads
ptxas info    : Function properties for _ZN6eccP416reduceIjEEvPKT_PS1_
    0 bytes stack frame, 0 bytes spill stores, 0 bytes spill loads
ptxas info    : Function properties for _ZN6eccP417mulLeafIjEEvPKT_S3_PS1_
    0 bytes stack frame, 464 bytes spill stores, 488 bytes spill loads
ptxas info    : Function properties for _ZN7FieldPbI6CfgP41jE3invEPKjPj
    0 bytes stack frame, 0 bytes spill stores, 0 bytes spill loads
ptxas info    : Function properties for _ZN7FieldPbI6CfgP41jE3mulEPKjS3_Pj
    0 bytes stack frame, 0 bytes spill stores, 0 bytes spill loads
ptxas info    : Compiling entry function '_Z13eccWalkKernelI6CfgP41jEv10WalkParamsIT0_E' for 'sm_120'
ptxas info    : Function properties for _Z13eccWalkKernelI6CfgP41jEv10WalkParamsIT0_E
    4016 bytes stack frame, 292 bytes spill stores, 320 bytes spill loads
ptxas info    : Used 128 registers, used 0 barriers, 4016 bytes cumulative stack size
ptxas info    : Compile time = 490.359 ms
ptxas info    : Function properties for _ZN4WalkI6CfgP41jE6sigmaJEPKjS3_Pj
    0 bytes stack frame, 0 bytes spill stores, 0 bytes spill loads
ptxas info    : Function properties for _ZN6CfgP413sqrIjEEvPKT_PS1_
    0 bytes stack frame, 0 bytes spill stores, 0 bytes spill loads
ptxas info    : Function properties for _ZN6CfgP416reduceIjEEvPKT_PS1_
    0 bytes stack frame, 0 bytes spill stores, 8 bytes spill loads
ptxas info    : Function properties for _ZN6CfgP417hammingIjEEvPKT_PS1_
    0 bytes stack frame, 0 bytes spill stores, 0 bytes spill loads
ptxas info    : Function properties for _ZN6CfgP417mulLeafIjEEvPKT_S3_PS1_
    0 bytes stack frame, 0 bytes spill stores, 4 bytes spill loads
ptxas info    : Function properties for _ZN6KernelI6CfgP41jE12overdueLanesEiiRK10WalkParamsIjEy
    0 bytes stack frame, 0 bytes spill stores, 8 bytes spill loads
ptxas info    : Function properties for _ZN6KernelI6CfgP41jE19handleDistinguishedEiijRK10WalkParamsIjEyPKjS7_
    0 bytes stack frame, 0 bytes spill stores, 8 bytes spill loads
ptxas info    : Function properties for _ZN6eccP413sqrIjEEvPKT_PS1_
    0 bytes stack frame, 0 bytes spill stores, 0 bytes spill loads
ptxas info    : Function properties for _ZN6eccP416reduceIjEEvPKT_PS1_
    0 bytes stack frame, 0 bytes spill stores, 0 bytes spill loads
ptxas info    : Function properties for _ZN6eccP417hammingIjEEvPKT_PS1_
    0 bytes stack frame, 0 bytes spill stores, 0 bytes spill loads
ptxas info    : Function properties for _ZN6eccP417mulLeafIjEEvPKT_S3_PS1_
    0 bytes stack frame, 500 bytes spill stores, 540 bytes spill loads
ptxas info    : Function properties for _ZN7FieldPbI6CfgP41jE3invEPKjPj
    0 bytes stack frame, 0 bytes spill stores, 0 bytes spill loads
ptxas info    : Function properties for _ZN7FieldPbI6CfgP41jE3mulEPKjS3_Pj
    0 bytes stack frame, 8 bytes spill stores, 0 bytes spill loads
ptxas info    : Compiling entry function '_Z15eccReseedKernelI6CfgP19jEv10WalkParamsIT0_E' for 'sm_120'
ptxas info    : Function properties for _Z15eccReseedKernelI6CfgP19jEv10WalkParamsIT0_E
    5200 bytes stack frame, 20 bytes spill stores, 60 bytes spill loads
ptxas info    : Used 128 registers, used 0 barriers, 5200 bytes cumulative stack size
ptxas info    : Compile time = 295.507 ms
ptxas info    : Function properties for _ZN4WalkI6CfgP19jE10startPointEPKyRK11CurveConstsPjS7_
    0 bytes stack frame, 2444 bytes spill stores, 2456 bytes spill loads
ptxas info    : Function properties for _ZN4WalkI6CfgP19jE11reseedLanesEjPyRK11CurveConstsPjS6_
    0 bytes stack frame, 20 bytes spill stores, 12 bytes spill loads
ptxas info    : Function properties for _ZN4WalkI6CfgP19jE8pointAddEPKjS3_S3_S3_PjS4_
    0 bytes stack frame, 12 bytes spill stores, 28 bytes spill loads
ptxas info    : Function properties for _ZN6CfgP193sqrIjEEvPKT_PS1_
    0 bytes stack frame, 0 bytes spill stores, 0 bytes spill loads
ptxas info    : Function properties for _ZN6CfgP196reduceIjEEvPKT_PS1_
    0 bytes stack frame, 0 bytes spill stores, 4 bytes spill loads
ptxas info    : Function properties for _ZN6CfgP197mulLeafIjEEvPKT_S3_PS1_
    0 bytes stack frame, 0 bytes spill stores, 0 bytes spill loads
ptxas info    : Function properties for _ZN6eccP193sqrIjEEvPKT_PS1_
    0 bytes stack frame, 0 bytes spill stores, 0 bytes spill loads
ptxas info    : Function properties for _ZN6eccP196reduceIjEEvPKT_PS1_
    0 bytes stack frame, 0 bytes spill stores, 0 bytes spill loads
ptxas info    : Function properties for _ZN6eccP197mulLeafIjEEvPKT_S3_PS1_
    0 bytes stack frame, 16 bytes spill stores, 16 bytes spill loads
ptxas info    : Function properties for _ZN7FieldPbI6CfgP19jE3invEPKjPj
    0 bytes stack frame, 0 bytes spill stores, 0 bytes spill loads
ptxas info    : Function properties for _ZN7FieldPbI6CfgP19jE3mulEPKjS3_Pj
    0 bytes stack frame, 4 bytes spill stores, 0 bytes spill loads
ptxas info    : Compiling entry function '_Z13eccInitKernelI6CfgP19jEv10WalkParamsIT0_E' for 'sm_120'
ptxas info    : Function properties for _Z13eccInitKernelI6CfgP19jEv10WalkParamsIT0_E
    4992 bytes stack frame, 8 bytes spill stores, 16 bytes spill loads
ptxas info    : Used 128 registers, used 0 barriers, 4992 bytes cumulative stack size
ptxas info    : Compile time = 232.172 ms
ptxas info    : Function properties for _ZN4WalkI6CfgP19jE10startPointEPKyRK11CurveConstsPjS7_
    0 bytes stack frame, 2412 bytes spill stores, 2412 bytes spill loads
ptxas info    : Function properties for _ZN4WalkI6CfgP19jE8pointAddEPKjS3_S3_S3_PjS4_
    0 bytes stack frame, 0 bytes spill stores, 0 bytes spill loads
ptxas info    : Function properties for _ZN6CfgP193sqrIjEEvPKT_PS1_
    0 bytes stack frame, 0 bytes spill stores, 0 bytes spill loads
ptxas info    : Function properties for _ZN6CfgP196reduceIjEEvPKT_PS1_
    0 bytes stack frame, 0 bytes spill stores, 4 bytes spill loads
ptxas info    : Function properties for _ZN6CfgP197mulLeafIjEEvPKT_S3_PS1_
    0 bytes stack frame, 0 bytes spill stores, 0 bytes spill loads
ptxas info    : Function properties for _ZN6eccP193sqrIjEEvPKT_PS1_
    0 bytes stack frame, 0 bytes spill stores, 0 bytes spill loads
ptxas info    : Function properties for _ZN6eccP196reduceIjEEvPKT_PS1_
    0 bytes stack frame, 0 bytes spill stores, 0 bytes spill loads
ptxas info    : Function properties for _ZN6eccP197mulLeafIjEEvPKT_S3_PS1_
    0 bytes stack frame, 16 bytes spill stores, 16 bytes spill loads
ptxas info    : Function properties for _ZN7FieldPbI6CfgP19jE3invEPKjPj
    0 bytes stack frame, 0 bytes spill stores, 0 bytes spill loads
ptxas info    : Function properties for _ZN7FieldPbI6CfgP19jE3mulEPKjS3_Pj
    0 bytes stack frame, 4 bytes spill stores, 0 bytes spill loads
ptxas info    : Compiling entry function '_Z13eccWalkKernelI6CfgP19jEv10WalkParamsIT0_E' for 'sm_120'
ptxas info    : Function properties for _Z13eccWalkKernelI6CfgP19jEv10WalkParamsIT0_E
    1984 bytes stack frame, 0 bytes spill stores, 0 bytes spill loads
ptxas info    : Used 128 registers, used 0 barriers, 1984 bytes cumulative stack size
ptxas info    : Compile time = 179.364 ms
ptxas info    : Function properties for _ZN4WalkI6CfgP19jE6sigmaJEPKjS3_Pj
    0 bytes stack frame, 0 bytes spill stores, 0 bytes spill loads
ptxas info    : Function properties for _ZN6CfgP193sqrIjEEvPKT_PS1_
    0 bytes stack frame, 0 bytes spill stores, 0 bytes spill loads
ptxas info    : Function properties for _ZN6CfgP196reduceIjEEvPKT_PS1_
    0 bytes stack frame, 0 bytes spill stores, 0 bytes spill loads
ptxas info    : Function properties for _ZN6CfgP197hammingIjEEvPKT_PS1_
    0 bytes stack frame, 0 bytes spill stores, 0 bytes spill loads
ptxas info    : Function properties for _ZN6CfgP197mulLeafIjEEvPKT_S3_PS1_
    0 bytes stack frame, 0 bytes spill stores, 0 bytes spill loads
ptxas info    : Function properties for _ZN6KernelI6CfgP19jE12overdueLanesEiiRK10WalkParamsIjEy
    0 bytes stack frame, 0 bytes spill stores, 0 bytes spill loads
ptxas info    : Function properties for _ZN6KernelI6CfgP19jE19handleDistinguishedEiijRK10WalkParamsIjEyPKjS7_
    0 bytes stack frame, 0 bytes spill stores, 0 bytes spill loads
ptxas info    : Function properties for _ZN6eccP193sqrIjEEvPKT_PS1_
    0 bytes stack frame, 0 bytes spill stores, 0 bytes spill loads
ptxas info    : Function properties for _ZN6eccP196reduceIjEEvPKT_PS1_
    0 bytes stack frame, 0 bytes spill stores, 0 bytes spill loads
ptxas info    : Function properties for _ZN6eccP197hammingIjEEvPKT_PS1_
    0 bytes stack frame, 0 bytes spill stores, 0 bytes spill loads
ptxas info    : Function properties for _ZN6eccP197mulLeafIjEEvPKT_S3_PS1_
    0 bytes stack frame, 0 bytes spill stores, 0 bytes spill loads
ptxas info    : Function properties for _ZN7FieldPbI6CfgP19jE3invEPKjPj
    0 bytes stack frame, 0 bytes spill stores, 0 bytes spill loads
ptxas info    : Function properties for _ZN7FieldPbI6CfgP19jE3mulEPKjS3_Pj
    0 bytes stack frame, 0 bytes spill stores, 0 bytes spill loads
ptxas info    : Compiling entry function '_Z15eccReseedKernelI6CfgP13jEv10WalkParamsIT0_E' for 'sm_120'
ptxas info    : Function properties for _Z15eccReseedKernelI6CfgP13jEv10WalkParamsIT0_E
    4832 bytes stack frame, 256 bytes spill stores, 264 bytes spill loads
ptxas info    : Used 128 registers, used 0 barriers, 4832 bytes cumulative stack size
ptxas info    : Compile time = 228.444 ms
ptxas info    : Function properties for _ZN4WalkI6CfgP13jE10startPointEPKyRK11CurveConstsPjS7_
    0 bytes stack frame, 2528 bytes spill stores, 2552 bytes spill loads
ptxas info    : Function properties for _ZN4WalkI6CfgP13jE11reseedLanesEjPyRK11CurveConstsPjS6_
    0 bytes stack frame, 12 bytes spill stores, 4 bytes spill loads
ptxas info    : Function properties for _ZN4WalkI6CfgP13jE8pointAddEPKjS3_S3_S3_PjS4_
    0 bytes stack frame, 0 bytes spill stores, 0 bytes spill loads
ptxas info    : Function properties for _ZN6CfgP133sqrIjEEvPKT_PS1_
    0 bytes stack frame, 0 bytes spill stores, 0 bytes spill loads
ptxas info    : Function properties for _ZN6CfgP136reduceIjEEvPKT_PS1_
    0 bytes stack frame, 0 bytes spill stores, 0 bytes spill loads
ptxas info    : Function properties for _ZN6CfgP137mulLeafIjEEvPKT_S3_PS1_
    0 bytes stack frame, 0 bytes spill stores, 0 bytes spill loads
ptxas info    : Function properties for _ZN6eccP133sqrIjEEvPKT_PS1_
    0 bytes stack frame, 0 bytes spill stores, 0 bytes spill loads
ptxas info    : Function properties for _ZN6eccP136reduceIjEEvPKT_PS1_
    0 bytes stack frame, 0 bytes spill stores, 0 bytes spill loads
ptxas info    : Function properties for _ZN6eccP137mulLeafIjEEvPKT_S3_PS1_
    0 bytes stack frame, 0 bytes spill stores, 0 bytes spill loads
ptxas info    : Function properties for _ZN7FieldPbI6CfgP13jE3invEPKjPj
    0 bytes stack frame, 0 bytes spill stores, 0 bytes spill loads
ptxas info    : Function properties for _ZN7FieldPbI6CfgP13jE3mulEPKjS3_Pj
    0 bytes stack frame, 0 bytes spill stores, 0 bytes spill loads
ptxas info    : Compiling entry function '_Z13eccInitKernelI6CfgP13jEv10WalkParamsIT0_E' for 'sm_120'
ptxas info    : Function properties for _Z13eccInitKernelI6CfgP13jEv10WalkParamsIT0_E
    4448 bytes stack frame, 64 bytes spill stores, 48 bytes spill loads
ptxas info    : Used 128 registers, used 0 barriers, 4448 bytes cumulative stack size
ptxas info    : Compile time = 166.695 ms
ptxas info    : Function properties for _ZN4WalkI6CfgP13jE10startPointEPKyRK11CurveConstsPjS7_
    0 bytes stack frame, 2412 bytes spill stores, 2412 bytes spill loads
ptxas info    : Function properties for _ZN4WalkI6CfgP13jE8pointAddEPKjS3_S3_S3_PjS4_
    0 bytes stack frame, 0 bytes spill stores, 0 bytes spill loads
ptxas info    : Function properties for _ZN6CfgP133sqrIjEEvPKT_PS1_
    0 bytes stack frame, 0 bytes spill stores, 0 bytes spill loads
ptxas info    : Function properties for _ZN6CfgP136reduceIjEEvPKT_PS1_
    0 bytes stack frame, 0 bytes spill stores, 0 bytes spill loads
ptxas info    : Function properties for _ZN6CfgP137mulLeafIjEEvPKT_S3_PS1_
    0 bytes stack frame, 0 bytes spill stores, 0 bytes spill loads
ptxas info    : Function properties for _ZN6eccP133sqrIjEEvPKT_PS1_
    0 bytes stack frame, 0 bytes spill stores, 0 bytes spill loads
ptxas info    : Function properties for _ZN6eccP136reduceIjEEvPKT_PS1_
    0 bytes stack frame, 0 bytes spill stores, 0 bytes spill loads
ptxas info    : Function properties for _ZN6eccP137mulLeafIjEEvPKT_S3_PS1_
    0 bytes stack frame, 0 bytes spill stores, 0 bytes spill loads
ptxas info    : Function properties for _ZN7FieldPbI6CfgP13jE3invEPKjPj
    0 bytes stack frame, 0 bytes spill stores, 0 bytes spill loads
ptxas info    : Function properties for _ZN7FieldPbI6CfgP13jE3mulEPKjS3_Pj
    0 bytes stack frame, 0 bytes spill stores, 0 bytes spill loads
ptxas info    : Compiling entry function '_Z13eccWalkKernelI6CfgP13jEv10WalkParamsIT0_E' for 'sm_120'
ptxas info    : Function properties for _Z13eccWalkKernelI6CfgP13jEv10WalkParamsIT0_E
    1536 bytes stack frame, 0 bytes spill stores, 0 bytes spill loads
ptxas info    : Used 128 registers, used 0 barriers, 1536 bytes cumulative stack size
ptxas info    : Compile time = 92.359 ms
ptxas info    : Function properties for _ZN4WalkI6CfgP13jE6sigmaJEPKjS3_Pj
    0 bytes stack frame, 0 bytes spill stores, 0 bytes spill loads
ptxas info    : Function properties for _ZN6CfgP133sqrIjEEvPKT_PS1_
    0 bytes stack frame, 0 bytes spill stores, 0 bytes spill loads
ptxas info    : Function properties for _ZN6CfgP136reduceIjEEvPKT_PS1_
    0 bytes stack frame, 0 bytes spill stores, 0 bytes spill loads
ptxas info    : Function properties for _ZN6CfgP137hammingIjEEvPKT_PS1_
    0 bytes stack frame, 0 bytes spill stores, 0 bytes spill loads
ptxas info    : Function properties for _ZN6CfgP137mulLeafIjEEvPKT_S3_PS1_
    0 bytes stack frame, 0 bytes spill stores, 0 bytes spill loads
ptxas info    : Function properties for _ZN6KernelI6CfgP13jE12overdueLanesEiiRK10WalkParamsIjEy
    0 bytes stack frame, 0 bytes spill stores, 0 bytes spill loads
ptxas info    : Function properties for _ZN6KernelI6CfgP13jE19handleDistinguishedEiijRK10WalkParamsIjEyPKjS7_
    0 bytes stack frame, 0 bytes spill stores, 0 bytes spill loads
ptxas info    : Function properties for _ZN6eccP133sqrIjEEvPKT_PS1_
    0 bytes stack frame, 0 bytes spill stores, 0 bytes spill loads
ptxas info    : Function properties for _ZN6eccP136reduceIjEEvPKT_PS1_
    0 bytes stack frame, 0 bytes spill stores, 0 bytes spill loads
ptxas info    : Function properties for _ZN6eccP137hammingIjEEvPKT_PS1_
    0 bytes stack frame, 0 bytes spill stores, 0 bytes spill loads
ptxas info    : Function properties for _ZN6eccP137mulLeafIjEEvPKT_S3_PS1_
    0 bytes stack frame, 0 bytes spill stores, 0 bytes spill loads
ptxas info    : Function properties for _ZN7FieldPbI6CfgP13jE3invEPKjPj
    0 bytes stack frame, 0 bytes spill stores, 0 bytes spill loads
ptxas info    : Function properties for _ZN7FieldPbI6CfgP13jE3mulEPKjS3_Pj
    0 bytes stack frame, 0 bytes spill stores, 0 bytes spill loads
ptxas info    : Compiling entry function '_Z15eccReseedKernelI7CfgF131jEv10WalkParamsIT0_E' for 'sm_120'
ptxas info    : Function properties for _Z15eccReseedKernelI7CfgF131jEv10WalkParamsIT0_E
    17136 bytes stack frame, 20 bytes spill stores, 60 bytes spill loads
ptxas info    : Used 128 registers, used 0 barriers, 17136 bytes cumulative stack size
ptxas info    : Compile time = 2463.940 ms
ptxas info    : Function properties for _ZN4WalkI7CfgF131jE10startPointEPKyRK11CurveConstsPjS7_
    0 bytes stack frame, 2468 bytes spill stores, 2472 bytes spill loads
ptxas info    : Function properties for _ZN4WalkI7CfgF131jE11reseedLanesEjPyRK11CurveConstsPjS6_
    0 bytes stack frame, 24 bytes spill stores, 12 bytes spill loads
ptxas info    : Function properties for _ZN4WalkI7CfgF131jE8pointAddEPKjS3_S3_S3_PjS4_
    0 bytes stack frame, 848 bytes spill stores, 1084 bytes spill loads
ptxas info    : Function properties for _ZN7CfgF1315toOnbIjEEvPKT_PS1_
    0 bytes stack frame, 4 bytes spill stores, 8 bytes spill loads
ptxas info    : Function properties for _ZN7CfgF1317mulLeafIjEEvPKT_S3_PS1_
    0 bytes stack frame, 0 bytes spill stores, 4 bytes spill loads
ptxas info    : Function properties for _ZN7CfgF1318multPrepIjEEvPKT_PS1_
    0 bytes stack frame, 0 bytes spill stores, 0 bytes spill loads
ptxas info    : Function properties for _ZN7FieldBsI7CfgF131jE3invEPKjPj
    0 bytes stack frame, 36 bytes spill stores, 32 bytes spill loads
ptxas info    : Function properties for _ZN7FieldBsI7CfgF131jE3mulEPKjS3_Pj
    0 bytes stack frame, 136 bytes spill stores, 120 bytes spill loads
ptxas info    : Function properties for _ZN7eccF1315toOnbIjEEvPKT_PS1_
    0 bytes stack frame, 764 bytes spill stores, 772 bytes spill loads
ptxas info    : Function properties for _ZN7eccF1317mulLeafIjEEvPKT_S3_PS1_
    0 bytes stack frame, 2248 bytes spill stores, 2832 bytes spill loads
ptxas info    : Function properties for _ZN7eccF1318multPrepIjEEvPKT_PS1_
    0 bytes stack frame, 0 bytes spill stores, 0 bytes spill loads
ptxas info    : Compiling entry function '_Z13eccInitKernelI7CfgF131jEv10WalkParamsIT0_E' for 'sm_120'
ptxas info    : Function properties for _Z13eccInitKernelI7CfgF131jEv10WalkParamsIT0_E
    16208 bytes stack frame, 8 bytes spill stores, 16 bytes spill loads
ptxas info    : Used 128 registers, used 0 barriers, 16208 bytes cumulative stack size
ptxas info    : Compile time = 2293.549 ms
ptxas info    : Function properties for _ZN4WalkI7CfgF131jE10startPointEPKyRK11CurveConstsPjS7_
    0 bytes stack frame, 2412 bytes spill stores, 2412 bytes spill loads
ptxas info    : Function properties for _ZN4WalkI7CfgF131jE8pointAddEPKjS3_S3_S3_PjS4_
    0 bytes stack frame, 788 bytes spill stores, 968 bytes spill loads
ptxas info    : Function properties for _ZN7CfgF1315toOnbIjEEvPKT_PS1_
    0 bytes stack frame, 0 bytes spill stores, 0 bytes spill loads
ptxas info    : Function properties for _ZN7CfgF1317mulLeafIjEEvPKT_S3_PS1_
    0 bytes stack frame, 0 bytes spill stores, 4 bytes spill loads
ptxas info    : Function properties for _ZN7CfgF1318multPrepIjEEvPKT_PS1_
    0 bytes stack frame, 0 bytes spill stores, 0 bytes spill loads
ptxas info    : Function properties for _ZN7FieldBsI7CfgF131jE3invEPKjPj
    0 bytes stack frame, 8 bytes spill stores, 0 bytes spill loads
ptxas info    : Function properties for _ZN7FieldBsI7CfgF131jE3mulEPKjS3_Pj
    0 bytes stack frame, 132 bytes spill stores, 124 bytes spill loads
ptxas info    : Function properties for _ZN7eccF1315toOnbIjEEvPKT_PS1_
    0 bytes stack frame, 736 bytes spill stores, 740 bytes spill loads
ptxas info    : Function properties for _ZN7eccF1317mulLeafIjEEvPKT_S3_PS1_
    0 bytes stack frame, 2532 bytes spill stores, 3220 bytes spill loads
ptxas info    : Function properties for _ZN7eccF1318multPrepIjEEvPKT_PS1_
    0 bytes stack frame, 0 bytes spill stores, 0 bytes spill loads
ptxas info    : Compiling entry function '_Z13eccWalkKernelI7CfgF131jEv10WalkParamsIT0_E' for 'sm_120'
ptxas info    : Function properties for _Z13eccWalkKernelI7CfgF131jEv10WalkParamsIT0_E
    13728 bytes stack frame, 84 bytes spill stores, 72 bytes spill loads
ptxas info    : Used 128 registers, used 0 barriers, 13728 bytes cumulative stack size
ptxas info    : Compile time = 1574.855 ms
ptxas info    : Function properties for _ZN4WalkI7CfgF131jE6sigmaJEPKjS3_Pj
    0 bytes stack frame, 240 bytes spill stores, 244 bytes spill loads
ptxas info    : Function properties for _ZN6KernelI7CfgF131jE12overdueLanesEiiRK10WalkParamsIjEy
    0 bytes stack frame, 0 bytes spill stores, 8 bytes spill loads
ptxas info    : Function properties for _ZN6KernelI7CfgF131jE19handleDistinguishedEiijRK10WalkParamsIjEyPKjS7_
    0 bytes stack frame, 0 bytes spill stores, 8 bytes spill loads
ptxas info    : Function properties for _ZN7CfgF1315toOnbIjEEvPKT_PS1_
    0 bytes stack frame, 4 bytes spill stores, 8 bytes spill loads
ptxas info    : Function properties for _ZN7CfgF1317hammingIjEEvPKT_PS1_
    0 bytes stack frame, 0 bytes spill stores, 0 bytes spill loads
ptxas info    : Function properties for _ZN7CfgF1317mulLeafIjEEvPKT_S3_PS1_
    0 bytes stack frame, 0 bytes spill stores, 4 bytes spill loads
ptxas info    : Function properties for _ZN7CfgF1318multPrepIjEEvPKT_PS1_
    0 bytes stack frame, 0 bytes spill stores, 0 bytes spill loads
ptxas info    : Function properties for _ZN7FieldBsI7CfgF131jE3invEPKjPj
    0 bytes stack frame, 20 bytes spill stores, 20 bytes spill loads
ptxas info    : Function properties for _ZN7FieldBsI7CfgF131jE3mulEPKjS3_Pj
    0 bytes stack frame, 160 bytes spill stores, 148 bytes spill loads
ptxas info    : Function properties for _ZN7eccF1315toOnbIjEEvPKT_PS1_
    0 bytes stack frame, 740 bytes spill stores, 744 bytes spill loads
ptxas info    : Function properties for _ZN7eccF1317hammingIjEEvPKT_PS1_
    0 bytes stack frame, 0 bytes spill stores, 0 bytes spill loads
ptxas info    : Function properties for _ZN7eccF1317mulLeafIjEEvPKT_S3_PS1_
    0 bytes stack frame, 2404 bytes spill stores, 3188 bytes spill loads
ptxas info    : Function properties for _ZN7eccF1318multPrepIjEEvPKT_PS1_
    0 bytes stack frame, 0 bytes spill stores, 0 bytes spill loads
ptxas info    : Compiling entry function '_Z15eccReseedKernelI6CfgF83jEv10WalkParamsIT0_E' for 'sm_120'
ptxas info    : Function properties for _Z15eccReseedKernelI6CfgF83jEv10WalkParamsIT0_E
    11584 bytes stack frame, 20 bytes spill stores, 60 bytes spill loads
ptxas info    : Used 128 registers, used 0 barriers, 11584 bytes cumulative stack size
ptxas info    : Compile time = 1478.402 ms
ptxas info    : Function properties for _ZN4WalkI6CfgF83jE10startPointEPKyRK11CurveConstsPjS7_
    0 bytes stack frame, 2460 bytes spill stores, 2444 bytes spill loads
ptxas info    : Function properties for _ZN4WalkI6CfgF83jE11reseedLanesEjPyRK11CurveConstsPjS6_
    0 bytes stack frame, 24 bytes spill stores, 12 bytes spill loads
ptxas info    : Function properties for _ZN4WalkI6CfgF83jE8pointAddEPKjS3_S3_S3_PjS4_
    0 bytes stack frame, 404 bytes spill stores, 528 bytes spill loads
ptxas info    : Function properties for _ZN6CfgF835toOnbIjEEvPKT_PS1_
    0 bytes stack frame, 0 bytes spill stores, 8 bytes spill loads
ptxas info    : Function properties for _ZN6CfgF837mulLeafIjEEvPKT_S3_PS1_
    0 bytes stack frame, 0 bytes spill stores, 4 bytes spill loads
ptxas info    : Function properties for _ZN6CfgF838multPrepIjEEvPKT_PS1_
    0 bytes stack frame, 0 bytes spill stores, 0 bytes spill loads
ptxas info    : Function properties for _ZN6eccF835toOnbIjEEvPKT_PS1_
    0 bytes stack frame, 0 bytes spill stores, 0 bytes spill loads
ptxas info    : Function properties for _ZN6eccF837mulLeafIjEEvPKT_S3_PS1_
    0 bytes stack frame, 620 bytes spill stores, 628 bytes spill loads
ptxas info    : Function properties for _ZN6eccF838multPrepIjEEvPKT_PS1_
    0 bytes stack frame, 0 bytes spill stores, 0 bytes spill loads
ptxas info    : Function properties for _ZN7FieldBsI6CfgF83jE3invEPKjPj
    0 bytes stack frame, 24 bytes spill stores, 20 bytes spill loads
ptxas info    : Function properties for _ZN7FieldBsI6CfgF83jE3mulEPKjS3_Pj
    0 bytes stack frame, 20 bytes spill stores, 4 bytes spill loads
ptxas info    : Compiling entry function '_Z13eccInitKernelI6CfgF83jEv10WalkParamsIT0_E' for 'sm_120'
ptxas info    : Function properties for _Z13eccInitKernelI6CfgF83jEv10WalkParamsIT0_E
    10864 bytes stack frame, 8 bytes spill stores, 16 bytes spill loads
ptxas info    : Used 128 registers, used 0 barriers, 10864 bytes cumulative stack size
ptxas info    : Compile time = 1314.496 ms
ptxas info    : Function properties for _ZN4WalkI6CfgF83jE10startPointEPKyRK11CurveConstsPjS7_
    0 bytes stack frame, 2412 bytes spill stores, 2412 bytes spill loads
ptxas info    : Function properties for _ZN4WalkI6CfgF83jE8pointAddEPKjS3_S3_S3_PjS4_
    0 bytes stack frame, 340 bytes spill stores, 444 bytes spill loads
ptxas info    : Function properties for _ZN6CfgF835toOnbIjEEvPKT_PS1_
    0 bytes stack frame, 0 bytes spill stores, 0 bytes spill loads
ptxas info    : Function properties for _ZN6CfgF837mulLeafIjEEvPKT_S3_PS1_
    0 bytes stack frame, 0 bytes spill stores, 4 bytes spill loads
ptxas info    : Function properties for _ZN6CfgF838multPrepIjEEvPKT_PS1_
    0 bytes stack frame, 0 bytes spill stores, 0 bytes spill loads
ptxas info    : Function properties for _ZN6eccF835toOnbIjEEvPKT_PS1_
    0 bytes stack frame, 0 bytes spill stores, 0 bytes spill loads
ptxas info    : Function properties for _ZN6eccF837mulLeafIjEEvPKT_S3_PS1_
    0 bytes stack frame, 620 bytes spill stores, 660 bytes spill loads
ptxas info    : Function properties for _ZN6eccF838multPrepIjEEvPKT_PS1_
    0 bytes stack frame, 0 bytes spill stores, 0 bytes spill loads
ptxas info    : Function properties for _ZN7FieldBsI6CfgF83jE3invEPKjPj
    0 bytes stack frame, 8 bytes spill stores, 0 bytes spill loads
ptxas info    : Function properties for _ZN7FieldBsI6CfgF83jE3mulEPKjS3_Pj
    0 bytes stack frame, 12 bytes spill stores, 4 bytes spill loads
ptxas info    : Compiling entry function '_Z13eccWalkKernelI6CfgF83jEv10WalkParamsIT0_E' for 'sm_120'
ptxas info    : Function properties for _Z13eccWalkKernelI6CfgF83jEv10WalkParamsIT0_E
    8432 bytes stack frame, 24 bytes spill stores, 24 bytes spill loads
ptxas info    : Used 128 registers, used 0 barriers, 8432 bytes cumulative stack size
ptxas info    : Compile time = 1136.015 ms
ptxas info    : Function properties for _ZN4WalkI6CfgF83jE6sigmaJEPKjS3_Pj
    0 bytes stack frame, 0 bytes spill stores, 0 bytes spill loads
ptxas info    : Function properties for _ZN6CfgF835toOnbIjEEvPKT_PS1_
    0 bytes stack frame, 0 bytes spill stores, 8 bytes spill loads
ptxas info    : Function properties for _ZN6CfgF837hammingIjEEvPKT_PS1_
    0 bytes stack frame, 0 bytes spill stores, 0 bytes spill loads
ptxas info    : Function properties for _ZN6CfgF837mulLeafIjEEvPKT_S3_PS1_
    0 bytes stack frame, 0 bytes spill stores, 4 bytes spill loads
ptxas info    : Function properties for _ZN6CfgF838multPrepIjEEvPKT_PS1_
    0 bytes stack frame, 0 bytes spill stores, 0 bytes spill loads
ptxas info    : Function properties for _ZN6KernelI6CfgF83jE12overdueLanesEiiRK10WalkParamsIjEy
    0 bytes stack frame, 0 bytes spill stores, 8 bytes spill loads
ptxas info    : Function properties for _ZN6KernelI6CfgF83jE19handleDistinguishedEiijRK10WalkParamsIjEyPKjS7_
    0 bytes stack frame, 0 bytes spill stores, 8 bytes spill loads
ptxas info    : Function properties for _ZN6eccF835toOnbIjEEvPKT_PS1_
    0 bytes stack frame, 0 bytes spill stores, 0 bytes spill loads
ptxas info    : Function properties for _ZN6eccF837hammingIjEEvPKT_PS1_
    0 bytes stack frame, 0 bytes spill stores, 0 bytes spill loads
ptxas info    : Function properties for _ZN6eccF837mulLeafIjEEvPKT_S3_PS1_
    0 bytes stack frame, 648 bytes spill stores, 688 bytes spill loads
ptxas info    : Function properties for _ZN6eccF838multPrepIjEEvPKT_PS1_
    0 bytes stack frame, 0 bytes spill stores, 0 bytes spill loads
ptxas info    : Function properties for _ZN7FieldBsI6CfgF83jE3invEPKjPj
    0 bytes stack frame, 20 bytes spill stores, 16 bytes spill loads
ptxas info    : Function properties for _ZN7FieldBsI6CfgF83jE3mulEPKjS3_Pj
    0 bytes stack frame, 20 bytes spill stores, 0 bytes spill loads
ptxas info    : Compiling entry function '_Z15eccReseedKernelI6CfgF41jEv10WalkParamsIT0_E' for 'sm_120'
ptxas info    : Function properties for _Z15eccReseedKernelI6CfgF41jEv10WalkParamsIT0_E
    6560 bytes stack frame, 20 bytes spill stores, 60 bytes spill loads
ptxas info    : Used 128 registers, used 0 barriers, 6560 bytes cumulative stack size
ptxas info    : Compile time = 805.374 ms
ptxas info    : Function properties for _ZN4WalkI6CfgF41jE10startPointEPKyRK11CurveConstsPjS7_
    0 bytes stack frame, 2460 bytes spill stores, 2440 bytes spill loads
ptxas info    : Function properties for _ZN4WalkI6CfgF41jE11reseedLanesEjPyRK11CurveConstsPjS6_
    0 bytes stack frame, 24 bytes spill stores, 12 bytes spill loads
ptxas info    : Function properties for _ZN4WalkI6CfgF41jE8pointAddEPKjS3_S3_S3_PjS4_
    0 bytes stack frame, 228 bytes spill stores, 276 bytes spill loads
ptxas info    : Function properties for _ZN6CfgF415toOnbIjEEvPKT_PS1_
    0 bytes stack frame, 0 bytes spill stores, 8 bytes spill loads
ptxas info    : Function properties for _ZN6CfgF417mulLeafIjEEvPKT_S3_PS1_
    0 bytes stack frame, 0 bytes spill stores, 4 bytes spill loads
ptxas info    : Function properties for _ZN6CfgF418multPrepIjEEvPKT_PS1_
    0 bytes stack frame, 0 bytes spill stores, 0 bytes spill loads
ptxas info    : Function properties for _ZN6eccF415toOnbIjEEvPKT_PS1_
    0 bytes stack frame, 0 bytes spill stores, 0 bytes spill loads
ptxas info    : Function properties for _ZN6eccF417mulLeafIjEEvPKT_S3_PS1_
    0 bytes stack frame, 476 bytes spill stores, 476 bytes spill loads
ptxas info    : Function properties for _ZN6eccF418multPrepIjEEvPKT_PS1_
    0 bytes stack frame, 0 bytes spill stores, 0 bytes spill loads
ptxas info    : Function properties for _ZN7FieldBsI6CfgF41jE3invEPKjPj
    0 bytes stack frame, 24 bytes spill stores, 20 bytes spill loads
ptxas info    : Function properties for _ZN7FieldBsI6CfgF41jE3mulEPKjS3_Pj
    0 bytes stack frame, 8 bytes spill stores, 4 bytes spill loads
ptxas info    : Compiling entry function '_Z13eccInitKernelI6CfgF41jEv10WalkParamsIT0_E' for 'sm_120'
ptxas info    : Function properties for _Z13eccInitKernelI6CfgF41jEv10WalkParamsIT0_E
    6176 bytes stack frame, 8 bytes spill stores, 16 bytes spill loads
ptxas info    : Used 128 registers, used 0 barriers, 6176 bytes cumulative stack size
ptxas info    : Compile time = 641.021 ms
ptxas info    : Function properties for _ZN4WalkI6CfgF41jE10startPointEPKyRK11CurveConstsPjS7_
    0 bytes stack frame, 2412 bytes spill stores, 2412 bytes spill loads
ptxas info    : Function properties for _ZN4WalkI6CfgF41jE8pointAddEPKjS3_S3_S3_PjS4_
    0 bytes stack frame, 172 bytes spill stores, 164 bytes spill loads
ptxas info    : Function properties for _ZN6CfgF415toOnbIjEEvPKT_PS1_
    0 bytes stack frame, 0 bytes spill stores, 0 bytes spill loads
ptxas info    : Function properties for _ZN6CfgF417mulLeafIjEEvPKT_S3_PS1_
    0 bytes stack frame, 0 bytes spill stores, 0 bytes spill loads
ptxas info    : Function properties for _ZN6CfgF418multPrepIjEEvPKT_PS1_
    0 bytes stack frame, 0 bytes spill stores, 0 bytes spill loads
ptxas info    : Function properties for _ZN6eccF415toOnbIjEEvPKT_PS1_
    0 bytes stack frame, 0 bytes spill stores, 0 bytes spill loads
ptxas info    : Function properties for _ZN6eccF417mulLeafIjEEvPKT_S3_PS1_
    0 bytes stack frame, 452 bytes spill stores, 464 bytes spill loads
ptxas info    : Function properties for _ZN6eccF418multPrepIjEEvPKT_PS1_
    0 bytes stack frame, 0 bytes spill stores, 0 bytes spill loads
ptxas info    : Function properties for _ZN7FieldBsI6CfgF41jE3invEPKjPj
    0 bytes stack frame, 8 bytes spill stores, 0 bytes spill loads
ptxas info    : Function properties for _ZN7FieldBsI6CfgF41jE3mulEPKjS3_Pj
    0 bytes stack frame, 0 bytes spill stores, 4 bytes spill loads
ptxas info    : Compiling entry function '_Z13eccWalkKernelI6CfgF41jEv10WalkParamsIT0_E' for 'sm_120'
ptxas info    : Function properties for _Z13eccWalkKernelI6CfgF41jEv10WalkParamsIT0_E
    3792 bytes stack frame, 28 bytes spill stores, 20 bytes spill loads
ptxas info    : Used 128 registers, used 0 barriers, 3792 bytes cumulative stack size
ptxas info    : Compile time = 539.572 ms
ptxas info    : Function properties for _ZN4WalkI6CfgF41jE6sigmaJEPKjS3_Pj
    0 bytes stack frame, 0 bytes spill stores, 0 bytes spill loads
ptxas info    : Function properties for _ZN6CfgF415toOnbIjEEvPKT_PS1_
    0 bytes stack frame, 0 bytes spill stores, 8 bytes spill loads
ptxas info    : Function properties for _ZN6CfgF417hammingIjEEvPKT_PS1_
    0 bytes stack frame, 0 bytes spill stores, 0 bytes spill loads
ptxas info    : Function properties for _ZN6CfgF417mulLeafIjEEvPKT_S3_PS1_
    0 bytes stack frame, 0 bytes spill stores, 4 bytes spill loads
ptxas info    : Function properties for _ZN6CfgF418multPrepIjEEvPKT_PS1_
    0 bytes stack frame, 0 bytes spill stores, 0 bytes spill loads
ptxas info    : Function properties for _ZN6KernelI6CfgF41jE12overdueLanesEiiRK10WalkParamsIjEy
    0 bytes stack frame, 0 bytes spill stores, 8 bytes spill loads
ptxas info    : Function properties for _ZN6KernelI6CfgF41jE19handleDistinguishedEiijRK10WalkParamsIjEyPKjS7_
    0 bytes stack frame, 0 bytes spill stores, 8 bytes spill loads
ptxas info    : Function properties for _ZN6eccF415toOnbIjEEvPKT_PS1_
    0 bytes stack frame, 0 bytes spill stores, 0 bytes spill loads
ptxas info    : Function properties for _ZN6eccF417hammingIjEEvPKT_PS1_
    0 bytes stack frame, 0 bytes spill stores, 0 bytes spill loads
ptxas info    : Function properties for _ZN6eccF417mulLeafIjEEvPKT_S3_PS1_
    0 bytes stack frame, 484 bytes spill stores, 492 bytes spill loads
ptxas info    : Function properties for _ZN6eccF418multPrepIjEEvPKT_PS1_
    0 bytes stack frame, 0 bytes spill stores, 0 bytes spill loads
ptxas info    : Function properties for _ZN7FieldBsI6CfgF41jE3invEPKjPj
    0 bytes stack frame, 8 bytes spill stores, 8 bytes spill loads
ptxas info    : Function properties for _ZN7FieldBsI6CfgF41jE3mulEPKjS3_Pj
    0 bytes stack frame, 8 bytes spill stores, 0 bytes spill loads
ptxas info    : Compiling entry function '_Z15eccReseedKernelI6CfgF23jEv10WalkParamsIT0_E' for 'sm_120'
ptxas info    : Function properties for _Z15eccReseedKernelI6CfgF23jEv10WalkParamsIT0_E
    5120 bytes stack frame, 20 bytes spill stores, 60 bytes spill loads
ptxas info    : Used 128 registers, used 0 barriers, 5120 bytes cumulative stack size
ptxas info    : Compile time = 440.582 ms
ptxas info    : Function properties for _ZN4WalkI6CfgF23jE10startPointEPKyRK11CurveConstsPjS7_
    0 bytes stack frame, 2452 bytes spill stores, 2432 bytes spill loads
ptxas info    : Function properties for _ZN4WalkI6CfgF23jE11reseedLanesEjPyRK11CurveConstsPjS6_
    0 bytes stack frame, 24 bytes spill stores, 12 bytes spill loads
ptxas info    : Function properties for _ZN4WalkI6CfgF23jE8pointAddEPKjS3_S3_S3_PjS4_
    0 bytes stack frame, 0 bytes spill stores, 36 bytes spill loads
ptxas info    : Function properties for _ZN6CfgF235toOnbIjEEvPKT_PS1_
    0 bytes stack frame, 0 bytes spill stores, 4 bytes spill loads
ptxas info    : Function properties for _ZN6CfgF237mulLeafIjEEvPKT_S3_PS1_
    0 bytes stack frame, 0 bytes spill stores, 0 bytes spill loads
ptxas info    : Function properties for _ZN6CfgF238multPrepIjEEvPKT_PS1_
    0 bytes stack frame, 0 bytes spill stores, 0 bytes spill loads
ptxas info    : Function properties for _ZN6eccF235toOnbIjEEvPKT_PS1_
    0 bytes stack frame, 0 bytes spill stores, 0 bytes spill loads
ptxas info    : Function properties for _ZN6eccF237mulLeafIjEEvPKT_S3_PS1_
    0 bytes stack frame, 28 bytes spill stores, 28 bytes spill loads
ptxas info    : Function properties for _ZN6eccF238multPrepIjEEvPKT_PS1_
    0 bytes stack frame, 0 bytes spill stores, 0 bytes spill loads
ptxas info    : Function properties for _ZN7FieldBsI6CfgF23jE3invEPKjPj
    0 bytes stack frame, 0 bytes spill stores, 0 bytes spill loads
ptxas info    : Function properties for _ZN7FieldBsI6CfgF23jE3mulEPKjS3_Pj
    0 bytes stack frame, 4 bytes spill stores, 0 bytes spill loads
ptxas info    : Compiling entry function '_Z13eccInitKernelI6CfgF23jEv10WalkParamsIT0_E' for 'sm_120'
ptxas info    : Function properties for _Z13eccInitKernelI6CfgF23jEv10WalkParamsIT0_E
    4880 bytes stack frame, 8 bytes spill stores, 16 bytes spill loads
ptxas info    : Used 128 registers, used 0 barriers, 4880 bytes cumulative stack size
ptxas info    : Compile time = 372.996 ms
ptxas info    : Function properties for _ZN4WalkI6CfgF23jE10startPointEPKyRK11CurveConstsPjS7_
    0 bytes stack frame, 2412 bytes spill stores, 2412 bytes spill loads
ptxas info    : Function properties for _ZN4WalkI6CfgF23jE8pointAddEPKjS3_S3_S3_PjS4_
    0 bytes stack frame, 0 bytes spill stores, 0 bytes spill loads
ptxas info    : Function properties for _ZN6CfgF235toOnbIjEEvPKT_PS1_
    0 bytes stack frame, 0 bytes spill stores, 0 bytes spill loads
ptxas info    : Function properties for _ZN6CfgF237mulLeafIjEEvPKT_S3_PS1_
    0 bytes stack frame, 0 bytes spill stores, 0 bytes spill loads
ptxas info    : Function properties for _ZN6CfgF238multPrepIjEEvPKT_PS1_
    0 bytes stack frame, 0 bytes spill stores, 0 bytes spill loads
ptxas info    : Function properties for _ZN6eccF235toOnbIjEEvPKT_PS1_
    0 bytes stack frame, 0 bytes spill stores, 0 bytes spill loads
ptxas info    : Function properties for _ZN6eccF237mulLeafIjEEvPKT_S3_PS1_
    0 bytes stack frame, 0 bytes spill stores, 0 bytes spill loads
ptxas info    : Function properties for _ZN6eccF238multPrepIjEEvPKT_PS1_
    0 bytes stack frame, 0 bytes spill stores, 0 bytes spill loads
ptxas info    : Function properties for _ZN7FieldBsI6CfgF23jE3invEPKjPj
    0 bytes stack frame, 0 bytes spill stores, 0 bytes spill loads
ptxas info    : Function properties for _ZN7FieldBsI6CfgF23jE3mulEPKjS3_Pj
    0 bytes stack frame, 0 bytes spill stores, 0 bytes spill loads
ptxas info    : Compiling entry function '_Z13eccWalkKernelI6CfgF23jEv10WalkParamsIT0_E' for 'sm_120'
ptxas info    : Function properties for _Z13eccWalkKernelI6CfgF23jEv10WalkParamsIT0_E
    2096 bytes stack frame, 0 bytes spill stores, 0 bytes spill loads
ptxas info    : Used 128 registers, used 0 barriers, 2096 bytes cumulative stack size
ptxas info    : Compile time = 233.044 ms
ptxas info    : Function properties for _ZN4WalkI6CfgF23jE6sigmaJEPKjS3_Pj
    0 bytes stack frame, 0 bytes spill stores, 0 bytes spill loads
ptxas info    : Function properties for _ZN6CfgF235toOnbIjEEvPKT_PS1_
    0 bytes stack frame, 0 bytes spill stores, 0 bytes spill loads
ptxas info    : Function properties for _ZN6CfgF237hammingIjEEvPKT_PS1_
    0 bytes stack frame, 0 bytes spill stores, 0 bytes spill loads
ptxas info    : Function properties for _ZN6CfgF237mulLeafIjEEvPKT_S3_PS1_
    0 bytes stack frame, 0 bytes spill stores, 0 bytes spill loads
ptxas info    : Function properties for _ZN6CfgF238multPrepIjEEvPKT_PS1_
    0 bytes stack frame, 0 bytes spill stores, 0 bytes spill loads
ptxas info    : Function properties for _ZN6KernelI6CfgF23jE12overdueLanesEiiRK10WalkParamsIjEy
    0 bytes stack frame, 0 bytes spill stores, 0 bytes spill loads
ptxas info    : Function properties for _ZN6KernelI6CfgF23jE19handleDistinguishedEiijRK10WalkParamsIjEyPKjS7_
    0 bytes stack frame, 0 bytes spill stores, 0 bytes spill loads
ptxas info    : Function properties for _ZN6eccF235toOnbIjEEvPKT_PS1_
    0 bytes stack frame, 0 bytes spill stores, 0 bytes spill loads
ptxas info    : Function properties for _ZN6eccF237hammingIjEEvPKT_PS1_
    0 bytes stack frame, 0 bytes spill stores, 0 bytes spill loads
ptxas info    : Function properties for _ZN6eccF237mulLeafIjEEvPKT_S3_PS1_
    0 bytes stack frame, 0 bytes spill stores, 0 bytes spill loads
ptxas info    : Function properties for _ZN6eccF238multPrepIjEEvPKT_PS1_
    0 bytes stack frame, 0 bytes spill stores, 0 bytes spill loads
ptxas info    : Function properties for _ZN7FieldBsI6CfgF23jE3invEPKjPj
    0 bytes stack frame, 0 bytes spill stores, 0 bytes spill loads
ptxas info    : Function properties for _ZN7FieldBsI6CfgF23jE3mulEPKjS3_Pj
    0 bytes stack frame, 0 bytes spill stores, 0 bytes spill loads
