18 8 fresh-holdout enumerate pair-invariants-s3 complete 6 0.552
18 8 fresh-holdout enumerate chained-s3 timeout 0 3.009
18 8 fresh-holdout enumerate reuse-batch-inverse timeout 6 3.0
18 8 fresh-holdout enumerate s4-symmetric timeout 0 3.075
18 8 fresh-holdout enumerate reuse-circuit timeout 6 3.0
18 8 fresh-holdout enumerate bilinear-blocks timeout 6 3.0
18 8 fresh-holdout first reuse-circuit first 1 0.173
18 8 fresh-holdout first s4-symmetric timeout 0 3.031
18 8 fresh-holdout first bilinear-blocks first 1 0.141
18 8 fresh-holdout first reuse-batch-inverse first 1 0.177
18 8 fresh-holdout first chained-s3 timeout 0 3.019
18 8 fresh-holdout first pair-invariants-s3 first 1 0.461
18 8 fresh-holdout enumerate reuse-batch-inverse timeout 11 3.0
18 8 fresh-holdout enumerate s4-symmetric timeout 0 3.018
18 8 fresh-holdout enumerate reuse-circuit timeout 11 3.0
18 8 fresh-holdout enumerate bilinear-blocks timeout 11 3.0
18 8 fresh-holdout enumerate pair-invariants-s3 complete 17 0.523
18 8 fresh-holdout enumerate chained-s3 timeout 0 3.045
18 9 fresh-holdout first chained-s3 timeout 0 3.026
18 9 fresh-holdout first bilinear-blocks first 1 0.014
18 9 fresh-holdout first pair-invariants-s3 first 1 1.886
18 9 fresh-holdout first reuse-circuit first 1 0.099
18 9 fresh-holdout first s4-symmetric timeout 0 3.003
18 9 fresh-holdout first reuse-batch-inverse first 1 0.105
18 9 fresh-holdout enumerate s4-symmetric timeout 0 3.03
18 9 fresh-holdout enumerate bilinear-blocks timeout 11 3.0
18 9 fresh-holdout enumerate chained-s3 timeout 0 3.046
18 9 fresh-holdout enumerate reuse-batch-inverse timeout 11 3.0
18 9 fresh-holdout enumerate reuse-circuit timeout 11 3.0
18 9 fresh-holdout enumerate pair-invariants-s3 complete 90 2.095
18 9 fresh-holdout first reuse-circuit first 1 0.092
18 9 fresh-holdout first bilinear-blocks first 1 0.008
18 9 fresh-holdout first s4-symmetric timeout 0 3.041
18 9 fresh-holdout first reuse-batch-inverse first 1 0.1
18 9 fresh-holdout first pair-invariants-s3 first 1 1.884
18 9 fresh-holdout first chained-s3 timeout 0 3.02
18 9 fresh-holdout enumerate bilinear-blocks timeout 16 3.0
18 9 fresh-holdout enumerate reuse-batch-inverse timeout 15 3.0
18 9 fresh-holdout enumerate s4-symmetric timeout 0 3.011
18 9 fresh-holdout enumerate chained-s3 timeout 0 3.04
18 9 fresh-holdout enumerate pair-invariants-s3 complete 94 2.055
18 9 fresh-holdout enumerate reuse-circuit timeout 15 3.0
30 8 fresh-holdout first reuse-batch-inverse complete 0 0.852
30 8 fresh-holdout first bilinear-blocks complete 0 1.202
30 8 fresh-holdout first s4-symmetric timeout 0 3.161
30 8 fresh-holdout first chained-s3 timeout 0 3.021
30 8 fresh-holdout first pair-invariants-s3 complete 0 1.11
30 8 fresh-holdout first reuse-circuit complete 0 1.006
30 8 fresh-holdout enumerate pair-invariants-s3 complete 0 1.089
30 8 fresh-holdout enumerate chained-s3 timeout 0 3.016
30 8 fresh-holdout enumerate reuse-circuit complete 0 1.022
30 8 fresh-holdout enumerate bilinear-blocks complete 0 1.198
30 8 fresh-holdout enumerate reuse-batch-inverse complete 0 0.87
30 8 fresh-holdout enumerate s4-symmetric timeout 0 3.203
30 8 fresh-holdout first reuse-batch-inverse first 1 0.841
30 8 fresh-holdout first s4-symmetric timeout 0 3.172
30 8 fresh-holdout first reuse-circuit first 1 1.019
30 8 fresh-holdout first bilinear-blocks first 1 1.199
30 8 fresh-holdout first pair-invariants-s3 first 1 0.985
30 8 fresh-holdout first chained-s3 timeout 0 3.017
30 8 fresh-holdout enumerate s4-symmetric timeout 0 3.028
30 8 fresh-holdout enumerate reuse-circuit complete 1 1.038
30 8 fresh-holdout enumerate pair-invariants-s3 complete 1 1.135
30 8 fresh-holdout enumerate chained-s3 timeout 0 3.016
30 8 fresh-holdout enumerate bilinear-blocks complete 1 1.367
30 8 fresh-holdout enumerate reuse-batch-inverse complete 1 0.89
30 9 fresh-holdout first reuse-circuit timeout 0 3.001
30 9 fresh-holdout first bilinear-blocks timeout 0 3.0
30 9 fresh-holdout first reuse-batch-inverse timeout 0 3.0
30 9 fresh-holdout first pair-invariants-s3 timeout 0 3.003
30 9 fresh-holdout first chained-s3 timeout 0 3.063
30 9 fresh-holdout first s4-symmetric timeout 0 3.114
30 9 fresh-holdout enumerate reuse-circuit timeout 0 3.0
30 9 fresh-holdout enumerate reuse-batch-inverse timeout 0 3.0
30 9 fresh-holdout enumerate s4-symmetric timeout 0 3.134
30 9 fresh-holdout enumerate pair-invariants-s3 timeout 0 3.003
30 9 fresh-holdout enumerate bilinear-blocks timeout 0 3.0
30 9 fresh-holdout enumerate chained-s3 timeout 0 3.017
30 9 fresh-holdout first reuse-batch-inverse first 1 1.6
30 9 fresh-holdout first chained-s3 timeout 0 3.026
30 9 fresh-holdout first pair-invariants-s3 timeout 0 3.033
30 9 fresh-holdout first bilinear-blocks first 1 1.416
30 9 fresh-holdout first s4-symmetric timeout 0 3.052
30 9 fresh-holdout first reuse-circuit first 1 1.5
30 9 fresh-holdout enumerate chained-s3 timeout 0 3.076
30 9 fresh-holdout enumerate bilinear-blocks timeout 1 3.0
30 9 fresh-holdout enumerate pair-invariants-s3 timeout 0 3.003
30 9 fresh-holdout enumerate reuse-batch-inverse timeout 1 3.0
30 9 fresh-holdout enumerate s4-symmetric timeout 0 3.027
30 9 fresh-holdout enumerate reuse-circuit timeout 1 3.0
