H13-0	IDENTICAL	d8ac75c509bbcdc5271d3d3820d0da31556c8245d5fb4f34ded40d15345fae72	1273	4408643	657.487951
H13-1	IDENTICAL	b74e725910fd2129e3a71bd8a7228ca42239a5ac35c9a972b32bb88a31a2808a	1273	3439430	26238.487951
H13-2	IDENTICAL	3c8379342c5d2264bf7335eb53ce8ee1409602ad5a792d02be731b5fe7c8df08	179	8909171	671.005578
H13-3	IDENTICAL	8dc4c2e4eeba8c21e04a92d6e71f2ea5637bbc838ab2e924bfe76ff09c56b142	179	6779372	57662.005578000004
H13-4	IDENTICAL	5dfe508a484b49b22f243e85b7b7b079f0dafc34acc529d7b2a3d6441908643b	414	6201234	707.312417
H13-5	IDENTICAL	9b086568eba083e18636cc29c89d4c9c3c71a920474341f73e0d8c1f47e813a2	414	4755228	39305.599802
H13-6	IDENTICAL	dfc7e9641b851d8c5f128edf2e0c337df52a1c2d124b76fe6dd86846639ec2d1	1938	4345915	701.417726
H13-7	IDENTICAL	6c434806c603d4eae13e5539ae098ed9cdc22fc98d77b5bdfcde47db2225dab5	1938	3368418	25559.417726
H19-0	IDENTICAL	52e1f9c6690fc9e19363afa98e59d6ff9cd53a83330753aa545ceda7b1cf2595	80097	566773250	1894.0
H19-1	IDENTICAL	04386b9617ac9318f53d56b4dcc881867b2a431a049037f4f4dbec75abcb00dd	80097	420113301	2416250.0
H19-2	IDENTICAL	eb03a3a4e5011ca1dbbf677078615b444cc407a4db4c17c4f31ba649f5979c4d	103921	592743978	1787.0
H19-3	IDENTICAL	d242b47fd52bdf7cea2d04dd5df798c1b880849ddbdfc978e8a4543b2a76e567	103921	439047628	2537064.0
L13-24	IDENTICAL	fca410667ee5e68b0c12401a78e07baa85ddaecf79e97a644431e67735de201d	1959	8732758	74920.004998
L13-25	IDENTICAL	37099698c5642c61cb3d6444fa9ea53269f9e4ec014a5218babaec7324895239	1959	11575434	814.004998
L13-27	IDENTICAL	10eda7636a50c3b3b7fc086ee2df67b3ff0b04386ca5d4f9fe61f1ac9204c843	140	3366505	27186.896045
L13-28	IDENTICAL	97036e51e2e33f3b680319b406b3410854f1d9a0c53bc09baa857a8458989edd	140	4368192	681.896045
L13-30	IDENTICAL	1ba0fca35456348611402f5c3eec7723ae1fef79eba835941245599c5ce69aa3	760	2739071	20030.509372999997
L13-31	IDENTICAL	25641f6cb7450e72c4eb64cb1b0ba865c64f40c1c189909a49f0139cdea37af5	760	3518396	710.509373
L13-33	IDENTICAL	f1a79395194ff7f92c96373232da66b016c19b44e6efac5cb2e989d954b3de5e	1495	3127886	22869.359427
L13-34	IDENTICAL	116227037badc2ddc83cb1177cf98140723b09d27845e246bb7ade291a13cd45	1495	4018767	774.3594269999999
L13-36	IDENTICAL	835f852d40e113ad135e7e30f67dc81ffd01225a6d5b0b0389211c9d7eb998ed	851	5292532	43127.833461
L13-37	IDENTICAL	67f6d098f2eb036096260e691fa9ba19d7e0a9e8ca3ea1336a281e0d529293bd	851	6946452	833.8334609999999
L13-39	IDENTICAL	fd7669aad489b67dd91da8ef528b7893e90246b91e782d7341045c4b3400717c	1017	1586474	10936.869125
L13-40	IDENTICAL	4691c3639359139be473300e5aafef8e1962fc686a48cdb6f35db0d0116416b7	1017	2001458	613.8691249999999
L13-42	IDENTICAL	66b6174599722d48b65d666e52b0fd70833e64a41ddc28ce9409608fc565033a	682	5390743	43014.949191
L13-43	IDENTICAL	3666d209e1b43ca7b33053f4f14f53870b784f03a6e484903597449e01342f0b	682	7002993	786.9491909999999
L13-45	IDENTICAL	f2369beb1033a377d53bc46defd1ae927281acaf382431b559f45bc9f4607ff9	1906	5725736	48063.889386
L13-46	IDENTICAL	0d05734728f13425819e7f0a187846e07a25f59ae0c3090d9d5d1e0d42486cfe	1906	7549203	693.889386
L19-24	IDENTICAL	23476b31900fceffac8ba7cd4e4a85c1c0f004da12505bd6d61869e6da54e5c5	9633	405966170	2345237.0
L19-25	IDENTICAL	dfc8db581cd730ec2be56585aae8ce2f01b0b47c2720be73a9490f33808366d1	9633	549394694	1771.0
L19-27	IDENTICAL	9763f91c95349bdfd1db1889507cd07c0eb87c7e493569877f083ec853c62d10	120445	353300578	2031070.0
L19-28	IDENTICAL	9565fddb6c0bf544b7e345f888bd70d4269d21d47d61613674c2af950333d0ac	120445	475800027	1756.0
L19-30	IDENTICAL	99b903b83e2510650fbeeb23a053e938d96251c9ac6319d57fb1e3e7bdb8d8dd	57434	491390433	2887325.0
L19-31	IDENTICAL	a2f99ba2ca731765dbc48c206b66f63f3f08c70cc3d9341ddd1b8fdd9e2b4e38	57434	667692243	1780.0
L19-33	IDENTICAL	3cf07c5c9079e3e3e0859ee14f14e37fe90d6f8b85ab5b54bb4f17453c24e961	111786	321498789	1824823.0
L19-34	IDENTICAL	f4dbb64f019ae7b514bd5919e6be05bfc7c7c03fa9344a727c3f62b9215ae5a8	111786	431523565	1785.0
L19-36	IDENTICAL	31f81d3aca0d3be54db0368d873af314279948d26bbe2308f1806a8d8c3c45c9	78178	406727159	2386320.0
L19-37	IDENTICAL	32bd8742c0f76c9efbb4f7e0256b89e7a59398735e0cb05867813ad8f3dba2e0	78178	550259269	1734.0
L19-39	IDENTICAL	49960fc8968169fde673878977e1cba709b26de21722b832edbfceee0bcc8916	56034	433187579	2505895.0
L19-40	IDENTICAL	150ff43de6b9a8ee88b8248e2d3b2a24794b2946737cbfd8afd7536596c219bc	56034	585132640	1745.0
L19-42	IDENTICAL	2447412ee0ed3531084ce599aee7b20809dd50384d2aa92f89bb2c0a799aeb19	115877	312359847	1756230.0
L19-43	IDENTICAL	30d411e3fb22a018eafd0a1ed1b3c740d07c3e60a2213ef20a5c49b6583d7bde	115877	419082689	1849.0
L19-45	IDENTICAL	60c040b313d376bcc79c540ad2edeaa745e57ab68980fe5bb8410d1b3eac78fb	123805	421243619	2441088.0
L19-46	IDENTICAL	4e5c9108726607d45197a0829497cd381c27f7f334cdead84fc6b21004163860	123805	568815089	1712.0
L23-24	IDENTICAL	6d27d4b3b09d46e257bf5860ea9f768af33987b0e83f7b024fa3041bfaddee0f	1197786	9189892368	3869.0
L23-25	IDENTICAL	46d43a1676ee4a69486757b8a577d7852af6802820e61bb37ef156bbaa9efa84	1197786	9189892368	2955.0
L23-27	IDENTICAL	b15c21d7dc46c1fe6952e129604a79f11ea4db951e9b18f2638aed7adf04e72a	671294	10598880479	3941.0
L23-28	IDENTICAL	69b61b00b1766f307323331ccbf4599e6a1da7642bd622caa76e41ad409eb94b	671294	10598880479	3025.0
