input	base_ir	cand_ir	ratio
H13-0	949855675	827348674	0.8710
H13-1	558497227	529630044	0.9483
H13-2	1983572567	1701471309	0.8578
H13-3	1106876107	1043465545	0.9427
H13-4	1373656321	1184678093	0.8624
H13-5	782915835	740796765	0.9462
H13-6	943910164	819846927	0.8686
H13-7	546455123	518239179	0.9484
H19-0	67816605463	53795974794	0.7933
H19-1	38675290988	35440091300	0.9163
H19-2	71006785058	56347602261	0.7936
H19-3	40562750955	37158038330	0.9161
L13-24	1427358597	1348899753	0.9450
L13-25	2594552032	2220936583	0.8560
L13-27	561501063	532941285	0.9491
L13-28	970340544	842647761	0.8684
L13-30	437321720	415823618	0.9508
L13-31	747868672	651921044	0.8717
L13-33	503353709	478725185	0.9511
L13-34	858897124	748672015	0.8717
L13-36	863163298	816912691	0.9464
L13-37	1536326655	1322380151	0.8607
L13-39	260708216	248658002	0.9538
L13-40	427392714	375369726	0.8783
L13-42	868768244	821979317	0.9461
L13-43	1527548589	1317742729	0.8627
L13-45	946147943	893986379	0.9449
L13-46	1692849170	1452645056	0.8581
L19-24	37299091209	34179836977	0.9164
L19-25	65786679518	52095119421	0.7919
L19-27	32474410601	29769243543	0.9167
L19-28	56747918494	45120225839	0.7951
