L19-25	1	base	8576194728	8677413198	281467	13
L19-25	1	cand	7279066539	7450279157	334108	13
L19-25	1	base-copy	8650851511	8815078433	222985	15
L19-25	1	cand	7127127019	7229892381	208298	11
L19-25	2	base	8465850568	8563918644	1959499	19
L19-25	2	cand	7109683107	7194135670	585508	17
L19-25	2	base-copy	8984536964	9148878613	297576	15
L19-25	2	cand	7206527183	7304930372	283309	13
L19-25	3	base	8834224165	8972764403	268412	17
L19-25	3	cand	7261173798	7340677837	387283	15
L19-25	3	base-copy	8739982989	8897468002	230343	14
L19-25	3	cand	7050891190	7120219541	1708774	16
L19-25	4	base	8668883184	8787649350	284182	17
L19-25	4	cand	7254195638	7375974245	302805	15
L19-25	4	base-copy	8760555701	8910665312	284106	17
L19-25	4	cand	7119569293	7234569784	308665	15
L19-25	5	base	8288417012	8350797757	390855	16
L19-25	5	cand	6988172047	7056245009	246691	13
L19-25	5	base-copy	8416065810	8460507281	316055	17
L19-25	5	cand	6970665906	6993755171	1705084	14
L19-24	1	base	4975037962	5049569662	217111	12
L19-24	1	cand	4645926765	4687145278	230863	11
L19-24	1	base-copy	4929751856	5044011626	178929	11
L19-24	1	cand	4669743634	4693121299	199752	9
L19-24	2	base	4928092255	4948554402	215245	10
L19-24	2	cand	4801135201	4845684849	188146	11
L19-24	2	base-copy	4984120279	5051846902	225859	13
L19-24	2	cand	4662898002	4738013529	141134	11
L19-24	3	base	5253335260	5358879896	317644	12
L19-24	3	cand	4789222958	4847382916	266766	10
L19-24	3	base-copy	5007672899	5081764924	197056	10
L19-24	3	cand	4638439090	4712305713	1845108	12
L19-24	4	base	5033771623	5095788368	112277	8
L19-24	4	cand	4810546277	4860259933	198908	9
L19-24	4	base-copy	5001342373	5058980424	283749	11
L19-24	4	cand	4787332668	4849868688	240993	11
L19-24	5	base	5109669651	5167049534	244202	10
L19-24	5	cand	4752945938	4843867890	202335	11
L19-24	5	base-copy	5032796961	5114550038	269509	12
L19-24	5	cand	4825088279	4891622536	161682	10
L23-25	1	base	110360858405	111919845511	5958838	130
L23-25	1	cand	92303839336	93695791392	9868657	112
L23-25	1	base-copy	111862087960	113308256222	4213532	136
L23-25	1	cand	94250446657	95685385734	5464453	113
L23-25	2	base	112398835813	114070439757	5811797	142
L23-25	2	cand	93725801838	95271528131	4108049	109
L23-25	2	base-copy	114963140966	116912136960	7307372	150
L23-25	2	cand	91024076800	92272339082	5242636	118
L23-25	3	base	110666991119	112417070841	5897828	147
L23-25	3	cand	92995607321	94521363274	4811306	116
L23-25	3	base-copy	110948508801	112577921905	6619368	139
L23-25	3	cand	91476041452	92602456837	4169420	110
L23-25	4	base	110058009537	111548439459	6002217	129
L23-25	4	cand	90855478380	92245599379	6478019	114
L23-25	4	base-copy	109554678264	110726576470	5758819	137
L23-25	4	cand	90842417534	91958998075	3875155	109
L23-25	5	base	108911071663	110153502894	7370170	136
L23-25	5	cand	90346981420	91387614759	4384766	115
L23-25	5	base-copy	108873906543	110097752509	5682412	139
L23-25	5	cand	91899139151	93170622416	5545286	114
