c CMS SHA1: 7ae1b4a74259cdce223a584281fb8f090bbd3eed
c CryptoMiniSat version 5.14.7
c CMS compilation env CMAKE_CXX_COMPILER = /usr/bin/c++ | CMAKE_CXX_FLAGS =  -fno-stack-protector -msse4.2 -Wno-bitfield-constant-conversion -Wnull-dereference -Wdouble-promotion -Wshadow -Wformat=2 -Wextra-semi -pedantic | COMPILE_DEFINES =  -DNDEBUG -D_FORTIFY_SOURCE=0 | BUILD_SHARED_LIBS = OFF | ONLY_SIMPLE =  | STATS = OFF | SQLITE3_FOUND =  | ZLIB_FOUND = FALSE | VALGRIND_FOUND =  | ENABLE_TESTING = OFF | SLOW_DEBUG = OFF | ENABLE_ASSERTIONS = OFF | PYTHON_EXECUTABLE =  | PYTHON_LIBRARY =  | PYTHON_INCLUDE_DIRS =  | MY_TARGETS =  | LARGEMEM = OFF | LIMITMEM = OFF | BREAKID_LIBRARIES =  | BREAKID-VER = . | 
c Using VMTF, picosat, CaDiCaL, and CadiBack code by Armin Biere
c CMS is MIT licensed
c Using code from 'When Boolean Satisfiability Meets Gauss-E. in a Simplex Way'
c       by C.-S. Han and J.-H. Roland Jiang in CAV 2012. Fixes by M. Soos
c Using CCAnr from 'CCAnr: A Conf. Checking Based Local Search Solver [...]'
c       by Shaowei Cai, Chuan Luo, and Kaile Su, SAT 2015
c Using Oracle code from 'Integrating Tree Decompositions [...]'
c       by Tuukka Korhonen and Matti Jarvisalo, CP 2021
c Executed with command line: /Volumes/SSD990/cryptominisat-koblitz-20260909/build/cryptominisat5 --verb 1 --threads 1 /Volumes/SSD990/koblitz-stage13-panel-20260909/tasks/seed-2026091304/n31-l5-m3-ggmp-a0-f0/matrix/n31-l5-m3-ggmp-a0-f0/instance.xor.cnf
c Reading file '/Volumes/SSD990/koblitz-stage13-panel-20260909/tasks/seed-2026091304/n31-l5-m3-ggmp-a0-f0/matrix/n31-l5-m3-ggmp-a0-f0/instance.xor.cnf'
c o -- header says num vars:           1311
c o -- header says num clauses:        4632
c -- added: 4570 clauses, 62 xor clauses, 1311 vars
c Parsing time: 0.00 s
c [sls] 4632 cls, minimum 2 (new global minimum) T: 0.00
c [sls] 4632 cls, minimum 2 T: 0.00
c --> Executing strategy token: sub-impl
c [impl-sub] bin: 0 T: 0.00 T-out: N w-visit: 2622
c Executing OCC strategy token(s): 'occ-backw-sub'
c [occ] Linked in IRRED BIN by default: 3305
c [occ] Linked in RED   BIN by default: 0
c Executing OCC strategy token: occ-backw-sub
c [occ-backw-sub-long-w-long] rem cl: 0 tried: 1265/1265 (100.0%) T: 0.00 T-out: N T-r: 99.99%
c --> Executing strategy token: scc-vrepl
c [scc] new: 0 BP 0M T: 0.00
c --> Executing strategy token: breakid
c Executing OCC strategy token(s): 'occ-bve,occ-xor'
c [occ] Linked in IRRED BIN by default: 3305
c [occ] Linked in RED   BIN by default: 0
c Executing OCC strategy token: occ-bve
c [occ-empty-res] Empty resolvent elimed: 0 T: 0.00 T-out: N
c [occ-bve] tried:    70 v-elim:     0 free-vars: 1311 T: 0.00 T-out: N T-r: 100.00%
c [occur] link-in T: 0.00 cleanup T: 0.00 overhead T: 0.00
c [occ-xor-bve] elimed: 0 T: 0.00 T-out: N
c Executing OCC strategy token: occ-xor
c [occ-xor] sort occur list T: 0.00
c [occ-xor] found      0 T: 0.00 T-out: N T-r: 100.00%
c [mem] consolidate mini T: 0.00
c [timeout] global_timeout_multiplier: 3.3000
c [branch] rebuilding order heap for all branchings. Current branching: vsids
c [lucky] no luck T: 0.00
c [gauss] clauses deleted that are represented by XORs: 0 xorclauses: 62 GJ matrices: 0 T: 0.00
c [matrix] performing matrix init
c [matrix] Good   matrix  0     31 x  191  density:0.4943  xorlen avg: 94.42
c [matrix] Good   matrix  1     31 x 1110  density:0.0482  xorlen avg: 53.55
c [matrix] Using 2 matrices recovered from 62 xors T: 0.00 T-out: N
c [branch] adjusting to: vmtf (from: vsids) var_decay:0.95
c  res  pol bran  nres  conf freevar  IrrL  IrrB l/longC  l/allC RedL0 RedL1 RedL2  RedB l/longC  l/allC
c rst   foc    -  vmt     1   238    1270  1265  3305    3.61    2.45   236     0     0     0  108.72  108.72
c [g  <1] Disabling GJ-elim in this round.  Usefulness was: 11.8124%  over 9380 calls
c rst   stb    -  vmt   115  1028    1270  1265  3305    3.61    2.45   842     0     0     0   48.84   48.84
c [branch] adjusting to: vsids (from: vmtf) var_decay:0.95
c rst   stb    O   vs   116  2025    1270  1265  3305    3.61    2.45  1332     0     0     0   35.76   35.76
c [distill-long-red0] cls tried: 2/883 T: 0.00 T-out: Y T-r: -95.78%
c rst   stb    I   vs   118  9097    1270  1265  3305    3.61    2.45  3192     0     0     0   24.40   24.40
c rst   stb    B   vs   120 11144    1270  1265  3305    3.61    2.45  3415     0     0     0   23.94   23.94
c [distill-bin] useful/checked/potential: 0/3305/3305 lits-rem: 0 cl-rem: 0 0-depth-assigns: 0 T: 0.01 T-out: N
c rst   foc    B   vs   122 17574    1270  1265  3200    3.61    2.46  4984     0     0     0   27.13   27.13
c [branch] adjusting to: vmtf (from: vsids) var_decay:0.95
c rst   foc    F  vmt   123 17578    1270  1265  3200    3.61    2.46  4988     0     0     0   27.12   27.12
c rst   foc    F  vmt   125   28K    1270  1265  3200    3.61    2.46  6607     0     0     0   22.84   22.84
c [distill-long-red0] cls tried: 2/1203 T: 0.00 T-out: Y T-r: -361.27%
c [full-probe] bin_only: 1 set: 0 repl: 0 T: 0.00 T-out: N T-r: 99.87%
c [distill] watch-based irred-- cl tried     2450 cl-sh     0 cl-rem    0 lit-rem      0 T: 0.00 T-out: N
c [distill] watch-based   red-- cl tried     2410 cl-sh  1066 cl-rem    0 lit-rem   6424 T: 0.00 T-out: N
c rst   foc    #  vmt   126   28K    1270  1225  3200    3.61    2.45  4619     0     0     0   25.48   25.48
c rst   stb    #  vmt   207   33K    1270  1225  3200    3.61    2.45  6408     0     0     0   23.46   23.46
c [branch] adjusting to: vsids (from: vmtf) var_decay:0.95
c [distill-bin] useful/checked/potential: 0/3200/3200 lits-rem: 0 cl-rem: 0 0-depth-assigns: 0 T: 0.01 T-out: N
c rst   stb    #   vs   208   34K    1270  1225  3200    3.61    2.45  7433     0     0     0   23.33   23.33
c [sls] 4487 cls, minimum 2 T: 0.00
c rst   stb    W   vs   210   37K    1270  1225  3200    3.61    2.45  7122     0     0     0   21.98   21.98
c [impl-str] lit bin: 0 set-var: 0 T: 0.00 T-out: N T-r: 99.97% w-visit: 2622
c [impl-sub] bin: 0 T: 0.00 T-out: N w-visit: 2622
c rst   stb    W   vs   214   45K    1270  1225  3200    3.61    2.45 11051     0     0     0   23.69   23.69
c [distill-long-red0] cls tried: 2/1704 T: 0.00 T-out: Y T-r: -1022.69%
c rst   stb    O   vs   215   53K    1270  1225  3200    3.61    2.45  9549     0     0     0   25.12   25.12
c [full-probe] bin_only: 0 set: 0 repl: 0 T: 0.00 T-out: N T-r: 98.99%
c [distill-bin] useful/checked/potential: 0/3200/3200 lits-rem: 0 cl-rem: 0 0-depth-assigns: 0 T: 0.01 T-out: N
c rst   stb    B   vs   216   54K    1270  1225  3200    3.61    2.45 10572     0     0     0   25.13   25.13
c [distill] watch-based irred-- cl tried     2450 cl-sh     0 cl-rem    0 lit-rem      0 T: 0.00 T-out: N
c [distill] watch-based   red-- cl tried     4622 cl-sh  1159 cl-rem    0 lit-rem   3957 T: 0.01 T-out: N
c recursive minimization cost OK: 120K cost/(% lits removed)
c [g 0] 30x185 dens: 0.2310 find: 665K (prop 68.9% confl 4.7%) elim: 210K (prop 12.4% confl 0.5%)
c [g 1] 31x1075 dens: 0.0613 find: 6307 (prop 15.2% confl 1.6%) elim: 527 (prop 8.5% confl 0.6%)
c --> Executing strategy token: scc-vrepl
c [scc] new: 0 BP 0M T: 0.00
c --> Executing strategy token: sub-impl
c [impl-sub] bin: 0 T: 0.00 T-out: N w-visit: 2622
c --> Executing strategy token: breakid
c Executing OCC strategy token(s): 'occ-backw-sub-str,occ-clean-implicit,occ-bve,occ-bva,occ-ternary-res,occ-xor'
c [occ] Linked in IRRED BIN by default: 3200
c [occ] Linked in RED   BIN by default: 0
c Executing OCC strategy token: occ-backw-sub-str
c [occ-backw-sub-str-long-w-bins] subs: 0 str: 7 tried: 3200 0-depth-assigns: 0 T: 0.00 T-out: N T-r: 98.52%
c [occ-backw-sub-long-w-long] rem cl: 387 tried: 13006/13006 (100.0%) T: 0.00 T-out: N T-r: 98.68%
c [occ-backw-sub-str-long-w-long] sub: 88 str: 300 tried: 39018/13006 (300.0%) T: 0.01 T-out: N T-r: 96.45%
c Executing OCC strategy token: occ-clean-implicit
c Executing OCC strategy token: occ-bve
c [occ-empty-res] Empty resolvent elimed: 0 T: 0.00 T-out: N
c [occ-bve] tried:    70 v-elim:     0 free-vars: 1270 T: 0.00 T-out: N T-r: 100.00%
c [occur] link-in T: 0.00 cleanup T: 0.00 overhead T: 0.00
c [occ-xor-bve] elimed: 0 T: 0.00 T-out: N
c Executing OCC strategy token: occ-bva
c Executing OCC strategy token: occ-ternary-res
c [occ-ternary-res] Ternary res-tri: 0 res-bin: 0 sub: 0 str: 0 T: 0.00 T-out: N T-r: 99.22%
c Executing OCC strategy token: occ-xor
c [occ-xor] sort occur list T: 0.00
c [occ-xor] found      0 T: 0.00 T-out: N T-r: 100.00%
c --> Executing strategy token: card-find
c --> Executing strategy token: cl-consolidate
c [mem] not consolidating
c --> Executing strategy token: scc-vrepl
c [scc] new: 0 BP 0M T: 0.00
c --> Executing strategy token: renumber
c --> Executing strategy token: louvain-comms
c [mem] consolidate mini T: 0.00
c [timeout] global_timeout_multiplier: 3.6300
c [branch] rebuilding order heap for all branchings. Current branching: vsids
c [gauss] clauses deleted that are represented by XORs: 0 xorclauses: 62 GJ matrices: 0 T: 0.00
c [matrix] performing matrix init
c [matrix] Good   matrix  0     31 x  185  density:0.4954  xorlen avg: 91.65
c [matrix] Good   matrix  1     31 x 1075  density:0.0487  xorlen avg: 52.32
c [matrix] Using 2 matrices recovered from 62 xors T: 0.00 T-out: N
c [g  <1] Disabling GJ-elim in this round.  Usefulness was: 0.0000%  over 542 calls
c [distill-long-red0] cls tried: 2/3017 T: 0.00 T-out: Y T-r: -867.11%
c rst   foc    B   vs   224   63K    1270  1225  3200    3.61    2.45  7699     0     0     0   24.41   24.41
c [branch] adjusting to: vmtf (from: vsids) var_decay:0.95
c rst   foc    B  vmt   225   63K    1270  1225  3200    3.61    2.45  7703     0     0     0   24.41   24.41
c rst   foc    B  vmt   401   76K    1270  1225  3200    3.61    2.45  9779     0     0     0   19.89   19.89
c [distill-long-red0] cls tried: 2/2310 T: 0.00 T-out: Y T-r: -435.80%
c [full-probe] bin_only: 1 set: 0 repl: 0 T: 0.00 T-out: N T-r: 99.86%
c [distill-bin] useful/checked/potential: 0/3200/3200 lits-rem: 0 cl-rem: 0 0-depth-assigns: 0 T: 0.01 T-out: N
c [sls] 4487 cls, minimum 2 T: 0.00
c rst   foc    W  vmt   402   76K    1270  1225  3200    3.61    2.45  7658     0     0     0   21.49   21.49
c [distill] watch-based irred-- cl tried     2450 cl-sh     0 cl-rem    0 lit-rem      0 T: 0.00 T-out: N
c [distill] watch-based   red-- cl tried     5016 cl-sh   637 cl-rem    0 lit-rem   1245 T: 0.01 T-out: N
c rst   foc    W  vmt   643   85K    1270  1225  3200    3.61    2.45 11240     0     0     0   20.25   20.25
c  res  pol bran  nres  conf freevar  IrrL  IrrB l/longC  l/allC RedL0 RedL1 RedL2  RedB l/longC  l/allC
c rst   foc    W  vmt   654   97K    1270  1225  3200    3.61    2.45 16711     0     0     0   17.93   17.93
c [distill-long-red0] cls tried: 2/1965 T: 0.00 T-out: Y T-r: -1325.56%
c [full-probe] bin_only: 0 set: 0 repl: 0 T: 0.00 T-out: N T-r: 98.47%
c [distill-bin] useful/checked/potential: 0/3200/3200 lits-rem: 0 cl-rem: 0 0-depth-assigns: 0 T: 0.01 T-out: N
c rst   foc    F  vmt   655   97K    1270  1225  3200    3.61    2.45 13059     0     0     0   19.20   19.20
c [impl-str] lit bin: 0 set-var: 0 T: 0.00 T-out: N T-r: 99.97% w-visit: 2622
c [impl-sub] bin: 0 T: 0.00 T-out: N w-visit: 2622
c rst   foc    F  vmt  1014  109K    1270  1225  3200    3.61    2.45 14264     0     0     0   20.90   20.90
c [distill] watch-based irred-- cl tried     2450 cl-sh     0 cl-rem    0 lit-rem      0 T: 0.00 T-out: N
c [distill] watch-based   red-- cl tried     6252 cl-sh   966 cl-rem    0 lit-rem   2000 T: 0.01 T-out: N
c rst   foc    B  vmt  1015  109K    1270  1225  3200    3.61    2.45 14267     0     0     0   20.76   20.76
c [distill-long-red0] cls tried: 2/2597 T: 0.00 T-out: Y T-r: -1346.82%
c [full-probe] bin_only: 1 set: 0 repl: 0 T: 0.00 T-out: N T-r: 99.81%
c [distill-bin] useful/checked/potential: 0/3200/3200 lits-rem: 0 cl-rem: 0 0-depth-assigns: 0 T: 0.01 T-out: N
c rst   foc    B  vmt  2549  118K    1270  1225  3200    3.61    2.45 15452     0     0     0   21.72   21.72
c [sls] 4487 cls, minimum 2 T: 0.00
c rst   foc    W  vmt  2903  122K    1270  1225  3200    3.61    2.45 12161     0     0     0   20.93   20.93
c rst   stb    W  vmt  3010  130K    1270  1225  3200    3.61    2.45 19238     0     0     0   20.42   20.42
c [branch] adjusting to: vsids (from: vmtf) var_decay:0.95
c [distill-long-red0] cls tried: 2/2847 T: 0.00 T-out: Y T-r: -1738.16%
c rst   stb    W   vs  3011  131K    1270  1225  3200    3.61    2.45 11737     0     0     0   21.20   21.20
c recursive minimization cost OK: 152K cost/(% lits removed)
c [g 0] 30x185 dens: 0.2632 find: 943K (prop 73.9% confl 4.4%) elim: 174K (prop 13.1% confl 0.5%)
c [g 1] 31x1075 dens: 0.0936 find: 357 (prop 0.0% confl 0.0%) elim: 10 (prop 0.0% confl 0.0%)
c --> Executing strategy token: scc-vrepl
c [scc] new: 0 BP 0M T: 0.00
c --> Executing strategy token: sub-impl
c [impl-sub] bin: 0 T: 0.00 T-out: N w-visit: 2622
c --> Executing strategy token: breakid
c Executing OCC strategy token(s): 'occ-backw-sub-str,occ-clean-implicit,occ-bve,occ-bva,occ-ternary-res,occ-xor'
c [occ] Linked in IRRED BIN by default: 3200
c [occ] Linked in RED   BIN by default: 0
c Executing OCC strategy token: occ-backw-sub-str
c [occ-backw-sub-str-long-w-bins] subs: 0 str: 1428 tried: 6400 0-depth-assigns: 0 T: 0.00 T-out: N T-r: 98.36%
c [occ-backw-sub-long-w-long] rem cl: 807 tried: 16282/16282 (100.0%) T: 0.00 T-out: N T-r: 96.77%
c [occ-backw-sub-str-long-w-long] sub: 68 str: 367 tried: 48846/16282 (300.0%) T: 0.02 T-out: N T-r: 93.14%
c Executing OCC strategy token: occ-clean-implicit
c Executing OCC strategy token: occ-bve
c [occ-empty-res] Empty resolvent elimed: 0 T: 0.00 T-out: N
c [occ-bve] tried:    70 v-elim:     0 free-vars: 1270 T: 0.00 T-out: N T-r: 100.00%
c [occur] link-in T: 0.00 cleanup T: 0.00 overhead T: 0.00
c [occ-xor-bve] elimed: 0 T: 0.00 T-out: N
c Executing OCC strategy token: occ-bva
c Executing OCC strategy token: occ-ternary-res
c [occ-ternary-res] Ternary res-tri: 0 res-bin: 0 sub: 0 str: 0 T: 0.00 T-out: N T-r: 99.96%
c Executing OCC strategy token: occ-xor
c [occ-xor] sort occur list T: 0.00
c [occ-xor] found      0 T: 0.00 T-out: N T-r: 100.00%
c --> Executing strategy token: card-find
c --> Executing strategy token: cl-consolidate
c [mem] not consolidating
c --> Executing strategy token: scc-vrepl
c [scc] new: 0 BP 0M T: 0.00
c --> Executing strategy token: renumber
c --> Executing strategy token: louvain-comms
c [mem] consolidate mini T: 0.00
c [timeout] global_timeout_multiplier: 3.9930
c [branch] rebuilding order heap for all branchings. Current branching: vsids
c [gauss] clauses deleted that are represented by XORs: 0 xorclauses: 62 GJ matrices: 0 T: 0.00
c [matrix] performing matrix init
c [matrix] Good   matrix  0     31 x  185  density:0.4954  xorlen avg: 91.65
c [matrix] Good   matrix  1     31 x 1075  density:0.0487  xorlen avg: 52.32
c [matrix] Using 2 matrices recovered from 62 xors T: 0.00 T-out: N
c [distill] watch-based irred-- cl tried     2450 cl-sh     0 cl-rem    0 lit-rem      0 T: 0.00 T-out: N
c [distill] watch-based   red-- cl tried     5892 cl-sh    19 cl-rem    0 lit-rem     28 T: 0.02 T-out: N
c [g  <1] Disabling GJ-elim in this round.  Usefulness was: 0.0000%  over 1079 calls
c [full-probe] bin_only: 0 set: 0 repl: 0 T: 0.00 T-out: N T-r: 98.34%
c [distill-bin] useful/checked/potential: 0/3200/3200 lits-rem: 0 cl-rem: 0 0-depth-assigns: 0 T: 0.01 T-out: N
c [sls] 4487 cls, minimum 2 T: 0.00
c rst   stb    W   vs  3019  142K    1270  1225  3200    3.61    2.45 14439     0     0     0   22.99   22.99
c [distill-long-red0] cls tried: 2/3594 T: 0.00 T-out: Y T-r: -655.64%
c rst   stb    W   vs  3021  166K    1270  1225  3200    3.61    2.45   21K     0     0     0   22.61   22.61
c [distill-long-red0] cls tried: 2/3524 T: 0.00 T-out: Y T-r: -1079.07%
c [full-probe] bin_only: 1 set: 0 repl: 0 T: 0.00 T-out: N T-r: 99.80%
c [distill-bin] useful/checked/potential: 0/3200/3200 lits-rem: 0 cl-rem: 0 0-depth-assigns: 0 T: 0.01 T-out: N
c [distill] watch-based irred-- cl tried     2450 cl-sh     0 cl-rem    0 lit-rem      0 T: 0.00 T-out: N
c [distill] watch-based   red-- cl tried     6800 cl-sh   570 cl-rem    0 lit-rem   1520 T: 0.02 T-out: Y
c [impl-str] lit bin: 0 set-var: 0 T: 0.00 T-out: N T-r: 99.97% w-visit: 2622
c [impl-sub] bin: 0 T: 0.00 T-out: N w-visit: 2622
c rst   stb    I   vs  3022  167K    1270  1225  3200    3.61    2.45   22K     0     0     0   22.38   22.38
c rst   stb    I   vs  3028  179K    1270  1225  3200    3.61    2.45 14225     0     0     0   22.75   22.75
c [distill-long-red0] cls tried: 2/3448 T: 0.00 T-out: Y T-r: -823.20%
c rst   stb    B   vs  3032  184K    1270  1225  3200    3.61    2.45 19292     0     0     0   22.81   22.81
c [full-probe] bin_only: 0 set: 0 repl: 0 T: 0.00 T-out: N T-r: 98.76%
c [distill-bin] useful/checked/potential: 0/3200/3200 lits-rem: 0 cl-rem: 0 0-depth-assigns: 0 T: 0.01 T-out: N
c rst   stb    B   vs  3036  199K    1270  1225  3200    3.61    2.45   24K     0     0     0   23.89   23.89
c [distill-long-red0] cls tried: 2/4412 T: 0.00 T-out: Y T-r: -1737.58%
c [distill] watch-based irred-- cl tried     2450 cl-sh     0 cl-rem    0 lit-rem      0 T: 0.00 T-out: N
c [distill] watch-based   red-- cl tried     7718 cl-sh   722 cl-rem    0 lit-rem   1877 T: 0.02 T-out: Y
c [sls] 4487 cls, minimum 2 T: 0.00
c rst   stb    W   vs  3038  201K    1270  1225  3200    3.61    2.45 16357     0     0     0   24.38   24.38
c [full-probe] bin_only: 1 set: 0 repl: 0 T: 0.00 T-out: N T-r: 99.77%
c [distill-bin] useful/checked/potential: 0/3200/3200 lits-rem: 0 cl-rem: 0 0-depth-assigns: 0 T: 0.01 T-out: N
c rst   stb    W   vs  3043  211K    1270  1225  3200    3.61    2.45 15869     0     0     0   24.44   24.44
c [distill-long-red0] cls tried: 2/3856 T: 0.00 T-out: Y T-r: -1276.51%
c rst   stb    W   vs  3049  220K    1270  1225  3200    3.61    2.45   24K     0     0     0   24.53   24.53
c rst   stb    O   vs  3050  224K    1270  1225  3200    3.61    2.45 17174     0     0     0   23.40   23.40
c rst   stb    O   vs  3051  232K    1270  1225  3200    3.61    2.45   25K     0     0     0   24.81   24.81
c [distill-long-red0] cls tried: 2/4226 T: 0.00 T-out: Y T-r: -2467.76%
c [full-probe] bin_only: 0 set: 0 repl: 0 T: 0.00 T-out: N T-r: 98.66%
c [distill-bin] useful/checked/potential: 0/3200/3200 lits-rem: 0 cl-rem: 0 0-depth-assigns: 0 T: 0.01 T-out: N
c [distill] watch-based irred-- cl tried     2450 cl-sh     0 cl-rem    0 lit-rem      0 T: 0.00 T-out: N
c [distill] watch-based   red-- cl tried     7455 cl-sh   544 cl-rem    0 lit-rem   1644 T: 0.02 T-out: Y
c [impl-str] lit bin: 0 set-var: 0 T: 0.00 T-out: N T-r: 99.97% w-visit: 2622
c [impl-sub] bin: 0 T: 0.00 T-out: N w-visit: 2622
c rst   stb    O   vs  3052  244K    1270  1225  3200    3.61    2.45   25K     0     0     0   24.14   24.14
c recursive minimization cost OK: 211K cost/(% lits removed)
c [g 0] 30x185 dens: 0.2402 find: 1341K (prop 63.1% confl 4.2%) elim: 483K (prop 12.5% confl 0.5%)
c [g 1] 31x1075 dens: 0.1079 find: 725 (prop 0.0% confl 0.0%) elim: 32 (prop 0.0% confl 0.0%)
c --> Executing strategy token: scc-vrepl
c [scc] new: 0 BP 0M T: 0.00
c --> Executing strategy token: sub-impl
c [impl-sub] bin: 0 T: 0.00 T-out: N w-visit: 2622
c --> Executing strategy token: breakid
c Executing OCC strategy token(s): 'occ-backw-sub-str,occ-clean-implicit,occ-bve,occ-bva,occ-ternary-res,occ-xor'
c [occ] Linked in IRRED BIN by default: 3200
c [occ] Linked in RED   BIN by default: 0
c Executing OCC strategy token: occ-backw-sub-str
c [occ-backw-sub-str-long-w-bins] subs: 0 str: 4357 tried: 9600 0-depth-assigns: 0 T: 0.00 T-out: N T-r: 97.68%
c [occ-backw-sub-long-w-long] rem cl: 518 tried: 26954/26954 (100.0%) T: 0.01 T-out: N T-r: 93.27%
c [occ-backw-sub-str-long-w-long] sub: 246 str: 458 tried: 80862/26954 (300.0%) T: 0.03 T-out: N T-r: 88.12%
c Executing OCC strategy token: occ-clean-implicit
c Executing OCC strategy token: occ-bve
c [occ-empty-res] Empty resolvent elimed: 0 T: 0.00 T-out: N
c [occ-bve] tried:    70 v-elim:     0 free-vars: 1270 T: 0.00 T-out: N T-r: 100.00%
c [occur] link-in T: 0.01 cleanup T: 0.00 overhead T: 0.01
c [occ-xor-bve] elimed: 0 T: 0.00 T-out: N
c Executing OCC strategy token: occ-bva
c Executing OCC strategy token: occ-ternary-res
c [occ-ternary-res] Ternary res-tri: 0 res-bin: 0 sub: 0 str: 0 T: 0.00 T-out: N T-r: 99.93%
c Executing OCC strategy token: occ-xor
c [occ-xor] sort occur list T: 0.00
c [occ-xor] found      0 T: 0.00 T-out: N T-r: 99.99%
c --> Executing strategy token: card-find
c --> Executing strategy token: cl-consolidate
c [mem] not consolidating
c --> Executing strategy token: scc-vrepl
c [scc] new: 0 BP 0M T: 0.00
c --> Executing strategy token: renumber
c --> Executing strategy token: louvain-comms
c [mem] consolidate mini T: 0.00
c [timeout] global_timeout_multiplier: 4.3923
c [branch] rebuilding order heap for all branchings. Current branching: vsids
c [gauss] clauses deleted that are represented by XORs: 0 xorclauses: 62 GJ matrices: 0 T: 0.00
c [matrix] performing matrix init
c [matrix] Good   matrix  0     31 x  185  density:0.4954  xorlen avg: 91.65
c [matrix] Good   matrix  1     31 x 1075  density:0.0487  xorlen avg: 52.32
c [matrix] Using 2 matrices recovered from 62 xors T: 0.00 T-out: N
c [g  <1] Disabling GJ-elim in this round.  Usefulness was: 0.0000%  over 577 calls
c  res  pol bran  nres  conf freevar  IrrL  IrrB l/longC  l/allC RedL0 RedL1 RedL2  RedB l/longC  l/allC
c rst   stb    B   vs  3053  245K    1270  1225  3200    3.61    2.45   25K     0     0     0   24.22   24.22
c [distill-long-red0] cls tried: 2/3922 T: 0.00 T-out: Y T-r: -879.40%
c rst   foc    B   vs  3055  255K    1270  1225  3200    3.61    2.45   24K     0     0     0   22.87   22.87
c [branch] adjusting to: vmtf (from: vsids) var_decay:0.95
c [full-probe] bin_only: 1 set: 0 repl: 0 T: 0.00 T-out: N T-r: 99.75%
c [distill-bin] useful/checked/potential: 0/3200/3200 lits-rem: 0 cl-rem: 0 0-depth-assigns: 0 T: 0.01 T-out: N
c rst   foc    B  vmt  3056  255K    1270  1225  3200    3.61    2.45   24K     0     0     0   22.87   22.87
c [distill] watch-based irred-- cl tried     2450 cl-sh     0 cl-rem    0 lit-rem      0 T: 0.00 T-out: N
c [distill] watch-based   red-- cl tried     7279 cl-sh    94 cl-rem    0 lit-rem    214 T: 0.02 T-out: Y
c rst   foc    B  vmt  4101  263K    1270  1225  3200    3.61    2.45   21K     0     0     0   21.09   21.09
c [distill-long-red0] cls tried: 2/4229 T: 0.00 T-out: Y T-r: -1401.56%
c rst   foc    #  vmt  4242  264K    1270  1225  3200    3.61    2.45   22K     0     0     0   21.06   21.06
c rst   foc    #  vmt  4629  313K    1270  1225  3200    3.61    2.45   20K     0     0     0   17.29   17.29
c [distill-long-red0] cls tried: 2/1991 T: 0.01 T-out: Y T-r: -606.47%
c [full-probe] bin_only: 0 set: 0 repl: 0 T: 0.00 T-out: N T-r: 99.12%
c [distill-bin] useful/checked/potential: 0/3200/3200 lits-rem: 0 cl-rem: 0 0-depth-assigns: 0 T: 0.01 T-out: N
c [distill] watch-based irred-- cl tried     2450 cl-sh     0 cl-rem    0 lit-rem      0 T: 0.00 T-out: N
c [distill] watch-based   red-- cl tried     4046 cl-sh   761 cl-rem    0 lit-rem   1410 T: 0.01 T-out: N
c [impl-str] lit bin: 0 set-var: 0 T: 0.00 T-out: N T-r: 99.98% w-visit: 2622
c [impl-sub] bin: 0 T: 0.00 T-out: N w-visit: 2622
c rst   foc    B  vmt  4630  313K    1270  1225  3200    3.61    2.45 14528     0     0     0   19.21   19.21
c rst   foc    B  vmt  6277  321K    1270  1225  3200    3.61    2.45   22K     0     0     0   20.22   20.22
c [distill-long-red0] cls tried: 2/2116 T: 0.00 T-out: Y T-r: -1011.49%
c rst   foc    B  vmt  7078  329K    1270  1225  3200    3.61    2.45 19318     0     0     0   21.37   21.37
c [full-probe] bin_only: 1 set: 0 repl: 0 T: 0.00 T-out: N T-r: 99.83%
c [distill-bin] useful/checked/potential: 0/3200/3200 lits-rem: 0 cl-rem: 0 0-depth-assigns: 0 T: 0.01 T-out: N
c [sls] 4487 cls, minimum 2 T: 0.00
c rst   foc    W  vmt  8443  335K    1270  1225  3200    3.61    2.45   24K     0     0     0   21.99   21.99
c [distill] watch-based irred-- cl tried     2450 cl-sh     0 cl-rem    0 lit-rem      0 T: 0.00 T-out: N
c [distill] watch-based   red-- cl tried     9134 cl-sh  1520 cl-rem    0 lit-rem   3664 T: 0.04 T-out: Y
c rst   foc    W  vmt  9229  344K    1270  1225  3200    3.61    2.45   23K     0     0     0   26.63   26.63
c [distill-long-red0] cls tried: 2/4738 T: 0.01 T-out: Y T-r: -726.49%
c rst   foc    W  vmt  9386  363K    1270  1225  3200    3.61    2.45   27K     0     0     0   40.30   40.30
c [distill-long-red0] cls tried: 2/9179 T: 0.01 T-out: Y T-r: -569.42%
c [full-probe] bin_only: 0 set: 0 repl: 0 T: 0.00 T-out: N T-r: 98.71%
c [distill-bin] useful/checked/potential: 0/3200/3200 lits-rem: 0 cl-rem: 0 0-depth-assigns: 0 T: 0.02 T-out: N
c rst   foc    F  vmt  9387  363K    1270  1225  3200    3.61    2.45   22K     0     0     0   44.00   44.00
c [distill] watch-based irred-- cl tried     2450 cl-sh     0 cl-rem    0 lit-rem      0 T: 0.00 T-out: N
c [distill] watch-based   red-- cl tried     8292 cl-sh  1452 cl-rem    0 lit-rem   4969 T: 0.04 T-out: Y
c rst   foc    F  vmt 11223  371K    1270  1225  3200    3.61    2.45 19414     0     0     1   39.42   39.42
c [impl-str] lit bin: 0 set-var: 0 T: 0.00 T-out: N T-r: 99.97% w-visit: 2622
c [impl-sub] bin: 0 T: 0.00 T-out: N w-visit: 2622
c rst   foc    F  vmt 12078  382K    1270  1225  3200    3.61    2.45   30K     0     0     2   34.41   34.41
c [distill-long-red0] cls tried: 2/6190 T: 0.01 T-out: Y T-r: -436.25%
c [full-probe] bin_only: 1 set: 0 repl: 0 T: 0.00 T-out: N T-r: 99.66%
c [distill-bin] useful/checked/potential: 0/3200/3200 lits-rem: 0 cl-rem: 0 0-depth-assigns: 0 T: 0.02 T-out: N
c rst   foc    B  vmt 12412  387K    1270  1225  3200    3.61    2.45 19438     0     0     2   29.64   29.64
c [distill] watch-based irred-- cl tried     2450 cl-sh     0 cl-rem    0 lit-rem      0 T: 0.00 T-out: N
c [distill] watch-based   red-- cl tried     8927 cl-sh  1186 cl-rem    0 lit-rem   3005 T: 0.04 T-out: Y
c rst   foc    B  vmt 13035  397K    1270  1225  3200    3.61    2.45   30K     0     0     2   32.20   32.20
c recursive minimization cost OK: 728K cost/(% lits removed)
c [g 0] 30x185 dens: 0.1809 find: 1264K (prop 63.7% confl 3.7%) elim: 319K (prop 2.6% confl 0.1%)
c [g 1] 31x1075 dens: 0.0985 find: 396 (prop 0.0% confl 0.0%) elim: 9 (prop 0.0% confl 0.0%)
c --> Executing strategy token: scc-vrepl
c [scc] new: 0 BP 0M T: 0.00
c --> Executing strategy token: sub-impl
c [impl-sub] bin: 0 T: 0.00 T-out: N w-visit: 2622
c --> Executing strategy token: breakid
c Executing OCC strategy token(s): 'occ-backw-sub-str,occ-clean-implicit,occ-bve,occ-bva,occ-ternary-res,occ-xor'
c [occ] Linked in IRRED BIN by default: 3200
c [occ] Linked in RED   BIN by default: 2
c Executing OCC strategy token: occ-backw-sub-str
c [occ-backw-sub-str-long-w-bins] subs: 0 str: 1631 tried: 12802 0-depth-assigns: 0 T: 0.00 T-out: N T-r: 96.82%
c [occ-backw-sub-long-w-long] rem cl: 1246 tried: 31471/31471 (100.0%) T: 0.01 T-out: N T-r: 96.61%
c [occ-backw-sub-str-long-w-long] sub: 44 str: 385 tried: 94413/31471 (300.0%) T: 0.05 T-out: N T-r: 86.48%
c Executing OCC strategy token: occ-clean-implicit
c Executing OCC strategy token: occ-bve
c [occ-empty-res] Empty resolvent elimed: 0 T: 0.00 T-out: N
c [occ-bve] tried:    70 v-elim:     0 free-vars: 1270 T: 0.00 T-out: N T-r: 100.00%
c [occur] link-in T: 0.01 cleanup T: 0.00 overhead T: 0.01
c [occ-xor-bve] elimed: 0 T: 0.00 T-out: N
c Executing OCC strategy token: occ-bva
c Executing OCC strategy token: occ-ternary-res
c [occ-ternary-res] Ternary res-tri: 0 res-bin: 0 sub: 0 str: 0 T: 0.00 T-out: N T-r: 99.93%
c Executing OCC strategy token: occ-xor
c [occ-xor] sort occur list T: 0.00
c [occ-xor] found      0 T: 0.00 T-out: N T-r: 99.99%
c --> Executing strategy token: card-find
c --> Executing strategy token: cl-consolidate
c [mem] not consolidating
c --> Executing strategy token: scc-vrepl
c [scc] new: 0 BP 0M T: 0.00
c --> Executing strategy token: renumber
c --> Executing strategy token: louvain-comms
c [mem] consolidate mini T: 0.00
c [timeout] global_timeout_multiplier: 4.8315
c [branch] rebuilding order heap for all branchings. Current branching: vmtf
c [gauss] clauses deleted that are represented by XORs: 0 xorclauses: 62 GJ matrices: 0 T: 0.00
c [matrix] performing matrix init
c [matrix] Good   matrix  0     31 x  185  density:0.4954  xorlen avg: 91.65
c [matrix] Good   matrix  1     31 x 1075  density:0.0487  xorlen avg: 52.32
c [matrix] Using 2 matrices recovered from 62 xors T: 0.00 T-out: N
c [distill-long-red0] cls tried: 2/5229 T: 0.01 T-out: Y T-r: -3791.29%
c [g  <0] Disabling GJ-elim in this round.  Usefulness was: 0.3257%  over 4605 calls
c [full-probe] bin_only: 0 set: 0 repl: 0 T: 0.00 T-out: N T-r: 98.83%
c [distill-bin] useful/checked/potential: 0/3200/3200 lits-rem: 0 cl-rem: 0 0-depth-assigns: 0 T: 0.03 T-out: N
c rst   foc    B  vmt 13327  406K    1270  1225  3200    3.61    2.45   26K     0     0     2   33.88   33.88
c rst   foc    B  vmt 13711  415K    1270  1225  3200    3.61    2.45   21K     0     0     2   35.21   35.21
c [distill-long-red0] cls tried: 2/5773 T: 0.01 T-out: Y T-r: -354.93%
c [sls] 4487 cls, minimum 2 T: 0.00
c rst   foc    W  vmt 13712  415K    1270  1225  3200    3.61    2.45 17824     0     0     2   39.08   39.07
c [distill] watch-based irred-- cl tried     2450 cl-sh     0 cl-rem    0 lit-rem      0 T: 0.00 T-out: N
c [distill] watch-based   red-- cl tried     9320 cl-sh  1282 cl-rem    0 lit-rem   5472 T: 0.05 T-out: Y
c  res  pol bran  nres  conf freevar  IrrL  IrrB l/longC  l/allC RedL0 RedL1 RedL2  RedB l/longC  l/allC
c rst   foc    W  vmt 13880  425K    1270  1225  3200    3.61    2.45   28K     0     0     3   42.40   42.39
c [full-probe] bin_only: 1 set: 0 repl: 0 T: 0.00 T-out: N T-r: 99.65%
c [distill-bin] useful/checked/potential: 0/3200/3200 lits-rem: 0 cl-rem: 0 0-depth-assigns: 0 T: 0.04 T-out: N
c [distill-long-red0] cls tried: 2/5839 T: 0.01 T-out: Y T-r: -28.64%
c rst   foc    W  vmt 14559  441K    1270  1225  3200    3.61    2.45   28K     0     0     3   51.25   51.25
c [impl-str] lit bin: 0 set-var: 0 T: 0.00 T-out: N T-r: 99.97% w-visit: 2622
c [impl-sub] bin: 0 T: 0.00 T-out: N w-visit: 2622
c rst   foc    #  vmt 14560  441K    1270  1225  3200    3.61    2.45   28K     0     0     3   51.24   51.24
c [distill-long-red0] cls tried: 2/7344 T: 0.01 T-out: Y T-r: -498.80%
c [full-probe] bin_only: 0 set: 0 repl: 0 T: 0.00 T-out: N T-r: 98.94%
c [distill-bin] useful/checked/potential: 0/3200/3200 lits-rem: 0 cl-rem: 0 0-depth-assigns: 0 T: 0.02 T-out: N
c [distill] watch-based irred-- cl tried     2450 cl-sh     0 cl-rem    0 lit-rem      0 T: 0.00 T-out: N
c [distill] watch-based   red-- cl tried     9169 cl-sh  1407 cl-rem    0 lit-rem   7367 T: 0.04 T-out: Y
c rst   foc    #  vmt 16020  452K    1270  1225  3200    3.61    2.45   24K     0     0     3   37.93   37.93
c rst   foc    #  vmt 16343  462K    1270  1225  3200    3.61    2.45   21K     0     0     4   31.20   31.19
c [distill-long-red0] cls tried: 2/5941 T: 0.01 T-out: Y T-r: -425.98%
c [full-probe] bin_only: 1 set: 0 repl: 0 T: 0.00 T-out: N T-r: 99.59%
c [distill-bin] useful/checked/potential: 0/3200/3200 lits-rem: 0 cl-rem: 0 0-depth-assigns: 0 T: 0.03 T-out: N
c rst   foc    B  vmt 16354  470K    1270  1225  3200    3.61    2.45   28K     0     0     4   32.25   32.25
c [distill] watch-based irred-- cl tried     2450 cl-sh     0 cl-rem    0 lit-rem      0 T: 0.00 T-out: N
c [distill] watch-based   red-- cl tried     7003 cl-sh  1067 cl-rem    0 lit-rem   3605 T: 0.04 T-out: Y
c rst   foc    B  vmt 16510  483K    1270  1225  3200    3.61    2.45   27K     0     0     4   37.27   37.27
c [distill-long-red0] cls tried: 3/7150 T: 0.02 T-out: Y T-r: -284.71%
c rst   foc    B  vmt 17254  499K    1270  1225  3200    3.61    2.45   24K     0     0     4   39.26   39.26
c [distill-long-red0] cls tried: 2/5973 T: 0.01 T-out: Y T-r: -602.84%
c [full-probe] bin_only: 0 set: 0 repl: 0 T: 0.00 T-out: N T-r: 98.66%
c [distill-bin] useful/checked/potential: 0/3200/3200 lits-rem: 0 cl-rem: 0 0-depth-assigns: 0 T: 0.02 T-out: N
c [sls] 4487 cls, minimum 2 T: 0.00
c rst   foc    W  vmt 17255  499K    1270  1225  3200    3.61    2.45   22K     0     0     4   41.11   41.11
c [distill] watch-based irred-- cl tried     2450 cl-sh     0 cl-rem    0 lit-rem      0 T: 0.00 T-out: N
c [distill] watch-based   red-- cl tried     9673 cl-sh  1360 cl-rem    0 lit-rem   6696 T: 0.04 T-out: Y
c rst   stb    W  vmt 17290  537K    1270  1225  3200    3.61    2.45   30K     0     0     4   47.59   47.59
c [branch] adjusting to: vsids (from: vmtf) var_decay:0.95
c [distill-long-red0] cls tried: 2/5480 T: 0.01 T-out: Y T-r: -918.89%
c [full-probe] bin_only: 1 set: 0 repl: 0 T: 0.00 T-out: N T-r: 99.76%
c [distill-bin] useful/checked/potential: 0/3200/3200 lits-rem: 0 cl-rem: 0 0-depth-assigns: 0 T: 0.03 T-out: N
c [distill] watch-based irred-- cl tried     2450 cl-sh     0 cl-rem    0 lit-rem      0 T: 0.00 T-out: N
c [distill] watch-based   red-- cl tried     8848 cl-sh  1163 cl-rem    0 lit-rem   4150 T: 0.04 T-out: Y
c [impl-str] lit bin: 0 set-var: 0 T: 0.00 T-out: N T-r: 99.97% w-visit: 2622
c [impl-sub] bin: 0 T: 0.00 T-out: N w-visit: 2622
c [sls] 4487 cls, minimum 2 T: 0.00
c rst   stb    W   vs 17291  538K    1270  1225  3200    3.61    2.45   29K     0     0     4   48.51   48.51
c rst   stb    W   vs 17297  549K    1270  1225  3200    3.61    2.45   25K     0     0     4   35.99   35.98
c [distill-long-red0] cls tried: 2/6209 T: 0.01 T-out: Y T-r: -1024.84%
c [full-probe] bin_only: 0 set: 0 repl: 0 T: 0.01 T-out: N T-r: 97.63%
c [distill-bin] useful/checked/potential: 0/3200/3200 lits-rem: 0 cl-rem: 0 0-depth-assigns: 0 T: 0.03 T-out: N
c rst   stb    W   vs 17304  562K    1270  1225  3200    3.61    2.45   37K     0     0     4   34.87   34.87
c [distill-long-red0] cls tried: 2/6064 T: 0.01 T-out: Y T-r: -1688.27%
c [distill] watch-based irred-- cl tried     2450 cl-sh     0 cl-rem    0 lit-rem      0 T: 0.00 T-out: N
c [distill] watch-based   red-- cl tried     7775 cl-sh   503 cl-rem    0 lit-rem   1485 T: 0.05 T-out: Y
c rst   stb    I   vs 17306  571K    1270  1225  3200    3.61    2.45   28K     0     0     4   34.05   34.05
c [full-probe] bin_only: 1 set: 0 repl: 0 T: 0.00 T-out: N T-r: 99.69%
c [distill-bin] useful/checked/potential: 0/3200/3200 lits-rem: 0 cl-rem: 0 0-depth-assigns: 0 T: 0.03 T-out: N
c rst   stb    I   vs 17312  582K    1270  1225  3200    3.61    2.45   39K     0     0     4   34.48   34.48
c [distill-long-red0] cls tried: 2/6486 T: 0.01 T-out: Y T-r: -3132.33%
c rst   stb    I   vs 17319  594K    1270  1225  3200    3.61    2.45   33K     0     0     4   35.18   35.18
c [distill-long-red0] cls tried: 2/6699 T: 0.01 T-out: Y T-r: -5703.80%
c [full-probe] bin_only: 0 set: 0 repl: 0 T: 0.00 T-out: N T-r: 98.26%
c [distill-bin] useful/checked/potential: 0/3200/3200 lits-rem: 0 cl-rem: 0 0-depth-assigns: 0 T: 0.02 T-out: N
c [distill] watch-based irred-- cl tried     2450 cl-sh     0 cl-rem    0 lit-rem      0 T: 0.00 T-out: N
c [distill] watch-based   red-- cl tried     5552 cl-sh   328 cl-rem    0 lit-rem   1062 T: 0.04 T-out: Y
c [impl-str] lit bin: 0 set-var: 0 T: 0.00 T-out: N T-r: 99.97% w-visit: 2622
c [impl-sub] bin: 0 T: 0.00 T-out: N w-visit: 2622
c rst   stb    B   vs 17321  612K    1270  1225  3200    3.61    2.45   33K     0     0     4   34.20   34.20
c recursive minimization cost OK: 1302K cost/(% lits removed)
c [g 0] 30x185 dens: 0.2166 find: 3778 (prop 0.3% confl 0.0%) elim: 1891 (prop 0.1% confl 0.0%)
c [g 1] 31x1075 dens: 0.0454 find: 1398K (prop 65.3% confl 4.6%) elim: 12624 (prop 16.3% confl 0.8%)
c --> Executing strategy token: scc-vrepl
c [scc] new: 0 BP 0M T: 0.00
c --> Executing strategy token: sub-impl
c [impl-sub] bin: 0 T: 0.00 T-out: N w-visit: 2622
c --> Executing strategy token: breakid
c Executing OCC strategy token(s): 'occ-backw-sub-str,occ-clean-implicit,occ-bve,occ-bva,occ-ternary-res,occ-xor'
c [occ] Linked in IRRED BIN by default: 3200
c [occ] Linked in RED   BIN by default: 4
c Executing OCC strategy token: occ-backw-sub-str
c [occ-backw-sub-str-long-w-bins] subs: 0 str: 1603 tried: 16006 0-depth-assigns: 0 T: 0.00 T-out: N T-r: 96.37%
c [occ-backw-sub-long-w-long] rem cl: 382 tried: 34550/34550 (100.0%) T: 0.01 T-out: N T-r: 95.24%
c [occ-backw-sub-str-long-w-long] sub: 16 str: 217 tried: 103650/34550 (300.0%) T: 0.05 T-out: N T-r: 88.13%
c Executing OCC strategy token: occ-clean-implicit
c Executing OCC strategy token: occ-bve
c [occ-empty-res] Empty resolvent elimed: 0 T: 0.00 T-out: N
c [occ-bve] tried:    70 v-elim:     0 free-vars: 1270 T: 0.00 T-out: N T-r: 100.00%
c [occur] link-in T: 0.02 cleanup T: 0.00 overhead T: 0.02
c [occ-xor-bve] elimed: 0 T: 0.00 T-out: N
c Executing OCC strategy token: occ-bva
c Executing OCC strategy token: occ-ternary-res
c [occ-ternary-res] Ternary res-tri: 0 res-bin: 0 sub: 0 str: 0 T: 0.00 T-out: N T-r: 99.93%
c Executing OCC strategy token: occ-xor
c [occ-xor] sort occur list T: 0.00
c [occ-xor] found      0 T: 0.00 T-out: N T-r: 99.99%
c --> Executing strategy token: card-find
c --> Executing strategy token: cl-consolidate
c [mem] not consolidating
c --> Executing strategy token: scc-vrepl
c [scc] new: 0 BP 0M T: 0.00
c --> Executing strategy token: renumber
c --> Executing strategy token: louvain-comms
c [mem] consolidate mini T: 0.00
c [timeout] global_timeout_multiplier: 5.3147
c [branch] rebuilding order heap for all branchings. Current branching: vsids
c [gauss] clauses deleted that are represented by XORs: 0 xorclauses: 62 GJ matrices: 0 T: 0.00
c [matrix] performing matrix init
c [matrix] Good   matrix  0     31 x  185  density:0.4954  xorlen avg: 91.65
c [matrix] Good   matrix  1     31 x 1075  density:0.0487  xorlen avg: 52.32
c [matrix] Using 2 matrices recovered from 62 xors T: 0.00 T-out: N
c [g  <1] Disabling GJ-elim in this round.  Usefulness was: 0.0000%  over 2551 calls
c [distill-long-red0] cls tried: 2/10253 T: 0.02 T-out: Y T-r: -3395.18%
c rst   stb    B   vs 17326  623K    1270  1225  3200    3.61    2.45   41K     0     0     4   32.79   32.79
c [full-probe] bin_only: 1 set: 0 repl: 0 T: 0.00 T-out: N T-r: 99.74%
c [distill-bin] useful/checked/potential: 0/3200/3200 lits-rem: 0 cl-rem: 0 0-depth-assigns: 0 T: 0.02 T-out: N
c [distill] watch-based irred-- cl tried     2450 cl-sh     0 cl-rem    0 lit-rem      0 T: 0.00 T-out: N
c [distill] watch-based   red-- cl tried     7681 cl-sh  1714 cl-rem    0 lit-rem   6060 T: 0.04 T-out: Y
c rst   stb    B   vs 17332  633K    1270  1225  3200    3.61    2.45   33K     0     0     4   29.72   29.71
c [distill-long-red0] cls tried: 2/24057 T: 0.04 T-out: Y T-r: -3428.87%
c [sls] 4487 cls, minimum 2 T: 0.00
c rst   stb    W   vs 17334  636K    1270  1225  3200    3.61    2.45   34K     0     0     4   29.35   29.35
c [full-probe] bin_only: 0 set: 0 repl: 0 T: 0.00 T-out: N T-r: 98.78%
c [distill-bin] useful/checked/potential: 0/3200/3200 lits-rem: 0 cl-rem: 0 0-depth-assigns: 0 T: 0.01 T-out: N
c  res  pol bran  nres  conf freevar  IrrL  IrrB l/longC  l/allC RedL0 RedL1 RedL2  RedB l/longC  l/allC
c rst   stb    W   vs 17338  652K    1270  1225  3200    3.61    2.45   32K     0     0     4   24.51   24.51
c [distill-long-red0] cls tried: 2/12169 T: 0.01 T-out: Y T-r: -5097.91%
c [distill] watch-based irred-- cl tried     2450 cl-sh     0 cl-rem    0 lit-rem      0 T: 0.00 T-out: N
c [distill] watch-based   red-- cl tried     7851 cl-sh  1183 cl-rem    0 lit-rem   2790 T: 0.04 T-out: Y
c rst   stb    W   vs 17345  664K    1270  1225  3200    3.61    2.45   26K     0     0     4   25.04   25.03
c [full-probe] bin_only: 1 set: 0 repl: 0 T: 0.00 T-out: N T-r: 99.83%
c [distill-bin] useful/checked/potential: 0/3200/3200 lits-rem: 0 cl-rem: 0 0-depth-assigns: 0 T: 0.02 T-out: N
c [impl-str] lit bin: 0 set-var: 0 T: 0.00 T-out: N T-r: 99.98% w-visit: 2622
c [impl-sub] bin: 0 T: 0.00 T-out: N w-visit: 2622
c [distill-long-red0] cls tried: 2/6337 T: 0.01 T-out: Y T-r: -2740.73%
c rst   stb    O   vs 17350  670K    1270  1225  3200    3.61    2.45   32K     0     0     4   24.14   24.14
c rst   stb    O   vs 17353  685K    1270  1225  3200    3.61    2.45   28K     0     0     4   24.50   24.50
c [distill-long-red0] cls tried: 2/6825 T: 0.01 T-out: Y T-r: -2834.71%
c [full-probe] bin_only: 0 set: 0 repl: 0 T: 0.00 T-out: N T-r: 98.95%
c [distill-bin] useful/checked/potential: 0/3200/3200 lits-rem: 0 cl-rem: 0 0-depth-assigns: 0 T: 0.02 T-out: N
c [distill] watch-based irred-- cl tried     2450 cl-sh     0 cl-rem    0 lit-rem      0 T: 0.00 T-out: N
c [distill] watch-based   red-- cl tried     8432 cl-sh   353 cl-rem    0 lit-rem    880 T: 0.04 T-out: Y
c rst   stb    O   vs 17354  701K    1270  1225  3200    3.61    2.45   44K     0     0     4   25.09   25.08
c [distill-long-red0] cls tried: 2/7255 T: 0.01 T-out: Y T-r: -6561.91%
c rst   stb    O   vs 17355  734K    1270  1225  3200    3.61    2.45   37K     0     0     4   25.89   25.89
c [distill-long-red0] cls tried: 2/7167 T: 0.01 T-out: Y T-r: -6112.65%
c [full-probe] bin_only: 1 set: 0 repl: 0 T: 0.00 T-out: N T-r: 99.80%
c [distill-bin] useful/checked/potential: 0/3200/3200 lits-rem: 0 cl-rem: 0 0-depth-assigns: 0 T: 0.03 T-out: N
c [distill] watch-based irred-- cl tried     2450 cl-sh     0 cl-rem    0 lit-rem      0 T: 0.00 T-out: N
c [distill] watch-based   red-- cl tried     6781 cl-sh   288 cl-rem    0 lit-rem    699 T: 0.04 T-out: Y
c [impl-str] lit bin: 0 set-var: 0 T: 0.00 T-out: N T-r: 99.97% w-visit: 2622
c [impl-sub] bin: 0 T: 0.00 T-out: N w-visit: 2622
c rst   stb    B   vs 17356  799K    1270  1225  3200    3.61    2.45   40K     0     0     4   26.65   26.64
c [distill-long-red0] cls tried: 2/10267 T: 0.01 T-out: Y T-r: -1593.73%
c [full-probe] bin_only: 0 set: 0 repl: 0 T: 0.00 T-out: N T-r: 97.58%
c [distill-bin] useful/checked/potential: 0/3200/3200 lits-rem: 0 cl-rem: 0 0-depth-assigns: 0 T: 0.02 T-out: N
c [distill] watch-based irred-- cl tried     2450 cl-sh     0 cl-rem    0 lit-rem      0 T: 0.00 T-out: N
c [distill] watch-based   red-- cl tried     7101 cl-sh   755 cl-rem    0 lit-rem   1793 T: 0.04 T-out: Y
c [impl-str] lit bin: 0 set-var: 0 T: 0.00 T-out: N T-r: 99.97% w-visit: 2622
c [impl-sub] bin: 0 T: 0.00 T-out: N w-visit: 2622
c [sls] 4487 cls, minimum 2 T: 0.00
c rst   stb    W   vs 17357  800K    1270  1225  3200    3.61    2.45   41K     0     0     4   26.71   26.71
c rst   stb    W   vs 17365  814K    1270  1225  3200    3.61    2.45   33K     0     0     4   25.87   25.87
c [distill-long-red0] cls tried: 2/8394 T: 0.01 T-out: Y T-r: -2342.20%
c [full-probe] bin_only: 1 set: 0 repl: 0 T: 0.00 T-out: N T-r: 99.76%
c [distill-bin] useful/checked/potential: 0/3200/3200 lits-rem: 0 cl-rem: 0 0-depth-assigns: 0 T: 0.02 T-out: N
c rst   stb    W   vs 17371  832K    1270  1225  3200    3.61    2.45   51K     0     0     4   24.89   24.89
c [distill-long-red0] cls tried: 2/8984 T: 0.01 T-out: Y T-r: -8938.58%
c [distill] watch-based irred-- cl tried     2450 cl-sh     0 cl-rem    0 lit-rem      0 T: 0.00 T-out: N
c [distill] watch-based   red-- cl tried     6473 cl-sh   581 cl-rem    0 lit-rem   1360 T: 0.04 T-out: Y
c rst   stb    I   vs 17375  837K    1270  1225  3200    3.61    2.45   34K     0     0     4   25.47   25.47
c [full-probe] bin_only: 0 set: 0 repl: 0 T: 0.00 T-out: N T-r: 98.07%
c [distill-bin] useful/checked/potential: 0/3200/3200 lits-rem: 0 cl-rem: 0 0-depth-assigns: 0 T: 0.02 T-out: N
c [distill-long-red0] cls tried: 2/8411 T: 0.01 T-out: Y T-r: -7420.29%
c rst   stb    I   vs 17383  850K    1270  1225  3200    3.61    2.45   48K     0     0     4   25.04   25.04
c rst   stb    I   vs 17386  865K    1270  1225  3200    3.61    2.45   40K     0     0     4   25.91   25.90
c [distill-long-red0] cls tried: 2/7771 T: 0.01 T-out: Y T-r: -7474.62%
c [full-probe] bin_only: 1 set: 0 repl: 0 T: 0.00 T-out: N T-r: 99.75%
c [distill-bin] useful/checked/potential: 0/3200/3200 lits-rem: 0 cl-rem: 0 0-depth-assigns: 0 T: 0.01 T-out: N
c [distill] watch-based irred-- cl tried     2450 cl-sh     0 cl-rem    0 lit-rem      0 T: 0.00 T-out: N
c [distill] watch-based   red-- cl tried     8221 cl-sh   446 cl-rem    0 lit-rem    963 T: 0.04 T-out: Y
c [impl-str] lit bin: 0 set-var: 0 T: 0.00 T-out: N T-r: 99.97% w-visit: 2622
c [impl-sub] bin: 0 T: 0.00 T-out: N w-visit: 2622
c rst   stb    I   vs 17387  881K    1270  1225  3200    3.61    2.45   34K     0     0     4   26.09   26.09
c [distill-long-red0] cls tried: 2/8001 T: 0.01 T-out: Y T-r: -5384.96%
c rst   stb    B   vs 17388  882K    1270  1225  3200    3.61    2.45   35K     0     0     4   26.03   26.03
c [full-probe] bin_only: 0 set: 0 repl: 0 T: 0.00 T-out: N T-r: 98.43%
c [distill-bin] useful/checked/potential: 0/3200/3200 lits-rem: 0 cl-rem: 0 0-depth-assigns: 0 T: 0.02 T-out: N
c [distill] watch-based irred-- cl tried     2450 cl-sh     0 cl-rem    0 lit-rem      0 T: 0.00 T-out: N
c [distill] watch-based   red-- cl tried     6958 cl-sh   328 cl-rem    0 lit-rem    835 T: 0.04 T-out: Y
c rst   stb    B   vs 17397  898K    1270  1225  3200    3.61    2.45   50K     0     0     4   24.96   24.96
c [distill-long-red0] cls tried: 2/8013 T: 0.02 T-out: Y T-r: -7519.73%
c [full-probe] bin_only: 1 set: 0 repl: 0 T: 0.00 T-out: N T-r: 99.80%
c [distill-bin] useful/checked/potential: 0/3200/3200 lits-rem: 0 cl-rem: 0 0-depth-assigns: 0 T: 0.02 T-out: N
c rst   stb    B   vs 17402  914K    1270  1225  3200    3.61    2.45   44K     0     0     4   24.30   24.30
c recursive minimization cost OK: 596K cost/(% lits removed)
c [g 0] 30x185 dens: 0.2110 find: 3659K (prop 64.5% confl 4.2%) elim: 1178K (prop 13.6% confl 0.6%)
c [g 1] 31x1075 dens: 0.0662 find: 1669 (prop 0.0% confl 0.0%) elim: 87 (prop 0.0% confl 0.0%)
c --> Executing strategy token: scc-vrepl
c [scc] new: 0 BP 0M T: 0.00
c --> Executing strategy token: sub-impl
c [impl-sub] bin: 0 T: 0.00 T-out: N w-visit: 2622
c --> Executing strategy token: breakid
c Executing OCC strategy token(s): 'occ-backw-sub-str,occ-clean-implicit,occ-bve,occ-bva,occ-ternary-res,occ-xor'
c [occ] Linked in IRRED BIN by default: 3200
c [occ] Linked in RED   BIN by default: 4
c Executing OCC strategy token: occ-backw-sub-str
c [occ-backw-sub-str-long-w-bins] subs: 0 str: 1609 tried: 19210 0-depth-assigns: 0 T: 0.00 T-out: N T-r: 96.93%
c [occ-backw-sub-long-w-long] rem cl: 496 tried: 45455/45455 (100.0%) T: 0.02 T-out: N T-r: 91.71%
c [occ-backw-sub-str-long-w-long] sub: 142 str: 361 tried: 136365/45455 (300.0%) T: 0.10 T-out: N T-r: 78.68%
c Executing OCC strategy token: occ-clean-implicit
c Executing OCC strategy token: occ-bve
c [occ-empty-res] Empty resolvent elimed: 0 T: 0.00 T-out: N
c [occ-bve] tried:    70 v-elim:     0 free-vars: 1270 T: 0.00 T-out: N T-r: 100.00%
c [occur] link-in T: 0.01 cleanup T: 0.00 overhead T: 0.01
c [occ-xor-bve] elimed: 0 T: 0.00 T-out: N
c Executing OCC strategy token: occ-bva
c Executing OCC strategy token: occ-ternary-res
c [occ-ternary-res] Ternary res-tri: 0 res-bin: 0 sub: 0 str: 0 T: 0.00 T-out: N T-r: 99.91%
c Executing OCC strategy token: occ-xor
c [occ-xor] sort occur list T: 0.00
c [occ-xor] found      0 T: 0.00 T-out: N T-r: 99.99%
c --> Executing strategy token: card-find
c --> Executing strategy token: cl-consolidate
c [mem] not consolidating
c --> Executing strategy token: scc-vrepl
c [scc] new: 0 BP 0M T: 0.00
c --> Executing strategy token: renumber
c --> Executing strategy token: louvain-comms
c [mem] consolidate mini T: 0.00
c [timeout] global_timeout_multiplier: 5.8462
c [branch] rebuilding order heap for all branchings. Current branching: vsids
c [gauss] clauses deleted that are represented by XORs: 0 xorclauses: 62 GJ matrices: 0 T: 0.00
c [matrix] performing matrix init
c [matrix] Good   matrix  0     31 x  185  density:0.4954  xorlen avg: 91.65
c [matrix] Good   matrix  1     31 x 1075  density:0.0487  xorlen avg: 52.32
c [matrix] Using 2 matrices recovered from 62 xors T: 0.00 T-out: N
c [distill-long-red0] cls tried: 2/7285 T: 0.01 T-out: Y T-r: -6166.13%
c [g  <1] Disabling GJ-elim in this round.  Usefulness was: 0.0000%  over 981 calls
c [distill] watch-based irred-- cl tried     2450 cl-sh     0 cl-rem    0 lit-rem      0 T: 0.00 T-out: N
c [distill] watch-based   red-- cl tried     6626 cl-sh     7 cl-rem    0 lit-rem     19 T: 0.04 T-out: Y
c [sls] 4487 cls, minimum 2 T: 0.00
c rst   stb    W   vs 17410  922K    1270  1225  3200    3.61    2.45   52K     0     0     4   24.28   24.28
c [full-probe] bin_only: 0 set: 0 repl: 0 T: 0.00 T-out: N T-r: 98.84%
c [distill-bin] useful/checked/potential: 0/3200/3200 lits-rem: 0 cl-rem: 0 0-depth-assigns: 0 T: 0.01 T-out: N
c [impl-str] lit bin: 0 set-var: 0 T: 0.00 T-out: N T-r: 99.98% w-visit: 2622
c [impl-sub] bin: 0 T: 0.00 T-out: N w-visit: 2622
c [distill-long-red0] cls tried: 2/8669 T: 0.02 T-out: Y T-r: -7476.29%
c rst   stb    W   vs 17418  939K    1270  1225  3200    3.61    2.45   45K     0     0     4   23.81   23.81
c [distill-long-red0] cls tried: 2/9341 T: 0.01 T-out: Y T-r: -8637.07%
c [full-probe] bin_only: 1 set: 0 repl: 0 T: 0.00 T-out: N T-r: 99.78%
c [distill-bin] useful/checked/potential: 0/3200/3200 lits-rem: 0 cl-rem: 0 0-depth-assigns: 0 T: 0.02 T-out: N
c [distill] watch-based irred-- cl tried     2450 cl-sh     0 cl-rem    0 lit-rem      0 T: 0.00 T-out: N
c [distill] watch-based   red-- cl tried     6335 cl-sh   343 cl-rem    0 lit-rem   1035 T: 0.04 T-out: Y
c rst   stb    W   vs 17420  963K    1270  1225  3200    3.61    2.45   46K     0     0     4   22.70   22.70
c [distill-long-red0] cls tried: 2/11260 T: 0.01 T-out: Y T-r: -587.02%
c  res  pol bran  nres  conf freevar  IrrL  IrrB l/longC  l/allC RedL0 RedL1 RedL2  RedB l/longC  l/allC
c rst   stb    O   vs 17421  996K    1270  1225  3200    3.61    2.45   31K     0     0     4   21.13   21.12
c [distill-long-red0] cls tried: 2/7109 T: 0.01 T-out: Y T-r: -3677.38%
c [full-probe] bin_only: 0 set: 0 repl: 0 T: 0.00 T-out: N T-r: 99.09%
c [distill-bin] useful/checked/potential: 0/3200/3200 lits-rem: 0 cl-rem: 0 0-depth-assigns: 0 T: 0.02 T-out: N
c [distill] watch-based irred-- cl tried     2450 cl-sh     0 cl-rem    0 lit-rem      0 T: 0.00 T-out: N
c [distill] watch-based   red-- cl tried    10585 cl-sh   176 cl-rem    0 lit-rem    438 T: 0.04 T-out: Y
c [impl-str] lit bin: 0 set-var: 0 T: 0.00 T-out: N T-r: 99.98% w-visit: 2622
c [impl-sub] bin: 0 T: 0.00 T-out: N w-visit: 2622
c rst   stb    B   vs 17428 1008K    1270  1225  3200    3.61    2.45   43K     0     0     4   21.85   21.84
c [distill-long-red0] cls tried: 2/7257 T: 0.01 T-out: Y T-r: -4292.29%
c [full-probe] bin_only: 1 set: 0 repl: 0 T: 0.00 T-out: N T-r: 99.72%
c [distill-bin] useful/checked/potential: 0/3200/3200 lits-rem: 0 cl-rem: 0 0-depth-assigns: 0 T: 0.02 T-out: N
c rst   foc    B   vs 17436 1023K    1270  1225  3200    3.61    2.45   35K     0     0     4   24.03   24.02
c [branch] adjusting to: vmtf (from: vsids) var_decay:0.95
c [distill] watch-based irred-- cl tried     2450 cl-sh     0 cl-rem    0 lit-rem      0 T: 0.00 T-out: N
c [distill] watch-based   red-- cl tried     9166 cl-sh   230 cl-rem    0 lit-rem    498 T: 0.05 T-out: Y
c rst   foc    B  vmt 17437 1023K    1270  1225  3200    3.61    2.45   35K     0     0     4   24.01   24.01
c [distill-long-red0] cls tried: 2/8221 T: 0.01 T-out: Y T-r: -700.38%
c rst   foc    B  vmt 18385 1039K    1270  1225  3200    3.61    2.45   51K     0     0     5   26.28   26.27
c [full-probe] bin_only: 0 set: 0 repl: 0 T: 0.00 T-out: N T-r: 98.37%
c [distill-bin] useful/checked/potential: 0/3200/3200 lits-rem: 0 cl-rem: 0 0-depth-assigns: 0 T: 0.02 T-out: N
c [distill-long-red0] cls tried: 2/8850 T: 0.01 T-out: Y T-r: -1049.13%
c rst   foc    F  vmt 19456 1046K    1270  1225  3200    3.61    2.45   31K     0     0     5   30.54   30.54
c [distill] watch-based irred-- cl tried     2450 cl-sh     0 cl-rem    0 lit-rem      0 T: 0.00 T-out: N
c [distill] watch-based   red-- cl tried     9623 cl-sh   897 cl-rem    0 lit-rem   2824 T: 0.05 T-out: Y
c [impl-str] lit bin: 0 set-var: 0 T: 0.00 T-out: N T-r: 99.97% w-visit: 2622
c [impl-sub] bin: 0 T: 0.00 T-out: N w-visit: 2622
c [distill-long-red0] cls tried: 2/10691 T: 0.01 T-out: Y T-r: -512.81%
c [full-probe] bin_only: 1 set: 0 repl: 0 T: 0.00 T-out: N T-r: 99.76%
c [distill-bin] useful/checked/potential: 0/3200/3200 lits-rem: 0 cl-rem: 0 0-depth-assigns: 0 T: 0.03 T-out: N
c rst   foc    F  vmt 23822 1063K    1270  1225  3200    3.61    2.45   45K     0     0     5   46.99   46.99
c [distill-long-red0] cls tried: 2/7240 T: 0.01 T-out: Y T-r: -1951.13%
c [distill] watch-based irred-- cl tried     2450 cl-sh     0 cl-rem    0 lit-rem      0 T: 0.00 T-out: N
c [distill] watch-based   red-- cl tried    11914 cl-sh   182 cl-rem    0 lit-rem    418 T: 0.04 T-out: Y
c rst   foc    F  vmt 25243 1086K    1270  1225  3200    3.61    2.45   47K     0     0     5   41.29   41.29
c [full-probe] bin_only: 0 set: 0 repl: 0 T: 0.01 T-out: N T-r: 97.85%
c [distill-bin] useful/checked/potential: 0/3200/3200 lits-rem: 0 cl-rem: 0 0-depth-assigns: 0 T: 0.02 T-out: N
c [distill-long-red0] cls tried: 2/7442 T: 0.01 T-out: Y T-r: -4346.71%
c rst   foc    B  vmt 25444 1091K    1270  1225  3200    3.61    2.45   53K     0     0     5   39.05   39.04
c [distill] watch-based irred-- cl tried     2450 cl-sh     0 cl-rem    0 lit-rem      0 T: 0.00 T-out: N
c [distill] watch-based   red-- cl tried     7800 cl-sh   864 cl-rem    0 lit-rem   2249 T: 0.05 T-out: Y
c [distill-long-red0] cls tried: 2/14865 T: 0.03 T-out: Y T-r: -2407.76%
c [full-probe] bin_only: 1 set: 0 repl: 0 T: 0.00 T-out: N T-r: 99.74%
c [distill-bin] useful/checked/potential: 0/3200/3200 lits-rem: 0 cl-rem: 0 0-depth-assigns: 0 T: 0.01 T-out: N
c rst   foc    B  vmt 25824 1110K    1270  1225  3200    3.61    2.45   41K     0     0     5   23.09   23.09
c [distill-long-red0] cls tried: 2/8167 T: 0.01 T-out: Y T-r: -1685.18%
c [impl-str] lit bin: 0 set-var: 0 T: 0.00 T-out: N T-r: 99.98% w-visit: 2622
c [impl-sub] bin: 0 T: 0.00 T-out: N w-visit: 2622
c [distill] watch-based irred-- cl tried     2450 cl-sh     0 cl-rem    0 lit-rem      0 T: 0.00 T-out: N
c [distill] watch-based   red-- cl tried     9565 cl-sh   302 cl-rem    0 lit-rem    843 T: 0.04 T-out: Y
c rst   foc    B  vmt 26367 1143K    1270  1225  3200    3.61    2.45   51K     0     0     5   21.15   21.15
c [distill-long-red0] cls tried: 2/8867 T: 0.01 T-out: Y T-r: -6175.51%
c [full-probe] bin_only: 0 set: 0 repl: 0 T: 0.01 T-out: N T-r: 97.12%
c [distill-bin] useful/checked/potential: 0/3200/3200 lits-rem: 0 cl-rem: 0 0-depth-assigns: 0 T: 0.02 T-out: N
c [sls] 4487 cls, minimum 2 T: 0.00
c rst   foc    W  vmt 26368 1153K    1270  1225  3200    3.61    2.45   38K     0     0     5   20.98   20.98
c ------- FINAL TOTAL SEARCH STATS ---------
c UIP search time          : 33.62       (95.28     % time)
c All times are for this thread only except if explicitly specified
c restarts                 : 26368       (43.75     confls per restart)
c time                     : 33.62       
c decisions                : 1694187     (0.00      % random)
c propagations             : 139M        (4164K     props/s)
c decisions/conflicts      : 1.47        
c conflicts                : 1153688     
c LEARNT stats
c units learnt             : 0           (0.00      % of conflicts)
c bins learnt              : 5           (0.00      % of conflicts)
c long learnt              : 1154044     (100.03    % of conflicts)
c SEAMLESS HYPERBIN&TRANS-RED stats
c advProp called           : 0           
c hyper-bin add bin        : 0           (0.00      bin/call)
c trans-red rem irred bin  : 0           (0.00      bin/call)
c trans-red rem red bin    : 0           (0.00      bin/call)
c CONFL LITS stats
c orig                     : 125663382   (108.92    lit/confl)
c recurs-min effective     : 1119940     (97.07     % attempt successful)
c recurs-min lits          : 79460623    (63.23     % less overall)
c shrink effective         : 430342      (37.30     % attempt successful)
c shrink lits              : 14935589    (11.89     % less overall)
c otfs str/driving         : 620         (287       strengthened/driving)
c permDiff call%           : 0.00        (0.00      % attempt successful)
c permDiff lits-rem        : 0           (0.00      less lits/cl on attempts)
c further-min call%        : 0.06        (43.86     % attempt successful)
c bintri-min lits          : 2217        (0.00      % less overall)
c final avg                : 27.10       
c all-threads sum CPU time : 33.62        s
c PROP stats
c Mbogo-props              : 675.08      (20.08     / sec)
c MHyper-props             : 0.00        (0.00      / sec)
c Mprops                   : 140.00      (4.16      / sec)
c -------- OccSimplifier STATS ----------
c time                     : 0.88        (0.00      % var-elim)
c called                   : 8           (0.11      s per call)
c 0-depth assigns          : 0           (0.00      % vars)
c -------- OccSimplifier STATS END ----------
c -------- SubsumeStrengthen STATS ----------
c cl-subs                  : 15585        Clauses
c cl-str rem lit           : 41735        Lits
c cl-sub T                 : 0.14         s
c cl-str T                 : 0.65         s
c -------- SubsumeStrengthen STATS END ----------
c ----- SCC STATS --------
c time                     : 0.00        (0.00      per call)
c called                   : 13          (0.00      new found per call)
c found                    : 0           (0.00      % of all found)
c bogoprops                : 207843      % of all found
c ----- SCC STATS END --------
c --------- VAR REPLACE STATS ----------
c time                     : 0.00        (0.00      per call)
c trees' crown             : 0           (0.00      % of vars)
c 0-depth assigns          : 0           (0.00      % vars)
c lits replaced            : 0           
c bin cls removed          : 0           
c long cls removed         : 0           
c long lits removed        : 0           
c bogoprops                : 0           
c --------- VAR REPLACE STATS END ----------
c vrep replace time        : 0.00        (0.00      % time)
c vrep tree roots          : 0           
c vrep trees' crown        : 0           (0.00      leafs/tree)
c -------- DISTILL-BIN STATS --------
c time                     : 0.76        (0.02      per call)
c timed out                : 0           (0.00      % of calls)
c distill/checked/potential: 0          /144105/144105
c lits-rem                 : 0           
c 0-depth-assigns          : 0           (0.00      % of vars)
c -------- DISTILL STATS END --------
c -------- STRENGTHEN STATS --------
c --> watch-based on irred cls
c time                     : 0.03        (0.00      s/call)
c shrinked/tried/total     : 0          /88200/88200
c subsumed/tried/total     : 0          /88200/88200
c lits-rem                 : 0           (0.00      % of lits tried)
c called                   : 72          (0.00      % ran out of time)
c --> watch-based on red cls
c time                     : 1.24        (0.02      s/call)
c shrinked/tried/total     : 26455      /272295/2116668
c subsumed/tried/total     : 0          /272295/2116668
c lits-rem                 : 85498       (1.04      % of lits tried)
c called                   : 72          (1293783.33 % ran out of time)
c -------- STRENGTHEN STATS END --------
c -------- IMPLICIT SUB  STATS --------
c time                     : 0.00        (0.00      per call)
c timed out                : 0           (0.00      % of calls)
c rem bins                 : 0           
c -------- IMPLICIT SUB STATS END --------
c Mem used                 : 0           MB
c Mem for longclauses      : 5           MB (0.00      %)
c [mem] watch alloc        : 16          MB (0.00      %)
c [mem] watch array        : 0           MB (0.00      %)
c Mem for assings&vardata  : 0           MB (0.00      %)
c Mem for search&solve     : 0           MB (0.00      %)
c Mem for renumberer       : 0           MB (0.00      %)
c Mem for occsimplifier    : 0           MB (0.00      %)
c Mem for varReplacer&SCC  : 0           MB (0.00      %)
c Mem for impl subsume     : 0           MB (0.00      %)
c Mem for 3 distills       : 0           MB (0.00      %)
c Accounted for mem (rss)  : 0.00        %
c Accounted for mem (vm)   : 0.00        %
c restarts                 : 26368       (43.75     confls per restart)
c time                     : 33.62       
c decisions                : 1694187     (0.00      % random)
c propagations             : 139M        (4164K     props/s)
c decisions/conflicts      : 1.47        
c conflicts                : 1153688     
c conf lits non-minim      : 125663382   (108.92    lit/confl)
c conf lits final          : 27.10       
c props/decision           : 0.00        
c props/conflict           : 0.00        
c 0-depth assigns          : 41          (3.13      % vars)
c 0-depth assigns by CNF   : 0           (0.00      % vars)
c reduceDB time            : 0.17        (0.48      % time)
c OccSimplifier time       : 0.88        (2.50      % time)
c [occur] link-in T: 0.06 cleanup T: 0.02 overhead T: 0.08
c [occ-substr] long subBySub: 13427 subByStr: 2158 lits-rem-str: 41735 T: 0.79
c SCC time                 : 0.00        (0.00      % time)
c [scc] new: 0 BP 0M T: 0.00
c vrep replace time        : 0.00        (0.00      % time)
c vrep tree roots          : 0           
c vrep trees' crown        : 0           (0.00      leafs/tree)
c distill long time        : 0.54        (1.54      % time)
c distill bin time         : 0.76        (2.16      % time)
c strength cache-irred time: 0.03        (0.08      % time)
c strength cache-red time  : 1.24        (3.53      % time)
c avg cls in red 0         : 30359.16    
c avg cls in red 1         : 0.00        
c avg cls in red 2         : 0.00        
c Conflicts in UIP         : 1153688     (32700.45  confl/time_this_thread)
c Mem used                 : 0.00        MB
c Total time (this thread) : 35.28       
s SATISFIABLE
v -1 -2 -3 4 5 6 7 8 -9 -10 -11 -12 13 14 15 -16 17 -18 -19 20 -21 22 -23 -24 25 
v -26 -27 28 -29 30 31 -32 -33 34 35 -36 -37 -38 -39 40 -41 42 -43 44 -45 -46 
v -47 -48 -49 -50 -51 -52 -53 -54 -55 -56 -57 -58 -59 -60 -61 -62 -63 -64 -65 
v -66 -67 -68 -69 -70 -71 -72 -73 -74 -75 -76 -77 -78 -79 -80 -81 -82 -83 -84 
v -85 -86 -87 -88 -89 -90 -91 -92 -93 -94 -95 -96 -97 -98 -99 -100 -101 -102 
v -103 -104 -105 -106 -107 -108 -109 -110 -111 -112 -113 -114 -115 -116 -117 
v -118 -119 -120 -121 -122 -123 -124 -125 -126 -127 -128 -129 -130 -131 -132 
v -133 -134 -135 -136 -137 -138 -139 -140 -141 -142 -143 -144 -145 -146 -147 
v -148 -149 -150 -151 -152 -153 -154 -155 -156 -157 -158 -159 -160 -161 -162 
v -163 -164 -165 -166 -167 -168 -169 -170 -171 -172 -173 -174 -175 -176 -177 
v -178 -179 -180 -181 -182 -183 -184 -185 -186 -187 -188 -189 -190 -191 -192 
v -193 -194 -195 -196 -197 -198 -199 -200 -201 -202 -203 -204 -205 -206 -207 
v -208 -209 -210 -211 -212 -213 -214 -215 -216 -217 -218 -219 -220 -221 -222 
v -223 -224 -225 -226 -227 -228 -229 -230 -231 -232 -233 -234 -235 -236 -237 
v -238 -239 -240 -241 -242 -243 -244 -245 -246 -247 -248 -249 -250 -251 -252 
v -253 -254 -255 -256 -257 -258 -259 -260 -261 -262 -263 -264 -265 -266 -267 
v -268 -269 -270 -271 -272 -273 -274 -275 -276 -277 -278 -279 -280 -281 -282 
v -283 -284 -285 -286 -287 -288 -289 -290 -291 -292 -293 -294 -295 -296 -297 
v -298 -299 -300 -301 -302 -303 -304 -305 -306 -307 -308 -309 -310 -311 -312 
v -313 -314 -315 -316 -317 -318 -319 -320 -321 -322 -323 -324 -325 -326 -327 
v -328 -329 -330 -331 -332 -333 -334 -335 -336 -337 -338 -339 -340 -341 -342 
v -343 -344 -345 -346 -347 -348 -349 -350 -351 -352 -353 -354 -355 -356 -357 
v -358 -359 -360 -361 -362 -363 -364 -365 -366 -367 -368 -369 -370 -371 -372 
v -373 -374 -375 -376 -377 -378 -379 -380 -381 -382 -383 -384 -385 -386 -387 
v -388 -389 -390 -391 -392 -393 -394 -395 -396 -397 -398 -399 -400 -401 -402 
v -403 -404 -405 -406 -407 -408 -409 -410 -411 -412 -413 -414 -415 -416 -417 
v -418 -419 -420 -421 -422 -423 -424 -425 -426 -427 -428 -429 -430 -431 -432 
v -433 -434 -435 -436 -437 -438 -439 -440 -441 -442 -443 -444 -445 -446 -447 
v -448 -449 -450 -451 -452 -453 -454 -455 -456 -457 -458 -459 -460 -461 -462 
v -463 -464 -465 -466 -467 -468 -469 -470 -471 -472 -473 -474 -475 -476 -477 
v -478 -479 -480 -481 -482 -483 -484 -485 -486 -487 -488 -489 -490 -491 -492 
v -493 -494 -495 -496 -497 -498 -499 -500 -501 -502 -503 -504 -505 -506 -507 
v -508 -509 -510 -511 -512 -513 -514 -515 -516 -517 -518 -519 -520 -521 -522 
v -523 -524 -525 -526 -527 -528 -529 -530 -531 -532 -533 -534 -535 -536 -537 
v -538 -539 -540 -541 -542 -543 -544 -545 -546 -547 -548 -549 -550 -551 -552 
v -553 -554 -555 -556 -557 -558 -559 -560 -561 -562 -563 -564 -565 -566 -567 
v -568 -569 -570 -571 -572 -573 -574 -575 -576 -577 -578 -579 -580 -581 -582 
v -583 -584 -585 -586 -587 -588 -589 -590 -591 -592 -593 -594 -595 -596 -597 
v -598 -599 -600 -601 -602 -603 -604 -605 -606 -607 -608 -609 -610 -611 -612 
v -613 -614 -615 -616 -617 -618 -619 620 -621 622 -623 -624 625 -626 627 -628 
v -629 630 -631 -632 633 -634 635 636 -637 -638 639 640 -641 -642 -643 -644 645 
v -646 647 -648 649 -650 -651 652 -653 654 -655 -656 657 -658 659 -660 -661 662 
v -663 -664 665 -666 667 668 -669 -670 671 672 -673 -674 -675 -676 677 -678 679 
v -680 681 -682 -683 684 -685 686 -687 -688 689 -690 691 -692 -693 694 -695 
v -696 697 -698 699 700 -701 -702 703 704 -705 -706 -707 -708 709 -710 711 -712 
v 713 -714 -715 -716 -717 -718 -719 -720 -721 -722 -723 -724 -725 -726 -727 
v -728 -729 -730 -731 -732 -733 -734 -735 -736 -737 -738 -739 -740 -741 -742 
v -743 -744 -745 -746 -747 -748 -749 -750 -751 -752 -753 -754 -755 -756 -757 
v -758 -759 -760 -761 -762 -763 -764 -765 -766 -767 -768 -769 -770 -771 -772 
v -773 -774 -775 -776 -777 -778 -779 -780 781 -782 -783 784 -785 786 -787 -788 
v 789 -790 -791 792 -793 794 795 -796 -797 798 799 -800 -801 -802 -803 804 -805 
v 806 -807 808 -809 -810 811 -812 813 -814 -815 816 -817 818 -819 -820 821 -822 
v -823 824 -825 826 827 -828 -829 830 831 -832 -833 -834 -835 836 -837 838 -839 
v 840 -841 -842 843 -844 845 -846 -847 848 -849 850 -851 -852 853 -854 -855 856 
v -857 858 859 -860 -861 862 863 -864 -865 -866 -867 868 -869 870 -871 872 -873 
v -874 875 -876 877 -878 -879 880 -881 882 -883 -884 885 -886 -887 888 -889 890 
v 891 -892 -893 894 895 -896 -897 -898 -899 900 -901 902 -903 904 -905 -906 
v -907 -908 -909 -910 -911 -912 -913 -914 -915 -916 -917 -918 -919 -920 -921 
v -922 -923 -924 -925 -926 -927 -928 -929 -930 -931 -932 -933 -934 -935 -936 
v -937 -938 -939 -940 -941 -942 -943 -944 -945 -946 -947 -948 -949 -950 -951 
v -952 -953 -954 -955 -956 -957 -958 -959 -960 -961 -962 -963 -964 -965 -966 
v -967 -968 -969 -970 -971 972 -973 -974 975 -976 977 -978 -979 980 -981 -982 
v 983 -984 985 986 -987 -988 989 990 -991 -992 -993 -994 995 -996 997 -998 999 
v -1000 -1001 -1002 1003 -1004 -1005 1006 -1007 1008 -1009 -1010 1011 -1012 
v -1013 1014 -1015 1016 1017 -1018 -1019 1020 1021 -1022 -1023 -1024 -1025 1026 
v -1027 1028 -1029 1030 -1031 -1032 -1033 1034 -1035 -1036 1037 -1038 1039 
v -1040 -1041 1042 -1043 -1044 1045 -1046 1047 1048 -1049 -1050 1051 1052 -1053 
v -1054 -1055 -1056 1057 -1058 1059 -1060 1061 -1062 -1063 -1064 1065 -1066 
v -1067 1068 -1069 1070 -1071 -1072 1073 -1074 -1075 1076 -1077 1078 1079 -1080 
v -1081 1082 1083 -1084 -1085 -1086 -1087 1088 -1089 1090 -1091 1092 -1093 
v -1094 -1095 -1096 -1097 -1098 -1099 -1100 -1101 -1102 -1103 -1104 -1105 -1106 
v -1107 -1108 -1109 -1110 -1111 -1112 -1113 -1114 -1115 -1116 -1117 -1118 -1119 
v -1120 -1121 -1122 -1123 -1124 -1125 -1126 -1127 -1128 -1129 -1130 -1131 -1132 
v -1133 -1134 -1135 -1136 -1137 -1138 -1139 -1140 -1141 -1142 -1143 -1144 -1145 
v -1146 -1147 -1148 -1149 -1150 -1151 -1152 -1153 -1154 -1155 -1156 -1157 -1158 
v -1159 -1160 -1161 -1162 -1163 -1164 -1165 -1166 -1167 -1168 -1169 -1170 -1171 
v -1172 -1173 -1174 -1175 -1176 -1177 -1178 -1179 -1180 -1181 -1182 -1183 -1184 
v -1185 -1186 -1187 -1188 -1189 -1190 -1191 -1192 -1193 -1194 -1195 -1196 -1197 
v -1198 -1199 -1200 -1201 -1202 -1203 -1204 -1205 -1206 -1207 -1208 -1209 -1210 
v -1211 -1212 -1213 -1214 -1215 -1216 -1217 -1218 -1219 1220 -1221 -1222 1223 
v -1224 1225 -1226 -1227 1228 -1229 -1230 1231 -1232 1233 1234 -1235 -1236 1237 
v 1238 -1239 -1240 -1241 -1242 1243 -1244 1245 -1246 1247 -1248 -1249 -1250 
v 1251 -1252 -1253 1254 -1255 1256 -1257 -1258 1259 -1260 -1261 1262 -1263 1264 
v 1265 -1266 -1267 1268 1269 -1270 -1271 -1272 -1273 1274 -1275 1276 -1277 1278 
v -1279 -1280 -1281 1282 -1283 -1284 1285 -1286 1287 -1288 -1289 1290 -1291 
v -1292 1293 -1294 1295 1296 -1297 -1298 1299 1300 -1301 -1302 -1303 -1304 1305 
v -1306 1307 -1308 1309 -1310 -1311 0
c [g 0] 30x185 dens: 0.2359 find: 2561K (prop 62.6% confl 4.1%) elim: 842K (prop 11.4% confl 0.5%)
c [g 1] 31x1075 dens: 0.0743 find: 602 (prop 0.0% confl 0.0%) elim: 19 (prop 0.0% confl 0.0%)
