{
  "backend": "direct-mitm",
  "exhaustive": true,
  "factor_points": 63,
  "group_additions": 2030,
  "interpretation": "SAT is accepted only after the factor-point sum equals the exact manifest target",
  "pair_entries": 1799,
  "regenerated_source_exact": true,
  "schema": "koblitz_pdp_isolated_backend.v1",
  "source_artifacts": {
    "cryptominisat_xor_dimacs": {
      "blake3": "815f1e994548f108c80df5f469b131b923a48e6b4b6bdac5f09cfd29e55dc128",
      "bytes": 71811,
      "path": "instance.xor.cnf",
      "valid": true
    },
    "magma_boolean_f4": {
      "blake3": "0afe94abffd2714475dc4b4bc0c35fa134191c312a50170859f1dafd7050e4bd",
      "bytes": 65698,
      "path": "instance.magma",
      "valid": true
    },
    "wdsat_anf": {
      "blake3": "b6b27a0ee8b6d8e25e0d6978f517286e2d381cc6269952bf35ae8f4008b1f821",
      "bytes": 39018,
      "path": "instance.anf",
      "valid": true
    }
  },
  "source_instance_id": "10fa9dcec78bd509a23f34d83339d8aee514799ba3b67d29f36ecb186f20c984",
  "source_instance_verified": true,
  "source_witness_valid": true,
  "status": "sat",
  "timing_ns": {
    "factor_base_materialisation": 1009542,
    "search": 23631292,
    "source_verification": 3048667
  },
  "witness_indices": [
    47,
    55,
    13
  ]
}
